 d

 Timestamp is 69c3f896 (Wed Mar 25 18:00:38 2026)

 Preferred load address is 0000000140000000

 Start         Length     Name                   Class
 0001:00000000 00011abbH .text                   CODE
 0002:00000000 00004d08H .rdata                  DATA
 0003:00000000 000000e4H .data                   DATA
 0003:000000e4 000d8496H .bss                    DATA
 0004:00000000 00000222H .data                   DATA

  Address         Publics by Value              Rva+Base               Lib:Object

 0001:00000000       dllPauseWorker             0000000140001000     dbg_.-dll-await_worker.o
 0001:000000c0       dllCallObject              00000001400010c0     dbg_.-dll-call_object.o
 0001:00000190       dllStartNewLocalWorker     0000000140001190     dbg_.-dll-call_object.o
 0001:000002d0       dllExecuteWorker           00000001400012d0     dbg_.-dll-execute_worker.o
 0001:00001020       gpuPauseWorker             0000000140002020     dbg_.-gpu-await_worker.o
 0001:000010e0       gpuCallObject              00000001400020e0     dbg_.-gpu-call_object.o
 0001:000011b0       gpuStartNewLocalWorker     00000001400021b0     dbg_.-gpu-call_object.o
 0001:000012f0       gpuExecuteWorker           00000001400022f0     dbg_.-gpu-execute_worker.o
 0001:000017e0       gpuNewObjectUsingPage      00000001400027e0     dbg_.-gpu-new_object.o
 0001:00001910       gpuNewObject               0000000140002910     dbg_.-gpu-new_object.o
 0001:00001960       gpuPushObject              0000000140002960     dbg_.-gpu-push_object.o
 0001:000019a0       gpuPushPipe                00000001400029a0     dbg_.-gpu-push_object.o
 0001:000019e0       gpuQueryObject             00000001400029e0     dbg_.-gpu-query_object.o
 0001:00001a20       gpuQueryPipe               0000000140002a20     dbg_.-gpu-query_object.o
 0001:00001a60       locNewObjectUsingPage      0000000140002a60     dbg_.-loc-new_object.o
 0001:00001f60       locNewObject               0000000140002f60     dbg_.-loc-new_object.o
 0001:00001fb0       locUpdateLocalPush         0000000140002fb0     dbg_.-loc-push_object.o
 0001:000020a0       locQueryLocalObject        00000001400030a0     dbg_.-loc-query_object.o
 0001:00002200       x64PauseWorker             0000000140003200     dbg_.-x64-await_worker.o
 0001:000022e0       x64CallObject              00000001400032e0     dbg_.-x64-call_object.o
 0001:000023b0       x64StartNewLocalWorker     00000001400033b0     dbg_.-x64-call_object.o
 0001:000024f0       x64ExecuteWorker           00000001400034f0     dbg_.-x64-execute_worker.o
 0001:00002540       x64TryStallWorker          0000000140003540     dbg_.-x64-execute_worker.o
 0001:00002810       x64NewObjectUsingPage      0000000140003810     dbg_.-x64-new_object.o
 0001:00002d80       x64NewObjectStates         0000000140003d80     dbg_.-x64-new_object.o
 0001:00002e40       x64NewObject               0000000140003e40     dbg_.-x64-new_object.o
 0001:00002f30       x64UpdateLocalPush         0000000140003f30     dbg_.-x64-push_object.o
 0001:00003020       x64OnPushObject            0000000140004020     dbg_.-x64-push_object.o
 0001:000030e0       x64PushObjectStates        00000001400040e0     dbg_.-x64-push_object.o
 0001:00003240       x64PushObject              0000000140004240     dbg_.-x64-push_object.o
 0001:000034c0       x64PushPipe                00000001400044c0     dbg_.-x64-push_object.o
 0001:00003500       x64QueryLocalObject        0000000140004500     dbg_.-x64-query_object.o
 0001:00003660       x64OnQueryObject           0000000140004660     dbg_.-x64-query_object.o
 0001:00003770       x64QueryObjectStates       0000000140004770     dbg_.-x64-query_object.o
 0001:000038c0       x64QueryObject             00000001400048c0     dbg_.-x64-query_object.o
 0001:00003ad0       x64QueryPipe               0000000140004ad0     dbg_.-x64-query_object.o
 0001:00003b10       x64SleepStates             0000000140004b10     dbg_.-x64-sleep.o
 0001:00003ba0       x64Sleep                   0000000140004ba0     dbg_.-x64-sleep.o
 0001:00003c50       equal_bytes                0000000140004c50     dbg_.-api.o
 0001:00003d50       GetHashtableNoLock         0000000140004d50     dbg_.-api.o
 0001:00003f20       SetHashtableNoLock         0000000140004f20     dbg_.-api.o
 0001:00004220       GetHashtable               0000000140005220     dbg_.-api.o
 0001:00004280       SetHashtable               0000000140005280     dbg_.-api.o
 0001:000042d0       InitInternalStructures     00000001400052d0     dbg_.-api.o
 0001:00004610       castOnQueryObject          0000000140005610     dbg_.-cast_provider.o
 0001:000047d0       anyCastStates              00000001400057d0     dbg_.-cast_provider.o
 0001:000058b0       anyCastProvider            00000001400068b0     dbg_.-cast_provider.o
 0001:00005aa0       init_gpu_subsystem         0000000140006aa0     dbg_.-gpu_subsystem.o
 0001:00007550       gpuBuildFromText           0000000140008550     dbg_.-gpu_subsystem.o
 0001:000078a0       gpuAlloc                   00000001400088a0     dbg_.-gpu_subsystem.o
 0001:000078e0       gpuRun                     00000001400088e0     dbg_.-gpu_subsystem.o
 0001:00007990       gpuFinishQueuesOnPlatform  0000000140008990     dbg_.-gpu_subsystem.o
 0001:00007a10       gpuFinishQueue             0000000140008a10     dbg_.-gpu_subsystem.o
 0001:00007a50       StartInitialProcess        0000000140008a50     dbg_.-hive_entry.o
 0001:00007c70       is_less                    0000000140008c70     dbg_.-queue.o
 0001:00007ca0       push_up                    0000000140008ca0     dbg_.-queue.o
 0001:00007df0       push_down                  0000000140008df0     dbg_.-queue.o
 0001:00007fc0       queue_init                 0000000140008fc0     dbg_.-queue.o
 0001:00008090       queue_enqueue              0000000140009090     dbg_.-queue.o
 0001:000081a0       queue_extract              00000001400091a0     dbg_.-queue.o
 0001:00008380       b_send                     0000000140009380     dbg_.-remote.o
 0001:000084a0       b_flush                    00000001400094a0     dbg_.-remote.o
 0001:000084f0       GetConnectionById          00000001400094f0     dbg_.-remote.o
 0001:00008580       DumpConnections            0000000140009580     dbg_.-remote.o
 0001:000088e0       ConfirmPage                00000001400098e0     dbg_.-remote.o
 0001:00008980       ConfirmID                  0000000140009980     dbg_.-remote.o
 0001:000089d0       HandleNewConnection        00000001400099d0     dbg_.-remote.o
 0001:00008c60       UpdateWaitingPush          0000000140009c60     dbg_.-remote.o
 0001:00008ea0       AnswerPushObject           0000000140009ea0     dbg_.-remote.o
 0001:00008f80       SendPageAllocationConfirm  0000000140009f80     dbg_.-remote.o
 0001:00009020       SendIDConfirm              000000014000a020     dbg_.-remote.o
 0001:000090c0       RedirectBroadcastQuery     000000014000a0c0     dbg_.-remote.o
 0001:00009250       RedirectBroadcastIDQuery   000000014000a250     dbg_.-remote.o
 0001:000093e0       ConfirmConnection          000000014000a3e0     dbg_.-remote.o
 0001:00009690       InitiateConnection         000000014000a690     dbg_.-remote.o
 0001:00009b30       RequestMemoryPage          000000014000ab30     dbg_.-remote.o
 0001:00009c50       RequestServerId            000000014000ac50     dbg_.-remote.o
 0001:00009d60       AnswerQueryObject          000000014000ad60     dbg_.-remote.o
 0001:00009ea0       AnswerRequestObjectPath    000000014000aea0     dbg_.-remote.o
 0001:00009fe0       RequestObjectPathBroadcast 000000014000afe0     dbg_.-remote.o
 0001:0000a200       AnswerRequestPathToID      000000014000b200     dbg_.-remote.o
 0001:0000a340       RequestPathToIDBroadcast   000000014000b340     dbg_.-remote.o
 0001:0000a560       RequestObjectGet           000000014000b560     dbg_.-remote.o
 0001:0000a690       RequestObjectSet           000000014000b690     dbg_.-remote.o
 0001:0000a8a0       StartNewWorkerRemote       000000014000b8a0     dbg_.-remote.o
 0001:0000a9e0       SendHiveState              000000014000b9e0     dbg_.-remote.o
 0001:0000ab80       start_remote_subsystem     000000014000bb80     dbg_.-remote.o
 0001:0000d740       gai_strerrorW              000000014000e740     dbg_.-remote.o
 0001:0000d790       memset                     000000014000e790     dbg_.-runtime_lib.o
 0001:0000d7f0       memcpy                     000000014000e7f0     dbg_.-runtime_lib.o
 0001:0000d860       myMalloc                   000000014000e860     dbg_.-runtime_lib.o
 0001:0000d8b0       myPrintf                   000000014000e8b0     dbg_.-runtime_lib.o
 0001:0000de20       myRealloc                  000000014000ee20     dbg_.-runtime_lib.o
 0001:0000de80       myFree                     000000014000ee80     dbg_.-runtime_lib.o
 0001:0000dec0       myAtoll                    000000014000eec0     dbg_.-runtime_lib.o
 0001:0000e000       get_char                   000000014000f000     dbg_.-runtime_lib.o
 0001:0000e0e0       myScanI64                  000000014000f0e0     dbg_.-runtime_lib.o
 0001:0000e170       myScanS                    000000014000f170     dbg_.-runtime_lib.o
 0001:0000e270       PrintI64                   000000014000f270     dbg_.-runtime_lib.o
 0001:0000e340       PrintI64H                  000000014000f340     dbg_.-runtime_lib.o
 0001:0000e3e0       Print2H                    000000014000f3e0     dbg_.-runtime_lib.o
 0001:0000e480       assertion_failure          000000014000f480     dbg_.-runtime_lib.o
 0001:0000e4d0       myAbs                      000000014000f4d0     dbg_.-runtime_lib.o
 0001:0000e500       MicrosecondsToTicks        000000014000f500     dbg_.-runtime_lib.o
 0001:0000e520       TicksToMicroseconds        000000014000f520     dbg_.-runtime_lib.o
 0001:0000e540       GetTicks                   000000014000f540     dbg_.-runtime_lib.o
 0001:0000e560       SheduleTimeoutFromNow      000000014000f560     dbg_.-runtime_lib.o
 0001:0000e5a0       init_lib                   000000014000f5a0     dbg_.-runtime_lib.o
 0001:0000e5f0       RegisterObjectWithId       000000014000f5f0     dbg_.-runtime.o
 0001:0000e620       GetNewObjectId             000000014000f620     dbg_.-runtime.o
 0001:0000e710       universalPauseWorker       000000014000f710     dbg_.-runtime.o
 0001:0000e7b0       universalUpdateLocalPush   000000014000f7b0     dbg_.-runtime.o
 0001:0000e810       UpdateFromQueryResult      000000014000f810     dbg_.-runtime.o
 0001:0000e890       PrintObject                000000014000f890     dbg_.-runtime.o
 0001:0000ea90       WaitListWorker             000000014000fa90     dbg_.-runtime.o
 0001:0000eb00       EnqueueWorkerFromWaitList  000000014000fb00     dbg_.-runtime.o
 0001:0000ebc0       UpdateWaitingWorkers       000000014000fbc0     dbg_.-runtime.o
 0001:0000ed80       StartNewWorker             000000014000fd80     dbg_.-runtime.o
 0001:0000f080       LoadWorker                 0000000140010080     dbg_.-runtime.o
 0001:00010310       entry                      0000000140011310     dbg_.-runtime.o
 0001:00010aa0       SheduleWorker              0000000140011aa0     dbg_.-sheduler.o
 0001:00010c10       ShedulerInstance           0000000140011c10     dbg_.-sheduler.o
 0001:00010d00       TryStallSheduler           0000000140011d00     dbg_.-sheduler.o
 0001:00010dd0       MasterSheduler             0000000140011dd0     dbg_.-sheduler.o
 0001:00011270       ShedulerStart              0000000140012270     dbg_.-sheduler.o
 0001:0001148c       x64_fastPushObject         000000014001248c     asm_dbg.o
 0001:000114f5       x64_fastQueryObject        00000001400124f5     asm_dbg.o
 0001:0001155e       x64_fastNewObject          000000014001255e     asm_dbg.o
 0001:000115c7       x64_fastCallObject         00000001400125c7     asm_dbg.o
 0001:00011630       x64_fastPushPipe           0000000140012630     asm_dbg.o
 0001:00011699       x64_fastQueryPipe          0000000140012699     asm_dbg.o
 0001:00011702       x64_fastSleep              0000000140012702     asm_dbg.o
 0001:0001176b       gpu_fastNewObject          000000014001276b     asm_dbg.o
 0001:000117d4       gpu_fastCallObject         00000001400127d4     asm_dbg.o
 0001:0001183d       loc_fastNewObject          000000014001283d     asm_dbg.o
 0001:000118a6       dll_fastCallObject         00000001400128a6     asm_dbg.o
 0001:0001190f       any_fastCastProvider       000000014001290f     asm_dbg.o
 0001:00011978       x64AsmExecuteWorker        0000000140012978     asm_dbg.o
 0001:000119da       setjmpUN                   00000001400129da     asm_dbg.o
 0001:00011a0d       longjmpUN                  0000000140012a0d     asm_dbg.o
 0001:00011a36       DllCall                    0000000140012a36     asm_dbg.o
 0001:00011ac0       GdiSetBatchLimit           0000000140012ac0     gdi32:GDI32.dll
 0001:00011ad0       CommandLineToArgvW         0000000140012ad0     shell32:SHELL32.dll
 0001:00011ae0       AcquireSRWLockExclusive    0000000140012ae0     kernel32:KERNEL32.dll
 0001:00011af0       AcquireSRWLockShared       0000000140012af0     kernel32:KERNEL32.dll
 0001:00011b00       CloseHandle                0000000140012b00     kernel32:KERNEL32.dll
 0001:00011b10       CreateEventW               0000000140012b10     kernel32:KERNEL32.dll
 0001:00011b20       CreateFileW                0000000140012b20     kernel32:KERNEL32.dll
 0001:00011b30       CreateIoCompletionPort     0000000140012b30     kernel32:KERNEL32.dll
 0001:00011b40       CreateThread               0000000140012b40     kernel32:KERNEL32.dll
 0001:00011b50       ExitProcess                0000000140012b50     kernel32:KERNEL32.dll
 0001:00011b60       FormatMessageW             0000000140012b60     kernel32:KERNEL32.dll
 0001:00011b70       GetCommandLineW            0000000140012b70     kernel32:KERNEL32.dll
 0001:00011b80       GetConsoleMode             0000000140012b80     kernel32:KERNEL32.dll
 0001:00011b90       GetFileSizeEx              0000000140012b90     kernel32:KERNEL32.dll
 0001:00011ba0       GetLastError               0000000140012ba0     kernel32:KERNEL32.dll
 0001:00011bb0       GetProcAddress             0000000140012bb0     kernel32:KERNEL32.dll
 0001:00011bc0       GetProcessHeap             0000000140012bc0     kernel32:KERNEL32.dll
 0001:00011bd0       GetQueuedCompletionStatus  0000000140012bd0     kernel32:KERNEL32.dll
 0001:00011be0       GetStdHandle               0000000140012be0     kernel32:KERNEL32.dll
 0001:00011bf0       GetThreadContext           0000000140012bf0     kernel32:KERNEL32.dll
 0001:00011c00       HeapAlloc                  0000000140012c00     kernel32:KERNEL32.dll
 0001:00011c10       HeapFree                   0000000140012c10     kernel32:KERNEL32.dll
 0001:00011c20       HeapReAlloc                0000000140012c20     kernel32:KERNEL32.dll
 0001:00011c30       LoadLibraryA               0000000140012c30     kernel32:KERNEL32.dll
 0001:00011c40       MultiByteToWideChar        0000000140012c40     kernel32:KERNEL32.dll
 0001:00011c50       QueryPerformanceCounter    0000000140012c50     kernel32:KERNEL32.dll
 0001:00011c60       QueryPerformanceFrequency  0000000140012c60     kernel32:KERNEL32.dll
 0001:00011c70       ReadConsoleW               0000000140012c70     kernel32:KERNEL32.dll
 0001:00011c80       ReadFile                   0000000140012c80     kernel32:KERNEL32.dll
 0001:00011c90       ReleaseSRWLockExclusive    0000000140012c90     kernel32:KERNEL32.dll
 0001:00011ca0       ReleaseSRWLockShared       0000000140012ca0     kernel32:KERNEL32.dll
 0001:00011cb0       ResumeThread               0000000140012cb0     kernel32:KERNEL32.dll
 0001:00011cc0       SetEvent                   0000000140012cc0     kernel32:KERNEL32.dll
 0001:00011cd0       SetThreadContext           0000000140012cd0     kernel32:KERNEL32.dll
 0001:00011ce0       Sleep                      0000000140012ce0     kernel32:KERNEL32.dll
 0001:00011cf0       SuspendThread              0000000140012cf0     kernel32:KERNEL32.dll
 0001:00011d00       TlsAlloc                   0000000140012d00     kernel32:KERNEL32.dll
 0001:00011d10       TlsFree                    0000000140012d10     kernel32:KERNEL32.dll
 0001:00011d20       TlsGetValue                0000000140012d20     kernel32:KERNEL32.dll
 0001:00011d30       TlsSetValue                0000000140012d30     kernel32:KERNEL32.dll
 0001:00011d40       TryAcquireSRWLockExclusive 0000000140012d40     kernel32:KERNEL32.dll
 0001:00011d50       VirtualAlloc               0000000140012d50     kernel32:KERNEL32.dll
 0001:00011d60       WaitForMultipleObjects     0000000140012d60     kernel32:KERNEL32.dll
 0001:00011d70       WaitForSingleObject        0000000140012d70     kernel32:KERNEL32.dll
 0001:00011d80       WriteConsoleW              0000000140012d80     kernel32:KERNEL32.dll
 0001:00011d90       BCryptGenRandom            0000000140012d90     bcrypt:bcrypt.dll
 0001:00011da0       WSAGetLastError            0000000140012da0     ws2_32:WS2_32.dll
 0001:00011db0       WSARecv                    0000000140012db0     ws2_32:WS2_32.dll
 0001:00011dc0       WSAStartup                 0000000140012dc0     ws2_32:WS2_32.dll
 0001:00011dd0       accept                     0000000140012dd0     ws2_32:WS2_32.dll
 0001:00011de0       bind                       0000000140012de0     ws2_32:WS2_32.dll
 0001:00011df0       closesocket                0000000140012df0     ws2_32:WS2_32.dll
 0001:00011e00       connect                    0000000140012e00     ws2_32:WS2_32.dll
 0001:00011e10       freeaddrinfo               0000000140012e10     ws2_32:WS2_32.dll
 0001:00011e20       getaddrinfo                0000000140012e20     ws2_32:WS2_32.dll
 0001:00011e30       getpeername                0000000140012e30     ws2_32:WS2_32.dll
 0001:00011e40       getsockname                0000000140012e40     ws2_32:WS2_32.dll
 0001:00011e50       htons                      0000000140012e50     ws2_32:WS2_32.dll
 0001:00011e60       listen                     0000000140012e60     ws2_32:WS2_32.dll
 0001:00011e70       ntohs                      0000000140012e70     ws2_32:WS2_32.dll
 0001:00011e80       send                       0000000140012e80     ws2_32:WS2_32.dll
 0001:00011e90       setsockopt                 0000000140012e90     ws2_32:WS2_32.dll
 0001:00011ea0       socket                     0000000140012ea0     ws2_32:WS2_32.dll
 0001:00011eb0       inet_ntop                  0000000140012eb0     ws2_32:WS2_32.dll
 0001:00011ec0       clBuildProgram             0000000140012ec0     OpenCL:OpenCL.dll
 0001:00011ed0       clCreateBuffer             0000000140012ed0     OpenCL:OpenCL.dll
 0001:00011ee0       clCreateCommandQueueWithProperties 0000000140012ee0     OpenCL:OpenCL.dll
 0001:00011ef0       clCreateContext            0000000140012ef0     OpenCL:OpenCL.dll
 0001:00011f00       clCreateKernel             0000000140012f00     OpenCL:OpenCL.dll
 0001:00011f10       clCreateProgramWithSource  0000000140012f10     OpenCL:OpenCL.dll
 0001:00011f20       clEnqueueNDRangeKernel     0000000140012f20     OpenCL:OpenCL.dll
 0001:00011f30       clEnqueueReadBuffer        0000000140012f30     OpenCL:OpenCL.dll
 0001:00011f40       clEnqueueWriteBuffer       0000000140012f40     OpenCL:OpenCL.dll
 0001:00011f50       clFinish                   0000000140012f50     OpenCL:OpenCL.dll
 0001:00011f60       clGetDeviceIDs             0000000140012f60     OpenCL:OpenCL.dll
 0001:00011f70       clGetDeviceInfo            0000000140012f70     OpenCL:OpenCL.dll
 0001:00011f80       clGetKernelArgInfo         0000000140012f80     OpenCL:OpenCL.dll
 0001:00011f90       clGetPlatformIDs           0000000140012f90     OpenCL:OpenCL.dll
 0001:00011fa0       clGetPlatformInfo          0000000140012fa0     OpenCL:OpenCL.dll
 0001:00011fb0       clGetProgramBuildInfo      0000000140012fb0     OpenCL:OpenCL.dll
 0001:00011fc0       clSetKernelArg             0000000140012fc0     OpenCL:OpenCL.dll
 0002:00000000       ??_C@_1EK@HCHIHAJJ@?$AAP?$AAa?$AAu?$AAs?$AAe?$AAd?$AA?5?$AAw?$AAo?$AAr?$AAk?$AAe?$AAr?$AA?5?$AAD?$AAL?$AAL?$AA?5?$AA?$CF?$AAl?$AAl?$AAd?$AA?5?$AA?$FL?$AAc?$AAa?$AAu?$AAs?$AAe?$AA?5?$AA?$CF?$AAl@ 0000000140013000     dbg_.-dll-await_worker.o
 0002:0000004a       ??_C@_1GG@GJHNDGHH@?$AAC?$AAa?$AAl?$AAl?$AAi?$AAn?$AAg?$AA?5?$AAd?$AAl?$AAl?$AAi?$AAm?$AAp?$AAo?$AAr?$AAt?$AA?5?$AAw?$AAo?$AAr?$AAk?$AAe?$AAr?$AA?5?$AA?$CF?$AAl?$AAl?$AAd?$AA?5?$AA?$FL?$AAd@ 000000014001304a     dbg_.-dll-call_object.o
 0002:000000b0       ??_C@_1BC@GMOKLPI@?$AAT?$AAa?$AAb?$AAl?$AAe?$AA?5?$AA?$DN?$AA?5?$AA?$AA@ 00000001400130b0     dbg_.-dll-call_object.o
 0002:000000c2       ??_C@_1M@OMOAGDNC@?$AA?$CF?$AA0?$AA2?$AAx?$AA?5?$AA?$AA@ 00000001400130c2     dbg_.-dll-call_object.o
 0002:000000ce       ??_C@_13LBAGMAIH@?$AA?6?$AA?$AA@ 00000001400130ce     dbg_.-dll-call_object.o
 0002:000000e8       ??_C@_1DC@PJLFFJJC@?$AAR?$AAU?$AAN?$AA?5?$AAd?$AAl?$AAl?$AAi?$AAm?$AAp?$AAo?$AAr?$AAt?$AA?5?$AAw?$AAo?$AAr?$AAk?$AAe?$AAr?$AA?$DN?$AA?$CF?$AAp?$AA?6?$AA?$AA@ 00000001400130e8     dbg_.-dll-execute_worker.o
 0002:0000011a       ??_C@_1FE@MNCEKKEL@?$AAE?$AAr?$AAr?$AAo?$AAr?$AA?3?$AA?5?$AAU?$AAN?$AAK?$AAN?$AAO?$AAW?$AAN?$AA?5?$AAp?$AAr?$AAo?$AAv?$AAi?$AAd?$AAe?$AAr?$AA?5?$AA?$CF?$AAl?$AAl?$AAd?$AA?5?$AAi?$AAn?$AA?5@ 000000014001311a     dbg_.-dll-execute_worker.o
 0002:0000016e       ??_C@_1CO@MJDCEOJE@?$AAR?$AAe?$AAq?$AAu?$AAe?$AAs?$AAt?$AAi?$AAn?$AAg?$AA?5?$AA?$CF?$AAl?$AAl?$AAd?$AA?5?$AAb?$AAy?$AAt?$AAe?$AAs?$AA?6?$AA?$AA@ 000000014001316e     dbg_.-dll-execute_worker.o
 0002:0000019c       ??_C@_1EA@NLGJANLO@?$AAA?$AAr?$AAg?$AAu?$AAm?$AAe?$AAn?$AAt?$AA?5?$AA?$CF?$AAl?$AAl?$AAd?$AA?3?$AA?5?$AA?$FL?$AA?$CF?$AA0?$AA2?$AAx?$AA?$FN?$AA?5?$AA?$FL?$AAt?$AAo?$AA?9?$AA?$DO?$AA?$CF?$AAp?$AA?$FN?$AA?6?$AA?$AA@ 000000014001319c     dbg_.-dll-execute_worker.o
 0002:000001dc       ??_C@_1DI@KIDLNDBO@?$AA?5?$AA?5?$AA?5?$AA?5?$AA?5?$AA?5?$AA?5?$AA?5?$AA?5?$AAo?$AAf?$AA?5?$AAs?$AAi?$AAz?$AAe?$AA?5?$AA?$CF?$AAl?$AAl?$AAd?$AA?$DL?$AA?5?$AA?$DN?$AA?$CF?$AAp?$AA?6?$AA?$AA@ 00000001400131dc     dbg_.-dll-execute_worker.o
 0002:00000214       ??_C@_1DE@HPIEKKI@?$AAc?$AAa?$AAl?$AAl?$AAi?$AAn?$AAg?$AA?5?$AAd?$AAl?$AAl?$AAi?$AAm?$AAp?$AAo?$AAr?$AAt?$AA?5?$AAw?$AAo?$AAr?$AAk?$AAe?$AAr?$AA?6?$AA?$AA@ 0000000140013214     dbg_.-dll-execute_worker.o
 0002:00000248       ??_C@_1CE@FDGKEBHI@?$AAA?$AAR?$AAG?$AA?$FL?$AA?$CF?$AAl?$AAl?$AAd?$AA?$FN?$AA?5?$AA?$DN?$AA?5?$AA?$CF?$AAl?$AAl?$AAd?$AA?6?$AA?$AA@ 0000000140013248     dbg_.-dll-execute_worker.o
 0002:0000026c       ??_C@_1EE@IHBKLDNM@?$AAo?$AAu?$AAt?$AAp?$AAu?$AAt?$AA?5?$AAi?$AAs?$AA?5?$AA?$CF?$AAp?$AA?5?$AA?$FL?$AA?9?$AA?$DO?$AAt?$AAo?$AA?5?$AAp?$AAr?$AAo?$AAm?$AAi?$AAs?$AAe?$AA?5?$AA?$CF?$AAl?$AAl?$AAd?$AA?$FN@ 000000014001326c     dbg_.-dll-execute_worker.o
 0002:000002b0       ??_C@_1HO@GIMLMCLD@?$AAr?$AAe?$AAt?$AAu?$AAr?$AAn?$AAe?$AAd?$AA?5?$AA?$CL?$AA?5?$AAE?$AAr?$AAr?$AAo?$AAr?$AA?$DN?$AA?$CF?$AAl?$AAl?$AAd?$AA?5?$AA?$FL?$AAb?$AAe?$AAf?$AAo?$AAr?$AAe?$AA?5?$AAc?$AAa@ 00000001400132b0     dbg_.-dll-execute_worker.o
 0002:0000032e       ??_C@_1EK@KEDGKNCB@?$AAP?$AAa?$AAu?$AAs?$AAe?$AAd?$AA?5?$AAw?$AAo?$AAr?$AAk?$AAe?$AAr?$AA?5?$AAG?$AAP?$AAU?$AA?5?$AA?$CF?$AAl?$AAl?$AAd?$AA?5?$AA?$FL?$AAc?$AAa?$AAu?$AAs?$AAe?$AA?5?$AA?$CF?$AAl@ 000000014001332e     dbg_.-gpu-await_worker.o
 0002:00000378       ??_C@_1FC@NMNADHLK@?$AAC?$AAa?$AAl?$AAl?$AAi?$AAn?$AAg?$AA?5?$AAw?$AAo?$AAr?$AAk?$AAe?$AAr?$AA?5?$AA?$CF?$AAl?$AAl?$AAd?$AA?5?$AA?$FL?$AAd?$AAa?$AAt?$AAa?$AA?$DN?$AA?$CF?$AAp?$AA?0?$AA?5?$AAm?$AAo@ 0000000140013378     dbg_.-gpu-call_object.o
 0002:000003ca       ??_C@_1CG@CCFDEFBF@?$AAR?$AAU?$AAN?$AA?5?$AAG?$AAP?$AAU?$AA?5?$AAw?$AAo?$AAr?$AAk?$AAe?$AAr?$AA?$DN?$AA?$CF?$AAp?$AA?6?$AA?$AA@ 00000001400133ca     dbg_.-gpu-execute_worker.o
 0002:000003f0       ??_C@_1DO@MBJBKNM@?$AAE?$AAr?$AAr?$AAo?$AAr?$AA?3?$AA?5?$AAa?$AAt?$AA?5?$AAc?$AAl?$AAS?$AAe?$AAt?$AAK?$AAe?$AAr?$AAn?$AAe?$AAl?$AAA?$AAr?$AAg?$AA?5?$AA?$CF?$AAl?$AAl?$AAd?$AA?6?$AA?$AA@ 00000001400133f0     dbg_.-gpu-execute_worker.o
 0002:0000042e       ??_C@_1CO@BOPILBOM@?$AAC?$AAO?$AAN?$AAF?$AAI?$AAG?$AAU?$AAR?$AAE?$AAD?$AA?3?$AA?5?$AAd?$AAi?$AAm?$AAs?$AA?$DN?$AA?$CF?$AAl?$AAl?$AAd?$AA?6?$AA?$AA@ 000000014001342e     dbg_.-gpu-execute_worker.o
 0002:0000045c       ??_C@_1EO@KIFHHFHO@?$AAE?$AAr?$AAr?$AAo?$AAr?$AA?3?$AA?5?$AAa?$AAt?$AA?5?$AAc?$AAl?$AAE?$AAn?$AAq?$AAu?$AAe?$AAu?$AAe?$AAN?$AAD?$AAR?$AAa?$AAn?$AAg?$AAe?$AAK?$AAe?$AAr?$AAn?$AAe?$AAl@ 000000014001345c     dbg_.-gpu-execute_worker.o
 0002:000004aa       ??_C@_1FG@NKPPHDDL@?$AAA?$AAl?$AAl?$AAo?$AAc?$AAa?$AAt?$AAi?$AAn?$AAg?$AA?5?$AAb?$AAu?$AAf?$AAf?$AAe?$AAr?$AA?5?$AAo?$AAf?$AA?5?$AAs?$AAi?$AAz?$AAe?$AA?5?$AA?$CF?$AAl?$AAl?$AAd?$AA?5?$AAp@ 00000001400134aa     dbg_.-gpu-new_object.o
 0002:00000500       ??_C@_1DO@PIAGAENK@?$AAE?$AAR?$AAR?$AAO?$AAR?$AA?3?$AA?5?$AAg?$AAp?$AAu?$AAA?$AAl?$AAl?$AAo?$AAc?$AA?5?$AAf?$AAa?$AAi?$AAl?$AAe?$AAd?$AA?5?$AA?$FL?$AA?$CF?$AAl?$AAl?$AAd?$AA?$FN?$AA?6?$AA?$AA@ 0000000140013500     dbg_.-gpu-new_object.o
 0002:0000053e       ??_C@_1BG@LMPFNDF@?$AAr?$AAe?$AAs?$AAu?$AAl?$AAt?$AA?5?$AA?$CF?$AAp?$AA?6?$AA?$AA@ 000000014001353e     dbg_.-gpu-new_object.o
 0002:00000554       ??_C@_1FM@LBBNKNII@?$AAE?$AAR?$AAR?$AAO?$AAR?$AA?3?$AA?5?$AAP?$AAi?$AAp?$AAe?$AAs?$AA?5?$AAa?$AAr?$AAe?$AA?5?$AAu?$AAn?$AAs?$AAu?$AAp?$AAp?$AAo?$AAr?$AAt?$AAe?$AAd?$AA?5?$AAo?$AAn?$AA?5@ 0000000140013554     dbg_.-gpu-new_object.o
 0002:000005b0       ??_C@_1EA@PKIDLDBK@?$AAo?$AAb?$AAj?$AAe?$AAc?$AAt?$AA?5?$AAf?$AAo?$AAr?$AA?5?$AAs?$AAi?$AAz?$AAe?$AA?5?$AA?$CF?$AAl?$AAl?$AAd?$AA?5?$AAa?$AAl?$AAl?$AAo?$AAc?$AAa?$AAt?$AAe?$AAd?$AA?6?$AA?$AA@ 00000001400135b0     dbg_.-gpu-new_object.o
 0002:000005f0       ??_C@_1GM@BNFAKJM@?$AAE?$AAR?$AAR?$AAO?$AAR?$AA?3?$AA?5?$AAP?$AAi?$AAp?$AAe?$AAs?$AA?5?$AAa?$AAr?$AAe?$AA?5?$AAu?$AAn?$AAs?$AAu?$AAp?$AAp?$AAo?$AAr?$AAt?$AAe?$AAd?$AA?5?$AAo?$AAn?$AA?5@ 00000001400135f0     dbg_.-gpu-new_object.o
 0002:0000065c       ??_C@_1DC@NBDPBMKB@?$AAW?$AAr?$AAo?$AAn?$AAg?$AA?5?$AAt?$AAy?$AAp?$AAe?$AA?5?$AAi?$AAn?$AA?5?$AAN?$AAe?$AAw?$AAO?$AAb?$AAj?$AAe?$AAc?$AAt?$AA?6?$AA?$AA@ 000000014001365c     dbg_.-gpu-new_object.o
 0002:0000068e       ??_C@_1EG@FBJBJMFK@?$AAN?$AAO?$AAT?$AA?5?$AAS?$AAU?$AAP?$AAP?$AAO?$AAR?$AAT?$AAE?$AAD?$AA?3?$AA?5?$AAp?$AAu?$AAs?$AAh?$AA?5?$AAi?$AAn?$AA?5?$AAg?$AAp?$AAu?$AA?5?$AAo?$AAb?$AAj?$AAe?$AAc@ 000000014001368e     dbg_.-gpu-push_object.o
 0002:000006d4       ??_C@_1FE@GJLEMBH@?$AAN?$AAO?$AAT?$AA?5?$AAS?$AAU?$AAP?$AAP?$AAO?$AAR?$AAT?$AAE?$AAD?$AA?3?$AA?5?$AAp?$AAu?$AAs?$AAh?$AA?5?$AAi?$AAn?$AA?5?$AAg?$AAp?$AAu?$AA?5?$AAo?$AAb?$AAj?$AAe?$AAc@ 00000001400136d4     dbg_.-gpu-push_object.o
 0002:00000728       ??_C@_1EI@EPHKLIAN@?$AAN?$AAO?$AAT?$AA?5?$AAS?$AAU?$AAP?$AAP?$AAO?$AAR?$AAT?$AAE?$AAD?$AA?3?$AA?5?$AAq?$AAu?$AAe?$AAr?$AAy?$AA?5?$AAi?$AAn?$AA?5?$AAg?$AAp?$AAu?$AA?5?$AAo?$AAb?$AAj?$AAe@ 0000000140013728     dbg_.-gpu-query_object.o
 0002:00000770       ??_C@_1FG@PCBNEEAC@?$AAN?$AAO?$AAT?$AA?5?$AAS?$AAU?$AAP?$AAP?$AAO?$AAR?$AAT?$AAE?$AAD?$AA?3?$AA?5?$AAq?$AAu?$AAe?$AAr?$AAy?$AA?5?$AAi?$AAn?$AA?5?$AAg?$AAp?$AAu?$AA?5?$AAo?$AAb?$AAj?$AAe@ 0000000140013770     dbg_.-gpu-query_object.o
 0002:000007dc       ??_C@_1DM@CKKHLHMJ@?$AAP?$AAi?$AAp?$AAe?$AA?5?$AAf?$AAo?$AAr?$AA?5?$AAs?$AAi?$AAz?$AAe?$AA?5?$AA?$CF?$AAl?$AAl?$AAd?$AA?5?$AAa?$AAl?$AAl?$AAo?$AAc?$AAa?$AAt?$AAe?$AAd?$AA?6?$AA?$AA@ 00000001400137dc     dbg_.-loc-new_object.o
 0002:00000818       ??_C@_1GK@LJBKHIKD@?$AAA?$AAr?$AAr?$AAa?$AAy?$AA?5?$AAo?$AAf?$AA?5?$AA?$CF?$AAl?$AAl?$AAd?$AA?5?$AAb?$AAy?$AAt?$AAe?$AAs?$AA?0?$AA?5?$AAe?$AAl?$AAe?$AAm?$AAe?$AAn?$AAt?$AA?5?$AAo?$AAf?$AA?5@ 0000000140013818     dbg_.-loc-new_object.o
 0002:00000882       ??_C@_1EC@IBADEGPM@?$AAP?$AAr?$AAo?$AAm?$AAi?$AAs?$AAe?$AA?5?$AAf?$AAo?$AAr?$AA?5?$AAs?$AAi?$AAz?$AAe?$AA?5?$AA?$CF?$AAl?$AAl?$AAd?$AA?5?$AAa?$AAl?$AAl?$AAo?$AAc?$AAa?$AAt?$AAe?$AAd?$AA?6@ 0000000140013882     dbg_.-loc-new_object.o
 0002:000008c4       ??_C@_1DO@OEOJCPLG@?$AAC?$AAl?$AAa?$AAs?$AAs?$AA?5?$AAf?$AAo?$AAr?$AA?5?$AAs?$AAi?$AAz?$AAe?$AA?5?$AA?$CF?$AAl?$AAl?$AAd?$AA?5?$AAa?$AAl?$AAl?$AAo?$AAc?$AAa?$AAt?$AAe?$AAd?$AA?6?$AA?$AA@ 00000001400138c4     dbg_.-loc-new_object.o
 0002:00000902       ??_C@_1EO@GECEJMLH@?$AAD?$AAe?$AAf?$AAi?$AAn?$AAe?$AAd?$AA?5?$AAa?$AAr?$AAr?$AAa?$AAy?$AA?5?$AAf?$AAo?$AAr?$AA?5?$AAs?$AAi?$AAz?$AAe?$AA?5?$AA?$CF?$AAl?$AAl?$AAd?$AA?5?$AAa?$AAl?$AAl?$AAo@ 0000000140013902     dbg_.-loc-new_object.o
 0002:00000950       ??_C@_1M@FHJLFHFE@?$AA?5?$AA?$CF?$AA0?$AA2?$AAx?$AA?$AA@ 0000000140013950     dbg_.-loc-new_object.o
 0002:0000095c       ??_C@_1CO@JBEOLKLD@?$AA?$FL?$AAi?$AAd?$AA?$DN?$AA?$CF?$AAl?$AAl?$AAx?$AA?$FN?$AA?5?$AA?$FL?$AAs?$AAi?$AAz?$AAe?$AA?$DN?$AA?$CF?$AAl?$AAl?$AAd?$AA?$FN?$AA?6?$AA?$AA@ 000000014001395c     dbg_.-loc-new_object.o
 0002:000009ac       ??_C@_1EC@FMMFNKHC@?$AAP?$AAa?$AAu?$AAs?$AAe?$AAd?$AA?5?$AAw?$AAo?$AAr?$AAk?$AAe?$AAr?$AA?5?$AA?$CF?$AAl?$AAl?$AAd?$AA?5?$AA?$FL?$AAc?$AAa?$AAu?$AAs?$AAe?$AA?5?$AA?$CF?$AAl?$AAl?$AAd?$AA?$FN?$AA?6@ 00000001400139ac     dbg_.-x64-await_worker.o
 0002:000009ee       ??_C@_1BG@KNJPCEOH@?$AAw?$AAo?$AAr?$AAk?$AAe?$AAr?$AA?$DN?$AA?$CF?$AAp?$AA?6?$AA?$AA@ 00000001400139ee     dbg_.-x64-execute_worker.o
 0002:00000a04       ??_C@_1DM@GFFHBIOC@?$AAS?$AAt?$AAa?$AAl?$AAl?$AAi?$AAn?$AAg?$AA?5?$AAw?$AAo?$AAr?$AAk?$AAe?$AAr?$AA?5?$AAa?$AAt?$AA?5?$AAt?$AAh?$AAr?$AAe?$AAa?$AAd?$AA?5?$AA?$CF?$AAp?$AA?6?$AA?$AA@ 0000000140013a04     dbg_.-x64-execute_worker.o
 0002:00000a40       ??_C@_1HE@BGCEENEB@?$AAP?$AAa?$AAu?$AAs?$AAe?$AAd?$AA?5?$AAw?$AAo?$AAr?$AAk?$AAe?$AAr?$AA?5?$AA?$CF?$AAl?$AAl?$AAd?$AA?5?$AA?$FL?$AAs?$AAt?$AAa?$AAl?$AAl?$AA?$FN?$AA?3?$AA?5?$AAn?$AAe?$AAx?$AAt@ 0000000140013a40     dbg_.-x64-execute_worker.o
 0002:00000ac8       ??_C@_1BG@HIIBALHG@?$AA?$FL?$AAi?$AAd?$AA?$DN?$AA?$CF?$AAl?$AAl?$AAx?$AA?$FN?$AA?6?$AA?$AA@ 0000000140013ac8     dbg_.-x64-new_object.o
 0002:00000ade       ??_C@_0CD@DKCLGKLJ@NULL?5?$DN?$DN?5?$CCThis?5is?5unreachable?5cod@ 0000000140013ade     dbg_.-x64-new_object.o
 0002:00000b01       ??_C@_0BD@INEGNPMF@x64NewObjectStates?$AA@ 0000000140013b01     dbg_.-x64-new_object.o
 0002:00000b14       ??_C@_0DA@GIEONAEA@D?3?2mipt?2lang3?2runtimes?20?43?2win?2x@ 0000000140013b14     dbg_.-x64-new_object.o
 0002:00000b64       ??_C@_0BA@DDLBAAIJ@x64OnPushObject?$AA@ 0000000140013b64     dbg_.-x64-push_object.o
 0002:00000b74       ??_C@_0DB@EHGHMKBL@D?3?2mipt?2lang3?2runtimes?20?43?2win?2x@ 0000000140013b74     dbg_.-x64-push_object.o
 0002:00000ba6       ??_C@_1GA@KFMLACKM@?$AAw?$AAa?$AAi?$AAt?$AAi?$AAn?$AAg?$AA?5?$AAf?$AAo?$AAr?$AA?5?$AAr?$AAe?$AAm?$AAo?$AAt?$AAe?$AA?5?$AAp?$AAu?$AAs?$AAh?$AA?5?$AA?$CF?$AAl?$AAl?$AAd?$AA?1?$AA?$CF?$AAl?$AAl@ 0000000140013ba6     dbg_.-x64-push_object.o
 0002:00000c06       ??_C@_0BE@CLLDEMCI@x64PushObjectStates?$AA@ 0000000140013c06     dbg_.-x64-push_object.o
 0002:00000c1a       ??_C@_1CG@JJBKNCBO@?$AAp?$AAu?$AAs?$AAh?$AA?5?$AAt?$AAo?$AA?5?$AAo?$AAb?$AAj?$AAe?$AAc?$AAt?$AA?5?$AA?$CF?$AAp?$AA?6?$AA?$AA@ 0000000140013c1a     dbg_.-x64-push_object.o
 0002:00000c40       ??_C@_1CG@FCDGDINM@?$AAp?$AAu?$AAs?$AAh?$AA?5?$AAt?$AAo?$AA?5?$AAp?$AAi?$AAp?$AAe?$AA?5?$AA?$CF?$AAl?$AAl?$AAd?$AA?6?$AA?$AA@ 0000000140013c40     dbg_.-x64-push_object.o
 0002:00000c66       ??_C@_0BB@OIDGLOGK@x64OnQueryObject?$AA@ 0000000140013c66     dbg_.-x64-query_object.o
 0002:00000c77       ??_C@_0DC@IFJHCDEN@D?3?2mipt?2lang3?2runtimes?20?43?2win?2x@ 0000000140013c77     dbg_.-x64-query_object.o
 0002:00000caa       ??_C@_1EI@HFFKCAJK@?$AAw?$AAa?$AAi?$AAt?$AAi?$AAn?$AAg?$AA?5?$AAf?$AAo?$AAr?$AA?5?$AAr?$AAe?$AAm?$AAo?$AAt?$AAe?$AA?5?$AAq?$AAu?$AAe?$AAr?$AAy?$AA?5?$AA?$CF?$AAl?$AAl?$AAd?$AA?1?$AA?$CF?$AAl@ 0000000140013caa     dbg_.-x64-query_object.o
 0002:00000cf2       ??_C@_0BF@ENLEMDLA@x64QueryObjectStates?$AA@ 0000000140013cf2     dbg_.-x64-query_object.o
 0002:00000d08       ??_C@_1CG@NFAKFIFJ@?$AAQ?$AAu?$AAe?$AAr?$AAy?$AA?5?$AAo?$AAb?$AAj?$AAe?$AAc?$AAt?$AA?5?$AA?$CF?$AAl?$AAl?$AAd?$AA?6?$AA?$AA@ 0000000140013d08     dbg_.-x64-query_object.o
 0002:00000d2e       ??_C@_1CM@JHEDMDLC@?$AAq?$AAu?$AAe?$AAr?$AAy?$AA?5?$AAf?$AAr?$AAo?$AAm?$AA?5?$AAp?$AAi?$AAp?$AAe?$AA?5?$AA?$CF?$AAl?$AAl?$AAd?$AA?6?$AA?$AA@ 0000000140013d2e     dbg_.-x64-query_object.o
 0002:00000d5a       ??_C@_0P@GBODICPB@x64SleepStates?$AA@ 0000000140013d5a     dbg_.-x64-sleep.o
 0002:00000d69       ??_C@_0CL@GMEBKBIE@D?3?2mipt?2lang3?2runtimes?20?43?2win?2x@ 0000000140013d69     dbg_.-x64-sleep.o
 0002:00000d94       ??_C@_1CC@KCDEA@?$AAS?$AAl?$AAe?$AAe?$AAp?$AA?5?$AAt?$AAi?$AAm?$AAe?$AA?5?$AA?$CF?$AAl?$AAl?$AAd?$AA?6?$AA?$AA@ 0000000140013d94     dbg_.-x64-sleep.o
 0002:00000de0       ??_C@_1CM@EKFGKDGG@?$AAG?$AAe?$AAt?$AA?5?$AAo?$AAb?$AAj?$AAe?$AAc?$AAt?$AA?5?$AAi?$AAd?$AA?5?$AA?$DN?$AA?5?$AA?$CF?$AAl?$AAl?$AAd?$AA?6?$AA?$AA@ 0000000140013de0     dbg_.-cast_provider.o
 0002:00000e0c       ??_C@_1FE@BCAGMINK@?$AAE?$AAr?$AAr?$AAo?$AAr?$AA?3?$AA?5?$AAn?$AAo?$AA?5?$AAk?$AAn?$AAo?$AAw?$AAn?$AA?5?$AAs?$AAi?$AAz?$AAe?$AA?5?$AAf?$AAo?$AAr?$AA?5?$AAn?$AAo?$AAt?$AA?5?$AAa?$AAr?$AAr@ 0000000140013e0c     dbg_.-cast_provider.o
 0002:00000e60       ??_C@_1CO@MKKBGDMJ@?$AAg?$AAo?$AAt?$AA?5?$AAl?$AAo?$AAc?$AAa?$AAl?$AA?5?$AAs?$AAi?$AAz?$AAe?$AA?5?$AAa?$AAn?$AAs?$AAw?$AAe?$AAr?$AA?6?$AA?$AA@ 0000000140013e60     dbg_.-cast_provider.o
 0002:00000e8e       ??_C@_1DM@MLLOPCOA@?$AAQ?$AAu?$AAe?$AAr?$AAy?$AAi?$AAn?$AAg?$AA?5?$AAo?$AAb?$AAj?$AAe?$AAc?$AAt?$AA?5?$AAs?$AAi?$AAz?$AAe?$AA?5?$AAo?$AAf?$AA?5?$AA?$CF?$AAl?$AAl?$AAd?$AA?6?$AA?$AA@ 0000000140013e8e     dbg_.-cast_provider.o
 0002:00000eca       ??_C@_1DA@NCDJBGNA@?$AAg?$AAo?$AAt?$AA?5?$AAr?$AAe?$AAm?$AAo?$AAt?$AAe?$AA?5?$AAs?$AAi?$AAz?$AAe?$AA?5?$AAa?$AAn?$AAs?$AAw?$AAe?$AAr?$AA?6?$AA?$AA@ 0000000140013eca     dbg_.-cast_provider.o
 0002:00000efa       ??_C@_1DK@MHAKINPM@?$AAK?$AAn?$AAo?$AAw?$AA?5?$AAs?$AAi?$AAz?$AAe?$AA?$DN?$AA?$CF?$AAl?$AAl?$AAd?$AA?5?$AA?$FL?$AAp?$AAa?$AAr?$AAa?$AAm?$AA?$DN?$AA?$CF?$AAl?$AAl?$AAd?$AA?$FN?$AA?6?$AA?$AA@ 0000000140013efa     dbg_.-cast_provider.o
 0002:00000f34       ??_C@_1FK@KDAFABDO@?$AAE?$AAr?$AAr?$AAo?$AAr?$AA?3?$AA?5?$AAl?$AAo?$AAc?$AAa?$AAl?$AA?5?$AAo?$AAb?$AAj?$AAe?$AAc?$AAt?$AA?5?$AAw?$AAa?$AAs?$AA?5?$AAr?$AAe?$AAm?$AAo?$AAv?$AAe?$AAd?$AA?5@ 0000000140013f34     dbg_.-cast_provider.o
 0002:00000f8e       ??_C@_1FO@HMOHPFHI@?$AAE?$AAr?$AAr?$AAo?$AAr?$AA?5?$AAh?$AAa?$AAp?$AAp?$AAe?$AAn?$AA?5?$AAw?$AAh?$AAi?$AAl?$AAe?$AA?5?$AAc?$AAl?$AAE?$AAn?$AAq?$AAu?$AAe?$AAu?$AAe?$AAR?$AAe?$AAa?$AAd@ 0000000140013f8e     dbg_.-cast_provider.o
 0002:00000fec       ??_C@_1EE@JNODMKEN@?$AAS?$AAu?$AAc?$AAc?$AAe?$AAs?$AAs?$AAi?$AAf?$AAu?$AAl?$AAl?$AAy?$AA?5?$AAc?$AAo?$AAn?$AAv?$AAe?$AAr?$AAt?$AAe?$AAd?$AA?5?$AAg?$AAp?$AAu?$AA?9?$AA?$DO?$AAc?$AAp?$AAu@ 0000000140013fec     dbg_.-cast_provider.o
 0002:00001030       ??_C@_1GA@EEKPNAGK@?$AAE?$AAr?$AAr?$AAo?$AAr?$AA?5?$AAh?$AAa?$AAp?$AAp?$AAe?$AAn?$AA?5?$AAw?$AAh?$AAi?$AAl?$AAe?$AA?5?$AAc?$AAl?$AAE?$AAn?$AAq?$AAu?$AAe?$AAu?$AAe?$AAW?$AAr?$AAi?$AAt@ 0000000140014030     dbg_.-cast_provider.o
 0002:00001090       ??_C@_1EE@NKOFIBGO@?$AAS?$AAu?$AAc?$AAc?$AAe?$AAs?$AAs?$AAi?$AAf?$AAu?$AAl?$AAl?$AAy?$AA?5?$AAc?$AAo?$AAn?$AAv?$AAe?$AAr?$AAt?$AAe?$AAd?$AA?5?$AAc?$AAp?$AAu?$AA?9?$AA?$DO?$AAg?$AAp?$AAu@ 0000000140014090     dbg_.-cast_provider.o
 0002:000010d4       ??_C@_1BM@OBHKMKPP@?$AAR?$AAe?$AAt?$AAu?$AAr?$AAn?$AA?3?$AA?5?$AA?$CF?$AAl?$AAl?$AAd?$AA?6?$AA?$AA@ 00000001400140d4     dbg_.-cast_provider.o
 0002:000010f0       ??_C@_0O@GKFEADAD@anyCastStates?$AA@ 00000001400140f0     dbg_.-cast_provider.o
 0002:000010fe       ??_C@_0CP@CMCABPLI@D?3?2mipt?2lang3?2runtimes?20?43?2win?2c@ 00000001400140fe     dbg_.-cast_provider.o
 0002:0000112e       ??_C@_1EC@IPADNJOO@?$AAc?$AAo?$AAn?$AAv?$AAe?$AAr?$AAt?$AA?5?$AA?$CF?$AAp?$AA?5?$AA?$FL?$AAt?$AAy?$AAp?$AAe?$AAs?$AA?5?$AA?$CF?$AAl?$AAl?$AAd?$AA?5?$AA?9?$AA?$DO?$AA?5?$AA?$CF?$AAl?$AAl?$AAd?$AA?$FN?$AA?6@ 000000014001412e     dbg_.-cast_provider.o
 0002:00001170       ??_C@_1IA@HIJJNPCH@?$AAE?$AAR?$AAR?$AAO?$AAR?$AA?3?$AA?5?$AAn?$AAo?$AAt?$AA?5?$AAs?$AAu?$AAp?$AAp?$AAo?$AAr?$AAt?$AAe?$AAd?$AA?5?$AAc?$AAo?$AAn?$AAv?$AAe?$AAr?$AAs?$AAi?$AAo?$AAn?$AA?5@ 0000000140014170     dbg_.-cast_provider.o
 0002:000011f0       ??_C@_1DK@FINICEEJ@?$AAG?$AAo?$AAt?$AA?5?$AAa?$AAt?$AA?5?$AAl?$AAe?$AAa?$AAs?$AAt?$AA?5?$AA?$CF?$AAl?$AAl?$AAd?$AA?5?$AAp?$AAl?$AAa?$AAt?$AAf?$AAo?$AAr?$AAm?$AAs?$AA?6?$AA?$AA@ 00000001400141f0     dbg_.-gpu_subsystem.o
 0002:0000122a       ??_C@_1CA@OOAPHHDP@?$AAP?$AAl?$AAa?$AAt?$AAf?$AAo?$AAr?$AAm?$AA?5?$AA?$CF?$AAl?$AAl?$AAd?$AA?3?$AA?6?$AA?$AA@ 000000014001422a     dbg_.-gpu_subsystem.o
 0002:0000124a       ??_C@_1DK@CFKCPDLH@?$AA?7?$AA?$CF?$AAl?$AAl?$AAd?$AA?4?$AAN?$AAa?$AAm?$AAe?$AA?5?$AA?5?$AA?5?$AA?5?$AA?5?$AA?5?$AA?5?$AA?5?$AA?5?$AA?5?$AA?5?$AA?5?$AA?5?$AA?3?$AA?5?$AA?$CF?$AAs?$AA?6?$AA?$AA@ 000000014001424a     dbg_.-gpu_subsystem.o
 0002:00001284       ??_C@_1DK@PKNJPDCN@?$AA?7?$AA?$CF?$AAl?$AAl?$AAd?$AA?4?$AAV?$AAe?$AAn?$AAd?$AAo?$AAr?$AA?5?$AA?5?$AA?5?$AA?5?$AA?5?$AA?5?$AA?5?$AA?5?$AA?5?$AA?5?$AA?5?$AA?3?$AA?5?$AA?$CF?$AAs?$AA?6?$AA?$AA@ 0000000140014284     dbg_.-gpu_subsystem.o
 0002:000012be       ??_C@_1DK@BCHMBHFB@?$AA?7?$AA?$CF?$AAl?$AAl?$AAd?$AA?4?$AAV?$AAe?$AAr?$AAs?$AAi?$AAo?$AAn?$AA?5?$AA?5?$AA?5?$AA?5?$AA?5?$AA?5?$AA?5?$AA?5?$AA?5?$AA?5?$AA?3?$AA?5?$AA?$CF?$AAs?$AA?6?$AA?$AA@ 00000001400142be     dbg_.-gpu_subsystem.o
 0002:000012f8       ??_C@_1DK@PPLGHIMI@?$AA?7?$AA?$CF?$AAl?$AAl?$AAd?$AA?4?$AAP?$AAr?$AAo?$AAf?$AAi?$AAl?$AAe?$AA?5?$AA?5?$AA?5?$AA?5?$AA?5?$AA?5?$AA?5?$AA?5?$AA?5?$AA?5?$AA?3?$AA?5?$AA?$CF?$AAs?$AA?6?$AA?$AA@ 00000001400142f8     dbg_.-gpu_subsystem.o
 0002:00001332       ??_C@_1DK@KGLDJAGB@?$AA?7?$AA?$CF?$AAl?$AAl?$AAd?$AA?4?$AAE?$AAx?$AAt?$AAe?$AAn?$AAs?$AAi?$AAo?$AAn?$AAs?$AA?5?$AA?5?$AA?5?$AA?5?$AA?5?$AA?5?$AA?5?$AA?3?$AA?5?$AA?$CF?$AAs?$AA?6?$AA?$AA@ 0000000140014332     dbg_.-gpu_subsystem.o
 0002:0000136c       ??_C@_1DO@JAHGICMH@?$AA?7?$AA?$CF?$AAl?$AAl?$AAd?$AA?4?$AAT?$AAi?$AAm?$AAe?$AAr?$AA?5?$AAR?$AAe?$AAs?$AAo?$AAl?$AAu?$AAt?$AAi?$AAo?$AAn?$AA?5?$AA?3?$AA?5?$AA?$CF?$AAl?$AAl?$AAd?$AA?6?$AA?$AA@ 000000014001436c     dbg_.-gpu_subsystem.o
 0002:000013aa       ??_C@_1FE@GFHOHNKH@?$AAp?$AAl?$AAa?$AAt?$AAf?$AAo?$AAr?$AAm?$AA?5?$AA?$CF?$AAl?$AAl?$AAd?$AA?3?$AA?5?$AAG?$AAo?$AAt?$AA?5?$AAa?$AAt?$AA?5?$AAl?$AAe?$AAa?$AAs?$AAt?$AA?5?$AA?$CF?$AAl?$AAl?$AAd@ 00000001400143aa     dbg_.-gpu_subsystem.o
 0002:000013fe       ??_C@_1BM@MMFNNAKO@?$AAD?$AAe?$AAv?$AAi?$AAc?$AAe?$AA?5?$AA?$CF?$AAl?$AAl?$AAd?$AA?3?$AA?6?$AA?$AA@ 00000001400143fe     dbg_.-gpu_subsystem.o
 0002:0000141a       ??_C@_1FG@GKDLJBIA@?$AA?7?$AA?$CF?$AAl?$AAl?$AAd?$AA?4?$AA?$CF?$AAl?$AAl?$AAd?$AA?4?$AAN?$AAa?$AAm?$AAe?$AA?5?$AA?5?$AA?5?$AA?5?$AA?5?$AA?5?$AA?5?$AA?5?$AA?5?$AA?5?$AA?5?$AA?5?$AA?5?$AA?5?$AA?5?$AA?5?$AA?5@ 000000014001441a     dbg_.-gpu_subsystem.o
 0002:00001470       ??_C@_1FK@JCGLFMHC@?$AA?7?$AA?$CF?$AAl?$AAl?$AAd?$AA?4?$AA?$CF?$AAl?$AAl?$AAd?$AA?4?$AAA?$AAv?$AAa?$AAi?$AAl?$AAa?$AAb?$AAl?$AAe?$AA?5?$AA?5?$AA?5?$AA?5?$AA?5?$AA?5?$AA?5?$AA?5?$AA?5?$AA?5?$AA?5?$AA?5@ 0000000140014470     dbg_.-gpu_subsystem.o
 0002:000014ca       ??_C@_1FK@PNFJMFNM@?$AA?7?$AA?$CF?$AAl?$AAl?$AAd?$AA?4?$AA?$CF?$AAl?$AAl?$AAd?$AA?4?$AAT?$AAy?$AAp?$AAe?$AA?5?$AA?5?$AA?5?$AA?5?$AA?5?$AA?5?$AA?5?$AA?5?$AA?5?$AA?5?$AA?5?$AA?5?$AA?5?$AA?5?$AA?5?$AA?5?$AA?5@ 00000001400144ca     dbg_.-gpu_subsystem.o
 0002:00001524       ??_C@_1FG@OJFNKBCG@?$AA?7?$AA?$CF?$AAl?$AAl?$AAd?$AA?4?$AA?$CF?$AAl?$AAl?$AAd?$AA?4?$AAV?$AAe?$AAn?$AAd?$AAo?$AAr?$AA?5?$AA?5?$AA?5?$AA?5?$AA?5?$AA?5?$AA?5?$AA?5?$AA?5?$AA?5?$AA?5?$AA?5?$AA?5?$AA?5?$AA?5@ 0000000140014524     dbg_.-gpu_subsystem.o
 0002:0000157a       ??_C@_1FG@LICMMOCB@?$AA?7?$AA?$CF?$AAl?$AAl?$AAd?$AA?4?$AA?$CF?$AAl?$AAl?$AAd?$AA?4?$AAD?$AAr?$AAi?$AAv?$AAe?$AAr?$AA?5?$AAV?$AAe?$AAr?$AAs?$AAi?$AAo?$AAn?$AA?5?$AA?5?$AA?5?$AA?5?$AA?5?$AA?5?$AA?5@ 000000014001457a     dbg_.-gpu_subsystem.o
 0002:000015d0       ??_C@_1FG@GEMKEAJB@?$AA?7?$AA?$CF?$AAl?$AAl?$AAd?$AA?4?$AA?$CF?$AAl?$AAl?$AAd?$AA?4?$AAD?$AAe?$AAv?$AAi?$AAc?$AAe?$AA?5?$AAV?$AAe?$AAr?$AAs?$AAi?$AAo?$AAn?$AA?5?$AA?5?$AA?5?$AA?5?$AA?5?$AA?5?$AA?5@ 00000001400145d0     dbg_.-gpu_subsystem.o
 0002:00001626       ??_C@_1FG@MPCNGFNE@?$AA?7?$AA?$CF?$AAl?$AAl?$AAd?$AA?4?$AA?$CF?$AAl?$AAl?$AAd?$AA?4?$AAP?$AAr?$AAo?$AAf?$AAi?$AAl?$AAe?$AA?5?$AA?5?$AA?5?$AA?5?$AA?5?$AA?5?$AA?5?$AA?5?$AA?5?$AA?5?$AA?5?$AA?5?$AA?5?$AA?5@ 0000000140014626     dbg_.-gpu_subsystem.o
 0002:0000167c       ??_C@_1FG@GJMINOLL@?$AA?7?$AA?$CF?$AAl?$AAl?$AAd?$AA?4?$AA?$CF?$AAl?$AAl?$AAd?$AA?4?$AAE?$AAx?$AAt?$AAe?$AAn?$AAs?$AAi?$AAo?$AAn?$AAs?$AA?5?$AA?5?$AA?5?$AA?5?$AA?5?$AA?5?$AA?5?$AA?5?$AA?5?$AA?5?$AA?5@ 000000014001467c     dbg_.-gpu_subsystem.o
 0002:000016d2       ??_C@_1FK@NKJEPLPJ@?$AA?7?$AA?$CF?$AAl?$AAl?$AAd?$AA?4?$AA?$CF?$AAl?$AAl?$AAd?$AA?4?$AAM?$AAa?$AAx?$AA?5?$AAC?$AAo?$AAm?$AAp?$AAu?$AAt?$AAe?$AA?5?$AAU?$AAn?$AAi?$AAt?$AAs?$AA?5?$AA?5?$AA?5?$AA?5@ 00000001400146d2     dbg_.-gpu_subsystem.o
 0002:0000172c       ??_C@_1FK@OLFGCCPL@?$AA?7?$AA?$CF?$AAl?$AAl?$AAd?$AA?4?$AA?$CF?$AAl?$AAl?$AAd?$AA?4?$AAM?$AAa?$AAx?$AA?5?$AAI?$AAt?$AAe?$AAm?$AA?5?$AAD?$AAi?$AAm?$AAe?$AAn?$AAs?$AAi?$AAo?$AAn?$AAs?$AA?5?$AA?5@ 000000014001472c     dbg_.-gpu_subsystem.o
 0002:00001786       ??_C@_1FK@CMFPDFMJ@?$AA?7?$AA?$CF?$AAl?$AAl?$AAd?$AA?4?$AA?$CF?$AAl?$AAl?$AAd?$AA?4?$AAM?$AAa?$AAx?$AA?5?$AAG?$AAr?$AAo?$AAu?$AAp?$AA?5?$AAS?$AAi?$AAz?$AAe?$AA?5?$AA?5?$AA?5?$AA?5?$AA?5?$AA?5?$AA?5@ 0000000140014786     dbg_.-gpu_subsystem.o
 0002:000017e0       ??_C@_1GA@OFJKKJHL@?$AA?7?$AA?7?$AA?$CF?$AAl?$AAl?$AAd?$AA?4?$AA?$CF?$AAl?$AAl?$AAd?$AA?4?$AAM?$AAa?$AAx?$AA?5?$AAI?$AAt?$AAe?$AAm?$AA?5?$AAS?$AAi?$AAz?$AAe?$AAs?$AA?$FL?$AA?$CF?$AAl?$AAl?$AAd?$AA?$FN@ 00000001400147e0     dbg_.-gpu_subsystem.o
 0002:00001840       ??_C@_1FK@PBEPJBHG@?$AA?7?$AA?$CF?$AAl?$AAl?$AAd?$AA?4?$AA?$CF?$AAl?$AAl?$AAd?$AA?4?$AAM?$AAa?$AAx?$AA?5?$AAC?$AAl?$AAo?$AAc?$AAk?$AA?5?$AAF?$AAr?$AAe?$AAq?$AAu?$AAe?$AAn?$AAc?$AAy?$AA?5?$AA?5@ 0000000140014840     dbg_.-gpu_subsystem.o
 0002:0000189a       ??_C@_1FK@EGKKPFNE@?$AA?7?$AA?$CF?$AAl?$AAl?$AAd?$AA?4?$AA?$CF?$AAl?$AAl?$AAd?$AA?4?$AAM?$AAa?$AAx?$AA?5?$AAM?$AAe?$AAm?$AA?5?$AAA?$AAl?$AAl?$AAo?$AAc?$AA?5?$AAS?$AAi?$AAz?$AAe?$AA?5?$AA?5?$AA?5@ 000000014001489a     dbg_.-gpu_subsystem.o
 0002:000018f4       ??_C@_1FK@NMMFNGJN@?$AA?7?$AA?$CF?$AAl?$AAl?$AAd?$AA?4?$AA?$CF?$AAl?$AAl?$AAd?$AA?4?$AAG?$AAl?$AAo?$AAb?$AAa?$AAl?$AA?5?$AAM?$AAe?$AAm?$AA?5?$AAC?$AAa?$AAc?$AAh?$AAe?$AAl?$AAi?$AAn?$AAe?$AA?5@ 00000001400148f4     dbg_.-gpu_subsystem.o
 0002:0000194e       ??_C@_1FK@NMHJFOBI@?$AA?7?$AA?$CF?$AAl?$AAl?$AAd?$AA?4?$AA?$CF?$AAl?$AAl?$AAd?$AA?4?$AAG?$AAl?$AAo?$AAb?$AAa?$AAl?$AA?5?$AAM?$AAe?$AAm?$AA?5?$AAC?$AAa?$AAc?$AAh?$AAe?$AA?5?$AAS?$AAi?$AAz?$AAe@ 000000014001494e     dbg_.-gpu_subsystem.o
 0002:000019a8       ??_C@_1FK@KEPOBMOJ@?$AA?7?$AA?$CF?$AAl?$AAl?$AAd?$AA?4?$AA?$CF?$AAl?$AAl?$AAd?$AA?4?$AAG?$AAl?$AAo?$AAb?$AAa?$AAl?$AA?5?$AAM?$AAe?$AAm?$AA?5?$AAS?$AAi?$AAz?$AAe?$AA?5?$AA?5?$AA?5?$AA?5?$AA?5?$AA?5@ 00000001400149a8     dbg_.-gpu_subsystem.o
 0002:00001a02       ??_C@_1FK@BEKCEBKI@?$AA?7?$AA?$CF?$AAl?$AAl?$AAd?$AA?4?$AA?$CF?$AAl?$AAl?$AAd?$AA?4?$AAL?$AAo?$AAc?$AAa?$AAl?$AA?5?$AAM?$AAe?$AAm?$AA?5?$AAS?$AAi?$AAz?$AAe?$AA?5?$AA?5?$AA?5?$AA?5?$AA?5?$AA?5?$AA?5@ 0000000140014a02     dbg_.-gpu_subsystem.o
 0002:00001a5c       ??_C@_1DG@HHDGLCMF@?$AAA?$AAt?$AA?5?$AAe?$AAn?$AAd?$AA?5?$AAh?$AAa?$AAv?$AAe?$AA?5?$AA?$CF?$AAl?$AAl?$AAd?$AA?5?$AAd?$AAe?$AAv?$AAi?$AAc?$AAe?$AAs?$AA?4?$AA?6?$AA?$AA@ 0000000140014a5c     dbg_.-gpu_subsystem.o
 0002:00001a92       ??_C@_1FC@JJNHHFIJ@?$AAI?$AAn?$AAi?$AAt?$AA?5?$AAf?$AAo?$AAr?$AAm?$AA?5?$AAp?$AAl?$AAa?$AAt?$AAf?$AAo?$AAr?$AAm?$AA?5?$AA?$CF?$AAl?$AAl?$AAd?$AA?5?$AA?$FL?$AAa?$AAu?$AAt?$AAo?$AA?5?$AAs?$AAe@ 0000000140014a92     dbg_.-gpu_subsystem.o
 0002:00001ae4       ??_C@_1EC@CFAEGHOO@?$AAE?$AAr?$AAr?$AAo?$AAr?$AA?5?$AAa?$AAt?$AA?5?$AAc?$AAl?$AAC?$AAr?$AAe?$AAa?$AAt?$AAe?$AAC?$AAo?$AAn?$AAt?$AAe?$AAx?$AAt?$AA?5?$AA?$FL?$AA?$CF?$AAl?$AAl?$AAd?$AA?$FN?$AA?6@ 0000000140014ae4     dbg_.-gpu_subsystem.o
 0002:00001b26       ??_C@_1GI@JODPKPLM@?$AAE?$AAr?$AAr?$AAo?$AAr?$AA?5?$AAa?$AAt?$AA?5?$AAc?$AAl?$AAC?$AAr?$AAe?$AAa?$AAt?$AAe?$AAC?$AAo?$AAm?$AAm?$AAa?$AAn?$AAd?$AAQ?$AAu?$AAe?$AAu?$AAe?$AAW?$AAi?$AAt@ 0000000140014b26     dbg_.-gpu_subsystem.o
 0002:00001b8e       ??_C@_0FA@OKGFDHAO@?9cl?9single?9precision?9constant?5?9c@ 0000000140014b8e     dbg_.-gpu_subsystem.o
 0002:00001bde       ??_C@_1DE@FJCPKFIJ@?$AAB?$AAu?$AAi?$AAl?$AAd?$AAP?$AAr?$AAo?$AAg?$AAr?$AAa?$AAm?$AA?5?$AAE?$AAr?$AAr?$AAo?$AAr?$AA?3?$AA?5?$AA?$CF?$AAl?$AAl?$AAd?$AA?6?$AA?$AA@ 0000000140014bde     dbg_.-gpu_subsystem.o
 0002:00001c12       ??_C@_19PDAGFAKM@?$AA?4?$AA?4?$AA?4?$AA?6?$AA?$AA@ 0000000140014c12     dbg_.-gpu_subsystem.o
 0002:00001c1c       ??_C@_1CO@HIIDKPPP@?$AAB?$AAu?$AAi?$AAl?$AAd?$AAI?$AAn?$AAf?$AAo?$AA?5?$AAE?$AAr?$AAr?$AAo?$AAr?$AA?3?$AA?5?$AA?$CF?$AAl?$AAl?$AAd?$AA?6?$AA?$AA@ 0000000140014c1c     dbg_.-gpu_subsystem.o
 0002:00001c4a       ??_C@_1DA@GJKLKGNM@?$AAB?$AAu?$AAi?$AAl?$AAd?$AAI?$AAn?$AAf?$AAo?$AA2?$AA?5?$AAE?$AAr?$AAr?$AAo?$AAr?$AA?3?$AA?5?$AA?$CF?$AAl?$AAl?$AAd?$AA?6?$AA?$AA@ 0000000140014c4a     dbg_.-gpu_subsystem.o
 0002:00001c7a       ??_C@_1DA@CBNNMJJB@?$AAE?$AAr?$AAr?$AAo?$AAr?$AA?5?$AAI?$AAn?$AAf?$AAo?$AA?3?$AA?5?$AAc?$AAo?$AAd?$AAe?$AA?$DN?$AA?$CF?$AAl?$AAl?$AAd?$AA?3?$AA?6?$AA?$AA@ 0000000140014c7a     dbg_.-gpu_subsystem.o
 0002:00001caa       ??_C@_1CA@CAEDKLHA@?$AA?$CF?$AA0?$AA2?$AAx?$AA?5?$AA?$CF?$AA0?$AA2?$AAx?$AA?5?$AA?$CF?$AA0?$AA2?$AAx?$AA?6?$AA?$AA@ 0000000140014caa     dbg_.-gpu_subsystem.o
 0002:00001cca       ??_C@_17MJEANDKP@?$AA?$CF?$AAs?$AA?6?$AA?$AA@ 0000000140014cca     dbg_.-gpu_subsystem.o
 0002:00001cd2       ??_C@_1CO@DCKAPNAK@?$AAw?$AAa?$AAi?$AAt?$AAi?$AAn?$AAg?$AA?5?$AAs?$AAt?$AAa?$AAr?$AAt?$AAu?$AAp?$AA?5?$AAp?$AAa?$AAg?$AAe?$AAs?$AA?6?$AA?$AA@ 0000000140014cd2     dbg_.-hive_entry.o
 0002:00001d00       ??_C@_1EI@OLFKDNEP@?$AAE?$AAr?$AAr?$AAo?$AAr?$AA?3?$AA?5?$AAa?$AAl?$AAl?$AAo?$AAc?$AAa?$AAt?$AAe?$AAd?$AA?5?$AAa?$AAr?$AAr?$AAa?$AAy?$AA?5?$AAi?$AAs?$AAn?$AA?8?$AAt?$AA?5?$AAl?$AAo?$AAc@ 0000000140014d00     dbg_.-hive_entry.o
 0002:00001d48       ??_C@_1BM@MGOLOELI@?$AAr?$AAe?$AAs?$AAC?$AAo?$AAd?$AAe?$AAI?$AAd?$AA?$DN?$AA?$CF?$AAp?$AA?6?$AA?$AA@ 0000000140014d48     dbg_.-hive_entry.o
 0002:00001df0       ??_C@_1DO@NMNBJACC@?$AA?9?$AA?9?$AA?9?$AA?9?$AA?9?$AA?5?$AAt?$AAo?$AAt?$AAa?$AAl?$AA?5?$AA?$CF?$AAl?$AAl?$AAd?$AA?5?$AAc?$AAo?$AAn?$AAn?$AAe?$AAc?$AAt?$AAi?$AAo?$AAn?$AAs?$AA?3?$AA?6?$AA?$AA@ 0000000140014df0     dbg_.-remote.o
 0002:00001e2e       ??_C@_1EM@BPMELAJO@?$AA?9?$AAc?$AAo?$AAn?$AAn?$AAe?$AAc?$AAt?$AAi?$AAo?$AAn?$AA?5?$AA?$FL?$AA?$CF?$AAp?$AA?$FN?$AA?5?$AA?$CF?$AAl?$AAl?$AAd?$AA?3?$AA?5?$AAl?$AAo?$AAc?$AAa?$AAl?$AA_?$AAi?$AAd?$AA?$DN@ 0000000140014e2e     dbg_.-remote.o
 0002:00001e7a       ??_C@_1DC@HEOFFPLC@?$AAo?$AAu?$AAt?$AAg?$AAo?$AAi?$AAn?$AAg?$AA?3?$AA?5?$AAN?$AAo?$AA?5?$AAc?$AAo?$AAn?$AAn?$AAe?$AAc?$AAt?$AAi?$AAo?$AAn?$AA?6?$AA?$AA@ 0000000140014e7a     dbg_.-remote.o
 0002:00001eac       ??_C@_1DG@HNEHLNLB@?$AAo?$AAu?$AAt?$AAg?$AAo?$AAi?$AAn?$AAg?$AA?3?$AA?5?$AAI?$AAP?$AA?$DN?$AA?$CF?$AAs?$AA?5?$AAP?$AAO?$AAR?$AAT?$AA?$DN?$AA?$CF?$AAl?$AAl?$AAd?$AA?6?$AA?$AA@ 0000000140014eac     dbg_.-remote.o
 0002:00001ee2       ??_C@_1DI@OKINGPOA@?$AAo?$AAu?$AAt?$AAg?$AAo?$AAi?$AAn?$AAg?$AA?3?$AA?5?$AA?5?$AAI?$AAP?$AA?$DN?$AA?$CF?$AAs?$AA?5?$AAP?$AAO?$AAR?$AAT?$AA?$DN?$AA?$CF?$AAl?$AAl?$AAd?$AA?6?$AA?$AA@ 0000000140014ee2     dbg_.-remote.o
 0002:00001f1a       ??_C@_1CM@KOFOMBCP@?$AAo?$AAu?$AAt?$AAg?$AAo?$AAi?$AAn?$AAg?$AA?3?$AA?5?$AA?5?$AAC?$AAo?$AAr?$AAr?$AAu?$AAp?$AAt?$AAe?$AAd?$AA?6?$AA?$AA@ 0000000140014f1a     dbg_.-remote.o
 0002:00001f46       ??_C@_1DC@OBBDDNNB@?$AAi?$AAn?$AAc?$AAo?$AAm?$AAi?$AAn?$AAg?$AA?3?$AA?5?$AAN?$AAo?$AA?5?$AAc?$AAo?$AAn?$AAn?$AAe?$AAc?$AAt?$AAi?$AAo?$AAn?$AA?6?$AA?$AA@ 0000000140014f46     dbg_.-remote.o
 0002:00001f78       ??_C@_1DG@NNAENLOC@?$AAi?$AAn?$AAc?$AAo?$AAm?$AAi?$AAn?$AAg?$AA?3?$AA?5?$AAI?$AAP?$AA?$DN?$AA?$CF?$AAs?$AA?5?$AAP?$AAO?$AAR?$AAT?$AA?$DN?$AA?$CF?$AAl?$AAl?$AAd?$AA?6?$AA?$AA@ 0000000140014f78     dbg_.-remote.o
 0002:00001fae       ??_C@_1DI@NPMKAFFJ@?$AAi?$AAn?$AAc?$AAo?$AAm?$AAi?$AAn?$AAg?$AA?3?$AA?5?$AA?5?$AAI?$AAP?$AA?$DN?$AA?$CF?$AAs?$AA?5?$AAP?$AAO?$AAR?$AAT?$AA?$DN?$AA?$CF?$AAl?$AAl?$AAd?$AA?6?$AA?$AA@ 0000000140014fae     dbg_.-remote.o
 0002:00001fe6       ??_C@_1GA@HHMMHPKA@?$AA?$CB?$AA?$CB?$AA?$CB?$AA?$CB?$AA?$CB?$AA?5?$AA?$DO?$AA?$DO?$AA?$DO?$AA?$DO?$AA?$DO?$AA?$DO?$AA?5?$AAP?$AAa?$AAg?$AAe?$AA?5?$AAa?$AAl?$AAl?$AAo?$AAc?$AAa?$AAt?$AAi?$AAo?$AAn?$AA?5?$AAi?$AAd?$AA?$DN@ 0000000140014fe6     dbg_.-remote.o
 0002:00002046       ??_C@_1DE@OFJFJIIH@?$AAS?$AAe?$AAr?$AAv?$AAe?$AAr?$AA?5?$AAi?$AAd?$AA?$DN?$AA?$CF?$AAl?$AAl?$AAd?$AA?5?$AAc?$AAo?$AAn?$AAf?$AAi?$AAr?$AAm?$AAe?$AAd?$AA?6?$AA?$AA@ 0000000140015046     dbg_.-remote.o
 0002:0000207a       ??_C@_1CG@DJLPCGPG@?$AAC?$AAl?$AAi?$AAe?$AAn?$AAt?$AA?5?$AAc?$AAo?$AAn?$AAn?$AAe?$AAc?$AAt?$AAe?$AAd?$AA?$CB?$AA?6?$AA?$AA@ 000000014001507a     dbg_.-remote.o
 0002:000020a0       ??_C@_1GO@KIHGLMJK@?$AAS?$AAe?$AAn?$AAd?$AA?5?$AAc?$AAo?$AAn?$AAf?$AAi?$AAr?$AAm?$AAa?$AAt?$AAi?$AAo?$AAn?$AA?5?$AAo?$AAf?$AA?5?$AAp?$AAa?$AAg?$AAe?$AA?5?$AAa?$AAl?$AAl?$AAo?$AAc?$AAa@ 00000001400150a0     dbg_.-remote.o
 0002:0000210e       ??_C@_1FC@NJOMCOBI@?$AAR?$AAe?$AAd?$AAi?$AAr?$AAe?$AAc?$AAt?$AAi?$AAn?$AAg?$AA?5?$AAp?$AAa?$AAg?$AAe?$AA?5?$AAq?$AAu?$AAe?$AAr?$AAy?$AA?5?$AAt?$AAo?$AA?5?$AAl?$AAo?$AAc?$AAa?$AAl?$AA_@ 000000014001510e     dbg_.-remote.o
 0002:00002160       ??_C@_1EO@MLLDILKB@?$AAR?$AAe?$AAd?$AAi?$AAr?$AAe?$AAc?$AAt?$AAi?$AAn?$AAg?$AA?5?$AAi?$AAd?$AA?5?$AAq?$AAu?$AAe?$AAr?$AAy?$AA?5?$AAt?$AAo?$AA?5?$AAl?$AAo?$AAc?$AAa?$AAl?$AA_?$AAi?$AAd@ 0000000140015160     dbg_.-remote.o
 0002:000021ae       ??_C@_1DM@IBOIDFJO@?$AAs?$AAo?$AAc?$AAk?$AAe?$AAt?$AA?$CI?$AA?$CJ?$AA?5?$AAf?$AAa?$AAi?$AAl?$AAe?$AAd?$AA?5?$AA?$FL?$AAe?$AAr?$AAr?$AAo?$AAr?$AA?$DN?$AA?$CF?$AAl?$AAl?$AAd?$AA?$FN?$AA?6?$AA?$AA@ 00000001400151ae     dbg_.-remote.o
 0002:000021ea       ??_C@_1CM@FLPDOBBA@?$AAR?$AAe?$AAq?$AAu?$AAe?$AAs?$AAt?$AAi?$AAn?$AAg?$AA?5?$AAp?$AAo?$AAr?$AAt?$AA?5?$AA?$CF?$AAl?$AAl?$AAd?$AA?6?$AA?$AA@ 00000001400151ea     dbg_.-remote.o
 0002:00002216       ??_C@_1DK@IOCIPHFJ@?$AAc?$AAo?$AAn?$AAn?$AAe?$AAc?$AAt?$AA?5?$AAf?$AAa?$AAi?$AAl?$AAe?$AAd?$AA?5?$AA?$FL?$AAe?$AAr?$AAr?$AAo?$AAr?$AA?$DN?$AA?$CF?$AAl?$AAl?$AAd?$AA?$FN?$AA?6?$AA?$AA@ 0000000140015216     dbg_.-remote.o
 0002:00002250       ??_C@_1DO@IMGJNCBG@?$AAC?$AAo?$AAn?$AAn?$AAe?$AAc?$AAt?$AAi?$AAo?$AAn?$AA?5?$AAi?$AAs?$AA?5?$AAs?$AAu?$AAc?$AAc?$AAe?$AAs?$AAs?$AAf?$AAu?$AAl?$AA?$CB?$AA?5?$AA?$FL?$AA1?$AA?$FN?$AA?6?$AA?$AA@ 0000000140015250     dbg_.-remote.o
 0002:0000228e       ??_C@_1GE@BBHPHIKC@?$AAE?$AAr?$AAr?$AAo?$AAr?$AA?5?$AA?9?$AA?5?$AAs?$AAe?$AAr?$AAv?$AAe?$AAr?$AA_?$AAp?$AAo?$AAr?$AAt?$AA?5?$AA?$DN?$AA?$DN?$AA?5?$AA?9?$AA1?$AA?5?$AA?$FL?$AAs?$AAe?$AAr?$AAv?$AAe@ 000000014001528e     dbg_.-remote.o
 0002:000022f2       ??_C@_1EM@HCGPBNNP@?$AAS?$AAt?$AAa?$AAr?$AAt?$AAi?$AAn?$AAg?$AA?5?$AAn?$AAe?$AAw?$AA?5?$AAc?$AAo?$AAn?$AAn?$AAe?$AAc?$AAt?$AAi?$AAo?$AAn?$AA?5?$AAt?$AAo?$AA?5?$AA?$FL?$AA?$CF?$AAs?$AA?$FN?$AA?5@ 00000001400152f2     dbg_.-remote.o
 0002:0000233e       ??_C@_1FE@JKPBPNOM@?$AAE?$AAr?$AAr?$AAo?$AAr?$AA?5?$AAr?$AAe?$AAs?$AAo?$AAl?$AAv?$AAi?$AAn?$AAg?$AA?5?$AAh?$AAo?$AAs?$AAt?$AA?4?$AA?5?$AA?$FL?$AAs?$AAt?$AAa?$AAt?$AAu?$AAs?$AA?$DN?$AA?$CF?$AAl@ 000000014001533e     dbg_.-remote.o
 0002:00002392       ??_C@_1DO@COGNFPF@?$AAC?$AAo?$AAn?$AAn?$AAe?$AAc?$AAt?$AAi?$AAo?$AAn?$AA?5?$AAi?$AAs?$AA?5?$AAs?$AAu?$AAc?$AAc?$AAe?$AAs?$AAs?$AAf?$AAu?$AAl?$AA?$CB?$AA?5?$AA?$FL?$AA2?$AA?$FN?$AA?6?$AA?$AA@ 0000000140015392     dbg_.-remote.o
 0002:000023d0       ??_C@_1FK@FPKJOMKP@?$AAE?$AAr?$AAr?$AAo?$AAr?$AA?3?$AA?5?$AAC?$AAo?$AAu?$AAl?$AAd?$AA?5?$AAn?$AAo?$AAt?$AA?5?$AAc?$AAo?$AAn?$AAn?$AAe?$AAc?$AAt?$AA?5?$AAt?$AAo?$AA?5?$AA?$CF?$AAs?$AA?5?$AA?$FL@ 00000001400153d0     dbg_.-remote.o
 0002:0000242a       ??_C@_1EA@JBNEEBDD@?$AAT?$AAr?$AAy?$AAi?$AAn?$AAg?$AA?5?$AAt?$AAo?$AA?5?$AAg?$AAe?$AAt?$AA?5?$AAm?$AAe?$AAm?$AAo?$AAr?$AAy?$AA?5?$AAp?$AAa?$AAg?$AAe?$AA?5?$AA?$CF?$AAl?$AAl?$AAd?$AA?6?$AA?$AA@ 000000014001542a     dbg_.-remote.o
 0002:0000246a       ??_C@_1EI@BHCKMCLF@?$AAC?$AAr?$AAe?$AAa?$AAt?$AAe?$AAd?$AA?5?$AAb?$AAr?$AAo?$AAa?$AAd?$AAc?$AAa?$AAs?$AAt?$AA?5?$AAw?$AAi?$AAt?$AAh?$AA?5?$AAp?$AAr?$AAe?$AAf?$AAi?$AAx?$AA?$DN?$AA?$CF?$AAl@ 000000014001546a     dbg_.-remote.o
 0002:000024b2       ??_C@_1DM@MBBJEJBJ@?$AAT?$AAr?$AAy?$AAi?$AAn?$AAg?$AA?5?$AAt?$AAo?$AA?5?$AAg?$AAe?$AAt?$AA?5?$AAs?$AAe?$AAr?$AAv?$AAe?$AAr?$AA?5?$AAi?$AAd?$AA?5?$AA?$CF?$AAl?$AAl?$AAd?$AA?6?$AA?$AA@ 00000001400154b2     dbg_.-remote.o
 0002:000024ee       ??_C@_1GK@DMGCKEJF@?$AAA?$AAn?$AAs?$AAw?$AAe?$AAr?$AA?5?$AAP?$AAu?$AAs?$AAh?$AA?5?$AAO?$AAb?$AAj?$AAe?$AAc?$AAt?$AA?5?$AAt?$AAo?$AA?5?$AAl?$AAo?$AAc?$AAa?$AAl?$AAi?$AAd?$AA?$DN?$AA?$CF?$AAl@ 00000001400154ee     dbg_.-remote.o
 0002:00002558       ??_C@_1GM@MICHOCHB@?$AAA?$AAn?$AAs?$AAw?$AAe?$AAr?$AA?5?$AAQ?$AAu?$AAe?$AAr?$AAy?$AA?5?$AAO?$AAb?$AAj?$AAe?$AAc?$AAt?$AA?5?$AAt?$AAo?$AA?5?$AAl?$AAo?$AAc?$AAa?$AAl?$AAi?$AAd?$AA?$DN?$AA?$CF@ 0000000140015558     dbg_.-remote.o
 0002:000025c4       ??_C@_1FK@FHPCFNAH@?$AAs?$AAe?$AAn?$AAd?$AA?5?$AAb?$AAr?$AAo?$AAa?$AAd?$AAc?$AAa?$AAs?$AAt?$AA?5?$AAa?$AAn?$AAs?$AAw?$AAe?$AAr?$AA?5?$AAp?$AAa?$AAt?$AAh?$AA?5?$AAt?$AAo?$AA?5?$AAl?$AAo@ 00000001400155c4     dbg_.-remote.o
 0002:0000261e       ??_C@_1FM@FIIIPBAA@?$AAs?$AAe?$AAn?$AAd?$AA?5?$AAb?$AAr?$AAo?$AAa?$AAd?$AAc?$AAa?$AAs?$AAt?$AA?5?$AAp?$AAa?$AAt?$AAh?$AA?5?$AAr?$AAe?$AAq?$AAu?$AAe?$AAs?$AAt?$AA?5?$AAt?$AAo?$AA?5?$AAl@ 000000014001561e     dbg_.-remote.o
 0002:0000267a       ??_C@_1GA@MDBOGCGI@?$AAs?$AAe?$AAn?$AAd?$AA?5?$AAb?$AAr?$AAo?$AAa?$AAd?$AAc?$AAa?$AAs?$AAt?$AA?5?$AAa?$AAn?$AAs?$AAw?$AAe?$AAr?$AA?5?$AAi?$AAd?$AA?5?$AAp?$AAa?$AAt?$AAh?$AA?5?$AAt?$AAo@ 000000014001567a     dbg_.-remote.o
 0002:000026da       ??_C@_1EO@CDOEBIIP@?$AAS?$AAe?$AAn?$AAd?$AAi?$AAn?$AAg?$AA?5?$AAb?$AAr?$AAo?$AAa?$AAd?$AAc?$AAa?$AAs?$AAt?$AA?5?$AAt?$AAo?$AA?5?$AAf?$AAi?$AAn?$AAd?$AA?5?$AAo?$AAb?$AAj?$AAe?$AAc?$AAt@ 00000001400156da     dbg_.-remote.o
 0002:00002728       ??_C@_1DC@EHBNKHBD@?$AAr?$AAe?$AAq?$AAu?$AAe?$AAs?$AAt?$AA?5?$AAs?$AAe?$AAt?$AA?5?$AAo?$AAb?$AAj?$AAe?$AAc?$AAt?$AA?$DN?$AA?$CF?$AAl?$AAl?$AAd?$AA?6?$AA?$AA@ 0000000140015728     dbg_.-remote.o
 0002:0000275a       ??_C@_1CO@OBFELGCG@?$AAl?$AAo?$AAc?$AAa?$AAl?$AA?5?$AAo?$AAb?$AAj?$AAe?$AAc?$AAt?$AA?5?$AA?9?$AA?5?$AAa?$AAn?$AAs?$AAw?$AAe?$AAr?$AA?6?$AA?$AA@ 000000014001575a     dbg_.-remote.o
 0002:00002788       ??_C@_1CC@BJNHGOIA@?$AAd?$AAo?$AAn?$AA?8?$AAt?$AA?5?$AAk?$AAn?$AAo?$AAw?$AA?5?$AAp?$AAa?$AAt?$AAh?$AA?6?$AA?$AA@ 0000000140015788     dbg_.-remote.o
 0002:000027aa       ??_C@_1DA@NHJHHADA@?$AAr?$AAe?$AAq?$AAu?$AAe?$AAs?$AAt?$AA?5?$AAs?$AAe?$AAn?$AAt?$AA?5?$AA?$FL?$AAt?$AAo?$AA?5?$AA?$CF?$AAl?$AAl?$AAd?$AA?$FN?$AA?6?$AA?$AA@ 00000001400157aa     dbg_.-remote.o
 0002:000027da       ??_C@_1IK@DBMEHLHD@?$AAS?$AAt?$AAa?$AAr?$AAt?$AAi?$AAn?$AAg?$AA?5?$AAn?$AAe?$AAw?$AA?5?$AAR?$AAE?$AAM?$AAO?$AAT?$AAE?$AA?5?$AAw?$AAo?$AAr?$AAk?$AAe?$AAr?$AA?5?$AA?$CF?$AAl?$AAl?$AAd?$AA?5@ 00000001400157da     dbg_.-remote.o
 0002:00002864       ??_C@_1EK@DLJDAMIC@?$AAs?$AAe?$AAn?$AAd?$AAi?$AAn?$AAg?$AA?5?$AAh?$AAi?$AAv?$AAe?$AA?5?$AAs?$AAt?$AAa?$AAt?$AAe?$AA?5?$AA?$FL?$AA?$CF?$AAl?$AAl?$AAd?$AA?5?$AA?$CF?$AAl?$AAl?$AAd?$AA?5?$AA?$CF?$AAl@ 0000000140015864     dbg_.-remote.o
 0002:000028ae       ??_C@_1DG@PIHIFHIB@?$AAi?$AAn?$AAt?$AAi?$AAi?$AAa?$AAl?$AAi?$AAz?$AAa?$AAt?$AAi?$AAn?$AAg?$AA?5?$AAn?$AAe?$AAt?$AAw?$AAo?$AAr?$AAk?$AA?4?$AA?4?$AA?4?$AA?6?$AA?$AA@ 00000001400158ae     dbg_.-remote.o
 0002:000028e4       ??_C@_1LE@PPGJDLMH@?$AA?$FL?$AAp?$AA?5?$AA?$DM?$AAp?$AAo?$AAr?$AAt?$AA?$DO?$AA?$FN?$AA?5?$AAt?$AAo?$AA?5?$AAs?$AAe?$AAl?$AAe?$AAc?$AAt?$AA?5?$AAp?$AAo?$AAr?$AAt?$AA?5?$AA?$FL?$AAc?$AA?5?$AA?$DM?$AAi?$AAp@ 00000001400158e4     dbg_.-remote.o
 0002:00002998       ??_C@_1BO@BCIJKPCC@?$AAE?$AAn?$AAt?$AAe?$AAr?$AA?5?$AAc?$AAo?$AAm?$AAm?$AAa?$AAn?$AAd?$AA?$DO?$AA?$AA@ 0000000140015998     dbg_.-remote.o
 0002:000029b6       ??_C@_1CK@IMAGNILG@?$AAC?$AAo?$AAn?$AAf?$AAi?$AAr?$AAm?$AAe?$AAd?$AA?5?$AAp?$AAo?$AAr?$AAt?$AA?$DN?$AA?$CF?$AAl?$AAl?$AAd?$AA?6?$AA?$AA@ 00000001400159b6     dbg_.-remote.o
 0002:000029e0       ??_C@_1CE@BDEHPDNE@?$AAG?$AAe?$AAt?$AA?5?$AAc?$AAo?$AAm?$AAm?$AAa?$AAn?$AAd?$AA?5?$AA?$FL?$AA?$CF?$AAs?$AA?$FN?$AA?6?$AA?$AA@ 00000001400159e0     dbg_.-remote.o
 0002:00002a04       ??_C@_1DG@NNMMEGKD@?$AAS?$AAe?$AAl?$AAe?$AAc?$AAt?$AAe?$AAd?$AA?5?$AAc?$AAo?$AAn?$AAn?$AAe?$AAc?$AAt?$AA?5?$AAc?$AAo?$AAm?$AAm?$AAa?$AAn?$AAd?$AA?4?$AA?6?$AA?$AA@ 0000000140015a04     dbg_.-remote.o
 0002:00002a3a       ??_C@_1CI@KPENLAE@?$AAE?$AAn?$AAt?$AAe?$AAr?$AA?5?$AAI?$AAP?$AA?5?$AAa?$AAn?$AAd?$AA?5?$AAP?$AAO?$AAR?$AAT?$AA?4?$AA?6?$AA?$AA@ 0000000140015a3a     dbg_.-remote.o
 0002:00002a62       ??_C@_1EG@CAHECGOL@?$AAT?$AAr?$AAy?$AAi?$AAn?$AAg?$AA?5?$AAt?$AAo?$AA?5?$AAc?$AAo?$AAn?$AAn?$AAe?$AAc?$AAt?$AA?5?$AAt?$AAo?$AA?5?$AA?$FL?$AA?$CF?$AAs?$AA?$FN?$AA?5?$AA?$FL?$AA?$CF?$AAs?$AA?$FN?$AA?4?$AA?4@ 0000000140015a62     dbg_.-remote.o
 0002:00002aa8       ??_C@_1DG@GLOHHOJG@?$AAT?$AAe?$AAm?$AAp?$AAo?$AAr?$AAa?$AAr?$AAy?$AA?5?$AAl?$AAo?$AAc?$AAa?$AAl?$AA_?$AAi?$AAd?$AA?5?$AA?$DN?$AA?5?$AA?$CF?$AAl?$AAl?$AAd?$AA?6?$AA?$AA@ 0000000140015aa8     dbg_.-remote.o
 0002:00002ade       ??_C@_1DC@MOJEJJIM@?$AAC?$AAo?$AAn?$AAf?$AAi?$AAg?$AAu?$AAr?$AAa?$AAt?$AAi?$AAo?$AAn?$AA?5?$AAc?$AAo?$AAn?$AAf?$AAi?$AAr?$AAm?$AAe?$AAd?$AA?6?$AA?$AA@ 0000000140015ade     dbg_.-remote.o
 0002:00002b10       ??_C@_1BA@IEOPIPPP@?$AAg?$AAe?$AAt?$AA?5?$AAi?$AAd?$AA?6?$AA?$AA@ 0000000140015b10     dbg_.-remote.o
 0002:00002b20       ??_C@_1BE@JGIALBEO@?$AAs?$AAl?$AAe?$AAe?$AAp?$AAi?$AAn?$AAg?$AA?6?$AA?$AA@ 0000000140015b20     dbg_.-remote.o
 0002:00002b34       ??_C@_1CC@DLADIFA@?$AAr?$AAu?$AAn?$AAn?$AAi?$AAn?$AAg?$AA?5?$AAt?$AAh?$AAr?$AAe?$AAa?$AAd?$AAs?$AA?6?$AA?$AA@ 0000000140015b34     dbg_.-remote.o
 0002:00002b56       ??_C@_1CO@OPIMELJM@?$AAn?$AAe?$AAt?$AAw?$AAo?$AAr?$AAk?$AA?5?$AAi?$AAn?$AAi?$AAt?$AAi?$AAa?$AAl?$AAi?$AAz?$AAa?$AAt?$AAe?$AAd?$AA?6?$AA?$AA@ 0000000140015b56     dbg_.-remote.o
 0002:00002b84       ??_C@_1DM@PKIKMHMJ@?$AA?$FL?$AAN?$AAE?$AAT?$AAW?$AAO?$AAR?$AAK?$AA?$FN?$AA?3?$AA?5?$AAP?$AAe?$AAe?$AAr?$AA?5?$AAd?$AAi?$AAs?$AAc?$AAo?$AAn?$AAn?$AAe?$AAc?$AAt?$AAe?$AAd?$AA?6?$AA?$AA@ 0000000140015b84     dbg_.-remote.o
 0002:00002bc0       ??_C@_1DG@IHKBKGHO@?$AAG?$AAe?$AAt?$AA?5?$AAm?$AAe?$AAs?$AAs?$AAa?$AAg?$AAe?$AA?5?$AAo?$AAf?$AA?5?$AA?$CF?$AAl?$AAl?$AAd?$AA?5?$AAb?$AAy?$AAt?$AAe?$AAs?$AA?6?$AA?$AA@ 0000000140015bc0     dbg_.-remote.o
 0002:00002bf6       ??_C@_1EE@FBAKCJKM@?$AAp?$AAr?$AAo?$AAc?$AAe?$AAs?$AAs?$AA?5?$AAh?$AAe?$AAa?$AAd?$AAe?$AAr?$AA?$FL?$AAo?$AAk?$AA?$FN?$AA?5?$AA?$FL?$AAh?$AAe?$AAa?$AAd?$AAe?$AAr?$AA?$DN?$AA?$CF?$AAl?$AAl?$AAd?$AA?$FN@ 0000000140015bf6     dbg_.-remote.o
 0002:00002c3a       ??_C@_1EE@CIFDCIBF@?$AAp?$AAr?$AAo?$AAc?$AAe?$AAs?$AAs?$AA?5?$AAl?$AAe?$AAn?$AAg?$AAt?$AAh?$AA?$FL?$AAo?$AAk?$AA?$FN?$AA?5?$AA?$FL?$AAl?$AAe?$AAn?$AAg?$AAt?$AAh?$AA?$DN?$AA?$CF?$AAl?$AAl?$AAd?$AA?$FN@ 0000000140015c3a     dbg_.-remote.o
 0002:00002c7e       ??_C@_1CM@JBMABCGC@?$AAp?$AAr?$AAo?$AAc?$AAe?$AAs?$AAs?$AA?5?$AAl?$AAe?$AAn?$AAg?$AAt?$AAh?$AA?$FL?$AAp?$AAa?$AAr?$AAt?$AA?$FN?$AA?6?$AA?$AA@ 0000000140015c7e     dbg_.-remote.o
 0002:00002caa       ??_C@_1CE@BMKCCAOL@?$AAp?$AAr?$AAo?$AAc?$AAe?$AAs?$AAs?$AA?5?$AAb?$AAo?$AAd?$AAy?$AA?$FL?$AAo?$AAk?$AA?$FN?$AA?6?$AA?$AA@ 0000000140015caa     dbg_.-remote.o
 0002:00002cce       ??_C@_1FE@JBHEOMDM@?$AAc?$AAo?$AAn?$AAn?$AAe?$AAc?$AAt?$AAi?$AAo?$AAn?$AA?5?$AAw?$AAa?$AAs?$AA?5?$AAc?$AAl?$AAo?$AAs?$AAe?$AAd?$AA?4?$AA?5?$AA?$FL?$AAl?$AAo?$AAc?$AAa?$AAl?$AA_?$AAi?$AAd@ 0000000140015cce     dbg_.-remote.o
 0002:00002d22       ??_C@_1CI@LDDDECLE@?$AAp?$AAr?$AAo?$AAc?$AAe?$AAs?$AAs?$AA?5?$AAb?$AAo?$AAd?$AAy?$AA?$FL?$AAp?$AAa?$AAr?$AAt?$AA?$FN?$AA?6?$AA?$AA@ 0000000140015d22     dbg_.-remote.o
 0002:00002d4a       ??_C@_1FI@DLIHECMG@?$AAG?$AAe?$AAt?$AA?5?$AAa?$AAp?$AAi?$AA?5?$AAc?$AAa?$AAl?$AAl?$AA?5?$AA?$CF?$AAl?$AAl?$AAd?$AA?5?$AAo?$AAf?$AA?5?$AAl?$AAe?$AAn?$AAg?$AAt?$AAh?$AA?3?$AA?5?$AA?$CF?$AAl?$AAl@ 0000000140015d4a     dbg_.-remote.o
 0002:00002da2       ??_C@_1EC@IGPNEALA@?$AAA?$AAP?$AAI?$AA_?$AAR?$AAE?$AAQ?$AAU?$AAE?$AAS?$AAT?$AA_?$AAC?$AAO?$AAN?$AAN?$AAE?$AAC?$AAT?$AAI?$AAO?$AAN?$AA?5?$AAa?$AAn?$AAs?$AAw?$AAe?$AAr?$AAe?$AAd?$AA?6@ 0000000140015da2     dbg_.-remote.o
 0002:00002de4       ??_C@_1HI@PFGJBABN@?$AAA?$AAP?$AAI?$AA_?$AAA?$AAN?$AAS?$AAW?$AAE?$AAR?$AA_?$AAR?$AAE?$AAQ?$AAU?$AAE?$AAS?$AAT?$AA_?$AAC?$AAO?$AAN?$AAN?$AAE?$AAC?$AAT?$AAI?$AAO?$AAN?$AA?5?$AAu?$AAp@ 0000000140015de4     dbg_.-remote.o
 0002:00002e5c       ??_C@_1EM@NFKPCEGC@?$AAU?$AAp?$AAd?$AAa?$AAt?$AAe?$AAd?$AA?5?$AAu?$AAs?$AAi?$AAn?$AAg?$AA?5?$AA?$FL?$AAc?$AAo?$AAn?$AA?$DN?$AA?$CF?$AAp?$AA?$FN?$AA?5?$AA?$FL?$AAa?$AAn?$AAd?$AA?5?$AAf?$AAr?$AAe?$AAe@ 0000000140015e5c     dbg_.-remote.o
 0002:00002ea8       ??_C@_1LA@ICLCBFDH@?$AAE?$AAr?$AAr?$AAo?$AAr?$AA?3?$AA?5?$AAA?$AAP?$AAI?$AA_?$AAA?$AAN?$AAS?$AAW?$AAE?$AAR?$AA_?$AAR?$AAE?$AAQ?$AAU?$AAE?$AAS?$AAT?$AA_?$AAC?$AAO?$AAN?$AAN?$AAE?$AAC@ 0000000140015ea8     dbg_.-remote.o
 0002:00002f58       ??_C@_1FA@NLLPLBEB@?$AAA?$AAP?$AAI?$AA_?$AAR?$AAE?$AAQ?$AAU?$AAE?$AAS?$AAT?$AA_?$AAI?$AAD?$AA?5?$AAp?$AAa?$AAg?$AAe?$AA?$DN?$AA?$CF?$AAl?$AAl?$AAd?$AA?5?$AA?$FL?$AAp?$AAr?$AAe?$AAf?$AAi?$AAx@ 0000000140015f58     dbg_.-remote.o
 0002:00002fa8       ??_C@_1BG@IOHEMCP@?$AAR?$AAe?$AAf?$AAu?$AAs?$AAe?$AA?5?$AAi?$AAd?$AA?6?$AA?$AA@ 0000000140015fa8     dbg_.-remote.o
 0002:00002fbe       ??_C@_1EI@DCLENIAC@?$AAC?$AAo?$AAn?$AAf?$AAi?$AAr?$AAm?$AAe?$AAd?$AA?5?$AAb?$AAe?$AAc?$AAo?$AAu?$AAs?$AAe?$AA?5?$AAl?$AAo?$AAc?$AAa?$AAl?$AA_?$AAi?$AAd?$AA?5?$AAd?$AAi?$AAf?$AAf?$AAe@ 0000000140015fbe     dbg_.-remote.o
 0002:00003006       ??_C@_1EI@GBBOHBKF@?$AAG?$AAe?$AAt?$AA?5?$AAb?$AAr?$AAo?$AAa?$AAd?$AAc?$AAa?$AAs?$AAt?$AA?5?$AAa?$AAn?$AAs?$AAw?$AAe?$AAr?$AA?5?$AA?$FL?$AAp?$AAr?$AAe?$AAf?$AAi?$AAx?$AA?$DN?$AA?$CF?$AAl?$AAl@ 0000000140016006     dbg_.-remote.o
 0002:0000304e       ??_C@_1CK@JAOCGICP@?$AAB?$AAr?$AAo?$AAa?$AAd?$AAc?$AAa?$AAs?$AAt?$AA?5?$AAc?$AAo?$AAn?$AAf?$AAi?$AAr?$AAm?$AAe?$AAd?$AA?6?$AA?$AA@ 000000014001604e     dbg_.-remote.o
 0002:00003078       ??_C@_1FM@HIELKEO@?$AAA?$AAP?$AAI?$AA_?$AAR?$AAE?$AAQ?$AAU?$AAE?$AAS?$AAT?$AA_?$AAM?$AAE?$AAM?$AA_?$AAP?$AAA?$AAG?$AAE?$AA?5?$AAp?$AAa?$AAg?$AAe?$AA?$DN?$AA?$CF?$AAl?$AAl?$AAd?$AA?5?$AA?$FL@ 0000000140016078     dbg_.-remote.o
 0002:000030d4       ??_C@_1CG@KIALDCLE@?$AAR?$AAe?$AAf?$AAu?$AAs?$AAe?$AA?5?$AAa?$AAl?$AAl?$AAo?$AAc?$AAa?$AAt?$AAi?$AAo?$AAn?$AA?6?$AA?$AA@ 00000001400160d4     dbg_.-remote.o
 0002:000030fa       ??_C@_1CM@IABHOCCE@?$AAg?$AAe?$AAt?$AA?5?$AAp?$AAu?$AAs?$AAh?$AA?5?$AAo?$AAb?$AAj?$AAe?$AAc?$AAt?$AA?5?$AA?$CF?$AAl?$AAl?$AAd?$AA?6?$AA?$AA@ 00000001400160fa     dbg_.-remote.o
 0002:00003126       ??_C@_1BM@CKHNEJCK@?$AAl?$AAo?$AAc?$AAa?$AAl?$AA?9?$AAp?$AAu?$AAs?$AAh?$AAe?$AAd?$AA?6?$AA?$AA@ 0000000140016126     dbg_.-remote.o
 0002:00003142       ??_C@_1CG@LACBKCJC@?$AAr?$AAe?$AAm?$AAo?$AAt?$AAe?$AA?9?$AAr?$AAe?$AAd?$AAi?$AAr?$AAe?$AAc?$AAt?$AAe?$AAd?$AA?6?$AA?$AA@ 0000000140016142     dbg_.-remote.o
 0002:00003168       ??_C@_1GM@LPBCPABN@?$AAU?$AAP?$AAD?$AAA?$AAT?$AAE?$AA?5?$AAP?$AAA?$AAT?$AAH?$AA?5?$AA1?$AA?5?$AAT?$AAO?$AA?5?$AA?$CF?$AAl?$AAl?$AAd?$AA?5?$AA?$FL?$AAd?$AAi?$AAs?$AAt?$AAa?$AAn?$AAc?$AAe?$AA?$DN@ 0000000140016168     dbg_.-remote.o
 0002:000031d4       ??_C@_1GM@FBBGBBEM@?$AAU?$AAP?$AAD?$AAA?$AAT?$AAE?$AA?5?$AAP?$AAA?$AAT?$AAH?$AA?5?$AA2?$AA?5?$AAT?$AAO?$AA?5?$AA?$CF?$AAl?$AAl?$AAd?$AA?5?$AA?$FL?$AAd?$AAi?$AAs?$AAt?$AAa?$AAn?$AAc?$AAe?$AA?$DN@ 00000001400161d4     dbg_.-remote.o
 0002:00003240       ??_C@_1HC@GFDBDKMJ@?$AAU?$AAP?$AAD?$AAA?$AAT?$AAE?$AA?5?$AAI?$AAD?$AA?5?$AAP?$AAA?$AAT?$AAH?$AA?5?$AA1?$AA?5?$AAT?$AAO?$AA?5?$AA?$CF?$AAl?$AAl?$AAd?$AA?5?$AA?$FL?$AAd?$AAi?$AAs?$AAt?$AAa?$AAn@ 0000000140016240     dbg_.-remote.o
 0002:000032b2       ??_C@_1HC@ILDFNLJI@?$AAU?$AAP?$AAD?$AAA?$AAT?$AAE?$AA?5?$AAI?$AAD?$AA?5?$AAP?$AAA?$AAT?$AAH?$AA?5?$AA2?$AA?5?$AAT?$AAO?$AA?5?$AA?$CF?$AAl?$AAl?$AAd?$AA?5?$AA?$FL?$AAd?$AAi?$AAs?$AAt?$AAa?$AAn@ 00000001400162b2     dbg_.-remote.o
 0002:00003324       ??_C@_1HC@IPIJLOJO@?$AAG?$AAe?$AAt?$AA?5?$AAr?$AAe?$AAm?$AAo?$AAt?$AAe?$AA?5?$AAs?$AAt?$AAa?$AAr?$AAt?$AA?5?$AAw?$AAo?$AAr?$AAk?$AAe?$AAr?$AA?5?$AA?$CF?$AAl?$AAl?$AAd?$AA?5?$AAf?$AAr?$AAo@ 0000000140016324     dbg_.-remote.o
 0002:00003396       ??_C@_1FC@CBJJGKKM@?$AAG?$AAE?$AAT?$AA?5?$AAH?$AAI?$AAV?$AAE?$AA?5?$AAS?$AAT?$AAA?$AAT?$AAE?$AA?3?$AA?5?$AA?$CF?$AAl?$AAl?$AAd?$AA?5?$AA?$CF?$AAl?$AAl?$AAd?$AA?5?$AA?$CF?$AAl?$AAl?$AAd?$AA?5?$AA?$FL@ 0000000140016396     dbg_.-remote.o
 0002:000033e8       ??_C@_1CG@PIAFPEME@?$AAS?$AAe?$AAr?$AAv?$AAe?$AAr?$AA?5?$AAs?$AAt?$AAa?$AAr?$AAt?$AAe?$AAd?$AA?4?$AA?4?$AA?4?$AA?6?$AA?$AA@ 00000001400163e8     dbg_.-remote.o
 0002:0000340e       ??_C@_1BI@HLOPLBKF@?$AAb?$AAi?$AAn?$AAd?$AAi?$AAn?$AAg?$AA?4?$AA?4?$AA?4?$AA?6?$AA?$AA@ 000000014001640e     dbg_.-remote.o
 0002:00003426       ??_C@_1CA@GONFBJEC@?$AAS?$AAo?$AAc?$AAk?$AAe?$AAt?$AA?5?$AAc?$AAr?$AAe?$AAa?$AAt?$AAe?$AAd?$AA?6?$AA?$AA@ 0000000140016426     dbg_.-remote.o
 0002:00003446       ??_C@_1DK@EHAPFJND@?$AAs?$AAe?$AAr?$AAv?$AAe?$AAr?$AA?5?$AAs?$AAt?$AAa?$AAr?$AAt?$AAe?$AAd?$AA?5?$AAo?$AAn?$AA?5?$AAp?$AAo?$AAr?$AAt?$AA?5?$AA?$CF?$AAl?$AAl?$AAd?$AA?6?$AA?$AA@ 0000000140016446     dbg_.-remote.o
 0002:00003480       ??_C@_1CM@OOKLEHNG@?$AAg?$AAe?$AAt?$AA?5?$AAn?$AAa?$AAm?$AAe?$AA?5?$AAf?$AAa?$AAi?$AAl?$AAe?$AAd?$AA?5?$AA?$CF?$AAl?$AAl?$AAd?$AA?6?$AA?$AA@ 0000000140016480     dbg_.-remote.o
 0002:000034ac       ??_C@_1CG@NGNGJBNB@?$AAE?$AAr?$AAr?$AAo?$AAr?$AA?5?$AAh?$AAa?$AAp?$AAp?$AAe?$AAn?$AA?5?$AA?$CF?$AAl?$AAl?$AAd?$AA?6?$AA?$AA@ 00000001400164ac     dbg_.-remote.o
 0002:000034d2       ??_C@_1FA@MICONLJJ@?$AAE?$AAr?$AAr?$AAo?$AAr?$AA?3?$AA?5?$AAf?$AAa?$AAi?$AAl?$AAe?$AAd?$AA?5?$AAt?$AAo?$AA?5?$AAa?$AAl?$AAl?$AAo?$AAc?$AAa?$AAt?$AAe?$AA?5?$AAm?$AAe?$AAm?$AAo?$AAr?$AAy@ 00000001400164d2     dbg_.-runtime_lib.o
 0002:00003522       ??_C@_1FE@CPMEHOGL@?$AAE?$AAr?$AAr?$AAo?$AAr?$AA?3?$AA?5?$AAf?$AAa?$AAi?$AAl?$AAe?$AAd?$AA?5?$AAt?$AAo?$AA?5?$AAr?$AAe?$AAa?$AAl?$AAl?$AAo?$AAc?$AAa?$AAt?$AAe?$AA?5?$AAm?$AAe?$AAm?$AAo@ 0000000140016522     dbg_.-runtime_lib.o
 0002:00003576       ??_C@_1EI@DJFGOBAG@?$AAE?$AAr?$AAr?$AAo?$AAr?$AA?3?$AA?5?$AAf?$AAa?$AAi?$AAl?$AAe?$AAd?$AA?5?$AAt?$AAo?$AA?5?$AAf?$AAr?$AAe?$AAe?$AA?5?$AAm?$AAe?$AAm?$AAo?$AAr?$AAy?$AA?3?$AA?5?$AA?$CF?$AAl@ 0000000140016576     dbg_.-runtime_lib.o
 0002:000035be       ??_C@_1CM@EJGKJCED@?$AAA?$AAs?$AAs?$AAe?$AAr?$AAt?$AAi?$AAo?$AAn?$AA?5?$AAf?$AAa?$AAi?$AAl?$AAe?$AAd?$AA?3?$AA?5?$AA?$CF?$AAs?$AA?6?$AA?$AA@ 00000001400165be     dbg_.-runtime_lib.o
 0002:000035ea       ??_C@_1EI@GJCCEHA@?$AAF?$AAi?$AAl?$AAe?$AA?3?$AA?5?$AA?$CF?$AAs?$AA?0?$AA?5?$AAL?$AAi?$AAn?$AAe?$AA?3?$AA?5?$AA?$CF?$AAl?$AAl?$AAd?$AA?0?$AA?5?$AAF?$AAu?$AAn?$AAc?$AAt?$AAi?$AAo?$AAn?$AA?3?$AA?5@ 00000001400165ea     dbg_.-runtime_lib.o
 0002:00003868       ??_C@_1GE@NIGCAFOK@?$AAE?$AAr?$AAr?$AAo?$AAr?$AA?3?$AA?5?$AAg?$AAp?$AAu?$AA?5?$AAw?$AAo?$AAr?$AAk?$AAe?$AAr?$AA?5?$AAd?$AAo?$AAe?$AAn?$AA?8?$AAt?$AA?5?$AAs?$AAu?$AAp?$AAp?$AAo?$AAr?$AAt@ 0000000140016868     dbg_.-runtime.o
 0002:000038cc       ??_C@_1DO@CBJEPNAO@?$AAP?$AAr?$AAo?$AAm?$AAi?$AAs?$AAe?$AA?$CI?$AAs?$AAe?$AAt?$AA?$DN?$AA?$CF?$AA0?$AA2?$AAx?$AA?0?$AA?5?$AAf?$AAi?$AAr?$AAs?$AAt?$AA4?$AAb?$AAy?$AAt?$AAe?$AAs?$AA?$DN?$AA?$AA@ 00000001400168cc     dbg_.-runtime.o
 0002:0000390a       ??_C@_15BCDOKMG@?$AA?$CJ?$AA?6?$AA?$AA@ 000000014001690a     dbg_.-runtime.o
 0002:00003910       ??_C@_1EO@JIHFKLGM@?$AAA?$AAr?$AAr?$AAa?$AAy?$AA?$CI?$AAl?$AAe?$AAn?$AAg?$AAt?$AAh?$AA?$DN?$AA?$CF?$AAl?$AAl?$AAd?$AA?0?$AA?5?$AAe?$AAl?$AAe?$AAm?$AAe?$AAn?$AAt?$AA_?$AAs?$AAi?$AAz?$AAe?$AA?$DN@ 0000000140016910     dbg_.-runtime.o
 0002:0000395e       ??_C@_15IPOKAMGA@?$AA?$HL?$AA?5?$AA?$AA@ 000000014001695e     dbg_.-runtime.o
 0002:00003964       ??_C@_13EHOOFIKC@?$AA?$HN?$AA?$AA@ 0000000140016964     dbg_.-runtime.o
 0002:00003968       ??_C@_15JOGBDECP@?$AA?0?$AA?5?$AA?$AA@ 0000000140016968     dbg_.-runtime.o
 0002:0000396e       ??_C@_1CG@OGLIMIIK@?$AAC?$AAl?$AAa?$AAs?$AAs?$AA?$CI?$AAf?$AAi?$AAr?$AAs?$AAt?$AA4?$AAb?$AAy?$AAt?$AAe?$AAs?$AA?$DN?$AA?$AA@ 000000014001696e     dbg_.-runtime.o
 0002:00003994       ??_C@_1DM@HBMDBMCD@?$AAO?$AAb?$AAj?$AAe?$AAc?$AAt?$AA?5?$AAo?$AAf?$AA?5?$AAu?$AAn?$AAk?$AAn?$AAo?$AAw?$AAn?$AA?5?$AAt?$AAy?$AAp?$AAe?$AA?3?$AA?5?$AA?$CF?$AA0?$AA2?$AAx?$AA?6?$AA?$AA@ 0000000140016994     dbg_.-runtime.o
 0002:000039d0       ??_C@_1FG@HBFKKPHD@?$AAW?$AAo?$AAr?$AAk?$AAe?$AAr?$AA?5?$AAa?$AAd?$AAd?$AA?5?$AAt?$AAo?$AA?5?$AAw?$AAa?$AAi?$AAt?$AA?5?$AAl?$AAi?$AAs?$AAt?$AA?5?$AA?$FL?$AAi?$AAd?$AA?$DN?$AA?$CF?$AAl?$AAl?$AAd@ 00000001400169d0     dbg_.-runtime.o
 0002:00003a26       ??_C@_1EI@FJBGIEMF@?$AAW?$AAo?$AAr?$AAk?$AAe?$AAr?$AA?5?$AAe?$AAn?$AAq?$AAu?$AAe?$AAu?$AAe?$AAd?$AA?5?$AA?$FL?$AAi?$AAd?$AA?$DN?$AA?$CF?$AAl?$AAl?$AAd?$AA?0?$AA?5?$AAd?$AAa?$AAt?$AAa?$AA?$DN?$AA?$CF@ 0000000140016a26     dbg_.-runtime.o
 0002:00003a6e       ??_C@_1FE@PPKJADDP@?$AAW?$AAa?$AAn?$AAt?$AA?5?$AAr?$AAu?$AAn?$AA?5?$AAr?$AAe?$AAm?$AAo?$AAt?$AAe?$AA?0?$AA?5?$AAb?$AAu?$AAt?$AA?3?$AA?5?$AA?$CF?$AAl?$AAl?$AAd?$AA?5?$AA?$CF?$AAl?$AAl?$AAd?$AA?5@ 0000000140016a6e     dbg_.-runtime.o
 0002:00003ac2       ??_C@_1IE@FHIKABLD@?$AAE?$AAr?$AAr?$AAo?$AAr?$AA?3?$AA?5?$AAc?$AAa?$AAn?$AA?8?$AAt?$AA?5?$AAr?$AAu?$AAn?$AA?5?$AAr?$AAe?$AAm?$AAo?$AAt?$AAe?$AA?5?$AAw?$AAo?$AAr?$AAk?$AAe?$AAr?$AA?5?$AA?$CF@ 0000000140016ac2     dbg_.-runtime.o
 0002:00003b46       ??_C@_1GC@JGFAAALF@?$AAS?$AAt?$AAa?$AAr?$AAt?$AAi?$AAn?$AAg?$AA?5?$AAn?$AAe?$AAw?$AA?5?$AAl?$AAo?$AAc?$AAa?$AAl?$AA?5?$AAw?$AAo?$AAr?$AAk?$AAe?$AAr?$AA?5?$AA?$CF?$AAl?$AAl?$AAd?$AA?5?$AA?$FL@ 0000000140016b46     dbg_.-runtime.o
 0002:00003ba8       ??_C@_1HE@GOIHIEDE@?$AAE?$AAr?$AAr?$AAo?$AAr?$AA?3?$AA?5?$AAp?$AAr?$AAo?$AAv?$AAi?$AAd?$AAe?$AAr?$AA?5?$AA?$CF?$AAl?$AAl?$AAd?$AA?5?$AAd?$AAo?$AAe?$AAs?$AAn?$AA?8?$AAt?$AA?5?$AAs?$AAu?$AAp@ 0000000140016ba8     dbg_.-runtime.o
 0002:00003c1c       ??_C@_1EG@KLACJNPC@?$AAE?$AAr?$AAr?$AAo?$AAr?$AA?3?$AA?5?$AAt?$AAh?$AAi?$AAs?$AA?5?$AAi?$AAs?$AAn?$AA?8?$AAt?$AA?5?$AAh?$AAi?$AAv?$AAe?$AA?5?$AAe?$AAx?$AAe?$AAc?$AAu?$AAt?$AAa?$AAb?$AAl@ 0000000140016c1c     dbg_.-runtime.o
 0002:00003c62       ??_C@_1GG@OIFEBPCL@?$AAE?$AAr?$AAr?$AAo?$AAr?$AA?3?$AA?5?$AAt?$AAh?$AAi?$AAs?$AA?5?$AAi?$AAs?$AA?5?$AAe?$AAx?$AAe?$AAc?$AAu?$AAt?$AAa?$AAb?$AAl?$AAe?$AA?5?$AAo?$AAf?$AA?5?$AAn?$AAo?$AAt@ 0000000140016c62     dbg_.-runtime.o
 0002:00003cc8       ??_C@_1DC@FFLNADD@?$AAE?$AAr?$AAr?$AAo?$AAr?$AA?3?$AA?5?$AAw?$AAi?$AAn?$AAa?$AAp?$AAi?$AA?5?$AAe?$AAr?$AAr?$AAo?$AAr?$AA?5?$AA?$CF?$AAl?$AAd?$AA?6?$AA?$AA@ 0000000140016cc8     dbg_.-runtime.o
 0002:00003cfa       ??_C@_1DE@BIGGJJBN@?$AAh?$AAe?$AAa?$AAd?$AAe?$AAr?$AA?5?$AA?$CF?$AAl?$AAl?$AAd?$AA?5?$AAo?$AAf?$AA?5?$AAs?$AAi?$AAz?$AAe?$AA?5?$AA?$CF?$AAl?$AAl?$AAd?$AA?6?$AA?$AA@ 0000000140016cfa     dbg_.-runtime.o
 0002:00003d2e       ??_C@_1BK@JJBOCJJN@?$AAs?$AAe?$AAt?$AA?5?$AAt?$AAo?$AA?5?$AA?$CF?$AAl?$AAl?$AAd?$AA?5?$AA?$AA@ 0000000140016d2e     dbg_.-runtime.o
 0002:00003d48       ??_C@_1JE@CPFCJBNI@?$AAE?$AAR?$AAR?$AAO?$AAR?$AA?3?$AA?5?$AAR?$AAu?$AAn?$AAt?$AAi?$AAm?$AAe?$AA?5?$AAe?$AAn?$AAd?$AAp?$AAo?$AAi?$AAn?$AAt?$AA?5?$AA?$CF?$AAl?$AAl?$AAd?$AA?5?$AAd?$AAo?$AAe@ 0000000140016d48     dbg_.-runtime.o
 0002:00003ddc       ??_C@_1BA@LPJEKMJJ@?$AAp?$AAt?$AAr?$AA?$DN?$AA?$CF?$AAp?$AA?6?$AA?$AA@ 0000000140016ddc     dbg_.-runtime.o
 0002:00003dec       ??_C@_1IG@FGNNCHGH@?$AAw?$AAo?$AAr?$AAk?$AAe?$AAr?$AA?5?$AA?$CF?$AAl?$AAl?$AAd?$AA?5?$AAi?$AAs?$AA?5?$AAd?$AAl?$AAl?$AA?5?$AAc?$AAa?$AAl?$AAl?$AA?5?$AAo?$AAf?$AA?5?$AAl?$AAi?$AAb?$AAr?$AAa@ 0000000140016dec     dbg_.-runtime.o
 0002:00003e72       ??_C@_1CG@BIKDCCPC@?$AAs?$AAt?$AAa?$AAc?$AAk?$AA?5?$AAu?$AAs?$AAa?$AAg?$AAe?$AA?3?$AA?5?$AA?$CF?$AAl?$AAl?$AAd?$AA?6?$AA?$AA@ 0000000140016e72     dbg_.-runtime.o
 0002:00003e98       ??_C@_1GK@IGPNAPLE@?$AAo?$AAu?$AAt?$AAp?$AAu?$AAt?$AA?5?$AAh?$AAa?$AAv?$AAe?$AA?5?$AAs?$AAi?$AAz?$AAe?$AA?5?$AA?$CF?$AAl?$AAl?$AAd?$AA?5?$AA?$FL?$AAa?$AAn?$AAd?$AA?5?$AAa?$AAr?$AAg?$AAs?$AA?5@ 0000000140016e98     dbg_.-runtime.o
 0002:00003f02       ??_C@_1FE@ENHKIDEL@?$AAa?$AAr?$AAg?$AAu?$AAm?$AAe?$AAn?$AAt?$AA?5?$AA?$CF?$AAl?$AAl?$AAd?$AA?5?$AAh?$AAa?$AAv?$AAe?$AA?5?$AAs?$AAi?$AAz?$AAe?$AA?5?$AA?$CF?$AAl?$AAl?$AAd?$AA?5?$AA?$FL?$AAt?$AAy@ 0000000140016f02     dbg_.-runtime.o
 0002:00003f56       ??_C@_1KM@JOOLBIFF@?$AAW?$AAo?$AAr?$AAk?$AAe?$AAr?$AA?5?$AA?$CF?$AAl?$AAl?$AAd?$AA?5?$AA?$FL?$AAx?$AA6?$AA4?$AA?$FN?$AA?5?$AAh?$AAa?$AAv?$AAe?$AA?5?$AAb?$AAe?$AAe?$AAn?$AA?5?$AAl?$AAo?$AAa?$AAd@ 0000000140016f56     dbg_.-runtime.o
 0002:00004002       ??_C@_1HI@GNCDLKLI@?$AAE?$AAr?$AAr?$AAo?$AAr?$AA?3?$AA?5?$AAr?$AAu?$AAn?$AAt?$AAi?$AAm?$AAe?$AA?5?$AAd?$AAo?$AAe?$AAs?$AAn?$AA?8?$AAt?$AA?5?$AAs?$AAu?$AAp?$AAp?$AAo?$AAr?$AAt?$AA?5?$AAs@ 0000000140017002     dbg_.-runtime.o
 0002:0000407a       ??_C@_1CI@PHCDEMOE@?$AAb?$AAu?$AAi?$AAl?$AAd?$AAi?$AAn?$AAg?$AA?5?$AAk?$AAe?$AAr?$AAn?$AAe?$AAl?$AA?4?$AA?4?$AA?4?$AA?6?$AA?$AA@ 000000014001707a     dbg_.-runtime.o
 0002:000040a2       ??_C@_04JNAIOECI@krnl?$AA@ 00000001400170a2     dbg_.-runtime.o
 0002:000040a8       ??_C@_1DI@MMAOAOLJ@?$AAE?$AAr?$AAr?$AAo?$AAr?$AA?3?$AA?5?$AAk?$AAe?$AAr?$AAn?$AAe?$AAl?$AA?5?$AAb?$AAu?$AAi?$AAl?$AAd?$AA?5?$AAf?$AAa?$AAi?$AAl?$AAe?$AAd?$AA?6?$AA?$AA@ 00000001400170a8     dbg_.-runtime.o
 0002:000040e0       ??_C@_1LG@BJCBGCLK@?$AAW?$AAo?$AAr?$AAk?$AAe?$AAr?$AA?5?$AA?$CF?$AAl?$AAl?$AAd?$AA?5?$AA?$FL?$AAG?$AAP?$AAU?$AA?$FN?$AA?5?$AAh?$AAa?$AAv?$AAe?$AA?5?$AAb?$AAe?$AAe?$AAn?$AA?5?$AAl?$AAo?$AAa?$AAd@ 00000001400170e0     dbg_.-runtime.o
 0002:00004196       ??_C@_1EC@HLLMLNEL@?$AAE?$AAr?$AAr?$AAo?$AAr?$AA?3?$AA?5?$AAu?$AAn?$AAk?$AAn?$AAo?$AAw?$AAn?$AA?5?$AAh?$AAe?$AAa?$AAd?$AAe?$AAr?$AA?5?$AAt?$AAy?$AAp?$AAe?$AA?5?$AA?$CF?$AAl?$AAl?$AAd?$AA?6@ 0000000140017196     dbg_.-runtime.o
 0002:000041d8       ??_C@_1EK@KKIKLCHH@?$AAG?$AAp?$AAu?$AA?5?$AAs?$AAu?$AAs?$AAs?$AAy?$AAs?$AAt?$AAe?$AAm?$AA?5?$AAi?$AAn?$AAi?$AAt?$AAi?$AAa?$AAl?$AAi?$AAz?$AAa?$AAt?$AAi?$AAo?$AAn?$AA?5?$AAf?$AAa?$AAi@ 00000001400171d8     dbg_.-runtime.o
 0002:00004222       ??_C@_1CC@DEIAIPBB@?$AA?4?$AA?4?$AA?1?$AA?4?$AA?4?$AA?1?$AA?4?$AA?4?$AA?1?$AAr?$AAe?$AAs?$AA?4?$AAb?$AAi?$AAn?$AA?$AA@ 0000000140017222     dbg_.-runtime.o
 0002:00004244       ??_C@_1FC@OGJDIOEJ@?$AAE?$AAr?$AAr?$AAo?$AAr?$AA?3?$AA?5?$AAc?$AAa?$AAn?$AA?8?$AAt?$AA?5?$AAo?$AAp?$AAe?$AAn?$AA?5?$AA?4?$AA?4?$AA?1?$AA?4?$AA?4?$AA?1?$AA?4?$AA?4?$AA?1?$AAr?$AAe?$AAs?$AA?4?$AAb@ 0000000140017244     dbg_.-runtime.o
 0002:00004296       ??_C@_1DA@COAPAANM@?$AAE?$AAr?$AAr?$AAo?$AAr?$AA?3?$AA?5?$AAa?$AAt?$AA?5?$AAl?$AAo?$AAa?$AAd?$AAi?$AAn?$AAg?$AA?5?$AAf?$AAi?$AAl?$AAe?$AA?6?$AA?$AA@ 0000000140017296     dbg_.-runtime.o
 0002:000042c6       ??_C@_1EG@BBCENLFA@?$AAT?$AAh?$AAi?$AAs?$AA?5?$AAh?$AAi?$AAv?$AAe?$AA?5?$AAw?$AAi?$AAl?$AAl?$AA?5?$AAn?$AAo?$AAt?$AA?5?$AAr?$AAe?$AAa?$AAd?$AA?5?$AAa?$AAn?$AAy?$AA?5?$AAs?$AAt?$AAd?$AAi@ 00000001400172c6     dbg_.-runtime.o
 0002:0000430c       ??_C@_1EG@OCFMCBJL@?$AAT?$AAh?$AAi?$AAs?$AA?5?$AAh?$AAi?$AAv?$AAe?$AA?5?$AAw?$AAi?$AAl?$AAl?$AA?5?$AAn?$AAo?$AAt?$AA?5?$AAs?$AAt?$AAo?$AAp?$AA?5?$AAe?$AAx?$AAe?$AAc?$AAu?$AAt?$AAi?$AAo@ 000000014001730c     dbg_.-runtime.o
 0002:00004352       ??_C@_1DA@LKDLAMFA@?$AAS?$AAe?$AAt?$AA?5?$AAn?$AAu?$AAm?$AA?5?$AAt?$AAh?$AAr?$AAe?$AAa?$AAd?$AAs?$AA?5?$AA?$DN?$AA?5?$AA?$CF?$AAl?$AAl?$AAd?$AA?6?$AA?$AA@ 0000000140017352     dbg_.-runtime.o
 0002:00004382       ??_C@_1II@FCFHMELI@?$AAE?$AAr?$AAr?$AAo?$AAr?$AA?3?$AA?5?$AAt?$AAh?$AAi?$AAs?$AA?5?$AAb?$AAu?$AAi?$AAl?$AAd?$AA?5?$AAd?$AAo?$AAe?$AAs?$AAn?$AA?8?$AAt?$AA?5?$AAa?$AAl?$AAl?$AAo?$AAw?$AA?5@ 0000000140017382     dbg_.-runtime.o
 0002:0000440a       ??_C@_1DE@PNGABHJK@?$AAS?$AAe?$AAt?$AA?5?$AAh?$AAi?$AAv?$AAe?$AA?5?$AAa?$AAs?$AA?5?$AAp?$AAr?$AAo?$AAt?$AAe?$AAc?$AAt?$AAo?$AAr?$AAa?$AAt?$AAe?$AA?6?$AA?$AA@ 000000014001740a     dbg_.-runtime.o
 0002:0000443e       ??_C@_1DG@MLIAHCGJ@?$AAS?$AAe?$AAt?$AA?5?$AAc?$AAh?$AAu?$AAn?$AAk?$AA?5?$AAt?$AAi?$AAm?$AAe?$AA?5?$AAt?$AAo?$AA?5?$AA?$CF?$AAl?$AAl?$AAd?$AA?5?$AAu?$AAs?$AA?6?$AA?$AA@ 000000014001743e     dbg_.-runtime.o
 0002:00004474       ??_C@_1EC@FNPNOOPH@?$AAU?$AAn?$AAk?$AAn?$AAo?$AAw?$AAn?$AA?5?$AAc?$AAm?$AAd?$AAl?$AAi?$AAn?$AAe?$AA?5?$AAp?$AAa?$AAr?$AAa?$AAm?$AAe?$AAt?$AAe?$AAr?$AA?3?$AA?5?$AA?$CF?$AAl?$AAl?$AAd?$AA?6@ 0000000140017474     dbg_.-runtime.o
 0002:000044b6       ??_C@_1CE@CFOOJILH@?$AAN?$AAU?$AAM?$AA_?$AAT?$AAH?$AAR?$AAE?$AAA?$AAD?$AAS?$AA?$DN?$AA?$CF?$AAl?$AAl?$AAd?$AA?6?$AA?$AA@ 00000001400174b6     dbg_.-runtime.o
 0002:000044da       ??_C@_1CG@PNBFEFIC@?$AAR?$AAE?$AAA?$AAD?$AAI?$AAN?$AAG?$AA?5?$AAI?$AAN?$AAP?$AAU?$AAT?$AA?5?$AAA?$AAS?$AA?3?$AA?5?$AA?$AA@ 00000001400174da     dbg_.-runtime.o
 0002:00004500       ??_C@_1M@HLHACGAA@?$AA?$CF?$AAl?$AAl?$AAd?$AA?5?$AA?$AA@ 0000000140017500     dbg_.-runtime.o
 0002:0000450c       ??_C@_1CM@PELCBDJ@?$AAE?$AAn?$AAt?$AAr?$AAy?$AA?5?$AAw?$AAo?$AAr?$AAk?$AAe?$AAr?$AA?5?$AAi?$AAd?$AA?$DN?$AA?$CF?$AAl?$AAl?$AAd?$AA?6?$AA?$AA@ 000000014001750c     dbg_.-runtime.o
 0002:00004538       ??_C@_1DA@FBHJAJPI@?$AAr?$AAe?$AAs?$AAu?$AAl?$AAt?$AA?5?$AAp?$AAr?$AAo?$AAm?$AAi?$AAs?$AAe?$AA?5?$AA?$CF?$AAp?$AA?5?$AA?$CF?$AAl?$AAl?$AAd?$AA?6?$AA?$AA@ 0000000140017538     dbg_.-runtime.o
 0002:00004568       ??_C@_1BI@KEMCAKCM@?$AAR?$AAu?$AAn?$AAn?$AAi?$AAn?$AAg?$AA?4?$AA?4?$AA?4?$AA?6?$AA?$AA@ 0000000140017568     dbg_.-runtime.o
 0002:00004580       ??_C@_1KG@MGKLLKBJ@?$AA?9?$AA?9?$AA?9?$AA?9?$AA?9?$AA?9?$AA?9?$AA?9?$AA?9?$AA?9?$AA?9?$AA?9?$AA?9?$AA?9?$AA?9?$AA?9?$AA?9?$AA?9?$AA?9?$AA?9?$AA?9?$AA?9?$AA?9?$AA?9?$AA?9?$AA?9?$AA?9?$AA?9?$AA?9?$AA?9?$AA?9?$AA?9@ 0000000140017580     dbg_.-runtime.o
 0002:00004626       ??_C@_1KC@PDECPKAN@?$AA?9?$AA?9?$AA?9?$AA?9?$AA?9?$AA?9?$AA?9?$AA?9?$AA?9?$AA?9?$AA?9?$AA?9?$AA?9?$AA?9?$AA?9?$AA?9?$AA?9?$AA?9?$AA?9?$AA?9?$AA?9?$AA?9?$AA?9?$AA?9?$AA?9?$AA?9?$AA?9?$AA?9?$AA?9?$AA?9?$AA?9?$AA?9@ 0000000140017626     dbg_.-runtime.o
 0002:000046c8       ??_C@_1DK@PNJBIJCI@?$AAP?$AAr?$AAo?$AAg?$AAr?$AAa?$AAm?$AA?5?$AAf?$AAi?$AAn?$AAi?$AAs?$AAh?$AAe?$AAd?$AA?5?$AAi?$AAn?$AA?5?$AA?$CF?$AAl?$AAl?$AAd?$AA?5?$AAm?$AAs?$AA?6?$AA?$AA@ 00000001400176c8     dbg_.-runtime.o
 0002:00004702       ??_C@_1EK@FDFELEEK@?$AAR?$AAe?$AAs?$AAu?$AAl?$AAt?$AA?5?$AAp?$AAr?$AAo?$AAm?$AAi?$AAs?$AAe?$AA?5?$AAn?$AAo?$AAt?$AA?5?$AAf?$AAo?$AAu?$AAn?$AAd?$AA?5?$AAo?$AAn?$AA?5?$AAm?$AAa?$AAc?$AAh@ 0000000140017702     dbg_.-runtime.o
 0002:0000474c       ??_C@_1DO@BFPIHEIA@?$AAP?$AAr?$AAo?$AAg?$AAr?$AAa?$AAm?$AA?5?$AAe?$AAx?$AAi?$AAt?$AAe?$AAd?$AA?5?$AAw?$AAi?$AAt?$AAh?$AA?5?$AAc?$AAo?$AAd?$AAe?$AA?5?$AA?$CF?$AAl?$AAl?$AAx?$AA?6?$AA?$AA@ 000000014001774c     dbg_.-runtime.o
 0002:0000478a       ??_C@_1CK@DKIDNDNE@?$AAP?$AAr?$AAe?$AAs?$AAs?$AA?5?$AAC?$AAt?$AAr?$AAl?$AA?$CL?$AAC?$AA?5?$AAt?$AAo?$AA?5?$AAe?$AAn?$AAd?$AA?6?$AA?$AA@ 000000014001778a     dbg_.-runtime.o
 0002:000047b4       ??_C@_1GO@CEANDIOF@?$AAR?$AAe?$AAs?$AAu?$AAl?$AAt?$AA?5?$AAo?$AAf?$AA?5?$AAm?$AAa?$AAi?$AAn?$AA?5?$AAf?$AAu?$AAn?$AAc?$AAt?$AAi?$AAo?$AAn?$AA?5?$AAi?$AAs?$AAn?$AA?8?$AAt?$AA?5?$AAr?$AAe@ 00000001400177b4     dbg_.-runtime.o
 0002:00004822       ??_C@_1CO@BAHOKHFI@?$AA?6?$AAS?$AAh?$AAe?$AAd?$AAu?$AAl?$AAi?$AAn?$AAg?$AA?5?$AAn?$AAe?$AAw?$AA?5?$AAw?$AAo?$AAr?$AAk?$AAe?$AAr?$AA?6?$AA?$AA@ 0000000140017822     dbg_.-sheduler.o
 0002:00004850       ??_C@_1II@BKKMGADK@?$AAC?$AAo?$AAn?$AAt?$AAi?$AAn?$AAu?$AAe?$AA?5?$AAw?$AAo?$AAr?$AAk?$AAe?$AAr?$AA?5?$AA?$CF?$AAl?$AAl?$AAd?$AA?5?$AAf?$AAr?$AAo?$AAm?$AA?5?$AAd?$AAa?$AAt?$AAa?$AA?$DN?$AA?$CF@ 0000000140017850     dbg_.-sheduler.o
 0002:000048d8       ??_C@_1DI@MLNAPEIE@?$AAS?$AAh?$AAe?$AAd?$AAu?$AAl?$AAe?$AAr?$AAI?$AAn?$AAs?$AAt?$AAa?$AAn?$AAc?$AAe?$AA?5?$AAc?$AAo?$AAm?$AAp?$AAl?$AAe?$AAt?$AAe?$AAd?$AA?6?$AA?$AA@ 00000001400178d8     dbg_.-sheduler.o
 0002:00004910       ??_C@_13PPFCDPMH@?$AA?$HM?$AA?$AA@ 0000000140017910     dbg_.-sheduler.o
 0002:00004914       ??_C@_1DE@BFFMGPEH@?$AA?5?$AA?5?$AA?5?$AA?5?$AA?5?$AA?5?$AA?5?$AAt?$AAh?$AAr?$AAe?$AAa?$AAd?$AA?5?$AA?$CF?$AA0?$AA2?$AAx?$AA?5?$AA?5?$AA?5?$AA?5?$AA?5?$AA?5?$AA?$HM?$AA?$AA@ 0000000140017914     dbg_.-sheduler.o
 0002:00004948       ??_C@_1FG@CMFEMGFG@?$AA?5?$AA?5?$AAW?$AAa?$AAi?$AAt?$AA?5?$AA?$HM?$AA?5?$AAQ?$AAu?$AAe?$AAu?$AAe?$AA?5?$AA?$HM?$AA?5?$AAR?$AAP?$AAm?$AAi?$AAs?$AAs?$AA?5?$AA?$HM?$AA?5?$AAR?$AAO?$AAr?$AAe?$AAq?$AA?5@ 0000000140017948     dbg_.-sheduler.o
 0002:0000499e       ??_C@_1DA@DAJCMENO@?$AA?5?$AA?5?$AAe?$AAx?$AAe?$AAc?$AA?5?$AA?1?$AA?5?$AAd?$AAo?$AAn?$AAe?$AA?5?$AA?1?$AA?5?$AAs?$AAt?$AAa?$AAl?$AAl?$AA?5?$AA?$HM?$AA?$AA@ 000000014001799e     dbg_.-sheduler.o
 0002:000049ce       ??_C@_1FG@IKPNLAIG@?$AA?5?$AA?5?$AA?5?$AA?5?$AA?5?$AA?5?$AA?5?$AA?$HM?$AA?5?$AA?5?$AA?5?$AA?5?$AA?5?$AA?5?$AA?5?$AA?$HM?$AA?5?$AA?5?$AA?5?$AA?5?$AA?5?$AA?5?$AA?5?$AA?5?$AA?$HM?$AA?5?$AA?5?$AA?5?$AA?5?$AA?5?$AA?5?$AA?5@ 00000001400179ce     dbg_.-sheduler.o
 0002:00004a24       ??_C@_1CK@GLKKGPFH@?$AA?5?$AA?$CF?$AA7?$AAl?$AAl?$AAd?$AA?5?$AA?$CF?$AA6?$AAl?$AAl?$AAd?$AA?5?$AA?$CF?$AA5?$AAl?$AAl?$AAd?$AA?5?$AA?$HM?$AA?$AA@ 0000000140017a24     dbg_.-sheduler.o
 0002:00004a4e       ??_C@_1FE@OBAMBHOF@?$AA?5?$AA?$CF?$AA5?$AAl?$AAl?$AAd?$AA?5?$AA?$HM?$AA?5?$AA?$CF?$AA5?$AAl?$AAl?$AAd?$AA?5?$AA?$HM?$AA?5?$AA?$CF?$AA6?$AAl?$AAl?$AAd?$AA?5?$AA?$HM?$AA?5?$AA?$CF?$AA5?$AAl?$AAl?$AAd?$AA?5?$AA?$HM@ 0000000140017a4e     dbg_.-sheduler.o
 0002:00004aa2       ??_C@_1DO@BPJIIFHN@?$AAr?$AAu?$AAn?$AAn?$AAe?$AAd?$AA?5?$AAt?$AAi?$AAm?$AAe?$AA?3?$AA?5?$AA?$CF?$AAl?$AAl?$AAd?$AA?5?$AA?$FL?$AAf?$AAr?$AAo?$AAm?$AA?5?$AA?$CF?$AAl?$AAl?$AAd?$AA?$FN?$AA?6?$AA?$AA@ 0000000140017aa2     dbg_.-sheduler.o
 0002:00004ae0       ??_C@_1DM@HCILGOPA@?$AAF?$AAa?$AAi?$AAl?$AAe?$AAd?$AA?5?$AAt?$AAo?$AA?5?$AAc?$AAr?$AAe?$AAa?$AAt?$AAe?$AA?5?$AAt?$AAh?$AAr?$AAe?$AAa?$AAd?$AA?5?$AA?$CF?$AAl?$AAl?$AAd?$AA?6?$AA?$AA@ 0000000140017ae0     dbg_.-sheduler.o
 0002:00004b20       RtlNtPathSeperatorString   0000000140017b20     ws2_32:indef.obj
 0002:00004b30       ??_C@_13FPGAJAPJ@?$AA?2@   0000000140017b30     ws2_32:indef.obj
 0002:00004b38       RtlDosPathSeperatorsString 0000000140017b38     ws2_32:indef.obj
 0002:00004b48       ??_C@_15MNCACJLI@?$AA?2?$AA?1@ 0000000140017b48     ws2_32:indef.obj
 0002:00004b50       RtlAlternateDosPathSeperatorString 0000000140017b50     ws2_32:indef.obj
 0002:00004b60       ??_C@_13CGOKJPIL@?$AA?1@   0000000140017b60     ws2_32:indef.obj
 0002:00004b64       eui48_broadcast            0000000140017b64     ws2_32:indef.obj
 0002:00004be0       scopeid_unspecified        0000000140017be0     ws2_32:indef.obj
 0002:00004be4       in4addr_any                0000000140017be4     ws2_32:indef.obj
 0002:00004be8       in4addr_loopback           0000000140017be8     ws2_32:indef.obj
 0002:00004bec       in4addr_broadcast          0000000140017bec     ws2_32:indef.obj
 0002:00004bf0       in4addr_allnodesonlink     0000000140017bf0     ws2_32:indef.obj
 0002:00004bf4       in4addr_allroutersonlink   0000000140017bf4     ws2_32:indef.obj
 0002:00004bf8       in4addr_alligmpv3routersonlink 0000000140017bf8     ws2_32:indef.obj
 0002:00004bfc       in4addr_allteredohostsonlink 0000000140017bfc     ws2_32:indef.obj
 0002:00004c00       in4addr_linklocalprefix    0000000140017c00     ws2_32:indef.obj
 0002:00004c04       in4addr_multicastprefix    0000000140017c04     ws2_32:indef.obj
 0002:00004c08       in6addr_any                0000000140017c08     ws2_32:indef.obj
 0002:00004c18       in6addr_loopback           0000000140017c18     ws2_32:indef.obj
 0002:00004c28       in6addr_allnodesonnode     0000000140017c28     ws2_32:indef.obj
 0002:00004c38       in6addr_allnodesonlink     0000000140017c38     ws2_32:indef.obj
 0002:00004c48       in6addr_allroutersonlink   0000000140017c48     ws2_32:indef.obj
 0002:00004c58       in6addr_allmldv2routersonlink 0000000140017c58     ws2_32:indef.obj
 0002:00004c68       in6addr_teredoinitiallinklocaladdress 0000000140017c68     ws2_32:indef.obj
 0002:00004c78       in6addr_linklocalprefix    0000000140017c78     ws2_32:indef.obj
 0002:00004c88       in6addr_multicastprefix    0000000140017c88     ws2_32:indef.obj
 0002:00004c98       in6addr_solicitednodemulticastprefix 0000000140017c98     ws2_32:indef.obj
 0002:00004ca8       in6addr_v4mappedprefix     0000000140017ca8     ws2_32:indef.obj
 0002:00004cb8       in6addr_6to4prefix         0000000140017cb8     ws2_32:indef.obj
 0002:00004cc8       in6addr_teredoprefix       0000000140017cc8     ws2_32:indef.obj
 0002:00004cd8       in6addr_teredoprefix_old   0000000140017cd8     ws2_32:indef.obj
 0002:00004cf8       BUGCHECK_EFI_GUID          0000000140017cf8     ws2_32:indef.obj
 0002:000050a8       __imp_GdiSetBatchLimit     00000001400180a8     gdi32:GDI32.dll
 0002:000050b8       __imp_CommandLineToArgvW   00000001400180b8     shell32:SHELL32.dll
 0002:000050c8       __imp_AcquireSRWLockExclusive 00000001400180c8     kernel32:KERNEL32.dll
 0002:000050d0       __imp_AcquireSRWLockShared 00000001400180d0     kernel32:KERNEL32.dll
 0002:000050d8       __imp_CloseHandle          00000001400180d8     kernel32:KERNEL32.dll
 0002:000050e0       __imp_CreateEventW         00000001400180e0     kernel32:KERNEL32.dll
 0002:000050e8       __imp_CreateFileW          00000001400180e8     kernel32:KERNEL32.dll
 0002:000050f0       __imp_CreateIoCompletionPort 00000001400180f0     kernel32:KERNEL32.dll
 0002:000050f8       __imp_CreateThread         00000001400180f8     kernel32:KERNEL32.dll
 0002:00005100       __imp_ExitProcess          0000000140018100     kernel32:KERNEL32.dll
 0002:00005108       __imp_FormatMessageW       0000000140018108     kernel32:KERNEL32.dll
 0002:00005110       __imp_GetCommandLineW      0000000140018110     kernel32:KERNEL32.dll
 0002:00005118       __imp_GetConsoleMode       0000000140018118     kernel32:KERNEL32.dll
 0002:00005120       __imp_GetFileSizeEx        0000000140018120     kernel32:KERNEL32.dll
 0002:00005128       __imp_GetLastError         0000000140018128     kernel32:KERNEL32.dll
 0002:00005130       __imp_GetProcAddress       0000000140018130     kernel32:KERNEL32.dll
 0002:00005138       __imp_GetProcessHeap       0000000140018138     kernel32:KERNEL32.dll
 0002:00005140       __imp_GetQueuedCompletionStatus 0000000140018140     kernel32:KERNEL32.dll
 0002:00005148       __imp_GetStdHandle         0000000140018148     kernel32:KERNEL32.dll
 0002:00005150       __imp_GetThreadContext     0000000140018150     kernel32:KERNEL32.dll
 0002:00005158       __imp_HeapAlloc            0000000140018158     kernel32:KERNEL32.dll
 0002:00005160       __imp_HeapFree             0000000140018160     kernel32:KERNEL32.dll
 0002:00005168       __imp_HeapReAlloc          0000000140018168     kernel32:KERNEL32.dll
 0002:00005170       __imp_LoadLibraryA         0000000140018170     kernel32:KERNEL32.dll
 0002:00005178       __imp_MultiByteToWideChar  0000000140018178     kernel32:KERNEL32.dll
 0002:00005180       __imp_QueryPerformanceCounter 0000000140018180     kernel32:KERNEL32.dll
 0002:00005188       __imp_QueryPerformanceFrequency 0000000140018188     kernel32:KERNEL32.dll
 0002:00005190       __imp_ReadConsoleW         0000000140018190     kernel32:KERNEL32.dll
 0002:00005198       __imp_ReadFile             0000000140018198     kernel32:KERNEL32.dll
 0002:000051a0       __imp_ReleaseSRWLockExclusive 00000001400181a0     kernel32:KERNEL32.dll
 0002:000051a8       __imp_ReleaseSRWLockShared 00000001400181a8     kernel32:KERNEL32.dll
 0002:000051b0       __imp_ResumeThread         00000001400181b0     kernel32:KERNEL32.dll
 0002:000051b8       __imp_SetEvent             00000001400181b8     kernel32:KERNEL32.dll
 0002:000051c0       __imp_SetThreadContext     00000001400181c0     kernel32:KERNEL32.dll
 0002:000051c8       __imp_Sleep                00000001400181c8     kernel32:KERNEL32.dll
 0002:000051d0       __imp_SuspendThread        00000001400181d0     kernel32:KERNEL32.dll
 0002:000051d8       __imp_TlsAlloc             00000001400181d8     kernel32:KERNEL32.dll
 0002:000051e0       __imp_TlsFree              00000001400181e0     kernel32:KERNEL32.dll
 0002:000051e8       __imp_TlsGetValue          00000001400181e8     kernel32:KERNEL32.dll
 0002:000051f0       __imp_TlsSetValue          00000001400181f0     kernel32:KERNEL32.dll
 0002:000051f8       __imp_TryAcquireSRWLockExclusive 00000001400181f8     kernel32:KERNEL32.dll
 0002:00005200       __imp_VirtualAlloc         0000000140018200     kernel32:KERNEL32.dll
 0002:00005208       __imp_WaitForMultipleObjects 0000000140018208     kernel32:KERNEL32.dll
 0002:00005210       __imp_WaitForSingleObject  0000000140018210     kernel32:KERNEL32.dll
 0002:00005218       __imp_WriteConsoleW        0000000140018218     kernel32:KERNEL32.dll
 0002:00005228       __imp_BCryptGenRandom      0000000140018228     bcrypt:bcrypt.dll
 0002:00005238       __imp_WSAGetLastError      0000000140018238     ws2_32:WS2_32.dll
 0002:00005240       __imp_WSARecv              0000000140018240     ws2_32:WS2_32.dll
 0002:00005248       __imp_WSAStartup           0000000140018248     ws2_32:WS2_32.dll
 0002:00005250       __imp_accept               0000000140018250     ws2_32:WS2_32.dll
 0002:00005258       __imp_bind                 0000000140018258     ws2_32:WS2_32.dll
 0002:00005260       __imp_closesocket          0000000140018260     ws2_32:WS2_32.dll
 0002:00005268       __imp_connect              0000000140018268     ws2_32:WS2_32.dll
 0002:00005270       __imp_freeaddrinfo         0000000140018270     ws2_32:WS2_32.dll
 0002:00005278       __imp_getaddrinfo          0000000140018278     ws2_32:WS2_32.dll
 0002:00005280       __imp_getpeername          0000000140018280     ws2_32:WS2_32.dll
 0002:00005288       __imp_getsockname          0000000140018288     ws2_32:WS2_32.dll
 0002:00005290       __imp_htons                0000000140018290     ws2_32:WS2_32.dll
 0002:00005298       __imp_inet_ntop            0000000140018298     ws2_32:WS2_32.dll
 0002:000052a0       __imp_listen               00000001400182a0     ws2_32:WS2_32.dll
 0002:000052a8       __imp_ntohs                00000001400182a8     ws2_32:WS2_32.dll
 0002:000052b0       __imp_send                 00000001400182b0     ws2_32:WS2_32.dll
 0002:000052b8       __imp_setsockopt           00000001400182b8     ws2_32:WS2_32.dll
 0002:000052c0       __imp_socket               00000001400182c0     ws2_32:WS2_32.dll
 0002:000052d0       __imp_clBuildProgram       00000001400182d0     OpenCL:OpenCL.dll
 0002:000052d8       __imp_clCreateBuffer       00000001400182d8     OpenCL:OpenCL.dll
 0002:000052e0       __imp_clCreateCommandQueueWithProperties 00000001400182e0     OpenCL:OpenCL.dll
 0002:000052e8       __imp_clCreateContext      00000001400182e8     OpenCL:OpenCL.dll
 0002:000052f0       __imp_clCreateKernel       00000001400182f0     OpenCL:OpenCL.dll
 0002:000052f8       __imp_clCreateProgramWithSource 00000001400182f8     OpenCL:OpenCL.dll
 0002:00005300       __imp_clEnqueueNDRangeKernel 0000000140018300     OpenCL:OpenCL.dll
 0002:00005308       __imp_clEnqueueReadBuffer  0000000140018308     OpenCL:OpenCL.dll
 0002:00005310       __imp_clEnqueueWriteBuffer 0000000140018310     OpenCL:OpenCL.dll
 0002:00005318       __imp_clFinish             0000000140018318     OpenCL:OpenCL.dll
 0002:00005320       __imp_clGetDeviceIDs       0000000140018320     OpenCL:OpenCL.dll
 0002:00005328       __imp_clGetDeviceInfo      0000000140018328     OpenCL:OpenCL.dll
 0002:00005330       __imp_clGetKernelArgInfo   0000000140018330     OpenCL:OpenCL.dll
 0002:00005338       __imp_clGetPlatformIDs     0000000140018338     OpenCL:OpenCL.dll
 0002:00005340       __imp_clGetPlatformInfo    0000000140018340     OpenCL:OpenCL.dll
 0002:00005348       __imp_clGetProgramBuildInfo 0000000140018348     OpenCL:OpenCL.dll
 0002:00005350       __imp_clSetKernelArg       0000000140018350     OpenCL:OpenCL.dll
 0003:00000000       server_port                0000000140019000     dbg_.-remote.o
 0003:00000008       thisServerId               0000000140019008     dbg_.-remote.o
 0003:00000010       NUM_THREADS                0000000140019010     dbg_.-runtime.o
 0003:00000018       CHUNK_TIME_US              0000000140019018     dbg_.-runtime.o
 0003:00000020       Providers                  0000000140019020     dbg_.-runtime.o
 0003:000000c0       AddressFamilyInformation   00000001400190c0     ws2_32:indef.obj
 0003:000000f0       connections_lock           00000001400190f0     dbg_.-api.o
 0003:000000f8       connections_len            00000001400190f8     dbg_.-api.o
 0003:00000100       pages_lock                 0000000140019100     dbg_.-api.o
 0003:00000108       pages_len                  0000000140019108     dbg_.-api.o
 0003:00000110       known_id_broadcasts        0000000140019110     dbg_.-api.o
 0003:00000130       known_page_broadcasts      0000000140019130     dbg_.-api.o
 0003:00000150       known_path_broadcasts      0000000140019150     dbg_.-api.o
 0003:00000170       known_path_id_broadcasts   0000000140019170     dbg_.-api.o
 0003:00000190       local_objects              0000000140019190     dbg_.-api.o
 0003:000001b0       known_objects              00000001400191b0     dbg_.-api.o
 0003:000001d0       query_requests             00000001400191d0     dbg_.-api.o
 0003:000001f0       push_requests              00000001400191f0     dbg_.-api.o
 0003:00000210       known_hives                0000000140019210     dbg_.-api.o
 0003:00000230       connections                0000000140019230     dbg_.-api.o
 0003:00002230       pages                      000000014001b230     dbg_.-api.o
 0003:00002e30       SL_best_platform           000000014001be30     dbg_.-gpu_subsystem.o
 0003:00002e34       SL_best_platform_value     000000014001be34     dbg_.-gpu_subsystem.o
 0003:00002e38       SL_platforms_len           000000014001be38     dbg_.-gpu_subsystem.o
 0003:00002e40       SL_platforms               000000014001be40     dbg_.-gpu_subsystem.o
 0003:00002ec0       SL_devices                 000000014001bec0     dbg_.-gpu_subsystem.o
 0003:000032c0       SL_devices_len             000000014001c2c0     dbg_.-gpu_subsystem.o
 0003:00003300       SL_main_platform           000000014001c300     dbg_.-gpu_subsystem.o
 0003:00003308       SL_context                 000000014001c308     dbg_.-gpu_subsystem.o
 0003:00003310       SL_queues                  000000014001c310     dbg_.-gpu_subsystem.o
 0003:00003710       SL_queues_len              000000014001c710     dbg_.-gpu_subsystem.o
 0003:00003750       queues                     000000014001c750     dbg_.-queue.o
 0003:00003b50       queue_size                 000000014001cb50     dbg_.-queue.o
 0003:00003b60       ServerIdGetLock            000000014001cb60     dbg_.-remote.o
 0003:00003b68       next_local_id              000000014001cb68     dbg_.-remote.o
 0003:00003b70       glbStatRemotePathMisses    000000014001cb70     dbg_.-remote.o
 0003:00003b78       glbStatRemoteOutputRequests 000000014001cb78     dbg_.-remote.o
 0003:00003b80       glbStatRemoteInputRequests 000000014001cb80     dbg_.-remote.o
 0003:00003b88       hIOCP                      000000014001cb88     dbg_.-remote.o
 0003:000043a0       hHeap                      000000014001d3a0     dbg_.-runtime_lib.o
 0003:000043a8       hInput                     000000014001d3a8     dbg_.-runtime_lib.o
 0003:000043b0       buf                        000000014001d3b0     dbg_.-runtime_lib.o
 0003:000143b0       hOutput                    000000014002d3b0     dbg_.-runtime_lib.o
 0003:000143b8       frequency                  000000014002d3b8     dbg_.-runtime_lib.o
 0003:000143c0       Workers                    000000014002d3c0     dbg_.-runtime.o
 0003:00015040       wait_list_lock             000000014002e040     dbg_.-runtime.o
 0003:00015048       wait_list_len              000000014002e048     dbg_.-runtime.o
 0003:00015050       dwTlsIndex                 000000014002e050     dbg_.-runtime.o
 0003:00015060       wait_list                  000000014002e060     dbg_.-runtime.o
 0003:000d8560       defined_arrays             00000001400f1560     dbg_.-runtime.o
 0003:000d8568       hContinueEvent             00000001400f1568     dbg_.-sheduler.o
 0003:000d8570       glbMasterInfo              00000001400f1570     dbg_.-sheduler.o
 0003:000d8578       ExPoolZeroingNativelySupported 00000001400f1578     ws2_32:indef.obj

 entry point at         0001:00010310

 Static symbols

 0001:00003e20       GetKnownHiveHash           0000000140004e20     dbg_.-api.o
 0001:00007dd0       p                          0000000140008dd0     dbg_.-queue.o
 0001:0000af50       Worker                     000000014000bf50     dbg_.-remote.o
 0001:0000b500       ConnectionListnerWorker    000000014000c500     dbg_.-remote.o
 0001:0000b720       PagesAllocator             000000014000c720     dbg_.-remote.o
 0001:0000b7f0       StateSender                000000014000c7f0     dbg_.-remote.o
 0001:0000b8f0       HandleApiCall              000000014000c8f0     dbg_.-remote.o
 0001:0001148c       .text                      000000014001248c     asm_dbg.o
 0002:00004b70       IPSEC_AUTH_TRANSFORM_ID_HMAC_MD5_96 0000000140017b70     ws2_32:indef.obj
 0002:00004b78       IPSEC_AUTH_TRANSFORM_ID_HMAC_SHA_1_96 0000000140017b78     ws2_32:indef.obj
 0002:00004b80       IPSEC_AUTH_TRANSFORM_ID_HMAC_SHA_256_128 0000000140017b80     ws2_32:indef.obj
 0002:00004b88       IPSEC_AUTH_TRANSFORM_ID_GCM_AES_128 0000000140017b88     ws2_32:indef.obj
 0002:00004b90       IPSEC_AUTH_TRANSFORM_ID_GCM_AES_192 0000000140017b90     ws2_32:indef.obj
 0002:00004b98       IPSEC_AUTH_TRANSFORM_ID_GCM_AES_256 0000000140017b98     ws2_32:indef.obj
 0002:00004ba0       IPSEC_CIPHER_TRANSFORM_ID_CBC_DES 0000000140017ba0     ws2_32:indef.obj
 0002:00004ba8       IPSEC_CIPHER_TRANSFORM_ID_CBC_3DES 0000000140017ba8     ws2_32:indef.obj
 0002:00004bb0       IPSEC_CIPHER_TRANSFORM_ID_AES_128 0000000140017bb0     ws2_32:indef.obj
 0002:00004bb8       IPSEC_CIPHER_TRANSFORM_ID_AES_192 0000000140017bb8     ws2_32:indef.obj
 0002:00004bc0       IPSEC_CIPHER_TRANSFORM_ID_AES_256 0000000140017bc0     ws2_32:indef.obj
 0002:00004bc8       IPSEC_CIPHER_TRANSFORM_ID_GCM_AES_128 0000000140017bc8     ws2_32:indef.obj
 0002:00004bd0       IPSEC_CIPHER_TRANSFORM_ID_GCM_AES_192 0000000140017bd0     ws2_32:indef.obj
 0002:00004bd8       IPSEC_CIPHER_TRANSFORM_ID_GCM_AES_256 0000000140017bd8     ws2_32:indef.obj
 0002:00004ce8       BFE_GENERIC_MAPPING        0000000140017ce8     ws2_32:indef.obj
 0003:00003b90       gai_strerrorW.buff         000000014001cb90     dbg_.-remote.o
 0003:000d8579       WFP_TRACE_NULL_DATA        00000001400f1579     ws2_32:indef.obj
 0004:00000000       .data                      00000001400f2000     asm_dbg.o
