 d

 Timestamp is 69c6a52e (Fri Mar 27 18:41:34 2026)

 Preferred load address is 0000000140000000

 Start         Length     Name                   Class
 0001:00000000 0001225bH .text                   CODE
 0002:00000000 00004d88H .rdata                  DATA
 0003:00000000 000000e4H .data                   DATA
 0003:000000e4 000d8486H .bss                    DATA
 0004:00000000 00000222H .data                   DATA

  Address         Publics by Value              Rva+Base               Lib:Object

 0001:00000000       dllPauseWorker             0000000140001000     dbg_.-dll-await_worker.o
 0001:000000c0       dllCallObject              00000001400010c0     dbg_.-dll-call_object.o
 0001:00000190       dllStartNewLocalWorker     0000000140001190     dbg_.-dll-call_object.o
 0001:000002d0       dllExecuteWorker           00000001400012d0     dbg_.-dll-execute_worker.o
 0001:00001020       gpuPauseWorker             0000000140002020     dbg_.-gpu-await_worker.o
 0001:000010e0       gpuCallObject              00000001400020e0     dbg_.-gpu-call_object.o
 0001:000011b0       gpuStartNewLocalWorker     00000001400021b0     dbg_.-gpu-call_object.o
 0001:000012f0       gpuExecuteWorker           00000001400022f0     dbg_.-gpu-execute_worker.o
 0001:00001860       gpuNewObjectUsingPage      0000000140002860     dbg_.-gpu-new_object.o
 0001:00001990       gpuNewObject               0000000140002990     dbg_.-gpu-new_object.o
 0001:000019e0       gpuPushObject              00000001400029e0     dbg_.-gpu-push_object.o
 0001:00001a20       gpuPushPipe                0000000140002a20     dbg_.-gpu-push_object.o
 0001:00001a60       gpuQueryObject             0000000140002a60     dbg_.-gpu-query_object.o
 0001:00001aa0       gpuQueryPipe               0000000140002aa0     dbg_.-gpu-query_object.o
 0001:00001ae0       locNewObjectUsingPage      0000000140002ae0     dbg_.-loc-new_object.o
 0001:00001fe0       locNewObject               0000000140002fe0     dbg_.-loc-new_object.o
 0001:00002030       locUpdateLocalPush         0000000140003030     dbg_.-loc-push_object.o
 0001:00002120       locQueryLocalObject        0000000140003120     dbg_.-loc-query_object.o
 0001:00002280       x64PauseWorker             0000000140003280     dbg_.-x64-await_worker.o
 0001:00002360       x64CallObject              0000000140003360     dbg_.-x64-call_object.o
 0001:00002430       x64StartNewLocalWorker     0000000140003430     dbg_.-x64-call_object.o
 0001:00002570       x64ExecuteWorker           0000000140003570     dbg_.-x64-execute_worker.o
 0001:000025c0       x64TryStallWorker          00000001400035c0     dbg_.-x64-execute_worker.o
 0001:000028a0       x64NewObjectUsingPage      00000001400038a0     dbg_.-x64-new_object.o
 0001:00002e10       x64NewObjectStates         0000000140003e10     dbg_.-x64-new_object.o
 0001:00002ed0       x64NewObject               0000000140003ed0     dbg_.-x64-new_object.o
 0001:00002fc0       x64UpdateLocalPush         0000000140003fc0     dbg_.-x64-push_object.o
 0001:000030b0       x64OnPushObject            00000001400040b0     dbg_.-x64-push_object.o
 0001:00003170       x64PushObjectStates        0000000140004170     dbg_.-x64-push_object.o
 0001:000032c0       x64PushObject              00000001400042c0     dbg_.-x64-push_object.o
 0001:00003540       x64PushPipe                0000000140004540     dbg_.-x64-push_object.o
 0001:00003580       x64QueryLocalObject        0000000140004580     dbg_.-x64-query_object.o
 0001:000036e0       x64OnQueryObject           00000001400046e0     dbg_.-x64-query_object.o
 0001:000037f0       x64QueryObjectStates       00000001400047f0     dbg_.-x64-query_object.o
 0001:00003940       x64QueryObject             0000000140004940     dbg_.-x64-query_object.o
 0001:00003b50       x64QueryPipe               0000000140004b50     dbg_.-x64-query_object.o
 0001:00003b90       x64SleepStates             0000000140004b90     dbg_.-x64-sleep.o
 0001:00003c20       x64Sleep                   0000000140004c20     dbg_.-x64-sleep.o
 0001:00003cd0       equal_bytes                0000000140004cd0     dbg_.-api.o
 0001:00003dd0       GetHashtableNoLock         0000000140004dd0     dbg_.-api.o
 0001:00003fa0       SetHashtableNoLock         0000000140004fa0     dbg_.-api.o
 0001:000042a0       GetHashtable               00000001400052a0     dbg_.-api.o
 0001:00004300       SetHashtable               0000000140005300     dbg_.-api.o
 0001:00004350       i64_get                    0000000140005350     dbg_.-api.o
 0001:00004810       i64GetHashtableNoLock      0000000140005810     dbg_.-api.o
 0001:00004850       i64SetHashtableNoLock      0000000140005850     dbg_.-api.o
 0001:000049e0       i64GetHashtable            00000001400059e0     dbg_.-api.o
 0001:00004a10       i64SetHashtable            0000000140005a10     dbg_.-api.o
 0001:00004a40       InitInternalStructures     0000000140005a40     dbg_.-api.o
 0001:00004dd0       castOnQueryObject          0000000140005dd0     dbg_.-cast_provider.o
 0001:00004f90       anyCastStates              0000000140005f90     dbg_.-cast_provider.o
 0001:00006050       anyCastProvider            0000000140007050     dbg_.-cast_provider.o
 0001:00006240       init_gpu_subsystem         0000000140007240     dbg_.-gpu_subsystem.o
 0001:00007cf0       gpuBuildFromText           0000000140008cf0     dbg_.-gpu_subsystem.o
 0001:00008040       gpuAlloc                   0000000140009040     dbg_.-gpu_subsystem.o
 0001:00008080       gpuRun                     0000000140009080     dbg_.-gpu_subsystem.o
 0001:00008130       gpuFinishQueuesOnPlatform  0000000140009130     dbg_.-gpu_subsystem.o
 0001:000081b0       gpuFinishQueue             00000001400091b0     dbg_.-gpu_subsystem.o
 0001:000081f0       StartInitialProcess        00000001400091f0     dbg_.-hive_entry.o
 0001:00008400       is_less                    0000000140009400     dbg_.-queue.o
 0001:00008430       push_up                    0000000140009430     dbg_.-queue.o
 0001:00008580       push_down                  0000000140009580     dbg_.-queue.o
 0001:00008750       queue_init                 0000000140009750     dbg_.-queue.o
 0001:00008820       queue_enqueue              0000000140009820     dbg_.-queue.o
 0001:00008930       queue_extract              0000000140009930     dbg_.-queue.o
 0001:00008b10       b_send                     0000000140009b10     dbg_.-remote.o
 0001:00008c30       b_flush                    0000000140009c30     dbg_.-remote.o
 0001:00008c80       GetConnectionById          0000000140009c80     dbg_.-remote.o
 0001:00008d10       DumpConnections            0000000140009d10     dbg_.-remote.o
 0001:00009070       ConfirmPage                000000014000a070     dbg_.-remote.o
 0001:00009110       ConfirmID                  000000014000a110     dbg_.-remote.o
 0001:00009160       HandleNewConnection        000000014000a160     dbg_.-remote.o
 0001:000093f0       UpdateWaitingPush          000000014000a3f0     dbg_.-remote.o
 0001:00009630       AnswerPushObject           000000014000a630     dbg_.-remote.o
 0001:00009720       SendPageAllocationConfirm  000000014000a720     dbg_.-remote.o
 0001:000097c0       SendIDConfirm              000000014000a7c0     dbg_.-remote.o
 0001:00009860       RedirectBroadcastQuery     000000014000a860     dbg_.-remote.o
 0001:000099f0       RedirectBroadcastIDQuery   000000014000a9f0     dbg_.-remote.o
 0001:00009b80       ConfirmConnection          000000014000ab80     dbg_.-remote.o
 0001:00009e20       InitiateConnection         000000014000ae20     dbg_.-remote.o
 0001:0000a2b0       RequestMemoryPage          000000014000b2b0     dbg_.-remote.o
 0001:0000a3d0       RequestServerId            000000014000b3d0     dbg_.-remote.o
 0001:0000a4e0       AnswerQueryObject          000000014000b4e0     dbg_.-remote.o
 0001:0000a620       AnswerRequestObjectPath    000000014000b620     dbg_.-remote.o
 0001:0000a770       RequestObjectPathBroadcast 000000014000b770     dbg_.-remote.o
 0001:0000a990       AnswerRequestPathToID      000000014000b990     dbg_.-remote.o
 0001:0000aae0       RequestPathToIDBroadcast   000000014000bae0     dbg_.-remote.o
 0001:0000ad00       RequestObjectGet           000000014000bd00     dbg_.-remote.o
 0001:0000ae30       RequestObjectSet           000000014000be30     dbg_.-remote.o
 0001:0000b040       StartNewWorkerRemote       000000014000c040     dbg_.-remote.o
 0001:0000b180       SendHiveState              000000014000c180     dbg_.-remote.o
 0001:0000b320       start_remote_subsystem     000000014000c320     dbg_.-remote.o
 0001:0000de40       gai_strerrorW              000000014000ee40     dbg_.-remote.o
 0001:0000de90       memset                     000000014000ee90     dbg_.-runtime_lib.o
 0001:0000def0       memcpy                     000000014000eef0     dbg_.-runtime_lib.o
 0001:0000e000       myMalloc                   000000014000f000     dbg_.-runtime_lib.o
 0001:0000e050       myPrintf                   000000014000f050     dbg_.-runtime_lib.o
 0001:0000e5c0       myRealloc                  000000014000f5c0     dbg_.-runtime_lib.o
 0001:0000e620       myFree                     000000014000f620     dbg_.-runtime_lib.o
 0001:0000e660       myAtoll                    000000014000f660     dbg_.-runtime_lib.o
 0001:0000e7a0       get_char                   000000014000f7a0     dbg_.-runtime_lib.o
 0001:0000e880       myScanI64                  000000014000f880     dbg_.-runtime_lib.o
 0001:0000e910       myScanS                    000000014000f910     dbg_.-runtime_lib.o
 0001:0000ea10       PrintI64                   000000014000fa10     dbg_.-runtime_lib.o
 0001:0000eae0       PrintI64H                  000000014000fae0     dbg_.-runtime_lib.o
 0001:0000eb80       Print2H                    000000014000fb80     dbg_.-runtime_lib.o
 0001:0000ec20       assertion_failure          000000014000fc20     dbg_.-runtime_lib.o
 0001:0000ec70       myAbs                      000000014000fc70     dbg_.-runtime_lib.o
 0001:0000eca0       MicrosecondsToTicks        000000014000fca0     dbg_.-runtime_lib.o
 0001:0000ecc0       TicksToMicroseconds        000000014000fcc0     dbg_.-runtime_lib.o
 0001:0000ece0       GetTicks                   000000014000fce0     dbg_.-runtime_lib.o
 0001:0000ed00       SheduleTimeoutFromNow      000000014000fd00     dbg_.-runtime_lib.o
 0001:0000ed40       init_lib                   000000014000fd40     dbg_.-runtime_lib.o
 0001:0000ed90       RegisterObjectWithId       000000014000fd90     dbg_.-runtime.o
 0001:0000edc0       GetNewObjectId             000000014000fdc0     dbg_.-runtime.o
 0001:0000eeb0       universalPauseWorker       000000014000feb0     dbg_.-runtime.o
 0001:0000ef50       universalUpdateLocalPush   000000014000ff50     dbg_.-runtime.o
 0001:0000efb0       UpdateFromQueryResult      000000014000ffb0     dbg_.-runtime.o
 0001:0000f030       PrintObject                0000000140010030     dbg_.-runtime.o
 0001:0000f230       WaitListWorker             0000000140010230     dbg_.-runtime.o
 0001:0000f2a0       EnqueueWorkerFromWaitList  00000001400102a0     dbg_.-runtime.o
 0001:0000f360       UpdateWaitingWorkers       0000000140010360     dbg_.-runtime.o
 0001:0000f520       StartNewWorker             0000000140010520     dbg_.-runtime.o
 0001:0000f820       LoadWorker                 0000000140010820     dbg_.-runtime.o
 0001:00010ab0       entry                      0000000140011ab0     dbg_.-runtime.o
 0001:00011240       SheduleWorker              0000000140012240     dbg_.-sheduler.o
 0001:000113b0       ShedulerInstance           00000001400123b0     dbg_.-sheduler.o
 0001:000114a0       TryStallSheduler           00000001400124a0     dbg_.-sheduler.o
 0001:00011570       MasterSheduler             0000000140012570     dbg_.-sheduler.o
 0001:00011a10       ShedulerStart              0000000140012a10     dbg_.-sheduler.o
 0001:00011c2c       x64_fastPushObject         0000000140012c2c     asm_dbg.o
 0001:00011c95       x64_fastQueryObject        0000000140012c95     asm_dbg.o
 0001:00011cfe       x64_fastNewObject          0000000140012cfe     asm_dbg.o
 0001:00011d67       x64_fastCallObject         0000000140012d67     asm_dbg.o
 0001:00011dd0       x64_fastPushPipe           0000000140012dd0     asm_dbg.o
 0001:00011e39       x64_fastQueryPipe          0000000140012e39     asm_dbg.o
 0001:00011ea2       x64_fastSleep              0000000140012ea2     asm_dbg.o
 0001:00011f0b       gpu_fastNewObject          0000000140012f0b     asm_dbg.o
 0001:00011f74       gpu_fastCallObject         0000000140012f74     asm_dbg.o
 0001:00011fdd       loc_fastNewObject          0000000140012fdd     asm_dbg.o
 0001:00012046       dll_fastCallObject         0000000140013046     asm_dbg.o
 0001:000120af       any_fastCastProvider       00000001400130af     asm_dbg.o
 0001:00012118       x64AsmExecuteWorker        0000000140013118     asm_dbg.o
 0001:0001217a       setjmpUN                   000000014001317a     asm_dbg.o
 0001:000121ad       longjmpUN                  00000001400131ad     asm_dbg.o
 0001:000121d6       DllCall                    00000001400131d6     asm_dbg.o
 0001:00012260       GdiSetBatchLimit           0000000140013260     gdi32:GDI32.dll
 0001:00012270       CommandLineToArgvW         0000000140013270     shell32:SHELL32.dll
 0001:00012280       AcquireSRWLockExclusive    0000000140013280     kernel32:KERNEL32.dll
 0001:00012290       AcquireSRWLockShared       0000000140013290     kernel32:KERNEL32.dll
 0001:000122a0       CloseHandle                00000001400132a0     kernel32:KERNEL32.dll
 0001:000122b0       CreateEventW               00000001400132b0     kernel32:KERNEL32.dll
 0001:000122c0       CreateFileW                00000001400132c0     kernel32:KERNEL32.dll
 0001:000122d0       CreateIoCompletionPort     00000001400132d0     kernel32:KERNEL32.dll
 0001:000122e0       CreateThread               00000001400132e0     kernel32:KERNEL32.dll
 0001:000122f0       ExitProcess                00000001400132f0     kernel32:KERNEL32.dll
 0001:00012300       FormatMessageW             0000000140013300     kernel32:KERNEL32.dll
 0001:00012310       GetCommandLineW            0000000140013310     kernel32:KERNEL32.dll
 0001:00012320       GetConsoleMode             0000000140013320     kernel32:KERNEL32.dll
 0001:00012330       GetFileSizeEx              0000000140013330     kernel32:KERNEL32.dll
 0001:00012340       GetLastError               0000000140013340     kernel32:KERNEL32.dll
 0001:00012350       GetProcAddress             0000000140013350     kernel32:KERNEL32.dll
 0001:00012360       GetProcessHeap             0000000140013360     kernel32:KERNEL32.dll
 0001:00012370       GetQueuedCompletionStatus  0000000140013370     kernel32:KERNEL32.dll
 0001:00012380       GetStdHandle               0000000140013380     kernel32:KERNEL32.dll
 0001:00012390       GetThreadContext           0000000140013390     kernel32:KERNEL32.dll
 0001:000123a0       HeapAlloc                  00000001400133a0     kernel32:KERNEL32.dll
 0001:000123b0       HeapFree                   00000001400133b0     kernel32:KERNEL32.dll
 0001:000123c0       HeapReAlloc                00000001400133c0     kernel32:KERNEL32.dll
 0001:000123d0       LoadLibraryA               00000001400133d0     kernel32:KERNEL32.dll
 0001:000123e0       MultiByteToWideChar        00000001400133e0     kernel32:KERNEL32.dll
 0001:000123f0       QueryPerformanceCounter    00000001400133f0     kernel32:KERNEL32.dll
 0001:00012400       QueryPerformanceFrequency  0000000140013400     kernel32:KERNEL32.dll
 0001:00012410       ReadConsoleW               0000000140013410     kernel32:KERNEL32.dll
 0001:00012420       ReadFile                   0000000140013420     kernel32:KERNEL32.dll
 0001:00012430       ReleaseSRWLockExclusive    0000000140013430     kernel32:KERNEL32.dll
 0001:00012440       ReleaseSRWLockShared       0000000140013440     kernel32:KERNEL32.dll
 0001:00012450       ResumeThread               0000000140013450     kernel32:KERNEL32.dll
 0001:00012460       SetEvent                   0000000140013460     kernel32:KERNEL32.dll
 0001:00012470       SetThreadContext           0000000140013470     kernel32:KERNEL32.dll
 0001:00012480       Sleep                      0000000140013480     kernel32:KERNEL32.dll
 0001:00012490       SuspendThread              0000000140013490     kernel32:KERNEL32.dll
 0001:000124a0       TlsAlloc                   00000001400134a0     kernel32:KERNEL32.dll
 0001:000124b0       TlsFree                    00000001400134b0     kernel32:KERNEL32.dll
 0001:000124c0       TlsGetValue                00000001400134c0     kernel32:KERNEL32.dll
 0001:000124d0       TlsSetValue                00000001400134d0     kernel32:KERNEL32.dll
 0001:000124e0       TryAcquireSRWLockExclusive 00000001400134e0     kernel32:KERNEL32.dll
 0001:000124f0       VirtualAlloc               00000001400134f0     kernel32:KERNEL32.dll
 0001:00012500       WaitForMultipleObjects     0000000140013500     kernel32:KERNEL32.dll
 0001:00012510       WaitForSingleObject        0000000140013510     kernel32:KERNEL32.dll
 0001:00012520       WriteConsoleW              0000000140013520     kernel32:KERNEL32.dll
 0001:00012530       BCryptGenRandom            0000000140013530     bcrypt:bcrypt.dll
 0001:00012540       WSAGetLastError            0000000140013540     ws2_32:WS2_32.dll
 0001:00012550       WSARecv                    0000000140013550     ws2_32:WS2_32.dll
 0001:00012560       WSAStartup                 0000000140013560     ws2_32:WS2_32.dll
 0001:00012570       accept                     0000000140013570     ws2_32:WS2_32.dll
 0001:00012580       bind                       0000000140013580     ws2_32:WS2_32.dll
 0001:00012590       closesocket                0000000140013590     ws2_32:WS2_32.dll
 0001:000125a0       connect                    00000001400135a0     ws2_32:WS2_32.dll
 0001:000125b0       freeaddrinfo               00000001400135b0     ws2_32:WS2_32.dll
 0001:000125c0       getaddrinfo                00000001400135c0     ws2_32:WS2_32.dll
 0001:000125d0       getpeername                00000001400135d0     ws2_32:WS2_32.dll
 0001:000125e0       getsockname                00000001400135e0     ws2_32:WS2_32.dll
 0001:000125f0       htons                      00000001400135f0     ws2_32:WS2_32.dll
 0001:00012600       listen                     0000000140013600     ws2_32:WS2_32.dll
 0001:00012610       ntohs                      0000000140013610     ws2_32:WS2_32.dll
 0001:00012620       send                       0000000140013620     ws2_32:WS2_32.dll
 0001:00012630       setsockopt                 0000000140013630     ws2_32:WS2_32.dll
 0001:00012640       socket                     0000000140013640     ws2_32:WS2_32.dll
 0001:00012650       inet_ntop                  0000000140013650     ws2_32:WS2_32.dll
 0001:00012660       clBuildProgram             0000000140013660     OpenCL:OpenCL.dll
 0001:00012670       clCreateBuffer             0000000140013670     OpenCL:OpenCL.dll
 0001:00012680       clCreateCommandQueueWithProperties 0000000140013680     OpenCL:OpenCL.dll
 0001:00012690       clCreateContext            0000000140013690     OpenCL:OpenCL.dll
 0001:000126a0       clCreateKernel             00000001400136a0     OpenCL:OpenCL.dll
 0001:000126b0       clCreateProgramWithSource  00000001400136b0     OpenCL:OpenCL.dll
 0001:000126c0       clEnqueueNDRangeKernel     00000001400136c0     OpenCL:OpenCL.dll
 0001:000126d0       clEnqueueReadBuffer        00000001400136d0     OpenCL:OpenCL.dll
 0001:000126e0       clEnqueueWriteBuffer       00000001400136e0     OpenCL:OpenCL.dll
 0001:000126f0       clFinish                   00000001400136f0     OpenCL:OpenCL.dll
 0001:00012700       clGetDeviceIDs             0000000140013700     OpenCL:OpenCL.dll
 0001:00012710       clGetDeviceInfo            0000000140013710     OpenCL:OpenCL.dll
 0001:00012720       clGetKernelArgInfo         0000000140013720     OpenCL:OpenCL.dll
 0001:00012730       clGetPlatformIDs           0000000140013730     OpenCL:OpenCL.dll
 0001:00012740       clGetPlatformInfo          0000000140013740     OpenCL:OpenCL.dll
 0001:00012750       clGetProgramBuildInfo      0000000140013750     OpenCL:OpenCL.dll
 0001:00012760       clSetKernelArg             0000000140013760     OpenCL:OpenCL.dll
 0002:00000000       ??_C@_1EK@HCHIHAJJ@?$AAP?$AAa?$AAu?$AAs?$AAe?$AAd?$AA?5?$AAw?$AAo?$AAr?$AAk?$AAe?$AAr?$AA?5?$AAD?$AAL?$AAL?$AA?5?$AA?$CF?$AAl?$AAl?$AAd?$AA?5?$AA?$FL?$AAc?$AAa?$AAu?$AAs?$AAe?$AA?5?$AA?$CF?$AAl@ 0000000140014000     dbg_.-dll-await_worker.o
 0002:0000004a       ??_C@_1GG@GJHNDGHH@?$AAC?$AAa?$AAl?$AAl?$AAi?$AAn?$AAg?$AA?5?$AAd?$AAl?$AAl?$AAi?$AAm?$AAp?$AAo?$AAr?$AAt?$AA?5?$AAw?$AAo?$AAr?$AAk?$AAe?$AAr?$AA?5?$AA?$CF?$AAl?$AAl?$AAd?$AA?5?$AA?$FL?$AAd@ 000000014001404a     dbg_.-dll-call_object.o
 0002:000000b0       ??_C@_1BC@GMOKLPI@?$AAT?$AAa?$AAb?$AAl?$AAe?$AA?5?$AA?$DN?$AA?5?$AA?$AA@ 00000001400140b0     dbg_.-dll-call_object.o
 0002:000000c2       ??_C@_1M@OMOAGDNC@?$AA?$CF?$AA0?$AA2?$AAx?$AA?5?$AA?$AA@ 00000001400140c2     dbg_.-dll-call_object.o
 0002:000000ce       ??_C@_13LBAGMAIH@?$AA?6?$AA?$AA@ 00000001400140ce     dbg_.-dll-call_object.o
 0002:000000e8       ??_C@_1DC@PJLFFJJC@?$AAR?$AAU?$AAN?$AA?5?$AAd?$AAl?$AAl?$AAi?$AAm?$AAp?$AAo?$AAr?$AAt?$AA?5?$AAw?$AAo?$AAr?$AAk?$AAe?$AAr?$AA?$DN?$AA?$CF?$AAp?$AA?6?$AA?$AA@ 00000001400140e8     dbg_.-dll-execute_worker.o
 0002:0000011a       ??_C@_1FE@MNCEKKEL@?$AAE?$AAr?$AAr?$AAo?$AAr?$AA?3?$AA?5?$AAU?$AAN?$AAK?$AAN?$AAO?$AAW?$AAN?$AA?5?$AAp?$AAr?$AAo?$AAv?$AAi?$AAd?$AAe?$AAr?$AA?5?$AA?$CF?$AAl?$AAl?$AAd?$AA?5?$AAi?$AAn?$AA?5@ 000000014001411a     dbg_.-dll-execute_worker.o
 0002:0000016e       ??_C@_1CO@MJDCEOJE@?$AAR?$AAe?$AAq?$AAu?$AAe?$AAs?$AAt?$AAi?$AAn?$AAg?$AA?5?$AA?$CF?$AAl?$AAl?$AAd?$AA?5?$AAb?$AAy?$AAt?$AAe?$AAs?$AA?6?$AA?$AA@ 000000014001416e     dbg_.-dll-execute_worker.o
 0002:0000019c       ??_C@_1EA@NLGJANLO@?$AAA?$AAr?$AAg?$AAu?$AAm?$AAe?$AAn?$AAt?$AA?5?$AA?$CF?$AAl?$AAl?$AAd?$AA?3?$AA?5?$AA?$FL?$AA?$CF?$AA0?$AA2?$AAx?$AA?$FN?$AA?5?$AA?$FL?$AAt?$AAo?$AA?9?$AA?$DO?$AA?$CF?$AAp?$AA?$FN?$AA?6?$AA?$AA@ 000000014001419c     dbg_.-dll-execute_worker.o
 0002:000001dc       ??_C@_1DI@KIDLNDBO@?$AA?5?$AA?5?$AA?5?$AA?5?$AA?5?$AA?5?$AA?5?$AA?5?$AA?5?$AAo?$AAf?$AA?5?$AAs?$AAi?$AAz?$AAe?$AA?5?$AA?$CF?$AAl?$AAl?$AAd?$AA?$DL?$AA?5?$AA?$DN?$AA?$CF?$AAp?$AA?6?$AA?$AA@ 00000001400141dc     dbg_.-dll-execute_worker.o
 0002:00000214       ??_C@_1DE@HPIEKKI@?$AAc?$AAa?$AAl?$AAl?$AAi?$AAn?$AAg?$AA?5?$AAd?$AAl?$AAl?$AAi?$AAm?$AAp?$AAo?$AAr?$AAt?$AA?5?$AAw?$AAo?$AAr?$AAk?$AAe?$AAr?$AA?6?$AA?$AA@ 0000000140014214     dbg_.-dll-execute_worker.o
 0002:00000248       ??_C@_1CE@FDGKEBHI@?$AAA?$AAR?$AAG?$AA?$FL?$AA?$CF?$AAl?$AAl?$AAd?$AA?$FN?$AA?5?$AA?$DN?$AA?5?$AA?$CF?$AAl?$AAl?$AAd?$AA?6?$AA?$AA@ 0000000140014248     dbg_.-dll-execute_worker.o
 0002:0000026c       ??_C@_1EE@IHBKLDNM@?$AAo?$AAu?$AAt?$AAp?$AAu?$AAt?$AA?5?$AAi?$AAs?$AA?5?$AA?$CF?$AAp?$AA?5?$AA?$FL?$AA?9?$AA?$DO?$AAt?$AAo?$AA?5?$AAp?$AAr?$AAo?$AAm?$AAi?$AAs?$AAe?$AA?5?$AA?$CF?$AAl?$AAl?$AAd?$AA?$FN@ 000000014001426c     dbg_.-dll-execute_worker.o
 0002:000002b0       ??_C@_1HO@GIMLMCLD@?$AAr?$AAe?$AAt?$AAu?$AAr?$AAn?$AAe?$AAd?$AA?5?$AA?$CL?$AA?5?$AAE?$AAr?$AAr?$AAo?$AAr?$AA?$DN?$AA?$CF?$AAl?$AAl?$AAd?$AA?5?$AA?$FL?$AAb?$AAe?$AAf?$AAo?$AAr?$AAe?$AA?5?$AAc?$AAa@ 00000001400142b0     dbg_.-dll-execute_worker.o
 0002:0000032e       ??_C@_1EK@KEDGKNCB@?$AAP?$AAa?$AAu?$AAs?$AAe?$AAd?$AA?5?$AAw?$AAo?$AAr?$AAk?$AAe?$AAr?$AA?5?$AAG?$AAP?$AAU?$AA?5?$AA?$CF?$AAl?$AAl?$AAd?$AA?5?$AA?$FL?$AAc?$AAa?$AAu?$AAs?$AAe?$AA?5?$AA?$CF?$AAl@ 000000014001432e     dbg_.-gpu-await_worker.o
 0002:00000378       ??_C@_1FC@NMNADHLK@?$AAC?$AAa?$AAl?$AAl?$AAi?$AAn?$AAg?$AA?5?$AAw?$AAo?$AAr?$AAk?$AAe?$AAr?$AA?5?$AA?$CF?$AAl?$AAl?$AAd?$AA?5?$AA?$FL?$AAd?$AAa?$AAt?$AAa?$AA?$DN?$AA?$CF?$AAp?$AA?0?$AA?5?$AAm?$AAo@ 0000000140014378     dbg_.-gpu-call_object.o
 0002:000003ca       ??_C@_1CG@CCFDEFBF@?$AAR?$AAU?$AAN?$AA?5?$AAG?$AAP?$AAU?$AA?5?$AAw?$AAo?$AAr?$AAk?$AAe?$AAr?$AA?$DN?$AA?$CF?$AAp?$AA?6?$AA?$AA@ 00000001400143ca     dbg_.-gpu-execute_worker.o
 0002:000003f0       ??_C@_1CM@IKJLFGHA@?$AAS?$AAi?$AAz?$AAe?$AA?5?$AAd?$AAi?$AAm?$AA?5?$AA?$CF?$AAl?$AAl?$AAd?$AA?5?$AA?$DN?$AA?5?$AA?$CF?$AAl?$AAl?$AAd?$AA?6?$AA?$AA@ 00000001400143f0     dbg_.-gpu-execute_worker.o
 0002:0000041c       ??_C@_1DA@NMEBJCAH@?$AAO?$AAf?$AAf?$AAs?$AAe?$AAt?$AA?5?$AAd?$AAi?$AAm?$AA?5?$AA?$CF?$AAl?$AAl?$AAd?$AA?5?$AA?$DN?$AA?5?$AA?$CF?$AAl?$AAl?$AAd?$AA?6?$AA?$AA@ 000000014001441c     dbg_.-gpu-execute_worker.o
 0002:0000044c       ??_C@_1DO@MBJBKNM@?$AAE?$AAr?$AAr?$AAo?$AAr?$AA?3?$AA?5?$AAa?$AAt?$AA?5?$AAc?$AAl?$AAS?$AAe?$AAt?$AAK?$AAe?$AAr?$AAn?$AAe?$AAl?$AAA?$AAr?$AAg?$AA?5?$AA?$CF?$AAl?$AAl?$AAd?$AA?6?$AA?$AA@ 000000014001444c     dbg_.-gpu-execute_worker.o
 0002:0000048a       ??_C@_1CO@BOPILBOM@?$AAC?$AAO?$AAN?$AAF?$AAI?$AAG?$AAU?$AAR?$AAE?$AAD?$AA?3?$AA?5?$AAd?$AAi?$AAm?$AAs?$AA?$DN?$AA?$CF?$AAl?$AAl?$AAd?$AA?6?$AA?$AA@ 000000014001448a     dbg_.-gpu-execute_worker.o
 0002:000004b8       ??_C@_1EO@KIFHHFHO@?$AAE?$AAr?$AAr?$AAo?$AAr?$AA?3?$AA?5?$AAa?$AAt?$AA?5?$AAc?$AAl?$AAE?$AAn?$AAq?$AAu?$AAe?$AAu?$AAe?$AAN?$AAD?$AAR?$AAa?$AAn?$AAg?$AAe?$AAK?$AAe?$AAr?$AAn?$AAe?$AAl@ 00000001400144b8     dbg_.-gpu-execute_worker.o
 0002:00000506       ??_C@_1FG@NKPPHDDL@?$AAA?$AAl?$AAl?$AAo?$AAc?$AAa?$AAt?$AAi?$AAn?$AAg?$AA?5?$AAb?$AAu?$AAf?$AAf?$AAe?$AAr?$AA?5?$AAo?$AAf?$AA?5?$AAs?$AAi?$AAz?$AAe?$AA?5?$AA?$CF?$AAl?$AAl?$AAd?$AA?5?$AAp@ 0000000140014506     dbg_.-gpu-new_object.o
 0002:0000055c       ??_C@_1DO@PIAGAENK@?$AAE?$AAR?$AAR?$AAO?$AAR?$AA?3?$AA?5?$AAg?$AAp?$AAu?$AAA?$AAl?$AAl?$AAo?$AAc?$AA?5?$AAf?$AAa?$AAi?$AAl?$AAe?$AAd?$AA?5?$AA?$FL?$AA?$CF?$AAl?$AAl?$AAd?$AA?$FN?$AA?6?$AA?$AA@ 000000014001455c     dbg_.-gpu-new_object.o
 0002:0000059a       ??_C@_1BG@LMPFNDF@?$AAr?$AAe?$AAs?$AAu?$AAl?$AAt?$AA?5?$AA?$CF?$AAp?$AA?6?$AA?$AA@ 000000014001459a     dbg_.-gpu-new_object.o
 0002:000005b0       ??_C@_1FM@LBBNKNII@?$AAE?$AAR?$AAR?$AAO?$AAR?$AA?3?$AA?5?$AAP?$AAi?$AAp?$AAe?$AAs?$AA?5?$AAa?$AAr?$AAe?$AA?5?$AAu?$AAn?$AAs?$AAu?$AAp?$AAp?$AAo?$AAr?$AAt?$AAe?$AAd?$AA?5?$AAo?$AAn?$AA?5@ 00000001400145b0     dbg_.-gpu-new_object.o
 0002:0000060c       ??_C@_1EA@PKIDLDBK@?$AAo?$AAb?$AAj?$AAe?$AAc?$AAt?$AA?5?$AAf?$AAo?$AAr?$AA?5?$AAs?$AAi?$AAz?$AAe?$AA?5?$AA?$CF?$AAl?$AAl?$AAd?$AA?5?$AAa?$AAl?$AAl?$AAo?$AAc?$AAa?$AAt?$AAe?$AAd?$AA?6?$AA?$AA@ 000000014001460c     dbg_.-gpu-new_object.o
 0002:0000064c       ??_C@_1GM@BNFAKJM@?$AAE?$AAR?$AAR?$AAO?$AAR?$AA?3?$AA?5?$AAP?$AAi?$AAp?$AAe?$AAs?$AA?5?$AAa?$AAr?$AAe?$AA?5?$AAu?$AAn?$AAs?$AAu?$AAp?$AAp?$AAo?$AAr?$AAt?$AAe?$AAd?$AA?5?$AAo?$AAn?$AA?5@ 000000014001464c     dbg_.-gpu-new_object.o
 0002:000006b8       ??_C@_1DC@NBDPBMKB@?$AAW?$AAr?$AAo?$AAn?$AAg?$AA?5?$AAt?$AAy?$AAp?$AAe?$AA?5?$AAi?$AAn?$AA?5?$AAN?$AAe?$AAw?$AAO?$AAb?$AAj?$AAe?$AAc?$AAt?$AA?6?$AA?$AA@ 00000001400146b8     dbg_.-gpu-new_object.o
 0002:000006ea       ??_C@_1EG@FBJBJMFK@?$AAN?$AAO?$AAT?$AA?5?$AAS?$AAU?$AAP?$AAP?$AAO?$AAR?$AAT?$AAE?$AAD?$AA?3?$AA?5?$AAp?$AAu?$AAs?$AAh?$AA?5?$AAi?$AAn?$AA?5?$AAg?$AAp?$AAu?$AA?5?$AAo?$AAb?$AAj?$AAe?$AAc@ 00000001400146ea     dbg_.-gpu-push_object.o
 0002:00000730       ??_C@_1FE@GJLEMBH@?$AAN?$AAO?$AAT?$AA?5?$AAS?$AAU?$AAP?$AAP?$AAO?$AAR?$AAT?$AAE?$AAD?$AA?3?$AA?5?$AAp?$AAu?$AAs?$AAh?$AA?5?$AAi?$AAn?$AA?5?$AAg?$AAp?$AAu?$AA?5?$AAo?$AAb?$AAj?$AAe?$AAc@ 0000000140014730     dbg_.-gpu-push_object.o
 0002:00000784       ??_C@_1EI@EPHKLIAN@?$AAN?$AAO?$AAT?$AA?5?$AAS?$AAU?$AAP?$AAP?$AAO?$AAR?$AAT?$AAE?$AAD?$AA?3?$AA?5?$AAq?$AAu?$AAe?$AAr?$AAy?$AA?5?$AAi?$AAn?$AA?5?$AAg?$AAp?$AAu?$AA?5?$AAo?$AAb?$AAj?$AAe@ 0000000140014784     dbg_.-gpu-query_object.o
 0002:000007cc       ??_C@_1FG@PCBNEEAC@?$AAN?$AAO?$AAT?$AA?5?$AAS?$AAU?$AAP?$AAP?$AAO?$AAR?$AAT?$AAE?$AAD?$AA?3?$AA?5?$AAq?$AAu?$AAe?$AAr?$AAy?$AA?5?$AAi?$AAn?$AA?5?$AAg?$AAp?$AAu?$AA?5?$AAo?$AAb?$AAj?$AAe@ 00000001400147cc     dbg_.-gpu-query_object.o
 0002:00000838       ??_C@_1DM@CKKHLHMJ@?$AAP?$AAi?$AAp?$AAe?$AA?5?$AAf?$AAo?$AAr?$AA?5?$AAs?$AAi?$AAz?$AAe?$AA?5?$AA?$CF?$AAl?$AAl?$AAd?$AA?5?$AAa?$AAl?$AAl?$AAo?$AAc?$AAa?$AAt?$AAe?$AAd?$AA?6?$AA?$AA@ 0000000140014838     dbg_.-loc-new_object.o
 0002:00000874       ??_C@_1GK@LJBKHIKD@?$AAA?$AAr?$AAr?$AAa?$AAy?$AA?5?$AAo?$AAf?$AA?5?$AA?$CF?$AAl?$AAl?$AAd?$AA?5?$AAb?$AAy?$AAt?$AAe?$AAs?$AA?0?$AA?5?$AAe?$AAl?$AAe?$AAm?$AAe?$AAn?$AAt?$AA?5?$AAo?$AAf?$AA?5@ 0000000140014874     dbg_.-loc-new_object.o
 0002:000008de       ??_C@_1EC@IBADEGPM@?$AAP?$AAr?$AAo?$AAm?$AAi?$AAs?$AAe?$AA?5?$AAf?$AAo?$AAr?$AA?5?$AAs?$AAi?$AAz?$AAe?$AA?5?$AA?$CF?$AAl?$AAl?$AAd?$AA?5?$AAa?$AAl?$AAl?$AAo?$AAc?$AAa?$AAt?$AAe?$AAd?$AA?6@ 00000001400148de     dbg_.-loc-new_object.o
 0002:00000920       ??_C@_1DO@OEOJCPLG@?$AAC?$AAl?$AAa?$AAs?$AAs?$AA?5?$AAf?$AAo?$AAr?$AA?5?$AAs?$AAi?$AAz?$AAe?$AA?5?$AA?$CF?$AAl?$AAl?$AAd?$AA?5?$AAa?$AAl?$AAl?$AAo?$AAc?$AAa?$AAt?$AAe?$AAd?$AA?6?$AA?$AA@ 0000000140014920     dbg_.-loc-new_object.o
 0002:0000095e       ??_C@_1EO@GECEJMLH@?$AAD?$AAe?$AAf?$AAi?$AAn?$AAe?$AAd?$AA?5?$AAa?$AAr?$AAr?$AAa?$AAy?$AA?5?$AAf?$AAo?$AAr?$AA?5?$AAs?$AAi?$AAz?$AAe?$AA?5?$AA?$CF?$AAl?$AAl?$AAd?$AA?5?$AAa?$AAl?$AAl?$AAo@ 000000014001495e     dbg_.-loc-new_object.o
 0002:000009ac       ??_C@_1M@FHJLFHFE@?$AA?5?$AA?$CF?$AA0?$AA2?$AAx?$AA?$AA@ 00000001400149ac     dbg_.-loc-new_object.o
 0002:000009b8       ??_C@_1CO@JBEOLKLD@?$AA?$FL?$AAi?$AAd?$AA?$DN?$AA?$CF?$AAl?$AAl?$AAx?$AA?$FN?$AA?5?$AA?$FL?$AAs?$AAi?$AAz?$AAe?$AA?$DN?$AA?$CF?$AAl?$AAl?$AAd?$AA?$FN?$AA?6?$AA?$AA@ 00000001400149b8     dbg_.-loc-new_object.o
 0002:00000a08       ??_C@_1EC@FMMFNKHC@?$AAP?$AAa?$AAu?$AAs?$AAe?$AAd?$AA?5?$AAw?$AAo?$AAr?$AAk?$AAe?$AAr?$AA?5?$AA?$CF?$AAl?$AAl?$AAd?$AA?5?$AA?$FL?$AAc?$AAa?$AAu?$AAs?$AAe?$AA?5?$AA?$CF?$AAl?$AAl?$AAd?$AA?$FN?$AA?6@ 0000000140014a08     dbg_.-x64-await_worker.o
 0002:00000a4a       ??_C@_1BG@KNJPCEOH@?$AAw?$AAo?$AAr?$AAk?$AAe?$AAr?$AA?$DN?$AA?$CF?$AAp?$AA?6?$AA?$AA@ 0000000140014a4a     dbg_.-x64-execute_worker.o
 0002:00000a60       ??_C@_1DM@GFFHBIOC@?$AAS?$AAt?$AAa?$AAl?$AAl?$AAi?$AAn?$AAg?$AA?5?$AAw?$AAo?$AAr?$AAk?$AAe?$AAr?$AA?5?$AAa?$AAt?$AA?5?$AAt?$AAh?$AAr?$AAe?$AAa?$AAd?$AA?5?$AA?$CF?$AAp?$AA?6?$AA?$AA@ 0000000140014a60     dbg_.-x64-execute_worker.o
 0002:00000a9c       ??_C@_1BC@BLBJHNOB@?$AAS?$AAu?$AAc?$AAc?$AAe?$AAs?$AAs?$AA?6?$AA?$AA@ 0000000140014a9c     dbg_.-x64-execute_worker.o
 0002:00000aae       ??_C@_1HE@BGCEENEB@?$AAP?$AAa?$AAu?$AAs?$AAe?$AAd?$AA?5?$AAw?$AAo?$AAr?$AAk?$AAe?$AAr?$AA?5?$AA?$CF?$AAl?$AAl?$AAd?$AA?5?$AA?$FL?$AAs?$AAt?$AAa?$AAl?$AAl?$AA?$FN?$AA?3?$AA?5?$AAn?$AAe?$AAx?$AAt@ 0000000140014aae     dbg_.-x64-execute_worker.o
 0002:00000b38       ??_C@_1BG@HIIBALHG@?$AA?$FL?$AAi?$AAd?$AA?$DN?$AA?$CF?$AAl?$AAl?$AAx?$AA?$FN?$AA?6?$AA?$AA@ 0000000140014b38     dbg_.-x64-new_object.o
 0002:00000b4e       ??_C@_0CD@DKCLGKLJ@NULL?5?$DN?$DN?5?$CCThis?5is?5unreachable?5cod@ 0000000140014b4e     dbg_.-x64-new_object.o
 0002:00000b71       ??_C@_0BD@INEGNPMF@x64NewObjectStates?$AA@ 0000000140014b71     dbg_.-x64-new_object.o
 0002:00000b84       ??_C@_0DA@GIEONAEA@D?3?2mipt?2lang3?2runtimes?20?43?2win?2x@ 0000000140014b84     dbg_.-x64-new_object.o
 0002:00000bd4       ??_C@_0BA@DDLBAAIJ@x64OnPushObject?$AA@ 0000000140014bd4     dbg_.-x64-push_object.o
 0002:00000be4       ??_C@_0DB@EHGHMKBL@D?3?2mipt?2lang3?2runtimes?20?43?2win?2x@ 0000000140014be4     dbg_.-x64-push_object.o
 0002:00000c16       ??_C@_1GA@KFMLACKM@?$AAw?$AAa?$AAi?$AAt?$AAi?$AAn?$AAg?$AA?5?$AAf?$AAo?$AAr?$AA?5?$AAr?$AAe?$AAm?$AAo?$AAt?$AAe?$AA?5?$AAp?$AAu?$AAs?$AAh?$AA?5?$AA?$CF?$AAl?$AAl?$AAd?$AA?1?$AA?$CF?$AAl?$AAl@ 0000000140014c16     dbg_.-x64-push_object.o
 0002:00000c76       ??_C@_0BE@CLLDEMCI@x64PushObjectStates?$AA@ 0000000140014c76     dbg_.-x64-push_object.o
 0002:00000c8a       ??_C@_1CG@JJBKNCBO@?$AAp?$AAu?$AAs?$AAh?$AA?5?$AAt?$AAo?$AA?5?$AAo?$AAb?$AAj?$AAe?$AAc?$AAt?$AA?5?$AA?$CF?$AAp?$AA?6?$AA?$AA@ 0000000140014c8a     dbg_.-x64-push_object.o
 0002:00000cb0       ??_C@_1CG@FCDGDINM@?$AAp?$AAu?$AAs?$AAh?$AA?5?$AAt?$AAo?$AA?5?$AAp?$AAi?$AAp?$AAe?$AA?5?$AA?$CF?$AAl?$AAl?$AAd?$AA?6?$AA?$AA@ 0000000140014cb0     dbg_.-x64-push_object.o
 0002:00000cd6       ??_C@_0BB@OIDGLOGK@x64OnQueryObject?$AA@ 0000000140014cd6     dbg_.-x64-query_object.o
 0002:00000ce7       ??_C@_0DC@IFJHCDEN@D?3?2mipt?2lang3?2runtimes?20?43?2win?2x@ 0000000140014ce7     dbg_.-x64-query_object.o
 0002:00000d1a       ??_C@_1EI@HFFKCAJK@?$AAw?$AAa?$AAi?$AAt?$AAi?$AAn?$AAg?$AA?5?$AAf?$AAo?$AAr?$AA?5?$AAr?$AAe?$AAm?$AAo?$AAt?$AAe?$AA?5?$AAq?$AAu?$AAe?$AAr?$AAy?$AA?5?$AA?$CF?$AAl?$AAl?$AAd?$AA?1?$AA?$CF?$AAl@ 0000000140014d1a     dbg_.-x64-query_object.o
 0002:00000d62       ??_C@_0BF@ENLEMDLA@x64QueryObjectStates?$AA@ 0000000140014d62     dbg_.-x64-query_object.o
 0002:00000d78       ??_C@_1CG@NFAKFIFJ@?$AAQ?$AAu?$AAe?$AAr?$AAy?$AA?5?$AAo?$AAb?$AAj?$AAe?$AAc?$AAt?$AA?5?$AA?$CF?$AAl?$AAl?$AAd?$AA?6?$AA?$AA@ 0000000140014d78     dbg_.-x64-query_object.o
 0002:00000d9e       ??_C@_1CM@JHEDMDLC@?$AAq?$AAu?$AAe?$AAr?$AAy?$AA?5?$AAf?$AAr?$AAo?$AAm?$AA?5?$AAp?$AAi?$AAp?$AAe?$AA?5?$AA?$CF?$AAl?$AAl?$AAd?$AA?6?$AA?$AA@ 0000000140014d9e     dbg_.-x64-query_object.o
 0002:00000dca       ??_C@_0P@GBODICPB@x64SleepStates?$AA@ 0000000140014dca     dbg_.-x64-sleep.o
 0002:00000dd9       ??_C@_0CL@GMEBKBIE@D?3?2mipt?2lang3?2runtimes?20?43?2win?2x@ 0000000140014dd9     dbg_.-x64-sleep.o
 0002:00000e04       ??_C@_1CC@KCDEA@?$AAS?$AAl?$AAe?$AAe?$AAp?$AA?5?$AAt?$AAi?$AAm?$AAe?$AA?5?$AA?$CF?$AAl?$AAl?$AAd?$AA?6?$AA?$AA@ 0000000140014e04     dbg_.-x64-sleep.o
 0002:00000e50       ??_C@_1CM@EKFGKDGG@?$AAG?$AAe?$AAt?$AA?5?$AAo?$AAb?$AAj?$AAe?$AAc?$AAt?$AA?5?$AAi?$AAd?$AA?5?$AA?$DN?$AA?5?$AA?$CF?$AAl?$AAl?$AAd?$AA?6?$AA?$AA@ 0000000140014e50     dbg_.-cast_provider.o
 0002:00000e7c       ??_C@_1FE@BCAGMINK@?$AAE?$AAr?$AAr?$AAo?$AAr?$AA?3?$AA?5?$AAn?$AAo?$AA?5?$AAk?$AAn?$AAo?$AAw?$AAn?$AA?5?$AAs?$AAi?$AAz?$AAe?$AA?5?$AAf?$AAo?$AAr?$AA?5?$AAn?$AAo?$AAt?$AA?5?$AAa?$AAr?$AAr@ 0000000140014e7c     dbg_.-cast_provider.o
 0002:00000ed0       ??_C@_1CO@MKKBGDMJ@?$AAg?$AAo?$AAt?$AA?5?$AAl?$AAo?$AAc?$AAa?$AAl?$AA?5?$AAs?$AAi?$AAz?$AAe?$AA?5?$AAa?$AAn?$AAs?$AAw?$AAe?$AAr?$AA?6?$AA?$AA@ 0000000140014ed0     dbg_.-cast_provider.o
 0002:00000efe       ??_C@_1DM@MLLOPCOA@?$AAQ?$AAu?$AAe?$AAr?$AAy?$AAi?$AAn?$AAg?$AA?5?$AAo?$AAb?$AAj?$AAe?$AAc?$AAt?$AA?5?$AAs?$AAi?$AAz?$AAe?$AA?5?$AAo?$AAf?$AA?5?$AA?$CF?$AAl?$AAl?$AAd?$AA?6?$AA?$AA@ 0000000140014efe     dbg_.-cast_provider.o
 0002:00000f3a       ??_C@_1DA@NCDJBGNA@?$AAg?$AAo?$AAt?$AA?5?$AAr?$AAe?$AAm?$AAo?$AAt?$AAe?$AA?5?$AAs?$AAi?$AAz?$AAe?$AA?5?$AAa?$AAn?$AAs?$AAw?$AAe?$AAr?$AA?6?$AA?$AA@ 0000000140014f3a     dbg_.-cast_provider.o
 0002:00000f6a       ??_C@_1EO@EEOKBBBD@?$AAK?$AAn?$AAo?$AAw?$AA?5?$AAs?$AAi?$AAz?$AAe?$AA?$DN?$AA?$CF?$AAl?$AAl?$AAd?$AA?5?$AA?$FL?$AAp?$AAa?$AAr?$AAa?$AAm?$AA?$DN?$AA?$CF?$AAl?$AAl?$AAd?$AA?$FN?$AA?5?$AA?9?$AA?5?$AAi?$AAd@ 0000000140014f6a     dbg_.-cast_provider.o
 0002:00000fb8       ??_C@_1FK@KDAFABDO@?$AAE?$AAr?$AAr?$AAo?$AAr?$AA?3?$AA?5?$AAl?$AAo?$AAc?$AAa?$AAl?$AA?5?$AAo?$AAb?$AAj?$AAe?$AAc?$AAt?$AA?5?$AAw?$AAa?$AAs?$AA?5?$AAr?$AAe?$AAm?$AAo?$AAv?$AAe?$AAd?$AA?5@ 0000000140014fb8     dbg_.-cast_provider.o
 0002:00001012       ??_C@_1FO@HMOHPFHI@?$AAE?$AAr?$AAr?$AAo?$AAr?$AA?5?$AAh?$AAa?$AAp?$AAp?$AAe?$AAn?$AA?5?$AAw?$AAh?$AAi?$AAl?$AAe?$AA?5?$AAc?$AAl?$AAE?$AAn?$AAq?$AAu?$AAe?$AAu?$AAe?$AAR?$AAe?$AAa?$AAd@ 0000000140015012     dbg_.-cast_provider.o
 0002:00001070       ??_C@_1EE@JNODMKEN@?$AAS?$AAu?$AAc?$AAc?$AAe?$AAs?$AAs?$AAi?$AAf?$AAu?$AAl?$AAl?$AAy?$AA?5?$AAc?$AAo?$AAn?$AAv?$AAe?$AAr?$AAt?$AAe?$AAd?$AA?5?$AAg?$AAp?$AAu?$AA?9?$AA?$DO?$AAc?$AAp?$AAu@ 0000000140015070     dbg_.-cast_provider.o
 0002:000010b4       ??_C@_1GA@EEKPNAGK@?$AAE?$AAr?$AAr?$AAo?$AAr?$AA?5?$AAh?$AAa?$AAp?$AAp?$AAe?$AAn?$AA?5?$AAw?$AAh?$AAi?$AAl?$AAe?$AA?5?$AAc?$AAl?$AAE?$AAn?$AAq?$AAu?$AAe?$AAu?$AAe?$AAW?$AAr?$AAi?$AAt@ 00000001400150b4     dbg_.-cast_provider.o
 0002:00001114       ??_C@_1EE@NKOFIBGO@?$AAS?$AAu?$AAc?$AAc?$AAe?$AAs?$AAs?$AAi?$AAf?$AAu?$AAl?$AAl?$AAy?$AA?5?$AAc?$AAo?$AAn?$AAv?$AAe?$AAr?$AAt?$AAe?$AAd?$AA?5?$AAc?$AAp?$AAu?$AA?9?$AA?$DO?$AAg?$AAp?$AAu@ 0000000140015114     dbg_.-cast_provider.o
 0002:00001158       ??_C@_1BM@OBHKMKPP@?$AAR?$AAe?$AAt?$AAu?$AAr?$AAn?$AA?3?$AA?5?$AA?$CF?$AAl?$AAl?$AAd?$AA?6?$AA?$AA@ 0000000140015158     dbg_.-cast_provider.o
 0002:00001174       ??_C@_0O@GKFEADAD@anyCastStates?$AA@ 0000000140015174     dbg_.-cast_provider.o
 0002:00001182       ??_C@_0CP@CMCABPLI@D?3?2mipt?2lang3?2runtimes?20?43?2win?2c@ 0000000140015182     dbg_.-cast_provider.o
 0002:000011b2       ??_C@_1EC@IPADNJOO@?$AAc?$AAo?$AAn?$AAv?$AAe?$AAr?$AAt?$AA?5?$AA?$CF?$AAp?$AA?5?$AA?$FL?$AAt?$AAy?$AAp?$AAe?$AAs?$AA?5?$AA?$CF?$AAl?$AAl?$AAd?$AA?5?$AA?9?$AA?$DO?$AA?5?$AA?$CF?$AAl?$AAl?$AAd?$AA?$FN?$AA?6@ 00000001400151b2     dbg_.-cast_provider.o
 0002:000011f4       ??_C@_1IA@HIJJNPCH@?$AAE?$AAR?$AAR?$AAO?$AAR?$AA?3?$AA?5?$AAn?$AAo?$AAt?$AA?5?$AAs?$AAu?$AAp?$AAp?$AAo?$AAr?$AAt?$AAe?$AAd?$AA?5?$AAc?$AAo?$AAn?$AAv?$AAe?$AAr?$AAs?$AAi?$AAo?$AAn?$AA?5@ 00000001400151f4     dbg_.-cast_provider.o
 0002:00001274       ??_C@_1DK@FINICEEJ@?$AAG?$AAo?$AAt?$AA?5?$AAa?$AAt?$AA?5?$AAl?$AAe?$AAa?$AAs?$AAt?$AA?5?$AA?$CF?$AAl?$AAl?$AAd?$AA?5?$AAp?$AAl?$AAa?$AAt?$AAf?$AAo?$AAr?$AAm?$AAs?$AA?6?$AA?$AA@ 0000000140015274     dbg_.-gpu_subsystem.o
 0002:000012ae       ??_C@_1CA@OOAPHHDP@?$AAP?$AAl?$AAa?$AAt?$AAf?$AAo?$AAr?$AAm?$AA?5?$AA?$CF?$AAl?$AAl?$AAd?$AA?3?$AA?6?$AA?$AA@ 00000001400152ae     dbg_.-gpu_subsystem.o
 0002:000012ce       ??_C@_1DK@CFKCPDLH@?$AA?7?$AA?$CF?$AAl?$AAl?$AAd?$AA?4?$AAN?$AAa?$AAm?$AAe?$AA?5?$AA?5?$AA?5?$AA?5?$AA?5?$AA?5?$AA?5?$AA?5?$AA?5?$AA?5?$AA?5?$AA?5?$AA?5?$AA?3?$AA?5?$AA?$CF?$AAs?$AA?6?$AA?$AA@ 00000001400152ce     dbg_.-gpu_subsystem.o
 0002:00001308       ??_C@_1DK@PKNJPDCN@?$AA?7?$AA?$CF?$AAl?$AAl?$AAd?$AA?4?$AAV?$AAe?$AAn?$AAd?$AAo?$AAr?$AA?5?$AA?5?$AA?5?$AA?5?$AA?5?$AA?5?$AA?5?$AA?5?$AA?5?$AA?5?$AA?5?$AA?3?$AA?5?$AA?$CF?$AAs?$AA?6?$AA?$AA@ 0000000140015308     dbg_.-gpu_subsystem.o
 0002:00001342       ??_C@_1DK@BCHMBHFB@?$AA?7?$AA?$CF?$AAl?$AAl?$AAd?$AA?4?$AAV?$AAe?$AAr?$AAs?$AAi?$AAo?$AAn?$AA?5?$AA?5?$AA?5?$AA?5?$AA?5?$AA?5?$AA?5?$AA?5?$AA?5?$AA?5?$AA?3?$AA?5?$AA?$CF?$AAs?$AA?6?$AA?$AA@ 0000000140015342     dbg_.-gpu_subsystem.o
 0002:0000137c       ??_C@_1DK@PPLGHIMI@?$AA?7?$AA?$CF?$AAl?$AAl?$AAd?$AA?4?$AAP?$AAr?$AAo?$AAf?$AAi?$AAl?$AAe?$AA?5?$AA?5?$AA?5?$AA?5?$AA?5?$AA?5?$AA?5?$AA?5?$AA?5?$AA?5?$AA?3?$AA?5?$AA?$CF?$AAs?$AA?6?$AA?$AA@ 000000014001537c     dbg_.-gpu_subsystem.o
 0002:000013b6       ??_C@_1DK@KGLDJAGB@?$AA?7?$AA?$CF?$AAl?$AAl?$AAd?$AA?4?$AAE?$AAx?$AAt?$AAe?$AAn?$AAs?$AAi?$AAo?$AAn?$AAs?$AA?5?$AA?5?$AA?5?$AA?5?$AA?5?$AA?5?$AA?5?$AA?3?$AA?5?$AA?$CF?$AAs?$AA?6?$AA?$AA@ 00000001400153b6     dbg_.-gpu_subsystem.o
 0002:000013f0       ??_C@_1DO@JAHGICMH@?$AA?7?$AA?$CF?$AAl?$AAl?$AAd?$AA?4?$AAT?$AAi?$AAm?$AAe?$AAr?$AA?5?$AAR?$AAe?$AAs?$AAo?$AAl?$AAu?$AAt?$AAi?$AAo?$AAn?$AA?5?$AA?3?$AA?5?$AA?$CF?$AAl?$AAl?$AAd?$AA?6?$AA?$AA@ 00000001400153f0     dbg_.-gpu_subsystem.o
 0002:0000142e       ??_C@_1FE@GFHOHNKH@?$AAp?$AAl?$AAa?$AAt?$AAf?$AAo?$AAr?$AAm?$AA?5?$AA?$CF?$AAl?$AAl?$AAd?$AA?3?$AA?5?$AAG?$AAo?$AAt?$AA?5?$AAa?$AAt?$AA?5?$AAl?$AAe?$AAa?$AAs?$AAt?$AA?5?$AA?$CF?$AAl?$AAl?$AAd@ 000000014001542e     dbg_.-gpu_subsystem.o
 0002:00001482       ??_C@_1BM@MMFNNAKO@?$AAD?$AAe?$AAv?$AAi?$AAc?$AAe?$AA?5?$AA?$CF?$AAl?$AAl?$AAd?$AA?3?$AA?6?$AA?$AA@ 0000000140015482     dbg_.-gpu_subsystem.o
 0002:0000149e       ??_C@_1FG@GKDLJBIA@?$AA?7?$AA?$CF?$AAl?$AAl?$AAd?$AA?4?$AA?$CF?$AAl?$AAl?$AAd?$AA?4?$AAN?$AAa?$AAm?$AAe?$AA?5?$AA?5?$AA?5?$AA?5?$AA?5?$AA?5?$AA?5?$AA?5?$AA?5?$AA?5?$AA?5?$AA?5?$AA?5?$AA?5?$AA?5?$AA?5?$AA?5@ 000000014001549e     dbg_.-gpu_subsystem.o
 0002:000014f4       ??_C@_1FK@JCGLFMHC@?$AA?7?$AA?$CF?$AAl?$AAl?$AAd?$AA?4?$AA?$CF?$AAl?$AAl?$AAd?$AA?4?$AAA?$AAv?$AAa?$AAi?$AAl?$AAa?$AAb?$AAl?$AAe?$AA?5?$AA?5?$AA?5?$AA?5?$AA?5?$AA?5?$AA?5?$AA?5?$AA?5?$AA?5?$AA?5?$AA?5@ 00000001400154f4     dbg_.-gpu_subsystem.o
 0002:0000154e       ??_C@_1FK@PNFJMFNM@?$AA?7?$AA?$CF?$AAl?$AAl?$AAd?$AA?4?$AA?$CF?$AAl?$AAl?$AAd?$AA?4?$AAT?$AAy?$AAp?$AAe?$AA?5?$AA?5?$AA?5?$AA?5?$AA?5?$AA?5?$AA?5?$AA?5?$AA?5?$AA?5?$AA?5?$AA?5?$AA?5?$AA?5?$AA?5?$AA?5?$AA?5@ 000000014001554e     dbg_.-gpu_subsystem.o
 0002:000015a8       ??_C@_1FG@OJFNKBCG@?$AA?7?$AA?$CF?$AAl?$AAl?$AAd?$AA?4?$AA?$CF?$AAl?$AAl?$AAd?$AA?4?$AAV?$AAe?$AAn?$AAd?$AAo?$AAr?$AA?5?$AA?5?$AA?5?$AA?5?$AA?5?$AA?5?$AA?5?$AA?5?$AA?5?$AA?5?$AA?5?$AA?5?$AA?5?$AA?5?$AA?5@ 00000001400155a8     dbg_.-gpu_subsystem.o
 0002:000015fe       ??_C@_1FG@LICMMOCB@?$AA?7?$AA?$CF?$AAl?$AAl?$AAd?$AA?4?$AA?$CF?$AAl?$AAl?$AAd?$AA?4?$AAD?$AAr?$AAi?$AAv?$AAe?$AAr?$AA?5?$AAV?$AAe?$AAr?$AAs?$AAi?$AAo?$AAn?$AA?5?$AA?5?$AA?5?$AA?5?$AA?5?$AA?5?$AA?5@ 00000001400155fe     dbg_.-gpu_subsystem.o
 0002:00001654       ??_C@_1FG@GEMKEAJB@?$AA?7?$AA?$CF?$AAl?$AAl?$AAd?$AA?4?$AA?$CF?$AAl?$AAl?$AAd?$AA?4?$AAD?$AAe?$AAv?$AAi?$AAc?$AAe?$AA?5?$AAV?$AAe?$AAr?$AAs?$AAi?$AAo?$AAn?$AA?5?$AA?5?$AA?5?$AA?5?$AA?5?$AA?5?$AA?5@ 0000000140015654     dbg_.-gpu_subsystem.o
 0002:000016aa       ??_C@_1FG@MPCNGFNE@?$AA?7?$AA?$CF?$AAl?$AAl?$AAd?$AA?4?$AA?$CF?$AAl?$AAl?$AAd?$AA?4?$AAP?$AAr?$AAo?$AAf?$AAi?$AAl?$AAe?$AA?5?$AA?5?$AA?5?$AA?5?$AA?5?$AA?5?$AA?5?$AA?5?$AA?5?$AA?5?$AA?5?$AA?5?$AA?5?$AA?5@ 00000001400156aa     dbg_.-gpu_subsystem.o
 0002:00001700       ??_C@_1FG@GJMINOLL@?$AA?7?$AA?$CF?$AAl?$AAl?$AAd?$AA?4?$AA?$CF?$AAl?$AAl?$AAd?$AA?4?$AAE?$AAx?$AAt?$AAe?$AAn?$AAs?$AAi?$AAo?$AAn?$AAs?$AA?5?$AA?5?$AA?5?$AA?5?$AA?5?$AA?5?$AA?5?$AA?5?$AA?5?$AA?5?$AA?5@ 0000000140015700     dbg_.-gpu_subsystem.o
 0002:00001756       ??_C@_1FK@NKJEPLPJ@?$AA?7?$AA?$CF?$AAl?$AAl?$AAd?$AA?4?$AA?$CF?$AAl?$AAl?$AAd?$AA?4?$AAM?$AAa?$AAx?$AA?5?$AAC?$AAo?$AAm?$AAp?$AAu?$AAt?$AAe?$AA?5?$AAU?$AAn?$AAi?$AAt?$AAs?$AA?5?$AA?5?$AA?5?$AA?5@ 0000000140015756     dbg_.-gpu_subsystem.o
 0002:000017b0       ??_C@_1FK@OLFGCCPL@?$AA?7?$AA?$CF?$AAl?$AAl?$AAd?$AA?4?$AA?$CF?$AAl?$AAl?$AAd?$AA?4?$AAM?$AAa?$AAx?$AA?5?$AAI?$AAt?$AAe?$AAm?$AA?5?$AAD?$AAi?$AAm?$AAe?$AAn?$AAs?$AAi?$AAo?$AAn?$AAs?$AA?5?$AA?5@ 00000001400157b0     dbg_.-gpu_subsystem.o
 0002:0000180a       ??_C@_1FK@CMFPDFMJ@?$AA?7?$AA?$CF?$AAl?$AAl?$AAd?$AA?4?$AA?$CF?$AAl?$AAl?$AAd?$AA?4?$AAM?$AAa?$AAx?$AA?5?$AAG?$AAr?$AAo?$AAu?$AAp?$AA?5?$AAS?$AAi?$AAz?$AAe?$AA?5?$AA?5?$AA?5?$AA?5?$AA?5?$AA?5?$AA?5@ 000000014001580a     dbg_.-gpu_subsystem.o
 0002:00001864       ??_C@_1GA@OFJKKJHL@?$AA?7?$AA?7?$AA?$CF?$AAl?$AAl?$AAd?$AA?4?$AA?$CF?$AAl?$AAl?$AAd?$AA?4?$AAM?$AAa?$AAx?$AA?5?$AAI?$AAt?$AAe?$AAm?$AA?5?$AAS?$AAi?$AAz?$AAe?$AAs?$AA?$FL?$AA?$CF?$AAl?$AAl?$AAd?$AA?$FN@ 0000000140015864     dbg_.-gpu_subsystem.o
 0002:000018c4       ??_C@_1FK@PBEPJBHG@?$AA?7?$AA?$CF?$AAl?$AAl?$AAd?$AA?4?$AA?$CF?$AAl?$AAl?$AAd?$AA?4?$AAM?$AAa?$AAx?$AA?5?$AAC?$AAl?$AAo?$AAc?$AAk?$AA?5?$AAF?$AAr?$AAe?$AAq?$AAu?$AAe?$AAn?$AAc?$AAy?$AA?5?$AA?5@ 00000001400158c4     dbg_.-gpu_subsystem.o
 0002:0000191e       ??_C@_1FK@EGKKPFNE@?$AA?7?$AA?$CF?$AAl?$AAl?$AAd?$AA?4?$AA?$CF?$AAl?$AAl?$AAd?$AA?4?$AAM?$AAa?$AAx?$AA?5?$AAM?$AAe?$AAm?$AA?5?$AAA?$AAl?$AAl?$AAo?$AAc?$AA?5?$AAS?$AAi?$AAz?$AAe?$AA?5?$AA?5?$AA?5@ 000000014001591e     dbg_.-gpu_subsystem.o
 0002:00001978       ??_C@_1FK@NMMFNGJN@?$AA?7?$AA?$CF?$AAl?$AAl?$AAd?$AA?4?$AA?$CF?$AAl?$AAl?$AAd?$AA?4?$AAG?$AAl?$AAo?$AAb?$AAa?$AAl?$AA?5?$AAM?$AAe?$AAm?$AA?5?$AAC?$AAa?$AAc?$AAh?$AAe?$AAl?$AAi?$AAn?$AAe?$AA?5@ 0000000140015978     dbg_.-gpu_subsystem.o
 0002:000019d2       ??_C@_1FK@NMHJFOBI@?$AA?7?$AA?$CF?$AAl?$AAl?$AAd?$AA?4?$AA?$CF?$AAl?$AAl?$AAd?$AA?4?$AAG?$AAl?$AAo?$AAb?$AAa?$AAl?$AA?5?$AAM?$AAe?$AAm?$AA?5?$AAC?$AAa?$AAc?$AAh?$AAe?$AA?5?$AAS?$AAi?$AAz?$AAe@ 00000001400159d2     dbg_.-gpu_subsystem.o
 0002:00001a2c       ??_C@_1FK@KEPOBMOJ@?$AA?7?$AA?$CF?$AAl?$AAl?$AAd?$AA?4?$AA?$CF?$AAl?$AAl?$AAd?$AA?4?$AAG?$AAl?$AAo?$AAb?$AAa?$AAl?$AA?5?$AAM?$AAe?$AAm?$AA?5?$AAS?$AAi?$AAz?$AAe?$AA?5?$AA?5?$AA?5?$AA?5?$AA?5?$AA?5@ 0000000140015a2c     dbg_.-gpu_subsystem.o
 0002:00001a86       ??_C@_1FK@BEKCEBKI@?$AA?7?$AA?$CF?$AAl?$AAl?$AAd?$AA?4?$AA?$CF?$AAl?$AAl?$AAd?$AA?4?$AAL?$AAo?$AAc?$AAa?$AAl?$AA?5?$AAM?$AAe?$AAm?$AA?5?$AAS?$AAi?$AAz?$AAe?$AA?5?$AA?5?$AA?5?$AA?5?$AA?5?$AA?5?$AA?5@ 0000000140015a86     dbg_.-gpu_subsystem.o
 0002:00001ae0       ??_C@_1DG@HHDGLCMF@?$AAA?$AAt?$AA?5?$AAe?$AAn?$AAd?$AA?5?$AAh?$AAa?$AAv?$AAe?$AA?5?$AA?$CF?$AAl?$AAl?$AAd?$AA?5?$AAd?$AAe?$AAv?$AAi?$AAc?$AAe?$AAs?$AA?4?$AA?6?$AA?$AA@ 0000000140015ae0     dbg_.-gpu_subsystem.o
 0002:00001b16       ??_C@_1FC@JJNHHFIJ@?$AAI?$AAn?$AAi?$AAt?$AA?5?$AAf?$AAo?$AAr?$AAm?$AA?5?$AAp?$AAl?$AAa?$AAt?$AAf?$AAo?$AAr?$AAm?$AA?5?$AA?$CF?$AAl?$AAl?$AAd?$AA?5?$AA?$FL?$AAa?$AAu?$AAt?$AAo?$AA?5?$AAs?$AAe@ 0000000140015b16     dbg_.-gpu_subsystem.o
 0002:00001b68       ??_C@_1EC@CFAEGHOO@?$AAE?$AAr?$AAr?$AAo?$AAr?$AA?5?$AAa?$AAt?$AA?5?$AAc?$AAl?$AAC?$AAr?$AAe?$AAa?$AAt?$AAe?$AAC?$AAo?$AAn?$AAt?$AAe?$AAx?$AAt?$AA?5?$AA?$FL?$AA?$CF?$AAl?$AAl?$AAd?$AA?$FN?$AA?6@ 0000000140015b68     dbg_.-gpu_subsystem.o
 0002:00001baa       ??_C@_1GI@JODPKPLM@?$AAE?$AAr?$AAr?$AAo?$AAr?$AA?5?$AAa?$AAt?$AA?5?$AAc?$AAl?$AAC?$AAr?$AAe?$AAa?$AAt?$AAe?$AAC?$AAo?$AAm?$AAm?$AAa?$AAn?$AAd?$AAQ?$AAu?$AAe?$AAu?$AAe?$AAW?$AAi?$AAt@ 0000000140015baa     dbg_.-gpu_subsystem.o
 0002:00001c12       ??_C@_0FA@OKGFDHAO@?9cl?9single?9precision?9constant?5?9c@ 0000000140015c12     dbg_.-gpu_subsystem.o
 0002:00001c62       ??_C@_1DE@FJCPKFIJ@?$AAB?$AAu?$AAi?$AAl?$AAd?$AAP?$AAr?$AAo?$AAg?$AAr?$AAa?$AAm?$AA?5?$AAE?$AAr?$AAr?$AAo?$AAr?$AA?3?$AA?5?$AA?$CF?$AAl?$AAl?$AAd?$AA?6?$AA?$AA@ 0000000140015c62     dbg_.-gpu_subsystem.o
 0002:00001c96       ??_C@_19PDAGFAKM@?$AA?4?$AA?4?$AA?4?$AA?6?$AA?$AA@ 0000000140015c96     dbg_.-gpu_subsystem.o
 0002:00001ca0       ??_C@_1CO@HIIDKPPP@?$AAB?$AAu?$AAi?$AAl?$AAd?$AAI?$AAn?$AAf?$AAo?$AA?5?$AAE?$AAr?$AAr?$AAo?$AAr?$AA?3?$AA?5?$AA?$CF?$AAl?$AAl?$AAd?$AA?6?$AA?$AA@ 0000000140015ca0     dbg_.-gpu_subsystem.o
 0002:00001cce       ??_C@_1DA@GJKLKGNM@?$AAB?$AAu?$AAi?$AAl?$AAd?$AAI?$AAn?$AAf?$AAo?$AA2?$AA?5?$AAE?$AAr?$AAr?$AAo?$AAr?$AA?3?$AA?5?$AA?$CF?$AAl?$AAl?$AAd?$AA?6?$AA?$AA@ 0000000140015cce     dbg_.-gpu_subsystem.o
 0002:00001cfe       ??_C@_1DA@CBNNMJJB@?$AAE?$AAr?$AAr?$AAo?$AAr?$AA?5?$AAI?$AAn?$AAf?$AAo?$AA?3?$AA?5?$AAc?$AAo?$AAd?$AAe?$AA?$DN?$AA?$CF?$AAl?$AAl?$AAd?$AA?3?$AA?6?$AA?$AA@ 0000000140015cfe     dbg_.-gpu_subsystem.o
 0002:00001d2e       ??_C@_1CA@CAEDKLHA@?$AA?$CF?$AA0?$AA2?$AAx?$AA?5?$AA?$CF?$AA0?$AA2?$AAx?$AA?5?$AA?$CF?$AA0?$AA2?$AAx?$AA?6?$AA?$AA@ 0000000140015d2e     dbg_.-gpu_subsystem.o
 0002:00001d4e       ??_C@_17MJEANDKP@?$AA?$CF?$AAs?$AA?6?$AA?$AA@ 0000000140015d4e     dbg_.-gpu_subsystem.o
 0002:00001d56       ??_C@_1CO@DCKAPNAK@?$AAw?$AAa?$AAi?$AAt?$AAi?$AAn?$AAg?$AA?5?$AAs?$AAt?$AAa?$AAr?$AAt?$AAu?$AAp?$AA?5?$AAp?$AAa?$AAg?$AAe?$AAs?$AA?6?$AA?$AA@ 0000000140015d56     dbg_.-hive_entry.o
 0002:00001d84       ??_C@_1EI@OLFKDNEP@?$AAE?$AAr?$AAr?$AAo?$AAr?$AA?3?$AA?5?$AAa?$AAl?$AAl?$AAo?$AAc?$AAa?$AAt?$AAe?$AAd?$AA?5?$AAa?$AAr?$AAr?$AAa?$AAy?$AA?5?$AAi?$AAs?$AAn?$AA?8?$AAt?$AA?5?$AAl?$AAo?$AAc@ 0000000140015d84     dbg_.-hive_entry.o
 0002:00001dcc       ??_C@_1BM@MGOLOELI@?$AAr?$AAe?$AAs?$AAC?$AAo?$AAd?$AAe?$AAI?$AAd?$AA?$DN?$AA?$CF?$AAp?$AA?6?$AA?$AA@ 0000000140015dcc     dbg_.-hive_entry.o
 0002:00001e70       ??_C@_1DO@NMNBJACC@?$AA?9?$AA?9?$AA?9?$AA?9?$AA?9?$AA?5?$AAt?$AAo?$AAt?$AAa?$AAl?$AA?5?$AA?$CF?$AAl?$AAl?$AAd?$AA?5?$AAc?$AAo?$AAn?$AAn?$AAe?$AAc?$AAt?$AAi?$AAo?$AAn?$AAs?$AA?3?$AA?6?$AA?$AA@ 0000000140015e70     dbg_.-remote.o
 0002:00001eae       ??_C@_1EM@BPMELAJO@?$AA?9?$AAc?$AAo?$AAn?$AAn?$AAe?$AAc?$AAt?$AAi?$AAo?$AAn?$AA?5?$AA?$FL?$AA?$CF?$AAp?$AA?$FN?$AA?5?$AA?$CF?$AAl?$AAl?$AAd?$AA?3?$AA?5?$AAl?$AAo?$AAc?$AAa?$AAl?$AA_?$AAi?$AAd?$AA?$DN@ 0000000140015eae     dbg_.-remote.o
 0002:00001efa       ??_C@_1DC@HEOFFPLC@?$AAo?$AAu?$AAt?$AAg?$AAo?$AAi?$AAn?$AAg?$AA?3?$AA?5?$AAN?$AAo?$AA?5?$AAc?$AAo?$AAn?$AAn?$AAe?$AAc?$AAt?$AAi?$AAo?$AAn?$AA?6?$AA?$AA@ 0000000140015efa     dbg_.-remote.o
 0002:00001f2c       ??_C@_1DG@HNEHLNLB@?$AAo?$AAu?$AAt?$AAg?$AAo?$AAi?$AAn?$AAg?$AA?3?$AA?5?$AAI?$AAP?$AA?$DN?$AA?$CF?$AAs?$AA?5?$AAP?$AAO?$AAR?$AAT?$AA?$DN?$AA?$CF?$AAl?$AAl?$AAd?$AA?6?$AA?$AA@ 0000000140015f2c     dbg_.-remote.o
 0002:00001f62       ??_C@_1DI@OKINGPOA@?$AAo?$AAu?$AAt?$AAg?$AAo?$AAi?$AAn?$AAg?$AA?3?$AA?5?$AA?5?$AAI?$AAP?$AA?$DN?$AA?$CF?$AAs?$AA?5?$AAP?$AAO?$AAR?$AAT?$AA?$DN?$AA?$CF?$AAl?$AAl?$AAd?$AA?6?$AA?$AA@ 0000000140015f62     dbg_.-remote.o
 0002:00001f9a       ??_C@_1CM@KOFOMBCP@?$AAo?$AAu?$AAt?$AAg?$AAo?$AAi?$AAn?$AAg?$AA?3?$AA?5?$AA?5?$AAC?$AAo?$AAr?$AAr?$AAu?$AAp?$AAt?$AAe?$AAd?$AA?6?$AA?$AA@ 0000000140015f9a     dbg_.-remote.o
 0002:00001fc6       ??_C@_1DC@OBBDDNNB@?$AAi?$AAn?$AAc?$AAo?$AAm?$AAi?$AAn?$AAg?$AA?3?$AA?5?$AAN?$AAo?$AA?5?$AAc?$AAo?$AAn?$AAn?$AAe?$AAc?$AAt?$AAi?$AAo?$AAn?$AA?6?$AA?$AA@ 0000000140015fc6     dbg_.-remote.o
 0002:00001ff8       ??_C@_1DG@NNAENLOC@?$AAi?$AAn?$AAc?$AAo?$AAm?$AAi?$AAn?$AAg?$AA?3?$AA?5?$AAI?$AAP?$AA?$DN?$AA?$CF?$AAs?$AA?5?$AAP?$AAO?$AAR?$AAT?$AA?$DN?$AA?$CF?$AAl?$AAl?$AAd?$AA?6?$AA?$AA@ 0000000140015ff8     dbg_.-remote.o
 0002:0000202e       ??_C@_1DI@NPMKAFFJ@?$AAi?$AAn?$AAc?$AAo?$AAm?$AAi?$AAn?$AAg?$AA?3?$AA?5?$AA?5?$AAI?$AAP?$AA?$DN?$AA?$CF?$AAs?$AA?5?$AAP?$AAO?$AAR?$AAT?$AA?$DN?$AA?$CF?$AAl?$AAl?$AAd?$AA?6?$AA?$AA@ 000000014001602e     dbg_.-remote.o
 0002:00002066       ??_C@_1GA@HHMMHPKA@?$AA?$CB?$AA?$CB?$AA?$CB?$AA?$CB?$AA?$CB?$AA?5?$AA?$DO?$AA?$DO?$AA?$DO?$AA?$DO?$AA?$DO?$AA?$DO?$AA?5?$AAP?$AAa?$AAg?$AAe?$AA?5?$AAa?$AAl?$AAl?$AAo?$AAc?$AAa?$AAt?$AAi?$AAo?$AAn?$AA?5?$AAi?$AAd?$AA?$DN@ 0000000140016066     dbg_.-remote.o
 0002:000020c6       ??_C@_1DE@OFJFJIIH@?$AAS?$AAe?$AAr?$AAv?$AAe?$AAr?$AA?5?$AAi?$AAd?$AA?$DN?$AA?$CF?$AAl?$AAl?$AAd?$AA?5?$AAc?$AAo?$AAn?$AAf?$AAi?$AAr?$AAm?$AAe?$AAd?$AA?6?$AA?$AA@ 00000001400160c6     dbg_.-remote.o
 0002:000020fa       ??_C@_1CG@DJLPCGPG@?$AAC?$AAl?$AAi?$AAe?$AAn?$AAt?$AA?5?$AAc?$AAo?$AAn?$AAn?$AAe?$AAc?$AAt?$AAe?$AAd?$AA?$CB?$AA?6?$AA?$AA@ 00000001400160fa     dbg_.-remote.o
 0002:00002120       ??_C@_1GO@KIHGLMJK@?$AAS?$AAe?$AAn?$AAd?$AA?5?$AAc?$AAo?$AAn?$AAf?$AAi?$AAr?$AAm?$AAa?$AAt?$AAi?$AAo?$AAn?$AA?5?$AAo?$AAf?$AA?5?$AAp?$AAa?$AAg?$AAe?$AA?5?$AAa?$AAl?$AAl?$AAo?$AAc?$AAa@ 0000000140016120     dbg_.-remote.o
 0002:0000218e       ??_C@_1FC@NJOMCOBI@?$AAR?$AAe?$AAd?$AAi?$AAr?$AAe?$AAc?$AAt?$AAi?$AAn?$AAg?$AA?5?$AAp?$AAa?$AAg?$AAe?$AA?5?$AAq?$AAu?$AAe?$AAr?$AAy?$AA?5?$AAt?$AAo?$AA?5?$AAl?$AAo?$AAc?$AAa?$AAl?$AA_@ 000000014001618e     dbg_.-remote.o
 0002:000021e0       ??_C@_1EO@MLLDILKB@?$AAR?$AAe?$AAd?$AAi?$AAr?$AAe?$AAc?$AAt?$AAi?$AAn?$AAg?$AA?5?$AAi?$AAd?$AA?5?$AAq?$AAu?$AAe?$AAr?$AAy?$AA?5?$AAt?$AAo?$AA?5?$AAl?$AAo?$AAc?$AAa?$AAl?$AA_?$AAi?$AAd@ 00000001400161e0     dbg_.-remote.o
 0002:0000222e       ??_C@_1DM@IBOIDFJO@?$AAs?$AAo?$AAc?$AAk?$AAe?$AAt?$AA?$CI?$AA?$CJ?$AA?5?$AAf?$AAa?$AAi?$AAl?$AAe?$AAd?$AA?5?$AA?$FL?$AAe?$AAr?$AAr?$AAo?$AAr?$AA?$DN?$AA?$CF?$AAl?$AAl?$AAd?$AA?$FN?$AA?6?$AA?$AA@ 000000014001622e     dbg_.-remote.o
 0002:0000226a       ??_C@_1CM@FLPDOBBA@?$AAR?$AAe?$AAq?$AAu?$AAe?$AAs?$AAt?$AAi?$AAn?$AAg?$AA?5?$AAp?$AAo?$AAr?$AAt?$AA?5?$AA?$CF?$AAl?$AAl?$AAd?$AA?6?$AA?$AA@ 000000014001626a     dbg_.-remote.o
 0002:00002296       ??_C@_1DK@IOCIPHFJ@?$AAc?$AAo?$AAn?$AAn?$AAe?$AAc?$AAt?$AA?5?$AAf?$AAa?$AAi?$AAl?$AAe?$AAd?$AA?5?$AA?$FL?$AAe?$AAr?$AAr?$AAo?$AAr?$AA?$DN?$AA?$CF?$AAl?$AAl?$AAd?$AA?$FN?$AA?6?$AA?$AA@ 0000000140016296     dbg_.-remote.o
 0002:000022d0       ??_C@_1DO@IMGJNCBG@?$AAC?$AAo?$AAn?$AAn?$AAe?$AAc?$AAt?$AAi?$AAo?$AAn?$AA?5?$AAi?$AAs?$AA?5?$AAs?$AAu?$AAc?$AAc?$AAe?$AAs?$AAs?$AAf?$AAu?$AAl?$AA?$CB?$AA?5?$AA?$FL?$AA1?$AA?$FN?$AA?6?$AA?$AA@ 00000001400162d0     dbg_.-remote.o
 0002:0000230e       ??_C@_1GE@BBHPHIKC@?$AAE?$AAr?$AAr?$AAo?$AAr?$AA?5?$AA?9?$AA?5?$AAs?$AAe?$AAr?$AAv?$AAe?$AAr?$AA_?$AAp?$AAo?$AAr?$AAt?$AA?5?$AA?$DN?$AA?$DN?$AA?5?$AA?9?$AA1?$AA?5?$AA?$FL?$AAs?$AAe?$AAr?$AAv?$AAe@ 000000014001630e     dbg_.-remote.o
 0002:00002372       ??_C@_1EM@HCGPBNNP@?$AAS?$AAt?$AAa?$AAr?$AAt?$AAi?$AAn?$AAg?$AA?5?$AAn?$AAe?$AAw?$AA?5?$AAc?$AAo?$AAn?$AAn?$AAe?$AAc?$AAt?$AAi?$AAo?$AAn?$AA?5?$AAt?$AAo?$AA?5?$AA?$FL?$AA?$CF?$AAs?$AA?$FN?$AA?5@ 0000000140016372     dbg_.-remote.o
 0002:000023be       ??_C@_1FE@JKPBPNOM@?$AAE?$AAr?$AAr?$AAo?$AAr?$AA?5?$AAr?$AAe?$AAs?$AAo?$AAl?$AAv?$AAi?$AAn?$AAg?$AA?5?$AAh?$AAo?$AAs?$AAt?$AA?4?$AA?5?$AA?$FL?$AAs?$AAt?$AAa?$AAt?$AAu?$AAs?$AA?$DN?$AA?$CF?$AAl@ 00000001400163be     dbg_.-remote.o
 0002:00002412       ??_C@_1DO@COGNFPF@?$AAC?$AAo?$AAn?$AAn?$AAe?$AAc?$AAt?$AAi?$AAo?$AAn?$AA?5?$AAi?$AAs?$AA?5?$AAs?$AAu?$AAc?$AAc?$AAe?$AAs?$AAs?$AAf?$AAu?$AAl?$AA?$CB?$AA?5?$AA?$FL?$AA2?$AA?$FN?$AA?6?$AA?$AA@ 0000000140016412     dbg_.-remote.o
 0002:00002450       ??_C@_1FK@FPKJOMKP@?$AAE?$AAr?$AAr?$AAo?$AAr?$AA?3?$AA?5?$AAC?$AAo?$AAu?$AAl?$AAd?$AA?5?$AAn?$AAo?$AAt?$AA?5?$AAc?$AAo?$AAn?$AAn?$AAe?$AAc?$AAt?$AA?5?$AAt?$AAo?$AA?5?$AA?$CF?$AAs?$AA?5?$AA?$FL@ 0000000140016450     dbg_.-remote.o
 0002:000024aa       ??_C@_1EA@JBNEEBDD@?$AAT?$AAr?$AAy?$AAi?$AAn?$AAg?$AA?5?$AAt?$AAo?$AA?5?$AAg?$AAe?$AAt?$AA?5?$AAm?$AAe?$AAm?$AAo?$AAr?$AAy?$AA?5?$AAp?$AAa?$AAg?$AAe?$AA?5?$AA?$CF?$AAl?$AAl?$AAd?$AA?6?$AA?$AA@ 00000001400164aa     dbg_.-remote.o
 0002:000024ea       ??_C@_1EI@BHCKMCLF@?$AAC?$AAr?$AAe?$AAa?$AAt?$AAe?$AAd?$AA?5?$AAb?$AAr?$AAo?$AAa?$AAd?$AAc?$AAa?$AAs?$AAt?$AA?5?$AAw?$AAi?$AAt?$AAh?$AA?5?$AAp?$AAr?$AAe?$AAf?$AAi?$AAx?$AA?$DN?$AA?$CF?$AAl@ 00000001400164ea     dbg_.-remote.o
 0002:00002532       ??_C@_1DM@MBBJEJBJ@?$AAT?$AAr?$AAy?$AAi?$AAn?$AAg?$AA?5?$AAt?$AAo?$AA?5?$AAg?$AAe?$AAt?$AA?5?$AAs?$AAe?$AAr?$AAv?$AAe?$AAr?$AA?5?$AAi?$AAd?$AA?5?$AA?$CF?$AAl?$AAl?$AAd?$AA?6?$AA?$AA@ 0000000140016532     dbg_.-remote.o
 0002:0000256e       ??_C@_1GK@DMGCKEJF@?$AAA?$AAn?$AAs?$AAw?$AAe?$AAr?$AA?5?$AAP?$AAu?$AAs?$AAh?$AA?5?$AAO?$AAb?$AAj?$AAe?$AAc?$AAt?$AA?5?$AAt?$AAo?$AA?5?$AAl?$AAo?$AAc?$AAa?$AAl?$AAi?$AAd?$AA?$DN?$AA?$CF?$AAl@ 000000014001656e     dbg_.-remote.o
 0002:000025d8       ??_C@_1GM@MICHOCHB@?$AAA?$AAn?$AAs?$AAw?$AAe?$AAr?$AA?5?$AAQ?$AAu?$AAe?$AAr?$AAy?$AA?5?$AAO?$AAb?$AAj?$AAe?$AAc?$AAt?$AA?5?$AAt?$AAo?$AA?5?$AAl?$AAo?$AAc?$AAa?$AAl?$AAi?$AAd?$AA?$DN?$AA?$CF@ 00000001400165d8     dbg_.-remote.o
 0002:00002644       ??_C@_1FK@FHPCFNAH@?$AAs?$AAe?$AAn?$AAd?$AA?5?$AAb?$AAr?$AAo?$AAa?$AAd?$AAc?$AAa?$AAs?$AAt?$AA?5?$AAa?$AAn?$AAs?$AAw?$AAe?$AAr?$AA?5?$AAp?$AAa?$AAt?$AAh?$AA?5?$AAt?$AAo?$AA?5?$AAl?$AAo@ 0000000140016644     dbg_.-remote.o
 0002:0000269e       ??_C@_1FM@FIIIPBAA@?$AAs?$AAe?$AAn?$AAd?$AA?5?$AAb?$AAr?$AAo?$AAa?$AAd?$AAc?$AAa?$AAs?$AAt?$AA?5?$AAp?$AAa?$AAt?$AAh?$AA?5?$AAr?$AAe?$AAq?$AAu?$AAe?$AAs?$AAt?$AA?5?$AAt?$AAo?$AA?5?$AAl@ 000000014001669e     dbg_.-remote.o
 0002:000026fa       ??_C@_1GA@MDBOGCGI@?$AAs?$AAe?$AAn?$AAd?$AA?5?$AAb?$AAr?$AAo?$AAa?$AAd?$AAc?$AAa?$AAs?$AAt?$AA?5?$AAa?$AAn?$AAs?$AAw?$AAe?$AAr?$AA?5?$AAi?$AAd?$AA?5?$AAp?$AAa?$AAt?$AAh?$AA?5?$AAt?$AAo@ 00000001400166fa     dbg_.-remote.o
 0002:0000275a       ??_C@_1EO@CDOEBIIP@?$AAS?$AAe?$AAn?$AAd?$AAi?$AAn?$AAg?$AA?5?$AAb?$AAr?$AAo?$AAa?$AAd?$AAc?$AAa?$AAs?$AAt?$AA?5?$AAt?$AAo?$AA?5?$AAf?$AAi?$AAn?$AAd?$AA?5?$AAo?$AAb?$AAj?$AAe?$AAc?$AAt@ 000000014001675a     dbg_.-remote.o
 0002:000027a8       ??_C@_1DC@EHBNKHBD@?$AAr?$AAe?$AAq?$AAu?$AAe?$AAs?$AAt?$AA?5?$AAs?$AAe?$AAt?$AA?5?$AAo?$AAb?$AAj?$AAe?$AAc?$AAt?$AA?$DN?$AA?$CF?$AAl?$AAl?$AAd?$AA?6?$AA?$AA@ 00000001400167a8     dbg_.-remote.o
 0002:000027da       ??_C@_1CO@OBFELGCG@?$AAl?$AAo?$AAc?$AAa?$AAl?$AA?5?$AAo?$AAb?$AAj?$AAe?$AAc?$AAt?$AA?5?$AA?9?$AA?5?$AAa?$AAn?$AAs?$AAw?$AAe?$AAr?$AA?6?$AA?$AA@ 00000001400167da     dbg_.-remote.o
 0002:00002808       ??_C@_1CC@BJNHGOIA@?$AAd?$AAo?$AAn?$AA?8?$AAt?$AA?5?$AAk?$AAn?$AAo?$AAw?$AA?5?$AAp?$AAa?$AAt?$AAh?$AA?6?$AA?$AA@ 0000000140016808     dbg_.-remote.o
 0002:0000282a       ??_C@_1DA@NHJHHADA@?$AAr?$AAe?$AAq?$AAu?$AAe?$AAs?$AAt?$AA?5?$AAs?$AAe?$AAn?$AAt?$AA?5?$AA?$FL?$AAt?$AAo?$AA?5?$AA?$CF?$AAl?$AAl?$AAd?$AA?$FN?$AA?6?$AA?$AA@ 000000014001682a     dbg_.-remote.o
 0002:0000285a       ??_C@_1IK@DBMEHLHD@?$AAS?$AAt?$AAa?$AAr?$AAt?$AAi?$AAn?$AAg?$AA?5?$AAn?$AAe?$AAw?$AA?5?$AAR?$AAE?$AAM?$AAO?$AAT?$AAE?$AA?5?$AAw?$AAo?$AAr?$AAk?$AAe?$AAr?$AA?5?$AA?$CF?$AAl?$AAl?$AAd?$AA?5@ 000000014001685a     dbg_.-remote.o
 0002:000028e4       ??_C@_1EK@DLJDAMIC@?$AAs?$AAe?$AAn?$AAd?$AAi?$AAn?$AAg?$AA?5?$AAh?$AAi?$AAv?$AAe?$AA?5?$AAs?$AAt?$AAa?$AAt?$AAe?$AA?5?$AA?$FL?$AA?$CF?$AAl?$AAl?$AAd?$AA?5?$AA?$CF?$AAl?$AAl?$AAd?$AA?5?$AA?$CF?$AAl@ 00000001400168e4     dbg_.-remote.o
 0002:0000292e       ??_C@_1DG@PIHIFHIB@?$AAi?$AAn?$AAt?$AAi?$AAi?$AAa?$AAl?$AAi?$AAz?$AAa?$AAt?$AAi?$AAn?$AAg?$AA?5?$AAn?$AAe?$AAt?$AAw?$AAo?$AAr?$AAk?$AA?4?$AA?4?$AA?4?$AA?6?$AA?$AA@ 000000014001692e     dbg_.-remote.o
 0002:00002964       ??_C@_1LE@PPGJDLMH@?$AA?$FL?$AAp?$AA?5?$AA?$DM?$AAp?$AAo?$AAr?$AAt?$AA?$DO?$AA?$FN?$AA?5?$AAt?$AAo?$AA?5?$AAs?$AAe?$AAl?$AAe?$AAc?$AAt?$AA?5?$AAp?$AAo?$AAr?$AAt?$AA?5?$AA?$FL?$AAc?$AA?5?$AA?$DM?$AAi?$AAp@ 0000000140016964     dbg_.-remote.o
 0002:00002a18       ??_C@_1BO@BCIJKPCC@?$AAE?$AAn?$AAt?$AAe?$AAr?$AA?5?$AAc?$AAo?$AAm?$AAm?$AAa?$AAn?$AAd?$AA?$DO?$AA?$AA@ 0000000140016a18     dbg_.-remote.o
 0002:00002a36       ??_C@_1CK@IMAGNILG@?$AAC?$AAo?$AAn?$AAf?$AAi?$AAr?$AAm?$AAe?$AAd?$AA?5?$AAp?$AAo?$AAr?$AAt?$AA?$DN?$AA?$CF?$AAl?$AAl?$AAd?$AA?6?$AA?$AA@ 0000000140016a36     dbg_.-remote.o
 0002:00002a60       ??_C@_1CE@BDEHPDNE@?$AAG?$AAe?$AAt?$AA?5?$AAc?$AAo?$AAm?$AAm?$AAa?$AAn?$AAd?$AA?5?$AA?$FL?$AA?$CF?$AAs?$AA?$FN?$AA?6?$AA?$AA@ 0000000140016a60     dbg_.-remote.o
 0002:00002a84       ??_C@_1DG@NNMMEGKD@?$AAS?$AAe?$AAl?$AAe?$AAc?$AAt?$AAe?$AAd?$AA?5?$AAc?$AAo?$AAn?$AAn?$AAe?$AAc?$AAt?$AA?5?$AAc?$AAo?$AAm?$AAm?$AAa?$AAn?$AAd?$AA?4?$AA?6?$AA?$AA@ 0000000140016a84     dbg_.-remote.o
 0002:00002aba       ??_C@_1CI@KPENLAE@?$AAE?$AAn?$AAt?$AAe?$AAr?$AA?5?$AAI?$AAP?$AA?5?$AAa?$AAn?$AAd?$AA?5?$AAP?$AAO?$AAR?$AAT?$AA?4?$AA?6?$AA?$AA@ 0000000140016aba     dbg_.-remote.o
 0002:00002ae2       ??_C@_1EG@CAHECGOL@?$AAT?$AAr?$AAy?$AAi?$AAn?$AAg?$AA?5?$AAt?$AAo?$AA?5?$AAc?$AAo?$AAn?$AAn?$AAe?$AAc?$AAt?$AA?5?$AAt?$AAo?$AA?5?$AA?$FL?$AA?$CF?$AAs?$AA?$FN?$AA?5?$AA?$FL?$AA?$CF?$AAs?$AA?$FN?$AA?4?$AA?4@ 0000000140016ae2     dbg_.-remote.o
 0002:00002b28       ??_C@_1DG@GLOHHOJG@?$AAT?$AAe?$AAm?$AAp?$AAo?$AAr?$AAa?$AAr?$AAy?$AA?5?$AAl?$AAo?$AAc?$AAa?$AAl?$AA_?$AAi?$AAd?$AA?5?$AA?$DN?$AA?5?$AA?$CF?$AAl?$AAl?$AAd?$AA?6?$AA?$AA@ 0000000140016b28     dbg_.-remote.o
 0002:00002b5e       ??_C@_1DC@MOJEJJIM@?$AAC?$AAo?$AAn?$AAf?$AAi?$AAg?$AAu?$AAr?$AAa?$AAt?$AAi?$AAo?$AAn?$AA?5?$AAc?$AAo?$AAn?$AAf?$AAi?$AAr?$AAm?$AAe?$AAd?$AA?6?$AA?$AA@ 0000000140016b5e     dbg_.-remote.o
 0002:00002b90       ??_C@_1BA@IEOPIPPP@?$AAg?$AAe?$AAt?$AA?5?$AAi?$AAd?$AA?6?$AA?$AA@ 0000000140016b90     dbg_.-remote.o
 0002:00002ba0       ??_C@_1BE@JGIALBEO@?$AAs?$AAl?$AAe?$AAe?$AAp?$AAi?$AAn?$AAg?$AA?6?$AA?$AA@ 0000000140016ba0     dbg_.-remote.o
 0002:00002bb4       ??_C@_1CC@DLADIFA@?$AAr?$AAu?$AAn?$AAn?$AAi?$AAn?$AAg?$AA?5?$AAt?$AAh?$AAr?$AAe?$AAa?$AAd?$AAs?$AA?6?$AA?$AA@ 0000000140016bb4     dbg_.-remote.o
 0002:00002bd6       ??_C@_1CO@OPIMELJM@?$AAn?$AAe?$AAt?$AAw?$AAo?$AAr?$AAk?$AA?5?$AAi?$AAn?$AAi?$AAt?$AAi?$AAa?$AAl?$AAi?$AAz?$AAa?$AAt?$AAe?$AAd?$AA?6?$AA?$AA@ 0000000140016bd6     dbg_.-remote.o
 0002:00002c04       ??_C@_1DM@PKIKMHMJ@?$AA?$FL?$AAN?$AAE?$AAT?$AAW?$AAO?$AAR?$AAK?$AA?$FN?$AA?3?$AA?5?$AAP?$AAe?$AAe?$AAr?$AA?5?$AAd?$AAi?$AAs?$AAc?$AAo?$AAn?$AAn?$AAe?$AAc?$AAt?$AAe?$AAd?$AA?6?$AA?$AA@ 0000000140016c04     dbg_.-remote.o
 0002:00002c40       ??_C@_1DG@IHKBKGHO@?$AAG?$AAe?$AAt?$AA?5?$AAm?$AAe?$AAs?$AAs?$AAa?$AAg?$AAe?$AA?5?$AAo?$AAf?$AA?5?$AA?$CF?$AAl?$AAl?$AAd?$AA?5?$AAb?$AAy?$AAt?$AAe?$AAs?$AA?6?$AA?$AA@ 0000000140016c40     dbg_.-remote.o
 0002:00002c76       ??_C@_1EE@FBAKCJKM@?$AAp?$AAr?$AAo?$AAc?$AAe?$AAs?$AAs?$AA?5?$AAh?$AAe?$AAa?$AAd?$AAe?$AAr?$AA?$FL?$AAo?$AAk?$AA?$FN?$AA?5?$AA?$FL?$AAh?$AAe?$AAa?$AAd?$AAe?$AAr?$AA?$DN?$AA?$CF?$AAl?$AAl?$AAd?$AA?$FN@ 0000000140016c76     dbg_.-remote.o
 0002:00002cba       ??_C@_1EE@CIFDCIBF@?$AAp?$AAr?$AAo?$AAc?$AAe?$AAs?$AAs?$AA?5?$AAl?$AAe?$AAn?$AAg?$AAt?$AAh?$AA?$FL?$AAo?$AAk?$AA?$FN?$AA?5?$AA?$FL?$AAl?$AAe?$AAn?$AAg?$AAt?$AAh?$AA?$DN?$AA?$CF?$AAl?$AAl?$AAd?$AA?$FN@ 0000000140016cba     dbg_.-remote.o
 0002:00002cfe       ??_C@_1CM@JBMABCGC@?$AAp?$AAr?$AAo?$AAc?$AAe?$AAs?$AAs?$AA?5?$AAl?$AAe?$AAn?$AAg?$AAt?$AAh?$AA?$FL?$AAp?$AAa?$AAr?$AAt?$AA?$FN?$AA?6?$AA?$AA@ 0000000140016cfe     dbg_.-remote.o
 0002:00002d2a       ??_C@_1CE@BMKCCAOL@?$AAp?$AAr?$AAo?$AAc?$AAe?$AAs?$AAs?$AA?5?$AAb?$AAo?$AAd?$AAy?$AA?$FL?$AAo?$AAk?$AA?$FN?$AA?6?$AA?$AA@ 0000000140016d2a     dbg_.-remote.o
 0002:00002d4e       ??_C@_1FE@JBHEOMDM@?$AAc?$AAo?$AAn?$AAn?$AAe?$AAc?$AAt?$AAi?$AAo?$AAn?$AA?5?$AAw?$AAa?$AAs?$AA?5?$AAc?$AAl?$AAo?$AAs?$AAe?$AAd?$AA?4?$AA?5?$AA?$FL?$AAl?$AAo?$AAc?$AAa?$AAl?$AA_?$AAi?$AAd@ 0000000140016d4e     dbg_.-remote.o
 0002:00002da2       ??_C@_1CI@LDDDECLE@?$AAp?$AAr?$AAo?$AAc?$AAe?$AAs?$AAs?$AA?5?$AAb?$AAo?$AAd?$AAy?$AA?$FL?$AAp?$AAa?$AAr?$AAt?$AA?$FN?$AA?6?$AA?$AA@ 0000000140016da2     dbg_.-remote.o
 0002:00002dca       ??_C@_1FI@DLIHECMG@?$AAG?$AAe?$AAt?$AA?5?$AAa?$AAp?$AAi?$AA?5?$AAc?$AAa?$AAl?$AAl?$AA?5?$AA?$CF?$AAl?$AAl?$AAd?$AA?5?$AAo?$AAf?$AA?5?$AAl?$AAe?$AAn?$AAg?$AAt?$AAh?$AA?3?$AA?5?$AA?$CF?$AAl?$AAl@ 0000000140016dca     dbg_.-remote.o
 0002:00002e22       ??_C@_1EC@IGPNEALA@?$AAA?$AAP?$AAI?$AA_?$AAR?$AAE?$AAQ?$AAU?$AAE?$AAS?$AAT?$AA_?$AAC?$AAO?$AAN?$AAN?$AAE?$AAC?$AAT?$AAI?$AAO?$AAN?$AA?5?$AAa?$AAn?$AAs?$AAw?$AAe?$AAr?$AAe?$AAd?$AA?6@ 0000000140016e22     dbg_.-remote.o
 0002:00002e64       ??_C@_1HI@PFGJBABN@?$AAA?$AAP?$AAI?$AA_?$AAA?$AAN?$AAS?$AAW?$AAE?$AAR?$AA_?$AAR?$AAE?$AAQ?$AAU?$AAE?$AAS?$AAT?$AA_?$AAC?$AAO?$AAN?$AAN?$AAE?$AAC?$AAT?$AAI?$AAO?$AAN?$AA?5?$AAu?$AAp@ 0000000140016e64     dbg_.-remote.o
 0002:00002edc       ??_C@_1EM@NFKPCEGC@?$AAU?$AAp?$AAd?$AAa?$AAt?$AAe?$AAd?$AA?5?$AAu?$AAs?$AAi?$AAn?$AAg?$AA?5?$AA?$FL?$AAc?$AAo?$AAn?$AA?$DN?$AA?$CF?$AAp?$AA?$FN?$AA?5?$AA?$FL?$AAa?$AAn?$AAd?$AA?5?$AAf?$AAr?$AAe?$AAe@ 0000000140016edc     dbg_.-remote.o
 0002:00002f28       ??_C@_1LA@ICLCBFDH@?$AAE?$AAr?$AAr?$AAo?$AAr?$AA?3?$AA?5?$AAA?$AAP?$AAI?$AA_?$AAA?$AAN?$AAS?$AAW?$AAE?$AAR?$AA_?$AAR?$AAE?$AAQ?$AAU?$AAE?$AAS?$AAT?$AA_?$AAC?$AAO?$AAN?$AAN?$AAE?$AAC@ 0000000140016f28     dbg_.-remote.o
 0002:00002fd8       ??_C@_1FA@NLLPLBEB@?$AAA?$AAP?$AAI?$AA_?$AAR?$AAE?$AAQ?$AAU?$AAE?$AAS?$AAT?$AA_?$AAI?$AAD?$AA?5?$AAp?$AAa?$AAg?$AAe?$AA?$DN?$AA?$CF?$AAl?$AAl?$AAd?$AA?5?$AA?$FL?$AAp?$AAr?$AAe?$AAf?$AAi?$AAx@ 0000000140016fd8     dbg_.-remote.o
 0002:00003028       ??_C@_1BG@IOHEMCP@?$AAR?$AAe?$AAf?$AAu?$AAs?$AAe?$AA?5?$AAi?$AAd?$AA?6?$AA?$AA@ 0000000140017028     dbg_.-remote.o
 0002:0000303e       ??_C@_1EI@DCLENIAC@?$AAC?$AAo?$AAn?$AAf?$AAi?$AAr?$AAm?$AAe?$AAd?$AA?5?$AAb?$AAe?$AAc?$AAo?$AAu?$AAs?$AAe?$AA?5?$AAl?$AAo?$AAc?$AAa?$AAl?$AA_?$AAi?$AAd?$AA?5?$AAd?$AAi?$AAf?$AAf?$AAe@ 000000014001703e     dbg_.-remote.o
 0002:00003086       ??_C@_1EI@GBBOHBKF@?$AAG?$AAe?$AAt?$AA?5?$AAb?$AAr?$AAo?$AAa?$AAd?$AAc?$AAa?$AAs?$AAt?$AA?5?$AAa?$AAn?$AAs?$AAw?$AAe?$AAr?$AA?5?$AA?$FL?$AAp?$AAr?$AAe?$AAf?$AAi?$AAx?$AA?$DN?$AA?$CF?$AAl?$AAl@ 0000000140017086     dbg_.-remote.o
 0002:000030ce       ??_C@_1CK@JAOCGICP@?$AAB?$AAr?$AAo?$AAa?$AAd?$AAc?$AAa?$AAs?$AAt?$AA?5?$AAc?$AAo?$AAn?$AAf?$AAi?$AAr?$AAm?$AAe?$AAd?$AA?6?$AA?$AA@ 00000001400170ce     dbg_.-remote.o
 0002:000030f8       ??_C@_1FM@HIELKEO@?$AAA?$AAP?$AAI?$AA_?$AAR?$AAE?$AAQ?$AAU?$AAE?$AAS?$AAT?$AA_?$AAM?$AAE?$AAM?$AA_?$AAP?$AAA?$AAG?$AAE?$AA?5?$AAp?$AAa?$AAg?$AAe?$AA?$DN?$AA?$CF?$AAl?$AAl?$AAd?$AA?5?$AA?$FL@ 00000001400170f8     dbg_.-remote.o
 0002:00003154       ??_C@_1CG@KIALDCLE@?$AAR?$AAe?$AAf?$AAu?$AAs?$AAe?$AA?5?$AAa?$AAl?$AAl?$AAo?$AAc?$AAa?$AAt?$AAi?$AAo?$AAn?$AA?6?$AA?$AA@ 0000000140017154     dbg_.-remote.o
 0002:0000317a       ??_C@_1CM@IABHOCCE@?$AAg?$AAe?$AAt?$AA?5?$AAp?$AAu?$AAs?$AAh?$AA?5?$AAo?$AAb?$AAj?$AAe?$AAc?$AAt?$AA?5?$AA?$CF?$AAl?$AAl?$AAd?$AA?6?$AA?$AA@ 000000014001717a     dbg_.-remote.o
 0002:000031a6       ??_C@_1BM@CKHNEJCK@?$AAl?$AAo?$AAc?$AAa?$AAl?$AA?9?$AAp?$AAu?$AAs?$AAh?$AAe?$AAd?$AA?6?$AA?$AA@ 00000001400171a6     dbg_.-remote.o
 0002:000031c2       ??_C@_1CG@LACBKCJC@?$AAr?$AAe?$AAm?$AAo?$AAt?$AAe?$AA?9?$AAr?$AAe?$AAd?$AAi?$AAr?$AAe?$AAc?$AAt?$AAe?$AAd?$AA?6?$AA?$AA@ 00000001400171c2     dbg_.-remote.o
 0002:000031e8       ??_C@_1GM@LPBCPABN@?$AAU?$AAP?$AAD?$AAA?$AAT?$AAE?$AA?5?$AAP?$AAA?$AAT?$AAH?$AA?5?$AA1?$AA?5?$AAT?$AAO?$AA?5?$AA?$CF?$AAl?$AAl?$AAd?$AA?5?$AA?$FL?$AAd?$AAi?$AAs?$AAt?$AAa?$AAn?$AAc?$AAe?$AA?$DN@ 00000001400171e8     dbg_.-remote.o
 0002:00003254       ??_C@_1GM@FBBGBBEM@?$AAU?$AAP?$AAD?$AAA?$AAT?$AAE?$AA?5?$AAP?$AAA?$AAT?$AAH?$AA?5?$AA2?$AA?5?$AAT?$AAO?$AA?5?$AA?$CF?$AAl?$AAl?$AAd?$AA?5?$AA?$FL?$AAd?$AAi?$AAs?$AAt?$AAa?$AAn?$AAc?$AAe?$AA?$DN@ 0000000140017254     dbg_.-remote.o
 0002:000032c0       ??_C@_1HC@GFDBDKMJ@?$AAU?$AAP?$AAD?$AAA?$AAT?$AAE?$AA?5?$AAI?$AAD?$AA?5?$AAP?$AAA?$AAT?$AAH?$AA?5?$AA1?$AA?5?$AAT?$AAO?$AA?5?$AA?$CF?$AAl?$AAl?$AAd?$AA?5?$AA?$FL?$AAd?$AAi?$AAs?$AAt?$AAa?$AAn@ 00000001400172c0     dbg_.-remote.o
 0002:00003332       ??_C@_1HC@ILDFNLJI@?$AAU?$AAP?$AAD?$AAA?$AAT?$AAE?$AA?5?$AAI?$AAD?$AA?5?$AAP?$AAA?$AAT?$AAH?$AA?5?$AA2?$AA?5?$AAT?$AAO?$AA?5?$AA?$CF?$AAl?$AAl?$AAd?$AA?5?$AA?$FL?$AAd?$AAi?$AAs?$AAt?$AAa?$AAn@ 0000000140017332     dbg_.-remote.o
 0002:000033a4       ??_C@_1HC@IPIJLOJO@?$AAG?$AAe?$AAt?$AA?5?$AAr?$AAe?$AAm?$AAo?$AAt?$AAe?$AA?5?$AAs?$AAt?$AAa?$AAr?$AAt?$AA?5?$AAw?$AAo?$AAr?$AAk?$AAe?$AAr?$AA?5?$AA?$CF?$AAl?$AAl?$AAd?$AA?5?$AAf?$AAr?$AAo@ 00000001400173a4     dbg_.-remote.o
 0002:00003416       ??_C@_1FC@CBJJGKKM@?$AAG?$AAE?$AAT?$AA?5?$AAH?$AAI?$AAV?$AAE?$AA?5?$AAS?$AAT?$AAA?$AAT?$AAE?$AA?3?$AA?5?$AA?$CF?$AAl?$AAl?$AAd?$AA?5?$AA?$CF?$AAl?$AAl?$AAd?$AA?5?$AA?$CF?$AAl?$AAl?$AAd?$AA?5?$AA?$FL@ 0000000140017416     dbg_.-remote.o
 0002:00003468       ??_C@_1CG@PIAFPEME@?$AAS?$AAe?$AAr?$AAv?$AAe?$AAr?$AA?5?$AAs?$AAt?$AAa?$AAr?$AAt?$AAe?$AAd?$AA?4?$AA?4?$AA?4?$AA?6?$AA?$AA@ 0000000140017468     dbg_.-remote.o
 0002:0000348e       ??_C@_1BI@HLOPLBKF@?$AAb?$AAi?$AAn?$AAd?$AAi?$AAn?$AAg?$AA?4?$AA?4?$AA?4?$AA?6?$AA?$AA@ 000000014001748e     dbg_.-remote.o
 0002:000034a6       ??_C@_1CA@GONFBJEC@?$AAS?$AAo?$AAc?$AAk?$AAe?$AAt?$AA?5?$AAc?$AAr?$AAe?$AAa?$AAt?$AAe?$AAd?$AA?6?$AA?$AA@ 00000001400174a6     dbg_.-remote.o
 0002:000034c6       ??_C@_1DK@EHAPFJND@?$AAs?$AAe?$AAr?$AAv?$AAe?$AAr?$AA?5?$AAs?$AAt?$AAa?$AAr?$AAt?$AAe?$AAd?$AA?5?$AAo?$AAn?$AA?5?$AAp?$AAo?$AAr?$AAt?$AA?5?$AA?$CF?$AAl?$AAl?$AAd?$AA?6?$AA?$AA@ 00000001400174c6     dbg_.-remote.o
 0002:00003500       ??_C@_1CM@OOKLEHNG@?$AAg?$AAe?$AAt?$AA?5?$AAn?$AAa?$AAm?$AAe?$AA?5?$AAf?$AAa?$AAi?$AAl?$AAe?$AAd?$AA?5?$AA?$CF?$AAl?$AAl?$AAd?$AA?6?$AA?$AA@ 0000000140017500     dbg_.-remote.o
 0002:0000352c       ??_C@_1CG@NGNGJBNB@?$AAE?$AAr?$AAr?$AAo?$AAr?$AA?5?$AAh?$AAa?$AAp?$AAp?$AAe?$AAn?$AA?5?$AA?$CF?$AAl?$AAl?$AAd?$AA?6?$AA?$AA@ 000000014001752c     dbg_.-remote.o
 0002:00003552       ??_C@_1FA@MICONLJJ@?$AAE?$AAr?$AAr?$AAo?$AAr?$AA?3?$AA?5?$AAf?$AAa?$AAi?$AAl?$AAe?$AAd?$AA?5?$AAt?$AAo?$AA?5?$AAa?$AAl?$AAl?$AAo?$AAc?$AAa?$AAt?$AAe?$AA?5?$AAm?$AAe?$AAm?$AAo?$AAr?$AAy@ 0000000140017552     dbg_.-runtime_lib.o
 0002:000035a2       ??_C@_1FE@CPMEHOGL@?$AAE?$AAr?$AAr?$AAo?$AAr?$AA?3?$AA?5?$AAf?$AAa?$AAi?$AAl?$AAe?$AAd?$AA?5?$AAt?$AAo?$AA?5?$AAr?$AAe?$AAa?$AAl?$AAl?$AAo?$AAc?$AAa?$AAt?$AAe?$AA?5?$AAm?$AAe?$AAm?$AAo@ 00000001400175a2     dbg_.-runtime_lib.o
 0002:000035f6       ??_C@_1EI@DJFGOBAG@?$AAE?$AAr?$AAr?$AAo?$AAr?$AA?3?$AA?5?$AAf?$AAa?$AAi?$AAl?$AAe?$AAd?$AA?5?$AAt?$AAo?$AA?5?$AAf?$AAr?$AAe?$AAe?$AA?5?$AAm?$AAe?$AAm?$AAo?$AAr?$AAy?$AA?3?$AA?5?$AA?$CF?$AAl@ 00000001400175f6     dbg_.-runtime_lib.o
 0002:0000363e       ??_C@_1CM@EJGKJCED@?$AAA?$AAs?$AAs?$AAe?$AAr?$AAt?$AAi?$AAo?$AAn?$AA?5?$AAf?$AAa?$AAi?$AAl?$AAe?$AAd?$AA?3?$AA?5?$AA?$CF?$AAs?$AA?6?$AA?$AA@ 000000014001763e     dbg_.-runtime_lib.o
 0002:0000366a       ??_C@_1EI@GJCCEHA@?$AAF?$AAi?$AAl?$AAe?$AA?3?$AA?5?$AA?$CF?$AAs?$AA?0?$AA?5?$AAL?$AAi?$AAn?$AAe?$AA?3?$AA?5?$AA?$CF?$AAl?$AAl?$AAd?$AA?0?$AA?5?$AAF?$AAu?$AAn?$AAc?$AAt?$AAi?$AAo?$AAn?$AA?3?$AA?5@ 000000014001766a     dbg_.-runtime_lib.o
 0002:000038e8       ??_C@_1GE@NIGCAFOK@?$AAE?$AAr?$AAr?$AAo?$AAr?$AA?3?$AA?5?$AAg?$AAp?$AAu?$AA?5?$AAw?$AAo?$AAr?$AAk?$AAe?$AAr?$AA?5?$AAd?$AAo?$AAe?$AAn?$AA?8?$AAt?$AA?5?$AAs?$AAu?$AAp?$AAp?$AAo?$AAr?$AAt@ 00000001400178e8     dbg_.-runtime.o
 0002:0000394c       ??_C@_1DO@CBJEPNAO@?$AAP?$AAr?$AAo?$AAm?$AAi?$AAs?$AAe?$AA?$CI?$AAs?$AAe?$AAt?$AA?$DN?$AA?$CF?$AA0?$AA2?$AAx?$AA?0?$AA?5?$AAf?$AAi?$AAr?$AAs?$AAt?$AA4?$AAb?$AAy?$AAt?$AAe?$AAs?$AA?$DN?$AA?$AA@ 000000014001794c     dbg_.-runtime.o
 0002:0000398a       ??_C@_15BCDOKMG@?$AA?$CJ?$AA?6?$AA?$AA@ 000000014001798a     dbg_.-runtime.o
 0002:00003990       ??_C@_1EO@JIHFKLGM@?$AAA?$AAr?$AAr?$AAa?$AAy?$AA?$CI?$AAl?$AAe?$AAn?$AAg?$AAt?$AAh?$AA?$DN?$AA?$CF?$AAl?$AAl?$AAd?$AA?0?$AA?5?$AAe?$AAl?$AAe?$AAm?$AAe?$AAn?$AAt?$AA_?$AAs?$AAi?$AAz?$AAe?$AA?$DN@ 0000000140017990     dbg_.-runtime.o
 0002:000039de       ??_C@_15IPOKAMGA@?$AA?$HL?$AA?5?$AA?$AA@ 00000001400179de     dbg_.-runtime.o
 0002:000039e4       ??_C@_13EHOOFIKC@?$AA?$HN?$AA?$AA@ 00000001400179e4     dbg_.-runtime.o
 0002:000039e8       ??_C@_15JOGBDECP@?$AA?0?$AA?5?$AA?$AA@ 00000001400179e8     dbg_.-runtime.o
 0002:000039ee       ??_C@_1CG@OGLIMIIK@?$AAC?$AAl?$AAa?$AAs?$AAs?$AA?$CI?$AAf?$AAi?$AAr?$AAs?$AAt?$AA4?$AAb?$AAy?$AAt?$AAe?$AAs?$AA?$DN?$AA?$AA@ 00000001400179ee     dbg_.-runtime.o
 0002:00003a14       ??_C@_1DM@HBMDBMCD@?$AAO?$AAb?$AAj?$AAe?$AAc?$AAt?$AA?5?$AAo?$AAf?$AA?5?$AAu?$AAn?$AAk?$AAn?$AAo?$AAw?$AAn?$AA?5?$AAt?$AAy?$AAp?$AAe?$AA?3?$AA?5?$AA?$CF?$AA0?$AA2?$AAx?$AA?6?$AA?$AA@ 0000000140017a14     dbg_.-runtime.o
 0002:00003a50       ??_C@_1FG@HBFKKPHD@?$AAW?$AAo?$AAr?$AAk?$AAe?$AAr?$AA?5?$AAa?$AAd?$AAd?$AA?5?$AAt?$AAo?$AA?5?$AAw?$AAa?$AAi?$AAt?$AA?5?$AAl?$AAi?$AAs?$AAt?$AA?5?$AA?$FL?$AAi?$AAd?$AA?$DN?$AA?$CF?$AAl?$AAl?$AAd@ 0000000140017a50     dbg_.-runtime.o
 0002:00003aa6       ??_C@_1EI@FJBGIEMF@?$AAW?$AAo?$AAr?$AAk?$AAe?$AAr?$AA?5?$AAe?$AAn?$AAq?$AAu?$AAe?$AAu?$AAe?$AAd?$AA?5?$AA?$FL?$AAi?$AAd?$AA?$DN?$AA?$CF?$AAl?$AAl?$AAd?$AA?0?$AA?5?$AAd?$AAa?$AAt?$AAa?$AA?$DN?$AA?$CF@ 0000000140017aa6     dbg_.-runtime.o
 0002:00003aee       ??_C@_1FE@PPKJADDP@?$AAW?$AAa?$AAn?$AAt?$AA?5?$AAr?$AAu?$AAn?$AA?5?$AAr?$AAe?$AAm?$AAo?$AAt?$AAe?$AA?0?$AA?5?$AAb?$AAu?$AAt?$AA?3?$AA?5?$AA?$CF?$AAl?$AAl?$AAd?$AA?5?$AA?$CF?$AAl?$AAl?$AAd?$AA?5@ 0000000140017aee     dbg_.-runtime.o
 0002:00003b42       ??_C@_1IE@FHIKABLD@?$AAE?$AAr?$AAr?$AAo?$AAr?$AA?3?$AA?5?$AAc?$AAa?$AAn?$AA?8?$AAt?$AA?5?$AAr?$AAu?$AAn?$AA?5?$AAr?$AAe?$AAm?$AAo?$AAt?$AAe?$AA?5?$AAw?$AAo?$AAr?$AAk?$AAe?$AAr?$AA?5?$AA?$CF@ 0000000140017b42     dbg_.-runtime.o
 0002:00003bc6       ??_C@_1GC@JGFAAALF@?$AAS?$AAt?$AAa?$AAr?$AAt?$AAi?$AAn?$AAg?$AA?5?$AAn?$AAe?$AAw?$AA?5?$AAl?$AAo?$AAc?$AAa?$AAl?$AA?5?$AAw?$AAo?$AAr?$AAk?$AAe?$AAr?$AA?5?$AA?$CF?$AAl?$AAl?$AAd?$AA?5?$AA?$FL@ 0000000140017bc6     dbg_.-runtime.o
 0002:00003c28       ??_C@_1HE@GOIHIEDE@?$AAE?$AAr?$AAr?$AAo?$AAr?$AA?3?$AA?5?$AAp?$AAr?$AAo?$AAv?$AAi?$AAd?$AAe?$AAr?$AA?5?$AA?$CF?$AAl?$AAl?$AAd?$AA?5?$AAd?$AAo?$AAe?$AAs?$AAn?$AA?8?$AAt?$AA?5?$AAs?$AAu?$AAp@ 0000000140017c28     dbg_.-runtime.o
 0002:00003c9c       ??_C@_1EG@KLACJNPC@?$AAE?$AAr?$AAr?$AAo?$AAr?$AA?3?$AA?5?$AAt?$AAh?$AAi?$AAs?$AA?5?$AAi?$AAs?$AAn?$AA?8?$AAt?$AA?5?$AAh?$AAi?$AAv?$AAe?$AA?5?$AAe?$AAx?$AAe?$AAc?$AAu?$AAt?$AAa?$AAb?$AAl@ 0000000140017c9c     dbg_.-runtime.o
 0002:00003ce2       ??_C@_1GG@OIFEBPCL@?$AAE?$AAr?$AAr?$AAo?$AAr?$AA?3?$AA?5?$AAt?$AAh?$AAi?$AAs?$AA?5?$AAi?$AAs?$AA?5?$AAe?$AAx?$AAe?$AAc?$AAu?$AAt?$AAa?$AAb?$AAl?$AAe?$AA?5?$AAo?$AAf?$AA?5?$AAn?$AAo?$AAt@ 0000000140017ce2     dbg_.-runtime.o
 0002:00003d48       ??_C@_1DC@FFLNADD@?$AAE?$AAr?$AAr?$AAo?$AAr?$AA?3?$AA?5?$AAw?$AAi?$AAn?$AAa?$AAp?$AAi?$AA?5?$AAe?$AAr?$AAr?$AAo?$AAr?$AA?5?$AA?$CF?$AAl?$AAd?$AA?6?$AA?$AA@ 0000000140017d48     dbg_.-runtime.o
 0002:00003d7a       ??_C@_1DE@BIGGJJBN@?$AAh?$AAe?$AAa?$AAd?$AAe?$AAr?$AA?5?$AA?$CF?$AAl?$AAl?$AAd?$AA?5?$AAo?$AAf?$AA?5?$AAs?$AAi?$AAz?$AAe?$AA?5?$AA?$CF?$AAl?$AAl?$AAd?$AA?6?$AA?$AA@ 0000000140017d7a     dbg_.-runtime.o
 0002:00003dae       ??_C@_1BK@JJBOCJJN@?$AAs?$AAe?$AAt?$AA?5?$AAt?$AAo?$AA?5?$AA?$CF?$AAl?$AAl?$AAd?$AA?5?$AA?$AA@ 0000000140017dae     dbg_.-runtime.o
 0002:00003dc8       ??_C@_1JE@CPFCJBNI@?$AAE?$AAR?$AAR?$AAO?$AAR?$AA?3?$AA?5?$AAR?$AAu?$AAn?$AAt?$AAi?$AAm?$AAe?$AA?5?$AAe?$AAn?$AAd?$AAp?$AAo?$AAi?$AAn?$AAt?$AA?5?$AA?$CF?$AAl?$AAl?$AAd?$AA?5?$AAd?$AAo?$AAe@ 0000000140017dc8     dbg_.-runtime.o
 0002:00003e5c       ??_C@_1BA@LPJEKMJJ@?$AAp?$AAt?$AAr?$AA?$DN?$AA?$CF?$AAp?$AA?6?$AA?$AA@ 0000000140017e5c     dbg_.-runtime.o
 0002:00003e6c       ??_C@_1IG@FGNNCHGH@?$AAw?$AAo?$AAr?$AAk?$AAe?$AAr?$AA?5?$AA?$CF?$AAl?$AAl?$AAd?$AA?5?$AAi?$AAs?$AA?5?$AAd?$AAl?$AAl?$AA?5?$AAc?$AAa?$AAl?$AAl?$AA?5?$AAo?$AAf?$AA?5?$AAl?$AAi?$AAb?$AAr?$AAa@ 0000000140017e6c     dbg_.-runtime.o
 0002:00003ef2       ??_C@_1CG@BIKDCCPC@?$AAs?$AAt?$AAa?$AAc?$AAk?$AA?5?$AAu?$AAs?$AAa?$AAg?$AAe?$AA?3?$AA?5?$AA?$CF?$AAl?$AAl?$AAd?$AA?6?$AA?$AA@ 0000000140017ef2     dbg_.-runtime.o
 0002:00003f18       ??_C@_1GK@IGPNAPLE@?$AAo?$AAu?$AAt?$AAp?$AAu?$AAt?$AA?5?$AAh?$AAa?$AAv?$AAe?$AA?5?$AAs?$AAi?$AAz?$AAe?$AA?5?$AA?$CF?$AAl?$AAl?$AAd?$AA?5?$AA?$FL?$AAa?$AAn?$AAd?$AA?5?$AAa?$AAr?$AAg?$AAs?$AA?5@ 0000000140017f18     dbg_.-runtime.o
 0002:00003f82       ??_C@_1FE@ENHKIDEL@?$AAa?$AAr?$AAg?$AAu?$AAm?$AAe?$AAn?$AAt?$AA?5?$AA?$CF?$AAl?$AAl?$AAd?$AA?5?$AAh?$AAa?$AAv?$AAe?$AA?5?$AAs?$AAi?$AAz?$AAe?$AA?5?$AA?$CF?$AAl?$AAl?$AAd?$AA?5?$AA?$FL?$AAt?$AAy@ 0000000140017f82     dbg_.-runtime.o
 0002:00003fd6       ??_C@_1KM@JOOLBIFF@?$AAW?$AAo?$AAr?$AAk?$AAe?$AAr?$AA?5?$AA?$CF?$AAl?$AAl?$AAd?$AA?5?$AA?$FL?$AAx?$AA6?$AA4?$AA?$FN?$AA?5?$AAh?$AAa?$AAv?$AAe?$AA?5?$AAb?$AAe?$AAe?$AAn?$AA?5?$AAl?$AAo?$AAa?$AAd@ 0000000140017fd6     dbg_.-runtime.o
 0002:00004082       ??_C@_1HI@GNCDLKLI@?$AAE?$AAr?$AAr?$AAo?$AAr?$AA?3?$AA?5?$AAr?$AAu?$AAn?$AAt?$AAi?$AAm?$AAe?$AA?5?$AAd?$AAo?$AAe?$AAs?$AAn?$AA?8?$AAt?$AA?5?$AAs?$AAu?$AAp?$AAp?$AAo?$AAr?$AAt?$AA?5?$AAs@ 0000000140018082     dbg_.-runtime.o
 0002:000040fa       ??_C@_1CI@PHCDEMOE@?$AAb?$AAu?$AAi?$AAl?$AAd?$AAi?$AAn?$AAg?$AA?5?$AAk?$AAe?$AAr?$AAn?$AAe?$AAl?$AA?4?$AA?4?$AA?4?$AA?6?$AA?$AA@ 00000001400180fa     dbg_.-runtime.o
 0002:00004122       ??_C@_04JNAIOECI@krnl?$AA@ 0000000140018122     dbg_.-runtime.o
 0002:00004128       ??_C@_1DI@MMAOAOLJ@?$AAE?$AAr?$AAr?$AAo?$AAr?$AA?3?$AA?5?$AAk?$AAe?$AAr?$AAn?$AAe?$AAl?$AA?5?$AAb?$AAu?$AAi?$AAl?$AAd?$AA?5?$AAf?$AAa?$AAi?$AAl?$AAe?$AAd?$AA?6?$AA?$AA@ 0000000140018128     dbg_.-runtime.o
 0002:00004160       ??_C@_1LG@BJCBGCLK@?$AAW?$AAo?$AAr?$AAk?$AAe?$AAr?$AA?5?$AA?$CF?$AAl?$AAl?$AAd?$AA?5?$AA?$FL?$AAG?$AAP?$AAU?$AA?$FN?$AA?5?$AAh?$AAa?$AAv?$AAe?$AA?5?$AAb?$AAe?$AAe?$AAn?$AA?5?$AAl?$AAo?$AAa?$AAd@ 0000000140018160     dbg_.-runtime.o
 0002:00004216       ??_C@_1EC@HLLMLNEL@?$AAE?$AAr?$AAr?$AAo?$AAr?$AA?3?$AA?5?$AAu?$AAn?$AAk?$AAn?$AAo?$AAw?$AAn?$AA?5?$AAh?$AAe?$AAa?$AAd?$AAe?$AAr?$AA?5?$AAt?$AAy?$AAp?$AAe?$AA?5?$AA?$CF?$AAl?$AAl?$AAd?$AA?6@ 0000000140018216     dbg_.-runtime.o
 0002:00004258       ??_C@_1EK@KKIKLCHH@?$AAG?$AAp?$AAu?$AA?5?$AAs?$AAu?$AAs?$AAs?$AAy?$AAs?$AAt?$AAe?$AAm?$AA?5?$AAi?$AAn?$AAi?$AAt?$AAi?$AAa?$AAl?$AAi?$AAz?$AAa?$AAt?$AAi?$AAo?$AAn?$AA?5?$AAf?$AAa?$AAi@ 0000000140018258     dbg_.-runtime.o
 0002:000042a2       ??_C@_1CC@DEIAIPBB@?$AA?4?$AA?4?$AA?1?$AA?4?$AA?4?$AA?1?$AA?4?$AA?4?$AA?1?$AAr?$AAe?$AAs?$AA?4?$AAb?$AAi?$AAn?$AA?$AA@ 00000001400182a2     dbg_.-runtime.o
 0002:000042c4       ??_C@_1FC@OGJDIOEJ@?$AAE?$AAr?$AAr?$AAo?$AAr?$AA?3?$AA?5?$AAc?$AAa?$AAn?$AA?8?$AAt?$AA?5?$AAo?$AAp?$AAe?$AAn?$AA?5?$AA?4?$AA?4?$AA?1?$AA?4?$AA?4?$AA?1?$AA?4?$AA?4?$AA?1?$AAr?$AAe?$AAs?$AA?4?$AAb@ 00000001400182c4     dbg_.-runtime.o
 0002:00004316       ??_C@_1DA@COAPAANM@?$AAE?$AAr?$AAr?$AAo?$AAr?$AA?3?$AA?5?$AAa?$AAt?$AA?5?$AAl?$AAo?$AAa?$AAd?$AAi?$AAn?$AAg?$AA?5?$AAf?$AAi?$AAl?$AAe?$AA?6?$AA?$AA@ 0000000140018316     dbg_.-runtime.o
 0002:00004346       ??_C@_1EG@BBCENLFA@?$AAT?$AAh?$AAi?$AAs?$AA?5?$AAh?$AAi?$AAv?$AAe?$AA?5?$AAw?$AAi?$AAl?$AAl?$AA?5?$AAn?$AAo?$AAt?$AA?5?$AAr?$AAe?$AAa?$AAd?$AA?5?$AAa?$AAn?$AAy?$AA?5?$AAs?$AAt?$AAd?$AAi@ 0000000140018346     dbg_.-runtime.o
 0002:0000438c       ??_C@_1EG@OCFMCBJL@?$AAT?$AAh?$AAi?$AAs?$AA?5?$AAh?$AAi?$AAv?$AAe?$AA?5?$AAw?$AAi?$AAl?$AAl?$AA?5?$AAn?$AAo?$AAt?$AA?5?$AAs?$AAt?$AAo?$AAp?$AA?5?$AAe?$AAx?$AAe?$AAc?$AAu?$AAt?$AAi?$AAo@ 000000014001838c     dbg_.-runtime.o
 0002:000043d2       ??_C@_1DA@LKDLAMFA@?$AAS?$AAe?$AAt?$AA?5?$AAn?$AAu?$AAm?$AA?5?$AAt?$AAh?$AAr?$AAe?$AAa?$AAd?$AAs?$AA?5?$AA?$DN?$AA?5?$AA?$CF?$AAl?$AAl?$AAd?$AA?6?$AA?$AA@ 00000001400183d2     dbg_.-runtime.o
 0002:00004402       ??_C@_1II@FCFHMELI@?$AAE?$AAr?$AAr?$AAo?$AAr?$AA?3?$AA?5?$AAt?$AAh?$AAi?$AAs?$AA?5?$AAb?$AAu?$AAi?$AAl?$AAd?$AA?5?$AAd?$AAo?$AAe?$AAs?$AAn?$AA?8?$AAt?$AA?5?$AAa?$AAl?$AAl?$AAo?$AAw?$AA?5@ 0000000140018402     dbg_.-runtime.o
 0002:0000448a       ??_C@_1DE@PNGABHJK@?$AAS?$AAe?$AAt?$AA?5?$AAh?$AAi?$AAv?$AAe?$AA?5?$AAa?$AAs?$AA?5?$AAp?$AAr?$AAo?$AAt?$AAe?$AAc?$AAt?$AAo?$AAr?$AAa?$AAt?$AAe?$AA?6?$AA?$AA@ 000000014001848a     dbg_.-runtime.o
 0002:000044be       ??_C@_1DG@MLIAHCGJ@?$AAS?$AAe?$AAt?$AA?5?$AAc?$AAh?$AAu?$AAn?$AAk?$AA?5?$AAt?$AAi?$AAm?$AAe?$AA?5?$AAt?$AAo?$AA?5?$AA?$CF?$AAl?$AAl?$AAd?$AA?5?$AAu?$AAs?$AA?6?$AA?$AA@ 00000001400184be     dbg_.-runtime.o
 0002:000044f4       ??_C@_1EC@FNPNOOPH@?$AAU?$AAn?$AAk?$AAn?$AAo?$AAw?$AAn?$AA?5?$AAc?$AAm?$AAd?$AAl?$AAi?$AAn?$AAe?$AA?5?$AAp?$AAa?$AAr?$AAa?$AAm?$AAe?$AAt?$AAe?$AAr?$AA?3?$AA?5?$AA?$CF?$AAl?$AAl?$AAd?$AA?6@ 00000001400184f4     dbg_.-runtime.o
 0002:00004536       ??_C@_1CE@CFOOJILH@?$AAN?$AAU?$AAM?$AA_?$AAT?$AAH?$AAR?$AAE?$AAA?$AAD?$AAS?$AA?$DN?$AA?$CF?$AAl?$AAl?$AAd?$AA?6?$AA?$AA@ 0000000140018536     dbg_.-runtime.o
 0002:0000455a       ??_C@_1CG@PNBFEFIC@?$AAR?$AAE?$AAA?$AAD?$AAI?$AAN?$AAG?$AA?5?$AAI?$AAN?$AAP?$AAU?$AAT?$AA?5?$AAA?$AAS?$AA?3?$AA?5?$AA?$AA@ 000000014001855a     dbg_.-runtime.o
 0002:00004580       ??_C@_1M@HLHACGAA@?$AA?$CF?$AAl?$AAl?$AAd?$AA?5?$AA?$AA@ 0000000140018580     dbg_.-runtime.o
 0002:0000458c       ??_C@_1CM@PELCBDJ@?$AAE?$AAn?$AAt?$AAr?$AAy?$AA?5?$AAw?$AAo?$AAr?$AAk?$AAe?$AAr?$AA?5?$AAi?$AAd?$AA?$DN?$AA?$CF?$AAl?$AAl?$AAd?$AA?6?$AA?$AA@ 000000014001858c     dbg_.-runtime.o
 0002:000045b8       ??_C@_1DA@FBHJAJPI@?$AAr?$AAe?$AAs?$AAu?$AAl?$AAt?$AA?5?$AAp?$AAr?$AAo?$AAm?$AAi?$AAs?$AAe?$AA?5?$AA?$CF?$AAp?$AA?5?$AA?$CF?$AAl?$AAl?$AAd?$AA?6?$AA?$AA@ 00000001400185b8     dbg_.-runtime.o
 0002:000045e8       ??_C@_1BI@KEMCAKCM@?$AAR?$AAu?$AAn?$AAn?$AAi?$AAn?$AAg?$AA?4?$AA?4?$AA?4?$AA?6?$AA?$AA@ 00000001400185e8     dbg_.-runtime.o
 0002:00004600       ??_C@_1KG@MGKLLKBJ@?$AA?9?$AA?9?$AA?9?$AA?9?$AA?9?$AA?9?$AA?9?$AA?9?$AA?9?$AA?9?$AA?9?$AA?9?$AA?9?$AA?9?$AA?9?$AA?9?$AA?9?$AA?9?$AA?9?$AA?9?$AA?9?$AA?9?$AA?9?$AA?9?$AA?9?$AA?9?$AA?9?$AA?9?$AA?9?$AA?9?$AA?9?$AA?9@ 0000000140018600     dbg_.-runtime.o
 0002:000046a6       ??_C@_1KC@PDECPKAN@?$AA?9?$AA?9?$AA?9?$AA?9?$AA?9?$AA?9?$AA?9?$AA?9?$AA?9?$AA?9?$AA?9?$AA?9?$AA?9?$AA?9?$AA?9?$AA?9?$AA?9?$AA?9?$AA?9?$AA?9?$AA?9?$AA?9?$AA?9?$AA?9?$AA?9?$AA?9?$AA?9?$AA?9?$AA?9?$AA?9?$AA?9?$AA?9@ 00000001400186a6     dbg_.-runtime.o
 0002:00004748       ??_C@_1DK@PNJBIJCI@?$AAP?$AAr?$AAo?$AAg?$AAr?$AAa?$AAm?$AA?5?$AAf?$AAi?$AAn?$AAi?$AAs?$AAh?$AAe?$AAd?$AA?5?$AAi?$AAn?$AA?5?$AA?$CF?$AAl?$AAl?$AAd?$AA?5?$AAm?$AAs?$AA?6?$AA?$AA@ 0000000140018748     dbg_.-runtime.o
 0002:00004782       ??_C@_1EK@FDFELEEK@?$AAR?$AAe?$AAs?$AAu?$AAl?$AAt?$AA?5?$AAp?$AAr?$AAo?$AAm?$AAi?$AAs?$AAe?$AA?5?$AAn?$AAo?$AAt?$AA?5?$AAf?$AAo?$AAu?$AAn?$AAd?$AA?5?$AAo?$AAn?$AA?5?$AAm?$AAa?$AAc?$AAh@ 0000000140018782     dbg_.-runtime.o
 0002:000047cc       ??_C@_1DO@BFPIHEIA@?$AAP?$AAr?$AAo?$AAg?$AAr?$AAa?$AAm?$AA?5?$AAe?$AAx?$AAi?$AAt?$AAe?$AAd?$AA?5?$AAw?$AAi?$AAt?$AAh?$AA?5?$AAc?$AAo?$AAd?$AAe?$AA?5?$AA?$CF?$AAl?$AAl?$AAx?$AA?6?$AA?$AA@ 00000001400187cc     dbg_.-runtime.o
[...]
 0002:000048a2       ??_C@_1CO@BAHOKHFI@?$AA?6?$AAS?$AAh?$AAe?$AAd?$AAu?$AAl?$AAi?$AAn?$AAg?$AA?5?$AAn?$AAe?$AAw?$AA?5?$AAw?$AAo?$AAr?$AAk?$AAe?$AAr?$AA?6?$AA?$AA@ 00000001400188a2     dbg_.-sheduler.o
 0002:000048d0       ??_C@_1II@BKKMGADK@?$AAC?$AAo?$AAn?$AAt?$AAi?$AAn?$AAu?$AAe?$AA?5?$AAw?$AAo?$AAr?$AAk?$AAe?$AAr?$AA?5?$AA?$CF?$AAl?$AAl?$AAd?$AA?5?$AAf?$AAr?$AAo?$AAm?$AA?5?$AAd?$AAa?$AAt?$AAa?$AA?$DN?$AA?$CF@ 00000001400188d0     dbg_.-sheduler.o
 0002:00004958       ??_C@_1DI@MLNAPEIE@?$AAS?$AAh?$AAe?$AAd?$AAu?$AAl?$AAe?$AAr?$AAI?$AAn?$AAs?$AAt?$AAa?$AAn?$AAc?$AAe?$AA?5?$AAc?$AAo?$AAm?$AAp?$AAl?$AAe?$AAt?$AAe?$AAd?$AA?6?$AA?$AA@ 0000000140018958     dbg_.-sheduler.o
 0002:00004990       ??_C@_13PPFCDPMH@?$AA?$HM?$AA?$AA@ 0000000140018990     dbg_.-sheduler.o
 0002:00004994       ??_C@_1DE@BFFMGPEH@?$AA?5?$AA?5?$AA?5?$AA?5?$AA?5?$AA?5?$AA?5?$AAt?$AAh?$AAr?$AAe?$AAa?$AAd?$AA?5?$AA?$CF?$AA0?$AA2?$AAx?$AA?5?$AA?5?$AA?5?$AA?5?$AA?5?$AA?5?$AA?$HM?$AA?$AA@ 0000000140018994     dbg_.-sheduler.o
 0002:000049c8       ??_C@_1FG@CMFEMGFG@?$AA?5?$AA?5?$AAW?$AAa?$AAi?$AAt?$AA?5?$AA?$HM?$AA?5?$AAQ?$AAu?$AAe?$AAu?$AAe?$AA?5?$AA?$HM?$AA?5?$AAR?$AAP?$AAm?$AAi?$AAs?$AAs?$AA?5?$AA?$HM?$AA?5?$AAR?$AAO?$AAr?$AAe?$AAq?$AA?5@ 00000001400189c8     dbg_.-sheduler.o
 0002:00004a1e       ??_C@_1DA@DAJCMENO@?$AA?5?$AA?5?$AAe?$AAx?$AAe?$AAc?$AA?5?$AA?1?$AA?5?$AAd?$AAo?$AAn?$AAe?$AA?5?$AA?1?$AA?5?$AAs?$AAt?$AAa?$AAl?$AAl?$AA?5?$AA?$HM?$AA?$AA@ 0000000140018a1e     dbg_.-sheduler.o
 0002:00004a4e       ??_C@_1FG@IKPNLAIG@?$AA?5?$AA?5?$AA?5?$AA?5?$AA?5?$AA?5?$AA?5?$AA?$HM?$AA?5?$AA?5?$AA?5?$AA?5?$AA?5?$AA?5?$AA?5?$AA?$HM?$AA?5?$AA?5?$AA?5?$AA?5?$AA?5?$AA?5?$AA?5?$AA?5?$AA?$HM?$AA?5?$AA?5?$AA?5?$AA?5?$AA?5?$AA?5?$AA?5@ 0000000140018a4e     dbg_.-sheduler.o
 0002:00004aa4       ??_C@_1CK@GLKKGPFH@?$AA?5?$AA?$CF?$AA7?$AAl?$AAl?$AAd?$AA?5?$AA?$CF?$AA6?$AAl?$AAl?$AAd?$AA?5?$AA?$CF?$AA5?$AAl?$AAl?$AAd?$AA?5?$AA?$HM?$AA?$AA@ 0000000140018aa4     dbg_.-sheduler.o
 0002:00004ace       ??_C@_1FE@OBAMBHOF@?$AA?5?$AA?$CF?$AA5?$AAl?$AAl?$AAd?$AA?5?$AA?$HM?$AA?5?$AA?$CF?$AA5?$AAl?$AAl?$AAd?$AA?5?$AA?$HM?$AA?5?$AA?$CF?$AA6?$AAl?$AAl?$AAd?$AA?5?$AA?$HM?$AA?5?$AA?$CF?$AA5?$AAl?$AAl?$AAd?$AA?5?$AA?$HM@ 0000000140018ace     dbg_.-sheduler.o
 0002:00004b22       ??_C@_1DO@BPJIIFHN@?$AAr?$AAu?$AAn?$AAn?$AAe?$AAd?$AA?5?$AAt?$AAi?$AAm?$AAe?$AA?3?$AA?5?$AA?$CF?$AAl?$AAl?$AAd?$AA?5?$AA?$FL?$AAf?$AAr?$AAo?$AAm?$AA?5?$AA?$CF?$AAl?$AAl?$AAd?$AA?$FN?$AA?6?$AA?$AA@ 0000000140018b22     dbg_.-sheduler.o
 0002:00004b60       ??_C@_1DM@HCILGOPA@?$AAF?$AAa?$AAi?$AAl?$AAe?$AAd?$AA?5?$AAt?$AAo?$AA?5?$AAc?$AAr?$AAe?$AAa?$AAt?$AAe?$AA?5?$AAt?$AAh?$AAr?$AAe?$AAa?$AAd?$AA?5?$AA?$CF?$AAl?$AAl?$AAd?$AA?6?$AA?$AA@ 0000000140018b60     dbg_.-sheduler.o
 0002:00004ba0       RtlNtPathSeperatorString   0000000140018ba0     ws2_32:indef.obj
 0002:00004bb0       ??_C@_13FPGAJAPJ@?$AA?2@   0000000140018bb0     ws2_32:indef.obj
 0002:00004bb8       RtlDosPathSeperatorsString 0000000140018bb8     ws2_32:indef.obj
 0002:00004bc8       ??_C@_15MNCACJLI@?$AA?2?$AA?1@ 0000000140018bc8     ws2_32:indef.obj
 0002:00004bd0       RtlAlternateDosPathSeperatorString 0000000140018bd0     ws2_32:indef.obj
 0002:00004be0       ??_C@_13CGOKJPIL@?$AA?1@   0000000140018be0     ws2_32:indef.obj
 0002:00004be4       eui48_broadcast            0000000140018be4     ws2_32:indef.obj
 0002:00004c60       scopeid_unspecified        0000000140018c60     ws2_32:indef.obj
 0002:00004c64       in4addr_any                0000000140018c64     ws2_32:indef.obj
 0002:00004c68       in4addr_loopback           0000000140018c68     ws2_32:indef.obj
 0002:00004c6c       in4addr_broadcast          0000000140018c6c     ws2_32:indef.obj
 0002:00004c70       in4addr_allnodesonlink     0000000140018c70     ws2_32:indef.obj
 0002:00004c74       in4addr_allroutersonlink   0000000140018c74     ws2_32:indef.obj
 0002:00004c78       in4addr_alligmpv3routersonlink 0000000140018c78     ws2_32:indef.obj
 0002:00004c7c       in4addr_allteredohostsonlink 0000000140018c7c     ws2_32:indef.obj
 0002:00004c80       in4addr_linklocalprefix    0000000140018c80     ws2_32:indef.obj
 0002:00004c84       in4addr_multicastprefix    0000000140018c84     ws2_32:indef.obj
 0002:00004c88       in6addr_any                0000000140018c88     ws2_32:indef.obj
 0002:00004c98       in6addr_loopback           0000000140018c98     ws2_32:indef.obj
 0002:00004ca8       in6addr_allnodesonnode     0000000140018ca8     ws2_32:indef.obj
 0002:00004cb8       in6addr_allnodesonlink     0000000140018cb8     ws2_32:indef.obj
 0002:00004cc8       in6addr_allroutersonlink   0000000140018cc8     ws2_32:indef.obj
 0002:00004cd8       in6addr_allmldv2routersonlink 0000000140018cd8     ws2_32:indef.obj
 0002:00004ce8       in6addr_teredoinitiallinklocaladdress 0000000140018ce8     ws2_32:indef.obj
 0002:00004cf8       in6addr_linklocalprefix    0000000140018cf8     ws2_32:indef.obj
 0002:00004d08       in6addr_multicastprefix    0000000140018d08     ws2_32:indef.obj
 0002:00004d18       in6addr_solicitednodemulticastprefix 0000000140018d18     ws2_32:indef.obj
 0002:00004d28       in6addr_v4mappedprefix     0000000140018d28     ws2_32:indef.obj
 0002:00004d38       in6addr_6to4prefix         0000000140018d38     ws2_32:indef.obj
 0002:00004d48       in6addr_teredoprefix       0000000140018d48     ws2_32:indef.obj
 0002:00004d58       in6addr_teredoprefix_old   0000000140018d58     ws2_32:indef.obj
 0002:00004d78       BUGCHECK_EFI_GUID          0000000140018d78     ws2_32:indef.obj
 0002:00005128       __imp_GdiSetBatchLimit     0000000140019128     gdi32:GDI32.dll
 0002:00005138       __imp_CommandLineToArgvW   0000000140019138     shell32:SHELL32.dll
 0002:00005148       __imp_AcquireSRWLockExclusive 0000000140019148     kernel32:KERNEL32.dll
 0002:00005150       __imp_AcquireSRWLockShared 0000000140019150     kernel32:KERNEL32.dll
 0002:00005158       __imp_CloseHandle          0000000140019158     kernel32:KERNEL32.dll
 0002:00005160       __imp_CreateEventW         0000000140019160     kernel32:KERNEL32.dll
 0002:00005168       __imp_CreateFileW          0000000140019168     kernel32:KERNEL32.dll
 0002:00005170       __imp_CreateIoCompletionPort 0000000140019170     kernel32:KERNEL32.dll
 0002:00005178       __imp_CreateThread         0000000140019178     kernel32:KERNEL32.dll
 0002:00005180       __imp_ExitProcess          0000000140019180     kernel32:KERNEL32.dll
 0002:00005188       __imp_FormatMessageW       0000000140019188     kernel32:KERNEL32.dll
 0002:00005190       __imp_GetCommandLineW      0000000140019190     kernel32:KERNEL32.dll
 0002:00005198       __imp_GetConsoleMode       0000000140019198     kernel32:KERNEL32.dll
 0002:000051a0       __imp_GetFileSizeEx        00000001400191a0     kernel32:KERNEL32.dll
 0002:000051a8       __imp_GetLastError         00000001400191a8     kernel32:KERNEL32.dll
 0002:000051b0       __imp_GetProcAddress       00000001400191b0     kernel32:KERNEL32.dll
 0002:000051b8       __imp_GetProcessHeap       00000001400191b8     kernel32:KERNEL32.dll
 0002:000051c0       __imp_GetQueuedCompletionStatus 00000001400191c0     kernel32:KERNEL32.dll
 0002:000051c8       __imp_GetStdHandle         00000001400191c8     kernel32:KERNEL32.dll
 0002:000051d0       __imp_GetThreadContext     00000001400191d0     kernel32:KERNEL32.dll
 0002:000051d8       __imp_HeapAlloc            00000001400191d8     kernel32:KERNEL32.dll
 0002:000051e0       __imp_HeapFree             00000001400191e0     kernel32:KERNEL32.dll
 0002:000051e8       __imp_HeapReAlloc          00000001400191e8     kernel32:KERNEL32.dll
 0002:000051f0       __imp_LoadLibraryA         00000001400191f0     kernel32:KERNEL32.dll
 0002:000051f8       __imp_MultiByteToWideChar  00000001400191f8     kernel32:KERNEL32.dll
 0002:00005200       __imp_QueryPerformanceCounter 0000000140019200     kernel32:KERNEL32.dll
 0002:00005208       __imp_QueryPerformanceFrequency 0000000140019208     kernel32:KERNEL32.dll
 0002:00005210       __imp_ReadConsoleW         0000000140019210     kernel32:KERNEL32.dll
 0002:00005218       __imp_ReadFile             0000000140019218     kernel32:KERNEL32.dll
 0002:00005220       __imp_ReleaseSRWLockExclusive 0000000140019220     kernel32:KERNEL32.dll
 0002:00005228       __imp_ReleaseSRWLockShared 0000000140019228     kernel32:KERNEL32.dll
 0002:00005230       __imp_ResumeThread         0000000140019230     kernel32:KERNEL32.dll
 0002:00005238       __imp_SetEvent             0000000140019238     kernel32:KERNEL32.dll
 0002:00005240       __imp_SetThreadContext     0000000140019240     kernel32:KERNEL32.dll
 0002:00005248       __imp_Sleep                0000000140019248     kernel32:KERNEL32.dll
 0002:00005250       __imp_SuspendThread        0000000140019250     kernel32:KERNEL32.dll
 0002:00005258       __imp_TlsAlloc             0000000140019258     kernel32:KERNEL32.dll
 0002:00005260       __imp_TlsFree              0000000140019260     kernel32:KERNEL32.dll
 0002:00005268       __imp_TlsGetValue          0000000140019268     kernel32:KERNEL32.dll
 0002:00005270       __imp_TlsSetValue          0000000140019270     kernel32:KERNEL32.dll
 0002:00005278       __imp_TryAcquireSRWLockExclusive 0000000140019278     kernel32:KERNEL32.dll
 0002:00005280       __imp_VirtualAlloc         0000000140019280     kernel32:KERNEL32.dll
 0002:00005288       __imp_WaitForMultipleObjects 0000000140019288     kernel32:KERNEL32.dll
 0002:00005290       __imp_WaitForSingleObject  0000000140019290     kernel32:KERNEL32.dll
 0002:00005298       __imp_WriteConsoleW        0000000140019298     kernel32:KERNEL32.dll
 0002:000052a8       __imp_BCryptGenRandom      00000001400192a8     bcrypt:bcrypt.dll
 0002:000052b8       __imp_WSAGetLastError      00000001400192b8     ws2_32:WS2_32.dll
 0002:000052c0       __imp_WSARecv              00000001400192c0     ws2_32:WS2_32.dll
 0002:000052c8       __imp_WSAStartup           00000001400192c8     ws2_32:WS2_32.dll
 0002:000052d0       __imp_accept               00000001400192d0     ws2_32:WS2_32.dll
 0002:000052d8       __imp_bind                 00000001400192d8     ws2_32:WS2_32.dll
 0002:000052e0       __imp_closesocket          00000001400192e0     ws2_32:WS2_32.dll
 0002:000052e8       __imp_connect              00000001400192e8     ws2_32:WS2_32.dll
 0002:000052f0       __imp_freeaddrinfo         00000001400192f0     ws2_32:WS2_32.dll
 0002:000052f8       __imp_getaddrinfo          00000001400192f8     ws2_32:WS2_32.dll
 0002:00005300       __imp_getpeername          0000000140019300     ws2_32:WS2_32.dll
 0002:00005308       __imp_getsockname          0000000140019308     ws2_32:WS2_32.dll
 0002:00005310       __imp_htons                0000000140019310     ws2_32:WS2_32.dll
 0002:00005318       __imp_inet_ntop            0000000140019318     ws2_32:WS2_32.dll
 0002:00005320       __imp_listen               0000000140019320     ws2_32:WS2_32.dll
 0002:00005328       __imp_ntohs                0000000140019328     ws2_32:WS2_32.dll
 0002:00005330       __imp_send                 0000000140019330     ws2_32:WS2_32.dll
 0002:00005338       __imp_setsockopt           0000000140019338     ws2_32:WS2_32.dll
 0002:00005340       __imp_socket               0000000140019340     ws2_32:WS2_32.dll
 0002:00005350       __imp_clBuildProgram       0000000140019350     OpenCL:OpenCL.dll
 0002:00005358       __imp_clCreateBuffer       0000000140019358     OpenCL:OpenCL.dll
 0002:00005360       __imp_clCreateCommandQueueWithProperties 0000000140019360     OpenCL:OpenCL.dll
 0002:00005368       __imp_clCreateContext      0000000140019368     OpenCL:OpenCL.dll
 0002:00005370       __imp_clCreateKernel       0000000140019370     OpenCL:OpenCL.dll
 0002:00005378       __imp_clCreateProgramWithSource 0000000140019378     OpenCL:OpenCL.dll
 0002:00005380       __imp_clEnqueueNDRangeKernel 0000000140019380     OpenCL:OpenCL.dll
 0002:00005388       __imp_clEnqueueReadBuffer  0000000140019388     OpenCL:OpenCL.dll
 0002:00005390       __imp_clEnqueueWriteBuffer 0000000140019390     OpenCL:OpenCL.dll
 0002:00005398       __imp_clFinish             0000000140019398     OpenCL:OpenCL.dll
 0002:000053a0       __imp_clGetDeviceIDs       00000001400193a0     OpenCL:OpenCL.dll
 0002:000053a8       __imp_clGetDeviceInfo      00000001400193a8     OpenCL:OpenCL.dll
 0002:000053b0       __imp_clGetKernelArgInfo   00000001400193b0     OpenCL:OpenCL.dll
 0002:000053b8       __imp_clGetPlatformIDs     00000001400193b8     OpenCL:OpenCL.dll
 0002:000053c0       __imp_clGetPlatformInfo    00000001400193c0     OpenCL:OpenCL.dll
 0002:000053c8       __imp_clGetProgramBuildInfo 00000001400193c8     OpenCL:OpenCL.dll
 0002:000053d0       __imp_clSetKernelArg       00000001400193d0     OpenCL:OpenCL.dll
 0003:00000000       server_port                000000014001a000     dbg_.-remote.o
 0003:00000008       thisServerId               000000014001a008     dbg_.-remote.o
 0003:00000010       NUM_THREADS                000000014001a010     dbg_.-runtime.o
 0003:00000018       CHUNK_TIME_US              000000014001a018     dbg_.-runtime.o
 0003:00000020       Providers                  000000014001a020     dbg_.-runtime.o
 0003:000000c0       AddressFamilyInformation   000000014001a0c0     ws2_32:indef.obj
 0003:000000f0       connections_lock           000000014001a0f0     dbg_.-api.o
 0003:000000f8       connections_len            000000014001a0f8     dbg_.-api.o
 0003:00000100       pages_lock                 000000014001a100     dbg_.-api.o
 0003:00000108       pages_len                  000000014001a108     dbg_.-api.o
 0003:00000110       known_id_broadcasts        000000014001a110     dbg_.-api.o
 0003:00000130       known_page_broadcasts      000000014001a130     dbg_.-api.o
 0003:00000150       known_path_broadcasts      000000014001a150     dbg_.-api.o
 0003:00000170       known_path_id_broadcasts   000000014001a170     dbg_.-api.o
 0003:00000190       known_objects              000000014001a190     dbg_.-api.o
 0003:000001b0       query_requests             000000014001a1b0     dbg_.-api.o
 0003:000001d0       push_requests              000000014001a1d0     dbg_.-api.o
 0003:000001f0       known_hives                000000014001a1f0     dbg_.-api.o
 0003:00000210       local_objects              000000014001a210     dbg_.-api.o
 0003:00000220       connections                000000014001a220     dbg_.-api.o
 0003:00002220       pages                      000000014001c220     dbg_.-api.o
 0003:00002e20       SL_best_platform           000000014001ce20     dbg_.-gpu_subsystem.o
 0003:00002e24       SL_best_platform_value     000000014001ce24     dbg_.-gpu_subsystem.o
 0003:00002e28       SL_platforms_len           000000014001ce28     dbg_.-gpu_subsystem.o
 0003:00002e30       SL_platforms               000000014001ce30     dbg_.-gpu_subsystem.o
 0003:00002eb0       SL_devices                 000000014001ceb0     dbg_.-gpu_subsystem.o
 0003:000032b0       SL_devices_len             000000014001d2b0     dbg_.-gpu_subsystem.o
 0003:000032f0       SL_main_platform           000000014001d2f0     dbg_.-gpu_subsystem.o
 0003:000032f8       SL_context                 000000014001d2f8     dbg_.-gpu_subsystem.o
 0003:00003300       SL_queues                  000000014001d300     dbg_.-gpu_subsystem.o
 0003:00003700       SL_queues_len              000000014001d700     dbg_.-gpu_subsystem.o
 0003:00003740       queues                     000000014001d740     dbg_.-queue.o
 0003:00003b40       queue_size                 000000014001db40     dbg_.-queue.o
 0003:00003b50       ServerIdGetLock            000000014001db50     dbg_.-remote.o
 0003:00003b58       next_local_id              000000014001db58     dbg_.-remote.o
 0003:00003b60       glbStatRemotePathMisses    000000014001db60     dbg_.-remote.o
 0003:00003b68       glbStatRemoteOutputRequests 000000014001db68     dbg_.-remote.o
 0003:00003b70       glbStatRemoteInputRequests 000000014001db70     dbg_.-remote.o
 0003:00003b78       hIOCP                      000000014001db78     dbg_.-remote.o
 0003:00004390       hHeap                      000000014001e390     dbg_.-runtime_lib.o
 0003:00004398       hInput                     000000014001e398     dbg_.-runtime_lib.o
 0003:000043a0       buf                        000000014001e3a0     dbg_.-runtime_lib.o
 0003:000143a0       hOutput                    000000014002e3a0     dbg_.-runtime_lib.o
 0003:000143a8       frequency                  000000014002e3a8     dbg_.-runtime_lib.o
 0003:000143b0       Workers                    000000014002e3b0     dbg_.-runtime.o
 0003:00015030       wait_list_lock             000000014002f030     dbg_.-runtime.o
 0003:00015038       wait_list_len              000000014002f038     dbg_.-runtime.o
 0003:00015040       dwTlsIndex                 000000014002f040     dbg_.-runtime.o
 0003:00015050       wait_list                  000000014002f050     dbg_.-runtime.o
 0003:000d8550       defined_arrays             00000001400f2550     dbg_.-runtime.o
 0003:000d8558       hContinueEvent             00000001400f2558     dbg_.-sheduler.o
 0003:000d8560       glbMasterInfo              00000001400f2560     dbg_.-sheduler.o
 0003:000d8568       ExPoolZeroingNativelySupported 00000001400f2568     ws2_32:indef.obj

 entry point at         0001:00010ab0

 Static symbols

 0001:00003ea0       GetKnownHiveHash           0000000140004ea0     dbg_.-api.o
 0001:000044f0       i64GetKnownHiveHash        00000001400054f0     dbg_.-api.o
 0001:00004560       i64_raw_update             0000000140005560     dbg_.-api.o
 0001:00008560       p                          0000000140009560     dbg_.-queue.o
 0001:0000b6f0       Worker                     000000014000c6f0     dbg_.-remote.o
 0001:0000bca0       ConnectionListnerWorker    000000014000cca0     dbg_.-remote.o
 0001:0000bec0       PagesAllocator             000000014000cec0     dbg_.-remote.o
 0001:0000bf90       StateSender                000000014000cf90     dbg_.-remote.o
 0001:0000c000       HandleApiCall              000000014000d000     dbg_.-remote.o
 0001:00011c2c       .text                      0000000140012c2c     asm_dbg.o
 0002:00004bf0       IPSEC_AUTH_TRANSFORM_ID_HMAC_MD5_96 0000000140018bf0     ws2_32:indef.obj
 0002:00004bf8       IPSEC_AUTH_TRANSFORM_ID_HMAC_SHA_1_96 0000000140018bf8     ws2_32:indef.obj
 0002:00004c00       IPSEC_AUTH_TRANSFORM_ID_HMAC_SHA_256_128 0000000140018c00     ws2_32:indef.obj
 0002:00004c08       IPSEC_AUTH_TRANSFORM_ID_GCM_AES_128 0000000140018c08     ws2_32:indef.obj
 0002:00004c10       IPSEC_AUTH_TRANSFORM_ID_GCM_AES_192 0000000140018c10     ws2_32:indef.obj
 0002:00004c18       IPSEC_AUTH_TRANSFORM_ID_GCM_AES_256 0000000140018c18     ws2_32:indef.obj
 0002:00004c20       IPSEC_CIPHER_TRANSFORM_ID_CBC_DES 0000000140018c20     ws2_32:indef.obj
 0002:00004c28       IPSEC_CIPHER_TRANSFORM_ID_CBC_3DES 0000000140018c28     ws2_32:indef.obj
 0002:00004c30       IPSEC_CIPHER_TRANSFORM_ID_AES_128 0000000140018c30     ws2_32:indef.obj
 0002:00004c38       IPSEC_CIPHER_TRANSFORM_ID_AES_192 0000000140018c38     ws2_32:indef.obj
 0002:00004c40       IPSEC_CIPHER_TRANSFORM_ID_AES_256 0000000140018c40     ws2_32:indef.obj
 0002:00004c48       IPSEC_CIPHER_TRANSFORM_ID_GCM_AES_128 0000000140018c48     ws2_32:indef.obj
 0002:00004c50       IPSEC_CIPHER_TRANSFORM_ID_GCM_AES_192 0000000140018c50     ws2_32:indef.obj
 0002:00004c58       IPSEC_CIPHER_TRANSFORM_ID_GCM_AES_256 0000000140018c58     ws2_32:indef.obj
 0002:00004d68       BFE_GENERIC_MAPPING        0000000140018d68     ws2_32:indef.obj
 0003:00003b80       gai_strerrorW.buff         000000014001db80     dbg_.-remote.o
 0003:000d8569       WFP_TRACE_NULL_DATA        00000001400f2569     ws2_32:indef.obj
 0004:00000000       .data                      00000001400f3000     asm_dbg.o
