 d

 Timestamp is 69e00f61 (Thu Apr 16 01:21:21 2026)

 Preferred load address is 0000000140000000

 Start         Length     Name                   Class
 0001:00000000 0001958dH .text                   CODE
 0001:0001958d 00001267H .text$mn                CODE
 0002:00000000 00006420H .rdata                  DATA
 0002:00006420 00000000H .edata                  DATA
 0002:00006420 00000164H .rdata$zzzdbg           DATA
 0003:00000000 00000510H .data                   DATA
 0003:00000510 00018dddH .bss                    DATA
 0004:00000000 00000510H .idata$5                DATA
 0004:00000510 00000078H .idata$2                DATA
 0004:00000588 00000018H .idata$3                DATA
 0004:000005a0 00000510H .idata$4                DATA
 0004:00000ab0 000006bdH .idata$6                DATA

  Address         Publics by Value              Rva+Base               Lib:Object

 0000:00000000       __AbsoluteZero             0000000000000000     <absolute>
 0000:00000000       ___safe_se_handler_count   0000000000000000     <absolute>
 0000:00000000       ___safe_se_handler_table   0000000000000000     <absolute>
 0000:00000000       __arm64x_extra_rfe_table   0000000000000000     <absolute>
 0000:00000000       __arm64x_extra_rfe_table_size 0000000000000000     <absolute>
 0000:00000000       __arm64x_native_entrypoint 0000000000000000     <absolute>
 0000:00000000       __arm64x_redirection_metadata 0000000000000000     <absolute>
 0000:00000000       __arm64x_redirection_metadata_count 0000000000000000     <absolute>
 0000:00000000       __dynamic_value_reloc_table 0000000000000000     <absolute>
 0000:00000000       __enclave_config           0000000000000000     <absolute>
 0000:00000000       __guard_check_icall_a64n_fptr 0000000000000000     <absolute>
 0000:00000000       __guard_eh_cont_count      0000000000000000     <absolute>
 0000:00000000       __guard_eh_cont_table      0000000000000000     <absolute>
 0000:00000000       __guard_fids_count         0000000000000000     <absolute>
 0000:00000000       __guard_fids_table         0000000000000000     <absolute>
 0000:00000000       __guard_iat_count          0000000000000000     <absolute>
 0000:00000000       __guard_iat_table          0000000000000000     <absolute>
 0000:00000000       __guard_longjmp_count      0000000000000000     <absolute>
 0000:00000000       __guard_longjmp_table      0000000000000000     <absolute>
 0000:00000000       __hybrid_auxiliary_delayload_iat 0000000000000000     <absolute>
 0000:00000000       __hybrid_auxiliary_delayload_iat_copy 0000000000000000     <absolute>
 0000:00000000       __hybrid_auxiliary_iat     0000000000000000     <absolute>
 0000:00000000       __hybrid_auxiliary_iat_copy 0000000000000000     <absolute>
 0000:00000000       __hybrid_code_map          0000000000000000     <absolute>
 0000:00000000       __hybrid_code_map_count    0000000000000000     <absolute>
 0000:00000000       __hybrid_image_info_bitfield 0000000000000000     <absolute>
 0000:00000000       __volatile_metadata        0000000000000000     <absolute>
 0000:00000000       __x64_code_ranges_to_entry_points 0000000000000000     <absolute>
 0000:00000000       __x64_code_ranges_to_entry_points_count 0000000000000000     <absolute>
 0000:00000100       __guard_flags              0000000000000100     <absolute>
 0001:00000530       dllPauseWorker             0000000140001530 f   dbg_.-dll-await_worker.o
 0001:00000620       dllCallObject              0000000140001620 f   dbg_.-dll-call_object.o
 0001:000006f0       dllStartNewLocalWorker     00000001400016f0 f   dbg_.-dll-call_object.o
 0001:000008c0       dllExecuteWorker           00000001400018c0 f   dbg_.-dll-execute_worker.o
 0001:00001970       memset                     0000000140002970 f   dbg_.-runtime_lib.o
 0001:000019d0       memcpy                     00000001400029d0 f   dbg_.-runtime_lib.o
 0001:00001ae0       myMalloc                   0000000140002ae0 f   dbg_.-runtime_lib.o
 0001:00001b40       myPrintf                   0000000140002b40 f   dbg_.-runtime_lib.o
 0001:000020b0       myRealloc                  00000001400030b0 f   dbg_.-runtime_lib.o
 0001:00002110       myFree                     0000000140003110 f   dbg_.-runtime_lib.o
 0001:00002150       myAtoll                    0000000140003150 f   dbg_.-runtime_lib.o
 0001:00002290       get_char                   0000000140003290 f   dbg_.-runtime_lib.o
 0001:00002370       myScanI64                  0000000140003370 f   dbg_.-runtime_lib.o
 0001:00002400       myScanS                    0000000140003400 f   dbg_.-runtime_lib.o
 0001:00002500       PrintI64                   0000000140003500 f   dbg_.-runtime_lib.o
 0001:000025d0       PrintI64H                  00000001400035d0 f   dbg_.-runtime_lib.o
 0001:00002670       Print2H                    0000000140003670 f   dbg_.-runtime_lib.o
 0001:00002710       assertion_failure          0000000140003710 f   dbg_.-runtime_lib.o
 0001:00002760       myAbs                      0000000140003760 f   dbg_.-runtime_lib.o
 0001:00002790       MicrosecondsToTicks        0000000140003790 f   dbg_.-runtime_lib.o
 0001:000027b0       TicksToMicroseconds        00000001400037b0 f   dbg_.-runtime_lib.o
 0001:000027d0       GetTicks                   00000001400037d0 f   dbg_.-runtime_lib.o
 0001:000027f0       SheduleTimeoutFromNow      00000001400037f0 f   dbg_.-runtime_lib.o
 0001:00002830       init_lib                   0000000140003830 f   dbg_.-runtime_lib.o
 0001:00002c40       gpuPauseWorker             0000000140003c40 f   dbg_..-common-gpu-await_worker.o
 0001:00002d30       gpuCallObject              0000000140003d30 f   dbg_..-common-gpu-call_object.o
 0001:00002e00       gpuStartNewLocalWorker     0000000140003e00 f   dbg_..-common-gpu-call_object.o
 0001:00002fd0       gpuExecuteWorker           0000000140003fd0 f   dbg_..-common-gpu-execute_worker.o
 0001:00003690       gpuNewObjectUsingPage      0000000140004690 f   dbg_..-common-gpu-new_object.o
 0001:000037c0       gpuNewObject               00000001400047c0 f   dbg_..-common-gpu-new_object.o
 0001:00003870       gpuPushObject              0000000140004870 f   dbg_..-common-gpu-push_object.o
 0001:000038b0       gpuPushPipe                00000001400048b0 f   dbg_..-common-gpu-push_object.o
 0001:00003900       gpuQueryObject             0000000140004900 f   dbg_..-common-gpu-query_object.o
 0001:00003940       gpuQueryPipe               0000000140004940 f   dbg_..-common-gpu-query_object.o
 0001:000039a0       locNewObjectUsingPage      00000001400049a0 f   dbg_..-common-loc-new_object.o
 0001:00003ea0       locNewObject               0000000140004ea0 f   dbg_..-common-loc-new_object.o
 0001:00004040       locUpdateLocalPush         0000000140005040 f   dbg_..-common-loc-push_object.o
 0001:00004160       locQueryLocalObject        0000000140005160 f   dbg_..-common-loc-query_object.o
 0001:00004320       x64PauseWorker             0000000140005320 f   dbg_..-common-x64-await_worker.o
 0001:00004440       x64CallObject              0000000140005440 f   dbg_..-common-x64-call_object.o
 0001:00004510       x64StartNewLocalWorker     0000000140005510 f   dbg_..-common-x64-call_object.o
 0001:00004710       x64ExecuteWorker           0000000140005710 f   dbg_..-common-x64-execute_worker.o
 0001:00004760       x64TryStallWorker          0000000140005760 f   dbg_..-common-x64-execute_worker.o
 0001:00004b30       x64NewObjectUsingPage      0000000140005b30 f   dbg_..-common-x64-new_object.o
 0001:000050a0       x64NewObjectStates         00000001400060a0 f   dbg_..-common-x64-new_object.o
 0001:00005170       x64NewObject               0000000140006170 f   dbg_..-common-x64-new_object.o
 0001:00005430       x64UpdateLocalPush         0000000140006430 f   dbg_..-common-x64-push_object.o
 0001:00005520       x64OnPushObject            0000000140006520 f   dbg_..-common-x64-push_object.o
 0001:000055e0       x64PushObjectStates        00000001400065e0 f   dbg_..-common-x64-push_object.o
 0001:00005760       x64PushObject              0000000140006760 f   dbg_..-common-x64-push_object.o
 0001:000059f0       x64PushPipe                00000001400069f0 f   dbg_..-common-x64-push_object.o
 0001:00005bb0       x64QueryLocalObject        0000000140006bb0 f   dbg_..-common-x64-query_object.o
 0001:00005d10       x64OnQueryObject           0000000140006d10 f   dbg_..-common-x64-query_object.o
 0001:00005e20       x64QueryObjectStates       0000000140006e20 f   dbg_..-common-x64-query_object.o
 0001:00005fa0       x64QueryObject             0000000140006fa0 f   dbg_..-common-x64-query_object.o
 0001:000061d0       x64QueryPipe               00000001400071d0 f   dbg_..-common-x64-query_object.o
 0001:000063b0       x64SleepStates             00000001400073b0 f   dbg_..-common-x64-sleep.o
 0001:00006450       x64Sleep                   0000000140007450 f   dbg_..-common-x64-sleep.o
 0001:00006550       equal_bytes                0000000140007550 f   dbg_..-common-api.o
 0001:00006650       GetHashtableNoLock         0000000140007650 f   dbg_..-common-api.o
 0001:00006820       SetHashtableNoLock         0000000140007820 f   dbg_..-common-api.o
 0001:00006b20       GetHashtable               0000000140007b20 f   dbg_..-common-api.o
 0001:00006b80       SetHashtable               0000000140007b80 f   dbg_..-common-api.o
 0001:00006bd0       i64_get                    0000000140007bd0 f   dbg_..-common-api.o
 0001:00007090       i64GetHashtableNoLock      0000000140008090 f   dbg_..-common-api.o
 0001:000070d0       i64SetHashtableNoLock      00000001400080d0 f   dbg_..-common-api.o
 0001:00007260       i64GetHashtable            0000000140008260 f   dbg_..-common-api.o
 0001:00007290       i64SetHashtable            0000000140008290 f   dbg_..-common-api.o
 0001:000072c0       InitInternalStructures     00000001400082c0 f   dbg_..-common-api.o
 0001:00007a90       castOnQueryObject          0000000140008a90 f   dbg_..-common-cast_provider.o
 0001:00007c50       anyCastStates              0000000140008c50 f   dbg_..-common-cast_provider.o
 0001:00008e40       anyCastProvider            0000000140009e40 f   dbg_..-common-cast_provider.o
 0001:00009590       init_gpu_subsystem         000000014000a590 f   dbg_..-common-gpu_subsystem.o
 0001:0000b040       gpuBuildFromText           000000014000c040 f   dbg_..-common-gpu_subsystem.o
 0001:0000b390       gpuAlloc                   000000014000c390 f   dbg_..-common-gpu_subsystem.o
 0001:0000b3d0       gpuRun                     000000014000c3d0 f   dbg_..-common-gpu_subsystem.o
 0001:0000b480       gpuFinishQueuesOnPlatform  000000014000c480 f   dbg_..-common-gpu_subsystem.o
 0001:0000b500       gpuFinishQueue             000000014000c500 f   dbg_..-common-gpu_subsystem.o
 0001:0000bd20       StartInitialProcess        000000014000cd20 f   dbg_..-common-hive_entry.o
 0001:0000c030       scheduler_init             000000014000d030 f   dbg_..-common-queue.o
 0001:0000c130       scheduler_enqueue_with_affinity 000000014000d130 f   dbg_..-common-queue.o
 0001:0000c2d0       scheduler_enqueue          000000014000d2d0 f   dbg_..-common-queue.o
 0001:0000c4d0       scheduler_dequeue          000000014000d4d0 f   dbg_..-common-queue.o
 0001:0000ccf0       b_send                     000000014000dcf0 f   dbg_..-common-remote.o
 0001:0000ce10       b_flush                    000000014000de10 f   dbg_..-common-remote.o
 0001:0000ce60       GetConnectionById          000000014000de60 f   dbg_..-common-remote.o
 0001:0000cef0       DumpConnections            000000014000def0 f   dbg_..-common-remote.o
 0001:0000d250       ConfirmPage                000000014000e250 f   dbg_..-common-remote.o
 0001:0000d2f0       ConfirmID                  000000014000e2f0 f   dbg_..-common-remote.o
 0001:0000d340       HandleNewConnection        000000014000e340 f   dbg_..-common-remote.o
 0001:0000d5d0       UpdateWaitingQuery         000000014000e5d0 f   dbg_..-common-remote.o
 0001:0000d900       AnswerQueryObject          000000014000e900 f   dbg_..-common-remote.o
 0001:0000da40       UpdateWaitingPush          000000014000ea40 f   dbg_..-common-remote.o
 0001:0000dcd0       AnswerPushObject           000000014000ecd0 f   dbg_..-common-remote.o
 0001:0000ddc0       SendPageAllocationConfirm  000000014000edc0 f   dbg_..-common-remote.o
 0001:0000de60       SendIDConfirm              000000014000ee60 f   dbg_..-common-remote.o
 0001:0000df00       RedirectBroadcastQuery     000000014000ef00 f   dbg_..-common-remote.o
 0001:0000e090       RedirectBroadcastIDQuery   000000014000f090 f   dbg_..-common-remote.o
 0001:0000e220       ConfirmConnection          000000014000f220 f   dbg_..-common-remote.o
 0001:0000e4c0       InitiateConnection         000000014000f4c0 f   dbg_..-common-remote.o
 0001:0000e950       RequestMemoryPage          000000014000f950 f   dbg_..-common-remote.o
 0001:0000ea70       RequestServerId            000000014000fa70 f   dbg_..-common-remote.o
 0001:0000eb80       AnswerRequestObjectPath    000000014000fb80 f   dbg_..-common-remote.o
 0001:0000ecd0       RequestObjectPathBroadcast 000000014000fcd0 f   dbg_..-common-remote.o
 0001:0000eef0       AnswerRequestPathToID      000000014000fef0 f   dbg_..-common-remote.o
 0001:0000f040       RequestPathToIDBroadcast   0000000140010040 f   dbg_..-common-remote.o
 0001:0000f260       RequestObjectGet           0000000140010260 f   dbg_..-common-remote.o
 0001:0000f540       RequestObjectSet           0000000140010540 f   dbg_..-common-remote.o
 0001:0000f920       StartNewWorkerRemote       0000000140010920 f   dbg_..-common-remote.o
 0001:0000fa60       SendHiveState              0000000140010a60 f   dbg_..-common-remote.o
 0001:0000fbe0       start_remote_subsystem     0000000140010be0 f   dbg_..-common-remote.o
 0001:00013ab0       gai_strerrorW              0000000140014ab0 f i dbg_..-common-remote.o
 0001:00013b10       RegisterObjectWithId       0000000140014b10 f   dbg_..-common-runtime.o
 0001:00013b40       GetNewObjectId             0000000140014b40 f   dbg_..-common-runtime.o
 0001:00013c30       universalPauseWorker       0000000140014c30 f   dbg_..-common-runtime.o
 0001:00013cb0       universalUpdateLocalPush   0000000140014cb0 f   dbg_..-common-runtime.o
 0001:00013d10       UpdateFromQueryResult      0000000140014d10 f   dbg_..-common-runtime.o
 0001:00013d90       PrintObject                0000000140014d90 f   dbg_..-common-runtime.o
 0001:00013f90       WaitListNode               0000000140014f90 f   dbg_..-common-runtime.o
 0001:00014040       WaitListWorker             0000000140015040 f   dbg_..-common-runtime.o
 0001:000140a0       EnqueueWorkerFromWaitList  00000001400150a0 f   dbg_..-common-runtime.o
 0001:00014200       UpdateWaitingWorkers       0000000140015200 f   dbg_..-common-runtime.o
 0001:000145d0       StartNewWorker             00000001400155d0 f   dbg_..-common-runtime.o
 0001:000148d0       LoadWorker                 00000001400158d0 f   dbg_..-common-runtime.o
 0001:00015b90       entry                      0000000140016b90 f   dbg_..-common-runtime.o
 0001:00016db0       WaitListUpdateWorker       0000000140017db0 f   dbg_..-common-sheduler.o
 0001:00016df0       SheduleWorker              0000000140017df0 f   dbg_..-common-sheduler.o
 0001:00016f80       ShedulerInstance           0000000140017f80 f   dbg_..-common-sheduler.o
 0001:00017030       TryStallSheduler           0000000140018030 f   dbg_..-common-sheduler.o
 0001:00017100       MasterSheduler             0000000140018100 f   dbg_..-common-sheduler.o
 0001:00017680       ShedulerStart              0000000140018680 f   dbg_..-common-sheduler.o
 0001:00017c48       x64_fastPushObject         0000000140018c48     asm_dbg.o
 0001:00017cb1       x64_fastQueryObject        0000000140018cb1     asm_dbg.o
 0001:00017d1a       x64_fastNewObject          0000000140018d1a     asm_dbg.o
 0001:00017d83       x64_fastCallObject         0000000140018d83     asm_dbg.o
 0001:00017dec       x64_fastPushPipe           0000000140018dec     asm_dbg.o
 0001:00017e55       x64_fastQueryPipe          0000000140018e55     asm_dbg.o
 0001:00017ebe       x64_fastSleep              0000000140018ebe     asm_dbg.o
 0001:00017f27       gpu_fastNewObject          0000000140018f27     asm_dbg.o
 0001:00017f90       gpu_fastCallObject         0000000140018f90     asm_dbg.o
 0001:00017ff9       loc_fastNewObject          0000000140018ff9     asm_dbg.o
 0001:00018062       dll_fastCallObject         0000000140019062     asm_dbg.o
 0001:000180cb       any_fastCastProvider       00000001400190cb     asm_dbg.o
 0001:00018134       x64AsmExecuteWorker        0000000140019134     asm_dbg.o
 0001:00018196       setjmpUN                   0000000140019196     asm_dbg.o
 0001:000181c9       longjmpUN                  00000001400191c9     asm_dbg.o
 0001:000181f2       DllCall                    00000001400191f2     asm_dbg.o
 0001:0001958d       GdiSetBatchLimit           000000014001a58d f   gdi32:GDI32.dll
 0001:00019593       CommandLineToArgvW         000000014001a593 f   shell32:SHELL32.dll
 0001:00019599       TlsGetValue                000000014001a599 f   kernel32:KERNEL32.dll
 0001:0001959f       GetLastError               000000014001a59f f   kernel32:KERNEL32.dll
 0001:000195a5       HeapAlloc                  000000014001a5a5 f   kernel32:KERNEL32.dll
 0001:000195ab       MultiByteToWideChar        000000014001a5ab f   kernel32:KERNEL32.dll
 0001:000195b1       WriteConsoleW              000000014001a5b1 f   kernel32:KERNEL32.dll
 0001:000195b7       HeapReAlloc                000000014001a5b7 f   kernel32:KERNEL32.dll
 0001:000195bd       HeapFree                   000000014001a5bd f   kernel32:KERNEL32.dll
 0001:000195c3       GetConsoleMode             000000014001a5c3 f   kernel32:KERNEL32.dll
 0001:000195c9       ReadConsoleW               000000014001a5c9 f   kernel32:KERNEL32.dll
 0001:000195cf       ReadFile                   000000014001a5cf f   kernel32:KERNEL32.dll
 0001:000195d5       ExitProcess                000000014001a5d5 f   kernel32:KERNEL32.dll
 0001:000195db       QueryPerformanceCounter    000000014001a5db f   kernel32:KERNEL32.dll
 0001:000195e1       QueryPerformanceFrequency  000000014001a5e1 f   kernel32:KERNEL32.dll
 0001:000195e7       GetStdHandle               000000014001a5e7 f   kernel32:KERNEL32.dll
 0001:000195ed       GetProcessHeap             000000014001a5ed f   kernel32:KERNEL32.dll
 0001:000195f3       AcquireSRWLockExclusive    000000014001a5f3 f   kernel32:KERNEL32.dll
 0001:000195f9       ReleaseSRWLockExclusive    000000014001a5f9 f   kernel32:KERNEL32.dll
 0001:000195ff       GetThreadContext           000000014001a5ff f   kernel32:KERNEL32.dll
 0001:00019605       SetThreadContext           000000014001a605 f   kernel32:KERNEL32.dll
 0001:0001960b       AcquireSRWLockShared       000000014001a60b f   kernel32:KERNEL32.dll
 0001:00019611       ReleaseSRWLockShared       000000014001a611 f   kernel32:KERNEL32.dll
 0001:00019617       Sleep                      000000014001a617 f   kernel32:KERNEL32.dll
 0001:0001961d       CreateIoCompletionPort     000000014001a61d f   kernel32:KERNEL32.dll
 0001:00019623       FormatMessageW             000000014001a623 f   kernel32:KERNEL32.dll
 0001:00019629       CreateThread               000000014001a629 f   kernel32:KERNEL32.dll
 0001:0001962f       TryAcquireSRWLockExclusive 000000014001a62f f   kernel32:KERNEL32.dll
 0001:00019635       GetQueuedCompletionStatus  000000014001a635 f   kernel32:KERNEL32.dll
 0001:0001963b       VirtualAlloc               000000014001a63b f   kernel32:KERNEL32.dll
 0001:00019641       LoadLibraryA               000000014001a641 f   kernel32:KERNEL32.dll
 0001:00019647       GetProcAddress             000000014001a647 f   kernel32:KERNEL32.dll
 0001:0001964d       TlsAlloc                   000000014001a64d f   kernel32:KERNEL32.dll
 0001:00019653       CreateFileW                000000014001a653 f   kernel32:KERNEL32.dll
 0001:00019659       GetFileSizeEx              000000014001a659 f   kernel32:KERNEL32.dll
 0001:0001965f       CloseHandle                000000014001a65f f   kernel32:KERNEL32.dll
 0001:00019665       GetCommandLineW            000000014001a665 f   kernel32:KERNEL32.dll
 0001:0001966b       TlsFree                    000000014001a66b f   kernel32:KERNEL32.dll
 0001:00019671       TlsSetValue                000000014001a671 f   kernel32:KERNEL32.dll
 0001:00019677       SetEvent                   000000014001a677 f   kernel32:KERNEL32.dll
 0001:0001967d       SuspendThread              000000014001a67d f   kernel32:KERNEL32.dll
 0001:00019683       ResumeThread               000000014001a683 f   kernel32:KERNEL32.dll
 0001:00019689       CreateEventW               000000014001a689 f   kernel32:KERNEL32.dll
 0001:0001968f       WaitForSingleObject        000000014001a68f f   kernel32:KERNEL32.dll
 0001:00019695       ResetEvent                 000000014001a695 f   kernel32:KERNEL32.dll
 0001:0001969b       WaitForMultipleObjects     000000014001a69b f   kernel32:KERNEL32.dll
 0001:000196a1       BCryptGenRandom            000000014001a6a1 f   bcrypt:bcrypt.dll
 0001:000196a7       send                       000000014001a6a7 f   ws2_32:WS2_32.dll
 0001:000196ad       getpeername                000000014001a6ad f   ws2_32:WS2_32.dll
 0001:000196b3       inet_ntop                  000000014001a6b3 f   ws2_32:WS2_32.dll
 0001:000196b9       ntohs                      000000014001a6b9 f   ws2_32:WS2_32.dll
 0001:000196bf       WSARecv                    000000014001a6bf f   ws2_32:WS2_32.dll
 0001:000196c5       socket                     000000014001a6c5 f   ws2_32:WS2_32.dll
 0001:000196cb       connect                    000000014001a6cb f   ws2_32:WS2_32.dll
 0001:000196d1       closesocket                000000014001a6d1 f   ws2_32:WS2_32.dll
 0001:000196d7       setsockopt                 000000014001a6d7 f   ws2_32:WS2_32.dll
 0001:000196dd       getaddrinfo                000000014001a6dd f   ws2_32:WS2_32.dll
 0001:000196e3       freeaddrinfo               000000014001a6e3 f   ws2_32:WS2_32.dll
 0001:000196e9       WSAStartup                 000000014001a6e9 f   ws2_32:WS2_32.dll
 0001:000196ef       htons                      000000014001a6ef f   ws2_32:WS2_32.dll
 0001:000196f5       bind                       000000014001a6f5 f   ws2_32:WS2_32.dll
 0001:000196fb       getsockname                000000014001a6fb f   ws2_32:WS2_32.dll
 0001:00019701       WSAGetLastError            000000014001a701 f   ws2_32:WS2_32.dll
 0001:00019707       listen                     000000014001a707 f   ws2_32:WS2_32.dll
 0001:0001970d       accept                     000000014001a70d f   ws2_32:WS2_32.dll
 0001:00019713       clGetKernelArgInfo         000000014001a713 f   OpenCL:OpenCL.dll
 0001:00019719       clSetKernelArg             000000014001a719 f   OpenCL:OpenCL.dll
 0001:0001971f       clEnqueueNDRangeKernel     000000014001a71f f   OpenCL:OpenCL.dll
 0001:00019725       clEnqueueReadBuffer        000000014001a725 f   OpenCL:OpenCL.dll
 0001:0001972b       clEnqueueWriteBuffer       000000014001a72b f   OpenCL:OpenCL.dll
 0001:00019731       clGetPlatformIDs           000000014001a731 f   OpenCL:OpenCL.dll
 0001:00019737       clGetPlatformInfo          000000014001a737 f   OpenCL:OpenCL.dll
 0001:0001973d       clGetDeviceIDs             000000014001a73d f   OpenCL:OpenCL.dll
 0001:00019743       clGetDeviceInfo            000000014001a743 f   OpenCL:OpenCL.dll
 0001:00019749       clCreateContext            000000014001a749 f   OpenCL:OpenCL.dll
 0001:0001974f       clCreateCommandQueueWithProperties 000000014001a74f f   OpenCL:OpenCL.dll
 0001:00019755       clCreateProgramWithSource  000000014001a755 f   OpenCL:OpenCL.dll
 0001:0001975b       clBuildProgram             000000014001a75b f   OpenCL:OpenCL.dll
 0001:00019761       clGetProgramBuildInfo      000000014001a761 f   OpenCL:OpenCL.dll
 0001:00019767       clCreateKernel             000000014001a767 f   OpenCL:OpenCL.dll
 0001:0001976d       clCreateBuffer             000000014001a76d f   OpenCL:OpenCL.dll
 0001:00019773       clFinish                   000000014001a773 f   OpenCL:OpenCL.dll
 0002:00000000       ??_C@_1EK@HCHIHAJJ@?$AAP?$AAa?$AAu?$AAs?$AAe?$AAd?$AA?5?$AAw?$AAo?$AAr?$AAk?$AAe?$AAr?$AA?5?$AAD?$AAL?$AAL?$AA?5?$AA?$CF?$AAl?$AAl?$AAd?$AA?5?$AA?$FL?$AAc?$AAa?$AAu?$AAs?$AAe?$AA?5?$AA?$CF?$AAl@ 000000014001c000     dbg_.-dll-await_worker.o
 0002:00000058       ??_C@_1GG@GJHNDGHH@?$AAC?$AAa?$AAl?$AAl?$AAi?$AAn?$AAg?$AA?5?$AAd?$AAl?$AAl?$AAi?$AAm?$AAp?$AAo?$AAr?$AAt?$AA?5?$AAw?$AAo?$AAr?$AAk?$AAe?$AAr?$AA?5?$AA?$CF?$AAl?$AAl?$AAd?$AA?5?$AA?$FL?$AAd@ 000000014001c058     dbg_.-dll-call_object.o
 0002:000000d2       ??_C@_1BC@GMOKLPI@?$AAT?$AAa?$AAb?$AAl?$AAe?$AA?5?$AA?$DN?$AA?5?$AA?$AA@ 000000014001c0d2     dbg_.-dll-call_object.o
 0002:000000e8       ??_C@_1M@OMOAGDNC@?$AA?$CF?$AA0?$AA2?$AAx?$AA?5?$AA?$AA@ 000000014001c0e8     dbg_.-dll-call_object.o
 0002:000000f6       ??_C@_13LBAGMAIH@?$AA?6?$AA?$AA@ 000000014001c0f6     dbg_.-dll-call_object.o
 0002:00000114       ??_C@_1DC@PJLFFJJC@?$AAR?$AAU?$AAN?$AA?5?$AAd?$AAl?$AAl?$AAi?$AAm?$AAp?$AAo?$AAr?$AAt?$AA?5?$AAw?$AAo?$AAr?$AAk?$AAe?$AAr?$AA?$DN?$AA?$CF?$AAp?$AA?6?$AA?$AA@ 000000014001c114     dbg_.-dll-execute_worker.o
 0002:00000150       ??_C@_1FE@MNCEKKEL@?$AAE?$AAr?$AAr?$AAo?$AAr?$AA?3?$AA?5?$AAU?$AAN?$AAK?$AAN?$AAO?$AAW?$AAN?$AA?5?$AAp?$AAr?$AAo?$AAv?$AAi?$AAd?$AAe?$AAr?$AA?5?$AA?$CF?$AAl?$AAl?$AAd?$AA?5?$AAi?$AAn?$AA?5@ 000000014001c150     dbg_.-dll-execute_worker.o
 0002:000001b4       ??_C@_1CO@MJDCEOJE@?$AAR?$AAe?$AAq?$AAu?$AAe?$AAs?$AAt?$AAi?$AAn?$AAg?$AA?5?$AA?$CF?$AAl?$AAl?$AAd?$AA?5?$AAb?$AAy?$AAt?$AAe?$AAs?$AA?6?$AA?$AA@ 000000014001c1b4     dbg_.-dll-execute_worker.o
 0002:000001ec       ??_C@_1EA@NLGJANLO@?$AAA?$AAr?$AAg?$AAu?$AAm?$AAe?$AAn?$AAt?$AA?5?$AA?$CF?$AAl?$AAl?$AAd?$AA?3?$AA?5?$AA?$FL?$AA?$CF?$AA0?$AA2?$AAx?$AA?$FN?$AA?5?$AA?$FL?$AAt?$AAo?$AA?9?$AA?$DO?$AA?$CF?$AAp?$AA?$FN?$AA?6?$AA?$AA@ 000000014001c1ec     dbg_.-dll-execute_worker.o
 0002:00000238       ??_C@_1DI@KIDLNDBO@?$AA?5?$AA?5?$AA?5?$AA?5?$AA?5?$AA?5?$AA?5?$AA?5?$AA?5?$AAo?$AAf?$AA?5?$AAs?$AAi?$AAz?$AAe?$AA?5?$AA?$CF?$AAl?$AAl?$AAd?$AA?$DL?$AA?5?$AA?$DN?$AA?$CF?$AAp?$AA?6?$AA?$AA@ 000000014001c238     dbg_.-dll-execute_worker.o
 0002:0000027c       ??_C@_1DE@HPIEKKI@?$AAc?$AAa?$AAl?$AAl?$AAi?$AAn?$AAg?$AA?5?$AAd?$AAl?$AAl?$AAi?$AAm?$AAp?$AAo?$AAr?$AAt?$AA?5?$AAw?$AAo?$AAr?$AAk?$AAe?$AAr?$AA?6?$AA?$AA@ 000000014001c27c     dbg_.-dll-execute_worker.o
 0002:000002ba       ??_C@_1CE@FDGKEBHI@?$AAA?$AAR?$AAG?$AA?$FL?$AA?$CF?$AAl?$AAl?$AAd?$AA?$FN?$AA?5?$AA?$DN?$AA?5?$AA?$CF?$AAl?$AAl?$AAd?$AA?6?$AA?$AA@ 000000014001c2ba     dbg_.-dll-execute_worker.o
 0002:000002e6       ??_C@_1EE@IHBKLDNM@?$AAo?$AAu?$AAt?$AAp?$AAu?$AAt?$AA?5?$AAi?$AAs?$AA?5?$AA?$CF?$AAp?$AA?5?$AA?$FL?$AA?9?$AA?$DO?$AAt?$AAo?$AA?5?$AAp?$AAr?$AAo?$AAm?$AAi?$AAs?$AAe?$AA?5?$AA?$CF?$AAl?$AAl?$AAd?$AA?$FN@ 000000014001c2e6     dbg_.-dll-execute_worker.o
 0002:00000338       ??_C@_1HO@GIMLMCLD@?$AAr?$AAe?$AAt?$AAu?$AAr?$AAn?$AAe?$AAd?$AA?5?$AA?$CL?$AA?5?$AAE?$AAr?$AAr?$AAo?$AAr?$AA?$DN?$AA?$CF?$AAl?$AAl?$AAd?$AA?5?$AA?$FL?$AAb?$AAe?$AAf?$AAo?$AAr?$AAe?$AA?5?$AAc?$AAa@ 000000014001c338     dbg_.-dll-execute_worker.o
 0002:000003d0       ??_C@_1GM@IPHLEIPK@?$AAE?$AAr?$AAr?$AAo?$AAr?$AA?3?$AA?5?$AAf?$AAa?$AAi?$AAl?$AAe?$AAd?$AA?5?$AAt?$AAo?$AA?5?$AAa?$AAl?$AAl?$AAo?$AAc?$AAa?$AAt?$AAe?$AA?5?$AA?$CF?$AAl?$AAl?$AAd?$AA?5?$AAb@ 000000014001c3d0     dbg_.-runtime_lib.o
 0002:00000452       ??_C@_1HA@KLDBOMN@?$AAE?$AAr?$AAr?$AAo?$AAr?$AA?3?$AA?5?$AAf?$AAa?$AAi?$AAl?$AAe?$AAd?$AA?5?$AAt?$AAo?$AA?5?$AAr?$AAe?$AAa?$AAl?$AAl?$AAo?$AAc?$AAa?$AAt?$AAe?$AA?5?$AA?$CF?$AAl?$AAl?$AAd@ 000000014001c452     dbg_.-runtime_lib.o
 0002:000004d8       ??_C@_1EI@DJFGOBAG@?$AAE?$AAr?$AAr?$AAo?$AAr?$AA?3?$AA?5?$AAf?$AAa?$AAi?$AAl?$AAe?$AAd?$AA?5?$AAt?$AAo?$AA?5?$AAf?$AAr?$AAe?$AAe?$AA?5?$AAm?$AAe?$AAm?$AAo?$AAr?$AAy?$AA?3?$AA?5?$AA?$CF?$AAl@ 000000014001c4d8     dbg_.-runtime_lib.o
 0002:0000052e       ??_C@_1CM@EJGKJCED@?$AAA?$AAs?$AAs?$AAe?$AAr?$AAt?$AAi?$AAo?$AAn?$AA?5?$AAf?$AAa?$AAi?$AAl?$AAe?$AAd?$AA?3?$AA?5?$AA?$CF?$AAs?$AA?6?$AA?$AA@ 000000014001c52e     dbg_.-runtime_lib.o
 0002:00000562       ??_C@_1EI@GJCCEHA@?$AAF?$AAi?$AAl?$AAe?$AA?3?$AA?5?$AA?$CF?$AAs?$AA?0?$AA?5?$AAL?$AAi?$AAn?$AAe?$AA?3?$AA?5?$AA?$CF?$AAl?$AAl?$AAd?$AA?0?$AA?5?$AAF?$AAu?$AAn?$AAc?$AAt?$AAi?$AAo?$AAn?$AA?3?$AA?5@ 000000014001c562     dbg_.-runtime_lib.o
 0002:000005b8       ??_C@_1EK@KEDGKNCB@?$AAP?$AAa?$AAu?$AAs?$AAe?$AAd?$AA?5?$AAw?$AAo?$AAr?$AAk?$AAe?$AAr?$AA?5?$AAG?$AAP?$AAU?$AA?5?$AA?$CF?$AAl?$AAl?$AAd?$AA?5?$AA?$FL?$AAc?$AAa?$AAu?$AAs?$AAe?$AA?5?$AA?$CF?$AAl@ 000000014001c5b8     dbg_..-common-gpu-await_worker.o
 0002:00000610       ??_C@_1FC@NMNADHLK@?$AAC?$AAa?$AAl?$AAl?$AAi?$AAn?$AAg?$AA?5?$AAw?$AAo?$AAr?$AAk?$AAe?$AAr?$AA?5?$AA?$CF?$AAl?$AAl?$AAd?$AA?5?$AA?$FL?$AAd?$AAa?$AAt?$AAa?$AA?$DN?$AA?$CF?$AAp?$AA?0?$AA?5?$AAm?$AAo@ 000000014001c610     dbg_..-common-gpu-call_object.o
 0002:00000672       ??_C@_1CG@CCFDEFBF@?$AAR?$AAU?$AAN?$AA?5?$AAG?$AAP?$AAU?$AA?5?$AAw?$AAo?$AAr?$AAk?$AAe?$AAr?$AA?$DN?$AA?$CF?$AAp?$AA?6?$AA?$AA@ 000000014001c672     dbg_..-common-gpu-execute_worker.o
 0002:000006a0       ??_C@_1CM@IKJLFGHA@?$AAS?$AAi?$AAz?$AAe?$AA?5?$AAd?$AAi?$AAm?$AA?5?$AA?$CF?$AAl?$AAl?$AAd?$AA?5?$AA?$DN?$AA?5?$AA?$CF?$AAl?$AAl?$AAd?$AA?6?$AA?$AA@ 000000014001c6a0     dbg_..-common-gpu-execute_worker.o
 0002:000006d4       ??_C@_1DA@NMEBJCAH@?$AAO?$AAf?$AAf?$AAs?$AAe?$AAt?$AA?5?$AAd?$AAi?$AAm?$AA?5?$AA?$CF?$AAl?$AAl?$AAd?$AA?5?$AA?$DN?$AA?5?$AA?$CF?$AAl?$AAl?$AAd?$AA?6?$AA?$AA@ 000000014001c6d4     dbg_..-common-gpu-execute_worker.o
 0002:0000070e       ??_C@_1DO@MBJBKNM@?$AAE?$AAr?$AAr?$AAo?$AAr?$AA?3?$AA?5?$AAa?$AAt?$AA?5?$AAc?$AAl?$AAS?$AAe?$AAt?$AAK?$AAe?$AAr?$AAn?$AAe?$AAl?$AAA?$AAr?$AAg?$AA?5?$AA?$CF?$AAl?$AAl?$AAd?$AA?6?$AA?$AA@ 000000014001c70e     dbg_..-common-gpu-execute_worker.o
 0002:00000758       ??_C@_1CO@BOPILBOM@?$AAC?$AAO?$AAN?$AAF?$AAI?$AAG?$AAU?$AAR?$AAE?$AAD?$AA?3?$AA?5?$AAd?$AAi?$AAm?$AAs?$AA?$DN?$AA?$CF?$AAl?$AAl?$AAd?$AA?6?$AA?$AA@ 000000014001c758     dbg_..-common-gpu-execute_worker.o
 0002:00000790       ??_C@_1EO@KIFHHFHO@?$AAE?$AAr?$AAr?$AAo?$AAr?$AA?3?$AA?5?$AAa?$AAt?$AA?5?$AAc?$AAl?$AAE?$AAn?$AAq?$AAu?$AAe?$AAu?$AAe?$AAN?$AAD?$AAR?$AAa?$AAn?$AAg?$AAe?$AAK?$AAe?$AAr?$AAn?$AAe?$AAl@ 000000014001c790     dbg_..-common-gpu-execute_worker.o
 0002:000007ee       ??_C@_1FG@NKPPHDDL@?$AAA?$AAl?$AAl?$AAo?$AAc?$AAa?$AAt?$AAi?$AAn?$AAg?$AA?5?$AAb?$AAu?$AAf?$AAf?$AAe?$AAr?$AA?5?$AAo?$AAf?$AA?5?$AAs?$AAi?$AAz?$AAe?$AA?5?$AA?$CF?$AAl?$AAl?$AAd?$AA?5?$AAp@ 000000014001c7ee     dbg_..-common-gpu-new_object.o
 0002:00000856       ??_C@_1DO@PIAGAENK@?$AAE?$AAR?$AAR?$AAO?$AAR?$AA?3?$AA?5?$AAg?$AAp?$AAu?$AAA?$AAl?$AAl?$AAo?$AAc?$AA?5?$AAf?$AAa?$AAi?$AAl?$AAe?$AAd?$AA?5?$AA?$FL?$AA?$CF?$AAl?$AAl?$AAd?$AA?$FN?$AA?6?$AA?$AA@ 000000014001c856     dbg_..-common-gpu-new_object.o
 0002:000008a0       ??_C@_1BG@LMPFNDF@?$AAr?$AAe?$AAs?$AAu?$AAl?$AAt?$AA?5?$AA?$CF?$AAp?$AA?6?$AA?$AA@ 000000014001c8a0     dbg_..-common-gpu-new_object.o
 0002:000008ba       ??_C@_1FM@LBBNKNII@?$AAE?$AAR?$AAR?$AAO?$AAR?$AA?3?$AA?5?$AAP?$AAi?$AAp?$AAe?$AAs?$AA?5?$AAa?$AAr?$AAe?$AA?5?$AAu?$AAn?$AAs?$AAu?$AAp?$AAp?$AAo?$AAr?$AAt?$AAe?$AAd?$AA?5?$AAo?$AAn?$AA?5@ 000000014001c8ba     dbg_..-common-gpu-new_object.o
 0002:00000928       ??_C@_1EA@PKIDLDBK@?$AAo?$AAb?$AAj?$AAe?$AAc?$AAt?$AA?5?$AAf?$AAo?$AAr?$AA?5?$AAs?$AAi?$AAz?$AAe?$AA?5?$AA?$CF?$AAl?$AAl?$AAd?$AA?5?$AAa?$AAl?$AAl?$AAo?$AAc?$AAa?$AAt?$AAe?$AAd?$AA?6?$AA?$AA@ 000000014001c928     dbg_..-common-gpu-new_object.o
 0002:00000974       ??_C@_1GM@BNFAKJM@?$AAE?$AAR?$AAR?$AAO?$AAR?$AA?3?$AA?5?$AAP?$AAi?$AAp?$AAe?$AAs?$AA?5?$AAa?$AAr?$AAe?$AA?5?$AAu?$AAn?$AAs?$AAu?$AAp?$AAp?$AAo?$AAr?$AAt?$AAe?$AAd?$AA?5?$AAo?$AAn?$AA?5@ 000000014001c974     dbg_..-common-gpu-new_object.o
 0002:000009f6       ??_C@_1DC@NBDPBMKB@?$AAW?$AAr?$AAo?$AAn?$AAg?$AA?5?$AAt?$AAy?$AAp?$AAe?$AA?5?$AAi?$AAn?$AA?5?$AAN?$AAe?$AAw?$AAO?$AAb?$AAj?$AAe?$AAc?$AAt?$AA?6?$AA?$AA@ 000000014001c9f6     dbg_..-common-gpu-new_object.o
 0002:00000a32       ??_C@_1EG@FBJBJMFK@?$AAN?$AAO?$AAT?$AA?5?$AAS?$AAU?$AAP?$AAP?$AAO?$AAR?$AAT?$AAE?$AAD?$AA?3?$AA?5?$AAp?$AAu?$AAs?$AAh?$AA?5?$AAi?$AAn?$AA?5?$AAg?$AAp?$AAu?$AA?5?$AAo?$AAb?$AAj?$AAe?$AAc@ 000000014001ca32     dbg_..-common-gpu-push_object.o
 0002:00000a86       ??_C@_1FE@GJLEMBH@?$AAN?$AAO?$AAT?$AA?5?$AAS?$AAU?$AAP?$AAP?$AAO?$AAR?$AAT?$AAE?$AAD?$AA?3?$AA?5?$AAp?$AAu?$AAs?$AAh?$AA?5?$AAi?$AAn?$AA?5?$AAg?$AAp?$AAu?$AA?5?$AAo?$AAb?$AAj?$AAe?$AAc@ 000000014001ca86     dbg_..-common-gpu-push_object.o
 0002:00000aea       ??_C@_1EI@EPHKLIAN@?$AAN?$AAO?$AAT?$AA?5?$AAS?$AAU?$AAP?$AAP?$AAO?$AAR?$AAT?$AAE?$AAD?$AA?3?$AA?5?$AAq?$AAu?$AAe?$AAr?$AAy?$AA?5?$AAi?$AAn?$AA?5?$AAg?$AAp?$AAu?$AA?5?$AAo?$AAb?$AAj?$AAe@ 000000014001caea     dbg_..-common-gpu-query_object.o
 0002:00000b40       ??_C@_1FG@PCBNEEAC@?$AAN?$AAO?$AAT?$AA?5?$AAS?$AAU?$AAP?$AAP?$AAO?$AAR?$AAT?$AAE?$AAD?$AA?3?$AA?5?$AAq?$AAu?$AAe?$AAr?$AAy?$AA?5?$AAi?$AAn?$AA?5?$AAg?$AAp?$AAu?$AA?5?$AAo?$AAb?$AAj?$AAe@ 000000014001cb40     dbg_..-common-gpu-query_object.o
 0002:00000bc0       ??_C@_1DM@CKKHLHMJ@?$AAP?$AAi?$AAp?$AAe?$AA?5?$AAf?$AAo?$AAr?$AA?5?$AAs?$AAi?$AAz?$AAe?$AA?5?$AA?$CF?$AAl?$AAl?$AAd?$AA?5?$AAa?$AAl?$AAl?$AAo?$AAc?$AAa?$AAt?$AAe?$AAd?$AA?6?$AA?$AA@ 000000014001cbc0     dbg_..-common-loc-new_object.o
 0002:00000c08       ??_C@_1GK@LJBKHIKD@?$AAA?$AAr?$AAr?$AAa?$AAy?$AA?5?$AAo?$AAf?$AA?5?$AA?$CF?$AAl?$AAl?$AAd?$AA?5?$AAb?$AAy?$AAt?$AAe?$AAs?$AA?0?$AA?5?$AAe?$AAl?$AAe?$AAm?$AAe?$AAn?$AAt?$AA?5?$AAo?$AAf?$AA?5@ 000000014001cc08     dbg_..-common-loc-new_object.o
 0002:00000c88       ??_C@_1EC@IBADEGPM@?$AAP?$AAr?$AAo?$AAm?$AAi?$AAs?$AAe?$AA?5?$AAf?$AAo?$AAr?$AA?5?$AAs?$AAi?$AAz?$AAe?$AA?5?$AA?$CF?$AAl?$AAl?$AAd?$AA?5?$AAa?$AAl?$AAl?$AAo?$AAc?$AAa?$AAt?$AAe?$AAd?$AA?6@ 000000014001cc88     dbg_..-common-loc-new_object.o
 0002:00000cd8       ??_C@_1DO@OEOJCPLG@?$AAC?$AAl?$AAa?$AAs?$AAs?$AA?5?$AAf?$AAo?$AAr?$AA?5?$AAs?$AAi?$AAz?$AAe?$AA?5?$AA?$CF?$AAl?$AAl?$AAd?$AA?5?$AAa?$AAl?$AAl?$AAo?$AAc?$AAa?$AAt?$AAe?$AAd?$AA?6?$AA?$AA@ 000000014001ccd8     dbg_..-common-loc-new_object.o
 0002:00000d22       ??_C@_1EO@GECEJMLH@?$AAD?$AAe?$AAf?$AAi?$AAn?$AAe?$AAd?$AA?5?$AAa?$AAr?$AAr?$AAa?$AAy?$AA?5?$AAf?$AAo?$AAr?$AA?5?$AAs?$AAi?$AAz?$AAe?$AA?5?$AA?$CF?$AAl?$AAl?$AAd?$AA?5?$AAa?$AAl?$AAl?$AAo@ 000000014001cd22     dbg_..-common-loc-new_object.o
 0002:00000d80       ??_C@_1M@FHJLFHFE@?$AA?5?$AA?$CF?$AA0?$AA2?$AAx?$AA?$AA@ 000000014001cd80     dbg_..-common-loc-new_object.o
 0002:00000d8e       ??_C@_1CO@JBEOLKLD@?$AA?$FL?$AAi?$AAd?$AA?$DN?$AA?$CF?$AAl?$AAl?$AAx?$AA?$FN?$AA?5?$AA?$FL?$AAs?$AAi?$AAz?$AAe?$AA?$DN?$AA?$CF?$AAl?$AAl?$AAd?$AA?$FN?$AA?6?$AA?$AA@ 000000014001cd8e     dbg_..-common-loc-new_object.o
 0002:00000dee       ??_C@_1EC@FMMFNKHC@?$AAP?$AAa?$AAu?$AAs?$AAe?$AAd?$AA?5?$AAw?$AAo?$AAr?$AAk?$AAe?$AAr?$AA?5?$AA?$CF?$AAl?$AAl?$AAd?$AA?5?$AA?$FL?$AAc?$AAa?$AAu?$AAs?$AAe?$AA?5?$AA?$CF?$AAl?$AAl?$AAd?$AA?$FN?$AA?6@ 000000014001cdee     dbg_..-common-x64-await_worker.o
 0002:00000e3e       ??_C@_1BG@KNJPCEOH@?$AAw?$AAo?$AAr?$AAk?$AAe?$AAr?$AA?$DN?$AA?$CF?$AAp?$AA?6?$AA?$AA@ 000000014001ce3e     dbg_..-common-x64-execute_worker.o
 0002:00000e58       ??_C@_1DM@GFFHBIOC@?$AAS?$AAt?$AAa?$AAl?$AAl?$AAi?$AAn?$AAg?$AA?5?$AAw?$AAo?$AAr?$AAk?$AAe?$AAr?$AA?5?$AAa?$AAt?$AA?5?$AAt?$AAh?$AAr?$AAe?$AAa?$AAd?$AA?5?$AA?$CF?$AAp?$AA?6?$AA?$AA@ 000000014001ce58     dbg_..-common-x64-execute_worker.o
 0002:00000ea0       ??_C@_1BC@BLBJHNOB@?$AAS?$AAu?$AAc?$AAc?$AAe?$AAs?$AAs?$AA?6?$AA?$AA@ 000000014001cea0     dbg_..-common-x64-execute_worker.o
 0002:00000eb6       ??_C@_1HE@BGCEENEB@?$AAP?$AAa?$AAu?$AAs?$AAe?$AAd?$AA?5?$AAw?$AAo?$AAr?$AAk?$AAe?$AAr?$AA?5?$AA?$CF?$AAl?$AAl?$AAd?$AA?5?$AA?$FL?$AAs?$AAt?$AAa?$AAl?$AAl?$AA?$FN?$AA?3?$AA?5?$AAn?$AAe?$AAx?$AAt@ 000000014001ceb6     dbg_..-common-x64-execute_worker.o
 0002:00000f5c       ??_C@_1BG@HIIBALHG@?$AA?$FL?$AAi?$AAd?$AA?$DN?$AA?$CF?$AAl?$AAl?$AAx?$AA?$FN?$AA?6?$AA?$AA@ 000000014001cf5c     dbg_..-common-x64-new_object.o
 0002:00000f76       ??_C@_0CD@DKCLGKLJ@NULL?5?$DN?$DN?5?$CCThis?5is?5unreachable?5cod@ 000000014001cf76     dbg_..-common-x64-new_object.o
 0002:00000fa0       ??_C@_0BD@INEGNPMF@x64NewObjectStates?$AA@ 000000014001cfa0     dbg_..-common-x64-new_object.o
 0002:00000fb6       ??_C@_0DD@OGMEDPCJ@D?3?2mipt?2lang3?2runtimes?20?43?2commo@ 000000014001cfb6     dbg_..-common-x64-new_object.o
 0002:0000101a       ??_C@_0BA@DDLBAAIJ@x64OnPushObject?$AA@ 000000014001d01a     dbg_..-common-x64-push_object.o
 0002:0000102d       ??_C@_0DE@HDIHJJAI@D?3?2mipt?2lang3?2runtimes?20?43?2commo@ 000000014001d02d     dbg_..-common-x64-push_object.o
 0002:0000106c       ??_C@_1GA@KFMLACKM@?$AAw?$AAa?$AAi?$AAt?$AAi?$AAn?$AAg?$AA?5?$AAf?$AAo?$AAr?$AA?5?$AAr?$AAe?$AAm?$AAo?$AAt?$AAe?$AA?5?$AAp?$AAu?$AAs?$AAh?$AA?5?$AA?$CF?$AAl?$AAl?$AAd?$AA?1?$AA?$CF?$AAl?$AAl@ 000000014001d06c     dbg_..-common-x64-push_object.o
 0002:000010df       ??_C@_0BE@CLLDEMCI@x64PushObjectStates?$AA@ 000000014001d0df     dbg_..-common-x64-push_object.o
 0002:000010f8       ??_C@_1CG@JJBKNCBO@?$AAp?$AAu?$AAs?$AAh?$AA?5?$AAt?$AAo?$AA?5?$AAo?$AAb?$AAj?$AAe?$AAc?$AAt?$AA?5?$AA?$CF?$AAp?$AA?6?$AA?$AA@ 000000014001d0f8     dbg_..-common-x64-push_object.o
 0002:00001126       ??_C@_1CG@FCDGDINM@?$AAp?$AAu?$AAs?$AAh?$AA?5?$AAt?$AAo?$AA?5?$AAp?$AAi?$AAp?$AAe?$AA?5?$AA?$CF?$AAl?$AAl?$AAd?$AA?6?$AA?$AA@ 000000014001d126     dbg_..-common-x64-push_object.o
 0002:00001153       ??_C@_0BB@OIDGLOGK@x64OnQueryObject?$AA@ 000000014001d153     dbg_..-common-x64-query_object.o
 0002:00001167       ??_C@_0DF@BBNICMA@D?3?2mipt?2lang3?2runtimes?20?43?2commo@ 000000014001d167     dbg_..-common-x64-query_object.o
 0002:000011a6       ??_C@_1EI@HFFKCAJK@?$AAw?$AAa?$AAi?$AAt?$AAi?$AAn?$AAg?$AA?5?$AAf?$AAo?$AAr?$AA?5?$AAr?$AAe?$AAm?$AAo?$AAt?$AAe?$AA?5?$AAq?$AAu?$AAe?$AAr?$AAy?$AA?5?$AA?$CF?$AAl?$AAl?$AAd?$AA?1?$AA?$CF?$AAl@ 000000014001d1a6     dbg_..-common-x64-query_object.o
 0002:000011fc       ??_C@_0BF@ENLEMDLA@x64QueryObjectStates?$AA@ 000000014001d1fc     dbg_..-common-x64-query_object.o
 0002:00001216       ??_C@_1CG@NFAKFIFJ@?$AAQ?$AAu?$AAe?$AAr?$AAy?$AA?5?$AAo?$AAb?$AAj?$AAe?$AAc?$AAt?$AA?5?$AA?$CF?$AAl?$AAl?$AAd?$AA?6?$AA?$AA@ 000000014001d216     dbg_..-common-x64-query_object.o
 0002:00001244       ??_C@_1CM@JHEDMDLC@?$AAq?$AAu?$AAe?$AAr?$AAy?$AA?5?$AAf?$AAr?$AAo?$AAm?$AA?5?$AAp?$AAi?$AAp?$AAe?$AA?5?$AA?$CF?$AAl?$AAl?$AAd?$AA?6?$AA?$AA@ 000000014001d244     dbg_..-common-x64-query_object.o
 0002:00001278       ??_C@_0P@GBODICPB@x64SleepStates?$AA@ 000000014001d278     dbg_..-common-x64-sleep.o
 0002:0000128a       ??_C@_0CO@EELGNBNM@D?3?2mipt?2lang3?2runtimes?20?43?2commo@ 000000014001d28a     dbg_..-common-x64-sleep.o
 0002:000012c2       ??_C@_1CC@KCDEA@?$AAS?$AAl?$AAe?$AAe?$AAp?$AA?5?$AAt?$AAi?$AAm?$AAe?$AA?5?$AA?$CF?$AAl?$AAl?$AAd?$AA?6?$AA?$AA@ 000000014001d2c2     dbg_..-common-x64-sleep.o
 0002:0000131c       ??_C@_1CM@EKFGKDGG@?$AAG?$AAe?$AAt?$AA?5?$AAo?$AAb?$AAj?$AAe?$AAc?$AAt?$AA?5?$AAi?$AAd?$AA?5?$AA?$DN?$AA?5?$AA?$CF?$AAl?$AAl?$AAd?$AA?6?$AA?$AA@ 000000014001d31c     dbg_..-common-cast_provider.o
 0002:00001350       ??_C@_1FE@BCAGMINK@?$AAE?$AAr?$AAr?$AAo?$AAr?$AA?3?$AA?5?$AAn?$AAo?$AA?5?$AAk?$AAn?$AAo?$AAw?$AAn?$AA?5?$AAs?$AAi?$AAz?$AAe?$AA?5?$AAf?$AAo?$AAr?$AA?5?$AAn?$AAo?$AAt?$AA?5?$AAa?$AAr?$AAr@ 000000014001d350     dbg_..-common-cast_provider.o
 0002:000013b4       ??_C@_1CO@MKKBGDMJ@?$AAg?$AAo?$AAt?$AA?5?$AAl?$AAo?$AAc?$AAa?$AAl?$AA?5?$AAs?$AAi?$AAz?$AAe?$AA?5?$AAa?$AAn?$AAs?$AAw?$AAe?$AAr?$AA?6?$AA?$AA@ 000000014001d3b4     dbg_..-common-cast_provider.o
 0002:000013ec       ??_C@_1DM@MLLOPCOA@?$AAQ?$AAu?$AAe?$AAr?$AAy?$AAi?$AAn?$AAg?$AA?5?$AAo?$AAb?$AAj?$AAe?$AAc?$AAt?$AA?5?$AAs?$AAi?$AAz?$AAe?$AA?5?$AAo?$AAf?$AA?5?$AA?$CF?$AAl?$AAl?$AAd?$AA?6?$AA?$AA@ 000000014001d3ec     dbg_..-common-cast_provider.o
 0002:00001434       ??_C@_1DA@NCDJBGNA@?$AAg?$AAo?$AAt?$AA?5?$AAr?$AAe?$AAm?$AAo?$AAt?$AAe?$AA?5?$AAs?$AAi?$AAz?$AAe?$AA?5?$AAa?$AAn?$AAs?$AAw?$AAe?$AAr?$AA?6?$AA?$AA@ 000000014001d434     dbg_..-common-cast_provider.o
 0002:0000146e       ??_C@_1EO@EEOKBBBD@?$AAK?$AAn?$AAo?$AAw?$AA?5?$AAs?$AAi?$AAz?$AAe?$AA?$DN?$AA?$CF?$AAl?$AAl?$AAd?$AA?5?$AA?$FL?$AAp?$AAa?$AAr?$AAa?$AAm?$AA?$DN?$AA?$CF?$AAl?$AAl?$AAd?$AA?$FN?$AA?5?$AA?9?$AA?5?$AAi?$AAd@ 000000014001d46e     dbg_..-common-cast_provider.o
 0002:000014cc       ??_C@_1FK@KDAFABDO@?$AAE?$AAr?$AAr?$AAo?$AAr?$AA?3?$AA?5?$AAl?$AAo?$AAc?$AAa?$AAl?$AA?5?$AAo?$AAb?$AAj?$AAe?$AAc?$AAt?$AA?5?$AAw?$AAa?$AAs?$AA?5?$AAr?$AAe?$AAm?$AAo?$AAv?$AAe?$AAd?$AA?5@ 000000014001d4cc     dbg_..-common-cast_provider.o
 0002:00001538       ??_C@_1FO@HMOHPFHI@?$AAE?$AAr?$AAr?$AAo?$AAr?$AA?5?$AAh?$AAa?$AAp?$AAp?$AAe?$AAn?$AA?5?$AAw?$AAh?$AAi?$AAl?$AAe?$AA?5?$AAc?$AAl?$AAE?$AAn?$AAq?$AAu?$AAe?$AAu?$AAe?$AAR?$AAe?$AAa?$AAd@ 000000014001d538     dbg_..-common-cast_provider.o
 0002:000015a8       ??_C@_1EE@JNODMKEN@?$AAS?$AAu?$AAc?$AAc?$AAe?$AAs?$AAs?$AAi?$AAf?$AAu?$AAl?$AAl?$AAy?$AA?5?$AAc?$AAo?$AAn?$AAv?$AAe?$AAr?$AAt?$AAe?$AAd?$AA?5?$AAg?$AAp?$AAu?$AA?9?$AA?$DO?$AAc?$AAp?$AAu@ 000000014001d5a8     dbg_..-common-cast_provider.o
 0002:000015fa       ??_C@_1GA@EEKPNAGK@?$AAE?$AAr?$AAr?$AAo?$AAr?$AA?5?$AAh?$AAa?$AAp?$AAp?$AAe?$AAn?$AA?5?$AAw?$AAh?$AAi?$AAl?$AAe?$AA?5?$AAc?$AAl?$AAE?$AAn?$AAq?$AAu?$AAe?$AAu?$AAe?$AAW?$AAr?$AAi?$AAt@ 000000014001d5fa     dbg_..-common-cast_provider.o
 0002:0000166e       ??_C@_1EE@NKOFIBGO@?$AAS?$AAu?$AAc?$AAc?$AAe?$AAs?$AAs?$AAi?$AAf?$AAu?$AAl?$AAl?$AAy?$AA?5?$AAc?$AAo?$AAn?$AAv?$AAe?$AAr?$AAt?$AAe?$AAd?$AA?5?$AAc?$AAp?$AAu?$AA?9?$AA?$DO?$AAg?$AAp?$AAu@ 000000014001d66e     dbg_..-common-cast_provider.o
 0002:000016c0       ??_C@_1BM@OBHKMKPP@?$AAR?$AAe?$AAt?$AAu?$AAr?$AAn?$AA?3?$AA?5?$AA?$CF?$AAl?$AAl?$AAd?$AA?6?$AA?$AA@ 000000014001d6c0     dbg_..-common-cast_provider.o
 0002:000016e2       ??_C@_1CK@FKMGPMBC@?$AA?9?$AA?5?$AAg?$AAo?$AAt?$AA?5?$AAi?$AAn?$AA?5?$AAs?$AAt?$AAa?$AAt?$AAe?$AA?5?$AA?$CF?$AAl?$AAl?$AAd?$AA?6?$AA?$AA@ 000000014001d6e2     dbg_..-common-cast_provider.o
 0002:00001714       ??_C@_0O@GKFEADAD@anyCastStates?$AA@ 000000014001d714     dbg_..-common-cast_provider.o
 0002:00001724       ??_C@_0DC@BICAIPCF@D?3?2mipt?2lang3?2runtimes?20?43?2commo@ 000000014001d724     dbg_..-common-cast_provider.o
 0002:00001760       ??_C@_1EC@IPADNJOO@?$AAc?$AAo?$AAn?$AAv?$AAe?$AAr?$AAt?$AA?5?$AA?$CF?$AAp?$AA?5?$AA?$FL?$AAt?$AAy?$AAp?$AAe?$AAs?$AA?5?$AA?$CF?$AAl?$AAl?$AAd?$AA?5?$AA?9?$AA?$DO?$AA?5?$AA?$CF?$AAl?$AAl?$AAd?$AA?$FN?$AA?6@ 000000014001d760     dbg_..-common-cast_provider.o
 0002:000017b0       ??_C@_1IA@HIJJNPCH@?$AAE?$AAR?$AAR?$AAO?$AAR?$AA?3?$AA?5?$AAn?$AAo?$AAt?$AA?5?$AAs?$AAu?$AAp?$AAp?$AAo?$AAr?$AAt?$AAe?$AAd?$AA?5?$AAc?$AAo?$AAn?$AAv?$AAe?$AAr?$AAs?$AAi?$AAo?$AAn?$AA?5@ 000000014001d7b0     dbg_..-common-cast_provider.o
 0002:0000184a       ??_C@_1DK@FINICEEJ@?$AAG?$AAo?$AAt?$AA?5?$AAa?$AAt?$AA?5?$AAl?$AAe?$AAa?$AAs?$AAt?$AA?5?$AA?$CF?$AAl?$AAl?$AAd?$AA?5?$AAp?$AAl?$AAa?$AAt?$AAf?$AAo?$AAr?$AAm?$AAs?$AA?6?$AA?$AA@ 000000014001d84a     dbg_..-common-gpu_subsystem.o
 0002:00001890       ??_C@_1CA@OOAPHHDP@?$AAP?$AAl?$AAa?$AAt?$AAf?$AAo?$AAr?$AAm?$AA?5?$AA?$CF?$AAl?$AAl?$AAd?$AA?3?$AA?6?$AA?$AA@ 000000014001d890     dbg_..-common-gpu_subsystem.o
 0002:000018b6       ??_C@_1DK@CFKCPDLH@?$AA?7?$AA?$CF?$AAl?$AAl?$AAd?$AA?4?$AAN?$AAa?$AAm?$AAe?$AA?5?$AA?5?$AA?5?$AA?5?$AA?5?$AA?5?$AA?5?$AA?5?$AA?5?$AA?5?$AA?5?$AA?5?$AA?5?$AA?3?$AA?5?$AA?$CF?$AAs?$AA?6?$AA?$AA@ 000000014001d8b6     dbg_..-common-gpu_subsystem.o
 0002:000018fc       ??_C@_1DK@PKNJPDCN@?$AA?7?$AA?$CF?$AAl?$AAl?$AAd?$AA?4?$AAV?$AAe?$AAn?$AAd?$AAo?$AAr?$AA?5?$AA?5?$AA?5?$AA?5?$AA?5?$AA?5?$AA?5?$AA?5?$AA?5?$AA?5?$AA?5?$AA?3?$AA?5?$AA?$CF?$AAs?$AA?6?$AA?$AA@ 000000014001d8fc     dbg_..-common-gpu_subsystem.o
 0002:00001942       ??_C@_1DK@BCHMBHFB@?$AA?7?$AA?$CF?$AAl?$AAl?$AAd?$AA?4?$AAV?$AAe?$AAr?$AAs?$AAi?$AAo?$AAn?$AA?5?$AA?5?$AA?5?$AA?5?$AA?5?$AA?5?$AA?5?$AA?5?$AA?5?$AA?5?$AA?3?$AA?5?$AA?$CF?$AAs?$AA?6?$AA?$AA@ 000000014001d942     dbg_..-common-gpu_subsystem.o
 0002:00001988       ??_C@_1DK@PPLGHIMI@?$AA?7?$AA?$CF?$AAl?$AAl?$AAd?$AA?4?$AAP?$AAr?$AAo?$AAf?$AAi?$AAl?$AAe?$AA?5?$AA?5?$AA?5?$AA?5?$AA?5?$AA?5?$AA?5?$AA?5?$AA?5?$AA?5?$AA?3?$AA?5?$AA?$CF?$AAs?$AA?6?$AA?$AA@ 000000014001d988     dbg_..-common-gpu_subsystem.o
 0002:000019ce       ??_C@_1DK@KGLDJAGB@?$AA?7?$AA?$CF?$AAl?$AAl?$AAd?$AA?4?$AAE?$AAx?$AAt?$AAe?$AAn?$AAs?$AAi?$AAo?$AAn?$AAs?$AA?5?$AA?5?$AA?5?$AA?5?$AA?5?$AA?5?$AA?5?$AA?3?$AA?5?$AA?$CF?$AAs?$AA?6?$AA?$AA@ 000000014001d9ce     dbg_..-common-gpu_subsystem.o
 0002:00001a14       ??_C@_1DO@JAHGICMH@?$AA?7?$AA?$CF?$AAl?$AAl?$AAd?$AA?4?$AAT?$AAi?$AAm?$AAe?$AAr?$AA?5?$AAR?$AAe?$AAs?$AAo?$AAl?$AAu?$AAt?$AAi?$AAo?$AAn?$AA?5?$AA?3?$AA?5?$AA?$CF?$AAl?$AAl?$AAd?$AA?6?$AA?$AA@ 000000014001da14     dbg_..-common-gpu_subsystem.o
 0002:00001a5e       ??_C@_1FE@GFHOHNKH@?$AAp?$AAl?$AAa?$AAt?$AAf?$AAo?$AAr?$AAm?$AA?5?$AA?$CF?$AAl?$AAl?$AAd?$AA?3?$AA?5?$AAG?$AAo?$AAt?$AA?5?$AAa?$AAt?$AA?5?$AAl?$AAe?$AAa?$AAs?$AAt?$AA?5?$AA?$CF?$AAl?$AAl?$AAd@ 000000014001da5e     dbg_..-common-gpu_subsystem.o
 0002:00001ac2       ??_C@_1BM@MMFNNAKO@?$AAD?$AAe?$AAv?$AAi?$AAc?$AAe?$AA?5?$AA?$CF?$AAl?$AAl?$AAd?$AA?3?$AA?6?$AA?$AA@ 000000014001dac2     dbg_..-common-gpu_subsystem.o
 0002:00001ae4       ??_C@_1FG@GKDLJBIA@?$AA?7?$AA?$CF?$AAl?$AAl?$AAd?$AA?4?$AA?$CF?$AAl?$AAl?$AAd?$AA?4?$AAN?$AAa?$AAm?$AAe?$AA?5?$AA?5?$AA?5?$AA?5?$AA?5?$AA?5?$AA?5?$AA?5?$AA?5?$AA?5?$AA?5?$AA?5?$AA?5?$AA?5?$AA?5?$AA?5?$AA?5@ 000000014001dae4     dbg_..-common-gpu_subsystem.o
 0002:00001b4c       ??_C@_1FK@JCGLFMHC@?$AA?7?$AA?$CF?$AAl?$AAl?$AAd?$AA?4?$AA?$CF?$AAl?$AAl?$AAd?$AA?4?$AAA?$AAv?$AAa?$AAi?$AAl?$AAa?$AAb?$AAl?$AAe?$AA?5?$AA?5?$AA?5?$AA?5?$AA?5?$AA?5?$AA?5?$AA?5?$AA?5?$AA?5?$AA?5?$AA?5@ 000000014001db4c     dbg_..-common-gpu_subsystem.o
 0002:00001bb8       ??_C@_1FK@PNFJMFNM@?$AA?7?$AA?$CF?$AAl?$AAl?$AAd?$AA?4?$AA?$CF?$AAl?$AAl?$AAd?$AA?4?$AAT?$AAy?$AAp?$AAe?$AA?5?$AA?5?$AA?5?$AA?5?$AA?5?$AA?5?$AA?5?$AA?5?$AA?5?$AA?5?$AA?5?$AA?5?$AA?5?$AA?5?$AA?5?$AA?5?$AA?5@ 000000014001dbb8     dbg_..-common-gpu_subsystem.o
 0002:00001c24       ??_C@_1FG@OJFNKBCG@?$AA?7?$AA?$CF?$AAl?$AAl?$AAd?$AA?4?$AA?$CF?$AAl?$AAl?$AAd?$AA?4?$AAV?$AAe?$AAn?$AAd?$AAo?$AAr?$AA?5?$AA?5?$AA?5?$AA?5?$AA?5?$AA?5?$AA?5?$AA?5?$AA?5?$AA?5?$AA?5?$AA?5?$AA?5?$AA?5?$AA?5@ 000000014001dc24     dbg_..-common-gpu_subsystem.o
 0002:00001c8c       ??_C@_1FG@LICMMOCB@?$AA?7?$AA?$CF?$AAl?$AAl?$AAd?$AA?4?$AA?$CF?$AAl?$AAl?$AAd?$AA?4?$AAD?$AAr?$AAi?$AAv?$AAe?$AAr?$AA?5?$AAV?$AAe?$AAr?$AAs?$AAi?$AAo?$AAn?$AA?5?$AA?5?$AA?5?$AA?5?$AA?5?$AA?5?$AA?5@ 000000014001dc8c     dbg_..-common-gpu_subsystem.o
 0002:00001cf4       ??_C@_1FG@GEMKEAJB@?$AA?7?$AA?$CF?$AAl?$AAl?$AAd?$AA?4?$AA?$CF?$AAl?$AAl?$AAd?$AA?4?$AAD?$AAe?$AAv?$AAi?$AAc?$AAe?$AA?5?$AAV?$AAe?$AAr?$AAs?$AAi?$AAo?$AAn?$AA?5?$AA?5?$AA?5?$AA?5?$AA?5?$AA?5?$AA?5@ 000000014001dcf4     dbg_..-common-gpu_subsystem.o
 0002:00001d5c       ??_C@_1FG@MPCNGFNE@?$AA?7?$AA?$CF?$AAl?$AAl?$AAd?$AA?4?$AA?$CF?$AAl?$AAl?$AAd?$AA?4?$AAP?$AAr?$AAo?$AAf?$AAi?$AAl?$AAe?$AA?5?$AA?5?$AA?5?$AA?5?$AA?5?$AA?5?$AA?5?$AA?5?$AA?5?$AA?5?$AA?5?$AA?5?$AA?5?$AA?5@ 000000014001dd5c     dbg_..-common-gpu_subsystem.o
 0002:00001dc4       ??_C@_1FG@GJMINOLL@?$AA?7?$AA?$CF?$AAl?$AAl?$AAd?$AA?4?$AA?$CF?$AAl?$AAl?$AAd?$AA?4?$AAE?$AAx?$AAt?$AAe?$AAn?$AAs?$AAi?$AAo?$AAn?$AAs?$AA?5?$AA?5?$AA?5?$AA?5?$AA?5?$AA?5?$AA?5?$AA?5?$AA?5?$AA?5?$AA?5@ 000000014001ddc4     dbg_..-common-gpu_subsystem.o
 0002:00001e2c       ??_C@_1FK@NKJEPLPJ@?$AA?7?$AA?$CF?$AAl?$AAl?$AAd?$AA?4?$AA?$CF?$AAl?$AAl?$AAd?$AA?4?$AAM?$AAa?$AAx?$AA?5?$AAC?$AAo?$AAm?$AAp?$AAu?$AAt?$AAe?$AA?5?$AAU?$AAn?$AAi?$AAt?$AAs?$AA?5?$AA?5?$AA?5?$AA?5@ 000000014001de2c     dbg_..-common-gpu_subsystem.o
 0002:00001e98       ??_C@_1FK@OLFGCCPL@?$AA?7?$AA?$CF?$AAl?$AAl?$AAd?$AA?4?$AA?$CF?$AAl?$AAl?$AAd?$AA?4?$AAM?$AAa?$AAx?$AA?5?$AAI?$AAt?$AAe?$AAm?$AA?5?$AAD?$AAi?$AAm?$AAe?$AAn?$AAs?$AAi?$AAo?$AAn?$AAs?$AA?5?$AA?5@ 000000014001de98     dbg_..-common-gpu_subsystem.o
 0002:00001f04       ??_C@_1FK@CMFPDFMJ@?$AA?7?$AA?$CF?$AAl?$AAl?$AAd?$AA?4?$AA?$CF?$AAl?$AAl?$AAd?$AA?4?$AAM?$AAa?$AAx?$AA?5?$AAG?$AAr?$AAo?$AAu?$AAp?$AA?5?$AAS?$AAi?$AAz?$AAe?$AA?5?$AA?5?$AA?5?$AA?5?$AA?5?$AA?5?$AA?5@ 000000014001df04     dbg_..-common-gpu_subsystem.o
 0002:00001f70       ??_C@_1GA@OFJKKJHL@?$AA?7?$AA?7?$AA?$CF?$AAl?$AAl?$AAd?$AA?4?$AA?$CF?$AAl?$AAl?$AAd?$AA?4?$AAM?$AAa?$AAx?$AA?5?$AAI?$AAt?$AAe?$AAm?$AA?5?$AAS?$AAi?$AAz?$AAe?$AAs?$AA?$FL?$AA?$CF?$AAl?$AAl?$AAd?$AA?$FN@ 000000014001df70     dbg_..-common-gpu_subsystem.o
 0002:00001fe4       ??_C@_1FK@PBEPJBHG@?$AA?7?$AA?$CF?$AAl?$AAl?$AAd?$AA?4?$AA?$CF?$AAl?$AAl?$AAd?$AA?4?$AAM?$AAa?$AAx?$AA?5?$AAC?$AAl?$AAo?$AAc?$AAk?$AA?5?$AAF?$AAr?$AAe?$AAq?$AAu?$AAe?$AAn?$AAc?$AAy?$AA?5?$AA?5@ 000000014001dfe4     dbg_..-common-gpu_subsystem.o
 0002:00002050       ??_C@_1FK@EGKKPFNE@?$AA?7?$AA?$CF?$AAl?$AAl?$AAd?$AA?4?$AA?$CF?$AAl?$AAl?$AAd?$AA?4?$AAM?$AAa?$AAx?$AA?5?$AAM?$AAe?$AAm?$AA?5?$AAA?$AAl?$AAl?$AAo?$AAc?$AA?5?$AAS?$AAi?$AAz?$AAe?$AA?5?$AA?5?$AA?5@ 000000014001e050     dbg_..-common-gpu_subsystem.o
 0002:000020bc       ??_C@_1FK@NMMFNGJN@?$AA?7?$AA?$CF?$AAl?$AAl?$AAd?$AA?4?$AA?$CF?$AAl?$AAl?$AAd?$AA?4?$AAG?$AAl?$AAo?$AAb?$AAa?$AAl?$AA?5?$AAM?$AAe?$AAm?$AA?5?$AAC?$AAa?$AAc?$AAh?$AAe?$AAl?$AAi?$AAn?$AAe?$AA?5@ 000000014001e0bc     dbg_..-common-gpu_subsystem.o
 0002:00002128       ??_C@_1FK@NMHJFOBI@?$AA?7?$AA?$CF?$AAl?$AAl?$AAd?$AA?4?$AA?$CF?$AAl?$AAl?$AAd?$AA?4?$AAG?$AAl?$AAo?$AAb?$AAa?$AAl?$AA?5?$AAM?$AAe?$AAm?$AA?5?$AAC?$AAa?$AAc?$AAh?$AAe?$AA?5?$AAS?$AAi?$AAz?$AAe@ 000000014001e128     dbg_..-common-gpu_subsystem.o
 0002:00002194       ??_C@_1FK@KEPOBMOJ@?$AA?7?$AA?$CF?$AAl?$AAl?$AAd?$AA?4?$AA?$CF?$AAl?$AAl?$AAd?$AA?4?$AAG?$AAl?$AAo?$AAb?$AAa?$AAl?$AA?5?$AAM?$AAe?$AAm?$AA?5?$AAS?$AAi?$AAz?$AAe?$AA?5?$AA?5?$AA?5?$AA?5?$AA?5?$AA?5@ 000000014001e194     dbg_..-common-gpu_subsystem.o
 0002:00002200       ??_C@_1FK@BEKCEBKI@?$AA?7?$AA?$CF?$AAl?$AAl?$AAd?$AA?4?$AA?$CF?$AAl?$AAl?$AAd?$AA?4?$AAL?$AAo?$AAc?$AAa?$AAl?$AA?5?$AAM?$AAe?$AAm?$AA?5?$AAS?$AAi?$AAz?$AAe?$AA?5?$AA?5?$AA?5?$AA?5?$AA?5?$AA?5?$AA?5@ 000000014001e200     dbg_..-common-gpu_subsystem.o
 0002:0000226c       ??_C@_1DG@HHDGLCMF@?$AAA?$AAt?$AA?5?$AAe?$AAn?$AAd?$AA?5?$AAh?$AAa?$AAv?$AAe?$AA?5?$AA?$CF?$AAl?$AAl?$AAd?$AA?5?$AAd?$AAe?$AAv?$AAi?$AAc?$AAe?$AAs?$AA?4?$AA?6?$AA?$AA@ 000000014001e26c     dbg_..-common-gpu_subsystem.o
 0002:000022ac       ??_C@_1FC@JJNHHFIJ@?$AAI?$AAn?$AAi?$AAt?$AA?5?$AAf?$AAo?$AAr?$AAm?$AA?5?$AAp?$AAl?$AAa?$AAt?$AAf?$AAo?$AAr?$AAm?$AA?5?$AA?$CF?$AAl?$AAl?$AAd?$AA?5?$AA?$FL?$AAa?$AAu?$AAt?$AAo?$AA?5?$AAs?$AAe@ 000000014001e2ac     dbg_..-common-gpu_subsystem.o
 0002:0000230e       ??_C@_1EC@CFAEGHOO@?$AAE?$AAr?$AAr?$AAo?$AAr?$AA?5?$AAa?$AAt?$AA?5?$AAc?$AAl?$AAC?$AAr?$AAe?$AAa?$AAt?$AAe?$AAC?$AAo?$AAn?$AAt?$AAe?$AAx?$AAt?$AA?5?$AA?$FL?$AA?$CF?$AAl?$AAl?$AAd?$AA?$FN?$AA?6@ 000000014001e30e     dbg_..-common-gpu_subsystem.o
 0002:0000235e       ??_C@_1GI@JODPKPLM@?$AAE?$AAr?$AAr?$AAo?$AAr?$AA?5?$AAa?$AAt?$AA?5?$AAc?$AAl?$AAC?$AAr?$AAe?$AAa?$AAt?$AAe?$AAC?$AAo?$AAm?$AAm?$AAa?$AAn?$AAd?$AAQ?$AAu?$AAe?$AAu?$AAe?$AAW?$AAi?$AAt@ 000000014001e35e     dbg_..-common-gpu_subsystem.o
 0002:000023da       ??_C@_0FA@OKGFDHAO@?9cl?9single?9precision?9constant?5?9c@ 000000014001e3da     dbg_..-common-gpu_subsystem.o
 0002:0000243a       ??_C@_1DE@FJCPKFIJ@?$AAB?$AAu?$AAi?$AAl?$AAd?$AAP?$AAr?$AAo?$AAg?$AAr?$AAa?$AAm?$AA?5?$AAE?$AAr?$AAr?$AAo?$AAr?$AA?3?$AA?5?$AA?$CF?$AAl?$AAl?$AAd?$AA?6?$AA?$AA@ 000000014001e43a     dbg_..-common-gpu_subsystem.o
 0002:00002478       ??_C@_19PDAGFAKM@?$AA?4?$AA?4?$AA?4?$AA?6?$AA?$AA@ 000000014001e478     dbg_..-common-gpu_subsystem.o
 0002:00002484       ??_C@_1CO@HIIDKPPP@?$AAB?$AAu?$AAi?$AAl?$AAd?$AAI?$AAn?$AAf?$AAo?$AA?5?$AAE?$AAr?$AAr?$AAo?$AAr?$AA?3?$AA?5?$AA?$CF?$AAl?$AAl?$AAd?$AA?6?$AA?$AA@ 000000014001e484     dbg_..-common-gpu_subsystem.o
 0002:000024bc       ??_C@_1DA@GJKLKGNM@?$AAB?$AAu?$AAi?$AAl?$AAd?$AAI?$AAn?$AAf?$AAo?$AA2?$AA?5?$AAE?$AAr?$AAr?$AAo?$AAr?$AA?3?$AA?5?$AA?$CF?$AAl?$AAl?$AAd?$AA?6?$AA?$AA@ 000000014001e4bc     dbg_..-common-gpu_subsystem.o
 0002:000024f6       ??_C@_1DA@CBNNMJJB@?$AAE?$AAr?$AAr?$AAo?$AAr?$AA?5?$AAI?$AAn?$AAf?$AAo?$AA?3?$AA?5?$AAc?$AAo?$AAd?$AAe?$AA?$DN?$AA?$CF?$AAl?$AAl?$AAd?$AA?3?$AA?6?$AA?$AA@ 000000014001e4f6     dbg_..-common-gpu_subsystem.o
 0002:00002530       ??_C@_1CA@CAEDKLHA@?$AA?$CF?$AA0?$AA2?$AAx?$AA?5?$AA?$CF?$AA0?$AA2?$AAx?$AA?5?$AA?$CF?$AA0?$AA2?$AAx?$AA?6?$AA?$AA@ 000000014001e530     dbg_..-common-gpu_subsystem.o
 0002:00002556       ??_C@_17MJEANDKP@?$AA?$CF?$AAs?$AA?6?$AA?$AA@ 000000014001e556     dbg_..-common-gpu_subsystem.o
 0002:00002560       ??_C@_1CO@DCKAPNAK@?$AAw?$AAa?$AAi?$AAt?$AAi?$AAn?$AAg?$AA?5?$AAs?$AAt?$AAa?$AAr?$AAt?$AAu?$AAp?$AA?5?$AAp?$AAa?$AAg?$AAe?$AAs?$AA?6?$AA?$AA@ 000000014001e560     dbg_..-common-hive_entry.o
 0002:00002598       ??_C@_1EI@OLFKDNEP@?$AAE?$AAr?$AAr?$AAo?$AAr?$AA?3?$AA?5?$AAa?$AAl?$AAl?$AAo?$AAc?$AAa?$AAt?$AAe?$AAd?$AA?5?$AAa?$AAr?$AAr?$AAa?$AAy?$AA?5?$AAi?$AAs?$AAn?$AA?8?$AAt?$AA?5?$AAl?$AAo?$AAc@ 000000014001e598     dbg_..-common-hive_entry.o
 0002:000025ee       ??_C@_1BM@MGOLOELI@?$AAr?$AAe?$AAs?$AAC?$AAo?$AAd?$AAe?$AAI?$AAd?$AA?$DN?$AA?$CF?$AAp?$AA?6?$AA?$AA@ 000000014001e5ee     dbg_..-common-hive_entry.o
 0002:0000260f       ??_C@_0CP@DDJCIEEJ@priority?5?$DO?$DN?50?5?$CG?$CG?5priority?5?$DM?$DN?5MAX@ 000000014001e60f     dbg_..-common-queue.o
 0002:00002647       ??_C@_0BL@ODHJEFOA@scheduler_queue_push_front?$AA@ 000000014001e647     dbg_..-common-queue.o
 0002:00002667       ??_C@_0CK@DIBJHMME@D?3?2mipt?2lang3?2runtimes?20?43?2commo@ 000000014001e667     dbg_..-common-queue.o
 0002:00002699       ??_C@_04PJOLNDGD@data?$AA@ 000000014001e699     dbg_..-common-queue.o
 0002:000026a0       ??_C@_1DO@NMNBJACC@?$AA?9?$AA?9?$AA?9?$AA?9?$AA?9?$AA?5?$AAt?$AAo?$AAt?$AAa?$AAl?$AA?5?$AA?$CF?$AAl?$AAl?$AAd?$AA?5?$AAc?$AAo?$AAn?$AAn?$AAe?$AAc?$AAt?$AAi?$AAo?$AAn?$AAs?$AA?3?$AA?6?$AA?$AA@ 000000014001e6a0     dbg_..-common-remote.o
 0002:000026ea       ??_C@_1EM@BPMELAJO@?$AA?9?$AAc?$AAo?$AAn?$AAn?$AAe?$AAc?$AAt?$AAi?$AAo?$AAn?$AA?5?$AA?$FL?$AA?$CF?$AAp?$AA?$FN?$AA?5?$AA?$CF?$AAl?$AAl?$AAd?$AA?3?$AA?5?$AAl?$AAo?$AAc?$AAa?$AAl?$AA_?$AAi?$AAd?$AA?$DN@ 000000014001e6ea     dbg_..-common-remote.o
 0002:00002746       ??_C@_1DC@HEOFFPLC@?$AAo?$AAu?$AAt?$AAg?$AAo?$AAi?$AAn?$AAg?$AA?3?$AA?5?$AAN?$AAo?$AA?5?$AAc?$AAo?$AAn?$AAn?$AAe?$AAc?$AAt?$AAi?$AAo?$AAn?$AA?6?$AA?$AA@ 000000014001e746     dbg_..-common-remote.o
 0002:00002782       ??_C@_1DG@HNEHLNLB@?$AAo?$AAu?$AAt?$AAg?$AAo?$AAi?$AAn?$AAg?$AA?3?$AA?5?$AAI?$AAP?$AA?$DN?$AA?$CF?$AAs?$AA?5?$AAP?$AAO?$AAR?$AAT?$AA?$DN?$AA?$CF?$AAl?$AAl?$AAd?$AA?6?$AA?$AA@ 000000014001e782     dbg_..-common-remote.o
 0002:000027c2       ??_C@_1DI@OKINGPOA@?$AAo?$AAu?$AAt?$AAg?$AAo?$AAi?$AAn?$AAg?$AA?3?$AA?5?$AA?5?$AAI?$AAP?$AA?$DN?$AA?$CF?$AAs?$AA?5?$AAP?$AAO?$AAR?$AAT?$AA?$DN?$AA?$CF?$AAl?$AAl?$AAd?$AA?6?$AA?$AA@ 000000014001e7c2     dbg_..-common-remote.o
 0002:00002806       ??_C@_1CM@KOFOMBCP@?$AAo?$AAu?$AAt?$AAg?$AAo?$AAi?$AAn?$AAg?$AA?3?$AA?5?$AA?5?$AAC?$AAo?$AAr?$AAr?$AAu?$AAp?$AAt?$AAe?$AAd?$AA?6?$AA?$AA@ 000000014001e806     dbg_..-common-remote.o
 0002:0000283a       ??_C@_1DC@OBBDDNNB@?$AAi?$AAn?$AAc?$AAo?$AAm?$AAi?$AAn?$AAg?$AA?3?$AA?5?$AAN?$AAo?$AA?5?$AAc?$AAo?$AAn?$AAn?$AAe?$AAc?$AAt?$AAi?$AAo?$AAn?$AA?6?$AA?$AA@ 000000014001e83a     dbg_..-common-remote.o
 0002:00002876       ??_C@_1DG@NNAENLOC@?$AAi?$AAn?$AAc?$AAo?$AAm?$AAi?$AAn?$AAg?$AA?3?$AA?5?$AAI?$AAP?$AA?$DN?$AA?$CF?$AAs?$AA?5?$AAP?$AAO?$AAR?$AAT?$AA?$DN?$AA?$CF?$AAl?$AAl?$AAd?$AA?6?$AA?$AA@ 000000014001e876     dbg_..-common-remote.o
 0002:000028b6       ??_C@_1DI@NPMKAFFJ@?$AAi?$AAn?$AAc?$AAo?$AAm?$AAi?$AAn?$AAg?$AA?3?$AA?5?$AA?5?$AAI?$AAP?$AA?$DN?$AA?$CF?$AAs?$AA?5?$AAP?$AAO?$AAR?$AAT?$AA?$DN?$AA?$CF?$AAl?$AAl?$AAd?$AA?6?$AA?$AA@ 000000014001e8b6     dbg_..-common-remote.o
 0002:000028fa       ??_C@_1GA@HHMMHPKA@?$AA?$CB?$AA?$CB?$AA?$CB?$AA?$CB?$AA?$CB?$AA?5?$AA?$DO?$AA?$DO?$AA?$DO?$AA?$DO?$AA?$DO?$AA?$DO?$AA?5?$AAP?$AAa?$AAg?$AAe?$AA?5?$AAa?$AAl?$AAl?$AAo?$AAc?$AAa?$AAt?$AAi?$AAo?$AAn?$AA?5?$AAi?$AAd?$AA?$DN@ 000000014001e8fa     dbg_..-common-remote.o
 0002:0000296e       ??_C@_1DE@OFJFJIIH@?$AAS?$AAe?$AAr?$AAv?$AAe?$AAr?$AA?5?$AAi?$AAd?$AA?$DN?$AA?$CF?$AAl?$AAl?$AAd?$AA?5?$AAc?$AAo?$AAn?$AAf?$AAi?$AAr?$AAm?$AAe?$AAd?$AA?6?$AA?$AA@ 000000014001e96e     dbg_..-common-remote.o
 0002:000029ac       ??_C@_1CG@DJLPCGPG@?$AAC?$AAl?$AAi?$AAe?$AAn?$AAt?$AA?5?$AAc?$AAo?$AAn?$AAn?$AAe?$AAc?$AAt?$AAe?$AAd?$AA?$CB?$AA?6?$AA?$AA@ 000000014001e9ac     dbg_..-common-remote.o
 0002:000029da       ??_C@_1CG@KFFFIMLK@?$AAu?$AAp?$AAd?$AAa?$AAt?$AAe?$AA?5?$AAw?$AAo?$AAr?$AAk?$AAe?$AAr?$AA?3?$AA?5?$AA?$CF?$AAp?$AA?6?$AA?$AA@ 000000014001e9da     dbg_..-common-remote.o
 0002:00002a08       ??_C@_1GO@KIHGLMJK@?$AAS?$AAe?$AAn?$AAd?$AA?5?$AAc?$AAo?$AAn?$AAf?$AAi?$AAr?$AAm?$AAa?$AAt?$AAi?$AAo?$AAn?$AA?5?$AAo?$AAf?$AA?5?$AAp?$AAa?$AAg?$AAe?$AA?5?$AAa?$AAl?$AAl?$AAo?$AAc?$AAa@ 000000014001ea08     dbg_..-common-remote.o
 0002:00002a8c       ??_C@_1FC@NJOMCOBI@?$AAR?$AAe?$AAd?$AAi?$AAr?$AAe?$AAc?$AAt?$AAi?$AAn?$AAg?$AA?5?$AAp?$AAa?$AAg?$AAe?$AA?5?$AAq?$AAu?$AAe?$AAr?$AAy?$AA?5?$AAt?$AAo?$AA?5?$AAl?$AAo?$AAc?$AAa?$AAl?$AA_@ 000000014001ea8c     dbg_..-common-remote.o
 0002:00002aee       ??_C@_1EO@MLLDILKB@?$AAR?$AAe?$AAd?$AAi?$AAr?$AAe?$AAc?$AAt?$AAi?$AAn?$AAg?$AA?5?$AAi?$AAd?$AA?5?$AAq?$AAu?$AAe?$AAr?$AAy?$AA?5?$AAt?$AAo?$AA?5?$AAl?$AAo?$AAc?$AAa?$AAl?$AA_?$AAi?$AAd@ 000000014001eaee     dbg_..-common-remote.o
 0002:00002b4c       ??_C@_1DM@IBOIDFJO@?$AAs?$AAo?$AAc?$AAk?$AAe?$AAt?$AA?$CI?$AA?$CJ?$AA?5?$AAf?$AAa?$AAi?$AAl?$AAe?$AAd?$AA?5?$AA?$FL?$AAe?$AAr?$AAr?$AAo?$AAr?$AA?$DN?$AA?$CF?$AAl?$AAl?$AAd?$AA?$FN?$AA?6?$AA?$AA@ 000000014001eb4c     dbg_..-common-remote.o
 0002:00002b94       ??_C@_1CM@FLPDOBBA@?$AAR?$AAe?$AAq?$AAu?$AAe?$AAs?$AAt?$AAi?$AAn?$AAg?$AA?5?$AAp?$AAo?$AAr?$AAt?$AA?5?$AA?$CF?$AAl?$AAl?$AAd?$AA?6?$AA?$AA@ 000000014001eb94     dbg_..-common-remote.o
 0002:00002bc8       ??_C@_1DK@IOCIPHFJ@?$AAc?$AAo?$AAn?$AAn?$AAe?$AAc?$AAt?$AA?5?$AAf?$AAa?$AAi?$AAl?$AAe?$AAd?$AA?5?$AA?$FL?$AAe?$AAr?$AAr?$AAo?$AAr?$AA?$DN?$AA?$CF?$AAl?$AAl?$AAd?$AA?$FN?$AA?6?$AA?$AA@ 000000014001ebc8     dbg_..-common-remote.o
 0002:00002c0e       ??_C@_1DO@IMGJNCBG@?$AAC?$AAo?$AAn?$AAn?$AAe?$AAc?$AAt?$AAi?$AAo?$AAn?$AA?5?$AAi?$AAs?$AA?5?$AAs?$AAu?$AAc?$AAc?$AAe?$AAs?$AAs?$AAf?$AAu?$AAl?$AA?$CB?$AA?5?$AA?$FL?$AA1?$AA?$FN?$AA?6?$AA?$AA@ 000000014001ec0e     dbg_..-common-remote.o
 0002:00002cfa       ??_C@_1GE@BBHPHIKC@?$AAE?$AAr?$AAr?$AAo?$AAr?$AA?5?$AA?9?$AA?5?$AAs?$AAe?$AAr?$AAv?$AAe?$AAr?$AA_?$AAp?$AAo?$AAr?$AAt?$AA?5?$AA?$DN?$AA?$DN?$AA?5?$AA?9?$AA1?$AA?5?$AA?$FL?$AAs?$AAe?$AAr?$AAv?$AAe@ 000000014001ecfa     dbg_..-common-remote.o
 0002:00002d72       ??_C@_1EM@HCGPBNNP@?$AAS?$AAt?$AAa?$AAr?$AAt?$AAi?$AAn?$AAg?$AA?5?$AAn?$AAe?$AAw?$AA?5?$AAc?$AAo?$AAn?$AAn?$AAe?$AAc?$AAt?$AAi?$AAo?$AAn?$AA?5?$AAt?$AAo?$AA?5?$AA?$FL?$AA?$CF?$AAs?$AA?$FN?$AA?5@ 000000014001ed72     dbg_..-common-remote.o
 0002:00002dce       ??_C@_1FE@JKPBPNOM@?$AAE?$AAr?$AAr?$AAo?$AAr?$AA?5?$AAr?$AAe?$AAs?$AAo?$AAl?$AAv?$AAi?$AAn?$AAg?$AA?5?$AAh?$AAo?$AAs?$AAt?$AA?4?$AA?5?$AA?$FL?$AAs?$AAt?$AAa?$AAt?$AAu?$AAs?$AA?$DN?$AA?$CF?$AAl@ 000000014001edce     dbg_..-common-remote.o
 0002:00002e32       ??_C@_1DO@COGNFPF@?$AAC?$AAo?$AAn?$AAn?$AAe?$AAc?$AAt?$AAi?$AAo?$AAn?$AA?5?$AAi?$AAs?$AA?5?$AAs?$AAu?$AAc?$AAc?$AAe?$AAs?$AAs?$AAf?$AAu?$AAl?$AA?$CB?$AA?5?$AA?$FL?$AA2?$AA?$FN?$AA?6?$AA?$AA@ 000000014001ee32     dbg_..-common-remote.o
 0002:00002e7c       ??_C@_1FK@FPKJOMKP@?$AAE?$AAr?$AAr?$AAo?$AAr?$AA?3?$AA?5?$AAC?$AAo?$AAu?$AAl?$AAd?$AA?5?$AAn?$AAo?$AAt?$AA?5?$AAc?$AAo?$AAn?$AAn?$AAe?$AAc?$AAt?$AA?5?$AAt?$AAo?$AA?5?$AA?$CF?$AAs?$AA?5?$AA?$FL@ 000000014001ee7c     dbg_..-common-remote.o
 0002:00002ee8       ??_C@_1EA@JBNEEBDD@?$AAT?$AAr?$AAy?$AAi?$AAn?$AAg?$AA?5?$AAt?$AAo?$AA?5?$AAg?$AAe?$AAt?$AA?5?$AAm?$AAe?$AAm?$AAo?$AAr?$AAy?$AA?5?$AAp?$AAa?$AAg?$AAe?$AA?5?$AA?$CF?$AAl?$AAl?$AAd?$AA?6?$AA?$AA@ 000000014001eee8     dbg_..-common-remote.o
 0002:00002f34       ??_C@_1EI@BHCKMCLF@?$AAC?$AAr?$AAe?$AAa?$AAt?$AAe?$AAd?$AA?5?$AAb?$AAr?$AAo?$AAa?$AAd?$AAc?$AAa?$AAs?$AAt?$AA?5?$AAw?$AAi?$AAt?$AAh?$AA?5?$AAp?$AAr?$AAe?$AAf?$AAi?$AAx?$AA?$DN?$AA?$CF?$AAl@ 000000014001ef34     dbg_..-common-remote.o
 0002:00002f8a       ??_C@_1DM@MBBJEJBJ@?$AAT?$AAr?$AAy?$AAi?$AAn?$AAg?$AA?5?$AAt?$AAo?$AA?5?$AAg?$AAe?$AAt?$AA?5?$AAs?$AAe?$AAr?$AAv?$AAe?$AAr?$AA?5?$AAi?$AAd?$AA?5?$AA?$CF?$AAl?$AAl?$AAd?$AA?6?$AA?$AA@ 000000014001ef8a     dbg_..-common-remote.o
 0002:00002fd2       ??_C@_1GK@DMGCKEJF@?$AAA?$AAn?$AAs?$AAw?$AAe?$AAr?$AA?5?$AAP?$AAu?$AAs?$AAh?$AA?5?$AAO?$AAb?$AAj?$AAe?$AAc?$AAt?$AA?5?$AAt?$AAo?$AA?5?$AAl?$AAo?$AAc?$AAa?$AAl?$AAi?$AAd?$AA?$DN?$AA?$CF?$AAl@ 000000014001efd2     dbg_..-common-remote.o
 0002:00003052       ??_C@_1GM@MICHOCHB@?$AAA?$AAn?$AAs?$AAw?$AAe?$AAr?$AA?5?$AAQ?$AAu?$AAe?$AAr?$AAy?$AA?5?$AAO?$AAb?$AAj?$AAe?$AAc?$AAt?$AA?5?$AAt?$AAo?$AA?5?$AAl?$AAo?$AAc?$AAa?$AAl?$AAi?$AAd?$AA?$DN?$AA?$CF@ 000000014001f052     dbg_..-common-remote.o
 0002:000030d4       ??_C@_1FK@FHPCFNAH@?$AAs?$AAe?$AAn?$AAd?$AA?5?$AAb?$AAr?$AAo?$AAa?$AAd?$AAc?$AAa?$AAs?$AAt?$AA?5?$AAa?$AAn?$AAs?$AAw?$AAe?$AAr?$AA?5?$AAp?$AAa?$AAt?$AAh?$AA?5?$AAt?$AAo?$AA?5?$AAl?$AAo@ 000000014001f0d4     dbg_..-common-remote.o
 0002:00003140       ??_C@_1FM@FIIIPBAA@?$AAs?$AAe?$AAn?$AAd?$AA?5?$AAb?$AAr?$AAo?$AAa?$AAd?$AAc?$AAa?$AAs?$AAt?$AA?5?$AAp?$AAa?$AAt?$AAh?$AA?5?$AAr?$AAe?$AAq?$AAu?$AAe?$AAs?$AAt?$AA?5?$AAt?$AAo?$AA?5?$AAl@ 000000014001f140     dbg_..-common-remote.o
 0002:000031ae       ??_C@_1GA@MDBOGCGI@?$AAs?$AAe?$AAn?$AAd?$AA?5?$AAb?$AAr?$AAo?$AAa?$AAd?$AAc?$AAa?$AAs?$AAt?$AA?5?$AAa?$AAn?$AAs?$AAw?$AAe?$AAr?$AA?5?$AAi?$AAd?$AA?5?$AAp?$AAa?$AAt?$AAh?$AA?5?$AAt?$AAo@ 000000014001f1ae     dbg_..-common-remote.o
 0002:00003222       ??_C@_1EO@CDOEBIIP@?$AAS?$AAe?$AAn?$AAd?$AAi?$AAn?$AAg?$AA?5?$AAb?$AAr?$AAo?$AAa?$AAd?$AAc?$AAa?$AAs?$AAt?$AA?5?$AAt?$AAo?$AA?5?$AAf?$AAi?$AAn?$AAd?$AA?5?$AAo?$AAb?$AAj?$AAe?$AAc?$AAt@ 000000014001f222     dbg_..-common-remote.o
 0002:00003280       ??_C@_1FK@MAACIFFG@?$AAW?$AAa?$AAi?$AAt?$AA?5?$AAh?$AAa?$AAs?$AAh?$AAt?$AAa?$AAb?$AAl?$AAe?$AA?5?$AAl?$AAi?$AAs?$AAt?$AA?5?$AAi?$AAn?$AAs?$AAe?$AAr?$AAt?$AA?5?$AA?$CF?$AAp?$AA?5?$AAw?$AAo@ 000000014001f280     dbg_..-common-remote.o
 0002:000032ec       ??_C@_1DC@EHBNKHBD@?$AAr?$AAe?$AAq?$AAu?$AAe?$AAs?$AAt?$AA?5?$AAs?$AAe?$AAt?$AA?5?$AAo?$AAb?$AAj?$AAe?$AAc?$AAt?$AA?$DN?$AA?$CF?$AAl?$AAl?$AAd?$AA?6?$AA?$AA@ 000000014001f2ec     dbg_..-common-remote.o
 0002:00003328       ??_C@_1CO@OBFELGCG@?$AAl?$AAo?$AAc?$AAa?$AAl?$AA?5?$AAo?$AAb?$AAj?$AAe?$AAc?$AAt?$AA?5?$AA?9?$AA?5?$AAa?$AAn?$AAs?$AAw?$AAe?$AAr?$AA?6?$AA?$AA@ 000000014001f328     dbg_..-common-remote.o
 0002:00003360       ??_C@_1FM@BKJGBDA@?$AAW?$AAa?$AAi?$AAt?$AA?5?$AAh?$AAa?$AAs?$AAh?$AAt?$AAa?$AAb?$AAl?$AAe?$AA?5?$AAl?$AAi?$AAs?$AAt?$AA?5?$AAi?$AAn?$AAs?$AAe?$AAr?$AAt?$AA?5?$AA?$CF?$AAp?$AA?5?$AAw?$AAo@ 000000014001f360     dbg_..-common-remote.o
 0002:000033ce       ??_C@_1CC@BJNHGOIA@?$AAd?$AAo?$AAn?$AA?8?$AAt?$AA?5?$AAk?$AAn?$AAo?$AAw?$AA?5?$AAp?$AAa?$AAt?$AAh?$AA?6?$AA?$AA@ 000000014001f3ce     dbg_..-common-remote.o
 0002:000033f6       ??_C@_1DA@NHJHHADA@?$AAr?$AAe?$AAq?$AAu?$AAe?$AAs?$AAt?$AA?5?$AAs?$AAe?$AAn?$AAt?$AA?5?$AA?$FL?$AAt?$AAo?$AA?5?$AA?$CF?$AAl?$AAl?$AAd?$AA?$FN?$AA?6?$AA?$AA@ 000000014001f3f6     dbg_..-common-remote.o
 0002:00003430       ??_C@_1IK@DBMEHLHD@?$AAS?$AAt?$AAa?$AAr?$AAt?$AAi?$AAn?$AAg?$AA?5?$AAn?$AAe?$AAw?$AA?5?$AAR?$AAE?$AAM?$AAO?$AAT?$AAE?$AA?5?$AAw?$AAo?$AAr?$AAk?$AAe?$AAr?$AA?5?$AA?$CF?$AAl?$AAl?$AAd?$AA?5@ 000000014001f430     dbg_..-common-remote.o
 0002:000034d6       ??_C@_1EK@DLJDAMIC@?$AAs?$AAe?$AAn?$AAd?$AAi?$AAn?$AAg?$AA?5?$AAh?$AAi?$AAv?$AAe?$AA?5?$AAs?$AAt?$AAa?$AAt?$AAe?$AA?5?$AA?$FL?$AA?$CF?$AAl?$AAl?$AAd?$AA?5?$AA?$CF?$AAl?$AAl?$AAd?$AA?5?$AA?$CF?$AAl@ 000000014001f4d6     dbg_..-common-remote.o
 0002:0000352e       ??_C@_1DG@PIHIFHIB@?$AAi?$AAn?$AAt?$AAi?$AAi?$AAa?$AAl?$AAi?$AAz?$AAa?$AAt?$AAi?$AAn?$AAg?$AA?5?$AAn?$AAe?$AAt?$AAw?$AAo?$AAr?$AAk?$AA?4?$AA?4?$AA?4?$AA?6?$AA?$AA@ 000000014001f52e     dbg_..-common-remote.o
 0002:0000356e       ??_C@_1LE@PPGJDLMH@?$AA?$FL?$AAp?$AA?5?$AA?$DM?$AAp?$AAo?$AAr?$AAt?$AA?$DO?$AA?$FN?$AA?5?$AAt?$AAo?$AA?5?$AAs?$AAe?$AAl?$AAe?$AAc?$AAt?$AA?5?$AAp?$AAo?$AAr?$AAt?$AA?5?$AA?$FL?$AAc?$AA?5?$AA?$DM?$AAi?$AAp@ 000000014001f56e     dbg_..-common-remote.o
 0002:00003646       ??_C@_1BO@BCIJKPCC@?$AAE?$AAn?$AAt?$AAe?$AAr?$AA?5?$AAc?$AAo?$AAm?$AAm?$AAa?$AAn?$AAd?$AA?$DO?$AA?$AA@ 000000014001f646     dbg_..-common-remote.o
 0002:0000366a       ??_C@_1CK@IMAGNILG@?$AAC?$AAo?$AAn?$AAf?$AAi?$AAr?$AAm?$AAe?$AAd?$AA?5?$AAp?$AAo?$AAr?$AAt?$AA?$DN?$AA?$CF?$AAl?$AAl?$AAd?$AA?6?$AA?$AA@ 000000014001f66a     dbg_..-common-remote.o
 0002:0000369c       ??_C@_1CE@BDEHPDNE@?$AAG?$AAe?$AAt?$AA?5?$AAc?$AAo?$AAm?$AAm?$AAa?$AAn?$AAd?$AA?5?$AA?$FL?$AA?$CF?$AAs?$AA?$FN?$AA?6?$AA?$AA@ 000000014001f69c     dbg_..-common-remote.o
 0002:000036c8       ??_C@_1DG@NNMMEGKD@?$AAS?$AAe?$AAl?$AAe?$AAc?$AAt?$AAe?$AAd?$AA?5?$AAc?$AAo?$AAn?$AAn?$AAe?$AAc?$AAt?$AA?5?$AAc?$AAo?$AAm?$AAm?$AAa?$AAn?$AAd?$AA?4?$AA?6?$AA?$AA@ 000000014001f6c8     dbg_..-common-remote.o
 0002:00003708       ??_C@_1CI@KPENLAE@?$AAE?$AAn?$AAt?$AAe?$AAr?$AA?5?$AAI?$AAP?$AA?5?$AAa?$AAn?$AAd?$AA?5?$AAP?$AAO?$AAR?$AAT?$AA?4?$AA?6?$AA?$AA@ 000000014001f708     dbg_..-common-remote.o
 0002:00003738       ??_C@_1EG@CAHECGOL@?$AAT?$AAr?$AAy?$AAi?$AAn?$AAg?$AA?5?$AAt?$AAo?$AA?5?$AAc?$AAo?$AAn?$AAn?$AAe?$AAc?$AAt?$AA?5?$AAt?$AAo?$AA?5?$AA?$FL?$AA?$CF?$AAs?$AA?$FN?$AA?5?$AA?$FL?$AA?$CF?$AAs?$AA?$FN?$AA?4?$AA?4@ 000000014001f738     dbg_..-common-remote.o
 0002:0000378c       ??_C@_1DG@GLOHHOJG@?$AAT?$AAe?$AAm?$AAp?$AAo?$AAr?$AAa?$AAr?$AAy?$AA?5?$AAl?$AAo?$AAc?$AAa?$AAl?$AA_?$AAi?$AAd?$AA?5?$AA?$DN?$AA?5?$AA?$CF?$AAl?$AAl?$AAd?$AA?6?$AA?$AA@ 000000014001f78c     dbg_..-common-remote.o
 0002:000037cc       ??_C@_1DC@MOJEJJIM@?$AAC?$AAo?$AAn?$AAf?$AAi?$AAg?$AAu?$AAr?$AAa?$AAt?$AAi?$AAo?$AAn?$AA?5?$AAc?$AAo?$AAn?$AAf?$AAi?$AAr?$AAm?$AAe?$AAd?$AA?6?$AA?$AA@ 000000014001f7cc     dbg_..-common-remote.o
 0002:00003808       ??_C@_1BA@IEOPIPPP@?$AAg?$AAe?$AAt?$AA?5?$AAi?$AAd?$AA?6?$AA?$AA@ 000000014001f808     dbg_..-common-remote.o
 0002:0000381c       ??_C@_1BE@JGIALBEO@?$AAs?$AAl?$AAe?$AAe?$AAp?$AAi?$AAn?$AAg?$AA?6?$AA?$AA@ 000000014001f81c     dbg_..-common-remote.o
 0002:00003834       ??_C@_1CC@DLADIFA@?$AAr?$AAu?$AAn?$AAn?$AAi?$AAn?$AAg?$AA?5?$AAt?$AAh?$AAr?$AAe?$AAa?$AAd?$AAs?$AA?6?$AA?$AA@ 000000014001f834     dbg_..-common-remote.o
 0002:0000385c       ??_C@_1CO@OPIMELJM@?$AAn?$AAe?$AAt?$AAw?$AAo?$AAr?$AAk?$AA?5?$AAi?$AAn?$AAi?$AAt?$AAi?$AAa?$AAl?$AAi?$AAz?$AAa?$AAt?$AAe?$AAd?$AA?6?$AA?$AA@ 000000014001f85c     dbg_..-common-remote.o
 0002:00003894       ??_C@_1DM@PKIKMHMJ@?$AA?$FL?$AAN?$AAE?$AAT?$AAW?$AAO?$AAR?$AAK?$AA?$FN?$AA?3?$AA?5?$AAP?$AAe?$AAe?$AAr?$AA?5?$AAd?$AAi?$AAs?$AAc?$AAo?$AAn?$AAn?$AAe?$AAc?$AAt?$AAe?$AAd?$AA?6?$AA?$AA@ 000000014001f894     dbg_..-common-remote.o
 0002:000038dc       ??_C@_1DG@IHKBKGHO@?$AAG?$AAe?$AAt?$AA?5?$AAm?$AAe?$AAs?$AAs?$AAa?$AAg?$AAe?$AA?5?$AAo?$AAf?$AA?5?$AA?$CF?$AAl?$AAl?$AAd?$AA?5?$AAb?$AAy?$AAt?$AAe?$AAs?$AA?6?$AA?$AA@ 000000014001f8dc     dbg_..-common-remote.o
 0002:0000391c       ??_C@_1EE@FBAKCJKM@?$AAp?$AAr?$AAo?$AAc?$AAe?$AAs?$AAs?$AA?5?$AAh?$AAe?$AAa?$AAd?$AAe?$AAr?$AA?$FL?$AAo?$AAk?$AA?$FN?$AA?5?$AA?$FL?$AAh?$AAe?$AAa?$AAd?$AAe?$AAr?$AA?$DN?$AA?$CF?$AAl?$AAl?$AAd?$AA?$FN@ 000000014001f91c     dbg_..-common-remote.o
 0002:0000396e       ??_C@_1EE@CIFDCIBF@?$AAp?$AAr?$AAo?$AAc?$AAe?$AAs?$AAs?$AA?5?$AAl?$AAe?$AAn?$AAg?$AAt?$AAh?$AA?$FL?$AAo?$AAk?$AA?$FN?$AA?5?$AA?$FL?$AAl?$AAe?$AAn?$AAg?$AAt?$AAh?$AA?$DN?$AA?$CF?$AAl?$AAl?$AAd?$AA?$FN@ 000000014001f96e     dbg_..-common-remote.o
 0002:000039c0       ??_C@_1CM@JBMABCGC@?$AAp?$AAr?$AAo?$AAc?$AAe?$AAs?$AAs?$AA?5?$AAl?$AAe?$AAn?$AAg?$AAt?$AAh?$AA?$FL?$AAp?$AAa?$AAr?$AAt?$AA?$FN?$AA?6?$AA?$AA@ 000000014001f9c0     dbg_..-common-remote.o
 0002:000039f4       ??_C@_1CE@BMKCCAOL@?$AAp?$AAr?$AAo?$AAc?$AAe?$AAs?$AAs?$AA?5?$AAb?$AAo?$AAd?$AAy?$AA?$FL?$AAo?$AAk?$AA?$FN?$AA?6?$AA?$AA@ 000000014001f9f4     dbg_..-common-remote.o
 0002:00003a20       ??_C@_1FE@JBHEOMDM@?$AAc?$AAo?$AAn?$AAn?$AAe?$AAc?$AAt?$AAi?$AAo?$AAn?$AA?5?$AAw?$AAa?$AAs?$AA?5?$AAc?$AAl?$AAo?$AAs?$AAe?$AAd?$AA?4?$AA?5?$AA?$FL?$AAl?$AAo?$AAc?$AAa?$AAl?$AA_?$AAi?$AAd@ 000000014001fa20     dbg_..-common-remote.o
 0002:00003a84       ??_C@_1CI@LDDDECLE@?$AAp?$AAr?$AAo?$AAc?$AAe?$AAs?$AAs?$AA?5?$AAb?$AAo?$AAd?$AAy?$AA?$FL?$AAp?$AAa?$AAr?$AAt?$AA?$FN?$AA?6?$AA?$AA@ 000000014001fa84     dbg_..-common-remote.o
 0002:00003ab4       ??_C@_1FI@DLIHECMG@?$AAG?$AAe?$AAt?$AA?5?$AAa?$AAp?$AAi?$AA?5?$AAc?$AAa?$AAl?$AAl?$AA?5?$AA?$CF?$AAl?$AAl?$AAd?$AA?5?$AAo?$AAf?$AA?5?$AAl?$AAe?$AAn?$AAg?$AAt?$AAh?$AA?3?$AA?5?$AA?$CF?$AAl?$AAl@ 000000014001fab4     dbg_..-common-remote.o
 0002:00003b1e       ??_C@_1EC@IGPNEALA@?$AAA?$AAP?$AAI?$AA_?$AAR?$AAE?$AAQ?$AAU?$AAE?$AAS?$AAT?$AA_?$AAC?$AAO?$AAN?$AAN?$AAE?$AAC?$AAT?$AAI?$AAO?$AAN?$AA?5?$AAa?$AAn?$AAs?$AAw?$AAe?$AAr?$AAe?$AAd?$AA?6@ 000000014001fb1e     dbg_..-common-remote.o
 0002:00003b6e       ??_C@_1HI@PFGJBABN@?$AAA?$AAP?$AAI?$AA_?$AAA?$AAN?$AAS?$AAW?$AAE?$AAR?$AA_?$AAR?$AAE?$AAQ?$AAU?$AAE?$AAS?$AAT?$AA_?$AAC?$AAO?$AAN?$AAN?$AAE?$AAC?$AAT?$AAI?$AAO?$AAN?$AA?5?$AAu?$AAp@ 000000014001fb6e     dbg_..-common-remote.o
 0002:00003bfe       ??_C@_1EM@NFKPCEGC@?$AAU?$AAp?$AAd?$AAa?$AAt?$AAe?$AAd?$AA?5?$AAu?$AAs?$AAi?$AAn?$AAg?$AA?5?$AA?$FL?$AAc?$AAo?$AAn?$AA?$DN?$AA?$CF?$AAp?$AA?$FN?$AA?5?$AA?$FL?$AAa?$AAn?$AAd?$AA?5?$AAf?$AAr?$AAe?$AAe@ 000000014001fbfe     dbg_..-common-remote.o
 0002:00003c5a       ??_C@_1LA@ICLCBFDH@?$AAE?$AAr?$AAr?$AAo?$AAr?$AA?3?$AA?5?$AAA?$AAP?$AAI?$AA_?$AAA?$AAN?$AAS?$AAW?$AAE?$AAR?$AA_?$AAR?$AAE?$AAQ?$AAU?$AAE?$AAS?$AAT?$AA_?$AAC?$AAO?$AAN?$AAN?$AAE?$AAC@ 000000014001fc5a     dbg_..-common-remote.o
 0002:00003d2e       ??_C@_1FA@NLLPLBEB@?$AAA?$AAP?$AAI?$AA_?$AAR?$AAE?$AAQ?$AAU?$AAE?$AAS?$AAT?$AA_?$AAI?$AAD?$AA?5?$AAp?$AAa?$AAg?$AAe?$AA?$DN?$AA?$CF?$AAl?$AAl?$AAd?$AA?5?$AA?$FL?$AAp?$AAr?$AAe?$AAf?$AAi?$AAx@ 000000014001fd2e     dbg_..-common-remote.o
 0002:00003d8e       ??_C@_1BG@IOHEMCP@?$AAR?$AAe?$AAf?$AAu?$AAs?$AAe?$AA?5?$AAi?$AAd?$AA?6?$AA?$AA@ 000000014001fd8e     dbg_..-common-remote.o
 0002:00003da8       ??_C@_1EI@DCLENIAC@?$AAC?$AAo?$AAn?$AAf?$AAi?$AAr?$AAm?$AAe?$AAd?$AA?5?$AAb?$AAe?$AAc?$AAo?$AAu?$AAs?$AAe?$AA?5?$AAl?$AAo?$AAc?$AAa?$AAl?$AA_?$AAi?$AAd?$AA?5?$AAd?$AAi?$AAf?$AAf?$AAe@ 000000014001fda8     dbg_..-common-remote.o
 0002:00003dfe       ??_C@_1EI@GBBOHBKF@?$AAG?$AAe?$AAt?$AA?5?$AAb?$AAr?$AAo?$AAa?$AAd?$AAc?$AAa?$AAs?$AAt?$AA?5?$AAa?$AAn?$AAs?$AAw?$AAe?$AAr?$AA?5?$AA?$FL?$AAp?$AAr?$AAe?$AAf?$AAi?$AAx?$AA?$DN?$AA?$CF?$AAl?$AAl@ 000000014001fdfe     dbg_..-common-remote.o
 0002:00003e54       ??_C@_1CK@JAOCGICP@?$AAB?$AAr?$AAo?$AAa?$AAd?$AAc?$AAa?$AAs?$AAt?$AA?5?$AAc?$AAo?$AAn?$AAf?$AAi?$AAr?$AAm?$AAe?$AAd?$AA?6?$AA?$AA@ 000000014001fe54     dbg_..-common-remote.o
 0002:00003e86       ??_C@_1FM@HIELKEO@?$AAA?$AAP?$AAI?$AA_?$AAR?$AAE?$AAQ?$AAU?$AAE?$AAS?$AAT?$AA_?$AAM?$AAE?$AAM?$AA_?$AAP?$AAA?$AAG?$AAE?$AA?5?$AAp?$AAa?$AAg?$AAe?$AA?$DN?$AA?$CF?$AAl?$AAl?$AAd?$AA?5?$AA?$FL@ 000000014001fe86     dbg_..-common-remote.o
 0002:00003ef4       ??_C@_1CG@KIALDCLE@?$AAR?$AAe?$AAf?$AAu?$AAs?$AAe?$AA?5?$AAa?$AAl?$AAl?$AAo?$AAc?$AAa?$AAt?$AAi?$AAo?$AAn?$AA?6?$AA?$AA@ 000000014001fef4     dbg_..-common-remote.o
 0002:00003f22       ??_C@_1CM@IABHOCCE@?$AAg?$AAe?$AAt?$AA?5?$AAp?$AAu?$AAs?$AAh?$AA?5?$AAo?$AAb?$AAj?$AAe?$AAc?$AAt?$AA?5?$AA?$CF?$AAl?$AAl?$AAd?$AA?6?$AA?$AA@ 000000014001ff22     dbg_..-common-remote.o
 0002:00003f56       ??_C@_1BM@CKHNEJCK@?$AAl?$AAo?$AAc?$AAa?$AAl?$AA?9?$AAp?$AAu?$AAs?$AAh?$AAe?$AAd?$AA?6?$AA?$AA@ 000000014001ff56     dbg_..-common-remote.o
 0002:00003f78       ??_C@_1CG@LACBKCJC@?$AAr?$AAe?$AAm?$AAo?$AAt?$AAe?$AA?9?$AAr?$AAe?$AAd?$AAi?$AAr?$AAe?$AAc?$AAt?$AAe?$AAd?$AA?6?$AA?$AA@ 000000014001ff78     dbg_..-common-remote.o
 0002:00003fa6       ??_C@_1GM@LPBCPABN@?$AAU?$AAP?$AAD?$AAA?$AAT?$AAE?$AA?5?$AAP?$AAA?$AAT?$AAH?$AA?5?$AA1?$AA?5?$AAT?$AAO?$AA?5?$AA?$CF?$AAl?$AAl?$AAd?$AA?5?$AA?$FL?$AAd?$AAi?$AAs?$AAt?$AAa?$AAn?$AAc?$AAe?$AA?$DN@ 000000014001ffa6     dbg_..-common-remote.o
 0002:00004028       ??_C@_1GM@FBBGBBEM@?$AAU?$AAP?$AAD?$AAA?$AAT?$AAE?$AA?5?$AAP?$AAA?$AAT?$AAH?$AA?5?$AA2?$AA?5?$AAT?$AAO?$AA?5?$AA?$CF?$AAl?$AAl?$AAd?$AA?5?$AA?$FL?$AAd?$AAi?$AAs?$AAt?$AAa?$AAn?$AAc?$AAe?$AA?$DN@ 0000000140020028     dbg_..-common-remote.o
 0002:000040aa       ??_C@_1HC@GFDBDKMJ@?$AAU?$AAP?$AAD?$AAA?$AAT?$AAE?$AA?5?$AAI?$AAD?$AA?5?$AAP?$AAA?$AAT?$AAH?$AA?5?$AA1?$AA?5?$AAT?$AAO?$AA?5?$AA?$CF?$AAl?$AAl?$AAd?$AA?5?$AA?$FL?$AAd?$AAi?$AAs?$AAt?$AAa?$AAn@ 00000001400200aa     dbg_..-common-remote.o
 0002:00004132       ??_C@_1HC@ILDFNLJI@?$AAU?$AAP?$AAD?$AAA?$AAT?$AAE?$AA?5?$AAI?$AAD?$AA?5?$AAP?$AAA?$AAT?$AAH?$AA?5?$AA2?$AA?5?$AAT?$AAO?$AA?5?$AA?$CF?$AAl?$AAl?$AAd?$AA?5?$AA?$FL?$AAd?$AAi?$AAs?$AAt?$AAa?$AAn@ 0000000140020132     dbg_..-common-remote.o
 0002:000041ba       ??_C@_1HC@IPIJLOJO@?$AAG?$AAe?$AAt?$AA?5?$AAr?$AAe?$AAm?$AAo?$AAt?$AAe?$AA?5?$AAs?$AAt?$AAa?$AAr?$AAt?$AA?5?$AAw?$AAo?$AAr?$AAk?$AAe?$AAr?$AA?5?$AA?$CF?$AAl?$AAl?$AAd?$AA?5?$AAf?$AAr?$AAo@ 00000001400201ba     dbg_..-common-remote.o
 0002:00004242       ??_C@_1FC@CBJJGKKM@?$AAG?$AAE?$AAT?$AA?5?$AAH?$AAI?$AAV?$AAE?$AA?5?$AAS?$AAT?$AAA?$AAT?$AAE?$AA?3?$AA?5?$AA?$CF?$AAl?$AAl?$AAd?$AA?5?$AA?$CF?$AAl?$AAl?$AAd?$AA?5?$AA?$CF?$AAl?$AAl?$AAd?$AA?5?$AA?$FL@ 0000000140020242     dbg_..-common-remote.o
 0002:000042a4       ??_C@_1CG@PIAFPEME@?$AAS?$AAe?$AAr?$AAv?$AAe?$AAr?$AA?5?$AAs?$AAt?$AAa?$AAr?$AAt?$AAe?$AAd?$AA?4?$AA?4?$AA?4?$AA?6?$AA?$AA@ 00000001400202a4     dbg_..-common-remote.o
 0002:000042d2       ??_C@_1BI@HLOPLBKF@?$AAb?$AAi?$AAn?$AAd?$AAi?$AAn?$AAg?$AA?4?$AA?4?$AA?4?$AA?6?$AA?$AA@ 00000001400202d2     dbg_..-common-remote.o
 0002:000042ee       ??_C@_1CA@GONFBJEC@?$AAS?$AAo?$AAc?$AAk?$AAe?$AAt?$AA?5?$AAc?$AAr?$AAe?$AAa?$AAt?$AAe?$AAd?$AA?6?$AA?$AA@ 00000001400202ee     dbg_..-common-remote.o
 0002:00004314       ??_C@_1DK@EHAPFJND@?$AAs?$AAe?$AAr?$AAv?$AAe?$AAr?$AA?5?$AAs?$AAt?$AAa?$AAr?$AAt?$AAe?$AAd?$AA?5?$AAo?$AAn?$AA?5?$AAp?$AAo?$AAr?$AAt?$AA?5?$AA?$CF?$AAl?$AAl?$AAd?$AA?6?$AA?$AA@ 0000000140020314     dbg_..-common-remote.o
 0002:0000435a       ??_C@_1CM@OOKLEHNG@?$AAg?$AAe?$AAt?$AA?5?$AAn?$AAa?$AAm?$AAe?$AA?5?$AAf?$AAa?$AAi?$AAl?$AAe?$AAd?$AA?5?$AA?$CF?$AAl?$AAl?$AAd?$AA?6?$AA?$AA@ 000000014002035a     dbg_..-common-remote.o
 0002:0000438e       ??_C@_1CG@NGNGJBNB@?$AAE?$AAr?$AAr?$AAo?$AAr?$AA?5?$AAh?$AAa?$AAp?$AAp?$AAe?$AAn?$AA?5?$AA?$CF?$AAl?$AAl?$AAd?$AA?6?$AA?$AA@ 000000014002038e     dbg_..-common-remote.o
 0002:00004660       ??_C@_1GG@FCHEHEMI@?$AAE?$AAr?$AAr?$AAo?$AAr?$AA?3?$AA?5?$AAt?$AAh?$AAi?$AAs?$AA?5?$AAw?$AAo?$AAr?$AAk?$AAe?$AAr?$AA?5?$AAd?$AAo?$AAe?$AAn?$AA?8?$AAt?$AA?5?$AAs?$AAu?$AAp?$AAp?$AAo?$AAr@ 0000000140020660     dbg_..-common-runtime.o
 0002:000046da       ??_C@_1DO@CBJEPNAO@?$AAP?$AAr?$AAo?$AAm?$AAi?$AAs?$AAe?$AA?$CI?$AAs?$AAe?$AAt?$AA?$DN?$AA?$CF?$AA0?$AA2?$AAx?$AA?0?$AA?5?$AAf?$AAi?$AAr?$AAs?$AAt?$AA4?$AAb?$AAy?$AAt?$AAe?$AAs?$AA?$DN?$AA?$AA@ 00000001400206da     dbg_..-common-runtime.o
 0002:00004724       ??_C@_15BCDOKMG@?$AA?$CJ?$AA?6?$AA?$AA@ 0000000140020724     dbg_..-common-runtime.o
 0002:0000472c       ??_C@_1EO@JIHFKLGM@?$AAA?$AAr?$AAr?$AAa?$AAy?$AA?$CI?$AAl?$AAe?$AAn?$AAg?$AAt?$AAh?$AA?$DN?$AA?$CF?$AAl?$AAl?$AAd?$AA?0?$AA?5?$AAe?$AAl?$AAe?$AAm?$AAe?$AAn?$AAt?$AA_?$AAs?$AAi?$AAz?$AAe?$AA?$DN@ 000000014002072c     dbg_..-common-runtime.o
 0002:0000478a       ??_C@_15IPOKAMGA@?$AA?$HL?$AA?5?$AA?$AA@ 000000014002078a     dbg_..-common-runtime.o
 0002:00004792       ??_C@_13EHOOFIKC@?$AA?$HN?$AA?$AA@ 0000000140020792     dbg_..-common-runtime.o
 0002:00004796       ??_C@_15JOGBDECP@?$AA?0?$AA?5?$AA?$AA@ 0000000140020796     dbg_..-common-runtime.o
 0002:0000479e       ??_C@_1CG@OGLIMIIK@?$AAC?$AAl?$AAa?$AAs?$AAs?$AA?$CI?$AAf?$AAi?$AAr?$AAs?$AAt?$AA4?$AAb?$AAy?$AAt?$AAe?$AAs?$AA?$DN?$AA?$AA@ 000000014002079e     dbg_..-common-runtime.o
 0002:000047cc       ??_C@_1DM@HBMDBMCD@?$AAO?$AAb?$AAj?$AAe?$AAc?$AAt?$AA?5?$AAo?$AAf?$AA?5?$AAu?$AAn?$AAk?$AAn?$AAo?$AAw?$AAn?$AA?5?$AAt?$AAy?$AAp?$AAe?$AA?3?$AA?5?$AA?$CF?$AA0?$AA2?$AAx?$AA?6?$AA?$AA@ 00000001400207cc     dbg_..-common-runtime.o
 0002:00004814       ??_C@_1FG@HBFKKPHD@?$AAW?$AAo?$AAr?$AAk?$AAe?$AAr?$AA?5?$AAa?$AAd?$AAd?$AA?5?$AAt?$AAo?$AA?5?$AAw?$AAa?$AAi?$AAt?$AA?5?$AAl?$AAi?$AAs?$AAt?$AA?5?$AA?$FL?$AAi?$AAd?$AA?$DN?$AA?$CF?$AAl?$AAl?$AAd@ 0000000140020814     dbg_..-common-runtime.o
 0002:0000487c       ??_C@_1EI@FJBGIEMF@?$AAW?$AAo?$AAr?$AAk?$AAe?$AAr?$AA?5?$AAe?$AAn?$AAq?$AAu?$AAe?$AAu?$AAe?$AAd?$AA?5?$AA?$FL?$AAi?$AAd?$AA?$DN?$AA?$CF?$AAl?$AAl?$AAd?$AA?0?$AA?5?$AAd?$AAa?$AAt?$AAa?$AA?$DN?$AA?$CF@ 000000014002087c     dbg_..-common-runtime.o
 0002:000048d2       ??_C@_1DA@BGFPOGFP@?$AAU?$AAp?$AAd?$AAa?$AAt?$AAe?$AA?5?$AAw?$AAa?$AAi?$AAt?$AAi?$AAn?$AAg?$AA?5?$AAw?$AAo?$AAr?$AAk?$AAe?$AAr?$AAs?$AA?6?$AA?$AA@ 00000001400208d2     dbg_..-common-runtime.o
 0002:0000490c       ??_C@_1EC@DIBFBAPA@?$AAw?$AAo?$AAr?$AAk?$AAe?$AAr?$AA?5?$AA?$FL?$AAd?$AAa?$AAt?$AAa?$AA?$DN?$AA?$CF?$AAp?$AA?$FN?$AA?3?$AA?5?$AAw?$AAa?$AAi?$AAt?$AA?5?$AAf?$AAo?$AAr?$AA?5?$AA?$CF?$AAl?$AAl?$AAd?$AA?6@ 000000014002090c     dbg_..-common-runtime.o
 0002:0000495c       ??_C@_1EK@MGGOMMGJ@?$AAr?$AAe?$AAt?$AAu?$AAr?$AAn?$AAi?$AAn?$AAg?$AA?5?$AA?$CF?$AAl?$AAl?$AAd?$AA?5?$AAw?$AAo?$AAr?$AAk?$AAe?$AAr?$AAs?$AA?5?$AAt?$AAo?$AA?5?$AAw?$AAa?$AAi?$AAt?$AA?5?$AAl@ 000000014002095c     dbg_..-common-runtime.o
 0002:000049b4       ??_C@_1DA@MHCNHEFI@?$AAg?$AAo?$AAt?$AA?5?$AA?$CF?$AAl?$AAl?$AAd?$AA?5?$AAw?$AAo?$AAr?$AAk?$AAe?$AAr?$AAs?$AA?5?$AAt?$AAh?$AAe?$AAr?$AAe?$AA?6?$AA?$AA@ 00000001400209b4     dbg_..-common-runtime.o
 0002:000049ee       ??_C@_1FE@PPKJADDP@?$AAW?$AAa?$AAn?$AAt?$AA?5?$AAr?$AAu?$AAn?$AA?5?$AAr?$AAe?$AAm?$AAo?$AAt?$AAe?$AA?0?$AA?5?$AAb?$AAu?$AAt?$AA?3?$AA?5?$AA?$CF?$AAl?$AAl?$AAd?$AA?5?$AA?$CF?$AAl?$AAl?$AAd?$AA?5@ 00000001400209ee     dbg_..-common-runtime.o
 0002:00004a52       ??_C@_1IE@FHIKABLD@?$AAE?$AAr?$AAr?$AAo?$AAr?$AA?3?$AA?5?$AAc?$AAa?$AAn?$AA?8?$AAt?$AA?5?$AAr?$AAu?$AAn?$AA?5?$AAr?$AAe?$AAm?$AAo?$AAt?$AAe?$AA?5?$AAw?$AAo?$AAr?$AAk?$AAe?$AAr?$AA?5?$AA?$CF@ 0000000140020a52     dbg_..-common-runtime.o
 0002:00004af0       ??_C@_1GC@JGFAAALF@?$AAS?$AAt?$AAa?$AAr?$AAt?$AAi?$AAn?$AAg?$AA?5?$AAn?$AAe?$AAw?$AA?5?$AAl?$AAo?$AAc?$AAa?$AAl?$AA?5?$AAw?$AAo?$AAr?$AAk?$AAe?$AAr?$AA?5?$AA?$CF?$AAl?$AAl?$AAd?$AA?5?$AA?$FL@ 0000000140020af0     dbg_..-common-runtime.o
 0002:00004b66       ??_C@_1HE@GOIHIEDE@?$AAE?$AAr?$AAr?$AAo?$AAr?$AA?3?$AA?5?$AAp?$AAr?$AAo?$AAv?$AAi?$AAd?$AAe?$AAr?$AA?5?$AA?$CF?$AAl?$AAl?$AAd?$AA?5?$AAd?$AAo?$AAe?$AAs?$AAn?$AA?8?$AAt?$AA?5?$AAs?$AAu?$AAp@ 0000000140020b66     dbg_..-common-runtime.o
 0002:00004bf2       ??_C@_1EG@KLACJNPC@?$AAE?$AAr?$AAr?$AAo?$AAr?$AA?3?$AA?5?$AAt?$AAh?$AAi?$AAs?$AA?5?$AAi?$AAs?$AAn?$AA?8?$AAt?$AA?5?$AAh?$AAi?$AAv?$AAe?$AA?5?$AAe?$AAx?$AAe?$AAc?$AAu?$AAt?$AAa?$AAb?$AAl@ 0000000140020bf2     dbg_..-common-runtime.o
 0002:00004c46       ??_C@_1GG@OIFEBPCL@?$AAE?$AAr?$AAr?$AAo?$AAr?$AA?3?$AA?5?$AAt?$AAh?$AAi?$AAs?$AA?5?$AAi?$AAs?$AA?5?$AAe?$AAx?$AAe?$AAc?$AAu?$AAt?$AAa?$AAb?$AAl?$AAe?$AA?5?$AAo?$AAf?$AA?5?$AAn?$AAo?$AAt@ 0000000140020c46     dbg_..-common-runtime.o
 0002:00004cc0       ??_C@_1DC@FFLNADD@?$AAE?$AAr?$AAr?$AAo?$AAr?$AA?3?$AA?5?$AAw?$AAi?$AAn?$AAa?$AAp?$AAi?$AA?5?$AAe?$AAr?$AAr?$AAo?$AAr?$AA?5?$AA?$CF?$AAl?$AAd?$AA?6?$AA?$AA@ 0000000140020cc0     dbg_..-common-runtime.o
 0002:00004cfc       ??_C@_1DE@BIGGJJBN@?$AAh?$AAe?$AAa?$AAd?$AAe?$AAr?$AA?5?$AA?$CF?$AAl?$AAl?$AAd?$AA?5?$AAo?$AAf?$AA?5?$AAs?$AAi?$AAz?$AAe?$AA?5?$AA?$CF?$AAl?$AAl?$AAd?$AA?6?$AA?$AA@ 0000000140020cfc     dbg_..-common-runtime.o
[...]
 0003:00019040       dwTlsIndex                 000000014003c040     dbg_..-common-runtime.o
 0003:00019048       defined_arrays             000000014003c048     dbg_..-common-runtime.o
 0003:000192d8       hContinueEvent             000000014003c2d8     dbg_..-common-sheduler.o
 0003:000192e0       glbMasterInfo              000000014003c2e0     dbg_..-common-sheduler.o
 0003:000192ec       ExPoolZeroingNativelySupported 000000014003c2ec     ws2_32:indef.obj
 0004:00000000       __imp_GdiSetBatchLimit     000000014003d000     gdi32:GDI32.dll
 0004:00000008       \177GDI32_NULL_THUNK_DATA  000000014003d008     gdi32:GDI32.dll
 0004:00000060       __imp_WaitForMultipleObjects 000000014003d060     kernel32:KERNEL32.dll
 0004:00000068       __imp_ResetEvent           000000014003d068     kernel32:KERNEL32.dll
 0004:00000070       __imp_TlsGetValue          000000014003d070     kernel32:KERNEL32.dll
 0004:00000078       __imp_GetLastError         000000014003d078     kernel32:KERNEL32.dll
 0004:00000080       __imp_HeapAlloc            000000014003d080     kernel32:KERNEL32.dll
 0004:00000088       __imp_MultiByteToWideChar  000000014003d088     kernel32:KERNEL32.dll
 0004:00000090       __imp_WriteConsoleW        000000014003d090     kernel32:KERNEL32.dll
 0004:00000098       __imp_HeapReAlloc          000000014003d098     kernel32:KERNEL32.dll
 0004:000000a0       __imp_HeapFree             000000014003d0a0     kernel32:KERNEL32.dll
 0004:000000a8       __imp_GetConsoleMode       000000014003d0a8     kernel32:KERNEL32.dll
 0004:000000b0       __imp_ReadConsoleW         000000014003d0b0     kernel32:KERNEL32.dll
 0004:000000b8       __imp_ReadFile             000000014003d0b8     kernel32:KERNEL32.dll
 0004:000000c0       __imp_ExitProcess          000000014003d0c0     kernel32:KERNEL32.dll
 0004:000000c8       __imp_QueryPerformanceCounter 000000014003d0c8     kernel32:KERNEL32.dll
 0004:000000d0       __imp_QueryPerformanceFrequency 000000014003d0d0     kernel32:KERNEL32.dll
 0004:000000d8       __imp_GetStdHandle         000000014003d0d8     kernel32:KERNEL32.dll
 0004:000000e0       __imp_GetProcessHeap       000000014003d0e0     kernel32:KERNEL32.dll
 0004:000000e8       __imp_AcquireSRWLockExclusive 000000014003d0e8     kernel32:KERNEL32.dll
 0004:000000f0       __imp_ReleaseSRWLockExclusive 000000014003d0f0     kernel32:KERNEL32.dll
 0004:000000f8       __imp_GetThreadContext     000000014003d0f8     kernel32:KERNEL32.dll
 0004:00000100       __imp_SetThreadContext     000000014003d100     kernel32:KERNEL32.dll
 0004:00000108       __imp_AcquireSRWLockShared 000000014003d108     kernel32:KERNEL32.dll
 0004:00000110       __imp_ReleaseSRWLockShared 000000014003d110     kernel32:KERNEL32.dll
 0004:00000118       __imp_Sleep                000000014003d118     kernel32:KERNEL32.dll
 0004:00000120       __imp_CreateIoCompletionPort 000000014003d120     kernel32:KERNEL32.dll
 0004:00000128       __imp_FormatMessageW       000000014003d128     kernel32:KERNEL32.dll
 0004:00000130       __imp_CreateThread         000000014003d130     kernel32:KERNEL32.dll
 0004:00000138       __imp_TryAcquireSRWLockExclusive 000000014003d138     kernel32:KERNEL32.dll
 0004:00000140       __imp_GetQueuedCompletionStatus 000000014003d140     kernel32:KERNEL32.dll
 0004:00000148       __imp_VirtualAlloc         000000014003d148     kernel32:KERNEL32.dll
 0004:00000150       __imp_LoadLibraryA         000000014003d150     kernel32:KERNEL32.dll
 0004:00000158       __imp_GetProcAddress       000000014003d158     kernel32:KERNEL32.dll
 0004:00000160       __imp_TlsAlloc             000000014003d160     kernel32:KERNEL32.dll
 0004:00000168       __imp_CreateFileW          000000014003d168     kernel32:KERNEL32.dll
 0004:00000170       __imp_GetFileSizeEx        000000014003d170     kernel32:KERNEL32.dll
 0004:00000178       __imp_CloseHandle          000000014003d178     kernel32:KERNEL32.dll
 0004:00000180       __imp_GetCommandLineW      000000014003d180     kernel32:KERNEL32.dll
 0004:00000188       __imp_TlsFree              000000014003d188     kernel32:KERNEL32.dll
 0004:00000190       __imp_TlsSetValue          000000014003d190     kernel32:KERNEL32.dll
 0004:00000198       __imp_SetEvent             000000014003d198     kernel32:KERNEL32.dll
 0004:000001a0       __imp_SuspendThread        000000014003d1a0     kernel32:KERNEL32.dll
 0004:000001a8       __imp_ResumeThread         000000014003d1a8     kernel32:KERNEL32.dll
 0004:000001b0       __imp_CreateEventW         000000014003d1b0     kernel32:KERNEL32.dll
 0004:000001b8       __imp_WaitForSingleObject  000000014003d1b8     kernel32:KERNEL32.dll
 0004:000001c0       \177KERNEL32_NULL_THUNK_DATA 000000014003d1c0     kernel32:KERNEL32.dll
 0004:00000258       __imp_clSetKernelArg       000000014003d258     OpenCL:OpenCL.dll
 0004:00000260       __imp_clCreateContext      000000014003d260     OpenCL:OpenCL.dll
 0004:00000268       __imp_clFinish             000000014003d268     OpenCL:OpenCL.dll
 0004:00000270       __imp_clCreateBuffer       000000014003d270     OpenCL:OpenCL.dll
 0004:00000278       __imp_clCreateKernel       000000014003d278     OpenCL:OpenCL.dll
 0004:00000280       __imp_clGetProgramBuildInfo 000000014003d280     OpenCL:OpenCL.dll
 0004:00000288       __imp_clBuildProgram       000000014003d288     OpenCL:OpenCL.dll
 0004:00000290       __imp_clCreateProgramWithSource 000000014003d290     OpenCL:OpenCL.dll
 0004:00000298       __imp_clCreateCommandQueueWithProperties 000000014003d298     OpenCL:OpenCL.dll
 0004:000002a0       __imp_clGetKernelArgInfo   000000014003d2a0     OpenCL:OpenCL.dll
 0004:000002a8       __imp_clGetDeviceInfo      000000014003d2a8     OpenCL:OpenCL.dll
 0004:000002b0       __imp_clGetDeviceIDs       000000014003d2b0     OpenCL:OpenCL.dll
 0004:000002b8       __imp_clGetPlatformInfo    000000014003d2b8     OpenCL:OpenCL.dll
 0004:000002c0       __imp_clGetPlatformIDs     000000014003d2c0     OpenCL:OpenCL.dll
 0004:000002c8       __imp_clEnqueueWriteBuffer 000000014003d2c8     OpenCL:OpenCL.dll
 0004:000002d0       __imp_clEnqueueReadBuffer  000000014003d2d0     OpenCL:OpenCL.dll
 0004:000002d8       __imp_clEnqueueNDRangeKernel 000000014003d2d8     OpenCL:OpenCL.dll
 0004:000002e0       \177OpenCL_NULL_THUNK_DATA 000000014003d2e0     OpenCL:OpenCL.dll
 0004:00000350       __imp_CommandLineToArgvW   000000014003d350     shell32:SHELL32.dll
 0004:00000358       \177SHELL32_NULL_THUNK_DATA 000000014003d358     shell32:SHELL32.dll
 0004:000003b0       __imp_WSAGetLastError      000000014003d3b0     ws2_32:WS2_32.dll
 0004:000003b8       __imp_accept               000000014003d3b8     ws2_32:WS2_32.dll
 0004:000003c0       __imp_send                 000000014003d3c0     ws2_32:WS2_32.dll
 0004:000003c8       __imp_getsockname          000000014003d3c8     ws2_32:WS2_32.dll
 0004:000003d0       __imp_bind                 000000014003d3d0     ws2_32:WS2_32.dll
 0004:000003d8       __imp_htons                000000014003d3d8     ws2_32:WS2_32.dll
 0004:000003e0       __imp_WSAStartup           000000014003d3e0     ws2_32:WS2_32.dll
 0004:000003e8       __imp_freeaddrinfo         000000014003d3e8     ws2_32:WS2_32.dll
 0004:000003f0       __imp_getaddrinfo          000000014003d3f0     ws2_32:WS2_32.dll
 0004:000003f8       __imp_setsockopt           000000014003d3f8     ws2_32:WS2_32.dll
 0004:00000400       __imp_closesocket          000000014003d400     ws2_32:WS2_32.dll
 0004:00000408       __imp_connect              000000014003d408     ws2_32:WS2_32.dll
 0004:00000410       __imp_socket               000000014003d410     ws2_32:WS2_32.dll
 0004:00000418       __imp_WSARecv              000000014003d418     ws2_32:WS2_32.dll
 0004:00000420       __imp_ntohs                000000014003d420     ws2_32:WS2_32.dll
 0004:00000428       __imp_inet_ntop            000000014003d428     ws2_32:WS2_32.dll
 0004:00000430       __imp_getpeername          000000014003d430     ws2_32:WS2_32.dll
 0004:00000438       __imp_listen               000000014003d438     ws2_32:WS2_32.dll
 0004:00000440       \177WS2_32_NULL_THUNK_DATA 000000014003d440     ws2_32:WS2_32.dll
 0004:000004b0       __imp_BCryptGenRandom      000000014003d4b0     bcrypt:bcrypt.dll
 0004:000004b8       \177bcrypt_NULL_THUNK_DATA 000000014003d4b8     bcrypt:bcrypt.dll
 0004:00000510       __IMPORT_DESCRIPTOR_GDI32  000000014003d510     gdi32:GDI32.dll
 0004:00000524       __IMPORT_DESCRIPTOR_SHELL32 000000014003d524     shell32:SHELL32.dll
 0004:00000538       __IMPORT_DESCRIPTOR_KERNEL32 000000014003d538     kernel32:KERNEL32.dll
 0004:0000054c       __IMPORT_DESCRIPTOR_bcrypt 000000014003d54c     bcrypt:bcrypt.dll
 0004:00000560       __IMPORT_DESCRIPTOR_WS2_32 000000014003d560     ws2_32:WS2_32.dll
 0004:00000574       __IMPORT_DESCRIPTOR_OpenCL 000000014003d574     OpenCL:OpenCL.dll
 0004:00000588       __NULL_IMPORT_DESCRIPTOR   000000014003d588     gdi32:GDI32.dll

 entry point at        0001:00000023

 Static symbols

 0000:fffc1000       .debug$S                   0000000140000000     bcrypt:bcrypt.dll
 0000:fffc1000       .debug$S                   0000000140000000     gdi32:GDI32.dll
 0000:fffc1000       .debug$S                   0000000140000000     kernel32:KERNEL32.dll
 0000:fffc1000       .debug$S                   0000000140000000     kernel32:KERNEL32.dll
 0000:fffc1000       .debug$S                   0000000140000000     kernel32:KERNEL32.dll
 0000:fffc1000       .debug$S                   0000000140000000     kernel32:KERNEL32.dll
 0000:fffc1000       .debug$S                   0000000140000000     kernel32:KERNEL32.dll
 0000:fffc1000       .debug$S                   0000000140000000     kernel32:KERNEL32.dll
 0000:fffc1000       .debug$S                   0000000140000000     kernel32:KERNEL32.dll
 0000:fffc1000       .debug$S                   0000000140000000     kernel32:KERNEL32.dll
 0000:fffc1000       .debug$S                   0000000140000000     kernel32:KERNEL32.dll
 0000:fffc1000       .debug$S                   0000000140000000     kernel32:KERNEL32.dll
 0000:fffc1000       .debug$S                   0000000140000000     kernel32:KERNEL32.dll
 0000:fffc1000       .debug$S                   0000000140000000     kernel32:KERNEL32.dll
 0000:fffc1000       .debug$S                   0000000140000000     kernel32:KERNEL32.dll
 0000:fffc1000       .debug$S                   0000000140000000     kernel32:KERNEL32.dll
 0000:fffc1000       .debug$S                   0000000140000000     kernel32:KERNEL32.dll
 0000:fffc1000       .debug$S                   0000000140000000     kernel32:KERNEL32.dll
 0000:fffc1000       .debug$S                   0000000140000000     kernel32:KERNEL32.dll
 0000:fffc1000       .debug$S                   0000000140000000     kernel32:KERNEL32.dll
 0000:fffc1000       .debug$S                   0000000140000000     kernel32:KERNEL32.dll
 0000:fffc1000       .debug$S                   0000000140000000     kernel32:KERNEL32.dll
 0000:fffc1000       .debug$S                   0000000140000000     kernel32:KERNEL32.dll
 0000:fffc1000       .debug$S                   0000000140000000     kernel32:KERNEL32.dll
 0000:fffc1000       .debug$S                   0000000140000000     kernel32:KERNEL32.dll
 0000:fffc1000       .debug$S                   0000000140000000     kernel32:KERNEL32.dll
 0000:fffc1000       .debug$S                   0000000140000000     kernel32:KERNEL32.dll
 0000:fffc1000       .debug$S                   0000000140000000     kernel32:KERNEL32.dll
 0000:fffc1000       .debug$S                   0000000140000000     kernel32:KERNEL32.dll
 0000:fffc1000       .debug$S                   0000000140000000     kernel32:KERNEL32.dll
 0000:fffc1000       .debug$S                   0000000140000000     kernel32:KERNEL32.dll
 0000:fffc1000       .debug$S                   0000000140000000     kernel32:KERNEL32.dll
 0000:fffc1000       .debug$S                   0000000140000000     kernel32:KERNEL32.dll
 0000:fffc1000       .debug$S                   0000000140000000     kernel32:KERNEL32.dll
 0000:fffc1000       .debug$S                   0000000140000000     kernel32:KERNEL32.dll
 0000:fffc1000       .debug$S                   0000000140000000     kernel32:KERNEL32.dll
 0000:fffc1000       .debug$S                   0000000140000000     kernel32:KERNEL32.dll
 0000:fffc1000       .debug$S                   0000000140000000     kernel32:KERNEL32.dll
 0000:fffc1000       .debug$S                   0000000140000000     kernel32:KERNEL32.dll
 0000:fffc1000       .debug$S                   0000000140000000     kernel32:KERNEL32.dll
 0000:fffc1000       .debug$S                   0000000140000000     kernel32:KERNEL32.dll
 0000:fffc1000       .debug$S                   0000000140000000     kernel32:KERNEL32.dll
 0000:fffc1000       .debug$S                   0000000140000000     kernel32:KERNEL32.dll
 0000:fffc1000       .debug$S                   0000000140000000     kernel32:KERNEL32.dll
 0000:fffc1000       .debug$S                   0000000140000000     kernel32:KERNEL32.dll
 0000:fffc1000       .debug$S                   0000000140000000     kernel32:KERNEL32.dll
 0000:fffc1000       .debug$S                   0000000140000000     shell32:SHELL32.dll
 0000:fffc1000       .debug$S                   0000000140000000     ws2_32:WS2_32.dll
 0000:fffc1000       .debug$S                   0000000140000000     ws2_32:WS2_32.dll
 0000:fffc1000       .debug$S                   0000000140000000     ws2_32:WS2_32.dll
 0000:fffc1000       .debug$S                   0000000140000000     ws2_32:WS2_32.dll
 0000:fffc1000       .debug$S                   0000000140000000     ws2_32:WS2_32.dll
 0000:fffc1000       .debug$S                   0000000140000000     ws2_32:WS2_32.dll
 0000:fffc1000       .debug$S                   0000000140000000     ws2_32:WS2_32.dll
 0000:fffc1000       .debug$S                   0000000140000000     ws2_32:WS2_32.dll
 0000:fffc1000       .debug$S                   0000000140000000     ws2_32:WS2_32.dll
 0000:fffc1000       .debug$S                   0000000140000000     ws2_32:WS2_32.dll
 0000:fffc1000       .debug$S                   0000000140000000     ws2_32:WS2_32.dll
 0000:fffc1000       .debug$S                   0000000140000000     ws2_32:WS2_32.dll
 0000:fffc1000       .debug$S                   0000000140000000     ws2_32:WS2_32.dll
 0000:fffc1000       .debug$S                   0000000140000000     ws2_32:WS2_32.dll
 0000:fffc1000       .debug$S                   0000000140000000     ws2_32:WS2_32.dll
 0000:fffc1000       .debug$S                   0000000140000000     ws2_32:WS2_32.dll
 0000:fffc1000       .debug$S                   0000000140000000     ws2_32:WS2_32.dll
 0000:fffc1000       .debug$S                   0000000140000000     ws2_32:WS2_32.dll
 0000:fffc1000       .debug$S                   0000000140000000     OpenCL:OpenCL.dll
 0000:fffc1000       .debug$S                   0000000140000000     OpenCL:OpenCL.dll
 0000:fffc1000       .debug$S                   0000000140000000     OpenCL:OpenCL.dll
 0000:fffc1000       .debug$S                   0000000140000000     OpenCL:OpenCL.dll
 0000:fffc1000       .debug$S                   0000000140000000     OpenCL:OpenCL.dll
 0000:fffc1000       .debug$S                   0000000140000000     OpenCL:OpenCL.dll
 0000:fffc1000       .debug$S                   0000000140000000     OpenCL:OpenCL.dll
 0000:fffc1000       .debug$S                   0000000140000000     OpenCL:OpenCL.dll
 0000:fffc1000       .debug$S                   0000000140000000     OpenCL:OpenCL.dll
 0000:fffc1000       .debug$S                   0000000140000000     OpenCL:OpenCL.dll
 0000:fffc1000       .debug$S                   0000000140000000     OpenCL:OpenCL.dll
 0000:fffc1000       .debug$S                   0000000140000000     OpenCL:OpenCL.dll
 0000:fffc1000       .debug$S                   0000000140000000     OpenCL:OpenCL.dll
 0000:fffc1000       .debug$S                   0000000140000000     OpenCL:OpenCL.dll
 0000:fffc1000       .debug$S                   0000000140000000     OpenCL:OpenCL.dll
 0000:fffc1000       .debug$S                   0000000140000000     OpenCL:OpenCL.dll
 0000:fffc1000       .debug$S                   0000000140000000     OpenCL:OpenCL.dll
 0001:00006720       GetKnownHiveHash           0000000140007720 f   dbg_..-common-api.o
 0001:00006d70       i64GetKnownHiveHash        0000000140007d70 f   dbg_..-common-api.o
 0001:00006de0       i64_raw_update             0000000140007de0 f   dbg_..-common-api.o
 0001:0000c0d0       scheduler_queue_init       000000014000d0d0 f   dbg_..-common-queue.o
 0001:0000c1a0       scheduler_queue_push_front 000000014000d1a0 f   dbg_..-common-queue.o
 0001:0000c470       scheduler_rnd              000000014000d470 f   dbg_..-common-queue.o
 0001:0000c610       scheduler_queue_pop        000000014000d610 f   dbg_..-common-queue.o
 0001:0000c7c0       queue_init                 000000014000d7c0 f   dbg_..-common-queue.o
 0001:0000c810       queue_push_front           000000014000d810 f   dbg_..-common-queue.o
 0001:0000c8d0       queue_pop                  000000014000d8d0 f   dbg_..-common-queue.o
 0001:0000ffb0       Worker                     0000000140010fb0 f   dbg_..-common-remote.o
 0001:00010560       ConnectionListnerWorker    0000000140011560 f   dbg_..-common-remote.o
 0001:00010780       PagesAllocator             0000000140011780 f   dbg_..-common-remote.o
 0001:00010850       StateSender                0000000140011850 f   dbg_..-common-remote.o
 0001:000108c0       HandleApiCall              00000001400118c0 f   dbg_..-common-remote.o
 0001:00017c48       .text                      0000000140018c48     asm_dbg.o
 0002:00005f80       BFE_GENERIC_MAPPING        0000000140021f80     ws2_32:indef.obj
 0002:00006130       IPSEC_AUTH_TRANSFORM_ID_HMAC_MD5_96 0000000140022130     ws2_32:indef.obj
 0002:00006140       IPSEC_AUTH_TRANSFORM_ID_HMAC_SHA_1_96 0000000140022140     ws2_32:indef.obj
 0002:00006150       IPSEC_AUTH_TRANSFORM_ID_HMAC_SHA_256_128 0000000140022150     ws2_32:indef.obj
 0002:00006160       IPSEC_AUTH_TRANSFORM_ID_GCM_AES_128 0000000140022160     ws2_32:indef.obj
 0002:00006170       IPSEC_AUTH_TRANSFORM_ID_GCM_AES_192 0000000140022170     ws2_32:indef.obj
 0002:00006180       IPSEC_AUTH_TRANSFORM_ID_GCM_AES_256 0000000140022180     ws2_32:indef.obj
 0002:00006190       IPSEC_CIPHER_TRANSFORM_ID_CBC_DES 0000000140022190     ws2_32:indef.obj
 0002:000061a0       IPSEC_CIPHER_TRANSFORM_ID_CBC_3DES 00000001400221a0     ws2_32:indef.obj
 0002:000061b0       IPSEC_CIPHER_TRANSFORM_ID_AES_128 00000001400221b0     ws2_32:indef.obj
 0002:000061c0       IPSEC_CIPHER_TRANSFORM_ID_AES_192 00000001400221c0     ws2_32:indef.obj
 0002:000061d0       IPSEC_CIPHER_TRANSFORM_ID_AES_256 00000001400221d0     ws2_32:indef.obj
 0002:000061e0       IPSEC_CIPHER_TRANSFORM_ID_GCM_AES_128 00000001400221e0     ws2_32:indef.obj
 0002:000061f0       IPSEC_CIPHER_TRANSFORM_ID_GCM_AES_192 00000001400221f0     ws2_32:indef.obj
 0002:00006200       IPSEC_CIPHER_TRANSFORM_ID_GCM_AES_256 0000000140022200     ws2_32:indef.obj
 0003:00000140       .data                      0000000140023140     asm_dbg.o
 0003:00017a00       gai_strerrorW.buff         000000014003aa00     dbg_..-common-remote.o
 0003:000192eb       WFP_TRACE_NULL_DATA        000000014003c2eb     ws2_32:indef.obj
 0004:00000ac4       .idata$6                   000000014003dac4     gdi32:GDI32.dll
 0004:00000ae4       .idata$6                   000000014003dae4     shell32:SHELL32.dll
 0004:00000e06       .idata$6                   000000014003de06     kernel32:KERNEL32.dll
 0004:00000e26       .idata$6                   000000014003de26     bcrypt:bcrypt.dll
 0004:00000e66       .idata$6                   000000014003de66     ws2_32:WS2_32.dll
 0004:00000fdc       .idata$6                   000000014003dfdc     OpenCL:OpenCL.dll
