 d

 Timestamp is 698b585c (Tue Feb 10 19:10:04 2026)

 Preferred load address is 0000000140000000

 Start         Length     Name                   Class
 0001:00000000 0000f723H .text                   CODE
 0002:00000000 000043c0H .rdata                  DATA
 0003:00000000 00000094H .data                   DATA
 0003:00000094 000c8d66H .bss                    DATA
 0004:00000000 00000200H .data                   DATA

  Address         Publics by Value              Rva+Base               Lib:Object

 0001:00000000       dllPauseWorker             0000000140001000     dbg_.-dll-await_worker.o
 0001:000000c0       dllCallObject              00000001400010c0     dbg_.-dll-call_object.o
 0001:00000190       dllExecuteWorker           0000000140001190     dbg_.-dll-execute_worker.o
 0001:00000b10       gpuPauseWorker             0000000140001b10     dbg_.-gpu-await_worker.o
 0001:00000bd0       gpuCallObject              0000000140001bd0     dbg_.-gpu-call_object.o
 0001:00000ca0       gpuExecuteWorker           0000000140001ca0     dbg_.-gpu-execute_worker.o
 0001:00001190       gpuNewObjectUsingPage      0000000140002190     dbg_.-gpu-new_object.o
 0001:000012c0       gpuNewObject               00000001400022c0     dbg_.-gpu-new_object.o
 0001:00001310       gpuPushObject              0000000140002310     dbg_.-gpu-push_object.o
 0001:00001350       gpuPushPipe                0000000140002350     dbg_.-gpu-push_object.o
 0001:00001390       gpuQueryObject             0000000140002390     dbg_.-gpu-query_object.o
 0001:000013d0       gpuQueryPipe               00000001400023d0     dbg_.-gpu-query_object.o
 0001:00001410       locNewObjectUsingPage      0000000140002410     dbg_.-loc-new_object.o
 0001:00001910       locNewObject               0000000140002910     dbg_.-loc-new_object.o
 0001:00001960       locUpdateLocalPush         0000000140002960     dbg_.-loc-push_object.o
 0001:00001a50       locQueryLocalObject        0000000140002a50     dbg_.-loc-query_object.o
 0001:00001bb0       x64PauseWorker             0000000140002bb0     dbg_.-x64-await_worker.o
 0001:00001c90       x64CallObject              0000000140002c90     dbg_.-x64-call_object.o
 0001:00001d60       x64ExecuteWorker           0000000140002d60     dbg_.-x64-execute_worker.o
 0001:00001db0       x64NewObjectUsingPage      0000000140002db0     dbg_.-x64-new_object.o
 0001:00002320       x64NewObjectStates         0000000140003320     dbg_.-x64-new_object.o
 0001:000023b0       x64NewObject               00000001400033b0     dbg_.-x64-new_object.o
 0001:000024a0       x64UpdateLocalPush         00000001400034a0     dbg_.-x64-push_object.o
 0001:00002590       x64OnPushObject            0000000140003590     dbg_.-x64-push_object.o
 0001:00002620       x64PushObjectStates        0000000140003620     dbg_.-x64-push_object.o
 0001:00002720       x64PushObject              0000000140003720     dbg_.-x64-push_object.o
 0001:00002980       x64PushPipe                0000000140003980     dbg_.-x64-push_object.o
 0001:000029c0       x64QueryLocalObject        00000001400039c0     dbg_.-x64-query_object.o
 0001:00002b20       x64OnQueryObject           0000000140003b20     dbg_.-x64-query_object.o
 0001:00002bf0       x64QueryObjectStates       0000000140003bf0     dbg_.-x64-query_object.o
 0001:00002d10       x64QueryObject             0000000140003d10     dbg_.-x64-query_object.o
 0001:00002f10       x64QueryPipe               0000000140003f10     dbg_.-x64-query_object.o
 0001:00002f50       equal_bytes                0000000140003f50     dbg_.-api.o
 0001:00003050       GetHashtableNoLock         0000000140004050     dbg_.-api.o
 0001:00003220       SetHashtableNoLock         0000000140004220     dbg_.-api.o
 0001:00003520       GetHashtable               0000000140004520     dbg_.-api.o
 0001:00003580       SetHashtable               0000000140004580     dbg_.-api.o
 0001:000035d0       InitInternalStructures     00000001400045d0     dbg_.-api.o
 0001:00003910       castOnQueryObject          0000000140004910     dbg_.-cast_provider.o
 0001:00003ad0       anyCastStates              0000000140004ad0     dbg_.-cast_provider.o
 0001:00004b80       anyCastProvider            0000000140005b80     dbg_.-cast_provider.o
 0001:00004d70       init_gpu_subsystem         0000000140005d70     dbg_.-gpu_subsystem.o
 0001:00006820       gpuBuildFromText           0000000140007820     dbg_.-gpu_subsystem.o
 0001:00006b00       gpuAlloc                   0000000140007b00     dbg_.-gpu_subsystem.o
 0001:00006b40       gpuRun                     0000000140007b40     dbg_.-gpu_subsystem.o
 0001:00006bf0       gpuFinishQueuesOnPlatform  0000000140007bf0     dbg_.-gpu_subsystem.o
 0001:00006c70       gpuFinishQueue             0000000140007c70     dbg_.-gpu_subsystem.o
 0001:00006cb0       StartInitialProcess        0000000140007cb0     dbg_.-hive_entry.o
 0001:00006ed0       is_less                    0000000140007ed0     dbg_.-queue.o
 0001:00006f00       push_up                    0000000140007f00     dbg_.-queue.o
 0001:00007040       push_down                  0000000140008040     dbg_.-queue.o
 0001:000071e0       queue_init                 00000001400081e0     dbg_.-queue.o
 0001:00007230       queue_enqueue              0000000140008230     dbg_.-queue.o
 0001:00007290       queue_extract              0000000140008290     dbg_.-queue.o
 0001:00007320       GetConnectionById          0000000140008320     dbg_.-remote.o
 0001:000073b0       DumpConnections            00000001400083b0     dbg_.-remote.o
 0001:00007700       ConfirmPage                0000000140008700     dbg_.-remote.o
 0001:000077a0       ConfirmID                  00000001400087a0     dbg_.-remote.o
 0001:000077f0       HandleNewConnection        00000001400087f0     dbg_.-remote.o
 0001:000079d0       UpdateWaitingPush          00000001400089d0     dbg_.-remote.o
 0001:00007c10       AnswerPushObject           0000000140008c10     dbg_.-remote.o
 0001:00007cf0       SendPageAllocationConfirm  0000000140008cf0     dbg_.-remote.o
 0001:00007d80       SendIDConfirm              0000000140008d80     dbg_.-remote.o
 0001:00007e10       RedirectBroadcastQuery     0000000140008e10     dbg_.-remote.o
 0001:00007f90       RedirectBroadcastIDQuery   0000000140008f90     dbg_.-remote.o
 0001:00008110       ConfirmConnection          0000000140009110     dbg_.-remote.o
 0001:000082c0       InitiateConnection         00000001400092c0     dbg_.-remote.o
 0001:00008630       RequestMemoryPage          0000000140009630     dbg_.-remote.o
 0001:00008740       RequestServerId            0000000140009740     dbg_.-remote.o
 0001:00008850       AnswerQueryObject          0000000140009850     dbg_.-remote.o
 0001:00008990       AnswerRequestObjectPath    0000000140009990     dbg_.-remote.o
 0001:00008ad0       RequestObjectPathBroadcast 0000000140009ad0     dbg_.-remote.o
 0001:00008cf0       AnswerRequestPathToID      0000000140009cf0     dbg_.-remote.o
 0001:00008e30       RequestPathToIDBroadcast   0000000140009e30     dbg_.-remote.o
 0001:00009050       RequestObjectGet           000000014000a050     dbg_.-remote.o
 0001:00009170       RequestObjectSet           000000014000a170     dbg_.-remote.o
 0001:00009370       StartNewWorkerRemote       000000014000a370     dbg_.-remote.o
 0001:000094a0       SendHiveState              000000014000a4a0     dbg_.-remote.o
 0001:00009640       start_remote_subsystem     000000014000a640     dbg_.-remote.o
 0001:0000c010       gai_strerrorW              000000014000d010     dbg_.-remote.o
 0001:0000c060       memset                     000000014000d060     dbg_.-runtime_lib.o
 0001:0000c0c0       memcpy                     000000014000d0c0     dbg_.-runtime_lib.o
 0001:0000c130       myMalloc                   000000014000d130     dbg_.-runtime_lib.o
 0001:0000c180       myPrintf                   000000014000d180     dbg_.-runtime_lib.o
 0001:0000c4b0       myRealloc                  000000014000d4b0     dbg_.-runtime_lib.o
 0001:0000c510       myFree                     000000014000d510     dbg_.-runtime_lib.o
 0001:0000c550       myAtoll                    000000014000d550     dbg_.-runtime_lib.o
 0001:0000c690       get_char                   000000014000d690     dbg_.-runtime_lib.o
 0001:0000c770       myScanI64                  000000014000d770     dbg_.-runtime_lib.o
 0001:0000c800       myScanS                    000000014000d800     dbg_.-runtime_lib.o
 0001:0000c900       PrintI64                   000000014000d900     dbg_.-runtime_lib.o
 0001:0000c9d0       PrintI64H                  000000014000d9d0     dbg_.-runtime_lib.o
 0001:0000ca70       Print2H                    000000014000da70     dbg_.-runtime_lib.o
 0001:0000cb10       assertion_failure          000000014000db10     dbg_.-runtime_lib.o
 0001:0000cb60       myAbs                      000000014000db60     dbg_.-runtime_lib.o
 0001:0000cb90       MicrosecondsToTicks        000000014000db90     dbg_.-runtime_lib.o
 0001:0000cbb0       TicksToMicroseconds        000000014000dbb0     dbg_.-runtime_lib.o
 0001:0000cbd0       GetTicks                   000000014000dbd0     dbg_.-runtime_lib.o
 0001:0000cbf0       SheduleTimeoutFromNow      000000014000dbf0     dbg_.-runtime_lib.o
 0001:0000cc30       init_lib                   000000014000dc30     dbg_.-runtime_lib.o
 0001:0000cc80       RegisterObjectWithId       000000014000dc80     dbg_.-runtime.o
 0001:0000ccb0       GetNewObjectId             000000014000dcb0     dbg_.-runtime.o
 0001:0000cda0       universalPauseWorker       000000014000dda0     dbg_.-runtime.o
 0001:0000ce40       universalUpdateLocalPush   000000014000de40     dbg_.-runtime.o
 0001:0000cea0       UpdateFromQueryResult      000000014000dea0     dbg_.-runtime.o
 0001:0000cf20       PrintObject                000000014000df20     dbg_.-runtime.o
 0001:0000d120       WaitListWorker             000000014000e120     dbg_.-runtime.o
 0001:0000d190       EnqueueWorkerFromWaitList  000000014000e190     dbg_.-runtime.o
 0001:0000d250       UpdateWaitingWorkers       000000014000e250     dbg_.-runtime.o
 0001:0000d410       SheduleWorker              000000014000e410     dbg_.-runtime.o
 0001:0000d580       StartNewWorker             000000014000e580     dbg_.-runtime.o
 0001:0000d930       LoadWorker                 000000014000e930     dbg_.-runtime.o
 0001:0000e9c0       ShedulerInstance           000000014000f9c0     dbg_.-runtime.o
 0001:0000eab0       entry                      000000014000fab0     dbg_.-runtime.o
 0001:0000f178       x64_fastPushObject         0000000140010178     asm_dbg.o
 0001:0000f1e1       x64_fastQueryObject        00000001400101e1     asm_dbg.o
 0001:0000f24a       x64_fastNewObject          000000014001024a     asm_dbg.o
 0001:0000f2b3       x64_fastCallObject         00000001400102b3     asm_dbg.o
 0001:0000f31c       x64_fastPushPipe           000000014001031c     asm_dbg.o
 0001:0000f385       x64_fastQueryPipe          0000000140010385     asm_dbg.o
 0001:0000f3ee       gpu_fastNewObject          00000001400103ee     asm_dbg.o
 0001:0000f457       gpu_fastCallObject         0000000140010457     asm_dbg.o
 0001:0000f4c0       loc_fastNewObject          00000001400104c0     asm_dbg.o
 0001:0000f529       dll_fastCallObject         0000000140010529     asm_dbg.o
 0001:0000f592       any_fastCastProvider       0000000140010592     asm_dbg.o
 0001:0000f5fb       x64AsmExecuteWorker        00000001400105fb     asm_dbg.o
 0001:0000f642       setjmpUN                   0000000140010642     asm_dbg.o
 0001:0000f675       longjmpUN                  0000000140010675     asm_dbg.o
 0001:0000f69e       DllCall                    000000014001069e     asm_dbg.o
 0001:0000f730       CommandLineToArgvW         0000000140010730     shell32:SHELL32.dll
 0001:0000f740       AcquireSRWLockExclusive    0000000140010740     kernel32:KERNEL32.dll
 0001:0000f750       AcquireSRWLockShared       0000000140010750     kernel32:KERNEL32.dll
 0001:0000f760       CloseHandle                0000000140010760     kernel32:KERNEL32.dll
 0001:0000f770       CreateFileW                0000000140010770     kernel32:KERNEL32.dll
 0001:0000f780       CreateIoCompletionPort     0000000140010780     kernel32:KERNEL32.dll
 0001:0000f790       CreateThread               0000000140010790     kernel32:KERNEL32.dll
 0001:0000f7a0       ExitProcess                00000001400107a0     kernel32:KERNEL32.dll
 0001:0000f7b0       FormatMessageW             00000001400107b0     kernel32:KERNEL32.dll
 0001:0000f7c0       GetCommandLineW            00000001400107c0     kernel32:KERNEL32.dll
 0001:0000f7d0       GetConsoleMode             00000001400107d0     kernel32:KERNEL32.dll
 0001:0000f7e0       GetFileSizeEx              00000001400107e0     kernel32:KERNEL32.dll
 0001:0000f7f0       GetLastError               00000001400107f0     kernel32:KERNEL32.dll
 0001:0000f800       GetProcAddress             0000000140010800     kernel32:KERNEL32.dll
 0001:0000f810       GetProcessHeap             0000000140010810     kernel32:KERNEL32.dll
 0001:0000f820       GetQueuedCompletionStatus  0000000140010820     kernel32:KERNEL32.dll
 0001:0000f830       GetStdHandle               0000000140010830     kernel32:KERNEL32.dll
 0001:0000f840       HeapAlloc                  0000000140010840     kernel32:KERNEL32.dll
 0001:0000f850       HeapFree                   0000000140010850     kernel32:KERNEL32.dll
 0001:0000f860       HeapReAlloc                0000000140010860     kernel32:KERNEL32.dll
 0001:0000f870       LoadLibraryA               0000000140010870     kernel32:KERNEL32.dll
 0001:0000f880       MultiByteToWideChar        0000000140010880     kernel32:KERNEL32.dll
 0001:0000f890       QueryPerformanceCounter    0000000140010890     kernel32:KERNEL32.dll
 0001:0000f8a0       QueryPerformanceFrequency  00000001400108a0     kernel32:KERNEL32.dll
 0001:0000f8b0       ReadConsoleW               00000001400108b0     kernel32:KERNEL32.dll
 0001:0000f8c0       ReadFile                   00000001400108c0     kernel32:KERNEL32.dll
 0001:0000f8d0       ReleaseSRWLockExclusive    00000001400108d0     kernel32:KERNEL32.dll
 0001:0000f8e0       ReleaseSRWLockShared       00000001400108e0     kernel32:KERNEL32.dll
 0001:0000f8f0       Sleep                      00000001400108f0     kernel32:KERNEL32.dll
 0001:0000f900       TlsAlloc                   0000000140010900     kernel32:KERNEL32.dll
 0001:0000f910       TlsFree                    0000000140010910     kernel32:KERNEL32.dll
 0001:0000f920       TlsGetValue                0000000140010920     kernel32:KERNEL32.dll
 0001:0000f930       TlsSetValue                0000000140010930     kernel32:KERNEL32.dll
 0001:0000f940       TryAcquireSRWLockExclusive 0000000140010940     kernel32:KERNEL32.dll
 0001:0000f950       VirtualAlloc               0000000140010950     kernel32:KERNEL32.dll
 0001:0000f960       WaitForMultipleObjects     0000000140010960     kernel32:KERNEL32.dll
 0001:0000f970       WriteConsoleW              0000000140010970     kernel32:KERNEL32.dll
 0001:0000f980       BCryptGenRandom            0000000140010980     bcrypt:bcrypt.dll
 0001:0000f990       WSAGetLastError            0000000140010990     ws2_32:WS2_32.dll
 0001:0000f9a0       WSARecv                    00000001400109a0     ws2_32:WS2_32.dll
 0001:0000f9b0       WSAStartup                 00000001400109b0     ws2_32:WS2_32.dll
 0001:0000f9c0       accept                     00000001400109c0     ws2_32:WS2_32.dll
 0001:0000f9d0       bind                       00000001400109d0     ws2_32:WS2_32.dll
 0001:0000f9e0       closesocket                00000001400109e0     ws2_32:WS2_32.dll
 0001:0000f9f0       connect                    00000001400109f0     ws2_32:WS2_32.dll
 0001:0000fa00       freeaddrinfo               0000000140010a00     ws2_32:WS2_32.dll
 0001:0000fa10       getaddrinfo                0000000140010a10     ws2_32:WS2_32.dll
 0001:0000fa20       getpeername                0000000140010a20     ws2_32:WS2_32.dll
 0001:0000fa30       getsockname                0000000140010a30     ws2_32:WS2_32.dll
 0001:0000fa40       htons                      0000000140010a40     ws2_32:WS2_32.dll
 0001:0000fa50       listen                     0000000140010a50     ws2_32:WS2_32.dll
 0001:0000fa60       ntohs                      0000000140010a60     ws2_32:WS2_32.dll
 0001:0000fa70       send                       0000000140010a70     ws2_32:WS2_32.dll
 0001:0000fa80       setsockopt                 0000000140010a80     ws2_32:WS2_32.dll
 0001:0000fa90       socket                     0000000140010a90     ws2_32:WS2_32.dll
 0001:0000faa0       inet_ntop                  0000000140010aa0     ws2_32:WS2_32.dll
 0001:0000fab0       clBuildProgram             0000000140010ab0     OpenCL:OpenCL.dll
 0001:0000fac0       clCreateBuffer             0000000140010ac0     OpenCL:OpenCL.dll
 0001:0000fad0       clCreateCommandQueueWithProperties 0000000140010ad0     OpenCL:OpenCL.dll
 0001:0000fae0       clCreateContext            0000000140010ae0     OpenCL:OpenCL.dll
 0001:0000faf0       clCreateKernel             0000000140010af0     OpenCL:OpenCL.dll
 0001:0000fb00       clCreateProgramWithSource  0000000140010b00     OpenCL:OpenCL.dll
 0001:0000fb10       clEnqueueNDRangeKernel     0000000140010b10     OpenCL:OpenCL.dll
 0001:0000fb20       clEnqueueReadBuffer        0000000140010b20     OpenCL:OpenCL.dll
 0001:0000fb30       clEnqueueWriteBuffer       0000000140010b30     OpenCL:OpenCL.dll
 0001:0000fb40       clFinish                   0000000140010b40     OpenCL:OpenCL.dll
 0001:0000fb50       clGetDeviceIDs             0000000140010b50     OpenCL:OpenCL.dll
 0001:0000fb60       clGetDeviceInfo            0000000140010b60     OpenCL:OpenCL.dll
 0001:0000fb70       clGetKernelArgInfo         0000000140010b70     OpenCL:OpenCL.dll
 0001:0000fb80       clGetPlatformIDs           0000000140010b80     OpenCL:OpenCL.dll
 0001:0000fb90       clGetPlatformInfo          0000000140010b90     OpenCL:OpenCL.dll
 0001:0000fba0       clGetProgramBuildInfo      0000000140010ba0     OpenCL:OpenCL.dll
 0001:0000fbb0       clSetKernelArg             0000000140010bb0     OpenCL:OpenCL.dll
 0002:00000000       ??_C@_1EK@HCHIHAJJ@?$AAP?$AAa?$AAu?$AAs?$AAe?$AAd?$AA?5?$AAw?$AAo?$AAr?$AAk?$AAe?$AAr?$AA?5?$AAD?$AAL?$AAL?$AA?5?$AA?$CF?$AAl?$AAl?$AAd?$AA?5?$AA?$FL?$AAc?$AAa?$AAu?$AAs?$AAe?$AA?5?$AA?$CF?$AAl@ 0000000140011000     dbg_.-dll-await_worker.o
 0002:0000004a       ??_C@_1GG@GJHNDGHH@?$AAC?$AAa?$AAl?$AAl?$AAi?$AAn?$AAg?$AA?5?$AAd?$AAl?$AAl?$AAi?$AAm?$AAp?$AAo?$AAr?$AAt?$AA?5?$AAw?$AAo?$AAr?$AAk?$AAe?$AAr?$AA?5?$AA?$CF?$AAl?$AAl?$AAd?$AA?5?$AA?$FL?$AAd@ 000000014001104a     dbg_.-dll-call_object.o
 0002:000000b0       ??_C@_1BC@GMOKLPI@?$AAT?$AAa?$AAb?$AAl?$AAe?$AA?5?$AA?$DN?$AA?5?$AA?$AA@ 00000001400110b0     dbg_.-dll-call_object.o
 0002:000000c2       ??_C@_1M@OMOAGDNC@?$AA?$CF?$AA0?$AA2?$AAx?$AA?5?$AA?$AA@ 00000001400110c2     dbg_.-dll-call_object.o
 0002:000000ce       ??_C@_13LBAGMAIH@?$AA?6?$AA?$AA@ 00000001400110ce     dbg_.-dll-call_object.o
 0002:000000e8       ??_C@_1DC@PJLFFJJC@?$AAR?$AAU?$AAN?$AA?5?$AAd?$AAl?$AAl?$AAi?$AAm?$AAp?$AAo?$AAr?$AAt?$AA?5?$AAw?$AAo?$AAr?$AAk?$AAe?$AAr?$AA?$DN?$AA?$CF?$AAp?$AA?6?$AA?$AA@ 00000001400110e8     dbg_.-dll-execute_worker.o
 0002:0000011a       ??_C@_1CO@MJDCEOJE@?$AAR?$AAe?$AAq?$AAu?$AAe?$AAs?$AAt?$AAi?$AAn?$AAg?$AA?5?$AA?$CF?$AAl?$AAl?$AAd?$AA?5?$AAb?$AAy?$AAt?$AAe?$AAs?$AA?6?$AA?$AA@ 000000014001111a     dbg_.-dll-execute_worker.o
 0002:00000148       ??_C@_1EA@NLGJANLO@?$AAA?$AAr?$AAg?$AAu?$AAm?$AAe?$AAn?$AAt?$AA?5?$AA?$CF?$AAl?$AAl?$AAd?$AA?3?$AA?5?$AA?$FL?$AA?$CF?$AA0?$AA2?$AAx?$AA?$FN?$AA?5?$AA?$FL?$AAt?$AAo?$AA?9?$AA?$DO?$AA?$CF?$AAp?$AA?$FN?$AA?6?$AA?$AA@ 0000000140011148     dbg_.-dll-execute_worker.o
 0002:00000188       ??_C@_1DI@KIDLNDBO@?$AA?5?$AA?5?$AA?5?$AA?5?$AA?5?$AA?5?$AA?5?$AA?5?$AA?5?$AAo?$AAf?$AA?5?$AAs?$AAi?$AAz?$AAe?$AA?5?$AA?$CF?$AAl?$AAl?$AAd?$AA?$DL?$AA?5?$AA?$DN?$AA?$CF?$AAp?$AA?6?$AA?$AA@ 0000000140011188     dbg_.-dll-execute_worker.o
 0002:000001c0       ??_C@_1DE@HPIEKKI@?$AAc?$AAa?$AAl?$AAl?$AAi?$AAn?$AAg?$AA?5?$AAd?$AAl?$AAl?$AAi?$AAm?$AAp?$AAo?$AAr?$AAt?$AA?5?$AAw?$AAo?$AAr?$AAk?$AAe?$AAr?$AA?6?$AA?$AA@ 00000001400111c0     dbg_.-dll-execute_worker.o
 0002:000001f4       ??_C@_1CE@FDGKEBHI@?$AAA?$AAR?$AAG?$AA?$FL?$AA?$CF?$AAl?$AAl?$AAd?$AA?$FN?$AA?5?$AA?$DN?$AA?5?$AA?$CF?$AAl?$AAl?$AAd?$AA?6?$AA?$AA@ 00000001400111f4     dbg_.-dll-execute_worker.o
 0002:00000218       ??_C@_1EE@IHBKLDNM@?$AAo?$AAu?$AAt?$AAp?$AAu?$AAt?$AA?5?$AAi?$AAs?$AA?5?$AA?$CF?$AAp?$AA?5?$AA?$FL?$AA?9?$AA?$DO?$AAt?$AAo?$AA?5?$AAp?$AAr?$AAo?$AAm?$AAi?$AAs?$AAe?$AA?5?$AA?$CF?$AAl?$AAl?$AAd?$AA?$FN@ 0000000140011218     dbg_.-dll-execute_worker.o
 0002:0000025c       ??_C@_1CO@MGEJJCCL@?$AAr?$AAe?$AAt?$AAu?$AAr?$AAn?$AAe?$AAd?$AA?5?$AA?$CL?$AA?5?$AAE?$AAr?$AAr?$AAo?$AAr?$AA?$DN?$AA?$CF?$AAl?$AAl?$AAd?$AA?6?$AA?$AA@ 000000014001125c     dbg_.-dll-execute_worker.o
 0002:0000028a       ??_C@_1EK@KEDGKNCB@?$AAP?$AAa?$AAu?$AAs?$AAe?$AAd?$AA?5?$AAw?$AAo?$AAr?$AAk?$AAe?$AAr?$AA?5?$AAG?$AAP?$AAU?$AA?5?$AA?$CF?$AAl?$AAl?$AAd?$AA?5?$AA?$FL?$AAc?$AAa?$AAu?$AAs?$AAe?$AA?5?$AA?$CF?$AAl@ 000000014001128a     dbg_.-gpu-await_worker.o
 0002:000002d4       ??_C@_1FC@NMNADHLK@?$AAC?$AAa?$AAl?$AAl?$AAi?$AAn?$AAg?$AA?5?$AAw?$AAo?$AAr?$AAk?$AAe?$AAr?$AA?5?$AA?$CF?$AAl?$AAl?$AAd?$AA?5?$AA?$FL?$AAd?$AAa?$AAt?$AAa?$AA?$DN?$AA?$CF?$AAp?$AA?0?$AA?5?$AAm?$AAo@ 00000001400112d4     dbg_.-gpu-call_object.o
 0002:00000326       ??_C@_1CG@CCFDEFBF@?$AAR?$AAU?$AAN?$AA?5?$AAG?$AAP?$AAU?$AA?5?$AAw?$AAo?$AAr?$AAk?$AAe?$AAr?$AA?$DN?$AA?$CF?$AAp?$AA?6?$AA?$AA@ 0000000140011326     dbg_.-gpu-execute_worker.o
 0002:0000034c       ??_C@_1DO@MBJBKNM@?$AAE?$AAr?$AAr?$AAo?$AAr?$AA?3?$AA?5?$AAa?$AAt?$AA?5?$AAc?$AAl?$AAS?$AAe?$AAt?$AAK?$AAe?$AAr?$AAn?$AAe?$AAl?$AAA?$AAr?$AAg?$AA?5?$AA?$CF?$AAl?$AAl?$AAd?$AA?6?$AA?$AA@ 000000014001134c     dbg_.-gpu-execute_worker.o
 0002:0000038a       ??_C@_1CO@BOPILBOM@?$AAC?$AAO?$AAN?$AAF?$AAI?$AAG?$AAU?$AAR?$AAE?$AAD?$AA?3?$AA?5?$AAd?$AAi?$AAm?$AAs?$AA?$DN?$AA?$CF?$AAl?$AAl?$AAd?$AA?6?$AA?$AA@ 000000014001138a     dbg_.-gpu-execute_worker.o
 0002:000003b8       ??_C@_1EO@KIFHHFHO@?$AAE?$AAr?$AAr?$AAo?$AAr?$AA?3?$AA?5?$AAa?$AAt?$AA?5?$AAc?$AAl?$AAE?$AAn?$AAq?$AAu?$AAe?$AAu?$AAe?$AAN?$AAD?$AAR?$AAa?$AAn?$AAg?$AAe?$AAK?$AAe?$AAr?$AAn?$AAe?$AAl@ 00000001400113b8     dbg_.-gpu-execute_worker.o
 0002:00000406       ??_C@_1FG@NKPPHDDL@?$AAA?$AAl?$AAl?$AAo?$AAc?$AAa?$AAt?$AAi?$AAn?$AAg?$AA?5?$AAb?$AAu?$AAf?$AAf?$AAe?$AAr?$AA?5?$AAo?$AAf?$AA?5?$AAs?$AAi?$AAz?$AAe?$AA?5?$AA?$CF?$AAl?$AAl?$AAd?$AA?5?$AAp@ 0000000140011406     dbg_.-gpu-new_object.o
 0002:0000045c       ??_C@_1DO@PIAGAENK@?$AAE?$AAR?$AAR?$AAO?$AAR?$AA?3?$AA?5?$AAg?$AAp?$AAu?$AAA?$AAl?$AAl?$AAo?$AAc?$AA?5?$AAf?$AAa?$AAi?$AAl?$AAe?$AAd?$AA?5?$AA?$FL?$AA?$CF?$AAl?$AAl?$AAd?$AA?$FN?$AA?6?$AA?$AA@ 000000014001145c     dbg_.-gpu-new_object.o
 0002:0000049a       ??_C@_1BG@LMPFNDF@?$AAr?$AAe?$AAs?$AAu?$AAl?$AAt?$AA?5?$AA?$CF?$AAp?$AA?6?$AA?$AA@ 000000014001149a     dbg_.-gpu-new_object.o
 0002:000004b0       ??_C@_1FM@LBBNKNII@?$AAE?$AAR?$AAR?$AAO?$AAR?$AA?3?$AA?5?$AAP?$AAi?$AAp?$AAe?$AAs?$AA?5?$AAa?$AAr?$AAe?$AA?5?$AAu?$AAn?$AAs?$AAu?$AAp?$AAp?$AAo?$AAr?$AAt?$AAe?$AAd?$AA?5?$AAo?$AAn?$AA?5@ 00000001400114b0     dbg_.-gpu-new_object.o
 0002:0000050c       ??_C@_1EA@PKIDLDBK@?$AAo?$AAb?$AAj?$AAe?$AAc?$AAt?$AA?5?$AAf?$AAo?$AAr?$AA?5?$AAs?$AAi?$AAz?$AAe?$AA?5?$AA?$CF?$AAl?$AAl?$AAd?$AA?5?$AAa?$AAl?$AAl?$AAo?$AAc?$AAa?$AAt?$AAe?$AAd?$AA?6?$AA?$AA@ 000000014001150c     dbg_.-gpu-new_object.o
 0002:0000054c       ??_C@_1GM@BNFAKJM@?$AAE?$AAR?$AAR?$AAO?$AAR?$AA?3?$AA?5?$AAP?$AAi?$AAp?$AAe?$AAs?$AA?5?$AAa?$AAr?$AAe?$AA?5?$AAu?$AAn?$AAs?$AAu?$AAp?$AAp?$AAo?$AAr?$AAt?$AAe?$AAd?$AA?5?$AAo?$AAn?$AA?5@ 000000014001154c     dbg_.-gpu-new_object.o
 0002:000005b8       ??_C@_1DC@NBDPBMKB@?$AAW?$AAr?$AAo?$AAn?$AAg?$AA?5?$AAt?$AAy?$AAp?$AAe?$AA?5?$AAi?$AAn?$AA?5?$AAN?$AAe?$AAw?$AAO?$AAb?$AAj?$AAe?$AAc?$AAt?$AA?6?$AA?$AA@ 00000001400115b8     dbg_.-gpu-new_object.o
 0002:000005ea       ??_C@_1EG@FBJBJMFK@?$AAN?$AAO?$AAT?$AA?5?$AAS?$AAU?$AAP?$AAP?$AAO?$AAR?$AAT?$AAE?$AAD?$AA?3?$AA?5?$AAp?$AAu?$AAs?$AAh?$AA?5?$AAi?$AAn?$AA?5?$AAg?$AAp?$AAu?$AA?5?$AAo?$AAb?$AAj?$AAe?$AAc@ 00000001400115ea     dbg_.-gpu-push_object.o
 0002:00000630       ??_C@_1FE@GJLEMBH@?$AAN?$AAO?$AAT?$AA?5?$AAS?$AAU?$AAP?$AAP?$AAO?$AAR?$AAT?$AAE?$AAD?$AA?3?$AA?5?$AAp?$AAu?$AAs?$AAh?$AA?5?$AAi?$AAn?$AA?5?$AAg?$AAp?$AAu?$AA?5?$AAo?$AAb?$AAj?$AAe?$AAc@ 0000000140011630     dbg_.-gpu-push_object.o
 0002:00000684       ??_C@_1EI@EPHKLIAN@?$AAN?$AAO?$AAT?$AA?5?$AAS?$AAU?$AAP?$AAP?$AAO?$AAR?$AAT?$AAE?$AAD?$AA?3?$AA?5?$AAq?$AAu?$AAe?$AAr?$AAy?$AA?5?$AAi?$AAn?$AA?5?$AAg?$AAp?$AAu?$AA?5?$AAo?$AAb?$AAj?$AAe@ 0000000140011684     dbg_.-gpu-query_object.o
 0002:000006cc       ??_C@_1FG@PCBNEEAC@?$AAN?$AAO?$AAT?$AA?5?$AAS?$AAU?$AAP?$AAP?$AAO?$AAR?$AAT?$AAE?$AAD?$AA?3?$AA?5?$AAq?$AAu?$AAe?$AAr?$AAy?$AA?5?$AAi?$AAn?$AA?5?$AAg?$AAp?$AAu?$AA?5?$AAo?$AAb?$AAj?$AAe@ 00000001400116cc     dbg_.-gpu-query_object.o
 0002:00000738       ??_C@_1DM@CKKHLHMJ@?$AAP?$AAi?$AAp?$AAe?$AA?5?$AAf?$AAo?$AAr?$AA?5?$AAs?$AAi?$AAz?$AAe?$AA?5?$AA?$CF?$AAl?$AAl?$AAd?$AA?5?$AAa?$AAl?$AAl?$AAo?$AAc?$AAa?$AAt?$AAe?$AAd?$AA?6?$AA?$AA@ 0000000140011738     dbg_.-loc-new_object.o
 0002:00000774       ??_C@_1GK@LJBKHIKD@?$AAA?$AAr?$AAr?$AAa?$AAy?$AA?5?$AAo?$AAf?$AA?5?$AA?$CF?$AAl?$AAl?$AAd?$AA?5?$AAb?$AAy?$AAt?$AAe?$AAs?$AA?0?$AA?5?$AAe?$AAl?$AAe?$AAm?$AAe?$AAn?$AAt?$AA?5?$AAo?$AAf?$AA?5@ 0000000140011774     dbg_.-loc-new_object.o
 0002:000007de       ??_C@_1EC@IBADEGPM@?$AAP?$AAr?$AAo?$AAm?$AAi?$AAs?$AAe?$AA?5?$AAf?$AAo?$AAr?$AA?5?$AAs?$AAi?$AAz?$AAe?$AA?5?$AA?$CF?$AAl?$AAl?$AAd?$AA?5?$AAa?$AAl?$AAl?$AAo?$AAc?$AAa?$AAt?$AAe?$AAd?$AA?6@ 00000001400117de     dbg_.-loc-new_object.o
 0002:00000820       ??_C@_1DO@OEOJCPLG@?$AAC?$AAl?$AAa?$AAs?$AAs?$AA?5?$AAf?$AAo?$AAr?$AA?5?$AAs?$AAi?$AAz?$AAe?$AA?5?$AA?$CF?$AAl?$AAl?$AAd?$AA?5?$AAa?$AAl?$AAl?$AAo?$AAc?$AAa?$AAt?$AAe?$AAd?$AA?6?$AA?$AA@ 0000000140011820     dbg_.-loc-new_object.o
 0002:0000085e       ??_C@_1EO@GECEJMLH@?$AAD?$AAe?$AAf?$AAi?$AAn?$AAe?$AAd?$AA?5?$AAa?$AAr?$AAr?$AAa?$AAy?$AA?5?$AAf?$AAo?$AAr?$AA?5?$AAs?$AAi?$AAz?$AAe?$AA?5?$AA?$CF?$AAl?$AAl?$AAd?$AA?5?$AAa?$AAl?$AAl?$AAo@ 000000014001185e     dbg_.-loc-new_object.o
 0002:000008ac       ??_C@_1M@FHJLFHFE@?$AA?5?$AA?$CF?$AA0?$AA2?$AAx?$AA?$AA@ 00000001400118ac     dbg_.-loc-new_object.o
 0002:000008b8       ??_C@_1CO@JBEOLKLD@?$AA?$FL?$AAi?$AAd?$AA?$DN?$AA?$CF?$AAl?$AAl?$AAx?$AA?$FN?$AA?5?$AA?$FL?$AAs?$AAi?$AAz?$AAe?$AA?$DN?$AA?$CF?$AAl?$AAl?$AAd?$AA?$FN?$AA?6?$AA?$AA@ 00000001400118b8     dbg_.-loc-new_object.o
 0002:00000908       ??_C@_1EC@FMMFNKHC@?$AAP?$AAa?$AAu?$AAs?$AAe?$AAd?$AA?5?$AAw?$AAo?$AAr?$AAk?$AAe?$AAr?$AA?5?$AA?$CF?$AAl?$AAl?$AAd?$AA?5?$AA?$FL?$AAc?$AAa?$AAu?$AAs?$AAe?$AA?5?$AA?$CF?$AAl?$AAl?$AAd?$AA?$FN?$AA?6@ 0000000140011908     dbg_.-x64-await_worker.o
 0002:0000094a       ??_C@_1BG@KNJPCEOH@?$AAw?$AAo?$AAr?$AAk?$AAe?$AAr?$AA?$DN?$AA?$CF?$AAp?$AA?6?$AA?$AA@ 000000014001194a     dbg_.-x64-execute_worker.o
 0002:00000974       ??_C@_1BG@HIIBALHG@?$AA?$FL?$AAi?$AAd?$AA?$DN?$AA?$CF?$AAl?$AAl?$AAx?$AA?$FN?$AA?6?$AA?$AA@ 0000000140011974     dbg_.-x64-new_object.o
 0002:000009ac       ??_C@_1EG@IHOMNHMM@?$AAw?$AAa?$AAi?$AAt?$AAi?$AAn?$AAg?$AA?5?$AAf?$AAo?$AAr?$AA?5?$AAr?$AAe?$AAm?$AAo?$AAt?$AAe?$AA?5?$AAp?$AAu?$AAs?$AAh?$AA?5?$AA?$CF?$AAl?$AAl?$AAd?$AA?1?$AA?$CF?$AAl?$AAl@ 00000001400119ac     dbg_.-x64-push_object.o
 0002:000009f2       ??_C@_1CG@JJBKNCBO@?$AAp?$AAu?$AAs?$AAh?$AA?5?$AAt?$AAo?$AA?5?$AAo?$AAb?$AAj?$AAe?$AAc?$AAt?$AA?5?$AA?$CF?$AAp?$AA?6?$AA?$AA@ 00000001400119f2     dbg_.-x64-push_object.o
 0002:00000a18       ??_C@_1CG@FCDGDINM@?$AAp?$AAu?$AAs?$AAh?$AA?5?$AAt?$AAo?$AA?5?$AAp?$AAi?$AAp?$AAe?$AA?5?$AA?$CF?$AAl?$AAl?$AAd?$AA?6?$AA?$AA@ 0000000140011a18     dbg_.-x64-push_object.o
 0002:00000a3e       ??_C@_1EI@HFFKCAJK@?$AAw?$AAa?$AAi?$AAt?$AAi?$AAn?$AAg?$AA?5?$AAf?$AAo?$AAr?$AA?5?$AAr?$AAe?$AAm?$AAo?$AAt?$AAe?$AA?5?$AAq?$AAu?$AAe?$AAr?$AAy?$AA?5?$AA?$CF?$AAl?$AAl?$AAd?$AA?1?$AA?$CF?$AAl@ 0000000140011a3e     dbg_.-x64-query_object.o
 0002:00000a86       ??_C@_1CG@NFAKFIFJ@?$AAQ?$AAu?$AAe?$AAr?$AAy?$AA?5?$AAo?$AAb?$AAj?$AAe?$AAc?$AAt?$AA?5?$AA?$CF?$AAl?$AAl?$AAd?$AA?6?$AA?$AA@ 0000000140011a86     dbg_.-x64-query_object.o
 0002:00000aac       ??_C@_1CM@JHEDMDLC@?$AAq?$AAu?$AAe?$AAr?$AAy?$AA?5?$AAf?$AAr?$AAo?$AAm?$AA?5?$AAp?$AAi?$AAp?$AAe?$AA?5?$AA?$CF?$AAl?$AAl?$AAd?$AA?6?$AA?$AA@ 0000000140011aac     dbg_.-x64-query_object.o
 0002:00000afc       ??_C@_1CM@EKFGKDGG@?$AAG?$AAe?$AAt?$AA?5?$AAo?$AAb?$AAj?$AAe?$AAc?$AAt?$AA?5?$AAi?$AAd?$AA?5?$AA?$DN?$AA?5?$AA?$CF?$AAl?$AAl?$AAd?$AA?6?$AA?$AA@ 0000000140011afc     dbg_.-cast_provider.o
 0002:00000b28       ??_C@_1FE@BCAGMINK@?$AAE?$AAr?$AAr?$AAo?$AAr?$AA?3?$AA?5?$AAn?$AAo?$AA?5?$AAk?$AAn?$AAo?$AAw?$AAn?$AA?5?$AAs?$AAi?$AAz?$AAe?$AA?5?$AAf?$AAo?$AAr?$AA?5?$AAn?$AAo?$AAt?$AA?5?$AAa?$AAr?$AAr@ 0000000140011b28     dbg_.-cast_provider.o
 0002:00000b7c       ??_C@_1CO@MKKBGDMJ@?$AAg?$AAo?$AAt?$AA?5?$AAl?$AAo?$AAc?$AAa?$AAl?$AA?5?$AAs?$AAi?$AAz?$AAe?$AA?5?$AAa?$AAn?$AAs?$AAw?$AAe?$AAr?$AA?6?$AA?$AA@ 0000000140011b7c     dbg_.-cast_provider.o
 0002:00000baa       ??_C@_1DM@MLLOPCOA@?$AAQ?$AAu?$AAe?$AAr?$AAy?$AAi?$AAn?$AAg?$AA?5?$AAo?$AAb?$AAj?$AAe?$AAc?$AAt?$AA?5?$AAs?$AAi?$AAz?$AAe?$AA?5?$AAo?$AAf?$AA?5?$AA?$CF?$AAl?$AAl?$AAd?$AA?6?$AA?$AA@ 0000000140011baa     dbg_.-cast_provider.o
 0002:00000be6       ??_C@_1DA@NCDJBGNA@?$AAg?$AAo?$AAt?$AA?5?$AAr?$AAe?$AAm?$AAo?$AAt?$AAe?$AA?5?$AAs?$AAi?$AAz?$AAe?$AA?5?$AAa?$AAn?$AAs?$AAw?$AAe?$AAr?$AA?6?$AA?$AA@ 0000000140011be6     dbg_.-cast_provider.o
 0002:00000c16       ??_C@_1DK@MHAKINPM@?$AAK?$AAn?$AAo?$AAw?$AA?5?$AAs?$AAi?$AAz?$AAe?$AA?$DN?$AA?$CF?$AAl?$AAl?$AAd?$AA?5?$AA?$FL?$AAp?$AAa?$AAr?$AAa?$AAm?$AA?$DN?$AA?$CF?$AAl?$AAl?$AAd?$AA?$FN?$AA?6?$AA?$AA@ 0000000140011c16     dbg_.-cast_provider.o
 0002:00000c50       ??_C@_1FK@KDAFABDO@?$AAE?$AAr?$AAr?$AAo?$AAr?$AA?3?$AA?5?$AAl?$AAo?$AAc?$AAa?$AAl?$AA?5?$AAo?$AAb?$AAj?$AAe?$AAc?$AAt?$AA?5?$AAw?$AAa?$AAs?$AA?5?$AAr?$AAe?$AAm?$AAo?$AAv?$AAe?$AAd?$AA?5@ 0000000140011c50     dbg_.-cast_provider.o
 0002:00000caa       ??_C@_1FO@HMOHPFHI@?$AAE?$AAr?$AAr?$AAo?$AAr?$AA?5?$AAh?$AAa?$AAp?$AAp?$AAe?$AAn?$AA?5?$AAw?$AAh?$AAi?$AAl?$AAe?$AA?5?$AAc?$AAl?$AAE?$AAn?$AAq?$AAu?$AAe?$AAu?$AAe?$AAR?$AAe?$AAa?$AAd@ 0000000140011caa     dbg_.-cast_provider.o
 0002:00000d08       ??_C@_1EE@JNODMKEN@?$AAS?$AAu?$AAc?$AAc?$AAe?$AAs?$AAs?$AAi?$AAf?$AAu?$AAl?$AAl?$AAy?$AA?5?$AAc?$AAo?$AAn?$AAv?$AAe?$AAr?$AAt?$AAe?$AAd?$AA?5?$AAg?$AAp?$AAu?$AA?9?$AA?$DO?$AAc?$AAp?$AAu@ 0000000140011d08     dbg_.-cast_provider.o
 0002:00000d4c       ??_C@_1GA@EEKPNAGK@?$AAE?$AAr?$AAr?$AAo?$AAr?$AA?5?$AAh?$AAa?$AAp?$AAp?$AAe?$AAn?$AA?5?$AAw?$AAh?$AAi?$AAl?$AAe?$AA?5?$AAc?$AAl?$AAE?$AAn?$AAq?$AAu?$AAe?$AAu?$AAe?$AAW?$AAr?$AAi?$AAt@ 0000000140011d4c     dbg_.-cast_provider.o
 0002:00000dac       ??_C@_1EE@NKOFIBGO@?$AAS?$AAu?$AAc?$AAc?$AAe?$AAs?$AAs?$AAi?$AAf?$AAu?$AAl?$AAl?$AAy?$AA?5?$AAc?$AAo?$AAn?$AAv?$AAe?$AAr?$AAt?$AAe?$AAd?$AA?5?$AAc?$AAp?$AAu?$AA?9?$AA?$DO?$AAg?$AAp?$AAu@ 0000000140011dac     dbg_.-cast_provider.o
 0002:00000df0       ??_C@_1BM@OBHKMKPP@?$AAR?$AAe?$AAt?$AAu?$AAr?$AAn?$AA?3?$AA?5?$AA?$CF?$AAl?$AAl?$AAd?$AA?6?$AA?$AA@ 0000000140011df0     dbg_.-cast_provider.o
 0002:00000e0c       ??_C@_1EC@IPADNJOO@?$AAc?$AAo?$AAn?$AAv?$AAe?$AAr?$AAt?$AA?5?$AA?$CF?$AAp?$AA?5?$AA?$FL?$AAt?$AAy?$AAp?$AAe?$AAs?$AA?5?$AA?$CF?$AAl?$AAl?$AAd?$AA?5?$AA?9?$AA?$DO?$AA?5?$AA?$CF?$AAl?$AAl?$AAd?$AA?$FN?$AA?6@ 0000000140011e0c     dbg_.-cast_provider.o
 0002:00000e4e       ??_C@_1IA@HIJJNPCH@?$AAE?$AAR?$AAR?$AAO?$AAR?$AA?3?$AA?5?$AAn?$AAo?$AAt?$AA?5?$AAs?$AAu?$AAp?$AAp?$AAo?$AAr?$AAt?$AAe?$AAd?$AA?5?$AAc?$AAo?$AAn?$AAv?$AAe?$AAr?$AAs?$AAi?$AAo?$AAn?$AA?5@ 0000000140011e4e     dbg_.-cast_provider.o
 0002:00000ece       ??_C@_1DK@FINICEEJ@?$AAG?$AAo?$AAt?$AA?5?$AAa?$AAt?$AA?5?$AAl?$AAe?$AAa?$AAs?$AAt?$AA?5?$AA?$CF?$AAl?$AAl?$AAd?$AA?5?$AAp?$AAl?$AAa?$AAt?$AAf?$AAo?$AAr?$AAm?$AAs?$AA?6?$AA?$AA@ 0000000140011ece     dbg_.-gpu_subsystem.o
 0002:00000f08       ??_C@_1CA@OOAPHHDP@?$AAP?$AAl?$AAa?$AAt?$AAf?$AAo?$AAr?$AAm?$AA?5?$AA?$CF?$AAl?$AAl?$AAd?$AA?3?$AA?6?$AA?$AA@ 0000000140011f08     dbg_.-gpu_subsystem.o
 0002:00000f28       ??_C@_1DK@CFKCPDLH@?$AA?7?$AA?$CF?$AAl?$AAl?$AAd?$AA?4?$AAN?$AAa?$AAm?$AAe?$AA?5?$AA?5?$AA?5?$AA?5?$AA?5?$AA?5?$AA?5?$AA?5?$AA?5?$AA?5?$AA?5?$AA?5?$AA?5?$AA?3?$AA?5?$AA?$CF?$AAs?$AA?6?$AA?$AA@ 0000000140011f28     dbg_.-gpu_subsystem.o
 0002:00000f62       ??_C@_1DK@PKNJPDCN@?$AA?7?$AA?$CF?$AAl?$AAl?$AAd?$AA?4?$AAV?$AAe?$AAn?$AAd?$AAo?$AAr?$AA?5?$AA?5?$AA?5?$AA?5?$AA?5?$AA?5?$AA?5?$AA?5?$AA?5?$AA?5?$AA?5?$AA?3?$AA?5?$AA?$CF?$AAs?$AA?6?$AA?$AA@ 0000000140011f62     dbg_.-gpu_subsystem.o
 0002:00000f9c       ??_C@_1DK@BCHMBHFB@?$AA?7?$AA?$CF?$AAl?$AAl?$AAd?$AA?4?$AAV?$AAe?$AAr?$AAs?$AAi?$AAo?$AAn?$AA?5?$AA?5?$AA?5?$AA?5?$AA?5?$AA?5?$AA?5?$AA?5?$AA?5?$AA?5?$AA?3?$AA?5?$AA?$CF?$AAs?$AA?6?$AA?$AA@ 0000000140011f9c     dbg_.-gpu_subsystem.o
 0002:00000fd6       ??_C@_1DK@PPLGHIMI@?$AA?7?$AA?$CF?$AAl?$AAl?$AAd?$AA?4?$AAP?$AAr?$AAo?$AAf?$AAi?$AAl?$AAe?$AA?5?$AA?5?$AA?5?$AA?5?$AA?5?$AA?5?$AA?5?$AA?5?$AA?5?$AA?5?$AA?3?$AA?5?$AA?$CF?$AAs?$AA?6?$AA?$AA@ 0000000140011fd6     dbg_.-gpu_subsystem.o
 0002:00001010       ??_C@_1DK@KGLDJAGB@?$AA?7?$AA?$CF?$AAl?$AAl?$AAd?$AA?4?$AAE?$AAx?$AAt?$AAe?$AAn?$AAs?$AAi?$AAo?$AAn?$AAs?$AA?5?$AA?5?$AA?5?$AA?5?$AA?5?$AA?5?$AA?5?$AA?3?$AA?5?$AA?$CF?$AAs?$AA?6?$AA?$AA@ 0000000140012010     dbg_.-gpu_subsystem.o
 0002:0000104a       ??_C@_1DO@JAHGICMH@?$AA?7?$AA?$CF?$AAl?$AAl?$AAd?$AA?4?$AAT?$AAi?$AAm?$AAe?$AAr?$AA?5?$AAR?$AAe?$AAs?$AAo?$AAl?$AAu?$AAt?$AAi?$AAo?$AAn?$AA?5?$AA?3?$AA?5?$AA?$CF?$AAl?$AAl?$AAd?$AA?6?$AA?$AA@ 000000014001204a     dbg_.-gpu_subsystem.o
 0002:00001088       ??_C@_1FE@GFHOHNKH@?$AAp?$AAl?$AAa?$AAt?$AAf?$AAo?$AAr?$AAm?$AA?5?$AA?$CF?$AAl?$AAl?$AAd?$AA?3?$AA?5?$AAG?$AAo?$AAt?$AA?5?$AAa?$AAt?$AA?5?$AAl?$AAe?$AAa?$AAs?$AAt?$AA?5?$AA?$CF?$AAl?$AAl?$AAd@ 0000000140012088     dbg_.-gpu_subsystem.o
 0002:000010dc       ??_C@_1BM@MMFNNAKO@?$AAD?$AAe?$AAv?$AAi?$AAc?$AAe?$AA?5?$AA?$CF?$AAl?$AAl?$AAd?$AA?3?$AA?6?$AA?$AA@ 00000001400120dc     dbg_.-gpu_subsystem.o
 0002:000010f8       ??_C@_1FG@GKDLJBIA@?$AA?7?$AA?$CF?$AAl?$AAl?$AAd?$AA?4?$AA?$CF?$AAl?$AAl?$AAd?$AA?4?$AAN?$AAa?$AAm?$AAe?$AA?5?$AA?5?$AA?5?$AA?5?$AA?5?$AA?5?$AA?5?$AA?5?$AA?5?$AA?5?$AA?5?$AA?5?$AA?5?$AA?5?$AA?5?$AA?5?$AA?5@ 00000001400120f8     dbg_.-gpu_subsystem.o
 0002:0000114e       ??_C@_1FK@JCGLFMHC@?$AA?7?$AA?$CF?$AAl?$AAl?$AAd?$AA?4?$AA?$CF?$AAl?$AAl?$AAd?$AA?4?$AAA?$AAv?$AAa?$AAi?$AAl?$AAa?$AAb?$AAl?$AAe?$AA?5?$AA?5?$AA?5?$AA?5?$AA?5?$AA?5?$AA?5?$AA?5?$AA?5?$AA?5?$AA?5?$AA?5@ 000000014001214e     dbg_.-gpu_subsystem.o
 0002:000011a8       ??_C@_1FK@PNFJMFNM@?$AA?7?$AA?$CF?$AAl?$AAl?$AAd?$AA?4?$AA?$CF?$AAl?$AAl?$AAd?$AA?4?$AAT?$AAy?$AAp?$AAe?$AA?5?$AA?5?$AA?5?$AA?5?$AA?5?$AA?5?$AA?5?$AA?5?$AA?5?$AA?5?$AA?5?$AA?5?$AA?5?$AA?5?$AA?5?$AA?5?$AA?5@ 00000001400121a8     dbg_.-gpu_subsystem.o
 0002:00001202       ??_C@_1FG@OJFNKBCG@?$AA?7?$AA?$CF?$AAl?$AAl?$AAd?$AA?4?$AA?$CF?$AAl?$AAl?$AAd?$AA?4?$AAV?$AAe?$AAn?$AAd?$AAo?$AAr?$AA?5?$AA?5?$AA?5?$AA?5?$AA?5?$AA?5?$AA?5?$AA?5?$AA?5?$AA?5?$AA?5?$AA?5?$AA?5?$AA?5?$AA?5@ 0000000140012202     dbg_.-gpu_subsystem.o
 0002:00001258       ??_C@_1FG@LICMMOCB@?$AA?7?$AA?$CF?$AAl?$AAl?$AAd?$AA?4?$AA?$CF?$AAl?$AAl?$AAd?$AA?4?$AAD?$AAr?$AAi?$AAv?$AAe?$AAr?$AA?5?$AAV?$AAe?$AAr?$AAs?$AAi?$AAo?$AAn?$AA?5?$AA?5?$AA?5?$AA?5?$AA?5?$AA?5?$AA?5@ 0000000140012258     dbg_.-gpu_subsystem.o
 0002:000012ae       ??_C@_1FG@GEMKEAJB@?$AA?7?$AA?$CF?$AAl?$AAl?$AAd?$AA?4?$AA?$CF?$AAl?$AAl?$AAd?$AA?4?$AAD?$AAe?$AAv?$AAi?$AAc?$AAe?$AA?5?$AAV?$AAe?$AAr?$AAs?$AAi?$AAo?$AAn?$AA?5?$AA?5?$AA?5?$AA?5?$AA?5?$AA?5?$AA?5@ 00000001400122ae     dbg_.-gpu_subsystem.o
 0002:00001304       ??_C@_1FG@MPCNGFNE@?$AA?7?$AA?$CF?$AAl?$AAl?$AAd?$AA?4?$AA?$CF?$AAl?$AAl?$AAd?$AA?4?$AAP?$AAr?$AAo?$AAf?$AAi?$AAl?$AAe?$AA?5?$AA?5?$AA?5?$AA?5?$AA?5?$AA?5?$AA?5?$AA?5?$AA?5?$AA?5?$AA?5?$AA?5?$AA?5?$AA?5@ 0000000140012304     dbg_.-gpu_subsystem.o
 0002:0000135a       ??_C@_1FG@GJMINOLL@?$AA?7?$AA?$CF?$AAl?$AAl?$AAd?$AA?4?$AA?$CF?$AAl?$AAl?$AAd?$AA?4?$AAE?$AAx?$AAt?$AAe?$AAn?$AAs?$AAi?$AAo?$AAn?$AAs?$AA?5?$AA?5?$AA?5?$AA?5?$AA?5?$AA?5?$AA?5?$AA?5?$AA?5?$AA?5?$AA?5@ 000000014001235a     dbg_.-gpu_subsystem.o
 0002:000013b0       ??_C@_1FK@NKJEPLPJ@?$AA?7?$AA?$CF?$AAl?$AAl?$AAd?$AA?4?$AA?$CF?$AAl?$AAl?$AAd?$AA?4?$AAM?$AAa?$AAx?$AA?5?$AAC?$AAo?$AAm?$AAp?$AAu?$AAt?$AAe?$AA?5?$AAU?$AAn?$AAi?$AAt?$AAs?$AA?5?$AA?5?$AA?5?$AA?5@ 00000001400123b0     dbg_.-gpu_subsystem.o
 0002:0000140a       ??_C@_1FK@OLFGCCPL@?$AA?7?$AA?$CF?$AAl?$AAl?$AAd?$AA?4?$AA?$CF?$AAl?$AAl?$AAd?$AA?4?$AAM?$AAa?$AAx?$AA?5?$AAI?$AAt?$AAe?$AAm?$AA?5?$AAD?$AAi?$AAm?$AAe?$AAn?$AAs?$AAi?$AAo?$AAn?$AAs?$AA?5?$AA?5@ 000000014001240a     dbg_.-gpu_subsystem.o
 0002:00001464       ??_C@_1FK@CMFPDFMJ@?$AA?7?$AA?$CF?$AAl?$AAl?$AAd?$AA?4?$AA?$CF?$AAl?$AAl?$AAd?$AA?4?$AAM?$AAa?$AAx?$AA?5?$AAG?$AAr?$AAo?$AAu?$AAp?$AA?5?$AAS?$AAi?$AAz?$AAe?$AA?5?$AA?5?$AA?5?$AA?5?$AA?5?$AA?5?$AA?5@ 0000000140012464     dbg_.-gpu_subsystem.o
 0002:000014be       ??_C@_1GA@OFJKKJHL@?$AA?7?$AA?7?$AA?$CF?$AAl?$AAl?$AAd?$AA?4?$AA?$CF?$AAl?$AAl?$AAd?$AA?4?$AAM?$AAa?$AAx?$AA?5?$AAI?$AAt?$AAe?$AAm?$AA?5?$AAS?$AAi?$AAz?$AAe?$AAs?$AA?$FL?$AA?$CF?$AAl?$AAl?$AAd?$AA?$FN@ 00000001400124be     dbg_.-gpu_subsystem.o
 0002:0000151e       ??_C@_1FK@PBEPJBHG@?$AA?7?$AA?$CF?$AAl?$AAl?$AAd?$AA?4?$AA?$CF?$AAl?$AAl?$AAd?$AA?4?$AAM?$AAa?$AAx?$AA?5?$AAC?$AAl?$AAo?$AAc?$AAk?$AA?5?$AAF?$AAr?$AAe?$AAq?$AAu?$AAe?$AAn?$AAc?$AAy?$AA?5?$AA?5@ 000000014001251e     dbg_.-gpu_subsystem.o
 0002:00001578       ??_C@_1FK@EGKKPFNE@?$AA?7?$AA?$CF?$AAl?$AAl?$AAd?$AA?4?$AA?$CF?$AAl?$AAl?$AAd?$AA?4?$AAM?$AAa?$AAx?$AA?5?$AAM?$AAe?$AAm?$AA?5?$AAA?$AAl?$AAl?$AAo?$AAc?$AA?5?$AAS?$AAi?$AAz?$AAe?$AA?5?$AA?5?$AA?5@ 0000000140012578     dbg_.-gpu_subsystem.o
 0002:000015d2       ??_C@_1FK@NMMFNGJN@?$AA?7?$AA?$CF?$AAl?$AAl?$AAd?$AA?4?$AA?$CF?$AAl?$AAl?$AAd?$AA?4?$AAG?$AAl?$AAo?$AAb?$AAa?$AAl?$AA?5?$AAM?$AAe?$AAm?$AA?5?$AAC?$AAa?$AAc?$AAh?$AAe?$AAl?$AAi?$AAn?$AAe?$AA?5@ 00000001400125d2     dbg_.-gpu_subsystem.o
 0002:0000162c       ??_C@_1FK@NMHJFOBI@?$AA?7?$AA?$CF?$AAl?$AAl?$AAd?$AA?4?$AA?$CF?$AAl?$AAl?$AAd?$AA?4?$AAG?$AAl?$AAo?$AAb?$AAa?$AAl?$AA?5?$AAM?$AAe?$AAm?$AA?5?$AAC?$AAa?$AAc?$AAh?$AAe?$AA?5?$AAS?$AAi?$AAz?$AAe@ 000000014001262c     dbg_.-gpu_subsystem.o
 0002:00001686       ??_C@_1FK@KEPOBMOJ@?$AA?7?$AA?$CF?$AAl?$AAl?$AAd?$AA?4?$AA?$CF?$AAl?$AAl?$AAd?$AA?4?$AAG?$AAl?$AAo?$AAb?$AAa?$AAl?$AA?5?$AAM?$AAe?$AAm?$AA?5?$AAS?$AAi?$AAz?$AAe?$AA?5?$AA?5?$AA?5?$AA?5?$AA?5?$AA?5@ 0000000140012686     dbg_.-gpu_subsystem.o
 0002:000016e0       ??_C@_1FK@BEKCEBKI@?$AA?7?$AA?$CF?$AAl?$AAl?$AAd?$AA?4?$AA?$CF?$AAl?$AAl?$AAd?$AA?4?$AAL?$AAo?$AAc?$AAa?$AAl?$AA?5?$AAM?$AAe?$AAm?$AA?5?$AAS?$AAi?$AAz?$AAe?$AA?5?$AA?5?$AA?5?$AA?5?$AA?5?$AA?5?$AA?5@ 00000001400126e0     dbg_.-gpu_subsystem.o
 0002:0000173a       ??_C@_1DG@HHDGLCMF@?$AAA?$AAt?$AA?5?$AAe?$AAn?$AAd?$AA?5?$AAh?$AAa?$AAv?$AAe?$AA?5?$AA?$CF?$AAl?$AAl?$AAd?$AA?5?$AAd?$AAe?$AAv?$AAi?$AAc?$AAe?$AAs?$AA?4?$AA?6?$AA?$AA@ 000000014001273a     dbg_.-gpu_subsystem.o
 0002:00001770       ??_C@_1FC@JJNHHFIJ@?$AAI?$AAn?$AAi?$AAt?$AA?5?$AAf?$AAo?$AAr?$AAm?$AA?5?$AAp?$AAl?$AAa?$AAt?$AAf?$AAo?$AAr?$AAm?$AA?5?$AA?$CF?$AAl?$AAl?$AAd?$AA?5?$AA?$FL?$AAa?$AAu?$AAt?$AAo?$AA?5?$AAs?$AAe@ 0000000140012770     dbg_.-gpu_subsystem.o
 0002:000017c2       ??_C@_1EC@CFAEGHOO@?$AAE?$AAr?$AAr?$AAo?$AAr?$AA?5?$AAa?$AAt?$AA?5?$AAc?$AAl?$AAC?$AAr?$AAe?$AAa?$AAt?$AAe?$AAC?$AAo?$AAn?$AAt?$AAe?$AAx?$AAt?$AA?5?$AA?$FL?$AA?$CF?$AAl?$AAl?$AAd?$AA?$FN?$AA?6@ 00000001400127c2     dbg_.-gpu_subsystem.o
 0002:00001804       ??_C@_1GI@JODPKPLM@?$AAE?$AAr?$AAr?$AAo?$AAr?$AA?5?$AAa?$AAt?$AA?5?$AAc?$AAl?$AAC?$AAr?$AAe?$AAa?$AAt?$AAe?$AAC?$AAo?$AAm?$AAm?$AAa?$AAn?$AAd?$AAQ?$AAu?$AAe?$AAu?$AAe?$AAW?$AAi?$AAt@ 0000000140012804     dbg_.-gpu_subsystem.o
 0002:0000186c       ??_C@_0FA@OKGFDHAO@?9cl?9single?9precision?9constant?5?9c@ 000000014001286c     dbg_.-gpu_subsystem.o
 0002:000018bc       ??_C@_1DE@FJCPKFIJ@?$AAB?$AAu?$AAi?$AAl?$AAd?$AAP?$AAr?$AAo?$AAg?$AAr?$AAa?$AAm?$AA?5?$AAE?$AAr?$AAr?$AAo?$AAr?$AA?3?$AA?5?$AA?$CF?$AAl?$AAl?$AAd?$AA?6?$AA?$AA@ 00000001400128bc     dbg_.-gpu_subsystem.o
 0002:000018f0       ??_C@_1CO@HIIDKPPP@?$AAB?$AAu?$AAi?$AAl?$AAd?$AAI?$AAn?$AAf?$AAo?$AA?5?$AAE?$AAr?$AAr?$AAo?$AAr?$AA?3?$AA?5?$AA?$CF?$AAl?$AAl?$AAd?$AA?6?$AA?$AA@ 00000001400128f0     dbg_.-gpu_subsystem.o
 0002:0000191e       ??_C@_1DA@GJKLKGNM@?$AAB?$AAu?$AAi?$AAl?$AAd?$AAI?$AAn?$AAf?$AAo?$AA2?$AA?5?$AAE?$AAr?$AAr?$AAo?$AAr?$AA?3?$AA?5?$AA?$CF?$AAl?$AAl?$AAd?$AA?6?$AA?$AA@ 000000014001291e     dbg_.-gpu_subsystem.o
 0002:0000194e       ??_C@_1EA@DAHNIOPF@?$AAE?$AAr?$AAr?$AAo?$AAr?$AA?5?$AAI?$AAn?$AAf?$AAo?$AA?3?$AA?5?$AAc?$AAo?$AAd?$AAe?$AA?$DN?$AA?$CF?$AAl?$AAl?$AAd?$AA?3?$AA?5?$AAi?$AAn?$AAf?$AAo?$AA?$DN?$AA?$CF?$AAs?$AA?6?$AA?$AA@ 000000014001294e     dbg_.-gpu_subsystem.o
 0002:0000198e       ??_C@_1CO@DCKAPNAK@?$AAw?$AAa?$AAi?$AAt?$AAi?$AAn?$AAg?$AA?5?$AAs?$AAt?$AAa?$AAr?$AAt?$AAu?$AAp?$AA?5?$AAp?$AAa?$AAg?$AAe?$AAs?$AA?6?$AA?$AA@ 000000014001298e     dbg_.-hive_entry.o
 0002:000019bc       ??_C@_1EI@OLFKDNEP@?$AAE?$AAr?$AAr?$AAo?$AAr?$AA?3?$AA?5?$AAa?$AAl?$AAl?$AAo?$AAc?$AAa?$AAt?$AAe?$AAd?$AA?5?$AAa?$AAr?$AAr?$AAa?$AAy?$AA?5?$AAi?$AAs?$AAn?$AA?8?$AAt?$AA?5?$AAl?$AAo?$AAc@ 00000001400129bc     dbg_.-hive_entry.o
 0002:00001a04       ??_C@_1BM@MGOLOELI@?$AAr?$AAe?$AAs?$AAC?$AAo?$AAd?$AAe?$AAI?$AAd?$AA?$DN?$AA?$CF?$AAp?$AA?6?$AA?$AA@ 0000000140012a04     dbg_.-hive_entry.o
 0002:00001aa0       ??_C@_1DO@NMNBJACC@?$AA?9?$AA?9?$AA?9?$AA?9?$AA?9?$AA?5?$AAt?$AAo?$AAt?$AAa?$AAl?$AA?5?$AA?$CF?$AAl?$AAl?$AAd?$AA?5?$AAc?$AAo?$AAn?$AAn?$AAe?$AAc?$AAt?$AAi?$AAo?$AAn?$AAs?$AA?3?$AA?6?$AA?$AA@ 0000000140012aa0     dbg_.-remote.o
 0002:00001ade       ??_C@_1EM@BPMELAJO@?$AA?9?$AAc?$AAo?$AAn?$AAn?$AAe?$AAc?$AAt?$AAi?$AAo?$AAn?$AA?5?$AA?$FL?$AA?$CF?$AAp?$AA?$FN?$AA?5?$AA?$CF?$AAl?$AAl?$AAd?$AA?3?$AA?5?$AAl?$AAo?$AAc?$AAa?$AAl?$AA_?$AAi?$AAd?$AA?$DN@ 0000000140012ade     dbg_.-remote.o
 0002:00001b2a       ??_C@_1DC@HEOFFPLC@?$AAo?$AAu?$AAt?$AAg?$AAo?$AAi?$AAn?$AAg?$AA?3?$AA?5?$AAN?$AAo?$AA?5?$AAc?$AAo?$AAn?$AAn?$AAe?$AAc?$AAt?$AAi?$AAo?$AAn?$AA?6?$AA?$AA@ 0000000140012b2a     dbg_.-remote.o
 0002:00001b5c       ??_C@_1DG@HNEHLNLB@?$AAo?$AAu?$AAt?$AAg?$AAo?$AAi?$AAn?$AAg?$AA?3?$AA?5?$AAI?$AAP?$AA?$DN?$AA?$CF?$AAs?$AA?5?$AAP?$AAO?$AAR?$AAT?$AA?$DN?$AA?$CF?$AAl?$AAl?$AAd?$AA?6?$AA?$AA@ 0000000140012b5c     dbg_.-remote.o
 0002:00001b92       ??_C@_1DI@OKINGPOA@?$AAo?$AAu?$AAt?$AAg?$AAo?$AAi?$AAn?$AAg?$AA?3?$AA?5?$AA?5?$AAI?$AAP?$AA?$DN?$AA?$CF?$AAs?$AA?5?$AAP?$AAO?$AAR?$AAT?$AA?$DN?$AA?$CF?$AAl?$AAl?$AAd?$AA?6?$AA?$AA@ 0000000140012b92     dbg_.-remote.o
 0002:00001bca       ??_C@_1CM@KOFOMBCP@?$AAo?$AAu?$AAt?$AAg?$AAo?$AAi?$AAn?$AAg?$AA?3?$AA?5?$AA?5?$AAC?$AAo?$AAr?$AAr?$AAu?$AAp?$AAt?$AAe?$AAd?$AA?6?$AA?$AA@ 0000000140012bca     dbg_.-remote.o
 0002:00001bf6       ??_C@_1DC@OBBDDNNB@?$AAi?$AAn?$AAc?$AAo?$AAm?$AAi?$AAn?$AAg?$AA?3?$AA?5?$AAN?$AAo?$AA?5?$AAc?$AAo?$AAn?$AAn?$AAe?$AAc?$AAt?$AAi?$AAo?$AAn?$AA?6?$AA?$AA@ 0000000140012bf6     dbg_.-remote.o
 0002:00001c28       ??_C@_1DG@NNAENLOC@?$AAi?$AAn?$AAc?$AAo?$AAm?$AAi?$AAn?$AAg?$AA?3?$AA?5?$AAI?$AAP?$AA?$DN?$AA?$CF?$AAs?$AA?5?$AAP?$AAO?$AAR?$AAT?$AA?$DN?$AA?$CF?$AAl?$AAl?$AAd?$AA?6?$AA?$AA@ 0000000140012c28     dbg_.-remote.o
 0002:00001c5e       ??_C@_1DI@NPMKAFFJ@?$AAi?$AAn?$AAc?$AAo?$AAm?$AAi?$AAn?$AAg?$AA?3?$AA?5?$AA?5?$AAI?$AAP?$AA?$DN?$AA?$CF?$AAs?$AA?5?$AAP?$AAO?$AAR?$AAT?$AA?$DN?$AA?$CF?$AAl?$AAl?$AAd?$AA?6?$AA?$AA@ 0000000140012c5e     dbg_.-remote.o
 0002:00001c96       ??_C@_1GA@HHMMHPKA@?$AA?$CB?$AA?$CB?$AA?$CB?$AA?$CB?$AA?$CB?$AA?5?$AA?$DO?$AA?$DO?$AA?$DO?$AA?$DO?$AA?$DO?$AA?$DO?$AA?5?$AAP?$AAa?$AAg?$AAe?$AA?5?$AAa?$AAl?$AAl?$AAo?$AAc?$AAa?$AAt?$AAi?$AAo?$AAn?$AA?5?$AAi?$AAd?$AA?$DN@ 0000000140012c96     dbg_.-remote.o
 0002:00001cf6       ??_C@_1DE@OFJFJIIH@?$AAS?$AAe?$AAr?$AAv?$AAe?$AAr?$AA?5?$AAi?$AAd?$AA?$DN?$AA?$CF?$AAl?$AAl?$AAd?$AA?5?$AAc?$AAo?$AAn?$AAf?$AAi?$AAr?$AAm?$AAe?$AAd?$AA?6?$AA?$AA@ 0000000140012cf6     dbg_.-remote.o
 0002:00001d2a       ??_C@_1CE@HOGLDJAE@?$AAC?$AAl?$AAi?$AAe?$AAn?$AAt?$AA?5?$AAc?$AAo?$AAn?$AAn?$AAe?$AAc?$AAt?$AAe?$AAd?$AA?6?$AA?$AA@ 0000000140012d2a     dbg_.-remote.o
 0002:00001d4e       ??_C@_1GO@KIHGLMJK@?$AAS?$AAe?$AAn?$AAd?$AA?5?$AAc?$AAo?$AAn?$AAf?$AAi?$AAr?$AAm?$AAa?$AAt?$AAi?$AAo?$AAn?$AA?5?$AAo?$AAf?$AA?5?$AAp?$AAa?$AAg?$AAe?$AA?5?$AAa?$AAl?$AAl?$AAo?$AAc?$AAa@ 0000000140012d4e     dbg_.-remote.o
 0002:00001dbc       ??_C@_1FC@NJOMCOBI@?$AAR?$AAe?$AAd?$AAi?$AAr?$AAe?$AAc?$AAt?$AAi?$AAn?$AAg?$AA?5?$AAp?$AAa?$AAg?$AAe?$AA?5?$AAq?$AAu?$AAe?$AAr?$AAy?$AA?5?$AAt?$AAo?$AA?5?$AAl?$AAo?$AAc?$AAa?$AAl?$AA_@ 0000000140012dbc     dbg_.-remote.o
 0002:00001e0e       ??_C@_1EO@MLLDILKB@?$AAR?$AAe?$AAd?$AAi?$AAr?$AAe?$AAc?$AAt?$AAi?$AAn?$AAg?$AA?5?$AAi?$AAd?$AA?5?$AAq?$AAu?$AAe?$AAr?$AAy?$AA?5?$AAt?$AAo?$AA?5?$AAl?$AAo?$AAc?$AAa?$AAl?$AA_?$AAi?$AAd@ 0000000140012e0e     dbg_.-remote.o
 0002:00001e5c       ??_C@_1DM@IBOIDFJO@?$AAs?$AAo?$AAc?$AAk?$AAe?$AAt?$AA?$CI?$AA?$CJ?$AA?5?$AAf?$AAa?$AAi?$AAl?$AAe?$AAd?$AA?5?$AA?$FL?$AAe?$AAr?$AAr?$AAo?$AAr?$AA?$DN?$AA?$CF?$AAl?$AAl?$AAd?$AA?$FN?$AA?6?$AA?$AA@ 0000000140012e5c     dbg_.-remote.o
 0002:00001e98       ??_C@_1CM@FLPDOBBA@?$AAR?$AAe?$AAq?$AAu?$AAe?$AAs?$AAt?$AAi?$AAn?$AAg?$AA?5?$AAp?$AAo?$AAr?$AAt?$AA?5?$AA?$CF?$AAl?$AAl?$AAd?$AA?6?$AA?$AA@ 0000000140012e98     dbg_.-remote.o
 0002:00001ec4       ??_C@_1DK@IOCIPHFJ@?$AAc?$AAo?$AAn?$AAn?$AAe?$AAc?$AAt?$AA?5?$AAf?$AAa?$AAi?$AAl?$AAe?$AAd?$AA?5?$AA?$FL?$AAe?$AAr?$AAr?$AAo?$AAr?$AA?$DN?$AA?$CF?$AAl?$AAl?$AAd?$AA?$FN?$AA?6?$AA?$AA@ 0000000140012ec4     dbg_.-remote.o
 0002:00001efe       ??_C@_1DO@IMGJNCBG@?$AAC?$AAo?$AAn?$AAn?$AAe?$AAc?$AAt?$AAi?$AAo?$AAn?$AA?5?$AAi?$AAs?$AA?5?$AAs?$AAu?$AAc?$AAc?$AAe?$AAs?$AAs?$AAf?$AAu?$AAl?$AA?$CB?$AA?5?$AA?$FL?$AA1?$AA?$FN?$AA?6?$AA?$AA@ 0000000140012efe     dbg_.-remote.o
 0002:00001f3c       ??_C@_1GE@BBHPHIKC@?$AAE?$AAr?$AAr?$AAo?$AAr?$AA?5?$AA?9?$AA?5?$AAs?$AAe?$AAr?$AAv?$AAe?$AAr?$AA_?$AAp?$AAo?$AAr?$AAt?$AA?5?$AA?$DN?$AA?$DN?$AA?5?$AA?9?$AA1?$AA?5?$AA?$FL?$AAs?$AAe?$AAr?$AAv?$AAe@ 0000000140012f3c     dbg_.-remote.o
 0002:00001fa0       ??_C@_1EM@HCGPBNNP@?$AAS?$AAt?$AAa?$AAr?$AAt?$AAi?$AAn?$AAg?$AA?5?$AAn?$AAe?$AAw?$AA?5?$AAc?$AAo?$AAn?$AAn?$AAe?$AAc?$AAt?$AAi?$AAo?$AAn?$AA?5?$AAt?$AAo?$AA?5?$AA?$FL?$AA?$CF?$AAs?$AA?$FN?$AA?5@ 0000000140012fa0     dbg_.-remote.o
 0002:00001fec       ??_C@_1FE@JKPBPNOM@?$AAE?$AAr?$AAr?$AAo?$AAr?$AA?5?$AAr?$AAe?$AAs?$AAo?$AAl?$AAv?$AAi?$AAn?$AAg?$AA?5?$AAh?$AAo?$AAs?$AAt?$AA?4?$AA?5?$AA?$FL?$AAs?$AAt?$AAa?$AAt?$AAu?$AAs?$AA?$DN?$AA?$CF?$AAl@ 0000000140012fec     dbg_.-remote.o
 0002:00002040       ??_C@_1DO@COGNFPF@?$AAC?$AAo?$AAn?$AAn?$AAe?$AAc?$AAt?$AAi?$AAo?$AAn?$AA?5?$AAi?$AAs?$AA?5?$AAs?$AAu?$AAc?$AAc?$AAe?$AAs?$AAs?$AAf?$AAu?$AAl?$AA?$CB?$AA?5?$AA?$FL?$AA2?$AA?$FN?$AA?6?$AA?$AA@ 0000000140013040     dbg_.-remote.o
 0002:0000207e       ??_C@_1FK@FPKJOMKP@?$AAE?$AAr?$AAr?$AAo?$AAr?$AA?3?$AA?5?$AAC?$AAo?$AAu?$AAl?$AAd?$AA?5?$AAn?$AAo?$AAt?$AA?5?$AAc?$AAo?$AAn?$AAn?$AAe?$AAc?$AAt?$AA?5?$AAt?$AAo?$AA?5?$AA?$CF?$AAs?$AA?5?$AA?$FL@ 000000014001307e     dbg_.-remote.o
 0002:000020d8       ??_C@_1EA@JBNEEBDD@?$AAT?$AAr?$AAy?$AAi?$AAn?$AAg?$AA?5?$AAt?$AAo?$AA?5?$AAg?$AAe?$AAt?$AA?5?$AAm?$AAe?$AAm?$AAo?$AAr?$AAy?$AA?5?$AAp?$AAa?$AAg?$AAe?$AA?5?$AA?$CF?$AAl?$AAl?$AAd?$AA?6?$AA?$AA@ 00000001400130d8     dbg_.-remote.o
 0002:00002118       ??_C@_1EI@BHCKMCLF@?$AAC?$AAr?$AAe?$AAa?$AAt?$AAe?$AAd?$AA?5?$AAb?$AAr?$AAo?$AAa?$AAd?$AAc?$AAa?$AAs?$AAt?$AA?5?$AAw?$AAi?$AAt?$AAh?$AA?5?$AAp?$AAr?$AAe?$AAf?$AAi?$AAx?$AA?$DN?$AA?$CF?$AAl@ 0000000140013118     dbg_.-remote.o
 0002:00002160       ??_C@_1DM@MBBJEJBJ@?$AAT?$AAr?$AAy?$AAi?$AAn?$AAg?$AA?5?$AAt?$AAo?$AA?5?$AAg?$AAe?$AAt?$AA?5?$AAs?$AAe?$AAr?$AAv?$AAe?$AAr?$AA?5?$AAi?$AAd?$AA?5?$AA?$CF?$AAl?$AAl?$AAd?$AA?6?$AA?$AA@ 0000000140013160     dbg_.-remote.o
 0002:0000219c       ??_C@_1GK@DMGCKEJF@?$AAA?$AAn?$AAs?$AAw?$AAe?$AAr?$AA?5?$AAP?$AAu?$AAs?$AAh?$AA?5?$AAO?$AAb?$AAj?$AAe?$AAc?$AAt?$AA?5?$AAt?$AAo?$AA?5?$AAl?$AAo?$AAc?$AAa?$AAl?$AAi?$AAd?$AA?$DN?$AA?$CF?$AAl@ 000000014001319c     dbg_.-remote.o
 0002:00002206       ??_C@_1GM@MICHOCHB@?$AAA?$AAn?$AAs?$AAw?$AAe?$AAr?$AA?5?$AAQ?$AAu?$AAe?$AAr?$AAy?$AA?5?$AAO?$AAb?$AAj?$AAe?$AAc?$AAt?$AA?5?$AAt?$AAo?$AA?5?$AAl?$AAo?$AAc?$AAa?$AAl?$AAi?$AAd?$AA?$DN?$AA?$CF@ 0000000140013206     dbg_.-remote.o
 0002:00002272       ??_C@_1FK@FHPCFNAH@?$AAs?$AAe?$AAn?$AAd?$AA?5?$AAb?$AAr?$AAo?$AAa?$AAd?$AAc?$AAa?$AAs?$AAt?$AA?5?$AAa?$AAn?$AAs?$AAw?$AAe?$AAr?$AA?5?$AAp?$AAa?$AAt?$AAh?$AA?5?$AAt?$AAo?$AA?5?$AAl?$AAo@ 0000000140013272     dbg_.-remote.o
 0002:000022cc       ??_C@_1FM@FIIIPBAA@?$AAs?$AAe?$AAn?$AAd?$AA?5?$AAb?$AAr?$AAo?$AAa?$AAd?$AAc?$AAa?$AAs?$AAt?$AA?5?$AAp?$AAa?$AAt?$AAh?$AA?5?$AAr?$AAe?$AAq?$AAu?$AAe?$AAs?$AAt?$AA?5?$AAt?$AAo?$AA?5?$AAl@ 00000001400132cc     dbg_.-remote.o
 0002:00002328       ??_C@_1GA@MDBOGCGI@?$AAs?$AAe?$AAn?$AAd?$AA?5?$AAb?$AAr?$AAo?$AAa?$AAd?$AAc?$AAa?$AAs?$AAt?$AA?5?$AAa?$AAn?$AAs?$AAw?$AAe?$AAr?$AA?5?$AAi?$AAd?$AA?5?$AAp?$AAa?$AAt?$AAh?$AA?5?$AAt?$AAo@ 0000000140013328     dbg_.-remote.o
 0002:00002388       ??_C@_1EO@CDOEBIIP@?$AAS?$AAe?$AAn?$AAd?$AAi?$AAn?$AAg?$AA?5?$AAb?$AAr?$AAo?$AAa?$AAd?$AAc?$AAa?$AAs?$AAt?$AA?5?$AAt?$AAo?$AA?5?$AAf?$AAi?$AAn?$AAd?$AA?5?$AAo?$AAb?$AAj?$AAe?$AAc?$AAt@ 0000000140013388     dbg_.-remote.o
 0002:000023d6       ??_C@_1DC@EHBNKHBD@?$AAr?$AAe?$AAq?$AAu?$AAe?$AAs?$AAt?$AA?5?$AAs?$AAe?$AAt?$AA?5?$AAo?$AAb?$AAj?$AAe?$AAc?$AAt?$AA?$DN?$AA?$CF?$AAl?$AAl?$AAd?$AA?6?$AA?$AA@ 00000001400133d6     dbg_.-remote.o
 0002:00002408       ??_C@_1CO@OBFELGCG@?$AAl?$AAo?$AAc?$AAa?$AAl?$AA?5?$AAo?$AAb?$AAj?$AAe?$AAc?$AAt?$AA?5?$AA?9?$AA?5?$AAa?$AAn?$AAs?$AAw?$AAe?$AAr?$AA?6?$AA?$AA@ 0000000140013408     dbg_.-remote.o
 0002:00002436       ??_C@_1CC@BJNHGOIA@?$AAd?$AAo?$AAn?$AA?8?$AAt?$AA?5?$AAk?$AAn?$AAo?$AAw?$AA?5?$AAp?$AAa?$AAt?$AAh?$AA?6?$AA?$AA@ 0000000140013436     dbg_.-remote.o
 0002:00002458       ??_C@_1DA@NHJHHADA@?$AAr?$AAe?$AAq?$AAu?$AAe?$AAs?$AAt?$AA?5?$AAs?$AAe?$AAn?$AAt?$AA?5?$AA?$FL?$AAt?$AAo?$AA?5?$AA?$CF?$AAl?$AAl?$AAd?$AA?$FN?$AA?6?$AA?$AA@ 0000000140013458     dbg_.-remote.o
 0002:00002488       ??_C@_1IK@DBMEHLHD@?$AAS?$AAt?$AAa?$AAr?$AAt?$AAi?$AAn?$AAg?$AA?5?$AAn?$AAe?$AAw?$AA?5?$AAR?$AAE?$AAM?$AAO?$AAT?$AAE?$AA?5?$AAw?$AAo?$AAr?$AAk?$AAe?$AAr?$AA?5?$AA?$CF?$AAl?$AAl?$AAd?$AA?5@ 0000000140013488     dbg_.-remote.o
 0002:00002512       ??_C@_1EK@DLJDAMIC@?$AAs?$AAe?$AAn?$AAd?$AAi?$AAn?$AAg?$AA?5?$AAh?$AAi?$AAv?$AAe?$AA?5?$AAs?$AAt?$AAa?$AAt?$AAe?$AA?5?$AA?$FL?$AA?$CF?$AAl?$AAl?$AAd?$AA?5?$AA?$CF?$AAl?$AAl?$AAd?$AA?5?$AA?$CF?$AAl@ 0000000140013512     dbg_.-remote.o
 0002:0000255c       ??_C@_1DG@PIHIFHIB@?$AAi?$AAn?$AAt?$AAi?$AAi?$AAa?$AAl?$AAi?$AAz?$AAa?$AAt?$AAi?$AAn?$AAg?$AA?5?$AAn?$AAe?$AAt?$AAw?$AAo?$AAr?$AAk?$AA?4?$AA?4?$AA?4?$AA?6?$AA?$AA@ 000000014001355c     dbg_.-remote.o
 0002:00002592       ??_C@_1CK@IMAGNILG@?$AAC?$AAo?$AAn?$AAf?$AAi?$AAr?$AAm?$AAe?$AAd?$AA?5?$AAp?$AAo?$AAr?$AAt?$AA?$DN?$AA?$CF?$AAl?$AAl?$AAd?$AA?6?$AA?$AA@ 0000000140013592     dbg_.-remote.o
 0002:000025bc       ??_C@_1CE@BDEHPDNE@?$AAG?$AAe?$AAt?$AA?5?$AAc?$AAo?$AAm?$AAm?$AAa?$AAn?$AAd?$AA?5?$AA?$FL?$AA?$CF?$AAs?$AA?$FN?$AA?6?$AA?$AA@ 00000001400135bc     dbg_.-remote.o
 0002:000025e0       ??_C@_1DG@NNMMEGKD@?$AAS?$AAe?$AAl?$AAe?$AAc?$AAt?$AAe?$AAd?$AA?5?$AAc?$AAo?$AAn?$AAn?$AAe?$AAc?$AAt?$AA?5?$AAc?$AAo?$AAm?$AAm?$AAa?$AAn?$AAd?$AA?4?$AA?6?$AA?$AA@ 00000001400135e0     dbg_.-remote.o
 0002:00002616       ??_C@_1CI@KPENLAE@?$AAE?$AAn?$AAt?$AAe?$AAr?$AA?5?$AAI?$AAP?$AA?5?$AAa?$AAn?$AAd?$AA?5?$AAP?$AAO?$AAR?$AAT?$AA?4?$AA?6?$AA?$AA@ 0000000140013616     dbg_.-remote.o
 0002:0000263e       ??_C@_1EG@CAHECGOL@?$AAT?$AAr?$AAy?$AAi?$AAn?$AAg?$AA?5?$AAt?$AAo?$AA?5?$AAc?$AAo?$AAn?$AAn?$AAe?$AAc?$AAt?$AA?5?$AAt?$AAo?$AA?5?$AA?$FL?$AA?$CF?$AAs?$AA?$FN?$AA?5?$AA?$FL?$AA?$CF?$AAs?$AA?$FN?$AA?4?$AA?4@ 000000014001363e     dbg_.-remote.o
 0002:00002684       ??_C@_1DG@GLOHHOJG@?$AAT?$AAe?$AAm?$AAp?$AAo?$AAr?$AAa?$AAr?$AAy?$AA?5?$AAl?$AAo?$AAc?$AAa?$AAl?$AA_?$AAi?$AAd?$AA?5?$AA?$DN?$AA?5?$AA?$CF?$AAl?$AAl?$AAd?$AA?6?$AA?$AA@ 0000000140013684     dbg_.-remote.o
 0002:000026ba       ??_C@_1DC@MOJEJJIM@?$AAC?$AAo?$AAn?$AAf?$AAi?$AAg?$AAu?$AAr?$AAa?$AAt?$AAi?$AAo?$AAn?$AA?5?$AAc?$AAo?$AAn?$AAf?$AAi?$AAr?$AAm?$AAe?$AAd?$AA?6?$AA?$AA@ 00000001400136ba     dbg_.-remote.o
 0002:000026ec       ??_C@_1BA@IEOPIPPP@?$AAg?$AAe?$AAt?$AA?5?$AAi?$AAd?$AA?6?$AA?$AA@ 00000001400136ec     dbg_.-remote.o
 0002:000026fc       ??_C@_1BE@JGIALBEO@?$AAs?$AAl?$AAe?$AAe?$AAp?$AAi?$AAn?$AAg?$AA?6?$AA?$AA@ 00000001400136fc     dbg_.-remote.o
 0002:00002710       ??_C@_1CC@DLADIFA@?$AAr?$AAu?$AAn?$AAn?$AAi?$AAn?$AAg?$AA?5?$AAt?$AAh?$AAr?$AAe?$AAa?$AAd?$AAs?$AA?6?$AA?$AA@ 0000000140013710     dbg_.-remote.o
 0002:00002732       ??_C@_1CO@OPIMELJM@?$AAn?$AAe?$AAt?$AAw?$AAo?$AAr?$AAk?$AA?5?$AAi?$AAn?$AAi?$AAt?$AAi?$AAa?$AAl?$AAi?$AAz?$AAa?$AAt?$AAe?$AAd?$AA?6?$AA?$AA@ 0000000140013732     dbg_.-remote.o
 0002:00002760       ??_C@_1DM@PKIKMHMJ@?$AA?$FL?$AAN?$AAE?$AAT?$AAW?$AAO?$AAR?$AAK?$AA?$FN?$AA?3?$AA?5?$AAP?$AAe?$AAe?$AAr?$AA?5?$AAd?$AAi?$AAs?$AAc?$AAo?$AAn?$AAn?$AAe?$AAc?$AAt?$AAe?$AAd?$AA?6?$AA?$AA@ 0000000140013760     dbg_.-remote.o
 0002:0000279c       ??_C@_1DG@IHKBKGHO@?$AAG?$AAe?$AAt?$AA?5?$AAm?$AAe?$AAs?$AAs?$AAa?$AAg?$AAe?$AA?5?$AAo?$AAf?$AA?5?$AA?$CF?$AAl?$AAl?$AAd?$AA?5?$AAb?$AAy?$AAt?$AAe?$AAs?$AA?6?$AA?$AA@ 000000014001379c     dbg_.-remote.o
 0002:000027d2       ??_C@_1EE@FBAKCJKM@?$AAp?$AAr?$AAo?$AAc?$AAe?$AAs?$AAs?$AA?5?$AAh?$AAe?$AAa?$AAd?$AAe?$AAr?$AA?$FL?$AAo?$AAk?$AA?$FN?$AA?5?$AA?$FL?$AAh?$AAe?$AAa?$AAd?$AAe?$AAr?$AA?$DN?$AA?$CF?$AAl?$AAl?$AAd?$AA?$FN@ 00000001400137d2     dbg_.-remote.o
 0002:00002816       ??_C@_1EE@CIFDCIBF@?$AAp?$AAr?$AAo?$AAc?$AAe?$AAs?$AAs?$AA?5?$AAl?$AAe?$AAn?$AAg?$AAt?$AAh?$AA?$FL?$AAo?$AAk?$AA?$FN?$AA?5?$AA?$FL?$AAl?$AAe?$AAn?$AAg?$AAt?$AAh?$AA?$DN?$AA?$CF?$AAl?$AAl?$AAd?$AA?$FN@ 0000000140013816     dbg_.-remote.o
 0002:0000285a       ??_C@_1CM@JBMABCGC@?$AAp?$AAr?$AAo?$AAc?$AAe?$AAs?$AAs?$AA?5?$AAl?$AAe?$AAn?$AAg?$AAt?$AAh?$AA?$FL?$AAp?$AAa?$AAr?$AAt?$AA?$FN?$AA?6?$AA?$AA@ 000000014001385a     dbg_.-remote.o
 0002:00002886       ??_C@_1CE@BMKCCAOL@?$AAp?$AAr?$AAo?$AAc?$AAe?$AAs?$AAs?$AA?5?$AAb?$AAo?$AAd?$AAy?$AA?$FL?$AAo?$AAk?$AA?$FN?$AA?6?$AA?$AA@ 0000000140013886     dbg_.-remote.o
 0002:000028aa       ??_C@_1FE@JBHEOMDM@?$AAc?$AAo?$AAn?$AAn?$AAe?$AAc?$AAt?$AAi?$AAo?$AAn?$AA?5?$AAw?$AAa?$AAs?$AA?5?$AAc?$AAl?$AAo?$AAs?$AAe?$AAd?$AA?4?$AA?5?$AA?$FL?$AAl?$AAo?$AAc?$AAa?$AAl?$AA_?$AAi?$AAd@ 00000001400138aa     dbg_.-remote.o
 0002:000028fe       ??_C@_1CI@LDDDECLE@?$AAp?$AAr?$AAo?$AAc?$AAe?$AAs?$AAs?$AA?5?$AAb?$AAo?$AAd?$AAy?$AA?$FL?$AAp?$AAa?$AAr?$AAt?$AA?$FN?$AA?6?$AA?$AA@ 00000001400138fe     dbg_.-remote.o
 0002:00002926       ??_C@_1FI@DLIHECMG@?$AAG?$AAe?$AAt?$AA?5?$AAa?$AAp?$AAi?$AA?5?$AAc?$AAa?$AAl?$AAl?$AA?5?$AA?$CF?$AAl?$AAl?$AAd?$AA?5?$AAo?$AAf?$AA?5?$AAl?$AAe?$AAn?$AAg?$AAt?$AAh?$AA?3?$AA?5?$AA?$CF?$AAl?$AAl@ 0000000140013926     dbg_.-remote.o
 0002:0000297e       ??_C@_1EC@IGPNEALA@?$AAA?$AAP?$AAI?$AA_?$AAR?$AAE?$AAQ?$AAU?$AAE?$AAS?$AAT?$AA_?$AAC?$AAO?$AAN?$AAN?$AAE?$AAC?$AAT?$AAI?$AAO?$AAN?$AA?5?$AAa?$AAn?$AAs?$AAw?$AAe?$AAr?$AAe?$AAd?$AA?6@ 000000014001397e     dbg_.-remote.o
 0002:000029c0       ??_C@_1HI@PFGJBABN@?$AAA?$AAP?$AAI?$AA_?$AAA?$AAN?$AAS?$AAW?$AAE?$AAR?$AA_?$AAR?$AAE?$AAQ?$AAU?$AAE?$AAS?$AAT?$AA_?$AAC?$AAO?$AAN?$AAN?$AAE?$AAC?$AAT?$AAI?$AAO?$AAN?$AA?5?$AAu?$AAp@ 00000001400139c0     dbg_.-remote.o
 0002:00002a38       ??_C@_1EM@NFKPCEGC@?$AAU?$AAp?$AAd?$AAa?$AAt?$AAe?$AAd?$AA?5?$AAu?$AAs?$AAi?$AAn?$AAg?$AA?5?$AA?$FL?$AAc?$AAo?$AAn?$AA?$DN?$AA?$CF?$AAp?$AA?$FN?$AA?5?$AA?$FL?$AAa?$AAn?$AAd?$AA?5?$AAf?$AAr?$AAe?$AAe@ 0000000140013a38     dbg_.-remote.o
 0002:00002a84       ??_C@_1LA@ICLCBFDH@?$AAE?$AAr?$AAr?$AAo?$AAr?$AA?3?$AA?5?$AAA?$AAP?$AAI?$AA_?$AAA?$AAN?$AAS?$AAW?$AAE?$AAR?$AA_?$AAR?$AAE?$AAQ?$AAU?$AAE?$AAS?$AAT?$AA_?$AAC?$AAO?$AAN?$AAN?$AAE?$AAC@ 0000000140013a84     dbg_.-remote.o
 0002:00002b34       ??_C@_1FA@NLLPLBEB@?$AAA?$AAP?$AAI?$AA_?$AAR?$AAE?$AAQ?$AAU?$AAE?$AAS?$AAT?$AA_?$AAI?$AAD?$AA?5?$AAp?$AAa?$AAg?$AAe?$AA?$DN?$AA?$CF?$AAl?$AAl?$AAd?$AA?5?$AA?$FL?$AAp?$AAr?$AAe?$AAf?$AAi?$AAx@ 0000000140013b34     dbg_.-remote.o
 0002:00002b84       ??_C@_1BG@IOHEMCP@?$AAR?$AAe?$AAf?$AAu?$AAs?$AAe?$AA?5?$AAi?$AAd?$AA?6?$AA?$AA@ 0000000140013b84     dbg_.-remote.o
 0002:00002b9a       ??_C@_1EI@DCLENIAC@?$AAC?$AAo?$AAn?$AAf?$AAi?$AAr?$AAm?$AAe?$AAd?$AA?5?$AAb?$AAe?$AAc?$AAo?$AAu?$AAs?$AAe?$AA?5?$AAl?$AAo?$AAc?$AAa?$AAl?$AA_?$AAi?$AAd?$AA?5?$AAd?$AAi?$AAf?$AAf?$AAe@ 0000000140013b9a     dbg_.-remote.o
 0002:00002be2       ??_C@_1EI@GBBOHBKF@?$AAG?$AAe?$AAt?$AA?5?$AAb?$AAr?$AAo?$AAa?$AAd?$AAc?$AAa?$AAs?$AAt?$AA?5?$AAa?$AAn?$AAs?$AAw?$AAe?$AAr?$AA?5?$AA?$FL?$AAp?$AAr?$AAe?$AAf?$AAi?$AAx?$AA?$DN?$AA?$CF?$AAl?$AAl@ 0000000140013be2     dbg_.-remote.o
 0002:00002c2a       ??_C@_1CK@JAOCGICP@?$AAB?$AAr?$AAo?$AAa?$AAd?$AAc?$AAa?$AAs?$AAt?$AA?5?$AAc?$AAo?$AAn?$AAf?$AAi?$AAr?$AAm?$AAe?$AAd?$AA?6?$AA?$AA@ 0000000140013c2a     dbg_.-remote.o
 0002:00002c54       ??_C@_1FM@HIELKEO@?$AAA?$AAP?$AAI?$AA_?$AAR?$AAE?$AAQ?$AAU?$AAE?$AAS?$AAT?$AA_?$AAM?$AAE?$AAM?$AA_?$AAP?$AAA?$AAG?$AAE?$AA?5?$AAp?$AAa?$AAg?$AAe?$AA?$DN?$AA?$CF?$AAl?$AAl?$AAd?$AA?5?$AA?$FL@ 0000000140013c54     dbg_.-remote.o
 0002:00002cb0       ??_C@_1CG@KIALDCLE@?$AAR?$AAe?$AAf?$AAu?$AAs?$AAe?$AA?5?$AAa?$AAl?$AAl?$AAo?$AAc?$AAa?$AAt?$AAi?$AAo?$AAn?$AA?6?$AA?$AA@ 0000000140013cb0     dbg_.-remote.o
 0002:00002cd6       ??_C@_1CM@IABHOCCE@?$AAg?$AAe?$AAt?$AA?5?$AAp?$AAu?$AAs?$AAh?$AA?5?$AAo?$AAb?$AAj?$AAe?$AAc?$AAt?$AA?5?$AA?$CF?$AAl?$AAl?$AAd?$AA?6?$AA?$AA@ 0000000140013cd6     dbg_.-remote.o
 0002:00002d02       ??_C@_1BM@CKHNEJCK@?$AAl?$AAo?$AAc?$AAa?$AAl?$AA?9?$AAp?$AAu?$AAs?$AAh?$AAe?$AAd?$AA?6?$AA?$AA@ 0000000140013d02     dbg_.-remote.o
 0002:00002d1e       ??_C@_1CG@LACBKCJC@?$AAr?$AAe?$AAm?$AAo?$AAt?$AAe?$AA?9?$AAr?$AAe?$AAd?$AAi?$AAr?$AAe?$AAc?$AAt?$AAe?$AAd?$AA?6?$AA?$AA@ 0000000140013d1e     dbg_.-remote.o
 0002:00002d44       ??_C@_1GM@LPBCPABN@?$AAU?$AAP?$AAD?$AAA?$AAT?$AAE?$AA?5?$AAP?$AAA?$AAT?$AAH?$AA?5?$AA1?$AA?5?$AAT?$AAO?$AA?5?$AA?$CF?$AAl?$AAl?$AAd?$AA?5?$AA?$FL?$AAd?$AAi?$AAs?$AAt?$AAa?$AAn?$AAc?$AAe?$AA?$DN@ 0000000140013d44     dbg_.-remote.o
 0002:00002db0       ??_C@_1GM@FBBGBBEM@?$AAU?$AAP?$AAD?$AAA?$AAT?$AAE?$AA?5?$AAP?$AAA?$AAT?$AAH?$AA?5?$AA2?$AA?5?$AAT?$AAO?$AA?5?$AA?$CF?$AAl?$AAl?$AAd?$AA?5?$AA?$FL?$AAd?$AAi?$AAs?$AAt?$AAa?$AAn?$AAc?$AAe?$AA?$DN@ 0000000140013db0     dbg_.-remote.o
 0002:00002e1c       ??_C@_1HC@GFDBDKMJ@?$AAU?$AAP?$AAD?$AAA?$AAT?$AAE?$AA?5?$AAI?$AAD?$AA?5?$AAP?$AAA?$AAT?$AAH?$AA?5?$AA1?$AA?5?$AAT?$AAO?$AA?5?$AA?$CF?$AAl?$AAl?$AAd?$AA?5?$AA?$FL?$AAd?$AAi?$AAs?$AAt?$AAa?$AAn@ 0000000140013e1c     dbg_.-remote.o
 0002:00002e8e       ??_C@_1HC@ILDFNLJI@?$AAU?$AAP?$AAD?$AAA?$AAT?$AAE?$AA?5?$AAI?$AAD?$AA?5?$AAP?$AAA?$AAT?$AAH?$AA?5?$AA2?$AA?5?$AAT?$AAO?$AA?5?$AA?$CF?$AAl?$AAl?$AAd?$AA?5?$AA?$FL?$AAd?$AAi?$AAs?$AAt?$AAa?$AAn@ 0000000140013e8e     dbg_.-remote.o
 0002:00002f00       ??_C@_1HC@IPIJLOJO@?$AAG?$AAe?$AAt?$AA?5?$AAr?$AAe?$AAm?$AAo?$AAt?$AAe?$AA?5?$AAs?$AAt?$AAa?$AAr?$AAt?$AA?5?$AAw?$AAo?$AAr?$AAk?$AAe?$AAr?$AA?5?$AA?$CF?$AAl?$AAl?$AAd?$AA?5?$AAf?$AAr?$AAo@ 0000000140013f00     dbg_.-remote.o
 0002:00002f72       ??_C@_1FC@CBJJGKKM@?$AAG?$AAE?$AAT?$AA?5?$AAH?$AAI?$AAV?$AAE?$AA?5?$AAS?$AAT?$AAA?$AAT?$AAE?$AA?3?$AA?5?$AA?$CF?$AAl?$AAl?$AAd?$AA?5?$AA?$CF?$AAl?$AAl?$AAd?$AA?5?$AA?$CF?$AAl?$AAl?$AAd?$AA?5?$AA?$FL@ 0000000140013f72     dbg_.-remote.o
 0002:00002fc4       ??_C@_1CG@PIAFPEME@?$AAS?$AAe?$AAr?$AAv?$AAe?$AAr?$AA?5?$AAs?$AAt?$AAa?$AAr?$AAt?$AAe?$AAd?$AA?4?$AA?4?$AA?4?$AA?6?$AA?$AA@ 0000000140013fc4     dbg_.-remote.o
 0002:00002fea       ??_C@_1BI@HLOPLBKF@?$AAb?$AAi?$AAn?$AAd?$AAi?$AAn?$AAg?$AA?4?$AA?4?$AA?4?$AA?6?$AA?$AA@ 0000000140013fea     dbg_.-remote.o
 0002:00003002       ??_C@_1CA@GONFBJEC@?$AAS?$AAo?$AAc?$AAk?$AAe?$AAt?$AA?5?$AAc?$AAr?$AAe?$AAa?$AAt?$AAe?$AAd?$AA?6?$AA?$AA@ 0000000140014002     dbg_.-remote.o
 0002:00003022       ??_C@_1DK@EHAPFJND@?$AAs?$AAe?$AAr?$AAv?$AAe?$AAr?$AA?5?$AAs?$AAt?$AAa?$AAr?$AAt?$AAe?$AAd?$AA?5?$AAo?$AAn?$AA?5?$AAp?$AAo?$AAr?$AAt?$AA?5?$AA?$CF?$AAl?$AAl?$AAd?$AA?6?$AA?$AA@ 0000000140014022     dbg_.-remote.o
 0002:0000305c       ??_C@_1CM@OOKLEHNG@?$AAg?$AAe?$AAt?$AA?5?$AAn?$AAa?$AAm?$AAe?$AA?5?$AAf?$AAa?$AAi?$AAl?$AAe?$AAd?$AA?5?$AA?$CF?$AAl?$AAl?$AAd?$AA?6?$AA?$AA@ 000000014001405c     dbg_.-remote.o
 0002:00003088       ??_C@_1CG@NGNGJBNB@?$AAE?$AAr?$AAr?$AAo?$AAr?$AA?5?$AAh?$AAa?$AAp?$AAp?$AAe?$AAn?$AA?5?$AA?$CF?$AAl?$AAl?$AAd?$AA?6?$AA?$AA@ 0000000140014088     dbg_.-remote.o
 0002:000030ae       ??_C@_1FA@MICONLJJ@?$AAE?$AAr?$AAr?$AAo?$AAr?$AA?3?$AA?5?$AAf?$AAa?$AAi?$AAl?$AAe?$AAd?$AA?5?$AAt?$AAo?$AA?5?$AAa?$AAl?$AAl?$AAo?$AAc?$AAa?$AAt?$AAe?$AA?5?$AAm?$AAe?$AAm?$AAo?$AAr?$AAy@ 00000001400140ae     dbg_.-runtime_lib.o
 0002:000030fe       ??_C@_1FE@CPMEHOGL@?$AAE?$AAr?$AAr?$AAo?$AAr?$AA?3?$AA?5?$AAf?$AAa?$AAi?$AAl?$AAe?$AAd?$AA?5?$AAt?$AAo?$AA?5?$AAr?$AAe?$AAa?$AAl?$AAl?$AAo?$AAc?$AAa?$AAt?$AAe?$AA?5?$AAm?$AAe?$AAm?$AAo@ 00000001400140fe     dbg_.-runtime_lib.o
 0002:00003152       ??_C@_1EI@DJFGOBAG@?$AAE?$AAr?$AAr?$AAo?$AAr?$AA?3?$AA?5?$AAf?$AAa?$AAi?$AAl?$AAe?$AAd?$AA?5?$AAt?$AAo?$AA?5?$AAf?$AAr?$AAe?$AAe?$AA?5?$AAm?$AAe?$AAm?$AAo?$AAr?$AAy?$AA?3?$AA?5?$AA?$CF?$AAl@ 0000000140014152     dbg_.-runtime_lib.o
 0002:0000319a       ??_C@_1CM@EJGKJCED@?$AAA?$AAs?$AAs?$AAe?$AAr?$AAt?$AAi?$AAo?$AAn?$AA?5?$AAf?$AAa?$AAi?$AAl?$AAe?$AAd?$AA?3?$AA?5?$AA?$CF?$AAs?$AA?6?$AA?$AA@ 000000014001419a     dbg_.-runtime_lib.o
 0002:000031c6       ??_C@_1EI@GJCCEHA@?$AAF?$AAi?$AAl?$AAe?$AA?3?$AA?5?$AA?$CF?$AAs?$AA?0?$AA?5?$AAL?$AAi?$AAn?$AAe?$AA?3?$AA?5?$AA?$CF?$AAl?$AAl?$AAd?$AA?0?$AA?5?$AAF?$AAu?$AAn?$AAc?$AAt?$AAi?$AAo?$AAn?$AA?3?$AA?5@ 00000001400141c6     dbg_.-runtime_lib.o
 0002:00003420       ??_C@_1GE@NIGCAFOK@?$AAE?$AAr?$AAr?$AAo?$AAr?$AA?3?$AA?5?$AAg?$AAp?$AAu?$AA?5?$AAw?$AAo?$AAr?$AAk?$AAe?$AAr?$AA?5?$AAd?$AAo?$AAe?$AAn?$AA?8?$AAt?$AA?5?$AAs?$AAu?$AAp?$AAp?$AAo?$AAr?$AAt@ 0000000140014420     dbg_.-runtime.o
 0002:00003484       ??_C@_1DO@CBJEPNAO@?$AAP?$AAr?$AAo?$AAm?$AAi?$AAs?$AAe?$AA?$CI?$AAs?$AAe?$AAt?$AA?$DN?$AA?$CF?$AA0?$AA2?$AAx?$AA?0?$AA?5?$AAf?$AAi?$AAr?$AAs?$AAt?$AA4?$AAb?$AAy?$AAt?$AAe?$AAs?$AA?$DN?$AA?$AA@ 0000000140014484     dbg_.-runtime.o
 0002:000034c2       ??_C@_15BCDOKMG@?$AA?$CJ?$AA?6?$AA?$AA@ 00000001400144c2     dbg_.-runtime.o
 0002:000034c8       ??_C@_1EO@JIHFKLGM@?$AAA?$AAr?$AAr?$AAa?$AAy?$AA?$CI?$AAl?$AAe?$AAn?$AAg?$AAt?$AAh?$AA?$DN?$AA?$CF?$AAl?$AAl?$AAd?$AA?0?$AA?5?$AAe?$AAl?$AAe?$AAm?$AAe?$AAn?$AAt?$AA_?$AAs?$AAi?$AAz?$AAe?$AA?$DN@ 00000001400144c8     dbg_.-runtime.o
 0002:00003516       ??_C@_15IPOKAMGA@?$AA?$HL?$AA?5?$AA?$AA@ 0000000140014516     dbg_.-runtime.o
 0002:0000351c       ??_C@_13EHOOFIKC@?$AA?$HN?$AA?$AA@ 000000014001451c     dbg_.-runtime.o
 0002:00003520       ??_C@_15JOGBDECP@?$AA?0?$AA?5?$AA?$AA@ 0000000140014520     dbg_.-runtime.o
 0002:00003526       ??_C@_1CG@OGLIMIIK@?$AAC?$AAl?$AAa?$AAs?$AAs?$AA?$CI?$AAf?$AAi?$AAr?$AAs?$AAt?$AA4?$AAb?$AAy?$AAt?$AAe?$AAs?$AA?$DN?$AA?$AA@ 0000000140014526     dbg_.-runtime.o
 0002:0000354c       ??_C@_1DM@HBMDBMCD@?$AAO?$AAb?$AAj?$AAe?$AAc?$AAt?$AA?5?$AAo?$AAf?$AA?5?$AAu?$AAn?$AAk?$AAn?$AAo?$AAw?$AAn?$AA?5?$AAt?$AAy?$AAp?$AAe?$AA?3?$AA?5?$AA?$CF?$AA0?$AA2?$AAx?$AA?6?$AA?$AA@ 000000014001454c     dbg_.-runtime.o
 0002:00003588       ??_C@_1FG@HBFKKPHD@?$AAW?$AAo?$AAr?$AAk?$AAe?$AAr?$AA?5?$AAa?$AAd?$AAd?$AA?5?$AAt?$AAo?$AA?5?$AAw?$AAa?$AAi?$AAt?$AA?5?$AAl?$AAi?$AAs?$AAt?$AA?5?$AA?$FL?$AAi?$AAd?$AA?$DN?$AA?$CF?$AAl?$AAl?$AAd@ 0000000140014588     dbg_.-runtime.o
 0002:000035de       ??_C@_1EI@FJBGIEMF@?$AAW?$AAo?$AAr?$AAk?$AAe?$AAr?$AA?5?$AAe?$AAn?$AAq?$AAu?$AAe?$AAu?$AAe?$AAd?$AA?5?$AA?$FL?$AAi?$AAd?$AA?$DN?$AA?$CF?$AAl?$AAl?$AAd?$AA?0?$AA?5?$AAd?$AAa?$AAt?$AAa?$AA?$DN?$AA?$CF@ 00000001400145de     dbg_.-runtime.o
 0002:00003626       ??_C@_1CC@OGJGNONI@?$AAw?$AAa?$AAi?$AAt?$AA?5?$AAl?$AAi?$AAs?$AAt?$AA?3?$AA?5?$AA?$CF?$AAl?$AAl?$AAd?$AA?6?$AA?$AA@ 0000000140014626     dbg_.-runtime.o
 0002:00003648       ??_C@_1GM@IJHLNMBE@?$AAt?$AAh?$AAr?$AAe?$AAa?$AAd?$AA?5?$AA?$CF?$AAl?$AAl?$AAd?$AA?3?$AA?5?$AA?5?$AAW?$AAa?$AAi?$AAt?$AA?$HM?$AAQ?$AAu?$AAe?$AAu?$AAe?$AAd?$AA?5?$AA?$CF?$AAl?$AAl?$AAd?$AA?$HM?$AA?$CF@ 0000000140014648     dbg_.-runtime.o
 0002:000036b4       ??_C@_1CO@BAHOKHFI@?$AA?6?$AAS?$AAh?$AAe?$AAd?$AAu?$AAl?$AAi?$AAn?$AAg?$AA?5?$AAn?$AAe?$AAw?$AA?5?$AAw?$AAo?$AAr?$AAk?$AAe?$AAr?$AA?6?$AA?$AA@ 00000001400146b4     dbg_.-runtime.o
 0002:000036e2       ??_C@_1II@BKKMGADK@?$AAC?$AAo?$AAn?$AAt?$AAi?$AAn?$AAu?$AAe?$AA?5?$AAw?$AAo?$AAr?$AAk?$AAe?$AAr?$AA?5?$AA?$CF?$AAl?$AAl?$AAd?$AA?5?$AAf?$AAr?$AAo?$AAm?$AA?5?$AAd?$AAa?$AAt?$AAa?$AA?$DN?$AA?$CF@ 00000001400146e2     dbg_.-runtime.o
 0002:0000376a       ??_C@_1FE@PPKJADDP@?$AAW?$AAa?$AAn?$AAt?$AA?5?$AAr?$AAu?$AAn?$AA?5?$AAr?$AAe?$AAm?$AAo?$AAt?$AAe?$AA?0?$AA?5?$AAb?$AAu?$AAt?$AA?3?$AA?5?$AA?$CF?$AAl?$AAl?$AAd?$AA?5?$AA?$CF?$AAl?$AAl?$AAd?$AA?5@ 000000014001476a     dbg_.-runtime.o
 0002:000037be       ??_C@_1GC@JGFAAALF@?$AAS?$AAt?$AAa?$AAr?$AAt?$AAi?$AAn?$AAg?$AA?5?$AAn?$AAe?$AAw?$AA?5?$AAl?$AAo?$AAc?$AAa?$AAl?$AA?5?$AAw?$AAo?$AAr?$AAk?$AAe?$AAr?$AA?5?$AA?$CF?$AAl?$AAl?$AAd?$AA?5?$AA?$FL@ 00000001400147be     dbg_.-runtime.o
 0002:00003820       ??_C@_1EG@KLACJNPC@?$AAE?$AAr?$AAr?$AAo?$AAr?$AA?3?$AA?5?$AAt?$AAh?$AAi?$AAs?$AA?5?$AAi?$AAs?$AAn?$AA?8?$AAt?$AA?5?$AAh?$AAi?$AAv?$AAe?$AA?5?$AAe?$AAx?$AAe?$AAc?$AAu?$AAt?$AAa?$AAb?$AAl@ 0000000140014820     dbg_.-runtime.o
 0002:00003866       ??_C@_1GG@OIFEBPCL@?$AAE?$AAr?$AAr?$AAo?$AAr?$AA?3?$AA?5?$AAt?$AAh?$AAi?$AAs?$AA?5?$AAi?$AAs?$AA?5?$AAe?$AAx?$AAe?$AAc?$AAu?$AAt?$AAa?$AAb?$AAl?$AAe?$AA?5?$AAo?$AAf?$AA?5?$AAn?$AAo?$AAt@ 0000000140014866     dbg_.-runtime.o
 0002:000038cc       ??_C@_1DC@FFLNADD@?$AAE?$AAr?$AAr?$AAo?$AAr?$AA?3?$AA?5?$AAw?$AAi?$AAn?$AAa?$AAp?$AAi?$AA?5?$AAe?$AAr?$AAr?$AAo?$AAr?$AA?5?$AA?$CF?$AAl?$AAd?$AA?6?$AA?$AA@ 00000001400148cc     dbg_.-runtime.o
 0002:000038fe       ??_C@_1DE@BIGGJJBN@?$AAh?$AAe?$AAa?$AAd?$AAe?$AAr?$AA?5?$AA?$CF?$AAl?$AAl?$AAd?$AA?5?$AAo?$AAf?$AA?5?$AAs?$AAi?$AAz?$AAe?$AA?5?$AA?$CF?$AAl?$AAl?$AAd?$AA?6?$AA?$AA@ 00000001400148fe     dbg_.-runtime.o
 0002:00003932       ??_C@_1BK@JJBOCJJN@?$AAs?$AAe?$AAt?$AA?5?$AAt?$AAo?$AA?5?$AA?$CF?$AAl?$AAl?$AAd?$AA?5?$AA?$AA@ 0000000140014932     dbg_.-runtime.o
 0002:0000394c       ??_C@_1JE@CPFCJBNI@?$AAE?$AAR?$AAR?$AAO?$AAR?$AA?3?$AA?5?$AAR?$AAu?$AAn?$AAt?$AAi?$AAm?$AAe?$AA?5?$AAe?$AAn?$AAd?$AAp?$AAo?$AAi?$AAn?$AAt?$AA?5?$AA?$CF?$AAl?$AAl?$AAd?$AA?5?$AAd?$AAo?$AAe@ 000000014001494c     dbg_.-runtime.o
 0002:000039e0       ??_C@_1BA@LPJEKMJJ@?$AAp?$AAt?$AAr?$AA?$DN?$AA?$CF?$AAp?$AA?6?$AA?$AA@ 00000001400149e0     dbg_.-runtime.o
 0002:000039f0       ??_C@_1IG@FGNNCHGH@?$AAw?$AAo?$AAr?$AAk?$AAe?$AAr?$AA?5?$AA?$CF?$AAl?$AAl?$AAd?$AA?5?$AAi?$AAs?$AA?5?$AAd?$AAl?$AAl?$AA?5?$AAc?$AAa?$AAl?$AAl?$AA?5?$AAo?$AAf?$AA?5?$AAl?$AAi?$AAb?$AAr?$AAa@ 00000001400149f0     dbg_.-runtime.o
 0002:00003a76       ??_C@_1CG@BIKDCCPC@?$AAs?$AAt?$AAa?$AAc?$AAk?$AA?5?$AAu?$AAs?$AAa?$AAg?$AAe?$AA?3?$AA?5?$AA?$CF?$AAl?$AAl?$AAd?$AA?6?$AA?$AA@ 0000000140014a76     dbg_.-runtime.o
 0002:00003a9c       ??_C@_1GK@IGPNAPLE@?$AAo?$AAu?$AAt?$AAp?$AAu?$AAt?$AA?5?$AAh?$AAa?$AAv?$AAe?$AA?5?$AAs?$AAi?$AAz?$AAe?$AA?5?$AA?$CF?$AAl?$AAl?$AAd?$AA?5?$AA?$FL?$AAa?$AAn?$AAd?$AA?5?$AAa?$AAr?$AAg?$AAs?$AA?5@ 0000000140014a9c     dbg_.-runtime.o
 0002:00003b06       ??_C@_1FE@ENHKIDEL@?$AAa?$AAr?$AAg?$AAu?$AAm?$AAe?$AAn?$AAt?$AA?5?$AA?$CF?$AAl?$AAl?$AAd?$AA?5?$AAh?$AAa?$AAv?$AAe?$AA?5?$AAs?$AAi?$AAz?$AAe?$AA?5?$AA?$CF?$AAl?$AAl?$AAd?$AA?5?$AA?$FL?$AAt?$AAy@ 0000000140014b06     dbg_.-runtime.o
 0002:00003b5a       ??_C@_1KM@JOOLBIFF@?$AAW?$AAo?$AAr?$AAk?$AAe?$AAr?$AA?5?$AA?$CF?$AAl?$AAl?$AAd?$AA?5?$AA?$FL?$AAx?$AA6?$AA4?$AA?$FN?$AA?5?$AAh?$AAa?$AAv?$AAe?$AA?5?$AAb?$AAe?$AAe?$AAn?$AA?5?$AAl?$AAo?$AAa?$AAd@ 0000000140014b5a     dbg_.-runtime.o
 0002:00003c06       ??_C@_1BM@EIGFADGI@?$AAR?$AAE?$AAA?$AAD?$AA?5?$AAS?$AAT?$AAR?$AAI?$AAN?$AAG?$AA?3?$AA?6?$AA?$AA@ 0000000140014c06     dbg_.-runtime.o
 0002:00003c22       ??_C@_1HI@GNCDLKLI@?$AAE?$AAr?$AAr?$AAo?$AAr?$AA?3?$AA?5?$AAr?$AAu?$AAn?$AAt?$AAi?$AAm?$AAe?$AA?5?$AAd?$AAo?$AAe?$AAs?$AAn?$AA?8?$AAt?$AA?5?$AAs?$AAu?$AAp?$AAp?$AAo?$AAr?$AAt?$AA?5?$AAs@ 0000000140014c22     dbg_.-runtime.o
 0002:00003c9a       ??_C@_1CI@PHCDEMOE@?$AAb?$AAu?$AAi?$AAl?$AAd?$AAi?$AAn?$AAg?$AA?5?$AAk?$AAe?$AAr?$AAn?$AAe?$AAl?$AA?4?$AA?4?$AA?4?$AA?6?$AA?$AA@ 0000000140014c9a     dbg_.-runtime.o
 0002:00003cc2       ??_C@_17MJEANDKP@?$AA?$CF?$AAs?$AA?6?$AA?$AA@ 0000000140014cc2     dbg_.-runtime.o
 0002:00003cca       ??_C@_04JNAIOECI@krnl?$AA@ 0000000140014cca     dbg_.-runtime.o
 0002:00003cd0       ??_C@_1DI@MMAOAOLJ@?$AAE?$AAr?$AAr?$AAo?$AAr?$AA?3?$AA?5?$AAk?$AAe?$AAr?$AAn?$AAe?$AAl?$AA?5?$AAb?$AAu?$AAi?$AAl?$AAd?$AA?5?$AAf?$AAa?$AAi?$AAl?$AAe?$AAd?$AA?6?$AA?$AA@ 0000000140014cd0     dbg_.-runtime.o
 0002:00003d08       ??_C@_1LG@BJCBGCLK@?$AAW?$AAo?$AAr?$AAk?$AAe?$AAr?$AA?5?$AA?$CF?$AAl?$AAl?$AAd?$AA?5?$AA?$FL?$AAG?$AAP?$AAU?$AA?$FN?$AA?5?$AAh?$AAa?$AAv?$AAe?$AA?5?$AAb?$AAe?$AAe?$AAn?$AA?5?$AAl?$AAo?$AAa?$AAd@ 0000000140014d08     dbg_.-runtime.o
 0002:00003dbe       ??_C@_1EC@HLLMLNEL@?$AAE?$AAr?$AAr?$AAo?$AAr?$AA?3?$AA?5?$AAu?$AAn?$AAk?$AAn?$AAo?$AAw?$AAn?$AA?5?$AAh?$AAe?$AAa?$AAd?$AAe?$AAr?$AA?5?$AAt?$AAy?$AAp?$AAe?$AA?5?$AA?$CF?$AAl?$AAl?$AAd?$AA?6@ 0000000140014dbe     dbg_.-runtime.o
 0002:00003e00       ??_C@_1DI@MLNAPEIE@?$AAS?$AAh?$AAe?$AAd?$AAu?$AAl?$AAe?$AAr?$AAI?$AAn?$AAs?$AAt?$AAa?$AAn?$AAc?$AAe?$AA?5?$AAc?$AAo?$AAm?$AAp?$AAl?$AAe?$AAt?$AAe?$AAd?$AA?6?$AA?$AA@ 0000000140014e00     dbg_.-runtime.o
 0002:00003e38       ??_C@_1CG@NNOPFBAI@?$AAp?$AAr?$AAo?$AAm?$AAi?$AAs?$AAe?$AA?5?$AAn?$AAo?$AAt?$AA?5?$AAf?$AAo?$AAu?$AAn?$AAd?$AA?6?$AA?$AA@ 0000000140014e38     dbg_.-runtime.o
 0002:00003e5e       ??_C@_1EK@KKIKLCHH@?$AAG?$AAp?$AAu?$AA?5?$AAs?$AAu?$AAs?$AAs?$AAy?$AAs?$AAt?$AAe?$AAm?$AA?5?$AAi?$AAn?$AAi?$AAt?$AAi?$AAa?$AAl?$AAi?$AAz?$AAa?$AAt?$AAi?$AAo?$AAn?$AA?5?$AAf?$AAa?$AAi@ 0000000140014e5e     dbg_.-runtime.o
 0002:00003ea8       ??_C@_1CC@DEIAIPBB@?$AA?4?$AA?4?$AA?1?$AA?4?$AA?4?$AA?1?$AA?4?$AA?4?$AA?1?$AAr?$AAe?$AAs?$AA?4?$AAb?$AAi?$AAn?$AA?$AA@ 0000000140014ea8     dbg_.-runtime.o
 0002:00003eca       ??_C@_1FC@OGJDIOEJ@?$AAE?$AAr?$AAr?$AAo?$AAr?$AA?3?$AA?5?$AAc?$AAa?$AAn?$AA?8?$AAt?$AA?5?$AAo?$AAp?$AAe?$AAn?$AA?5?$AA?4?$AA?4?$AA?1?$AA?4?$AA?4?$AA?1?$AA?4?$AA?4?$AA?1?$AAr?$AAe?$AAs?$AA?4?$AAb@ 0000000140014eca     dbg_.-runtime.o
 0002:00003f1c       ??_C@_1DA@COAPAANM@?$AAE?$AAr?$AAr?$AAo?$AAr?$AA?3?$AA?5?$AAa?$AAt?$AA?5?$AAl?$AAo?$AAa?$AAd?$AAi?$AAn?$AAg?$AA?5?$AAf?$AAi?$AAl?$AAe?$AA?6?$AA?$AA@ 0000000140014f1c     dbg_.-runtime.o
 0002:00003f4c       ??_C@_1EC@FNPNOOPH@?$AAU?$AAn?$AAk?$AAn?$AAo?$AAw?$AAn?$AA?5?$AAc?$AAm?$AAd?$AAl?$AAi?$AAn?$AAe?$AA?5?$AAp?$AAa?$AAr?$AAa?$AAm?$AAe?$AAt?$AAe?$AAr?$AA?3?$AA?5?$AA?$CF?$AAl?$AAl?$AAd?$AA?6@ 0000000140014f4c     dbg_.-runtime.o
 0002:00003f8e       ??_C@_1CE@CFOOJILH@?$AAN?$AAU?$AAM?$AA_?$AAT?$AAH?$AAR?$AAE?$AAA?$AAD?$AAS?$AA?$DN?$AA?$CF?$AAl?$AAl?$AAd?$AA?6?$AA?$AA@ 0000000140014f8e     dbg_.-runtime.o
 0002:00003fb2       ??_C@_1CG@PNBFEFIC@?$AAR?$AAE?$AAA?$AAD?$AAI?$AAN?$AAG?$AA?5?$AAI?$AAN?$AAP?$AAU?$AAT?$AA?5?$AAA?$AAS?$AA?3?$AA?5?$AA?$AA@ 0000000140014fb2     dbg_.-runtime.o
 0002:00003fd8       ??_C@_1M@HLHACGAA@?$AA?$CF?$AAl?$AAl?$AAd?$AA?5?$AA?$AA@ 0000000140014fd8     dbg_.-runtime.o
 0002:00003fe4       ??_C@_1CM@PELCBDJ@?$AAE?$AAn?$AAt?$AAr?$AAy?$AA?5?$AAw?$AAo?$AAr?$AAk?$AAe?$AAr?$AA?5?$AAi?$AAd?$AA?$DN?$AA?$CF?$AAl?$AAl?$AAd?$AA?6?$AA?$AA@ 0000000140014fe4     dbg_.-runtime.o
 0002:00004010       ??_C@_1DA@FBHJAJPI@?$AAr?$AAe?$AAs?$AAu?$AAl?$AAt?$AA?5?$AAp?$AAr?$AAo?$AAm?$AAi?$AAs?$AAe?$AA?5?$AA?$CF?$AAp?$AA?5?$AA?$CF?$AAl?$AAl?$AAd?$AA?6?$AA?$AA@ 0000000140015010     dbg_.-runtime.o
 0002:00004040       ??_C@_1BI@KEMCAKCM@?$AAR?$AAu?$AAn?$AAn?$AAi?$AAn?$AAg?$AA?4?$AA?4?$AA?4?$AA?6?$AA?$AA@ 0000000140015040     dbg_.-runtime.o
 0002:00004058       ??_C@_1DM@HCILGOPA@?$AAF?$AAa?$AAi?$AAl?$AAe?$AAd?$AA?5?$AAt?$AAo?$AA?5?$AAc?$AAr?$AAe?$AAa?$AAt?$AAe?$AA?5?$AAt?$AAh?$AAr?$AAe?$AAa?$AAd?$AA?5?$AA?$CF?$AAl?$AAl?$AAd?$AA?6?$AA?$AA@ 0000000140015058     dbg_.-runtime.o
 0002:00004094       ??_C@_1CE@FBEJGOMB@?$AAP?$AAr?$AAo?$AAg?$AAr?$AAa?$AAm?$AA?5?$AAf?$AAi?$AAn?$AAi?$AAs?$AAh?$AAe?$AAd?$AA?6?$AA?$AA@ 0000000140015094     dbg_.-runtime.o
 0002:000040b8       ??_C@_1EK@FDFELEEK@?$AAR?$AAe?$AAs?$AAu?$AAl?$AAt?$AA?5?$AAp?$AAr?$AAo?$AAm?$AAi?$AAs?$AAe?$AA?5?$AAn?$AAo?$AAt?$AA?5?$AAf?$AAo?$AAu?$AAn?$AAd?$AA?5?$AAo?$AAn?$AA?5?$AAm?$AAa?$AAc?$AAh@ 00000001400150b8     dbg_.-runtime.o
 0002:00004102       ??_C@_1DO@BFPIHEIA@?$AAP?$AAr?$AAo?$AAg?$AAr?$AAa?$AAm?$AA?5?$AAe?$AAx?$AAi?$AAt?$AAe?$AAd?$AA?5?$AAw?$AAi?$AAt?$AAh?$AA?5?$AAc?$AAo?$AAd?$AAe?$AA?5?$AA?$CF?$AAl?$AAl?$AAx?$AA?6?$AA?$AA@ 0000000140015102     dbg_.-runtime.o
 0002:00004140       ??_C@_1CK@DKIDNDNE@?$AAP?$AAr?$AAe?$AAs?$AAs?$AA?5?$AAC?$AAt?$AAr?$AAl?$AA?$CL?$AAC?$AA?5?$AAt?$AAo?$AA?5?$AAe?$AAn?$AAd?$AA?6?$AA?$AA@ 0000000140015140     dbg_.-runtime.o
 0002:0000416a       ??_C@_1GO@CEANDIOF@?$AAR?$AAe?$AAs?$AAu?$AAl?$AAt?$AA?5?$AAo?$AAf?$AA?5?$AAm?$AAa?$AAi?$AAn?$AA?5?$AAf?$AAu?$AAn?$AAc?$AAt?$AAi?$AAo?$AAn?$AA?5?$AAi?$AAs?$AAn?$AA?8?$AAt?$AA?5?$AAr?$AAe@ 000000014001516a     dbg_.-runtime.o
 0002:000041d8       RtlNtPathSeperatorString   00000001400151d8     ws2_32:indef.obj
 0002:000041e8       ??_C@_13FPGAJAPJ@?$AA?2@   00000001400151e8     ws2_32:indef.obj
 0002:000041f0       RtlDosPathSeperatorsString 00000001400151f0     ws2_32:indef.obj
 0002:00004200       ??_C@_15MNCACJLI@?$AA?2?$AA?1@ 0000000140015200     ws2_32:indef.obj
 0002:00004208       RtlAlternateDosPathSeperatorString 0000000140015208     ws2_32:indef.obj
 0002:00004218       ??_C@_13CGOKJPIL@?$AA?1@   0000000140015218     ws2_32:indef.obj
 0002:0000421c       eui48_broadcast            000000014001521c     ws2_32:indef.obj
 0002:00004298       scopeid_unspecified        0000000140015298     ws2_32:indef.obj
 0002:0000429c       in4addr_any                000000014001529c     ws2_32:indef.obj
 0002:000042a0       in4addr_loopback           00000001400152a0     ws2_32:indef.obj
 0002:000042a4       in4addr_broadcast          00000001400152a4     ws2_32:indef.obj
 0002:000042a8       in4addr_allnodesonlink     00000001400152a8     ws2_32:indef.obj
 0002:000042ac       in4addr_allroutersonlink   00000001400152ac     ws2_32:indef.obj
 0002:000042b0       in4addr_alligmpv3routersonlink 00000001400152b0     ws2_32:indef.obj
 0002:000042b4       in4addr_allteredohostsonlink 00000001400152b4     ws2_32:indef.obj
 0002:000042b8       in4addr_linklocalprefix    00000001400152b8     ws2_32:indef.obj
 0002:000042bc       in4addr_multicastprefix    00000001400152bc     ws2_32:indef.obj
 0002:000042c0       in6addr_any                00000001400152c0     ws2_32:indef.obj
 0002:000042d0       in6addr_loopback           00000001400152d0     ws2_32:indef.obj
 0002:000042e0       in6addr_allnodesonnode     00000001400152e0     ws2_32:indef.obj
 0002:000042f0       in6addr_allnodesonlink     00000001400152f0     ws2_32:indef.obj
 0002:00004300       in6addr_allroutersonlink   0000000140015300     ws2_32:indef.obj
 0002:00004310       in6addr_allmldv2routersonlink 0000000140015310     ws2_32:indef.obj
 0002:00004320       in6addr_teredoinitiallinklocaladdress 0000000140015320     ws2_32:indef.obj
 0002:00004330       in6addr_linklocalprefix    0000000140015330     ws2_32:indef.obj
 0002:00004340       in6addr_multicastprefix    0000000140015340     ws2_32:indef.obj
 0002:00004350       in6addr_solicitednodemulticastprefix 0000000140015350     ws2_32:indef.obj
 0002:00004360       in6addr_v4mappedprefix     0000000140015360     ws2_32:indef.obj
 0002:00004370       in6addr_6to4prefix         0000000140015370     ws2_32:indef.obj
 0002:00004380       in6addr_teredoprefix       0000000140015380     ws2_32:indef.obj
 0002:00004390       in6addr_teredoprefix_old   0000000140015390     ws2_32:indef.obj
 0002:000043b0       BUGCHECK_EFI_GUID          00000001400153b0     ws2_32:indef.obj
 0002:00004708       __imp_CommandLineToArgvW   0000000140015708     shell32:SHELL32.dll
 0002:00004718       __imp_AcquireSRWLockExclusive 0000000140015718     kernel32:KERNEL32.dll
 0002:00004720       __imp_AcquireSRWLockShared 0000000140015720     kernel32:KERNEL32.dll
 0002:00004728       __imp_CloseHandle          0000000140015728     kernel32:KERNEL32.dll
 0002:00004730       __imp_CreateFileW          0000000140015730     kernel32:KERNEL32.dll
 0002:00004738       __imp_CreateIoCompletionPort 0000000140015738     kernel32:KERNEL32.dll
 0002:00004740       __imp_CreateThread         0000000140015740     kernel32:KERNEL32.dll
 0002:00004748       __imp_ExitProcess          0000000140015748     kernel32:KERNEL32.dll
 0002:00004750       __imp_FormatMessageW       0000000140015750     kernel32:KERNEL32.dll
 0002:00004758       __imp_GetCommandLineW      0000000140015758     kernel32:KERNEL32.dll
 0002:00004760       __imp_GetConsoleMode       0000000140015760     kernel32:KERNEL32.dll
 0002:00004768       __imp_GetFileSizeEx        0000000140015768     kernel32:KERNEL32.dll
 0002:00004770       __imp_GetLastError         0000000140015770     kernel32:KERNEL32.dll
 0002:00004778       __imp_GetProcAddress       0000000140015778     kernel32:KERNEL32.dll
 0002:00004780       __imp_GetProcessHeap       0000000140015780     kernel32:KERNEL32.dll
 0002:00004788       __imp_GetQueuedCompletionStatus 0000000140015788     kernel32:KERNEL32.dll
 0002:00004790       __imp_GetStdHandle         0000000140015790     kernel32:KERNEL32.dll
 0002:00004798       __imp_HeapAlloc            0000000140015798     kernel32:KERNEL32.dll
 0002:000047a0       __imp_HeapFree             00000001400157a0     kernel32:KERNEL32.dll
 0002:000047a8       __imp_HeapReAlloc          00000001400157a8     kernel32:KERNEL32.dll
 0002:000047b0       __imp_LoadLibraryA         00000001400157b0     kernel32:KERNEL32.dll
 0002:000047b8       __imp_MultiByteToWideChar  00000001400157b8     kernel32:KERNEL32.dll
 0002:000047c0       __imp_QueryPerformanceCounter 00000001400157c0     kernel32:KERNEL32.dll
 0002:000047c8       __imp_QueryPerformanceFrequency 00000001400157c8     kernel32:KERNEL32.dll
 0002:000047d0       __imp_ReadConsoleW         00000001400157d0     kernel32:KERNEL32.dll
 0002:000047d8       __imp_ReadFile             00000001400157d8     kernel32:KERNEL32.dll
 0002:000047e0       __imp_ReleaseSRWLockExclusive 00000001400157e0     kernel32:KERNEL32.dll
 0002:000047e8       __imp_ReleaseSRWLockShared 00000001400157e8     kernel32:KERNEL32.dll
 0002:000047f0       __imp_Sleep                00000001400157f0     kernel32:KERNEL32.dll
 0002:000047f8       __imp_TlsAlloc             00000001400157f8     kernel32:KERNEL32.dll
 0002:00004800       __imp_TlsFree              0000000140015800     kernel32:KERNEL32.dll
 0002:00004808       __imp_TlsGetValue          0000000140015808     kernel32:KERNEL32.dll
 0002:00004810       __imp_TlsSetValue          0000000140015810     kernel32:KERNEL32.dll
 0002:00004818       __imp_TryAcquireSRWLockExclusive 0000000140015818     kernel32:KERNEL32.dll
 0002:00004820       __imp_VirtualAlloc         0000000140015820     kernel32:KERNEL32.dll
 0002:00004828       __imp_WaitForMultipleObjects 0000000140015828     kernel32:KERNEL32.dll
 0002:00004830       __imp_WriteConsoleW        0000000140015830     kernel32:KERNEL32.dll
 0002:00004840       __imp_BCryptGenRandom      0000000140015840     bcrypt:bcrypt.dll
 0002:00004850       __imp_WSAGetLastError      0000000140015850     ws2_32:WS2_32.dll
 0002:00004858       __imp_WSARecv              0000000140015858     ws2_32:WS2_32.dll
 0002:00004860       __imp_WSAStartup           0000000140015860     ws2_32:WS2_32.dll
 0002:00004868       __imp_accept               0000000140015868     ws2_32:WS2_32.dll
 0002:00004870       __imp_bind                 0000000140015870     ws2_32:WS2_32.dll
 0002:00004878       __imp_closesocket          0000000140015878     ws2_32:WS2_32.dll
 0002:00004880       __imp_connect              0000000140015880     ws2_32:WS2_32.dll
 0002:00004888       __imp_freeaddrinfo         0000000140015888     ws2_32:WS2_32.dll
 0002:00004890       __imp_getaddrinfo          0000000140015890     ws2_32:WS2_32.dll
 0002:00004898       __imp_getpeername          0000000140015898     ws2_32:WS2_32.dll
 0002:000048a0       __imp_getsockname          00000001400158a0     ws2_32:WS2_32.dll
 0002:000048a8       __imp_htons                00000001400158a8     ws2_32:WS2_32.dll
 0002:000048b0       __imp_inet_ntop            00000001400158b0     ws2_32:WS2_32.dll
 0002:000048b8       __imp_listen               00000001400158b8     ws2_32:WS2_32.dll
 0002:000048c0       __imp_ntohs                00000001400158c0     ws2_32:WS2_32.dll
 0002:000048c8       __imp_send                 00000001400158c8     ws2_32:WS2_32.dll
 0002:000048d0       __imp_setsockopt           00000001400158d0     ws2_32:WS2_32.dll
 0002:000048d8       __imp_socket               00000001400158d8     ws2_32:WS2_32.dll
 0002:000048e8       __imp_clBuildProgram       00000001400158e8     OpenCL:OpenCL.dll
 0002:000048f0       __imp_clCreateBuffer       00000001400158f0     OpenCL:OpenCL.dll
 0002:000048f8       __imp_clCreateCommandQueueWithProperties 00000001400158f8     OpenCL:OpenCL.dll
 0002:00004900       __imp_clCreateContext      0000000140015900     OpenCL:OpenCL.dll
 0002:00004908       __imp_clCreateKernel       0000000140015908     OpenCL:OpenCL.dll
 0002:00004910       __imp_clCreateProgramWithSource 0000000140015910     OpenCL:OpenCL.dll
 0002:00004918       __imp_clEnqueueNDRangeKernel 0000000140015918     OpenCL:OpenCL.dll
 0002:00004920       __imp_clEnqueueReadBuffer  0000000140015920     OpenCL:OpenCL.dll
 0002:00004928       __imp_clEnqueueWriteBuffer 0000000140015928     OpenCL:OpenCL.dll
 0002:00004930       __imp_clFinish             0000000140015930     OpenCL:OpenCL.dll
 0002:00004938       __imp_clGetDeviceIDs       0000000140015938     OpenCL:OpenCL.dll
 0002:00004940       __imp_clGetDeviceInfo      0000000140015940     OpenCL:OpenCL.dll
 0002:00004948       __imp_clGetKernelArgInfo   0000000140015948     OpenCL:OpenCL.dll
 0002:00004950       __imp_clGetPlatformIDs     0000000140015950     OpenCL:OpenCL.dll
 0002:00004958       __imp_clGetPlatformInfo    0000000140015958     OpenCL:OpenCL.dll
 0002:00004960       __imp_clGetProgramBuildInfo 0000000140015960     OpenCL:OpenCL.dll
 0002:00004968       __imp_clSetKernelArg       0000000140015968     OpenCL:OpenCL.dll
 0003:00000000       server_port                0000000140016000     dbg_.-remote.o
 0003:00000008       thisServerId               0000000140016008     dbg_.-remote.o
 0003:00000010       Providers                  0000000140016010     dbg_.-runtime.o
 0003:00000070       AddressFamilyInformation   0000000140016070     ws2_32:indef.obj
 0003:000000a0       connections_lock           00000001400160a0     dbg_.-api.o
 0003:000000a8       connections_len            00000001400160a8     dbg_.-api.o
 0003:000000b0       pages_lock                 00000001400160b0     dbg_.-api.o
 0003:000000b8       pages_len                  00000001400160b8     dbg_.-api.o
 0003:000000c0       known_id_broadcasts        00000001400160c0     dbg_.-api.o
 0003:000000e0       known_page_broadcasts      00000001400160e0     dbg_.-api.o
 0003:00000100       known_path_broadcasts      0000000140016100     dbg_.-api.o
 0003:00000120       known_path_id_broadcasts   0000000140016120     dbg_.-api.o
 0003:00000140       local_objects              0000000140016140     dbg_.-api.o
 0003:00000160       known_objects              0000000140016160     dbg_.-api.o
 0003:00000180       query_requests             0000000140016180     dbg_.-api.o
 0003:000001a0       push_requests              00000001400161a0     dbg_.-api.o
 0003:000001c0       known_hives                00000001400161c0     dbg_.-api.o
 0003:000001e0       connections                00000001400161e0     dbg_.-api.o
 0003:000021e0       pages                      00000001400181e0     dbg_.-api.o
 0003:00002de0       SL_best_platform           0000000140018de0     dbg_.-gpu_subsystem.o
 0003:00002de4       SL_best_platform_value     0000000140018de4     dbg_.-gpu_subsystem.o
 0003:00002de8       SL_platforms_len           0000000140018de8     dbg_.-gpu_subsystem.o
 0003:00002df0       SL_platforms               0000000140018df0     dbg_.-gpu_subsystem.o
 0003:00002e70       SL_devices                 0000000140018e70     dbg_.-gpu_subsystem.o
 0003:00003270       SL_devices_len             0000000140019270     dbg_.-gpu_subsystem.o
 0003:000032b0       SL_main_platform           00000001400192b0     dbg_.-gpu_subsystem.o
 0003:000032b8       SL_context                 00000001400192b8     dbg_.-gpu_subsystem.o
 0003:000032c0       SL_queues                  00000001400192c0     dbg_.-gpu_subsystem.o
 0003:000036c0       SL_queues_len              00000001400196c0     dbg_.-gpu_subsystem.o
 0003:00003700       queue                      0000000140019700     dbg_.-queue.o
 0003:00003720       ServerIdGetLock            0000000140019720     dbg_.-remote.o
 0003:00003728       next_local_id              0000000140019728     dbg_.-remote.o
 0003:00003730       hIOCP                      0000000140019730     dbg_.-remote.o
 0003:00003f50       hHeap                      0000000140019f50     dbg_.-runtime_lib.o
 0003:00003f58       hInput                     0000000140019f58     dbg_.-runtime_lib.o
 0003:00003f60       buf                        0000000140019f60     dbg_.-runtime_lib.o
 0003:00004f60       hOutput                    000000014001af60     dbg_.-runtime_lib.o
 0003:00004f68       frequency                  000000014001af68     dbg_.-runtime_lib.o
 0003:00004f70       Workers                    000000014001af70     dbg_.-runtime.o
 0003:000058d0       wait_list_lock             000000014001b8d0     dbg_.-runtime.o
 0003:000058d8       wait_list_len              000000014001b8d8     dbg_.-runtime.o
 0003:000058e0       dwTlsIndex                 000000014001b8e0     dbg_.-runtime.o
 0003:000058f0       wait_list                  000000014001b8f0     dbg_.-runtime.o
 0003:000c8df0       defined_arrays             00000001400dedf0     dbg_.-runtime.o
 0003:000c8df8       ExPoolZeroingNativelySupported 00000001400dedf8     ws2_32:indef.obj

 entry point at         0001:0000eab0

 Static symbols

 0001:00003120       GetKnownHiveHash           0000000140004120     dbg_.-api.o
 0001:00007020       p                          0000000140008020     dbg_.-queue.o
 0001:000099e0       Worker                     000000014000a9e0     dbg_.-remote.o
 0001:00009f90       ConnectionListnerWorker    000000014000af90     dbg_.-remote.o
 0001:0000a1b0       PagesAllocator             000000014000b1b0     dbg_.-remote.o
 0001:0000a280       StateSender                000000014000b280     dbg_.-remote.o
 0001:0000a2a0       HandleApiCall              000000014000b2a0     dbg_.-remote.o
 0001:0000f178       .text                      0000000140010178     asm_dbg.o
 0002:00004228       IPSEC_AUTH_TRANSFORM_ID_HMAC_MD5_96 0000000140015228     ws2_32:indef.obj
 0002:00004230       IPSEC_AUTH_TRANSFORM_ID_HMAC_SHA_1_96 0000000140015230     ws2_32:indef.obj
 0002:00004238       IPSEC_AUTH_TRANSFORM_ID_HMAC_SHA_256_128 0000000140015238     ws2_32:indef.obj
 0002:00004240       IPSEC_AUTH_TRANSFORM_ID_GCM_AES_128 0000000140015240     ws2_32:indef.obj
 0002:00004248       IPSEC_AUTH_TRANSFORM_ID_GCM_AES_192 0000000140015248     ws2_32:indef.obj
 0002:00004250       IPSEC_AUTH_TRANSFORM_ID_GCM_AES_256 0000000140015250     ws2_32:indef.obj
 0002:00004258       IPSEC_CIPHER_TRANSFORM_ID_CBC_DES 0000000140015258     ws2_32:indef.obj
 0002:00004260       IPSEC_CIPHER_TRANSFORM_ID_CBC_3DES 0000000140015260     ws2_32:indef.obj
 0002:00004268       IPSEC_CIPHER_TRANSFORM_ID_AES_128 0000000140015268     ws2_32:indef.obj
 0002:00004270       IPSEC_CIPHER_TRANSFORM_ID_AES_192 0000000140015270     ws2_32:indef.obj
 0002:00004278       IPSEC_CIPHER_TRANSFORM_ID_AES_256 0000000140015278     ws2_32:indef.obj
 0002:00004280       IPSEC_CIPHER_TRANSFORM_ID_GCM_AES_128 0000000140015280     ws2_32:indef.obj
 0002:00004288       IPSEC_CIPHER_TRANSFORM_ID_GCM_AES_192 0000000140015288     ws2_32:indef.obj
 0002:00004290       IPSEC_CIPHER_TRANSFORM_ID_GCM_AES_256 0000000140015290     ws2_32:indef.obj
 0002:000043a0       BFE_GENERIC_MAPPING        00000001400153a0     ws2_32:indef.obj
 0003:00003740       gai_strerrorW.buff         0000000140019740     dbg_.-remote.o
 0003:000c8df9       WFP_TRACE_NULL_DATA        00000001400dedf9     ws2_32:indef.obj
 0004:00000000       .data                      00000001400df000     asm_dbg.o
