 d

 Timestamp is 6989fe89 (Mon Feb  9 18:34:33 2026)

 Preferred load address is 0000000140000000

 Start         Length     Name                   Class
 0001:00000000 0000ef62H .text                   CODE
 0002:00000000 00004340H .rdata                  DATA
 0003:00000000 0000007cH .data                   DATA
 0003:0000007c 000c8d5eH .bss                    DATA
 0004:00000000 00000200H .data                   DATA

  Address         Publics by Value              Rva+Base               Lib:Object

 0001:00000000       dllPauseWorker             0000000140001000     dbg_.-dll-await_worker.o
 0001:000000c0       dllCallObject              00000001400010c0     dbg_.-dll-call_object.o
 0001:00000190       dllExecuteWorker           0000000140001190     dbg_.-dll-execute_worker.o
 0001:00000b10       gpuPauseWorker             0000000140001b10     dbg_.-gpu-await_worker.o
 0001:00000bd0       gpuCallObject              0000000140001bd0     dbg_.-gpu-call_object.o
 0001:00000ca0       gpuExecuteWorker           0000000140001ca0     dbg_.-gpu-execute_worker.o
 0001:00001190       gpuNewObjectUsingPage      0000000140002190     dbg_.-gpu-new_object.o
 0001:000012c0       gpuNewObject               00000001400022c0     dbg_.-gpu-new_object.o
 0001:00001310       gpuPushObject              0000000140002310     dbg_.-gpu-push_object.o
 0001:00001350       gpuPushPipe                0000000140002350     dbg_.-gpu-push_object.o
 0001:00001390       gpuQueryObject             0000000140002390     dbg_.-gpu-query_object.o
 0001:000013d0       gpuQueryPipe               00000001400023d0     dbg_.-gpu-query_object.o
 0001:00001410       x64PauseWorker             0000000140002410     dbg_.-x64-await_worker.o
 0001:000014f0       x64CallObject              00000001400024f0     dbg_.-x64-call_object.o
 0001:000015c0       x64ExecuteWorker           00000001400025c0     dbg_.-x64-execute_worker.o
 0001:00001610       x64NewObjectUsingPage      0000000140002610     dbg_.-x64-new_object.o
 0001:00001b80       x64NewObjectStates         0000000140002b80     dbg_.-x64-new_object.o
 0001:00001c10       x64NewObject               0000000140002c10     dbg_.-x64-new_object.o
 0001:00001d00       x64UpdateLocalPush         0000000140002d00     dbg_.-x64-push_object.o
 0001:00001df0       x64OnPushObject            0000000140002df0     dbg_.-x64-push_object.o
 0001:00001e80       x64PushObjectStates        0000000140002e80     dbg_.-x64-push_object.o
 0001:00001f80       x64PushObject              0000000140002f80     dbg_.-x64-push_object.o
 0001:000021e0       x64PushPipe                00000001400031e0     dbg_.-x64-push_object.o
 0001:00002220       x64QueryLocalObject        0000000140003220     dbg_.-x64-query_object.o
 0001:00002380       x64OnQueryObject           0000000140003380     dbg_.-x64-query_object.o
 0001:00002450       x64QueryObjectStates       0000000140003450     dbg_.-x64-query_object.o
 0001:00002570       x64QueryObject             0000000140003570     dbg_.-x64-query_object.o
 0001:00002770       x64QueryPipe               0000000140003770     dbg_.-x64-query_object.o
 0001:000027b0       equal_bytes                00000001400037b0     dbg_.-api.o
 0001:000028b0       GetHashtableNoLock         00000001400038b0     dbg_.-api.o
 0001:00002a80       SetHashtableNoLock         0000000140003a80     dbg_.-api.o
 0001:00002d80       GetHashtable               0000000140003d80     dbg_.-api.o
 0001:00002de0       SetHashtable               0000000140003de0     dbg_.-api.o
 0001:00002e30       InitInternalStructures     0000000140003e30     dbg_.-api.o
 0001:00003170       castOnQueryObject          0000000140004170     dbg_.-cast_provider.o
 0001:00003330       anyCastStates              0000000140004330     dbg_.-cast_provider.o
 0001:000043e0       anyCastProvider            00000001400053e0     dbg_.-cast_provider.o
 0001:000045d0       init_gpu_subsystem         00000001400055d0     dbg_.-gpu_subsystem.o
 0001:00006080       gpuBuildFromText           0000000140007080     dbg_.-gpu_subsystem.o
 0001:00006360       gpuAlloc                   0000000140007360     dbg_.-gpu_subsystem.o
 0001:000063a0       gpuRun                     00000001400073a0     dbg_.-gpu_subsystem.o
 0001:00006450       gpuFinishQueuesOnPlatform  0000000140007450     dbg_.-gpu_subsystem.o
 0001:000064d0       gpuFinishQueue             00000001400074d0     dbg_.-gpu_subsystem.o
 0001:00006510       StartInitialProcess        0000000140007510     dbg_.-hive_entry.o
 0001:00006730       is_less                    0000000140007730     dbg_.-queue.o
 0001:00006760       push_up                    0000000140007760     dbg_.-queue.o
 0001:000068a0       push_down                  00000001400078a0     dbg_.-queue.o
 0001:00006a40       queue_init                 0000000140007a40     dbg_.-queue.o
 0001:00006a90       queue_enqueue              0000000140007a90     dbg_.-queue.o
 0001:00006af0       queue_extract              0000000140007af0     dbg_.-queue.o
 0001:00006b80       GetConnectionById          0000000140007b80     dbg_.-remote.o
 0001:00006c10       DumpConnections            0000000140007c10     dbg_.-remote.o
 0001:00006f60       ConfirmPage                0000000140007f60     dbg_.-remote.o
 0001:00007000       ConfirmID                  0000000140008000     dbg_.-remote.o
 0001:00007050       HandleNewConnection        0000000140008050     dbg_.-remote.o
 0001:00007230       UpdateWaitingPush          0000000140008230     dbg_.-remote.o
 0001:00007470       AnswerPushObject           0000000140008470     dbg_.-remote.o
 0001:00007550       SendPageAllocationConfirm  0000000140008550     dbg_.-remote.o
 0001:000075e0       SendIDConfirm              00000001400085e0     dbg_.-remote.o
 0001:00007670       RedirectBroadcastQuery     0000000140008670     dbg_.-remote.o
 0001:000077f0       RedirectBroadcastIDQuery   00000001400087f0     dbg_.-remote.o
 0001:00007970       ConfirmConnection          0000000140008970     dbg_.-remote.o
 0001:00007b20       InitiateConnection         0000000140008b20     dbg_.-remote.o
 0001:00007e90       RequestMemoryPage          0000000140008e90     dbg_.-remote.o
 0001:00007fa0       RequestServerId            0000000140008fa0     dbg_.-remote.o
 0001:000080b0       AnswerQueryObject          00000001400090b0     dbg_.-remote.o
 0001:000081f0       AnswerRequestObjectPath    00000001400091f0     dbg_.-remote.o
 0001:00008330       RequestObjectPathBroadcast 0000000140009330     dbg_.-remote.o
 0001:00008550       AnswerRequestPathToID      0000000140009550     dbg_.-remote.o
 0001:00008690       RequestPathToIDBroadcast   0000000140009690     dbg_.-remote.o
 0001:000088b0       RequestObjectGet           00000001400098b0     dbg_.-remote.o
 0001:000089d0       RequestObjectSet           00000001400099d0     dbg_.-remote.o
 0001:00008bd0       StartNewWorkerRemote       0000000140009bd0     dbg_.-remote.o
 0001:00008d00       SendHiveState              0000000140009d00     dbg_.-remote.o
 0001:00008ea0       start_remote_subsystem     0000000140009ea0     dbg_.-remote.o
 0001:0000b8e0       gai_strerrorW              000000014000c8e0     dbg_.-remote.o
 0001:0000b930       memset                     000000014000c930     dbg_.-runtime_lib.o
 0001:0000b990       memcpy                     000000014000c990     dbg_.-runtime_lib.o
 0001:0000ba00       myMalloc                   000000014000ca00     dbg_.-runtime_lib.o
 0001:0000ba50       myPrintf                   000000014000ca50     dbg_.-runtime_lib.o
 0001:0000bd80       myRealloc                  000000014000cd80     dbg_.-runtime_lib.o
 0001:0000bde0       myFree                     000000014000cde0     dbg_.-runtime_lib.o
 0001:0000be20       myAtoll                    000000014000ce20     dbg_.-runtime_lib.o
 0001:0000bf60       get_char                   000000014000cf60     dbg_.-runtime_lib.o
 0001:0000c040       myScanI64                  000000014000d040     dbg_.-runtime_lib.o
 0001:0000c0d0       myScanS                    000000014000d0d0     dbg_.-runtime_lib.o
 0001:0000c1d0       PrintI64                   000000014000d1d0     dbg_.-runtime_lib.o
 0001:0000c2a0       PrintI64H                  000000014000d2a0     dbg_.-runtime_lib.o
 0001:0000c340       Print2H                    000000014000d340     dbg_.-runtime_lib.o
 0001:0000c3e0       assertion_failure          000000014000d3e0     dbg_.-runtime_lib.o
 0001:0000c430       myAbs                      000000014000d430     dbg_.-runtime_lib.o
 0001:0000c460       MicrosecondsToTicks        000000014000d460     dbg_.-runtime_lib.o
 0001:0000c480       TicksToMicroseconds        000000014000d480     dbg_.-runtime_lib.o
 0001:0000c4a0       GetTicks                   000000014000d4a0     dbg_.-runtime_lib.o
 0001:0000c4c0       SheduleTimeoutFromNow      000000014000d4c0     dbg_.-runtime_lib.o
 0001:0000c500       init_lib                   000000014000d500     dbg_.-runtime_lib.o
 0001:0000c550       RegisterObjectWithId       000000014000d550     dbg_.-runtime.o
 0001:0000c580       GetNewObjectId             000000014000d580     dbg_.-runtime.o
 0001:0000c670       universalPauseWorker       000000014000d670     dbg_.-runtime.o
 0001:0000c710       universalUpdateLocalPush   000000014000d710     dbg_.-runtime.o
 0001:0000c770       UpdateFromQueryResult      000000014000d770     dbg_.-runtime.o
 0001:0000c7f0       PrintObject                000000014000d7f0     dbg_.-runtime.o
 0001:0000c9f0       WaitListWorker             000000014000d9f0     dbg_.-runtime.o
 0001:0000ca60       EnqueueWorkerFromWaitList  000000014000da60     dbg_.-runtime.o
 0001:0000cb20       UpdateWaitingWorkers       000000014000db20     dbg_.-runtime.o
 0001:0000cce0       SheduleWorker              000000014000dce0     dbg_.-runtime.o
 0001:0000ce50       StartNewWorker             000000014000de50     dbg_.-runtime.o
 0001:0000d200       LoadWorker                 000000014000e200     dbg_.-runtime.o
 0001:0000e280       ShedulerInstance           000000014000f280     dbg_.-runtime.o
 0001:0000e370       entry                      000000014000f370     dbg_.-runtime.o
 0001:0000ea20       x64_fastPushObject         000000014000fa20     asm_dbg.o
 0001:0000ea89       x64_fastQueryObject        000000014000fa89     asm_dbg.o
 0001:0000eaf2       x64_fastNewObject          000000014000faf2     asm_dbg.o
 0001:0000eb5b       x64_fastCallObject         000000014000fb5b     asm_dbg.o
 0001:0000ebc4       x64_fastPushPipe           000000014000fbc4     asm_dbg.o
 0001:0000ec2d       x64_fastQueryPipe          000000014000fc2d     asm_dbg.o
 0001:0000ec96       gpu_fastNewObject          000000014000fc96     asm_dbg.o
 0001:0000ecff       gpu_fastCallObject         000000014000fcff     asm_dbg.o
 0001:0000ed68       dll_fastCallObject         000000014000fd68     asm_dbg.o
 0001:0000edd1       any_fastCastProvider       000000014000fdd1     asm_dbg.o
 0001:0000ee3a       x64AsmExecuteWorker        000000014000fe3a     asm_dbg.o
 0001:0000ee81       setjmpUN                   000000014000fe81     asm_dbg.o
 0001:0000eeb4       longjmpUN                  000000014000feb4     asm_dbg.o
 0001:0000eedd       DllCall                    000000014000fedd     asm_dbg.o
 0001:0000ef70       CommandLineToArgvW         000000014000ff70     shell32:SHELL32.dll
 0001:0000ef80       AcquireSRWLockExclusive    000000014000ff80     kernel32:KERNEL32.dll
 0001:0000ef90       AcquireSRWLockShared       000000014000ff90     kernel32:KERNEL32.dll
 0001:0000efa0       CloseHandle                000000014000ffa0     kernel32:KERNEL32.dll
 0001:0000efb0       CreateFileW                000000014000ffb0     kernel32:KERNEL32.dll
 0001:0000efc0       CreateIoCompletionPort     000000014000ffc0     kernel32:KERNEL32.dll
 0001:0000efd0       CreateThread               000000014000ffd0     kernel32:KERNEL32.dll
 0001:0000efe0       ExitProcess                000000014000ffe0     kernel32:KERNEL32.dll
 0001:0000eff0       FormatMessageW             000000014000fff0     kernel32:KERNEL32.dll
 0001:0000f000       GetCommandLineW            0000000140010000     kernel32:KERNEL32.dll
 0001:0000f010       GetConsoleMode             0000000140010010     kernel32:KERNEL32.dll
 0001:0000f020       GetFileSizeEx              0000000140010020     kernel32:KERNEL32.dll
 0001:0000f030       GetLastError               0000000140010030     kernel32:KERNEL32.dll
 0001:0000f040       GetProcAddress             0000000140010040     kernel32:KERNEL32.dll
 0001:0000f050       GetProcessHeap             0000000140010050     kernel32:KERNEL32.dll
 0001:0000f060       GetQueuedCompletionStatus  0000000140010060     kernel32:KERNEL32.dll
 0001:0000f070       GetStdHandle               0000000140010070     kernel32:KERNEL32.dll
 0001:0000f080       HeapAlloc                  0000000140010080     kernel32:KERNEL32.dll
 0001:0000f090       HeapFree                   0000000140010090     kernel32:KERNEL32.dll
 0001:0000f0a0       HeapReAlloc                00000001400100a0     kernel32:KERNEL32.dll
 0001:0000f0b0       LoadLibraryA               00000001400100b0     kernel32:KERNEL32.dll
 0001:0000f0c0       MultiByteToWideChar        00000001400100c0     kernel32:KERNEL32.dll
 0001:0000f0d0       QueryPerformanceCounter    00000001400100d0     kernel32:KERNEL32.dll
 0001:0000f0e0       QueryPerformanceFrequency  00000001400100e0     kernel32:KERNEL32.dll
 0001:0000f0f0       ReadConsoleW               00000001400100f0     kernel32:KERNEL32.dll
 0001:0000f100       ReadFile                   0000000140010100     kernel32:KERNEL32.dll
 0001:0000f110       ReleaseSRWLockExclusive    0000000140010110     kernel32:KERNEL32.dll
 0001:0000f120       ReleaseSRWLockShared       0000000140010120     kernel32:KERNEL32.dll
 0001:0000f130       Sleep                      0000000140010130     kernel32:KERNEL32.dll
 0001:0000f140       TlsAlloc                   0000000140010140     kernel32:KERNEL32.dll
 0001:0000f150       TlsFree                    0000000140010150     kernel32:KERNEL32.dll
 0001:0000f160       TlsGetValue                0000000140010160     kernel32:KERNEL32.dll
 0001:0000f170       TlsSetValue                0000000140010170     kernel32:KERNEL32.dll
 0001:0000f180       TryAcquireSRWLockExclusive 0000000140010180     kernel32:KERNEL32.dll
 0001:0000f190       VirtualAlloc               0000000140010190     kernel32:KERNEL32.dll
 0001:0000f1a0       WaitForMultipleObjects     00000001400101a0     kernel32:KERNEL32.dll
 0001:0000f1b0       WriteConsoleW              00000001400101b0     kernel32:KERNEL32.dll
 0001:0000f1c0       BCryptGenRandom            00000001400101c0     bcrypt:bcrypt.dll
 0001:0000f1d0       WSAGetLastError            00000001400101d0     ws2_32:WS2_32.dll
 0001:0000f1e0       WSARecv                    00000001400101e0     ws2_32:WS2_32.dll
 0001:0000f1f0       WSAStartup                 00000001400101f0     ws2_32:WS2_32.dll
 0001:0000f200       accept                     0000000140010200     ws2_32:WS2_32.dll
 0001:0000f210       bind                       0000000140010210     ws2_32:WS2_32.dll
 0001:0000f220       closesocket                0000000140010220     ws2_32:WS2_32.dll
 0001:0000f230       connect                    0000000140010230     ws2_32:WS2_32.dll
 0001:0000f240       freeaddrinfo               0000000140010240     ws2_32:WS2_32.dll
 0001:0000f250       getaddrinfo                0000000140010250     ws2_32:WS2_32.dll
 0001:0000f260       getpeername                0000000140010260     ws2_32:WS2_32.dll
 0001:0000f270       getsockname                0000000140010270     ws2_32:WS2_32.dll
 0001:0000f280       htons                      0000000140010280     ws2_32:WS2_32.dll
 0001:0000f290       listen                     0000000140010290     ws2_32:WS2_32.dll
 0001:0000f2a0       ntohs                      00000001400102a0     ws2_32:WS2_32.dll
 0001:0000f2b0       send                       00000001400102b0     ws2_32:WS2_32.dll
 0001:0000f2c0       setsockopt                 00000001400102c0     ws2_32:WS2_32.dll
 0001:0000f2d0       socket                     00000001400102d0     ws2_32:WS2_32.dll
 0001:0000f2e0       inet_ntop                  00000001400102e0     ws2_32:WS2_32.dll
 0001:0000f2f0       clBuildProgram             00000001400102f0     OpenCL:OpenCL.dll
 0001:0000f300       clCreateBuffer             0000000140010300     OpenCL:OpenCL.dll
 0001:0000f310       clCreateCommandQueueWithProperties 0000000140010310     OpenCL:OpenCL.dll
 0001:0000f320       clCreateContext            0000000140010320     OpenCL:OpenCL.dll
 0001:0000f330       clCreateKernel             0000000140010330     OpenCL:OpenCL.dll
 0001:0000f340       clCreateProgramWithSource  0000000140010340     OpenCL:OpenCL.dll
 0001:0000f350       clEnqueueNDRangeKernel     0000000140010350     OpenCL:OpenCL.dll
 0001:0000f360       clEnqueueReadBuffer        0000000140010360     OpenCL:OpenCL.dll
 0001:0000f370       clEnqueueWriteBuffer       0000000140010370     OpenCL:OpenCL.dll
 0001:0000f380       clFinish                   0000000140010380     OpenCL:OpenCL.dll
 0001:0000f390       clGetDeviceIDs             0000000140010390     OpenCL:OpenCL.dll
 0001:0000f3a0       clGetDeviceInfo            00000001400103a0     OpenCL:OpenCL.dll
 0001:0000f3b0       clGetKernelArgInfo         00000001400103b0     OpenCL:OpenCL.dll
 0001:0000f3c0       clGetPlatformIDs           00000001400103c0     OpenCL:OpenCL.dll
 0001:0000f3d0       clGetPlatformInfo          00000001400103d0     OpenCL:OpenCL.dll
 0001:0000f3e0       clGetProgramBuildInfo      00000001400103e0     OpenCL:OpenCL.dll
 0001:0000f3f0       clSetKernelArg             00000001400103f0     OpenCL:OpenCL.dll
 0002:00000000       ??_C@_1EK@HCHIHAJJ@?$AAP?$AAa?$AAu?$AAs?$AAe?$AAd?$AA?5?$AAw?$AAo?$AAr?$AAk?$AAe?$AAr?$AA?5?$AAD?$AAL?$AAL?$AA?5?$AA?$CF?$AAl?$AAl?$AAd?$AA?5?$AA?$FL?$AAc?$AAa?$AAu?$AAs?$AAe?$AA?5?$AA?$CF?$AAl@ 0000000140011000     dbg_.-dll-await_worker.o
 0002:0000004a       ??_C@_1GG@GJHNDGHH@?$AAC?$AAa?$AAl?$AAl?$AAi?$AAn?$AAg?$AA?5?$AAd?$AAl?$AAl?$AAi?$AAm?$AAp?$AAo?$AAr?$AAt?$AA?5?$AAw?$AAo?$AAr?$AAk?$AAe?$AAr?$AA?5?$AA?$CF?$AAl?$AAl?$AAd?$AA?5?$AA?$FL?$AAd@ 000000014001104a     dbg_.-dll-call_object.o
 0002:000000b0       ??_C@_1BC@GMOKLPI@?$AAT?$AAa?$AAb?$AAl?$AAe?$AA?5?$AA?$DN?$AA?5?$AA?$AA@ 00000001400110b0     dbg_.-dll-call_object.o
 0002:000000c2       ??_C@_1M@OMOAGDNC@?$AA?$CF?$AA0?$AA2?$AAx?$AA?5?$AA?$AA@ 00000001400110c2     dbg_.-dll-call_object.o
 0002:000000ce       ??_C@_13LBAGMAIH@?$AA?6?$AA?$AA@ 00000001400110ce     dbg_.-dll-call_object.o
 0002:000000e8       ??_C@_1DC@PJLFFJJC@?$AAR?$AAU?$AAN?$AA?5?$AAd?$AAl?$AAl?$AAi?$AAm?$AAp?$AAo?$AAr?$AAt?$AA?5?$AAw?$AAo?$AAr?$AAk?$AAe?$AAr?$AA?$DN?$AA?$CF?$AAp?$AA?6?$AA?$AA@ 00000001400110e8     dbg_.-dll-execute_worker.o
 0002:0000011a       ??_C@_1CO@MJDCEOJE@?$AAR?$AAe?$AAq?$AAu?$AAe?$AAs?$AAt?$AAi?$AAn?$AAg?$AA?5?$AA?$CF?$AAl?$AAl?$AAd?$AA?5?$AAb?$AAy?$AAt?$AAe?$AAs?$AA?6?$AA?$AA@ 000000014001111a     dbg_.-dll-execute_worker.o
 0002:00000148       ??_C@_1EA@NLGJANLO@?$AAA?$AAr?$AAg?$AAu?$AAm?$AAe?$AAn?$AAt?$AA?5?$AA?$CF?$AAl?$AAl?$AAd?$AA?3?$AA?5?$AA?$FL?$AA?$CF?$AA0?$AA2?$AAx?$AA?$FN?$AA?5?$AA?$FL?$AAt?$AAo?$AA?9?$AA?$DO?$AA?$CF?$AAp?$AA?$FN?$AA?6?$AA?$AA@ 0000000140011148     dbg_.-dll-execute_worker.o
 0002:00000188       ??_C@_1DI@KIDLNDBO@?$AA?5?$AA?5?$AA?5?$AA?5?$AA?5?$AA?5?$AA?5?$AA?5?$AA?5?$AAo?$AAf?$AA?5?$AAs?$AAi?$AAz?$AAe?$AA?5?$AA?$CF?$AAl?$AAl?$AAd?$AA?$DL?$AA?5?$AA?$DN?$AA?$CF?$AAp?$AA?6?$AA?$AA@ 0000000140011188     dbg_.-dll-execute_worker.o
 0002:000001c0       ??_C@_1DE@HPIEKKI@?$AAc?$AAa?$AAl?$AAl?$AAi?$AAn?$AAg?$AA?5?$AAd?$AAl?$AAl?$AAi?$AAm?$AAp?$AAo?$AAr?$AAt?$AA?5?$AAw?$AAo?$AAr?$AAk?$AAe?$AAr?$AA?6?$AA?$AA@ 00000001400111c0     dbg_.-dll-execute_worker.o
 0002:000001f4       ??_C@_1CE@FDGKEBHI@?$AAA?$AAR?$AAG?$AA?$FL?$AA?$CF?$AAl?$AAl?$AAd?$AA?$FN?$AA?5?$AA?$DN?$AA?5?$AA?$CF?$AAl?$AAl?$AAd?$AA?6?$AA?$AA@ 00000001400111f4     dbg_.-dll-execute_worker.o
 0002:00000218       ??_C@_1EE@IHBKLDNM@?$AAo?$AAu?$AAt?$AAp?$AAu?$AAt?$AA?5?$AAi?$AAs?$AA?5?$AA?$CF?$AAp?$AA?5?$AA?$FL?$AA?9?$AA?$DO?$AAt?$AAo?$AA?5?$AAp?$AAr?$AAo?$AAm?$AAi?$AAs?$AAe?$AA?5?$AA?$CF?$AAl?$AAl?$AAd?$AA?$FN@ 0000000140011218     dbg_.-dll-execute_worker.o
 0002:0000025c       ??_C@_1CO@MGEJJCCL@?$AAr?$AAe?$AAt?$AAu?$AAr?$AAn?$AAe?$AAd?$AA?5?$AA?$CL?$AA?5?$AAE?$AAr?$AAr?$AAo?$AAr?$AA?$DN?$AA?$CF?$AAl?$AAl?$AAd?$AA?6?$AA?$AA@ 000000014001125c     dbg_.-dll-execute_worker.o
 0002:0000028a       ??_C@_1EK@KEDGKNCB@?$AAP?$AAa?$AAu?$AAs?$AAe?$AAd?$AA?5?$AAw?$AAo?$AAr?$AAk?$AAe?$AAr?$AA?5?$AAG?$AAP?$AAU?$AA?5?$AA?$CF?$AAl?$AAl?$AAd?$AA?5?$AA?$FL?$AAc?$AAa?$AAu?$AAs?$AAe?$AA?5?$AA?$CF?$AAl@ 000000014001128a     dbg_.-gpu-await_worker.o
 0002:000002d4       ??_C@_1FC@NMNADHLK@?$AAC?$AAa?$AAl?$AAl?$AAi?$AAn?$AAg?$AA?5?$AAw?$AAo?$AAr?$AAk?$AAe?$AAr?$AA?5?$AA?$CF?$AAl?$AAl?$AAd?$AA?5?$AA?$FL?$AAd?$AAa?$AAt?$AAa?$AA?$DN?$AA?$CF?$AAp?$AA?0?$AA?5?$AAm?$AAo@ 00000001400112d4     dbg_.-gpu-call_object.o
 0002:00000326       ??_C@_1CG@CCFDEFBF@?$AAR?$AAU?$AAN?$AA?5?$AAG?$AAP?$AAU?$AA?5?$AAw?$AAo?$AAr?$AAk?$AAe?$AAr?$AA?$DN?$AA?$CF?$AAp?$AA?6?$AA?$AA@ 0000000140011326     dbg_.-gpu-execute_worker.o
 0002:0000034c       ??_C@_1DO@MBJBKNM@?$AAE?$AAr?$AAr?$AAo?$AAr?$AA?3?$AA?5?$AAa?$AAt?$AA?5?$AAc?$AAl?$AAS?$AAe?$AAt?$AAK?$AAe?$AAr?$AAn?$AAe?$AAl?$AAA?$AAr?$AAg?$AA?5?$AA?$CF?$AAl?$AAl?$AAd?$AA?6?$AA?$AA@ 000000014001134c     dbg_.-gpu-execute_worker.o
 0002:0000038a       ??_C@_1CO@BOPILBOM@?$AAC?$AAO?$AAN?$AAF?$AAI?$AAG?$AAU?$AAR?$AAE?$AAD?$AA?3?$AA?5?$AAd?$AAi?$AAm?$AAs?$AA?$DN?$AA?$CF?$AAl?$AAl?$AAd?$AA?6?$AA?$AA@ 000000014001138a     dbg_.-gpu-execute_worker.o
 0002:000003b8       ??_C@_1EO@KIFHHFHO@?$AAE?$AAr?$AAr?$AAo?$AAr?$AA?3?$AA?5?$AAa?$AAt?$AA?5?$AAc?$AAl?$AAE?$AAn?$AAq?$AAu?$AAe?$AAu?$AAe?$AAN?$AAD?$AAR?$AAa?$AAn?$AAg?$AAe?$AAK?$AAe?$AAr?$AAn?$AAe?$AAl@ 00000001400113b8     dbg_.-gpu-execute_worker.o
 0002:00000406       ??_C@_1FG@NKPPHDDL@?$AAA?$AAl?$AAl?$AAo?$AAc?$AAa?$AAt?$AAi?$AAn?$AAg?$AA?5?$AAb?$AAu?$AAf?$AAf?$AAe?$AAr?$AA?5?$AAo?$AAf?$AA?5?$AAs?$AAi?$AAz?$AAe?$AA?5?$AA?$CF?$AAl?$AAl?$AAd?$AA?5?$AAp@ 0000000140011406     dbg_.-gpu-new_object.o
 0002:0000045c       ??_C@_1DO@PIAGAENK@?$AAE?$AAR?$AAR?$AAO?$AAR?$AA?3?$AA?5?$AAg?$AAp?$AAu?$AAA?$AAl?$AAl?$AAo?$AAc?$AA?5?$AAf?$AAa?$AAi?$AAl?$AAe?$AAd?$AA?5?$AA?$FL?$AA?$CF?$AAl?$AAl?$AAd?$AA?$FN?$AA?6?$AA?$AA@ 000000014001145c     dbg_.-gpu-new_object.o
 0002:0000049a       ??_C@_1BG@LMPFNDF@?$AAr?$AAe?$AAs?$AAu?$AAl?$AAt?$AA?5?$AA?$CF?$AAp?$AA?6?$AA?$AA@ 000000014001149a     dbg_.-gpu-new_object.o
 0002:000004b0       ??_C@_1FM@LBBNKNII@?$AAE?$AAR?$AAR?$AAO?$AAR?$AA?3?$AA?5?$AAP?$AAi?$AAp?$AAe?$AAs?$AA?5?$AAa?$AAr?$AAe?$AA?5?$AAu?$AAn?$AAs?$AAu?$AAp?$AAp?$AAo?$AAr?$AAt?$AAe?$AAd?$AA?5?$AAo?$AAn?$AA?5@ 00000001400114b0     dbg_.-gpu-new_object.o
 0002:0000050c       ??_C@_1EA@PKIDLDBK@?$AAo?$AAb?$AAj?$AAe?$AAc?$AAt?$AA?5?$AAf?$AAo?$AAr?$AA?5?$AAs?$AAi?$AAz?$AAe?$AA?5?$AA?$CF?$AAl?$AAl?$AAd?$AA?5?$AAa?$AAl?$AAl?$AAo?$AAc?$AAa?$AAt?$AAe?$AAd?$AA?6?$AA?$AA@ 000000014001150c     dbg_.-gpu-new_object.o
 0002:0000054c       ??_C@_1GM@BNFAKJM@?$AAE?$AAR?$AAR?$AAO?$AAR?$AA?3?$AA?5?$AAP?$AAi?$AAp?$AAe?$AAs?$AA?5?$AAa?$AAr?$AAe?$AA?5?$AAu?$AAn?$AAs?$AAu?$AAp?$AAp?$AAo?$AAr?$AAt?$AAe?$AAd?$AA?5?$AAo?$AAn?$AA?5@ 000000014001154c     dbg_.-gpu-new_object.o
 0002:000005b8       ??_C@_1DC@NBDPBMKB@?$AAW?$AAr?$AAo?$AAn?$AAg?$AA?5?$AAt?$AAy?$AAp?$AAe?$AA?5?$AAi?$AAn?$AA?5?$AAN?$AAe?$AAw?$AAO?$AAb?$AAj?$AAe?$AAc?$AAt?$AA?6?$AA?$AA@ 00000001400115b8     dbg_.-gpu-new_object.o
 0002:000005ea       ??_C@_1EG@FBJBJMFK@?$AAN?$AAO?$AAT?$AA?5?$AAS?$AAU?$AAP?$AAP?$AAO?$AAR?$AAT?$AAE?$AAD?$AA?3?$AA?5?$AAp?$AAu?$AAs?$AAh?$AA?5?$AAi?$AAn?$AA?5?$AAg?$AAp?$AAu?$AA?5?$AAo?$AAb?$AAj?$AAe?$AAc@ 00000001400115ea     dbg_.-gpu-push_object.o
 0002:00000630       ??_C@_1FE@GJLEMBH@?$AAN?$AAO?$AAT?$AA?5?$AAS?$AAU?$AAP?$AAP?$AAO?$AAR?$AAT?$AAE?$AAD?$AA?3?$AA?5?$AAp?$AAu?$AAs?$AAh?$AA?5?$AAi?$AAn?$AA?5?$AAg?$AAp?$AAu?$AA?5?$AAo?$AAb?$AAj?$AAe?$AAc@ 0000000140011630     dbg_.-gpu-push_object.o
 0002:00000684       ??_C@_1EI@EPHKLIAN@?$AAN?$AAO?$AAT?$AA?5?$AAS?$AAU?$AAP?$AAP?$AAO?$AAR?$AAT?$AAE?$AAD?$AA?3?$AA?5?$AAq?$AAu?$AAe?$AAr?$AAy?$AA?5?$AAi?$AAn?$AA?5?$AAg?$AAp?$AAu?$AA?5?$AAo?$AAb?$AAj?$AAe@ 0000000140011684     dbg_.-gpu-query_object.o
 0002:000006cc       ??_C@_1FG@PCBNEEAC@?$AAN?$AAO?$AAT?$AA?5?$AAS?$AAU?$AAP?$AAP?$AAO?$AAR?$AAT?$AAE?$AAD?$AA?3?$AA?5?$AAq?$AAu?$AAe?$AAr?$AAy?$AA?5?$AAi?$AAn?$AA?5?$AAg?$AAp?$AAu?$AA?5?$AAo?$AAb?$AAj?$AAe@ 00000001400116cc     dbg_.-gpu-query_object.o
 0002:00000722       ??_C@_1EC@FMMFNKHC@?$AAP?$AAa?$AAu?$AAs?$AAe?$AAd?$AA?5?$AAw?$AAo?$AAr?$AAk?$AAe?$AAr?$AA?5?$AA?$CF?$AAl?$AAl?$AAd?$AA?5?$AA?$FL?$AAc?$AAa?$AAu?$AAs?$AAe?$AA?5?$AA?$CF?$AAl?$AAl?$AAd?$AA?$FN?$AA?6@ 0000000140011722     dbg_.-x64-await_worker.o
 0002:00000764       ??_C@_1BG@KNJPCEOH@?$AAw?$AAo?$AAr?$AAk?$AAe?$AAr?$AA?$DN?$AA?$CF?$AAp?$AA?6?$AA?$AA@ 0000000140011764     dbg_.-x64-execute_worker.o
 0002:00000790       ??_C@_1DM@CKKHLHMJ@?$AAP?$AAi?$AAp?$AAe?$AA?5?$AAf?$AAo?$AAr?$AA?5?$AAs?$AAi?$AAz?$AAe?$AA?5?$AA?$CF?$AAl?$AAl?$AAd?$AA?5?$AAa?$AAl?$AAl?$AAo?$AAc?$AAa?$AAt?$AAe?$AAd?$AA?6?$AA?$AA@ 0000000140011790     dbg_.-x64-new_object.o
 0002:000007cc       ??_C@_1BG@HIIBALHG@?$AA?$FL?$AAi?$AAd?$AA?$DN?$AA?$CF?$AAl?$AAl?$AAx?$AA?$FN?$AA?6?$AA?$AA@ 00000001400117cc     dbg_.-x64-new_object.o
 0002:000007e2       ??_C@_1GK@LJBKHIKD@?$AAA?$AAr?$AAr?$AAa?$AAy?$AA?5?$AAo?$AAf?$AA?5?$AA?$CF?$AAl?$AAl?$AAd?$AA?5?$AAb?$AAy?$AAt?$AAe?$AAs?$AA?0?$AA?5?$AAe?$AAl?$AAe?$AAm?$AAe?$AAn?$AAt?$AA?5?$AAo?$AAf?$AA?5@ 00000001400117e2     dbg_.-x64-new_object.o
 0002:0000084c       ??_C@_1EC@IBADEGPM@?$AAP?$AAr?$AAo?$AAm?$AAi?$AAs?$AAe?$AA?5?$AAf?$AAo?$AAr?$AA?5?$AAs?$AAi?$AAz?$AAe?$AA?5?$AA?$CF?$AAl?$AAl?$AAd?$AA?5?$AAa?$AAl?$AAl?$AAo?$AAc?$AAa?$AAt?$AAe?$AAd?$AA?6@ 000000014001184c     dbg_.-x64-new_object.o
 0002:0000088e       ??_C@_1DO@OEOJCPLG@?$AAC?$AAl?$AAa?$AAs?$AAs?$AA?5?$AAf?$AAo?$AAr?$AA?5?$AAs?$AAi?$AAz?$AAe?$AA?5?$AA?$CF?$AAl?$AAl?$AAd?$AA?5?$AAa?$AAl?$AAl?$AAo?$AAc?$AAa?$AAt?$AAe?$AAd?$AA?6?$AA?$AA@ 000000014001188e     dbg_.-x64-new_object.o
 0002:000008cc       ??_C@_1EO@GECEJMLH@?$AAD?$AAe?$AAf?$AAi?$AAn?$AAe?$AAd?$AA?5?$AAa?$AAr?$AAr?$AAa?$AAy?$AA?5?$AAf?$AAo?$AAr?$AA?5?$AAs?$AAi?$AAz?$AAe?$AA?5?$AA?$CF?$AAl?$AAl?$AAd?$AA?5?$AAa?$AAl?$AAl?$AAo@ 00000001400118cc     dbg_.-x64-new_object.o
 0002:0000091a       ??_C@_1M@FHJLFHFE@?$AA?5?$AA?$CF?$AA0?$AA2?$AAx?$AA?$AA@ 000000014001191a     dbg_.-x64-new_object.o
 0002:00000926       ??_C@_1CO@JBEOLKLD@?$AA?$FL?$AAi?$AAd?$AA?$DN?$AA?$CF?$AAl?$AAl?$AAx?$AA?$FN?$AA?5?$AA?$FL?$AAs?$AAi?$AAz?$AAe?$AA?$DN?$AA?$CF?$AAl?$AAl?$AAd?$AA?$FN?$AA?6?$AA?$AA@ 0000000140011926     dbg_.-x64-new_object.o
 0002:00000974       ??_C@_1EG@IHOMNHMM@?$AAw?$AAa?$AAi?$AAt?$AAi?$AAn?$AAg?$AA?5?$AAf?$AAo?$AAr?$AA?5?$AAr?$AAe?$AAm?$AAo?$AAt?$AAe?$AA?5?$AAp?$AAu?$AAs?$AAh?$AA?5?$AA?$CF?$AAl?$AAl?$AAd?$AA?1?$AA?$CF?$AAl?$AAl@ 0000000140011974     dbg_.-x64-push_object.o
 0002:000009ba       ??_C@_1CG@JJBKNCBO@?$AAp?$AAu?$AAs?$AAh?$AA?5?$AAt?$AAo?$AA?5?$AAo?$AAb?$AAj?$AAe?$AAc?$AAt?$AA?5?$AA?$CF?$AAp?$AA?6?$AA?$AA@ 00000001400119ba     dbg_.-x64-push_object.o
 0002:000009e0       ??_C@_1CG@FCDGDINM@?$AAp?$AAu?$AAs?$AAh?$AA?5?$AAt?$AAo?$AA?5?$AAp?$AAi?$AAp?$AAe?$AA?5?$AA?$CF?$AAl?$AAl?$AAd?$AA?6?$AA?$AA@ 00000001400119e0     dbg_.-x64-push_object.o
 0002:00000a06       ??_C@_1EI@HFFKCAJK@?$AAw?$AAa?$AAi?$AAt?$AAi?$AAn?$AAg?$AA?5?$AAf?$AAo?$AAr?$AA?5?$AAr?$AAe?$AAm?$AAo?$AAt?$AAe?$AA?5?$AAq?$AAu?$AAe?$AAr?$AAy?$AA?5?$AA?$CF?$AAl?$AAl?$AAd?$AA?1?$AA?$CF?$AAl@ 0000000140011a06     dbg_.-x64-query_object.o
 0002:00000a4e       ??_C@_1CG@NFAKFIFJ@?$AAQ?$AAu?$AAe?$AAr?$AAy?$AA?5?$AAo?$AAb?$AAj?$AAe?$AAc?$AAt?$AA?5?$AA?$CF?$AAl?$AAl?$AAd?$AA?6?$AA?$AA@ 0000000140011a4e     dbg_.-x64-query_object.o
 0002:00000a74       ??_C@_1CM@JHEDMDLC@?$AAq?$AAu?$AAe?$AAr?$AAy?$AA?5?$AAf?$AAr?$AAo?$AAm?$AA?5?$AAp?$AAi?$AAp?$AAe?$AA?5?$AA?$CF?$AAl?$AAl?$AAd?$AA?6?$AA?$AA@ 0000000140011a74     dbg_.-x64-query_object.o
 0002:00000ac4       ??_C@_1CM@EKFGKDGG@?$AAG?$AAe?$AAt?$AA?5?$AAo?$AAb?$AAj?$AAe?$AAc?$AAt?$AA?5?$AAi?$AAd?$AA?5?$AA?$DN?$AA?5?$AA?$CF?$AAl?$AAl?$AAd?$AA?6?$AA?$AA@ 0000000140011ac4     dbg_.-cast_provider.o
 0002:00000af0       ??_C@_1FE@BCAGMINK@?$AAE?$AAr?$AAr?$AAo?$AAr?$AA?3?$AA?5?$AAn?$AAo?$AA?5?$AAk?$AAn?$AAo?$AAw?$AAn?$AA?5?$AAs?$AAi?$AAz?$AAe?$AA?5?$AAf?$AAo?$AAr?$AA?5?$AAn?$AAo?$AAt?$AA?5?$AAa?$AAr?$AAr@ 0000000140011af0     dbg_.-cast_provider.o
 0002:00000b44       ??_C@_1CO@MKKBGDMJ@?$AAg?$AAo?$AAt?$AA?5?$AAl?$AAo?$AAc?$AAa?$AAl?$AA?5?$AAs?$AAi?$AAz?$AAe?$AA?5?$AAa?$AAn?$AAs?$AAw?$AAe?$AAr?$AA?6?$AA?$AA@ 0000000140011b44     dbg_.-cast_provider.o
 0002:00000b72       ??_C@_1DM@MLLOPCOA@?$AAQ?$AAu?$AAe?$AAr?$AAy?$AAi?$AAn?$AAg?$AA?5?$AAo?$AAb?$AAj?$AAe?$AAc?$AAt?$AA?5?$AAs?$AAi?$AAz?$AAe?$AA?5?$AAo?$AAf?$AA?5?$AA?$CF?$AAl?$AAl?$AAd?$AA?6?$AA?$AA@ 0000000140011b72     dbg_.-cast_provider.o
 0002:00000bae       ??_C@_1DA@NCDJBGNA@?$AAg?$AAo?$AAt?$AA?5?$AAr?$AAe?$AAm?$AAo?$AAt?$AAe?$AA?5?$AAs?$AAi?$AAz?$AAe?$AA?5?$AAa?$AAn?$AAs?$AAw?$AAe?$AAr?$AA?6?$AA?$AA@ 0000000140011bae     dbg_.-cast_provider.o
 0002:00000bde       ??_C@_1DK@MHAKINPM@?$AAK?$AAn?$AAo?$AAw?$AA?5?$AAs?$AAi?$AAz?$AAe?$AA?$DN?$AA?$CF?$AAl?$AAl?$AAd?$AA?5?$AA?$FL?$AAp?$AAa?$AAr?$AAa?$AAm?$AA?$DN?$AA?$CF?$AAl?$AAl?$AAd?$AA?$FN?$AA?6?$AA?$AA@ 0000000140011bde     dbg_.-cast_provider.o
 0002:00000c18       ??_C@_1FK@KDAFABDO@?$AAE?$AAr?$AAr?$AAo?$AAr?$AA?3?$AA?5?$AAl?$AAo?$AAc?$AAa?$AAl?$AA?5?$AAo?$AAb?$AAj?$AAe?$AAc?$AAt?$AA?5?$AAw?$AAa?$AAs?$AA?5?$AAr?$AAe?$AAm?$AAo?$AAv?$AAe?$AAd?$AA?5@ 0000000140011c18     dbg_.-cast_provider.o
 0002:00000c72       ??_C@_1FO@HMOHPFHI@?$AAE?$AAr?$AAr?$AAo?$AAr?$AA?5?$AAh?$AAa?$AAp?$AAp?$AAe?$AAn?$AA?5?$AAw?$AAh?$AAi?$AAl?$AAe?$AA?5?$AAc?$AAl?$AAE?$AAn?$AAq?$AAu?$AAe?$AAu?$AAe?$AAR?$AAe?$AAa?$AAd@ 0000000140011c72     dbg_.-cast_provider.o
 0002:00000cd0       ??_C@_1EE@JNODMKEN@?$AAS?$AAu?$AAc?$AAc?$AAe?$AAs?$AAs?$AAi?$AAf?$AAu?$AAl?$AAl?$AAy?$AA?5?$AAc?$AAo?$AAn?$AAv?$AAe?$AAr?$AAt?$AAe?$AAd?$AA?5?$AAg?$AAp?$AAu?$AA?9?$AA?$DO?$AAc?$AAp?$AAu@ 0000000140011cd0     dbg_.-cast_provider.o
 0002:00000d14       ??_C@_1GA@EEKPNAGK@?$AAE?$AAr?$AAr?$AAo?$AAr?$AA?5?$AAh?$AAa?$AAp?$AAp?$AAe?$AAn?$AA?5?$AAw?$AAh?$AAi?$AAl?$AAe?$AA?5?$AAc?$AAl?$AAE?$AAn?$AAq?$AAu?$AAe?$AAu?$AAe?$AAW?$AAr?$AAi?$AAt@ 0000000140011d14     dbg_.-cast_provider.o
 0002:00000d74       ??_C@_1EE@NKOFIBGO@?$AAS?$AAu?$AAc?$AAc?$AAe?$AAs?$AAs?$AAi?$AAf?$AAu?$AAl?$AAl?$AAy?$AA?5?$AAc?$AAo?$AAn?$AAv?$AAe?$AAr?$AAt?$AAe?$AAd?$AA?5?$AAc?$AAp?$AAu?$AA?9?$AA?$DO?$AAg?$AAp?$AAu@ 0000000140011d74     dbg_.-cast_provider.o
 0002:00000db8       ??_C@_1BM@OBHKMKPP@?$AAR?$AAe?$AAt?$AAu?$AAr?$AAn?$AA?3?$AA?5?$AA?$CF?$AAl?$AAl?$AAd?$AA?6?$AA?$AA@ 0000000140011db8     dbg_.-cast_provider.o
 0002:00000dd4       ??_C@_1EC@IPADNJOO@?$AAc?$AAo?$AAn?$AAv?$AAe?$AAr?$AAt?$AA?5?$AA?$CF?$AAp?$AA?5?$AA?$FL?$AAt?$AAy?$AAp?$AAe?$AAs?$AA?5?$AA?$CF?$AAl?$AAl?$AAd?$AA?5?$AA?9?$AA?$DO?$AA?5?$AA?$CF?$AAl?$AAl?$AAd?$AA?$FN?$AA?6@ 0000000140011dd4     dbg_.-cast_provider.o
 0002:00000e16       ??_C@_1IA@HIJJNPCH@?$AAE?$AAR?$AAR?$AAO?$AAR?$AA?3?$AA?5?$AAn?$AAo?$AAt?$AA?5?$AAs?$AAu?$AAp?$AAp?$AAo?$AAr?$AAt?$AAe?$AAd?$AA?5?$AAc?$AAo?$AAn?$AAv?$AAe?$AAr?$AAs?$AAi?$AAo?$AAn?$AA?5@ 0000000140011e16     dbg_.-cast_provider.o
 0002:00000e96       ??_C@_1DK@FINICEEJ@?$AAG?$AAo?$AAt?$AA?5?$AAa?$AAt?$AA?5?$AAl?$AAe?$AAa?$AAs?$AAt?$AA?5?$AA?$CF?$AAl?$AAl?$AAd?$AA?5?$AAp?$AAl?$AAa?$AAt?$AAf?$AAo?$AAr?$AAm?$AAs?$AA?6?$AA?$AA@ 0000000140011e96     dbg_.-gpu_subsystem.o
 0002:00000ed0       ??_C@_1CA@OOAPHHDP@?$AAP?$AAl?$AAa?$AAt?$AAf?$AAo?$AAr?$AAm?$AA?5?$AA?$CF?$AAl?$AAl?$AAd?$AA?3?$AA?6?$AA?$AA@ 0000000140011ed0     dbg_.-gpu_subsystem.o
 0002:00000ef0       ??_C@_1DK@CFKCPDLH@?$AA?7?$AA?$CF?$AAl?$AAl?$AAd?$AA?4?$AAN?$AAa?$AAm?$AAe?$AA?5?$AA?5?$AA?5?$AA?5?$AA?5?$AA?5?$AA?5?$AA?5?$AA?5?$AA?5?$AA?5?$AA?5?$AA?5?$AA?3?$AA?5?$AA?$CF?$AAs?$AA?6?$AA?$AA@ 0000000140011ef0     dbg_.-gpu_subsystem.o
 0002:00000f2a       ??_C@_1DK@PKNJPDCN@?$AA?7?$AA?$CF?$AAl?$AAl?$AAd?$AA?4?$AAV?$AAe?$AAn?$AAd?$AAo?$AAr?$AA?5?$AA?5?$AA?5?$AA?5?$AA?5?$AA?5?$AA?5?$AA?5?$AA?5?$AA?5?$AA?5?$AA?3?$AA?5?$AA?$CF?$AAs?$AA?6?$AA?$AA@ 0000000140011f2a     dbg_.-gpu_subsystem.o
 0002:00000f64       ??_C@_1DK@BCHMBHFB@?$AA?7?$AA?$CF?$AAl?$AAl?$AAd?$AA?4?$AAV?$AAe?$AAr?$AAs?$AAi?$AAo?$AAn?$AA?5?$AA?5?$AA?5?$AA?5?$AA?5?$AA?5?$AA?5?$AA?5?$AA?5?$AA?5?$AA?3?$AA?5?$AA?$CF?$AAs?$AA?6?$AA?$AA@ 0000000140011f64     dbg_.-gpu_subsystem.o
 0002:00000f9e       ??_C@_1DK@PPLGHIMI@?$AA?7?$AA?$CF?$AAl?$AAl?$AAd?$AA?4?$AAP?$AAr?$AAo?$AAf?$AAi?$AAl?$AAe?$AA?5?$AA?5?$AA?5?$AA?5?$AA?5?$AA?5?$AA?5?$AA?5?$AA?5?$AA?5?$AA?3?$AA?5?$AA?$CF?$AAs?$AA?6?$AA?$AA@ 0000000140011f9e     dbg_.-gpu_subsystem.o
 0002:00000fd8       ??_C@_1DK@KGLDJAGB@?$AA?7?$AA?$CF?$AAl?$AAl?$AAd?$AA?4?$AAE?$AAx?$AAt?$AAe?$AAn?$AAs?$AAi?$AAo?$AAn?$AAs?$AA?5?$AA?5?$AA?5?$AA?5?$AA?5?$AA?5?$AA?5?$AA?3?$AA?5?$AA?$CF?$AAs?$AA?6?$AA?$AA@ 0000000140011fd8     dbg_.-gpu_subsystem.o
 0002:00001012       ??_C@_1DO@JAHGICMH@?$AA?7?$AA?$CF?$AAl?$AAl?$AAd?$AA?4?$AAT?$AAi?$AAm?$AAe?$AAr?$AA?5?$AAR?$AAe?$AAs?$AAo?$AAl?$AAu?$AAt?$AAi?$AAo?$AAn?$AA?5?$AA?3?$AA?5?$AA?$CF?$AAl?$AAl?$AAd?$AA?6?$AA?$AA@ 0000000140012012     dbg_.-gpu_subsystem.o
 0002:00001050       ??_C@_1FE@GFHOHNKH@?$AAp?$AAl?$AAa?$AAt?$AAf?$AAo?$AAr?$AAm?$AA?5?$AA?$CF?$AAl?$AAl?$AAd?$AA?3?$AA?5?$AAG?$AAo?$AAt?$AA?5?$AAa?$AAt?$AA?5?$AAl?$AAe?$AAa?$AAs?$AAt?$AA?5?$AA?$CF?$AAl?$AAl?$AAd@ 0000000140012050     dbg_.-gpu_subsystem.o
 0002:000010a4       ??_C@_1BM@MMFNNAKO@?$AAD?$AAe?$AAv?$AAi?$AAc?$AAe?$AA?5?$AA?$CF?$AAl?$AAl?$AAd?$AA?3?$AA?6?$AA?$AA@ 00000001400120a4     dbg_.-gpu_subsystem.o
 0002:000010c0       ??_C@_1FG@GKDLJBIA@?$AA?7?$AA?$CF?$AAl?$AAl?$AAd?$AA?4?$AA?$CF?$AAl?$AAl?$AAd?$AA?4?$AAN?$AAa?$AAm?$AAe?$AA?5?$AA?5?$AA?5?$AA?5?$AA?5?$AA?5?$AA?5?$AA?5?$AA?5?$AA?5?$AA?5?$AA?5?$AA?5?$AA?5?$AA?5?$AA?5?$AA?5@ 00000001400120c0     dbg_.-gpu_subsystem.o
 0002:00001116       ??_C@_1FK@JCGLFMHC@?$AA?7?$AA?$CF?$AAl?$AAl?$AAd?$AA?4?$AA?$CF?$AAl?$AAl?$AAd?$AA?4?$AAA?$AAv?$AAa?$AAi?$AAl?$AAa?$AAb?$AAl?$AAe?$AA?5?$AA?5?$AA?5?$AA?5?$AA?5?$AA?5?$AA?5?$AA?5?$AA?5?$AA?5?$AA?5?$AA?5@ 0000000140012116     dbg_.-gpu_subsystem.o
 0002:00001170       ??_C@_1FK@PNFJMFNM@?$AA?7?$AA?$CF?$AAl?$AAl?$AAd?$AA?4?$AA?$CF?$AAl?$AAl?$AAd?$AA?4?$AAT?$AAy?$AAp?$AAe?$AA?5?$AA?5?$AA?5?$AA?5?$AA?5?$AA?5?$AA?5?$AA?5?$AA?5?$AA?5?$AA?5?$AA?5?$AA?5?$AA?5?$AA?5?$AA?5?$AA?5@ 0000000140012170     dbg_.-gpu_subsystem.o
 0002:000011ca       ??_C@_1FG@OJFNKBCG@?$AA?7?$AA?$CF?$AAl?$AAl?$AAd?$AA?4?$AA?$CF?$AAl?$AAl?$AAd?$AA?4?$AAV?$AAe?$AAn?$AAd?$AAo?$AAr?$AA?5?$AA?5?$AA?5?$AA?5?$AA?5?$AA?5?$AA?5?$AA?5?$AA?5?$AA?5?$AA?5?$AA?5?$AA?5?$AA?5?$AA?5@ 00000001400121ca     dbg_.-gpu_subsystem.o
 0002:00001220       ??_C@_1FG@LICMMOCB@?$AA?7?$AA?$CF?$AAl?$AAl?$AAd?$AA?4?$AA?$CF?$AAl?$AAl?$AAd?$AA?4?$AAD?$AAr?$AAi?$AAv?$AAe?$AAr?$AA?5?$AAV?$AAe?$AAr?$AAs?$AAi?$AAo?$AAn?$AA?5?$AA?5?$AA?5?$AA?5?$AA?5?$AA?5?$AA?5@ 0000000140012220     dbg_.-gpu_subsystem.o
 0002:00001276       ??_C@_1FG@GEMKEAJB@?$AA?7?$AA?$CF?$AAl?$AAl?$AAd?$AA?4?$AA?$CF?$AAl?$AAl?$AAd?$AA?4?$AAD?$AAe?$AAv?$AAi?$AAc?$AAe?$AA?5?$AAV?$AAe?$AAr?$AAs?$AAi?$AAo?$AAn?$AA?5?$AA?5?$AA?5?$AA?5?$AA?5?$AA?5?$AA?5@ 0000000140012276     dbg_.-gpu_subsystem.o
 0002:000012cc       ??_C@_1FG@MPCNGFNE@?$AA?7?$AA?$CF?$AAl?$AAl?$AAd?$AA?4?$AA?$CF?$AAl?$AAl?$AAd?$AA?4?$AAP?$AAr?$AAo?$AAf?$AAi?$AAl?$AAe?$AA?5?$AA?5?$AA?5?$AA?5?$AA?5?$AA?5?$AA?5?$AA?5?$AA?5?$AA?5?$AA?5?$AA?5?$AA?5?$AA?5@ 00000001400122cc     dbg_.-gpu_subsystem.o
 0002:00001322       ??_C@_1FG@GJMINOLL@?$AA?7?$AA?$CF?$AAl?$AAl?$AAd?$AA?4?$AA?$CF?$AAl?$AAl?$AAd?$AA?4?$AAE?$AAx?$AAt?$AAe?$AAn?$AAs?$AAi?$AAo?$AAn?$AAs?$AA?5?$AA?5?$AA?5?$AA?5?$AA?5?$AA?5?$AA?5?$AA?5?$AA?5?$AA?5?$AA?5@ 0000000140012322     dbg_.-gpu_subsystem.o
 0002:00001378       ??_C@_1FK@NKJEPLPJ@?$AA?7?$AA?$CF?$AAl?$AAl?$AAd?$AA?4?$AA?$CF?$AAl?$AAl?$AAd?$AA?4?$AAM?$AAa?$AAx?$AA?5?$AAC?$AAo?$AAm?$AAp?$AAu?$AAt?$AAe?$AA?5?$AAU?$AAn?$AAi?$AAt?$AAs?$AA?5?$AA?5?$AA?5?$AA?5@ 0000000140012378     dbg_.-gpu_subsystem.o
 0002:000013d2       ??_C@_1FK@OLFGCCPL@?$AA?7?$AA?$CF?$AAl?$AAl?$AAd?$AA?4?$AA?$CF?$AAl?$AAl?$AAd?$AA?4?$AAM?$AAa?$AAx?$AA?5?$AAI?$AAt?$AAe?$AAm?$AA?5?$AAD?$AAi?$AAm?$AAe?$AAn?$AAs?$AAi?$AAo?$AAn?$AAs?$AA?5?$AA?5@ 00000001400123d2     dbg_.-gpu_subsystem.o
 0002:0000142c       ??_C@_1FK@CMFPDFMJ@?$AA?7?$AA?$CF?$AAl?$AAl?$AAd?$AA?4?$AA?$CF?$AAl?$AAl?$AAd?$AA?4?$AAM?$AAa?$AAx?$AA?5?$AAG?$AAr?$AAo?$AAu?$AAp?$AA?5?$AAS?$AAi?$AAz?$AAe?$AA?5?$AA?5?$AA?5?$AA?5?$AA?5?$AA?5?$AA?5@ 000000014001242c     dbg_.-gpu_subsystem.o
 0002:00001486       ??_C@_1GA@OFJKKJHL@?$AA?7?$AA?7?$AA?$CF?$AAl?$AAl?$AAd?$AA?4?$AA?$CF?$AAl?$AAl?$AAd?$AA?4?$AAM?$AAa?$AAx?$AA?5?$AAI?$AAt?$AAe?$AAm?$AA?5?$AAS?$AAi?$AAz?$AAe?$AAs?$AA?$FL?$AA?$CF?$AAl?$AAl?$AAd?$AA?$FN@ 0000000140012486     dbg_.-gpu_subsystem.o
 0002:000014e6       ??_C@_1FK@PBEPJBHG@?$AA?7?$AA?$CF?$AAl?$AAl?$AAd?$AA?4?$AA?$CF?$AAl?$AAl?$AAd?$AA?4?$AAM?$AAa?$AAx?$AA?5?$AAC?$AAl?$AAo?$AAc?$AAk?$AA?5?$AAF?$AAr?$AAe?$AAq?$AAu?$AAe?$AAn?$AAc?$AAy?$AA?5?$AA?5@ 00000001400124e6     dbg_.-gpu_subsystem.o
 0002:00001540       ??_C@_1FK@EGKKPFNE@?$AA?7?$AA?$CF?$AAl?$AAl?$AAd?$AA?4?$AA?$CF?$AAl?$AAl?$AAd?$AA?4?$AAM?$AAa?$AAx?$AA?5?$AAM?$AAe?$AAm?$AA?5?$AAA?$AAl?$AAl?$AAo?$AAc?$AA?5?$AAS?$AAi?$AAz?$AAe?$AA?5?$AA?5?$AA?5@ 0000000140012540     dbg_.-gpu_subsystem.o
 0002:0000159a       ??_C@_1FK@NMMFNGJN@?$AA?7?$AA?$CF?$AAl?$AAl?$AAd?$AA?4?$AA?$CF?$AAl?$AAl?$AAd?$AA?4?$AAG?$AAl?$AAo?$AAb?$AAa?$AAl?$AA?5?$AAM?$AAe?$AAm?$AA?5?$AAC?$AAa?$AAc?$AAh?$AAe?$AAl?$AAi?$AAn?$AAe?$AA?5@ 000000014001259a     dbg_.-gpu_subsystem.o
 0002:000015f4       ??_C@_1FK@NMHJFOBI@?$AA?7?$AA?$CF?$AAl?$AAl?$AAd?$AA?4?$AA?$CF?$AAl?$AAl?$AAd?$AA?4?$AAG?$AAl?$AAo?$AAb?$AAa?$AAl?$AA?5?$AAM?$AAe?$AAm?$AA?5?$AAC?$AAa?$AAc?$AAh?$AAe?$AA?5?$AAS?$AAi?$AAz?$AAe@ 00000001400125f4     dbg_.-gpu_subsystem.o
 0002:0000164e       ??_C@_1FK@KEPOBMOJ@?$AA?7?$AA?$CF?$AAl?$AAl?$AAd?$AA?4?$AA?$CF?$AAl?$AAl?$AAd?$AA?4?$AAG?$AAl?$AAo?$AAb?$AAa?$AAl?$AA?5?$AAM?$AAe?$AAm?$AA?5?$AAS?$AAi?$AAz?$AAe?$AA?5?$AA?5?$AA?5?$AA?5?$AA?5?$AA?5@ 000000014001264e     dbg_.-gpu_subsystem.o
 0002:000016a8       ??_C@_1FK@BEKCEBKI@?$AA?7?$AA?$CF?$AAl?$AAl?$AAd?$AA?4?$AA?$CF?$AAl?$AAl?$AAd?$AA?4?$AAL?$AAo?$AAc?$AAa?$AAl?$AA?5?$AAM?$AAe?$AAm?$AA?5?$AAS?$AAi?$AAz?$AAe?$AA?5?$AA?5?$AA?5?$AA?5?$AA?5?$AA?5?$AA?5@ 00000001400126a8     dbg_.-gpu_subsystem.o
 0002:00001702       ??_C@_1DG@HHDGLCMF@?$AAA?$AAt?$AA?5?$AAe?$AAn?$AAd?$AA?5?$AAh?$AAa?$AAv?$AAe?$AA?5?$AA?$CF?$AAl?$AAl?$AAd?$AA?5?$AAd?$AAe?$AAv?$AAi?$AAc?$AAe?$AAs?$AA?4?$AA?6?$AA?$AA@ 0000000140012702     dbg_.-gpu_subsystem.o
 0002:00001738       ??_C@_1FC@JJNHHFIJ@?$AAI?$AAn?$AAi?$AAt?$AA?5?$AAf?$AAo?$AAr?$AAm?$AA?5?$AAp?$AAl?$AAa?$AAt?$AAf?$AAo?$AAr?$AAm?$AA?5?$AA?$CF?$AAl?$AAl?$AAd?$AA?5?$AA?$FL?$AAa?$AAu?$AAt?$AAo?$AA?5?$AAs?$AAe@ 0000000140012738     dbg_.-gpu_subsystem.o
 0002:0000178a       ??_C@_1EC@CFAEGHOO@?$AAE?$AAr?$AAr?$AAo?$AAr?$AA?5?$AAa?$AAt?$AA?5?$AAc?$AAl?$AAC?$AAr?$AAe?$AAa?$AAt?$AAe?$AAC?$AAo?$AAn?$AAt?$AAe?$AAx?$AAt?$AA?5?$AA?$FL?$AA?$CF?$AAl?$AAl?$AAd?$AA?$FN?$AA?6@ 000000014001278a     dbg_.-gpu_subsystem.o
 0002:000017cc       ??_C@_1GI@JODPKPLM@?$AAE?$AAr?$AAr?$AAo?$AAr?$AA?5?$AAa?$AAt?$AA?5?$AAc?$AAl?$AAC?$AAr?$AAe?$AAa?$AAt?$AAe?$AAC?$AAo?$AAm?$AAm?$AAa?$AAn?$AAd?$AAQ?$AAu?$AAe?$AAu?$AAe?$AAW?$AAi?$AAt@ 00000001400127cc     dbg_.-gpu_subsystem.o
 0002:00001834       ??_C@_0FA@OKGFDHAO@?9cl?9single?9precision?9constant?5?9c@ 0000000140012834     dbg_.-gpu_subsystem.o
 0002:00001884       ??_C@_1DE@FJCPKFIJ@?$AAB?$AAu?$AAi?$AAl?$AAd?$AAP?$AAr?$AAo?$AAg?$AAr?$AAa?$AAm?$AA?5?$AAE?$AAr?$AAr?$AAo?$AAr?$AA?3?$AA?5?$AA?$CF?$AAl?$AAl?$AAd?$AA?6?$AA?$AA@ 0000000140012884     dbg_.-gpu_subsystem.o
 0002:000018b8       ??_C@_1CO@HIIDKPPP@?$AAB?$AAu?$AAi?$AAl?$AAd?$AAI?$AAn?$AAf?$AAo?$AA?5?$AAE?$AAr?$AAr?$AAo?$AAr?$AA?3?$AA?5?$AA?$CF?$AAl?$AAl?$AAd?$AA?6?$AA?$AA@ 00000001400128b8     dbg_.-gpu_subsystem.o
 0002:000018e6       ??_C@_1DA@GJKLKGNM@?$AAB?$AAu?$AAi?$AAl?$AAd?$AAI?$AAn?$AAf?$AAo?$AA2?$AA?5?$AAE?$AAr?$AAr?$AAo?$AAr?$AA?3?$AA?5?$AA?$CF?$AAl?$AAl?$AAd?$AA?6?$AA?$AA@ 00000001400128e6     dbg_.-gpu_subsystem.o
 0002:00001916       ??_C@_1EA@DAHNIOPF@?$AAE?$AAr?$AAr?$AAo?$AAr?$AA?5?$AAI?$AAn?$AAf?$AAo?$AA?3?$AA?5?$AAc?$AAo?$AAd?$AAe?$AA?$DN?$AA?$CF?$AAl?$AAl?$AAd?$AA?3?$AA?5?$AAi?$AAn?$AAf?$AAo?$AA?$DN?$AA?$CF?$AAs?$AA?6?$AA?$AA@ 0000000140012916     dbg_.-gpu_subsystem.o
 0002:00001956       ??_C@_1CO@DCKAPNAK@?$AAw?$AAa?$AAi?$AAt?$AAi?$AAn?$AAg?$AA?5?$AAs?$AAt?$AAa?$AAr?$AAt?$AAu?$AAp?$AA?5?$AAp?$AAa?$AAg?$AAe?$AAs?$AA?6?$AA?$AA@ 0000000140012956     dbg_.-hive_entry.o
 0002:00001984       ??_C@_1EI@OLFKDNEP@?$AAE?$AAr?$AAr?$AAo?$AAr?$AA?3?$AA?5?$AAa?$AAl?$AAl?$AAo?$AAc?$AAa?$AAt?$AAe?$AAd?$AA?5?$AAa?$AAr?$AAr?$AAa?$AAy?$AA?5?$AAi?$AAs?$AAn?$AA?8?$AAt?$AA?5?$AAl?$AAo?$AAc@ 0000000140012984     dbg_.-hive_entry.o
 0002:000019cc       ??_C@_1BM@MGOLOELI@?$AAr?$AAe?$AAs?$AAC?$AAo?$AAd?$AAe?$AAI?$AAd?$AA?$DN?$AA?$CF?$AAp?$AA?6?$AA?$AA@ 00000001400129cc     dbg_.-hive_entry.o
 0002:00001a70       ??_C@_1DO@NMNBJACC@?$AA?9?$AA?9?$AA?9?$AA?9?$AA?9?$AA?5?$AAt?$AAo?$AAt?$AAa?$AAl?$AA?5?$AA?$CF?$AAl?$AAl?$AAd?$AA?5?$AAc?$AAo?$AAn?$AAn?$AAe?$AAc?$AAt?$AAi?$AAo?$AAn?$AAs?$AA?3?$AA?6?$AA?$AA@ 0000000140012a70     dbg_.-remote.o
 0002:00001aae       ??_C@_1EM@BPMELAJO@?$AA?9?$AAc?$AAo?$AAn?$AAn?$AAe?$AAc?$AAt?$AAi?$AAo?$AAn?$AA?5?$AA?$FL?$AA?$CF?$AAp?$AA?$FN?$AA?5?$AA?$CF?$AAl?$AAl?$AAd?$AA?3?$AA?5?$AAl?$AAo?$AAc?$AAa?$AAl?$AA_?$AAi?$AAd?$AA?$DN@ 0000000140012aae     dbg_.-remote.o
 0002:00001afa       ??_C@_1DC@HEOFFPLC@?$AAo?$AAu?$AAt?$AAg?$AAo?$AAi?$AAn?$AAg?$AA?3?$AA?5?$AAN?$AAo?$AA?5?$AAc?$AAo?$AAn?$AAn?$AAe?$AAc?$AAt?$AAi?$AAo?$AAn?$AA?6?$AA?$AA@ 0000000140012afa     dbg_.-remote.o
 0002:00001b2c       ??_C@_1DG@HNEHLNLB@?$AAo?$AAu?$AAt?$AAg?$AAo?$AAi?$AAn?$AAg?$AA?3?$AA?5?$AAI?$AAP?$AA?$DN?$AA?$CF?$AAs?$AA?5?$AAP?$AAO?$AAR?$AAT?$AA?$DN?$AA?$CF?$AAl?$AAl?$AAd?$AA?6?$AA?$AA@ 0000000140012b2c     dbg_.-remote.o
 0002:00001b62       ??_C@_1DI@OKINGPOA@?$AAo?$AAu?$AAt?$AAg?$AAo?$AAi?$AAn?$AAg?$AA?3?$AA?5?$AA?5?$AAI?$AAP?$AA?$DN?$AA?$CF?$AAs?$AA?5?$AAP?$AAO?$AAR?$AAT?$AA?$DN?$AA?$CF?$AAl?$AAl?$AAd?$AA?6?$AA?$AA@ 0000000140012b62     dbg_.-remote.o
 0002:00001b9a       ??_C@_1CM@KOFOMBCP@?$AAo?$AAu?$AAt?$AAg?$AAo?$AAi?$AAn?$AAg?$AA?3?$AA?5?$AA?5?$AAC?$AAo?$AAr?$AAr?$AAu?$AAp?$AAt?$AAe?$AAd?$AA?6?$AA?$AA@ 0000000140012b9a     dbg_.-remote.o
 0002:00001bc6       ??_C@_1DC@OBBDDNNB@?$AAi?$AAn?$AAc?$AAo?$AAm?$AAi?$AAn?$AAg?$AA?3?$AA?5?$AAN?$AAo?$AA?5?$AAc?$AAo?$AAn?$AAn?$AAe?$AAc?$AAt?$AAi?$AAo?$AAn?$AA?6?$AA?$AA@ 0000000140012bc6     dbg_.-remote.o
 0002:00001bf8       ??_C@_1DG@NNAENLOC@?$AAi?$AAn?$AAc?$AAo?$AAm?$AAi?$AAn?$AAg?$AA?3?$AA?5?$AAI?$AAP?$AA?$DN?$AA?$CF?$AAs?$AA?5?$AAP?$AAO?$AAR?$AAT?$AA?$DN?$AA?$CF?$AAl?$AAl?$AAd?$AA?6?$AA?$AA@ 0000000140012bf8     dbg_.-remote.o
 0002:00001c2e       ??_C@_1DI@NPMKAFFJ@?$AAi?$AAn?$AAc?$AAo?$AAm?$AAi?$AAn?$AAg?$AA?3?$AA?5?$AA?5?$AAI?$AAP?$AA?$DN?$AA?$CF?$AAs?$AA?5?$AAP?$AAO?$AAR?$AAT?$AA?$DN?$AA?$CF?$AAl?$AAl?$AAd?$AA?6?$AA?$AA@ 0000000140012c2e     dbg_.-remote.o
 0002:00001c66       ??_C@_1GA@HHMMHPKA@?$AA?$CB?$AA?$CB?$AA?$CB?$AA?$CB?$AA?$CB?$AA?5?$AA?$DO?$AA?$DO?$AA?$DO?$AA?$DO?$AA?$DO?$AA?$DO?$AA?5?$AAP?$AAa?$AAg?$AAe?$AA?5?$AAa?$AAl?$AAl?$AAo?$AAc?$AAa?$AAt?$AAi?$AAo?$AAn?$AA?5?$AAi?$AAd?$AA?$DN@ 0000000140012c66     dbg_.-remote.o
 0002:00001cc6       ??_C@_1DE@OFJFJIIH@?$AAS?$AAe?$AAr?$AAv?$AAe?$AAr?$AA?5?$AAi?$AAd?$AA?$DN?$AA?$CF?$AAl?$AAl?$AAd?$AA?5?$AAc?$AAo?$AAn?$AAf?$AAi?$AAr?$AAm?$AAe?$AAd?$AA?6?$AA?$AA@ 0000000140012cc6     dbg_.-remote.o
 0002:00001cfa       ??_C@_1CE@HOGLDJAE@?$AAC?$AAl?$AAi?$AAe?$AAn?$AAt?$AA?5?$AAc?$AAo?$AAn?$AAn?$AAe?$AAc?$AAt?$AAe?$AAd?$AA?6?$AA?$AA@ 0000000140012cfa     dbg_.-remote.o
 0002:00001d1e       ??_C@_1GO@KIHGLMJK@?$AAS?$AAe?$AAn?$AAd?$AA?5?$AAc?$AAo?$AAn?$AAf?$AAi?$AAr?$AAm?$AAa?$AAt?$AAi?$AAo?$AAn?$AA?5?$AAo?$AAf?$AA?5?$AAp?$AAa?$AAg?$AAe?$AA?5?$AAa?$AAl?$AAl?$AAo?$AAc?$AAa@ 0000000140012d1e     dbg_.-remote.o
 0002:00001d8c       ??_C@_1FC@NJOMCOBI@?$AAR?$AAe?$AAd?$AAi?$AAr?$AAe?$AAc?$AAt?$AAi?$AAn?$AAg?$AA?5?$AAp?$AAa?$AAg?$AAe?$AA?5?$AAq?$AAu?$AAe?$AAr?$AAy?$AA?5?$AAt?$AAo?$AA?5?$AAl?$AAo?$AAc?$AAa?$AAl?$AA_@ 0000000140012d8c     dbg_.-remote.o
 0002:00001dde       ??_C@_1EO@MLLDILKB@?$AAR?$AAe?$AAd?$AAi?$AAr?$AAe?$AAc?$AAt?$AAi?$AAn?$AAg?$AA?5?$AAi?$AAd?$AA?5?$AAq?$AAu?$AAe?$AAr?$AAy?$AA?5?$AAt?$AAo?$AA?5?$AAl?$AAo?$AAc?$AAa?$AAl?$AA_?$AAi?$AAd@ 0000000140012dde     dbg_.-remote.o
 0002:00001e2c       ??_C@_1DM@IBOIDFJO@?$AAs?$AAo?$AAc?$AAk?$AAe?$AAt?$AA?$CI?$AA?$CJ?$AA?5?$AAf?$AAa?$AAi?$AAl?$AAe?$AAd?$AA?5?$AA?$FL?$AAe?$AAr?$AAr?$AAo?$AAr?$AA?$DN?$AA?$CF?$AAl?$AAl?$AAd?$AA?$FN?$AA?6?$AA?$AA@ 0000000140012e2c     dbg_.-remote.o
 0002:00001e68       ??_C@_1CM@FLPDOBBA@?$AAR?$AAe?$AAq?$AAu?$AAe?$AAs?$AAt?$AAi?$AAn?$AAg?$AA?5?$AAp?$AAo?$AAr?$AAt?$AA?5?$AA?$CF?$AAl?$AAl?$AAd?$AA?6?$AA?$AA@ 0000000140012e68     dbg_.-remote.o
 0002:00001e94       ??_C@_1DK@IOCIPHFJ@?$AAc?$AAo?$AAn?$AAn?$AAe?$AAc?$AAt?$AA?5?$AAf?$AAa?$AAi?$AAl?$AAe?$AAd?$AA?5?$AA?$FL?$AAe?$AAr?$AAr?$AAo?$AAr?$AA?$DN?$AA?$CF?$AAl?$AAl?$AAd?$AA?$FN?$AA?6?$AA?$AA@ 0000000140012e94     dbg_.-remote.o
 0002:00001ece       ??_C@_1DO@IMGJNCBG@?$AAC?$AAo?$AAn?$AAn?$AAe?$AAc?$AAt?$AAi?$AAo?$AAn?$AA?5?$AAi?$AAs?$AA?5?$AAs?$AAu?$AAc?$AAc?$AAe?$AAs?$AAs?$AAf?$AAu?$AAl?$AA?$CB?$AA?5?$AA?$FL?$AA1?$AA?$FN?$AA?6?$AA?$AA@ 0000000140012ece     dbg_.-remote.o
 0002:00001f0c       ??_C@_1GE@BBHPHIKC@?$AAE?$AAr?$AAr?$AAo?$AAr?$AA?5?$AA?9?$AA?5?$AAs?$AAe?$AAr?$AAv?$AAe?$AAr?$AA_?$AAp?$AAo?$AAr?$AAt?$AA?5?$AA?$DN?$AA?$DN?$AA?5?$AA?9?$AA1?$AA?5?$AA?$FL?$AAs?$AAe?$AAr?$AAv?$AAe@ 0000000140012f0c     dbg_.-remote.o
 0002:00001f70       ??_C@_1EM@HCGPBNNP@?$AAS?$AAt?$AAa?$AAr?$AAt?$AAi?$AAn?$AAg?$AA?5?$AAn?$AAe?$AAw?$AA?5?$AAc?$AAo?$AAn?$AAn?$AAe?$AAc?$AAt?$AAi?$AAo?$AAn?$AA?5?$AAt?$AAo?$AA?5?$AA?$FL?$AA?$CF?$AAs?$AA?$FN?$AA?5@ 0000000140012f70     dbg_.-remote.o
 0002:00001fbc       ??_C@_1FE@JKPBPNOM@?$AAE?$AAr?$AAr?$AAo?$AAr?$AA?5?$AAr?$AAe?$AAs?$AAo?$AAl?$AAv?$AAi?$AAn?$AAg?$AA?5?$AAh?$AAo?$AAs?$AAt?$AA?4?$AA?5?$AA?$FL?$AAs?$AAt?$AAa?$AAt?$AAu?$AAs?$AA?$DN?$AA?$CF?$AAl@ 0000000140012fbc     dbg_.-remote.o
 0002:00002010       ??_C@_1DO@COGNFPF@?$AAC?$AAo?$AAn?$AAn?$AAe?$AAc?$AAt?$AAi?$AAo?$AAn?$AA?5?$AAi?$AAs?$AA?5?$AAs?$AAu?$AAc?$AAc?$AAe?$AAs?$AAs?$AAf?$AAu?$AAl?$AA?$CB?$AA?5?$AA?$FL?$AA2?$AA?$FN?$AA?6?$AA?$AA@ 0000000140013010     dbg_.-remote.o
 0002:0000204e       ??_C@_1FK@FPKJOMKP@?$AAE?$AAr?$AAr?$AAo?$AAr?$AA?3?$AA?5?$AAC?$AAo?$AAu?$AAl?$AAd?$AA?5?$AAn?$AAo?$AAt?$AA?5?$AAc?$AAo?$AAn?$AAn?$AAe?$AAc?$AAt?$AA?5?$AAt?$AAo?$AA?5?$AA?$CF?$AAs?$AA?5?$AA?$FL@ 000000014001304e     dbg_.-remote.o
 0002:000020a8       ??_C@_1EA@JBNEEBDD@?$AAT?$AAr?$AAy?$AAi?$AAn?$AAg?$AA?5?$AAt?$AAo?$AA?5?$AAg?$AAe?$AAt?$AA?5?$AAm?$AAe?$AAm?$AAo?$AAr?$AAy?$AA?5?$AAp?$AAa?$AAg?$AAe?$AA?5?$AA?$CF?$AAl?$AAl?$AAd?$AA?6?$AA?$AA@ 00000001400130a8     dbg_.-remote.o
 0002:000020e8       ??_C@_1EI@BHCKMCLF@?$AAC?$AAr?$AAe?$AAa?$AAt?$AAe?$AAd?$AA?5?$AAb?$AAr?$AAo?$AAa?$AAd?$AAc?$AAa?$AAs?$AAt?$AA?5?$AAw?$AAi?$AAt?$AAh?$AA?5?$AAp?$AAr?$AAe?$AAf?$AAi?$AAx?$AA?$DN?$AA?$CF?$AAl@ 00000001400130e8     dbg_.-remote.o
 0002:00002130       ??_C@_1DM@MBBJEJBJ@?$AAT?$AAr?$AAy?$AAi?$AAn?$AAg?$AA?5?$AAt?$AAo?$AA?5?$AAg?$AAe?$AAt?$AA?5?$AAs?$AAe?$AAr?$AAv?$AAe?$AAr?$AA?5?$AAi?$AAd?$AA?5?$AA?$CF?$AAl?$AAl?$AAd?$AA?6?$AA?$AA@ 0000000140013130     dbg_.-remote.o
 0002:0000216c       ??_C@_1GK@DMGCKEJF@?$AAA?$AAn?$AAs?$AAw?$AAe?$AAr?$AA?5?$AAP?$AAu?$AAs?$AAh?$AA?5?$AAO?$AAb?$AAj?$AAe?$AAc?$AAt?$AA?5?$AAt?$AAo?$AA?5?$AAl?$AAo?$AAc?$AAa?$AAl?$AAi?$AAd?$AA?$DN?$AA?$CF?$AAl@ 000000014001316c     dbg_.-remote.o
 0002:000021d6       ??_C@_1GM@MICHOCHB@?$AAA?$AAn?$AAs?$AAw?$AAe?$AAr?$AA?5?$AAQ?$AAu?$AAe?$AAr?$AAy?$AA?5?$AAO?$AAb?$AAj?$AAe?$AAc?$AAt?$AA?5?$AAt?$AAo?$AA?5?$AAl?$AAo?$AAc?$AAa?$AAl?$AAi?$AAd?$AA?$DN?$AA?$CF@ 00000001400131d6     dbg_.-remote.o
 0002:00002242       ??_C@_1FK@FHPCFNAH@?$AAs?$AAe?$AAn?$AAd?$AA?5?$AAb?$AAr?$AAo?$AAa?$AAd?$AAc?$AAa?$AAs?$AAt?$AA?5?$AAa?$AAn?$AAs?$AAw?$AAe?$AAr?$AA?5?$AAp?$AAa?$AAt?$AAh?$AA?5?$AAt?$AAo?$AA?5?$AAl?$AAo@ 0000000140013242     dbg_.-remote.o
 0002:0000229c       ??_C@_1FM@FIIIPBAA@?$AAs?$AAe?$AAn?$AAd?$AA?5?$AAb?$AAr?$AAo?$AAa?$AAd?$AAc?$AAa?$AAs?$AAt?$AA?5?$AAp?$AAa?$AAt?$AAh?$AA?5?$AAr?$AAe?$AAq?$AAu?$AAe?$AAs?$AAt?$AA?5?$AAt?$AAo?$AA?5?$AAl@ 000000014001329c     dbg_.-remote.o
 0002:000022f8       ??_C@_1GA@MDBOGCGI@?$AAs?$AAe?$AAn?$AAd?$AA?5?$AAb?$AAr?$AAo?$AAa?$AAd?$AAc?$AAa?$AAs?$AAt?$AA?5?$AAa?$AAn?$AAs?$AAw?$AAe?$AAr?$AA?5?$AAi?$AAd?$AA?5?$AAp?$AAa?$AAt?$AAh?$AA?5?$AAt?$AAo@ 00000001400132f8     dbg_.-remote.o
 0002:00002358       ??_C@_1EO@CDOEBIIP@?$AAS?$AAe?$AAn?$AAd?$AAi?$AAn?$AAg?$AA?5?$AAb?$AAr?$AAo?$AAa?$AAd?$AAc?$AAa?$AAs?$AAt?$AA?5?$AAt?$AAo?$AA?5?$AAf?$AAi?$AAn?$AAd?$AA?5?$AAo?$AAb?$AAj?$AAe?$AAc?$AAt@ 0000000140013358     dbg_.-remote.o
 0002:000023a6       ??_C@_1DC@EHBNKHBD@?$AAr?$AAe?$AAq?$AAu?$AAe?$AAs?$AAt?$AA?5?$AAs?$AAe?$AAt?$AA?5?$AAo?$AAb?$AAj?$AAe?$AAc?$AAt?$AA?$DN?$AA?$CF?$AAl?$AAl?$AAd?$AA?6?$AA?$AA@ 00000001400133a6     dbg_.-remote.o
 0002:000023d8       ??_C@_1CO@OBFELGCG@?$AAl?$AAo?$AAc?$AAa?$AAl?$AA?5?$AAo?$AAb?$AAj?$AAe?$AAc?$AAt?$AA?5?$AA?9?$AA?5?$AAa?$AAn?$AAs?$AAw?$AAe?$AAr?$AA?6?$AA?$AA@ 00000001400133d8     dbg_.-remote.o
 0002:00002406       ??_C@_1CC@BJNHGOIA@?$AAd?$AAo?$AAn?$AA?8?$AAt?$AA?5?$AAk?$AAn?$AAo?$AAw?$AA?5?$AAp?$AAa?$AAt?$AAh?$AA?6?$AA?$AA@ 0000000140013406     dbg_.-remote.o
 0002:00002428       ??_C@_1DA@NHJHHADA@?$AAr?$AAe?$AAq?$AAu?$AAe?$AAs?$AAt?$AA?5?$AAs?$AAe?$AAn?$AAt?$AA?5?$AA?$FL?$AAt?$AAo?$AA?5?$AA?$CF?$AAl?$AAl?$AAd?$AA?$FN?$AA?6?$AA?$AA@ 0000000140013428     dbg_.-remote.o
 0002:00002458       ??_C@_1IK@DBMEHLHD@?$AAS?$AAt?$AAa?$AAr?$AAt?$AAi?$AAn?$AAg?$AA?5?$AAn?$AAe?$AAw?$AA?5?$AAR?$AAE?$AAM?$AAO?$AAT?$AAE?$AA?5?$AAw?$AAo?$AAr?$AAk?$AAe?$AAr?$AA?5?$AA?$CF?$AAl?$AAl?$AAd?$AA?5@ 0000000140013458     dbg_.-remote.o
 0002:000024e2       ??_C@_1EK@DLJDAMIC@?$AAs?$AAe?$AAn?$AAd?$AAi?$AAn?$AAg?$AA?5?$AAh?$AAi?$AAv?$AAe?$AA?5?$AAs?$AAt?$AAa?$AAt?$AAe?$AA?5?$AA?$FL?$AA?$CF?$AAl?$AAl?$AAd?$AA?5?$AA?$CF?$AAl?$AAl?$AAd?$AA?5?$AA?$CF?$AAl@ 00000001400134e2     dbg_.-remote.o
 0002:0000252c       ??_C@_1CG@OHMMGKJ@?$AAi?$AAn?$AAt?$AAi?$AAi?$AAa?$AAl?$AAi?$AAz?$AAa?$AAt?$AAi?$AAn?$AAg?$AA?4?$AA?4?$AA?4?$AA?6?$AA?$AA@ 000000014001352c     dbg_.-remote.o
 0002:00002552       ??_C@_1BA@DBJDCPKB@?$AAp?$AA?5?$AA?$CF?$AAl?$AAl?$AAd?$AA?6?$AA?$AA@ 0000000140013552     dbg_.-remote.o
 0002:00002562       ??_C@_1CK@IMAGNILG@?$AAC?$AAo?$AAn?$AAf?$AAi?$AAr?$AAm?$AAe?$AAd?$AA?5?$AAp?$AAo?$AAr?$AAt?$AA?$DN?$AA?$CF?$AAl?$AAl?$AAd?$AA?6?$AA?$AA@ 0000000140013562     dbg_.-remote.o
 0002:0000258c       ??_C@_1CE@BDEHPDNE@?$AAG?$AAe?$AAt?$AA?5?$AAc?$AAo?$AAm?$AAm?$AAa?$AAn?$AAd?$AA?5?$AA?$FL?$AA?$CF?$AAs?$AA?$FN?$AA?6?$AA?$AA@ 000000014001358c     dbg_.-remote.o
 0002:000025b0       ??_C@_1DG@NNMMEGKD@?$AAS?$AAe?$AAl?$AAe?$AAc?$AAt?$AAe?$AAd?$AA?5?$AAc?$AAo?$AAn?$AAn?$AAe?$AAc?$AAt?$AA?5?$AAc?$AAo?$AAm?$AAm?$AAa?$AAn?$AAd?$AA?4?$AA?6?$AA?$AA@ 00000001400135b0     dbg_.-remote.o
 0002:000025e6       ??_C@_1CI@KPENLAE@?$AAE?$AAn?$AAt?$AAe?$AAr?$AA?5?$AAI?$AAP?$AA?5?$AAa?$AAn?$AAd?$AA?5?$AAP?$AAO?$AAR?$AAT?$AA?4?$AA?6?$AA?$AA@ 00000001400135e6     dbg_.-remote.o
 0002:0000260e       ??_C@_1EG@CAHECGOL@?$AAT?$AAr?$AAy?$AAi?$AAn?$AAg?$AA?5?$AAt?$AAo?$AA?5?$AAc?$AAo?$AAn?$AAn?$AAe?$AAc?$AAt?$AA?5?$AAt?$AAo?$AA?5?$AA?$FL?$AA?$CF?$AAs?$AA?$FN?$AA?5?$AA?$FL?$AA?$CF?$AAs?$AA?$FN?$AA?4?$AA?4@ 000000014001360e     dbg_.-remote.o
 0002:00002654       ??_C@_1DG@GLOHHOJG@?$AAT?$AAe?$AAm?$AAp?$AAo?$AAr?$AAa?$AAr?$AAy?$AA?5?$AAl?$AAo?$AAc?$AAa?$AAl?$AA_?$AAi?$AAd?$AA?5?$AA?$DN?$AA?5?$AA?$CF?$AAl?$AAl?$AAd?$AA?6?$AA?$AA@ 0000000140013654     dbg_.-remote.o
 0002:0000268a       ??_C@_1DC@MOJEJJIM@?$AAC?$AAo?$AAn?$AAf?$AAi?$AAg?$AAu?$AAr?$AAa?$AAt?$AAi?$AAo?$AAn?$AA?5?$AAc?$AAo?$AAn?$AAf?$AAi?$AAr?$AAm?$AAe?$AAd?$AA?6?$AA?$AA@ 000000014001368a     dbg_.-remote.o
 0002:000026bc       ??_C@_1BA@IEOPIPPP@?$AAg?$AAe?$AAt?$AA?5?$AAi?$AAd?$AA?6?$AA?$AA@ 00000001400136bc     dbg_.-remote.o
 0002:000026cc       ??_C@_1BE@JGIALBEO@?$AAs?$AAl?$AAe?$AAe?$AAp?$AAi?$AAn?$AAg?$AA?6?$AA?$AA@ 00000001400136cc     dbg_.-remote.o
 0002:000026e0       ??_C@_1CC@DLADIFA@?$AAr?$AAu?$AAn?$AAn?$AAi?$AAn?$AAg?$AA?5?$AAt?$AAh?$AAr?$AAe?$AAa?$AAd?$AAs?$AA?6?$AA?$AA@ 00000001400136e0     dbg_.-remote.o
 0002:00002702       ??_C@_1CO@OPIMELJM@?$AAn?$AAe?$AAt?$AAw?$AAo?$AAr?$AAk?$AA?5?$AAi?$AAn?$AAi?$AAt?$AAi?$AAa?$AAl?$AAi?$AAz?$AAa?$AAt?$AAe?$AAd?$AA?6?$AA?$AA@ 0000000140013702     dbg_.-remote.o
 0002:00002730       ??_C@_1DM@PKIKMHMJ@?$AA?$FL?$AAN?$AAE?$AAT?$AAW?$AAO?$AAR?$AAK?$AA?$FN?$AA?3?$AA?5?$AAP?$AAe?$AAe?$AAr?$AA?5?$AAd?$AAi?$AAs?$AAc?$AAo?$AAn?$AAn?$AAe?$AAc?$AAt?$AAe?$AAd?$AA?6?$AA?$AA@ 0000000140013730     dbg_.-remote.o
 0002:0000276c       ??_C@_1DG@IHKBKGHO@?$AAG?$AAe?$AAt?$AA?5?$AAm?$AAe?$AAs?$AAs?$AAa?$AAg?$AAe?$AA?5?$AAo?$AAf?$AA?5?$AA?$CF?$AAl?$AAl?$AAd?$AA?5?$AAb?$AAy?$AAt?$AAe?$AAs?$AA?6?$AA?$AA@ 000000014001376c     dbg_.-remote.o
 0002:000027a2       ??_C@_1EE@FBAKCJKM@?$AAp?$AAr?$AAo?$AAc?$AAe?$AAs?$AAs?$AA?5?$AAh?$AAe?$AAa?$AAd?$AAe?$AAr?$AA?$FL?$AAo?$AAk?$AA?$FN?$AA?5?$AA?$FL?$AAh?$AAe?$AAa?$AAd?$AAe?$AAr?$AA?$DN?$AA?$CF?$AAl?$AAl?$AAd?$AA?$FN@ 00000001400137a2     dbg_.-remote.o
 0002:000027e6       ??_C@_1EE@CIFDCIBF@?$AAp?$AAr?$AAo?$AAc?$AAe?$AAs?$AAs?$AA?5?$AAl?$AAe?$AAn?$AAg?$AAt?$AAh?$AA?$FL?$AAo?$AAk?$AA?$FN?$AA?5?$AA?$FL?$AAl?$AAe?$AAn?$AAg?$AAt?$AAh?$AA?$DN?$AA?$CF?$AAl?$AAl?$AAd?$AA?$FN@ 00000001400137e6     dbg_.-remote.o
 0002:0000282a       ??_C@_1CM@JBMABCGC@?$AAp?$AAr?$AAo?$AAc?$AAe?$AAs?$AAs?$AA?5?$AAl?$AAe?$AAn?$AAg?$AAt?$AAh?$AA?$FL?$AAp?$AAa?$AAr?$AAt?$AA?$FN?$AA?6?$AA?$AA@ 000000014001382a     dbg_.-remote.o
 0002:00002856       ??_C@_1CE@BMKCCAOL@?$AAp?$AAr?$AAo?$AAc?$AAe?$AAs?$AAs?$AA?5?$AAb?$AAo?$AAd?$AAy?$AA?$FL?$AAo?$AAk?$AA?$FN?$AA?6?$AA?$AA@ 0000000140013856     dbg_.-remote.o
 0002:0000287a       ??_C@_1CO@OOHNIMCC@?$AAc?$AAl?$AAo?$AAs?$AAi?$AAn?$AAg?$AA?5?$AAc?$AAo?$AAn?$AAn?$AAe?$AAc?$AAt?$AAi?$AAo?$AAn?$AA?4?$AA?4?$AA?4?$AA?6?$AA?$AA@ 000000014001387a     dbg_.-remote.o
 0002:000028a8       ??_C@_1CI@LDDDECLE@?$AAp?$AAr?$AAo?$AAc?$AAe?$AAs?$AAs?$AA?5?$AAb?$AAo?$AAd?$AAy?$AA?$FL?$AAp?$AAa?$AAr?$AAt?$AA?$FN?$AA?6?$AA?$AA@ 00000001400138a8     dbg_.-remote.o
 0002:000028d0       ??_C@_1FI@DLIHECMG@?$AAG?$AAe?$AAt?$AA?5?$AAa?$AAp?$AAi?$AA?5?$AAc?$AAa?$AAl?$AAl?$AA?5?$AA?$CF?$AAl?$AAl?$AAd?$AA?5?$AAo?$AAf?$AA?5?$AAl?$AAe?$AAn?$AAg?$AAt?$AAh?$AA?3?$AA?5?$AA?$CF?$AAl?$AAl@ 00000001400138d0     dbg_.-remote.o
 0002:00002928       ??_C@_1EC@IGPNEALA@?$AAA?$AAP?$AAI?$AA_?$AAR?$AAE?$AAQ?$AAU?$AAE?$AAS?$AAT?$AA_?$AAC?$AAO?$AAN?$AAN?$AAE?$AAC?$AAT?$AAI?$AAO?$AAN?$AA?5?$AAa?$AAn?$AAs?$AAw?$AAe?$AAr?$AAe?$AAd?$AA?6@ 0000000140013928     dbg_.-remote.o
 0002:0000296a       ??_C@_1HI@PFGJBABN@?$AAA?$AAP?$AAI?$AA_?$AAA?$AAN?$AAS?$AAW?$AAE?$AAR?$AA_?$AAR?$AAE?$AAQ?$AAU?$AAE?$AAS?$AAT?$AA_?$AAC?$AAO?$AAN?$AAN?$AAE?$AAC?$AAT?$AAI?$AAO?$AAN?$AA?5?$AAu?$AAp@ 000000014001396a     dbg_.-remote.o
 0002:000029e2       ??_C@_1EM@NFKPCEGC@?$AAU?$AAp?$AAd?$AAa?$AAt?$AAe?$AAd?$AA?5?$AAu?$AAs?$AAi?$AAn?$AAg?$AA?5?$AA?$FL?$AAc?$AAo?$AAn?$AA?$DN?$AA?$CF?$AAp?$AA?$FN?$AA?5?$AA?$FL?$AAa?$AAn?$AAd?$AA?5?$AAf?$AAr?$AAe?$AAe@ 00000001400139e2     dbg_.-remote.o
 0002:00002a2e       ??_C@_1LA@ICLCBFDH@?$AAE?$AAr?$AAr?$AAo?$AAr?$AA?3?$AA?5?$AAA?$AAP?$AAI?$AA_?$AAA?$AAN?$AAS?$AAW?$AAE?$AAR?$AA_?$AAR?$AAE?$AAQ?$AAU?$AAE?$AAS?$AAT?$AA_?$AAC?$AAO?$AAN?$AAN?$AAE?$AAC@ 0000000140013a2e     dbg_.-remote.o
 0002:00002ade       ??_C@_1FA@NLLPLBEB@?$AAA?$AAP?$AAI?$AA_?$AAR?$AAE?$AAQ?$AAU?$AAE?$AAS?$AAT?$AA_?$AAI?$AAD?$AA?5?$AAp?$AAa?$AAg?$AAe?$AA?$DN?$AA?$CF?$AAl?$AAl?$AAd?$AA?5?$AA?$FL?$AAp?$AAr?$AAe?$AAf?$AAi?$AAx@ 0000000140013ade     dbg_.-remote.o
 0002:00002b2e       ??_C@_1BG@IOHEMCP@?$AAR?$AAe?$AAf?$AAu?$AAs?$AAe?$AA?5?$AAi?$AAd?$AA?6?$AA?$AA@ 0000000140013b2e     dbg_.-remote.o
 0002:00002b44       ??_C@_1EI@DCLENIAC@?$AAC?$AAo?$AAn?$AAf?$AAi?$AAr?$AAm?$AAe?$AAd?$AA?5?$AAb?$AAe?$AAc?$AAo?$AAu?$AAs?$AAe?$AA?5?$AAl?$AAo?$AAc?$AAa?$AAl?$AA_?$AAi?$AAd?$AA?5?$AAd?$AAi?$AAf?$AAf?$AAe@ 0000000140013b44     dbg_.-remote.o
 0002:00002b8c       ??_C@_1EI@GBBOHBKF@?$AAG?$AAe?$AAt?$AA?5?$AAb?$AAr?$AAo?$AAa?$AAd?$AAc?$AAa?$AAs?$AAt?$AA?5?$AAa?$AAn?$AAs?$AAw?$AAe?$AAr?$AA?5?$AA?$FL?$AAp?$AAr?$AAe?$AAf?$AAi?$AAx?$AA?$DN?$AA?$CF?$AAl?$AAl@ 0000000140013b8c     dbg_.-remote.o
 0002:00002bd4       ??_C@_1CK@JAOCGICP@?$AAB?$AAr?$AAo?$AAa?$AAd?$AAc?$AAa?$AAs?$AAt?$AA?5?$AAc?$AAo?$AAn?$AAf?$AAi?$AAr?$AAm?$AAe?$AAd?$AA?6?$AA?$AA@ 0000000140013bd4     dbg_.-remote.o
 0002:00002bfe       ??_C@_1FM@HIELKEO@?$AAA?$AAP?$AAI?$AA_?$AAR?$AAE?$AAQ?$AAU?$AAE?$AAS?$AAT?$AA_?$AAM?$AAE?$AAM?$AA_?$AAP?$AAA?$AAG?$AAE?$AA?5?$AAp?$AAa?$AAg?$AAe?$AA?$DN?$AA?$CF?$AAl?$AAl?$AAd?$AA?5?$AA?$FL@ 0000000140013bfe     dbg_.-remote.o
 0002:00002c5a       ??_C@_1CG@KIALDCLE@?$AAR?$AAe?$AAf?$AAu?$AAs?$AAe?$AA?5?$AAa?$AAl?$AAl?$AAo?$AAc?$AAa?$AAt?$AAi?$AAo?$AAn?$AA?6?$AA?$AA@ 0000000140013c5a     dbg_.-remote.o
 0002:00002c80       ??_C@_1CM@IABHOCCE@?$AAg?$AAe?$AAt?$AA?5?$AAp?$AAu?$AAs?$AAh?$AA?5?$AAo?$AAb?$AAj?$AAe?$AAc?$AAt?$AA?5?$AA?$CF?$AAl?$AAl?$AAd?$AA?6?$AA?$AA@ 0000000140013c80     dbg_.-remote.o
 0002:00002cac       ??_C@_1BM@CKHNEJCK@?$AAl?$AAo?$AAc?$AAa?$AAl?$AA?9?$AAp?$AAu?$AAs?$AAh?$AAe?$AAd?$AA?6?$AA?$AA@ 0000000140013cac     dbg_.-remote.o
 0002:00002cc8       ??_C@_1CG@LACBKCJC@?$AAr?$AAe?$AAm?$AAo?$AAt?$AAe?$AA?9?$AAr?$AAe?$AAd?$AAi?$AAr?$AAe?$AAc?$AAt?$AAe?$AAd?$AA?6?$AA?$AA@ 0000000140013cc8     dbg_.-remote.o
 0002:00002cee       ??_C@_1GM@LPBCPABN@?$AAU?$AAP?$AAD?$AAA?$AAT?$AAE?$AA?5?$AAP?$AAA?$AAT?$AAH?$AA?5?$AA1?$AA?5?$AAT?$AAO?$AA?5?$AA?$CF?$AAl?$AAl?$AAd?$AA?5?$AA?$FL?$AAd?$AAi?$AAs?$AAt?$AAa?$AAn?$AAc?$AAe?$AA?$DN@ 0000000140013cee     dbg_.-remote.o
 0002:00002d5a       ??_C@_1GM@FBBGBBEM@?$AAU?$AAP?$AAD?$AAA?$AAT?$AAE?$AA?5?$AAP?$AAA?$AAT?$AAH?$AA?5?$AA2?$AA?5?$AAT?$AAO?$AA?5?$AA?$CF?$AAl?$AAl?$AAd?$AA?5?$AA?$FL?$AAd?$AAi?$AAs?$AAt?$AAa?$AAn?$AAc?$AAe?$AA?$DN@ 0000000140013d5a     dbg_.-remote.o
 0002:00002dc6       ??_C@_1HC@GFDBDKMJ@?$AAU?$AAP?$AAD?$AAA?$AAT?$AAE?$AA?5?$AAI?$AAD?$AA?5?$AAP?$AAA?$AAT?$AAH?$AA?5?$AA1?$AA?5?$AAT?$AAO?$AA?5?$AA?$CF?$AAl?$AAl?$AAd?$AA?5?$AA?$FL?$AAd?$AAi?$AAs?$AAt?$AAa?$AAn@ 0000000140013dc6     dbg_.-remote.o
 0002:00002e38       ??_C@_1HC@ILDFNLJI@?$AAU?$AAP?$AAD?$AAA?$AAT?$AAE?$AA?5?$AAI?$AAD?$AA?5?$AAP?$AAA?$AAT?$AAH?$AA?5?$AA2?$AA?5?$AAT?$AAO?$AA?5?$AA?$CF?$AAl?$AAl?$AAd?$AA?5?$AA?$FL?$AAd?$AAi?$AAs?$AAt?$AAa?$AAn@ 0000000140013e38     dbg_.-remote.o
 0002:00002eaa       ??_C@_1HC@IPIJLOJO@?$AAG?$AAe?$AAt?$AA?5?$AAr?$AAe?$AAm?$AAo?$AAt?$AAe?$AA?5?$AAs?$AAt?$AAa?$AAr?$AAt?$AA?5?$AAw?$AAo?$AAr?$AAk?$AAe?$AAr?$AA?5?$AA?$CF?$AAl?$AAl?$AAd?$AA?5?$AAf?$AAr?$AAo@ 0000000140013eaa     dbg_.-remote.o
 0002:00002f1c       ??_C@_1FC@CBJJGKKM@?$AAG?$AAE?$AAT?$AA?5?$AAH?$AAI?$AAV?$AAE?$AA?5?$AAS?$AAT?$AAA?$AAT?$AAE?$AA?3?$AA?5?$AA?$CF?$AAl?$AAl?$AAd?$AA?5?$AA?$CF?$AAl?$AAl?$AAd?$AA?5?$AA?$CF?$AAl?$AAl?$AAd?$AA?5?$AA?$FL@ 0000000140013f1c     dbg_.-remote.o
 0002:00002f6e       ??_C@_1CG@PIAFPEME@?$AAS?$AAe?$AAr?$AAv?$AAe?$AAr?$AA?5?$AAs?$AAt?$AAa?$AAr?$AAt?$AAe?$AAd?$AA?4?$AA?4?$AA?4?$AA?6?$AA?$AA@ 0000000140013f6e     dbg_.-remote.o
 0002:00002f94       ??_C@_1BI@HLOPLBKF@?$AAb?$AAi?$AAn?$AAd?$AAi?$AAn?$AAg?$AA?4?$AA?4?$AA?4?$AA?6?$AA?$AA@ 0000000140013f94     dbg_.-remote.o
 0002:00002fac       ??_C@_1CA@GONFBJEC@?$AAS?$AAo?$AAc?$AAk?$AAe?$AAt?$AA?5?$AAc?$AAr?$AAe?$AAa?$AAt?$AAe?$AAd?$AA?6?$AA?$AA@ 0000000140013fac     dbg_.-remote.o
 0002:00002fcc       ??_C@_1DK@EHAPFJND@?$AAs?$AAe?$AAr?$AAv?$AAe?$AAr?$AA?5?$AAs?$AAt?$AAa?$AAr?$AAt?$AAe?$AAd?$AA?5?$AAo?$AAn?$AA?5?$AAp?$AAo?$AAr?$AAt?$AA?5?$AA?$CF?$AAl?$AAl?$AAd?$AA?6?$AA?$AA@ 0000000140013fcc     dbg_.-remote.o
 0002:00003006       ??_C@_1CM@OOKLEHNG@?$AAg?$AAe?$AAt?$AA?5?$AAn?$AAa?$AAm?$AAe?$AA?5?$AAf?$AAa?$AAi?$AAl?$AAe?$AAd?$AA?5?$AA?$CF?$AAl?$AAl?$AAd?$AA?6?$AA?$AA@ 0000000140014006     dbg_.-remote.o
 0002:00003032       ??_C@_1CG@NGNGJBNB@?$AAE?$AAr?$AAr?$AAo?$AAr?$AA?5?$AAh?$AAa?$AAp?$AAp?$AAe?$AAn?$AA?5?$AA?$CF?$AAl?$AAl?$AAd?$AA?6?$AA?$AA@ 0000000140014032     dbg_.-remote.o
 0002:00003058       ??_C@_1FA@MICONLJJ@?$AAE?$AAr?$AAr?$AAo?$AAr?$AA?3?$AA?5?$AAf?$AAa?$AAi?$AAl?$AAe?$AAd?$AA?5?$AAt?$AAo?$AA?5?$AAa?$AAl?$AAl?$AAo?$AAc?$AAa?$AAt?$AAe?$AA?5?$AAm?$AAe?$AAm?$AAo?$AAr?$AAy@ 0000000140014058     dbg_.-runtime_lib.o
 0002:000030a8       ??_C@_1FE@CPMEHOGL@?$AAE?$AAr?$AAr?$AAo?$AAr?$AA?3?$AA?5?$AAf?$AAa?$AAi?$AAl?$AAe?$AAd?$AA?5?$AAt?$AAo?$AA?5?$AAr?$AAe?$AAa?$AAl?$AAl?$AAo?$AAc?$AAa?$AAt?$AAe?$AA?5?$AAm?$AAe?$AAm?$AAo@ 00000001400140a8     dbg_.-runtime_lib.o
 0002:000030fc       ??_C@_1EI@DJFGOBAG@?$AAE?$AAr?$AAr?$AAo?$AAr?$AA?3?$AA?5?$AAf?$AAa?$AAi?$AAl?$AAe?$AAd?$AA?5?$AAt?$AAo?$AA?5?$AAf?$AAr?$AAe?$AAe?$AA?5?$AAm?$AAe?$AAm?$AAo?$AAr?$AAy?$AA?3?$AA?5?$AA?$CF?$AAl@ 00000001400140fc     dbg_.-runtime_lib.o
 0002:00003144       ??_C@_1CM@EJGKJCED@?$AAA?$AAs?$AAs?$AAe?$AAr?$AAt?$AAi?$AAo?$AAn?$AA?5?$AAf?$AAa?$AAi?$AAl?$AAe?$AAd?$AA?3?$AA?5?$AA?$CF?$AAs?$AA?6?$AA?$AA@ 0000000140014144     dbg_.-runtime_lib.o
 0002:00003170       ??_C@_1EI@GJCCEHA@?$AAF?$AAi?$AAl?$AAe?$AA?3?$AA?5?$AA?$CF?$AAs?$AA?0?$AA?5?$AAL?$AAi?$AAn?$AAe?$AA?3?$AA?5?$AA?$CF?$AAl?$AAl?$AAd?$AA?0?$AA?5?$AAF?$AAu?$AAn?$AAc?$AAt?$AAi?$AAo?$AAn?$AA?3?$AA?5@ 0000000140014170     dbg_.-runtime_lib.o
 0002:000033a4       ??_C@_1GE@NIGCAFOK@?$AAE?$AAr?$AAr?$AAo?$AAr?$AA?3?$AA?5?$AAg?$AAp?$AAu?$AA?5?$AAw?$AAo?$AAr?$AAk?$AAe?$AAr?$AA?5?$AAd?$AAo?$AAe?$AAn?$AA?8?$AAt?$AA?5?$AAs?$AAu?$AAp?$AAp?$AAo?$AAr?$AAt@ 00000001400143a4     dbg_.-runtime.o
 0002:00003408       ??_C@_1DO@CBJEPNAO@?$AAP?$AAr?$AAo?$AAm?$AAi?$AAs?$AAe?$AA?$CI?$AAs?$AAe?$AAt?$AA?$DN?$AA?$CF?$AA0?$AA2?$AAx?$AA?0?$AA?5?$AAf?$AAi?$AAr?$AAs?$AAt?$AA4?$AAb?$AAy?$AAt?$AAe?$AAs?$AA?$DN?$AA?$AA@ 0000000140014408     dbg_.-runtime.o
 0002:00003446       ??_C@_15BCDOKMG@?$AA?$CJ?$AA?6?$AA?$AA@ 0000000140014446     dbg_.-runtime.o
 0002:0000344c       ??_C@_1EO@JIHFKLGM@?$AAA?$AAr?$AAr?$AAa?$AAy?$AA?$CI?$AAl?$AAe?$AAn?$AAg?$AAt?$AAh?$AA?$DN?$AA?$CF?$AAl?$AAl?$AAd?$AA?0?$AA?5?$AAe?$AAl?$AAe?$AAm?$AAe?$AAn?$AAt?$AA_?$AAs?$AAi?$AAz?$AAe?$AA?$DN@ 000000014001444c     dbg_.-runtime.o
 0002:0000349a       ??_C@_15IPOKAMGA@?$AA?$HL?$AA?5?$AA?$AA@ 000000014001449a     dbg_.-runtime.o
 0002:000034a0       ??_C@_13EHOOFIKC@?$AA?$HN?$AA?$AA@ 00000001400144a0     dbg_.-runtime.o
 0002:000034a4       ??_C@_15JOGBDECP@?$AA?0?$AA?5?$AA?$AA@ 00000001400144a4     dbg_.-runtime.o
 0002:000034aa       ??_C@_1CG@OGLIMIIK@?$AAC?$AAl?$AAa?$AAs?$AAs?$AA?$CI?$AAf?$AAi?$AAr?$AAs?$AAt?$AA4?$AAb?$AAy?$AAt?$AAe?$AAs?$AA?$DN?$AA?$AA@ 00000001400144aa     dbg_.-runtime.o
 0002:000034d0       ??_C@_1DM@HBMDBMCD@?$AAO?$AAb?$AAj?$AAe?$AAc?$AAt?$AA?5?$AAo?$AAf?$AA?5?$AAu?$AAn?$AAk?$AAn?$AAo?$AAw?$AAn?$AA?5?$AAt?$AAy?$AAp?$AAe?$AA?3?$AA?5?$AA?$CF?$AA0?$AA2?$AAx?$AA?6?$AA?$AA@ 00000001400144d0     dbg_.-runtime.o
 0002:0000350c       ??_C@_1FG@HBFKKPHD@?$AAW?$AAo?$AAr?$AAk?$AAe?$AAr?$AA?5?$AAa?$AAd?$AAd?$AA?5?$AAt?$AAo?$AA?5?$AAw?$AAa?$AAi?$AAt?$AA?5?$AAl?$AAi?$AAs?$AAt?$AA?5?$AA?$FL?$AAi?$AAd?$AA?$DN?$AA?$CF?$AAl?$AAl?$AAd@ 000000014001450c     dbg_.-runtime.o
 0002:00003562       ??_C@_1EI@FJBGIEMF@?$AAW?$AAo?$AAr?$AAk?$AAe?$AAr?$AA?5?$AAe?$AAn?$AAq?$AAu?$AAe?$AAu?$AAe?$AAd?$AA?5?$AA?$FL?$AAi?$AAd?$AA?$DN?$AA?$CF?$AAl?$AAl?$AAd?$AA?0?$AA?5?$AAd?$AAa?$AAt?$AAa?$AA?$DN?$AA?$CF@ 0000000140014562     dbg_.-runtime.o
 0002:000035aa       ??_C@_1CC@OGJGNONI@?$AAw?$AAa?$AAi?$AAt?$AA?5?$AAl?$AAi?$AAs?$AAt?$AA?3?$AA?5?$AA?$CF?$AAl?$AAl?$AAd?$AA?6?$AA?$AA@ 00000001400145aa     dbg_.-runtime.o
 0002:000035cc       ??_C@_1GM@IJHLNMBE@?$AAt?$AAh?$AAr?$AAe?$AAa?$AAd?$AA?5?$AA?$CF?$AAl?$AAl?$AAd?$AA?3?$AA?5?$AA?5?$AAW?$AAa?$AAi?$AAt?$AA?$HM?$AAQ?$AAu?$AAe?$AAu?$AAe?$AAd?$AA?5?$AA?$CF?$AAl?$AAl?$AAd?$AA?$HM?$AA?$CF@ 00000001400145cc     dbg_.-runtime.o
 0002:00003638       ??_C@_1CO@BAHOKHFI@?$AA?6?$AAS?$AAh?$AAe?$AAd?$AAu?$AAl?$AAi?$AAn?$AAg?$AA?5?$AAn?$AAe?$AAw?$AA?5?$AAw?$AAo?$AAr?$AAk?$AAe?$AAr?$AA?6?$AA?$AA@ 0000000140014638     dbg_.-runtime.o
 0002:00003666       ??_C@_1II@BKKMGADK@?$AAC?$AAo?$AAn?$AAt?$AAi?$AAn?$AAu?$AAe?$AA?5?$AAw?$AAo?$AAr?$AAk?$AAe?$AAr?$AA?5?$AA?$CF?$AAl?$AAl?$AAd?$AA?5?$AAf?$AAr?$AAo?$AAm?$AA?5?$AAd?$AAa?$AAt?$AAa?$AA?$DN?$AA?$CF@ 0000000140014666     dbg_.-runtime.o
 0002:000036ee       ??_C@_1FE@PPKJADDP@?$AAW?$AAa?$AAn?$AAt?$AA?5?$AAr?$AAu?$AAn?$AA?5?$AAr?$AAe?$AAm?$AAo?$AAt?$AAe?$AA?0?$AA?5?$AAb?$AAu?$AAt?$AA?3?$AA?5?$AA?$CF?$AAl?$AAl?$AAd?$AA?5?$AA?$CF?$AAl?$AAl?$AAd?$AA?5@ 00000001400146ee     dbg_.-runtime.o
 0002:00003742       ??_C@_1GC@JGFAAALF@?$AAS?$AAt?$AAa?$AAr?$AAt?$AAi?$AAn?$AAg?$AA?5?$AAn?$AAe?$AAw?$AA?5?$AAl?$AAo?$AAc?$AAa?$AAl?$AA?5?$AAw?$AAo?$AAr?$AAk?$AAe?$AAr?$AA?5?$AA?$CF?$AAl?$AAl?$AAd?$AA?5?$AA?$FL@ 0000000140014742     dbg_.-runtime.o
 0002:000037a4       ??_C@_1EG@KLACJNPC@?$AAE?$AAr?$AAr?$AAo?$AAr?$AA?3?$AA?5?$AAt?$AAh?$AAi?$AAs?$AA?5?$AAi?$AAs?$AAn?$AA?8?$AAt?$AA?5?$AAh?$AAi?$AAv?$AAe?$AA?5?$AAe?$AAx?$AAe?$AAc?$AAu?$AAt?$AAa?$AAb?$AAl@ 00000001400147a4     dbg_.-runtime.o
 0002:000037ea       ??_C@_1GG@OIFEBPCL@?$AAE?$AAr?$AAr?$AAo?$AAr?$AA?3?$AA?5?$AAt?$AAh?$AAi?$AAs?$AA?5?$AAi?$AAs?$AA?5?$AAe?$AAx?$AAe?$AAc?$AAu?$AAt?$AAa?$AAb?$AAl?$AAe?$AA?5?$AAo?$AAf?$AA?5?$AAn?$AAo?$AAt@ 00000001400147ea     dbg_.-runtime.o
 0002:00003850       ??_C@_1DC@FFLNADD@?$AAE?$AAr?$AAr?$AAo?$AAr?$AA?3?$AA?5?$AAw?$AAi?$AAn?$AAa?$AAp?$AAi?$AA?5?$AAe?$AAr?$AAr?$AAo?$AAr?$AA?5?$AA?$CF?$AAl?$AAd?$AA?6?$AA?$AA@ 0000000140014850     dbg_.-runtime.o
 0002:00003882       ??_C@_1DE@BIGGJJBN@?$AAh?$AAe?$AAa?$AAd?$AAe?$AAr?$AA?5?$AA?$CF?$AAl?$AAl?$AAd?$AA?5?$AAo?$AAf?$AA?5?$AAs?$AAi?$AAz?$AAe?$AA?5?$AA?$CF?$AAl?$AAl?$AAd?$AA?6?$AA?$AA@ 0000000140014882     dbg_.-runtime.o
 0002:000038b6       ??_C@_1BK@JJBOCJJN@?$AAs?$AAe?$AAt?$AA?5?$AAt?$AAo?$AA?5?$AA?$CF?$AAl?$AAl?$AAd?$AA?5?$AA?$AA@ 00000001400148b6     dbg_.-runtime.o
 0002:000038d0       ??_C@_1JE@CPFCJBNI@?$AAE?$AAR?$AAR?$AAO?$AAR?$AA?3?$AA?5?$AAR?$AAu?$AAn?$AAt?$AAi?$AAm?$AAe?$AA?5?$AAe?$AAn?$AAd?$AAp?$AAo?$AAi?$AAn?$AAt?$AA?5?$AA?$CF?$AAl?$AAl?$AAd?$AA?5?$AAd?$AAo?$AAe@ 00000001400148d0     dbg_.-runtime.o
 0002:00003964       ??_C@_1BA@LPJEKMJJ@?$AAp?$AAt?$AAr?$AA?$DN?$AA?$CF?$AAp?$AA?6?$AA?$AA@ 0000000140014964     dbg_.-runtime.o
 0002:00003974       ??_C@_1IG@FGNNCHGH@?$AAw?$AAo?$AAr?$AAk?$AAe?$AAr?$AA?5?$AA?$CF?$AAl?$AAl?$AAd?$AA?5?$AAi?$AAs?$AA?5?$AAd?$AAl?$AAl?$AA?5?$AAc?$AAa?$AAl?$AAl?$AA?5?$AAo?$AAf?$AA?5?$AAl?$AAi?$AAb?$AAr?$AAa@ 0000000140014974     dbg_.-runtime.o
 0002:000039fa       ??_C@_1CG@BIKDCCPC@?$AAs?$AAt?$AAa?$AAc?$AAk?$AA?5?$AAu?$AAs?$AAa?$AAg?$AAe?$AA?3?$AA?5?$AA?$CF?$AAl?$AAl?$AAd?$AA?6?$AA?$AA@ 00000001400149fa     dbg_.-runtime.o
 0002:00003a20       ??_C@_1GK@IGPNAPLE@?$AAo?$AAu?$AAt?$AAp?$AAu?$AAt?$AA?5?$AAh?$AAa?$AAv?$AAe?$AA?5?$AAs?$AAi?$AAz?$AAe?$AA?5?$AA?$CF?$AAl?$AAl?$AAd?$AA?5?$AA?$FL?$AAa?$AAn?$AAd?$AA?5?$AAa?$AAr?$AAg?$AAs?$AA?5@ 0000000140014a20     dbg_.-runtime.o
 0002:00003a8a       ??_C@_1FE@ENHKIDEL@?$AAa?$AAr?$AAg?$AAu?$AAm?$AAe?$AAn?$AAt?$AA?5?$AA?$CF?$AAl?$AAl?$AAd?$AA?5?$AAh?$AAa?$AAv?$AAe?$AA?5?$AAs?$AAi?$AAz?$AAe?$AA?5?$AA?$CF?$AAl?$AAl?$AAd?$AA?5?$AA?$FL?$AAt?$AAy@ 0000000140014a8a     dbg_.-runtime.o
 0002:00003ade       ??_C@_1KM@JOOLBIFF@?$AAW?$AAo?$AAr?$AAk?$AAe?$AAr?$AA?5?$AA?$CF?$AAl?$AAl?$AAd?$AA?5?$AA?$FL?$AAx?$AA6?$AA4?$AA?$FN?$AA?5?$AAh?$AAa?$AAv?$AAe?$AA?5?$AAb?$AAe?$AAe?$AAn?$AA?5?$AAl?$AAo?$AAa?$AAd@ 0000000140014ade     dbg_.-runtime.o
 0002:00003b8a       ??_C@_1BM@EIGFADGI@?$AAR?$AAE?$AAA?$AAD?$AA?5?$AAS?$AAT?$AAR?$AAI?$AAN?$AAG?$AA?3?$AA?6?$AA?$AA@ 0000000140014b8a     dbg_.-runtime.o
 0002:00003ba6       ??_C@_1HI@GNCDLKLI@?$AAE?$AAr?$AAr?$AAo?$AAr?$AA?3?$AA?5?$AAr?$AAu?$AAn?$AAt?$AAi?$AAm?$AAe?$AA?5?$AAd?$AAo?$AAe?$AAs?$AAn?$AA?8?$AAt?$AA?5?$AAs?$AAu?$AAp?$AAp?$AAo?$AAr?$AAt?$AA?5?$AAs@ 0000000140014ba6     dbg_.-runtime.o
 0002:00003c1e       ??_C@_1CI@PHCDEMOE@?$AAb?$AAu?$AAi?$AAl?$AAd?$AAi?$AAn?$AAg?$AA?5?$AAk?$AAe?$AAr?$AAn?$AAe?$AAl?$AA?4?$AA?4?$AA?4?$AA?6?$AA?$AA@ 0000000140014c1e     dbg_.-runtime.o
 0002:00003c46       ??_C@_17MJEANDKP@?$AA?$CF?$AAs?$AA?6?$AA?$AA@ 0000000140014c46     dbg_.-runtime.o
 0002:00003c4e       ??_C@_04JNAIOECI@krnl?$AA@ 0000000140014c4e     dbg_.-runtime.o
 0002:00003c54       ??_C@_1DI@MMAOAOLJ@?$AAE?$AAr?$AAr?$AAo?$AAr?$AA?3?$AA?5?$AAk?$AAe?$AAr?$AAn?$AAe?$AAl?$AA?5?$AAb?$AAu?$AAi?$AAl?$AAd?$AA?5?$AAf?$AAa?$AAi?$AAl?$AAe?$AAd?$AA?6?$AA?$AA@ 0000000140014c54     dbg_.-runtime.o
 0002:00003c8c       ??_C@_1LG@BJCBGCLK@?$AAW?$AAo?$AAr?$AAk?$AAe?$AAr?$AA?5?$AA?$CF?$AAl?$AAl?$AAd?$AA?5?$AA?$FL?$AAG?$AAP?$AAU?$AA?$FN?$AA?5?$AAh?$AAa?$AAv?$AAe?$AA?5?$AAb?$AAe?$AAe?$AAn?$AA?5?$AAl?$AAo?$AAa?$AAd@ 0000000140014c8c     dbg_.-runtime.o
 0002:00003d42       ??_C@_1EC@HLLMLNEL@?$AAE?$AAr?$AAr?$AAo?$AAr?$AA?3?$AA?5?$AAu?$AAn?$AAk?$AAn?$AAo?$AAw?$AAn?$AA?5?$AAh?$AAe?$AAa?$AAd?$AAe?$AAr?$AA?5?$AAt?$AAy?$AAp?$AAe?$AA?5?$AA?$CF?$AAl?$AAl?$AAd?$AA?6@ 0000000140014d42     dbg_.-runtime.o
 0002:00003d84       ??_C@_1DI@MLNAPEIE@?$AAS?$AAh?$AAe?$AAd?$AAu?$AAl?$AAe?$AAr?$AAI?$AAn?$AAs?$AAt?$AAa?$AAn?$AAc?$AAe?$AA?5?$AAc?$AAo?$AAm?$AAp?$AAl?$AAe?$AAt?$AAe?$AAd?$AA?6?$AA?$AA@ 0000000140014d84     dbg_.-runtime.o
 0002:00003dbc       ??_C@_1CG@NNOPFBAI@?$AAp?$AAr?$AAo?$AAm?$AAi?$AAs?$AAe?$AA?5?$AAn?$AAo?$AAt?$AA?5?$AAf?$AAo?$AAu?$AAn?$AAd?$AA?6?$AA?$AA@ 0000000140014dbc     dbg_.-runtime.o
 0002:00003de2       ??_C@_1EK@KKIKLCHH@?$AAG?$AAp?$AAu?$AA?5?$AAs?$AAu?$AAs?$AAs?$AAy?$AAs?$AAt?$AAe?$AAm?$AA?5?$AAi?$AAn?$AAi?$AAt?$AAi?$AAa?$AAl?$AAi?$AAz?$AAa?$AAt?$AAi?$AAo?$AAn?$AA?5?$AAf?$AAa?$AAi@ 0000000140014de2     dbg_.-runtime.o
 0002:00003e2c       ??_C@_1CC@DEIAIPBB@?$AA?4?$AA?4?$AA?1?$AA?4?$AA?4?$AA?1?$AA?4?$AA?4?$AA?1?$AAr?$AAe?$AAs?$AA?4?$AAb?$AAi?$AAn?$AA?$AA@ 0000000140014e2c     dbg_.-runtime.o
 0002:00003e4e       ??_C@_1FC@OGJDIOEJ@?$AAE?$AAr?$AAr?$AAo?$AAr?$AA?3?$AA?5?$AAc?$AAa?$AAn?$AA?8?$AAt?$AA?5?$AAo?$AAp?$AAe?$AAn?$AA?5?$AA?4?$AA?4?$AA?1?$AA?4?$AA?4?$AA?1?$AA?4?$AA?4?$AA?1?$AAr?$AAe?$AAs?$AA?4?$AAb@ 0000000140014e4e     dbg_.-runtime.o
 0002:00003ea0       ??_C@_1DA@COAPAANM@?$AAE?$AAr?$AAr?$AAo?$AAr?$AA?3?$AA?5?$AAa?$AAt?$AA?5?$AAl?$AAo?$AAa?$AAd?$AAi?$AAn?$AAg?$AA?5?$AAf?$AAi?$AAl?$AAe?$AA?6?$AA?$AA@ 0000000140014ea0     dbg_.-runtime.o
 0002:00003ed0       ??_C@_1CE@CFOOJILH@?$AAN?$AAU?$AAM?$AA_?$AAT?$AAH?$AAR?$AAE?$AAA?$AAD?$AAS?$AA?$DN?$AA?$CF?$AAl?$AAl?$AAd?$AA?6?$AA?$AA@ 0000000140014ed0     dbg_.-runtime.o
 0002:00003ef4       ??_C@_1DM@FEOJJAHB@?$AAS?$AAt?$AAa?$AAr?$AAt?$AAi?$AAn?$AAg?$AA?5?$AAw?$AAi?$AAt?$AAh?$AAo?$AAu?$AAt?$AA?5?$AAa?$AAn?$AAy?$AA?5?$AAw?$AAo?$AAr?$AAk?$AAe?$AAr?$AAs?$AA?6?$AA?$AA@ 0000000140014ef4     dbg_.-runtime.o
 0002:00003f30       ??_C@_1CG@PNBFEFIC@?$AAR?$AAE?$AAA?$AAD?$AAI?$AAN?$AAG?$AA?5?$AAI?$AAN?$AAP?$AAU?$AAT?$AA?5?$AAA?$AAS?$AA?3?$AA?5?$AA?$AA@ 0000000140014f30     dbg_.-runtime.o
 0002:00003f56       ??_C@_1M@HLHACGAA@?$AA?$CF?$AAl?$AAl?$AAd?$AA?5?$AA?$AA@ 0000000140014f56     dbg_.-runtime.o
 0002:00003f62       ??_C@_1CM@PELCBDJ@?$AAE?$AAn?$AAt?$AAr?$AAy?$AA?5?$AAw?$AAo?$AAr?$AAk?$AAe?$AAr?$AA?5?$AAi?$AAd?$AA?$DN?$AA?$CF?$AAl?$AAl?$AAd?$AA?6?$AA?$AA@ 0000000140014f62     dbg_.-runtime.o
 0002:00003f8e       ??_C@_1DA@FBHJAJPI@?$AAr?$AAe?$AAs?$AAu?$AAl?$AAt?$AA?5?$AAp?$AAr?$AAo?$AAm?$AAi?$AAs?$AAe?$AA?5?$AA?$CF?$AAp?$AA?5?$AA?$CF?$AAl?$AAl?$AAd?$AA?6?$AA?$AA@ 0000000140014f8e     dbg_.-runtime.o
 0002:00003fbe       ??_C@_1BI@KEMCAKCM@?$AAR?$AAu?$AAn?$AAn?$AAi?$AAn?$AAg?$AA?4?$AA?4?$AA?4?$AA?6?$AA?$AA@ 0000000140014fbe     dbg_.-runtime.o
 0002:00003fd6       ??_C@_1DM@HCILGOPA@?$AAF?$AAa?$AAi?$AAl?$AAe?$AAd?$AA?5?$AAt?$AAo?$AA?5?$AAc?$AAr?$AAe?$AAa?$AAt?$AAe?$AA?5?$AAt?$AAh?$AAr?$AAe?$AAa?$AAd?$AA?5?$AA?$CF?$AAl?$AAl?$AAd?$AA?6?$AA?$AA@ 0000000140014fd6     dbg_.-runtime.o
 0002:00004012       ??_C@_1CE@FBEJGOMB@?$AAP?$AAr?$AAo?$AAg?$AAr?$AAa?$AAm?$AA?5?$AAf?$AAi?$AAn?$AAi?$AAs?$AAh?$AAe?$AAd?$AA?6?$AA?$AA@ 0000000140015012     dbg_.-runtime.o
 0002:00004036       ??_C@_1EK@FDFELEEK@?$AAR?$AAe?$AAs?$AAu?$AAl?$AAt?$AA?5?$AAp?$AAr?$AAo?$AAm?$AAi?$AAs?$AAe?$AA?5?$AAn?$AAo?$AAt?$AA?5?$AAf?$AAo?$AAu?$AAn?$AAd?$AA?5?$AAo?$AAn?$AA?5?$AAm?$AAa?$AAc?$AAh@ 0000000140015036     dbg_.-runtime.o
 0002:00004080       ??_C@_1DO@BFPIHEIA@?$AAP?$AAr?$AAo?$AAg?$AAr?$AAa?$AAm?$AA?5?$AAe?$AAx?$AAi?$AAt?$AAe?$AAd?$AA?5?$AAw?$AAi?$AAt?$AAh?$AA?5?$AAc?$AAo?$AAd?$AAe?$AA?5?$AA?$CF?$AAl?$AAl?$AAx?$AA?6?$AA?$AA@ 0000000140015080     dbg_.-runtime.o
 0002:000040be       ??_C@_1CK@DKIDNDNE@?$AAP?$AAr?$AAe?$AAs?$AAs?$AA?5?$AAC?$AAt?$AAr?$AAl?$AA?$CL?$AAC?$AA?5?$AAt?$AAo?$AA?5?$AAe?$AAn?$AAd?$AA?6?$AA?$AA@ 00000001400150be     dbg_.-runtime.o
 0002:000040e8       ??_C@_1GO@CEANDIOF@?$AAR?$AAe?$AAs?$AAu?$AAl?$AAt?$AA?5?$AAo?$AAf?$AA?5?$AAm?$AAa?$AAi?$AAn?$AA?5?$AAf?$AAu?$AAn?$AAc?$AAt?$AAi?$AAo?$AAn?$AA?5?$AAi?$AAs?$AAn?$AA?8?$AAt?$AA?5?$AAr?$AAe@ 00000001400150e8     dbg_.-runtime.o
 0002:00004158       RtlNtPathSeperatorString   0000000140015158     ws2_32:indef.obj
 0002:00004168       ??_C@_13FPGAJAPJ@?$AA?2@   0000000140015168     ws2_32:indef.obj
 0002:00004170       RtlDosPathSeperatorsString 0000000140015170     ws2_32:indef.obj
 0002:00004180       ??_C@_15MNCACJLI@?$AA?2?$AA?1@ 0000000140015180     ws2_32:indef.obj
 0002:00004188       RtlAlternateDosPathSeperatorString 0000000140015188     ws2_32:indef.obj
 0002:00004198       ??_C@_13CGOKJPIL@?$AA?1@   0000000140015198     ws2_32:indef.obj
 0002:0000419c       eui48_broadcast            000000014001519c     ws2_32:indef.obj
 0002:00004218       scopeid_unspecified        0000000140015218     ws2_32:indef.obj
 0002:0000421c       in4addr_any                000000014001521c     ws2_32:indef.obj
 0002:00004220       in4addr_loopback           0000000140015220     ws2_32:indef.obj
 0002:00004224       in4addr_broadcast          0000000140015224     ws2_32:indef.obj
 0002:00004228       in4addr_allnodesonlink     0000000140015228     ws2_32:indef.obj
 0002:0000422c       in4addr_allroutersonlink   000000014001522c     ws2_32:indef.obj
 0002:00004230       in4addr_alligmpv3routersonlink 0000000140015230     ws2_32:indef.obj
 0002:00004234       in4addr_allteredohostsonlink 0000000140015234     ws2_32:indef.obj
 0002:00004238       in4addr_linklocalprefix    0000000140015238     ws2_32:indef.obj
 0002:0000423c       in4addr_multicastprefix    000000014001523c     ws2_32:indef.obj
 0002:00004240       in6addr_any                0000000140015240     ws2_32:indef.obj
 0002:00004250       in6addr_loopback           0000000140015250     ws2_32:indef.obj
 0002:00004260       in6addr_allnodesonnode     0000000140015260     ws2_32:indef.obj
 0002:00004270       in6addr_allnodesonlink     0000000140015270     ws2_32:indef.obj
 0002:00004280       in6addr_allroutersonlink   0000000140015280     ws2_32:indef.obj
 0002:00004290       in6addr_allmldv2routersonlink 0000000140015290     ws2_32:indef.obj
 0002:000042a0       in6addr_teredoinitiallinklocaladdress 00000001400152a0     ws2_32:indef.obj
 0002:000042b0       in6addr_linklocalprefix    00000001400152b0     ws2_32:indef.obj
 0002:000042c0       in6addr_multicastprefix    00000001400152c0     ws2_32:indef.obj
 0002:000042d0       in6addr_solicitednodemulticastprefix 00000001400152d0     ws2_32:indef.obj
 0002:000042e0       in6addr_v4mappedprefix     00000001400152e0     ws2_32:indef.obj
 0002:000042f0       in6addr_6to4prefix         00000001400152f0     ws2_32:indef.obj
 0002:00004300       in6addr_teredoprefix       0000000140015300     ws2_32:indef.obj
 0002:00004310       in6addr_teredoprefix_old   0000000140015310     ws2_32:indef.obj
 0002:00004330       BUGCHECK_EFI_GUID          0000000140015330     ws2_32:indef.obj
 0002:00004688       __imp_CommandLineToArgvW   0000000140015688     shell32:SHELL32.dll
 0002:00004698       __imp_AcquireSRWLockExclusive 0000000140015698     kernel32:KERNEL32.dll
 0002:000046a0       __imp_AcquireSRWLockShared 00000001400156a0     kernel32:KERNEL32.dll
 0002:000046a8       __imp_CloseHandle          00000001400156a8     kernel32:KERNEL32.dll
 0002:000046b0       __imp_CreateFileW          00000001400156b0     kernel32:KERNEL32.dll
 0002:000046b8       __imp_CreateIoCompletionPort 00000001400156b8     kernel32:KERNEL32.dll
 0002:000046c0       __imp_CreateThread         00000001400156c0     kernel32:KERNEL32.dll
 0002:000046c8       __imp_ExitProcess          00000001400156c8     kernel32:KERNEL32.dll
 0002:000046d0       __imp_FormatMessageW       00000001400156d0     kernel32:KERNEL32.dll
 0002:000046d8       __imp_GetCommandLineW      00000001400156d8     kernel32:KERNEL32.dll
 0002:000046e0       __imp_GetConsoleMode       00000001400156e0     kernel32:KERNEL32.dll
 0002:000046e8       __imp_GetFileSizeEx        00000001400156e8     kernel32:KERNEL32.dll
 0002:000046f0       __imp_GetLastError         00000001400156f0     kernel32:KERNEL32.dll
 0002:000046f8       __imp_GetProcAddress       00000001400156f8     kernel32:KERNEL32.dll
 0002:00004700       __imp_GetProcessHeap       0000000140015700     kernel32:KERNEL32.dll
 0002:00004708       __imp_GetQueuedCompletionStatus 0000000140015708     kernel32:KERNEL32.dll
 0002:00004710       __imp_GetStdHandle         0000000140015710     kernel32:KERNEL32.dll
 0002:00004718       __imp_HeapAlloc            0000000140015718     kernel32:KERNEL32.dll
 0002:00004720       __imp_HeapFree             0000000140015720     kernel32:KERNEL32.dll
 0002:00004728       __imp_HeapReAlloc          0000000140015728     kernel32:KERNEL32.dll
 0002:00004730       __imp_LoadLibraryA         0000000140015730     kernel32:KERNEL32.dll
 0002:00004738       __imp_MultiByteToWideChar  0000000140015738     kernel32:KERNEL32.dll
 0002:00004740       __imp_QueryPerformanceCounter 0000000140015740     kernel32:KERNEL32.dll
 0002:00004748       __imp_QueryPerformanceFrequency 0000000140015748     kernel32:KERNEL32.dll
 0002:00004750       __imp_ReadConsoleW         0000000140015750     kernel32:KERNEL32.dll
 0002:00004758       __imp_ReadFile             0000000140015758     kernel32:KERNEL32.dll
 0002:00004760       __imp_ReleaseSRWLockExclusive 0000000140015760     kernel32:KERNEL32.dll
 0002:00004768       __imp_ReleaseSRWLockShared 0000000140015768     kernel32:KERNEL32.dll
 0002:00004770       __imp_Sleep                0000000140015770     kernel32:KERNEL32.dll
 0002:00004778       __imp_TlsAlloc             0000000140015778     kernel32:KERNEL32.dll
 0002:00004780       __imp_TlsFree              0000000140015780     kernel32:KERNEL32.dll
 0002:00004788       __imp_TlsGetValue          0000000140015788     kernel32:KERNEL32.dll
 0002:00004790       __imp_TlsSetValue          0000000140015790     kernel32:KERNEL32.dll
 0002:00004798       __imp_TryAcquireSRWLockExclusive 0000000140015798     kernel32:KERNEL32.dll
 0002:000047a0       __imp_VirtualAlloc         00000001400157a0     kernel32:KERNEL32.dll
 0002:000047a8       __imp_WaitForMultipleObjects 00000001400157a8     kernel32:KERNEL32.dll
 0002:000047b0       __imp_WriteConsoleW        00000001400157b0     kernel32:KERNEL32.dll
 0002:000047c0       __imp_BCryptGenRandom      00000001400157c0     bcrypt:bcrypt.dll
 0002:000047d0       __imp_WSAGetLastError      00000001400157d0     ws2_32:WS2_32.dll
 0002:000047d8       __imp_WSARecv              00000001400157d8     ws2_32:WS2_32.dll
 0002:000047e0       __imp_WSAStartup           00000001400157e0     ws2_32:WS2_32.dll
 0002:000047e8       __imp_accept               00000001400157e8     ws2_32:WS2_32.dll
 0002:000047f0       __imp_bind                 00000001400157f0     ws2_32:WS2_32.dll
 0002:000047f8       __imp_closesocket          00000001400157f8     ws2_32:WS2_32.dll
 0002:00004800       __imp_connect              0000000140015800     ws2_32:WS2_32.dll
 0002:00004808       __imp_freeaddrinfo         0000000140015808     ws2_32:WS2_32.dll
 0002:00004810       __imp_getaddrinfo          0000000140015810     ws2_32:WS2_32.dll
 0002:00004818       __imp_getpeername          0000000140015818     ws2_32:WS2_32.dll
 0002:00004820       __imp_getsockname          0000000140015820     ws2_32:WS2_32.dll
 0002:00004828       __imp_htons                0000000140015828     ws2_32:WS2_32.dll
 0002:00004830       __imp_inet_ntop            0000000140015830     ws2_32:WS2_32.dll
 0002:00004838       __imp_listen               0000000140015838     ws2_32:WS2_32.dll
 0002:00004840       __imp_ntohs                0000000140015840     ws2_32:WS2_32.dll
 0002:00004848       __imp_send                 0000000140015848     ws2_32:WS2_32.dll
 0002:00004850       __imp_setsockopt           0000000140015850     ws2_32:WS2_32.dll
 0002:00004858       __imp_socket               0000000140015858     ws2_32:WS2_32.dll
 0002:00004868       __imp_clBuildProgram       0000000140015868     OpenCL:OpenCL.dll
 0002:00004870       __imp_clCreateBuffer       0000000140015870     OpenCL:OpenCL.dll
 0002:00004878       __imp_clCreateCommandQueueWithProperties 0000000140015878     OpenCL:OpenCL.dll
 0002:00004880       __imp_clCreateContext      0000000140015880     OpenCL:OpenCL.dll
 0002:00004888       __imp_clCreateKernel       0000000140015888     OpenCL:OpenCL.dll
 0002:00004890       __imp_clCreateProgramWithSource 0000000140015890     OpenCL:OpenCL.dll
 0002:00004898       __imp_clEnqueueNDRangeKernel 0000000140015898     OpenCL:OpenCL.dll
 0002:000048a0       __imp_clEnqueueReadBuffer  00000001400158a0     OpenCL:OpenCL.dll
 0002:000048a8       __imp_clEnqueueWriteBuffer 00000001400158a8     OpenCL:OpenCL.dll
 0002:000048b0       __imp_clFinish             00000001400158b0     OpenCL:OpenCL.dll
 0002:000048b8       __imp_clGetDeviceIDs       00000001400158b8     OpenCL:OpenCL.dll
 0002:000048c0       __imp_clGetDeviceInfo      00000001400158c0     OpenCL:OpenCL.dll
 0002:000048c8       __imp_clGetKernelArgInfo   00000001400158c8     OpenCL:OpenCL.dll
 0002:000048d0       __imp_clGetPlatformIDs     00000001400158d0     OpenCL:OpenCL.dll
 0002:000048d8       __imp_clGetPlatformInfo    00000001400158d8     OpenCL:OpenCL.dll
 0002:000048e0       __imp_clGetProgramBuildInfo 00000001400158e0     OpenCL:OpenCL.dll
 0002:000048e8       __imp_clSetKernelArg       00000001400158e8     OpenCL:OpenCL.dll
 0003:00000000       server_port                0000000140016000     dbg_.-remote.o
 0003:00000008       thisServerId               0000000140016008     dbg_.-remote.o
 0003:00000010       Providers                  0000000140016010     dbg_.-runtime.o
 0003:00000058       AddressFamilyInformation   0000000140016058     ws2_32:indef.obj
 0003:00000080       connections_lock           0000000140016080     dbg_.-api.o
 0003:00000088       connections_len            0000000140016088     dbg_.-api.o
 0003:00000090       pages_lock                 0000000140016090     dbg_.-api.o
 0003:00000098       pages_len                  0000000140016098     dbg_.-api.o
 0003:000000a0       known_id_broadcasts        00000001400160a0     dbg_.-api.o
 0003:000000c0       known_page_broadcasts      00000001400160c0     dbg_.-api.o
 0003:000000e0       known_path_broadcasts      00000001400160e0     dbg_.-api.o
 0003:00000100       known_path_id_broadcasts   0000000140016100     dbg_.-api.o
 0003:00000120       local_objects              0000000140016120     dbg_.-api.o
 0003:00000140       known_objects              0000000140016140     dbg_.-api.o
 0003:00000160       query_requests             0000000140016160     dbg_.-api.o
 0003:00000180       push_requests              0000000140016180     dbg_.-api.o
 0003:000001a0       known_hives                00000001400161a0     dbg_.-api.o
 0003:000001c0       connections                00000001400161c0     dbg_.-api.o
 0003:000021c0       pages                      00000001400181c0     dbg_.-api.o
 0003:00002dc0       SL_best_platform           0000000140018dc0     dbg_.-gpu_subsystem.o
 0003:00002dc4       SL_best_platform_value     0000000140018dc4     dbg_.-gpu_subsystem.o
 0003:00002dc8       SL_platforms_len           0000000140018dc8     dbg_.-gpu_subsystem.o
 0003:00002dd0       SL_platforms               0000000140018dd0     dbg_.-gpu_subsystem.o
 0003:00002e50       SL_devices                 0000000140018e50     dbg_.-gpu_subsystem.o
 0003:00003250       SL_devices_len             0000000140019250     dbg_.-gpu_subsystem.o
 0003:00003290       SL_main_platform           0000000140019290     dbg_.-gpu_subsystem.o
 0003:00003298       SL_context                 0000000140019298     dbg_.-gpu_subsystem.o
 0003:000032a0       SL_queues                  00000001400192a0     dbg_.-gpu_subsystem.o
 0003:000036a0       SL_queues_len              00000001400196a0     dbg_.-gpu_subsystem.o
 0003:000036e0       queue                      00000001400196e0     dbg_.-queue.o
 0003:00003700       ServerIdGetLock            0000000140019700     dbg_.-remote.o
 0003:00003708       next_local_id              0000000140019708     dbg_.-remote.o
 0003:00003710       hIOCP                      0000000140019710     dbg_.-remote.o
 0003:00003f30       hHeap                      0000000140019f30     dbg_.-runtime_lib.o
 0003:00003f38       hInput                     0000000140019f38     dbg_.-runtime_lib.o
 0003:00003f40       buf                        0000000140019f40     dbg_.-runtime_lib.o
 0003:00004f40       hOutput                    000000014001af40     dbg_.-runtime_lib.o
 0003:00004f48       frequency                  000000014001af48     dbg_.-runtime_lib.o
 0003:00004f50       Workers                    000000014001af50     dbg_.-runtime.o
 0003:000058b0       wait_list_lock             000000014001b8b0     dbg_.-runtime.o
 0003:000058b8       wait_list_len              000000014001b8b8     dbg_.-runtime.o
 0003:000058c0       dwTlsIndex                 000000014001b8c0     dbg_.-runtime.o
 0003:000058d0       wait_list                  000000014001b8d0     dbg_.-runtime.o
 0003:000c8dd0       defined_arrays             00000001400dedd0     dbg_.-runtime.o
 0003:000c8dd8       ExPoolZeroingNativelySupported 00000001400dedd8     ws2_32:indef.obj

 entry point at         0001:0000e370

 Static symbols

 0001:00002980       GetKnownHiveHash           0000000140003980     dbg_.-api.o
 0001:00006880       p                          0000000140007880     dbg_.-queue.o
 0001:000092c0       Worker                     000000014000a2c0     dbg_.-remote.o
 0001:00009860       ConnectionListnerWorker    000000014000a860     dbg_.-remote.o
 0001:00009a80       PagesAllocator             000000014000aa80     dbg_.-remote.o
 0001:00009b50       StateSender                000000014000ab50     dbg_.-remote.o
 0001:00009b70       HandleApiCall              000000014000ab70     dbg_.-remote.o
 0001:0000ea20       .text                      000000014000fa20     asm_dbg.o
 0002:000041a8       IPSEC_AUTH_TRANSFORM_ID_HMAC_MD5_96 00000001400151a8     ws2_32:indef.obj
 0002:000041b0       IPSEC_AUTH_TRANSFORM_ID_HMAC_SHA_1_96 00000001400151b0     ws2_32:indef.obj
 0002:000041b8       IPSEC_AUTH_TRANSFORM_ID_HMAC_SHA_256_128 00000001400151b8     ws2_32:indef.obj
 0002:000041c0       IPSEC_AUTH_TRANSFORM_ID_GCM_AES_128 00000001400151c0     ws2_32:indef.obj
 0002:000041c8       IPSEC_AUTH_TRANSFORM_ID_GCM_AES_192 00000001400151c8     ws2_32:indef.obj
 0002:000041d0       IPSEC_AUTH_TRANSFORM_ID_GCM_AES_256 00000001400151d0     ws2_32:indef.obj
 0002:000041d8       IPSEC_CIPHER_TRANSFORM_ID_CBC_DES 00000001400151d8     ws2_32:indef.obj
 0002:000041e0       IPSEC_CIPHER_TRANSFORM_ID_CBC_3DES 00000001400151e0     ws2_32:indef.obj
 0002:000041e8       IPSEC_CIPHER_TRANSFORM_ID_AES_128 00000001400151e8     ws2_32:indef.obj
 0002:000041f0       IPSEC_CIPHER_TRANSFORM_ID_AES_192 00000001400151f0     ws2_32:indef.obj
 0002:000041f8       IPSEC_CIPHER_TRANSFORM_ID_AES_256 00000001400151f8     ws2_32:indef.obj
 0002:00004200       IPSEC_CIPHER_TRANSFORM_ID_GCM_AES_128 0000000140015200     ws2_32:indef.obj
 0002:00004208       IPSEC_CIPHER_TRANSFORM_ID_GCM_AES_192 0000000140015208     ws2_32:indef.obj
 0002:00004210       IPSEC_CIPHER_TRANSFORM_ID_GCM_AES_256 0000000140015210     ws2_32:indef.obj
 0002:00004320       BFE_GENERIC_MAPPING        0000000140015320     ws2_32:indef.obj
 0003:00003720       gai_strerrorW.buff         0000000140019720     dbg_.-remote.o
 0003:000c8dd9       WFP_TRACE_NULL_DATA        00000001400dedd9     ws2_32:indef.obj
 0004:00000000       .data                      00000001400df000     asm_dbg.o
