 d

 Timestamp is 6981b904 (Tue Feb  3 11:59:48 2026)

 Preferred load address is 0000000140000000

 Start         Length     Name                   Class
 0001:00000000 0000c6bdH .text                   CODE
 0002:00000000 00003a20H .rdata                  DATA
 0003:00000000 00000064H .data                   DATA
 0003:00000064 000dc5d6H .bss                    DATA
 0004:00000000 00000200H .data                   DATA

  Address         Publics by Value              Rva+Base               Lib:Object

 0001:00000000       gpuPauseWorker             0000000140001000     dbg_.-gpu-await_worker.o
 0001:000000b0       gpuUpdateWaitingWorker     00000001400010b0     dbg_.-gpu-await_worker.o
 0001:00000270       gpuCallObject              0000000140001270     dbg_.-gpu-call_object.o
 0001:00000340       gpuExecuteWorker           0000000140001340     dbg_.-gpu-execute_worker.o
 0001:000005b0       gpuNewObjectUsingPage      00000001400015b0     dbg_.-gpu-new_object.o
 0001:00000800       gpuNewObject               0000000140001800     dbg_.-gpu-new_object.o
 0001:00000900       gpuPushObject              0000000140001900     dbg_.-gpu-push_object.o
 0001:00000940       gpuPushPipe                0000000140001940     dbg_.-gpu-push_object.o
 0001:00000980       gpuQueryObject             0000000140001980     dbg_.-gpu-query_object.o
 0001:000009c0       gpuQueryPipe               00000001400019c0     dbg_.-gpu-query_object.o
 0001:00000a00       x64PauseWorker             0000000140001a00     dbg_.-x64-await_worker.o
 0001:00000ac0       x64UpdateWaitingWorker     0000000140001ac0     dbg_.-x64-await_worker.o
 0001:00000da0       x64CallObject              0000000140001da0     dbg_.-x64-call_object.o
 0001:00000e70       x64ExecuteWorker           0000000140001e70     dbg_.-x64-execute_worker.o
 0001:00000ec0       x64NewObjectUsingPage      0000000140001ec0     dbg_.-x64-new_object.o
 0001:00001330       x64NewObject               0000000140002330     dbg_.-x64-new_object.o
 0001:00001430       x64UpdateLocalPush         0000000140002430     dbg_.-x64-push_object.o
 0001:00001520       x64PushObject              0000000140002520     dbg_.-x64-push_object.o
 0001:000017a0       x64PushPipe                00000001400027a0     dbg_.-x64-push_object.o
 0001:000017e0       x64QueryLocalObject        00000001400027e0     dbg_.-x64-query_object.o
 0001:00001940       x64QueryObject             0000000140002940     dbg_.-x64-query_object.o
 0001:00001b50       x64QueryPipe               0000000140002b50     dbg_.-x64-query_object.o
 0001:00001b90       equal_bytes                0000000140002b90     dbg_.-api.o
 0001:00001c20       GetHashtableNoLock         0000000140002c20     dbg_.-api.o
 0001:00001d50       SetHashtableNoLock         0000000140002d50     dbg_.-api.o
 0001:00002050       GetHashtable               0000000140003050     dbg_.-api.o
 0001:000020b0       SetHashtable               00000001400030b0     dbg_.-api.o
 0001:00002100       InitInternalStructures     0000000140003100     dbg_.-api.o
 0001:00002440       anyCastProvider            0000000140003440     dbg_.-cast_provider.o
 0001:000024e0       init_gpu_subsystem         00000001400034e0     dbg_.-gpu_subsystem.o
 0001:00003f60       gpuBuildFromText           0000000140004f60     dbg_.-gpu_subsystem.o
 0001:00004240       gpuAlloc                   0000000140005240     dbg_.-gpu_subsystem.o
 0001:00004280       gpuRun                     0000000140005280     dbg_.-gpu_subsystem.o
 0001:00004330       gpuFinishQueuesOnPlatform  0000000140005330     dbg_.-gpu_subsystem.o
 0001:000043b0       gpuFinishQueue             00000001400053b0     dbg_.-gpu_subsystem.o
 0001:000043f0       StartInitialProcess        00000001400053f0     dbg_.-hive_entry.o
 0001:00004610       GetConnectionById          0000000140005610     dbg_.-remote.o
 0001:000046a0       DumpConnections            00000001400056a0     dbg_.-remote.o
 0001:000049f0       ConfirmPage                00000001400059f0     dbg_.-remote.o
 0001:00004a90       ConfirmID                  0000000140005a90     dbg_.-remote.o
 0001:00004ae0       HandleNewConnection        0000000140005ae0     dbg_.-remote.o
 0001:00004cc0       UpdateWaitingPush          0000000140005cc0     dbg_.-remote.o
 0001:00004f40       AnswerPushObject           0000000140005f40     dbg_.-remote.o
 0001:00005020       SendPageAllocationConfirm  0000000140006020     dbg_.-remote.o
 0001:000050b0       SendIDConfirm              00000001400060b0     dbg_.-remote.o
 0001:00005140       RedirectBroadcastQuery     0000000140006140     dbg_.-remote.o
 0001:000052c0       RedirectBroadcastIDQuery   00000001400062c0     dbg_.-remote.o
 0001:00005440       ConfirmConnection          0000000140006440     dbg_.-remote.o
 0001:000055f0       InitiateConnection         00000001400065f0     dbg_.-remote.o
 0001:00005960       RequestMemoryPage          0000000140006960     dbg_.-remote.o
 0001:00005a70       RequestServerId            0000000140006a70     dbg_.-remote.o
 0001:00005b80       AnswerQueryObject          0000000140006b80     dbg_.-remote.o
 0001:00005cc0       AnswerRequestObjectPath    0000000140006cc0     dbg_.-remote.o
 0001:00005e00       RequestObjectPathBroadcast 0000000140006e00     dbg_.-remote.o
 0001:00006020       AnswerRequestPathToID      0000000140007020     dbg_.-remote.o
 0001:00006160       RequestPathToIDBroadcast   0000000140007160     dbg_.-remote.o
 0001:00006380       RequestObjectGet           0000000140007380     dbg_.-remote.o
 0001:000064a0       RequestObjectSet           00000001400074a0     dbg_.-remote.o
 0001:000066a0       StartNewWorkerRemote       00000001400076a0     dbg_.-remote.o
 0001:000067d0       SendHiveState              00000001400077d0     dbg_.-remote.o
 0001:00006990       start_remote_subsystem     0000000140007990     dbg_.-remote.o
 0001:000092a0       gai_strerrorW              000000014000a2a0     dbg_.-remote.o
 0001:000092f0       memset                     000000014000a2f0     dbg_.-runtime_lib.o
 0001:00009350       memcpy                     000000014000a350     dbg_.-runtime_lib.o
 0001:000093c0       myMalloc                   000000014000a3c0     dbg_.-runtime_lib.o
 0001:00009410       myPrintf                   000000014000a410     dbg_.-runtime_lib.o
 0001:00009740       myRealloc                  000000014000a740     dbg_.-runtime_lib.o
 0001:000097a0       myFree                     000000014000a7a0     dbg_.-runtime_lib.o
 0001:000097e0       myAtoll                    000000014000a7e0     dbg_.-runtime_lib.o
 0001:00009920       get_char                   000000014000a920     dbg_.-runtime_lib.o
 0001:00009a00       myScanI64                  000000014000aa00     dbg_.-runtime_lib.o
 0001:00009a90       myScanS                    000000014000aa90     dbg_.-runtime_lib.o
 0001:00009b90       PrintI64                   000000014000ab90     dbg_.-runtime_lib.o
 0001:00009c60       PrintI64H                  000000014000ac60     dbg_.-runtime_lib.o
 0001:00009d00       Print2H                    000000014000ad00     dbg_.-runtime_lib.o
 0001:00009da0       assertion_failure          000000014000ada0     dbg_.-runtime_lib.o
 0001:00009df0       myAbs                      000000014000adf0     dbg_.-runtime_lib.o
 0001:00009e20       MicrosecondsToTicks        000000014000ae20     dbg_.-runtime_lib.o
 0001:00009e40       TicksToMicroseconds        000000014000ae40     dbg_.-runtime_lib.o
 0001:00009e60       GetTicks                   000000014000ae60     dbg_.-runtime_lib.o
 0001:00009e80       SheduleTimeoutFromNow      000000014000ae80     dbg_.-runtime_lib.o
 0001:00009ec0       init_lib                   000000014000aec0     dbg_.-runtime_lib.o
 0001:00009f10       RegisterObjectWithId       000000014000af10     dbg_.-runtime.o
 0001:00009f40       GetNewObjectId             000000014000af40     dbg_.-runtime.o
 0001:0000a030       universalPauseWorker       000000014000b030     dbg_.-runtime.o
 0001:0000a0c0       universalUpdateLocalPush   000000014000b0c0     dbg_.-runtime.o
 0001:0000a120       UpdateFromQueryResult      000000014000b120     dbg_.-runtime.o
 0001:0000a1a0       PrintObject                000000014000b1a0     dbg_.-runtime.o
 0001:0000a3a0       WaitListWorker             000000014000b3a0     dbg_.-runtime.o
 0001:0000a4a0       EnqueueWorkerFromWaitList  000000014000b4a0     dbg_.-runtime.o
 0001:0000a530       EnqueueWorker              000000014000b530     dbg_.-runtime.o
 0001:0000a5a0       UpdateWaitingWorkers       000000014000b5a0     dbg_.-runtime.o
 0001:0000a6d0       SheduleWorker              000000014000b6d0     dbg_.-runtime.o
 0001:0000a880       StartNewWorker             000000014000b880     dbg_.-runtime.o
 0001:0000abc0       LoadWorker                 000000014000bbc0     dbg_.-runtime.o
 0001:0000ba40       ShedulerInstance           000000014000ca40     dbg_.-runtime.o
 0001:0000bb40       entry                      000000014000cb40     dbg_.-runtime.o
 0001:0000c134       x64_fastPushObject         000000014000d134     asm_dbg.o
 0001:0000c1b0       x64_fastQueryObject        000000014000d1b0     asm_dbg.o
 0001:0000c22c       x64_fastNewObject          000000014000d22c     asm_dbg.o
 0001:0000c2a8       x64_fastCallObject         000000014000d2a8     asm_dbg.o
 0001:0000c324       x64_fastPushPipe           000000014000d324     asm_dbg.o
 0001:0000c3a0       x64_fastQueryPipe          000000014000d3a0     asm_dbg.o
 0001:0000c41c       gpu_fastNewObject          000000014000d41c     asm_dbg.o
 0001:0000c498       gpu_fastCallObject         000000014000d498     asm_dbg.o
 0001:0000c514       any_fastCastProvider       000000014000d514     asm_dbg.o
 0001:0000c590       x64AsmExecuteWorker        000000014000d590     asm_dbg.o
 0001:0000c5d7       setjmpUN                   000000014000d5d7     asm_dbg.o
 0001:0000c60a       longjmpUN                  000000014000d60a     asm_dbg.o
 0001:0000c633       DllCall                    000000014000d633     asm_dbg.o
 0001:0000c6c0       CommandLineToArgvW         000000014000d6c0     shell32:SHELL32.dll
 0001:0000c6d0       AcquireSRWLockExclusive    000000014000d6d0     kernel32:KERNEL32.dll
 0001:0000c6e0       AcquireSRWLockShared       000000014000d6e0     kernel32:KERNEL32.dll
 0001:0000c6f0       CloseHandle                000000014000d6f0     kernel32:KERNEL32.dll
 0001:0000c700       CreateFileW                000000014000d700     kernel32:KERNEL32.dll
 0001:0000c710       CreateIoCompletionPort     000000014000d710     kernel32:KERNEL32.dll
 0001:0000c720       CreateThread               000000014000d720     kernel32:KERNEL32.dll
 0001:0000c730       ExitProcess                000000014000d730     kernel32:KERNEL32.dll
 0001:0000c740       FormatMessageW             000000014000d740     kernel32:KERNEL32.dll
 0001:0000c750       GetCommandLineW            000000014000d750     kernel32:KERNEL32.dll
 0001:0000c760       GetConsoleMode             000000014000d760     kernel32:KERNEL32.dll
 0001:0000c770       GetFileSizeEx              000000014000d770     kernel32:KERNEL32.dll
 0001:0000c780       GetLastError               000000014000d780     kernel32:KERNEL32.dll
 0001:0000c790       GetProcAddress             000000014000d790     kernel32:KERNEL32.dll
 0001:0000c7a0       GetProcessHeap             000000014000d7a0     kernel32:KERNEL32.dll
 0001:0000c7b0       GetQueuedCompletionStatus  000000014000d7b0     kernel32:KERNEL32.dll
 0001:0000c7c0       GetStdHandle               000000014000d7c0     kernel32:KERNEL32.dll
 0001:0000c7d0       HeapAlloc                  000000014000d7d0     kernel32:KERNEL32.dll
 0001:0000c7e0       HeapFree                   000000014000d7e0     kernel32:KERNEL32.dll
 0001:0000c7f0       HeapReAlloc                000000014000d7f0     kernel32:KERNEL32.dll
 0001:0000c800       LoadLibraryA               000000014000d800     kernel32:KERNEL32.dll
 0001:0000c810       MultiByteToWideChar        000000014000d810     kernel32:KERNEL32.dll
 0001:0000c820       QueryPerformanceCounter    000000014000d820     kernel32:KERNEL32.dll
 0001:0000c830       QueryPerformanceFrequency  000000014000d830     kernel32:KERNEL32.dll
 0001:0000c840       ReadConsoleW               000000014000d840     kernel32:KERNEL32.dll
 0001:0000c850       ReadFile                   000000014000d850     kernel32:KERNEL32.dll
 0001:0000c860       ReleaseSRWLockExclusive    000000014000d860     kernel32:KERNEL32.dll
 0001:0000c870       ReleaseSRWLockShared       000000014000d870     kernel32:KERNEL32.dll
 0001:0000c880       Sleep                      000000014000d880     kernel32:KERNEL32.dll
 0001:0000c890       TlsAlloc                   000000014000d890     kernel32:KERNEL32.dll
 0001:0000c8a0       TlsFree                    000000014000d8a0     kernel32:KERNEL32.dll
 0001:0000c8b0       TlsGetValue                000000014000d8b0     kernel32:KERNEL32.dll
 0001:0000c8c0       TlsSetValue                000000014000d8c0     kernel32:KERNEL32.dll
 0001:0000c8d0       TryAcquireSRWLockExclusive 000000014000d8d0     kernel32:KERNEL32.dll
 0001:0000c8e0       VirtualAlloc               000000014000d8e0     kernel32:KERNEL32.dll
 0001:0000c8f0       WaitForMultipleObjects     000000014000d8f0     kernel32:KERNEL32.dll
 0001:0000c900       WriteConsoleW              000000014000d900     kernel32:KERNEL32.dll
 0001:0000c910       BCryptGenRandom            000000014000d910     bcrypt:bcrypt.dll
 0001:0000c920       WSARecv                    000000014000d920     ws2_32:WS2_32.dll
 0001:0000c930       WSAStartup                 000000014000d930     ws2_32:WS2_32.dll
 0001:0000c940       accept                     000000014000d940     ws2_32:WS2_32.dll
 0001:0000c950       bind                       000000014000d950     ws2_32:WS2_32.dll
 0001:0000c960       closesocket                000000014000d960     ws2_32:WS2_32.dll
 0001:0000c970       connect                    000000014000d970     ws2_32:WS2_32.dll
 0001:0000c980       freeaddrinfo               000000014000d980     ws2_32:WS2_32.dll
 0001:0000c990       getaddrinfo                000000014000d990     ws2_32:WS2_32.dll
 0001:0000c9a0       getpeername                000000014000d9a0     ws2_32:WS2_32.dll
 0001:0000c9b0       getsockname                000000014000d9b0     ws2_32:WS2_32.dll
 0001:0000c9c0       htons                      000000014000d9c0     ws2_32:WS2_32.dll
 0001:0000c9d0       listen                     000000014000d9d0     ws2_32:WS2_32.dll
 0001:0000c9e0       ntohs                      000000014000d9e0     ws2_32:WS2_32.dll
 0001:0000c9f0       send                       000000014000d9f0     ws2_32:WS2_32.dll
 0001:0000ca00       setsockopt                 000000014000da00     ws2_32:WS2_32.dll
 0001:0000ca10       socket                     000000014000da10     ws2_32:WS2_32.dll
 0001:0000ca20       inet_ntop                  000000014000da20     ws2_32:WS2_32.dll
 0001:0000ca30       clBuildProgram             000000014000da30     OpenCL:OpenCL.dll
 0001:0000ca40       clCreateBuffer             000000014000da40     OpenCL:OpenCL.dll
 0001:0000ca50       clCreateCommandQueueWithProperties 000000014000da50     OpenCL:OpenCL.dll
 0001:0000ca60       clCreateContext            000000014000da60     OpenCL:OpenCL.dll
 0001:0000ca70       clCreateKernel             000000014000da70     OpenCL:OpenCL.dll
 0001:0000ca80       clCreateProgramWithSource  000000014000da80     OpenCL:OpenCL.dll
 0001:0000ca90       clEnqueueNDRangeKernel     000000014000da90     OpenCL:OpenCL.dll
 0001:0000caa0       clFinish                   000000014000daa0     OpenCL:OpenCL.dll
 0001:0000cab0       clGetDeviceIDs             000000014000dab0     OpenCL:OpenCL.dll
 0001:0000cac0       clGetDeviceInfo            000000014000dac0     OpenCL:OpenCL.dll
 0001:0000cad0       clGetPlatformIDs           000000014000dad0     OpenCL:OpenCL.dll
 0001:0000cae0       clGetPlatformInfo          000000014000dae0     OpenCL:OpenCL.dll
 0001:0000caf0       clGetProgramBuildInfo      000000014000daf0     OpenCL:OpenCL.dll
 0002:00000000       ??_C@_1DA@MJAKODGE@?$AAP?$AAa?$AAu?$AAs?$AAe?$AAd?$AA?5?$AAw?$AAo?$AAr?$AAk?$AAe?$AAr?$AA?5?$AAG?$AAP?$AAU?$AA?5?$AA?$CF?$AAl?$AAl?$AAd?$AA?6?$AA?$AA@ 000000014000e000     dbg_.-gpu-await_worker.o
 0002:00000030       ??_C@_1EG@IHOMNHMM@?$AAw?$AAa?$AAi?$AAt?$AAi?$AAn?$AAg?$AA?5?$AAf?$AAo?$AAr?$AA?5?$AAr?$AAe?$AAm?$AAo?$AAt?$AAe?$AA?5?$AAp?$AAu?$AAs?$AAh?$AA?5?$AA?$CF?$AAl?$AAl?$AAd?$AA?1?$AA?$CF?$AAl?$AAl@ 000000014000e030     dbg_.-gpu-await_worker.o
 0002:00000076       ??_C@_1EE@IAGMLELE@?$AAE?$AAR?$AAR?$AAO?$AAR?$AA?3?$AA?5?$AAw?$AAa?$AAi?$AAt?$AAi?$AAn?$AAg?$AA?5?$AAf?$AAo?$AAr?$AA?5?$AAp?$AAu?$AAs?$AAh?$AA?5?$AAt?$AAo?$AA?5?$AAl?$AAo?$AAc?$AAa?$AAl@ 000000014000e076     dbg_.-gpu-await_worker.o
 0002:000000ba       ??_C@_1FC@NMNADHLK@?$AAC?$AAa?$AAl?$AAl?$AAi?$AAn?$AAg?$AA?5?$AAw?$AAo?$AAr?$AAk?$AAe?$AAr?$AA?5?$AA?$CF?$AAl?$AAl?$AAd?$AA?5?$AA?$FL?$AAd?$AAa?$AAt?$AAa?$AA?$DN?$AA?$CF?$AAp?$AA?0?$AA?5?$AAm?$AAo@ 000000014000e0ba     dbg_.-gpu-call_object.o
 0002:0000010c       ??_C@_1BC@GMOKLPI@?$AAT?$AAa?$AAb?$AAl?$AAe?$AA?5?$AA?$DN?$AA?5?$AA?$AA@ 000000014000e10c     dbg_.-gpu-call_object.o
 0002:0000011e       ??_C@_1M@OMOAGDNC@?$AA?$CF?$AA0?$AA2?$AAx?$AA?5?$AA?$AA@ 000000014000e11e     dbg_.-gpu-call_object.o
 0002:0000012a       ??_C@_13LBAGMAIH@?$AA?6?$AA?$AA@ 000000014000e12a     dbg_.-gpu-call_object.o
 0002:0000012e       ??_C@_1CG@CCFDEFBF@?$AAR?$AAU?$AAN?$AA?5?$AAG?$AAP?$AAU?$AA?5?$AAw?$AAo?$AAr?$AAk?$AAe?$AAr?$AA?$DN?$AA?$CF?$AAp?$AA?6?$AA?$AA@ 000000014000e12e     dbg_.-gpu-execute_worker.o
 0002:00000168       ??_C@_1FM@LBBNKNII@?$AAE?$AAR?$AAR?$AAO?$AAR?$AA?3?$AA?5?$AAP?$AAi?$AAp?$AAe?$AAs?$AA?5?$AAa?$AAr?$AAe?$AA?5?$AAu?$AAn?$AAs?$AAu?$AAp?$AAp?$AAo?$AAr?$AAt?$AAe?$AAd?$AA?5?$AAo?$AAn?$AA?5@ 000000014000e168     dbg_.-gpu-new_object.o
 0002:000001c4       ??_C@_1GK@LJBKHIKD@?$AAA?$AAr?$AAr?$AAa?$AAy?$AA?5?$AAo?$AAf?$AA?5?$AA?$CF?$AAl?$AAl?$AAd?$AA?5?$AAb?$AAy?$AAt?$AAe?$AAs?$AA?0?$AA?5?$AAe?$AAl?$AAe?$AAm?$AAe?$AAn?$AAt?$AA?5?$AAo?$AAf?$AA?5@ 000000014000e1c4     dbg_.-gpu-new_object.o
 0002:0000022e       ??_C@_1BG@HIIBALHG@?$AA?$FL?$AAi?$AAd?$AA?$DN?$AA?$CF?$AAl?$AAl?$AAx?$AA?$FN?$AA?6?$AA?$AA@ 000000014000e22e     dbg_.-gpu-new_object.o
 0002:00000244       ??_C@_1EC@IBADEGPM@?$AAP?$AAr?$AAo?$AAm?$AAi?$AAs?$AAe?$AA?5?$AAf?$AAo?$AAr?$AA?5?$AAs?$AAi?$AAz?$AAe?$AA?5?$AA?$CF?$AAl?$AAl?$AAd?$AA?5?$AAa?$AAl?$AAl?$AAo?$AAc?$AAa?$AAt?$AAe?$AAd?$AA?6@ 000000014000e244     dbg_.-gpu-new_object.o
 0002:00000286       ??_C@_1DO@OEOJCPLG@?$AAC?$AAl?$AAa?$AAs?$AAs?$AA?5?$AAf?$AAo?$AAr?$AA?5?$AAs?$AAi?$AAz?$AAe?$AA?5?$AA?$CF?$AAl?$AAl?$AAd?$AA?5?$AAa?$AAl?$AAl?$AAo?$AAc?$AAa?$AAt?$AAe?$AAd?$AA?6?$AA?$AA@ 000000014000e286     dbg_.-gpu-new_object.o
 0002:000002c4       ??_C@_1GM@BNFAKJM@?$AAE?$AAR?$AAR?$AAO?$AAR?$AA?3?$AA?5?$AAP?$AAi?$AAp?$AAe?$AAs?$AA?5?$AAa?$AAr?$AAe?$AA?5?$AAu?$AAn?$AAs?$AAu?$AAp?$AAp?$AAo?$AAr?$AAt?$AAe?$AAd?$AA?5?$AAo?$AAn?$AA?5@ 000000014000e2c4     dbg_.-gpu-new_object.o
 0002:00000330       ??_C@_1DC@NBDPBMKB@?$AAW?$AAr?$AAo?$AAn?$AAg?$AA?5?$AAt?$AAy?$AAp?$AAe?$AA?5?$AAi?$AAn?$AA?5?$AAN?$AAe?$AAw?$AAO?$AAb?$AAj?$AAe?$AAc?$AAt?$AA?6?$AA?$AA@ 000000014000e330     dbg_.-gpu-new_object.o
 0002:00000362       ??_C@_1EG@FBJBJMFK@?$AAN?$AAO?$AAT?$AA?5?$AAS?$AAU?$AAP?$AAP?$AAO?$AAR?$AAT?$AAE?$AAD?$AA?3?$AA?5?$AAp?$AAu?$AAs?$AAh?$AA?5?$AAi?$AAn?$AA?5?$AAg?$AAp?$AAu?$AA?5?$AAo?$AAb?$AAj?$AAe?$AAc@ 000000014000e362     dbg_.-gpu-push_object.o
 0002:000003a8       ??_C@_1FE@GJLEMBH@?$AAN?$AAO?$AAT?$AA?5?$AAS?$AAU?$AAP?$AAP?$AAO?$AAR?$AAT?$AAE?$AAD?$AA?3?$AA?5?$AAp?$AAu?$AAs?$AAh?$AA?5?$AAi?$AAn?$AA?5?$AAg?$AAp?$AAu?$AA?5?$AAo?$AAb?$AAj?$AAe?$AAc@ 000000014000e3a8     dbg_.-gpu-push_object.o
 0002:000003fc       ??_C@_1EI@EPHKLIAN@?$AAN?$AAO?$AAT?$AA?5?$AAS?$AAU?$AAP?$AAP?$AAO?$AAR?$AAT?$AAE?$AAD?$AA?3?$AA?5?$AAq?$AAu?$AAe?$AAr?$AAy?$AA?5?$AAi?$AAn?$AA?5?$AAg?$AAp?$AAu?$AA?5?$AAo?$AAb?$AAj?$AAe@ 000000014000e3fc     dbg_.-gpu-query_object.o
 0002:00000444       ??_C@_1FG@PCBNEEAC@?$AAN?$AAO?$AAT?$AA?5?$AAS?$AAU?$AAP?$AAP?$AAO?$AAR?$AAT?$AAE?$AAD?$AA?3?$AA?5?$AAq?$AAu?$AAe?$AAr?$AAy?$AA?5?$AAi?$AAn?$AA?5?$AAg?$AAp?$AAu?$AA?5?$AAo?$AAb?$AAj?$AAe@ 000000014000e444     dbg_.-gpu-query_object.o
 0002:000004ac       ??_C@_1EC@FMMFNKHC@?$AAP?$AAa?$AAu?$AAs?$AAe?$AAd?$AA?5?$AAw?$AAo?$AAr?$AAk?$AAe?$AAr?$AA?5?$AA?$CF?$AAl?$AAl?$AAd?$AA?5?$AA?$FL?$AAc?$AAa?$AAu?$AAs?$AAe?$AA?5?$AA?$CF?$AAl?$AAl?$AAd?$AA?$FN?$AA?6@ 000000014000e4ac     dbg_.-x64-await_worker.o
 0002:000004ee       ??_C@_1FM@EDBHAENI@?$AAw?$AAa?$AAi?$AAt?$AAi?$AAn?$AAg?$AA?5?$AAf?$AAo?$AAr?$AA?5?$AAr?$AAe?$AAm?$AAo?$AAt?$AAe?$AA?5?$AAq?$AAu?$AAe?$AAr?$AAy?$AA?5?$AAo?$AAf?$AA?5?$AA?$CF?$AAl?$AAl?$AAd@ 000000014000e4ee     dbg_.-x64-await_worker.o
 0002:0000054a       ??_C@_1DA@GIGBBKL@?$AAw?$AAa?$AAi?$AAt?$AAi?$AAn?$AAg?$AA?5?$AAf?$AAo?$AAr?$AA?5?$AAl?$AAo?$AAc?$AAa?$AAl?$AA?5?$AA?$CF?$AAl?$AAl?$AAd?$AA?6?$AA?$AA@ 000000014000e54a     dbg_.-x64-await_worker.o
 0002:0000057a       ??_C@_1DO@IALLLPBG@?$AAN?$AAO?$AAT?$AA?5?$AAI?$AAM?$AAP?$AAL?$AAE?$AAM?$AAE?$AAN?$AAT?$AAE?$AAD?$AA?5?$AAW?$AAA?$AAI?$AAT?$AAI?$AAN?$AAG?$AA_?$AAT?$AAI?$AAM?$AAE?$AAR?$AA?6?$AA?$AA@ 000000014000e57a     dbg_.-x64-await_worker.o
 0002:000005b8       ??_C@_1BG@KNJPCEOH@?$AAw?$AAo?$AAr?$AAk?$AAe?$AAr?$AA?$DN?$AA?$CF?$AAp?$AA?6?$AA?$AA@ 000000014000e5b8     dbg_.-x64-execute_worker.o
 0002:000005e4       ??_C@_1DM@CKKHLHMJ@?$AAP?$AAi?$AAp?$AAe?$AA?5?$AAf?$AAo?$AAr?$AA?5?$AAs?$AAi?$AAz?$AAe?$AA?5?$AA?$CF?$AAl?$AAl?$AAd?$AA?5?$AAa?$AAl?$AAl?$AAo?$AAc?$AAa?$AAt?$AAe?$AAd?$AA?6?$AA?$AA@ 000000014000e5e4     dbg_.-x64-new_object.o
 0002:00000620       ??_C@_1EO@GECEJMLH@?$AAD?$AAe?$AAf?$AAi?$AAn?$AAe?$AAd?$AA?5?$AAa?$AAr?$AAr?$AAa?$AAy?$AA?5?$AAf?$AAo?$AAr?$AA?5?$AAs?$AAi?$AAz?$AAe?$AA?5?$AA?$CF?$AAl?$AAl?$AAd?$AA?5?$AAa?$AAl?$AAl?$AAo@ 000000014000e620     dbg_.-x64-new_object.o
 0002:0000066e       ??_C@_1M@FHJLFHFE@?$AA?5?$AA?$CF?$AA0?$AA2?$AAx?$AA?$AA@ 000000014000e66e     dbg_.-x64-new_object.o
 0002:0000069c       ??_C@_1CG@JJBKNCBO@?$AAp?$AAu?$AAs?$AAh?$AA?5?$AAt?$AAo?$AA?5?$AAo?$AAb?$AAj?$AAe?$AAc?$AAt?$AA?5?$AA?$CF?$AAp?$AA?6?$AA?$AA@ 000000014000e69c     dbg_.-x64-push_object.o
 0002:000006c2       ??_C@_1CG@FCDGDINM@?$AAp?$AAu?$AAs?$AAh?$AA?5?$AAt?$AAo?$AA?5?$AAp?$AAi?$AAp?$AAe?$AA?5?$AA?$CF?$AAl?$AAl?$AAd?$AA?6?$AA?$AA@ 000000014000e6c2     dbg_.-x64-push_object.o
 0002:000006e8       ??_C@_1CG@NFAKFIFJ@?$AAQ?$AAu?$AAe?$AAr?$AAy?$AA?5?$AAo?$AAb?$AAj?$AAe?$AAc?$AAt?$AA?5?$AA?$CF?$AAl?$AAl?$AAd?$AA?6?$AA?$AA@ 000000014000e6e8     dbg_.-x64-query_object.o
 0002:0000070e       ??_C@_1CM@JHEDMDLC@?$AAq?$AAu?$AAe?$AAr?$AAy?$AA?5?$AAf?$AAr?$AAo?$AAm?$AA?5?$AAp?$AAi?$AAp?$AAe?$AA?5?$AA?$CF?$AAl?$AAl?$AAd?$AA?6?$AA?$AA@ 000000014000e70e     dbg_.-x64-query_object.o
 0002:0000073a       ??_C@_1EC@IPADNJOO@?$AAc?$AAo?$AAn?$AAv?$AAe?$AAr?$AAt?$AA?5?$AA?$CF?$AAp?$AA?5?$AA?$FL?$AAt?$AAy?$AAp?$AAe?$AAs?$AA?5?$AA?$CF?$AAl?$AAl?$AAd?$AA?5?$AA?9?$AA?$DO?$AA?5?$AA?$CF?$AAl?$AAl?$AAd?$AA?$FN?$AA?6@ 000000014000e73a     dbg_.-cast_provider.o
 0002:0000077c       ??_C@_1IA@HIJJNPCH@?$AAE?$AAR?$AAR?$AAO?$AAR?$AA?3?$AA?5?$AAn?$AAo?$AAt?$AA?5?$AAs?$AAu?$AAp?$AAp?$AAo?$AAr?$AAt?$AAe?$AAd?$AA?5?$AAc?$AAo?$AAn?$AAv?$AAe?$AAr?$AAs?$AAi?$AAo?$AAn?$AA?5@ 000000014000e77c     dbg_.-cast_provider.o
 0002:000007fc       ??_C@_1DK@FINICEEJ@?$AAG?$AAo?$AAt?$AA?5?$AAa?$AAt?$AA?5?$AAl?$AAe?$AAa?$AAs?$AAt?$AA?5?$AA?$CF?$AAl?$AAl?$AAd?$AA?5?$AAp?$AAl?$AAa?$AAt?$AAf?$AAo?$AAr?$AAm?$AAs?$AA?6?$AA?$AA@ 000000014000e7fc     dbg_.-gpu_subsystem.o
 0002:00000836       ??_C@_1CA@OOAPHHDP@?$AAP?$AAl?$AAa?$AAt?$AAf?$AAo?$AAr?$AAm?$AA?5?$AA?$CF?$AAl?$AAl?$AAd?$AA?3?$AA?6?$AA?$AA@ 000000014000e836     dbg_.-gpu_subsystem.o
 0002:00000856       ??_C@_1DK@CFKCPDLH@?$AA?7?$AA?$CF?$AAl?$AAl?$AAd?$AA?4?$AAN?$AAa?$AAm?$AAe?$AA?5?$AA?5?$AA?5?$AA?5?$AA?5?$AA?5?$AA?5?$AA?5?$AA?5?$AA?5?$AA?5?$AA?5?$AA?5?$AA?3?$AA?5?$AA?$CF?$AAs?$AA?6?$AA?$AA@ 000000014000e856     dbg_.-gpu_subsystem.o
 0002:00000890       ??_C@_1DK@PKNJPDCN@?$AA?7?$AA?$CF?$AAl?$AAl?$AAd?$AA?4?$AAV?$AAe?$AAn?$AAd?$AAo?$AAr?$AA?5?$AA?5?$AA?5?$AA?5?$AA?5?$AA?5?$AA?5?$AA?5?$AA?5?$AA?5?$AA?5?$AA?3?$AA?5?$AA?$CF?$AAs?$AA?6?$AA?$AA@ 000000014000e890     dbg_.-gpu_subsystem.o
 0002:000008ca       ??_C@_1DK@BCHMBHFB@?$AA?7?$AA?$CF?$AAl?$AAl?$AAd?$AA?4?$AAV?$AAe?$AAr?$AAs?$AAi?$AAo?$AAn?$AA?5?$AA?5?$AA?5?$AA?5?$AA?5?$AA?5?$AA?5?$AA?5?$AA?5?$AA?5?$AA?3?$AA?5?$AA?$CF?$AAs?$AA?6?$AA?$AA@ 000000014000e8ca     dbg_.-gpu_subsystem.o
 0002:00000904       ??_C@_1DK@PPLGHIMI@?$AA?7?$AA?$CF?$AAl?$AAl?$AAd?$AA?4?$AAP?$AAr?$AAo?$AAf?$AAi?$AAl?$AAe?$AA?5?$AA?5?$AA?5?$AA?5?$AA?5?$AA?5?$AA?5?$AA?5?$AA?5?$AA?5?$AA?3?$AA?5?$AA?$CF?$AAs?$AA?6?$AA?$AA@ 000000014000e904     dbg_.-gpu_subsystem.o
 0002:0000093e       ??_C@_1DK@KGLDJAGB@?$AA?7?$AA?$CF?$AAl?$AAl?$AAd?$AA?4?$AAE?$AAx?$AAt?$AAe?$AAn?$AAs?$AAi?$AAo?$AAn?$AAs?$AA?5?$AA?5?$AA?5?$AA?5?$AA?5?$AA?5?$AA?5?$AA?3?$AA?5?$AA?$CF?$AAs?$AA?6?$AA?$AA@ 000000014000e93e     dbg_.-gpu_subsystem.o
 0002:00000978       ??_C@_1DO@JAHGICMH@?$AA?7?$AA?$CF?$AAl?$AAl?$AAd?$AA?4?$AAT?$AAi?$AAm?$AAe?$AAr?$AA?5?$AAR?$AAe?$AAs?$AAo?$AAl?$AAu?$AAt?$AAi?$AAo?$AAn?$AA?5?$AA?3?$AA?5?$AA?$CF?$AAl?$AAl?$AAd?$AA?6?$AA?$AA@ 000000014000e978     dbg_.-gpu_subsystem.o
 0002:000009b6       ??_C@_1FE@GFHOHNKH@?$AAp?$AAl?$AAa?$AAt?$AAf?$AAo?$AAr?$AAm?$AA?5?$AA?$CF?$AAl?$AAl?$AAd?$AA?3?$AA?5?$AAG?$AAo?$AAt?$AA?5?$AAa?$AAt?$AA?5?$AAl?$AAe?$AAa?$AAs?$AAt?$AA?5?$AA?$CF?$AAl?$AAl?$AAd@ 000000014000e9b6     dbg_.-gpu_subsystem.o
 0002:00000a0a       ??_C@_1BM@MMFNNAKO@?$AAD?$AAe?$AAv?$AAi?$AAc?$AAe?$AA?5?$AA?$CF?$AAl?$AAl?$AAd?$AA?3?$AA?6?$AA?$AA@ 000000014000ea0a     dbg_.-gpu_subsystem.o
 0002:00000a26       ??_C@_1FG@GKDLJBIA@?$AA?7?$AA?$CF?$AAl?$AAl?$AAd?$AA?4?$AA?$CF?$AAl?$AAl?$AAd?$AA?4?$AAN?$AAa?$AAm?$AAe?$AA?5?$AA?5?$AA?5?$AA?5?$AA?5?$AA?5?$AA?5?$AA?5?$AA?5?$AA?5?$AA?5?$AA?5?$AA?5?$AA?5?$AA?5?$AA?5?$AA?5@ 000000014000ea26     dbg_.-gpu_subsystem.o
 0002:00000a7c       ??_C@_1FK@JCGLFMHC@?$AA?7?$AA?$CF?$AAl?$AAl?$AAd?$AA?4?$AA?$CF?$AAl?$AAl?$AAd?$AA?4?$AAA?$AAv?$AAa?$AAi?$AAl?$AAa?$AAb?$AAl?$AAe?$AA?5?$AA?5?$AA?5?$AA?5?$AA?5?$AA?5?$AA?5?$AA?5?$AA?5?$AA?5?$AA?5?$AA?5@ 000000014000ea7c     dbg_.-gpu_subsystem.o
 0002:00000ad6       ??_C@_1FK@PNFJMFNM@?$AA?7?$AA?$CF?$AAl?$AAl?$AAd?$AA?4?$AA?$CF?$AAl?$AAl?$AAd?$AA?4?$AAT?$AAy?$AAp?$AAe?$AA?5?$AA?5?$AA?5?$AA?5?$AA?5?$AA?5?$AA?5?$AA?5?$AA?5?$AA?5?$AA?5?$AA?5?$AA?5?$AA?5?$AA?5?$AA?5?$AA?5@ 000000014000ead6     dbg_.-gpu_subsystem.o
 0002:00000b30       ??_C@_1FG@OJFNKBCG@?$AA?7?$AA?$CF?$AAl?$AAl?$AAd?$AA?4?$AA?$CF?$AAl?$AAl?$AAd?$AA?4?$AAV?$AAe?$AAn?$AAd?$AAo?$AAr?$AA?5?$AA?5?$AA?5?$AA?5?$AA?5?$AA?5?$AA?5?$AA?5?$AA?5?$AA?5?$AA?5?$AA?5?$AA?5?$AA?5?$AA?5@ 000000014000eb30     dbg_.-gpu_subsystem.o
 0002:00000b86       ??_C@_1FG@LICMMOCB@?$AA?7?$AA?$CF?$AAl?$AAl?$AAd?$AA?4?$AA?$CF?$AAl?$AAl?$AAd?$AA?4?$AAD?$AAr?$AAi?$AAv?$AAe?$AAr?$AA?5?$AAV?$AAe?$AAr?$AAs?$AAi?$AAo?$AAn?$AA?5?$AA?5?$AA?5?$AA?5?$AA?5?$AA?5?$AA?5@ 000000014000eb86     dbg_.-gpu_subsystem.o
 0002:00000bdc       ??_C@_1FG@GEMKEAJB@?$AA?7?$AA?$CF?$AAl?$AAl?$AAd?$AA?4?$AA?$CF?$AAl?$AAl?$AAd?$AA?4?$AAD?$AAe?$AAv?$AAi?$AAc?$AAe?$AA?5?$AAV?$AAe?$AAr?$AAs?$AAi?$AAo?$AAn?$AA?5?$AA?5?$AA?5?$AA?5?$AA?5?$AA?5?$AA?5@ 000000014000ebdc     dbg_.-gpu_subsystem.o
 0002:00000c32       ??_C@_1FG@MPCNGFNE@?$AA?7?$AA?$CF?$AAl?$AAl?$AAd?$AA?4?$AA?$CF?$AAl?$AAl?$AAd?$AA?4?$AAP?$AAr?$AAo?$AAf?$AAi?$AAl?$AAe?$AA?5?$AA?5?$AA?5?$AA?5?$AA?5?$AA?5?$AA?5?$AA?5?$AA?5?$AA?5?$AA?5?$AA?5?$AA?5?$AA?5@ 000000014000ec32     dbg_.-gpu_subsystem.o
 0002:00000c88       ??_C@_1FG@GJMINOLL@?$AA?7?$AA?$CF?$AAl?$AAl?$AAd?$AA?4?$AA?$CF?$AAl?$AAl?$AAd?$AA?4?$AAE?$AAx?$AAt?$AAe?$AAn?$AAs?$AAi?$AAo?$AAn?$AAs?$AA?5?$AA?5?$AA?5?$AA?5?$AA?5?$AA?5?$AA?5?$AA?5?$AA?5?$AA?5?$AA?5@ 000000014000ec88     dbg_.-gpu_subsystem.o
 0002:00000cde       ??_C@_1FK@BCBOCKMH@?$AA?7?$AA?$CF?$AAl?$AAl?$AAd?$AA?4?$AA?$CF?$AAl?$AAl?$AAd?$AA?4?$AAM?$AAa?$AAx?$AA?5?$AAC?$AAo?$AAm?$AAp?$AAu?$AAt?$AAe?$AA?5?$AAU?$AAn?$AAi?$AAt?$AAs?$AA?5?$AA?5?$AA?5?$AA?5@ 000000014000ecde     dbg_.-gpu_subsystem.o
 0002:00000d38       ??_C@_1FK@CDNMPDMF@?$AA?7?$AA?$CF?$AAl?$AAl?$AAd?$AA?4?$AA?$CF?$AAl?$AAl?$AAd?$AA?4?$AAM?$AAa?$AAx?$AA?5?$AAI?$AAt?$AAe?$AAm?$AA?5?$AAD?$AAi?$AAm?$AAe?$AAn?$AAs?$AAi?$AAo?$AAn?$AAs?$AA?5?$AA?5@ 000000014000ed38     dbg_.-gpu_subsystem.o
 0002:00000d92       ??_C@_1FK@OENFOEPH@?$AA?7?$AA?$CF?$AAl?$AAl?$AAd?$AA?4?$AA?$CF?$AAl?$AAl?$AAd?$AA?4?$AAM?$AAa?$AAx?$AA?5?$AAG?$AAr?$AAo?$AAu?$AAp?$AA?5?$AAS?$AAi?$AAz?$AAe?$AA?5?$AA?5?$AA?5?$AA?5?$AA?5?$AA?5?$AA?5@ 000000014000ed92     dbg_.-gpu_subsystem.o
 0002:00000dec       ??_C@_1GA@CNBAHIEF@?$AA?7?$AA?7?$AA?$CF?$AAl?$AAl?$AAd?$AA?4?$AA?$CF?$AAl?$AAl?$AAd?$AA?4?$AAM?$AAa?$AAx?$AA?5?$AAI?$AAt?$AAe?$AAm?$AA?5?$AAS?$AAi?$AAz?$AAe?$AAs?$AA?$FL?$AA?$CF?$AAl?$AAl?$AAd?$AA?$FN@ 000000014000edec     dbg_.-gpu_subsystem.o
 0002:00000e4c       ??_C@_1FK@DJMFEAEI@?$AA?7?$AA?$CF?$AAl?$AAl?$AAd?$AA?4?$AA?$CF?$AAl?$AAl?$AAd?$AA?4?$AAM?$AAa?$AAx?$AA?5?$AAC?$AAl?$AAo?$AAc?$AAk?$AA?5?$AAF?$AAr?$AAe?$AAq?$AAu?$AAe?$AAn?$AAc?$AAy?$AA?5?$AA?5@ 000000014000ee4c     dbg_.-gpu_subsystem.o
 0002:00000ea6       ??_C@_1FK@IOCACEOK@?$AA?7?$AA?$CF?$AAl?$AAl?$AAd?$AA?4?$AA?$CF?$AAl?$AAl?$AAd?$AA?4?$AAM?$AAa?$AAx?$AA?5?$AAM?$AAe?$AAm?$AA?5?$AAA?$AAl?$AAl?$AAo?$AAc?$AA?5?$AAS?$AAi?$AAz?$AAe?$AA?5?$AA?5?$AA?5@ 000000014000eea6     dbg_.-gpu_subsystem.o
 0002:00000f00       ??_C@_1FK@BEEPAHKD@?$AA?7?$AA?$CF?$AAl?$AAl?$AAd?$AA?4?$AA?$CF?$AAl?$AAl?$AAd?$AA?4?$AAG?$AAl?$AAo?$AAb?$AAa?$AAl?$AA?5?$AAM?$AAe?$AAm?$AA?5?$AAC?$AAa?$AAc?$AAh?$AAe?$AAl?$AAi?$AAn?$AAe?$AA?5@ 000000014000ef00     dbg_.-gpu_subsystem.o
 0002:00000f5a       ??_C@_1FK@BEPDIPCG@?$AA?7?$AA?$CF?$AAl?$AAl?$AAd?$AA?4?$AA?$CF?$AAl?$AAl?$AAd?$AA?4?$AAG?$AAl?$AAo?$AAb?$AAa?$AAl?$AA?5?$AAM?$AAe?$AAm?$AA?5?$AAC?$AAa?$AAc?$AAh?$AAe?$AA?5?$AAS?$AAi?$AAz?$AAe@ 000000014000ef5a     dbg_.-gpu_subsystem.o
 0002:00000fb4       ??_C@_1FK@GMHEMNNH@?$AA?7?$AA?$CF?$AAl?$AAl?$AAd?$AA?4?$AA?$CF?$AAl?$AAl?$AAd?$AA?4?$AAG?$AAl?$AAo?$AAb?$AAa?$AAl?$AA?5?$AAM?$AAe?$AAm?$AA?5?$AAS?$AAi?$AAz?$AAe?$AA?5?$AA?5?$AA?5?$AA?5?$AA?5?$AA?5@ 000000014000efb4     dbg_.-gpu_subsystem.o
 0002:0000100e       ??_C@_1FK@NMCIJAJG@?$AA?7?$AA?$CF?$AAl?$AAl?$AAd?$AA?4?$AA?$CF?$AAl?$AAl?$AAd?$AA?4?$AAL?$AAo?$AAc?$AAa?$AAl?$AA?5?$AAM?$AAe?$AAm?$AA?5?$AAS?$AAi?$AAz?$AAe?$AA?5?$AA?5?$AA?5?$AA?5?$AA?5?$AA?5?$AA?5@ 000000014000f00e     dbg_.-gpu_subsystem.o
 0002:00001068       ??_C@_1DG@HHDGLCMF@?$AAA?$AAt?$AA?5?$AAe?$AAn?$AAd?$AA?5?$AAh?$AAa?$AAv?$AAe?$AA?5?$AA?$CF?$AAl?$AAl?$AAd?$AA?5?$AAd?$AAe?$AAv?$AAi?$AAc?$AAe?$AAs?$AA?4?$AA?6?$AA?$AA@ 000000014000f068     dbg_.-gpu_subsystem.o
 0002:0000109e       ??_C@_1FC@JJNHHFIJ@?$AAI?$AAn?$AAi?$AAt?$AA?5?$AAf?$AAo?$AAr?$AAm?$AA?5?$AAp?$AAl?$AAa?$AAt?$AAf?$AAo?$AAr?$AAm?$AA?5?$AA?$CF?$AAl?$AAl?$AAd?$AA?5?$AA?$FL?$AAa?$AAu?$AAt?$AAo?$AA?5?$AAs?$AAe@ 000000014000f09e     dbg_.-gpu_subsystem.o
 0002:000010f0       ??_C@_0DM@BNIGEFGF@?9cl?9single?9precision?9constant?5?9c@ 000000014000f0f0     dbg_.-gpu_subsystem.o
 0002:0000112c       ??_C@_1DE@FJCPKFIJ@?$AAB?$AAu?$AAi?$AAl?$AAd?$AAP?$AAr?$AAo?$AAg?$AAr?$AAa?$AAm?$AA?5?$AAE?$AAr?$AAr?$AAo?$AAr?$AA?3?$AA?5?$AA?$CF?$AAl?$AAl?$AAd?$AA?6?$AA?$AA@ 000000014000f12c     dbg_.-gpu_subsystem.o
 0002:00001160       ??_C@_1CO@HIIDKPPP@?$AAB?$AAu?$AAi?$AAl?$AAd?$AAI?$AAn?$AAf?$AAo?$AA?5?$AAE?$AAr?$AAr?$AAo?$AAr?$AA?3?$AA?5?$AA?$CF?$AAl?$AAl?$AAd?$AA?6?$AA?$AA@ 000000014000f160     dbg_.-gpu_subsystem.o
 0002:0000118e       ??_C@_1DA@GJKLKGNM@?$AAB?$AAu?$AAi?$AAl?$AAd?$AAI?$AAn?$AAf?$AAo?$AA2?$AA?5?$AAE?$AAr?$AAr?$AAo?$AAr?$AA?3?$AA?5?$AA?$CF?$AAl?$AAl?$AAd?$AA?6?$AA?$AA@ 000000014000f18e     dbg_.-gpu_subsystem.o
 0002:000011be       ??_C@_1EA@DAHNIOPF@?$AAE?$AAr?$AAr?$AAo?$AAr?$AA?5?$AAI?$AAn?$AAf?$AAo?$AA?3?$AA?5?$AAc?$AAo?$AAd?$AAe?$AA?$DN?$AA?$CF?$AAl?$AAl?$AAd?$AA?3?$AA?5?$AAi?$AAn?$AAf?$AAo?$AA?$DN?$AA?$CF?$AAs?$AA?6?$AA?$AA@ 000000014000f1be     dbg_.-gpu_subsystem.o
 0002:000011fe       ??_C@_1CO@DCKAPNAK@?$AAw?$AAa?$AAi?$AAt?$AAi?$AAn?$AAg?$AA?5?$AAs?$AAt?$AAa?$AAr?$AAt?$AAu?$AAp?$AA?5?$AAp?$AAa?$AAg?$AAe?$AAs?$AA?6?$AA?$AA@ 000000014000f1fe     dbg_.-hive_entry.o
 0002:0000122c       ??_C@_1EI@OLFKDNEP@?$AAE?$AAr?$AAr?$AAo?$AAr?$AA?3?$AA?5?$AAa?$AAl?$AAl?$AAo?$AAc?$AAa?$AAt?$AAe?$AAd?$AA?5?$AAa?$AAr?$AAr?$AAa?$AAy?$AA?5?$AAi?$AAs?$AAn?$AA?8?$AAt?$AA?5?$AAl?$AAo?$AAc@ 000000014000f22c     dbg_.-hive_entry.o
 0002:00001274       ??_C@_1BM@MGOLOELI@?$AAr?$AAe?$AAs?$AAC?$AAo?$AAd?$AAe?$AAI?$AAd?$AA?$DN?$AA?$CF?$AAp?$AA?6?$AA?$AA@ 000000014000f274     dbg_.-hive_entry.o
 0002:00001310       ??_C@_1DO@NMNBJACC@?$AA?9?$AA?9?$AA?9?$AA?9?$AA?9?$AA?5?$AAt?$AAo?$AAt?$AAa?$AAl?$AA?5?$AA?$CF?$AAl?$AAl?$AAd?$AA?5?$AAc?$AAo?$AAn?$AAn?$AAe?$AAc?$AAt?$AAi?$AAo?$AAn?$AAs?$AA?3?$AA?6?$AA?$AA@ 000000014000f310     dbg_.-remote.o
 0002:0000134e       ??_C@_1EM@BPMELAJO@?$AA?9?$AAc?$AAo?$AAn?$AAn?$AAe?$AAc?$AAt?$AAi?$AAo?$AAn?$AA?5?$AA?$FL?$AA?$CF?$AAp?$AA?$FN?$AA?5?$AA?$CF?$AAl?$AAl?$AAd?$AA?3?$AA?5?$AAl?$AAo?$AAc?$AAa?$AAl?$AA_?$AAi?$AAd?$AA?$DN@ 000000014000f34e     dbg_.-remote.o
 0002:0000139a       ??_C@_1DC@HEOFFPLC@?$AAo?$AAu?$AAt?$AAg?$AAo?$AAi?$AAn?$AAg?$AA?3?$AA?5?$AAN?$AAo?$AA?5?$AAc?$AAo?$AAn?$AAn?$AAe?$AAc?$AAt?$AAi?$AAo?$AAn?$AA?6?$AA?$AA@ 000000014000f39a     dbg_.-remote.o
 0002:000013cc       ??_C@_1DG@HNEHLNLB@?$AAo?$AAu?$AAt?$AAg?$AAo?$AAi?$AAn?$AAg?$AA?3?$AA?5?$AAI?$AAP?$AA?$DN?$AA?$CF?$AAs?$AA?5?$AAP?$AAO?$AAR?$AAT?$AA?$DN?$AA?$CF?$AAl?$AAl?$AAd?$AA?6?$AA?$AA@ 000000014000f3cc     dbg_.-remote.o
 0002:00001402       ??_C@_1DI@OKINGPOA@?$AAo?$AAu?$AAt?$AAg?$AAo?$AAi?$AAn?$AAg?$AA?3?$AA?5?$AA?5?$AAI?$AAP?$AA?$DN?$AA?$CF?$AAs?$AA?5?$AAP?$AAO?$AAR?$AAT?$AA?$DN?$AA?$CF?$AAl?$AAl?$AAd?$AA?6?$AA?$AA@ 000000014000f402     dbg_.-remote.o
 0002:0000143a       ??_C@_1CM@KOFOMBCP@?$AAo?$AAu?$AAt?$AAg?$AAo?$AAi?$AAn?$AAg?$AA?3?$AA?5?$AA?5?$AAC?$AAo?$AAr?$AAr?$AAu?$AAp?$AAt?$AAe?$AAd?$AA?6?$AA?$AA@ 000000014000f43a     dbg_.-remote.o
 0002:00001466       ??_C@_1DC@OBBDDNNB@?$AAi?$AAn?$AAc?$AAo?$AAm?$AAi?$AAn?$AAg?$AA?3?$AA?5?$AAN?$AAo?$AA?5?$AAc?$AAo?$AAn?$AAn?$AAe?$AAc?$AAt?$AAi?$AAo?$AAn?$AA?6?$AA?$AA@ 000000014000f466     dbg_.-remote.o
 0002:00001498       ??_C@_1DG@NNAENLOC@?$AAi?$AAn?$AAc?$AAo?$AAm?$AAi?$AAn?$AAg?$AA?3?$AA?5?$AAI?$AAP?$AA?$DN?$AA?$CF?$AAs?$AA?5?$AAP?$AAO?$AAR?$AAT?$AA?$DN?$AA?$CF?$AAl?$AAl?$AAd?$AA?6?$AA?$AA@ 000000014000f498     dbg_.-remote.o
 0002:000014ce       ??_C@_1DI@NPMKAFFJ@?$AAi?$AAn?$AAc?$AAo?$AAm?$AAi?$AAn?$AAg?$AA?3?$AA?5?$AA?5?$AAI?$AAP?$AA?$DN?$AA?$CF?$AAs?$AA?5?$AAP?$AAO?$AAR?$AAT?$AA?$DN?$AA?$CF?$AAl?$AAl?$AAd?$AA?6?$AA?$AA@ 000000014000f4ce     dbg_.-remote.o
 0002:00001506       ??_C@_1GA@HHMMHPKA@?$AA?$CB?$AA?$CB?$AA?$CB?$AA?$CB?$AA?$CB?$AA?5?$AA?$DO?$AA?$DO?$AA?$DO?$AA?$DO?$AA?$DO?$AA?$DO?$AA?5?$AAP?$AAa?$AAg?$AAe?$AA?5?$AAa?$AAl?$AAl?$AAo?$AAc?$AAa?$AAt?$AAi?$AAo?$AAn?$AA?5?$AAi?$AAd?$AA?$DN@ 000000014000f506     dbg_.-remote.o
 0002:00001566       ??_C@_1DE@OFJFJIIH@?$AAS?$AAe?$AAr?$AAv?$AAe?$AAr?$AA?5?$AAi?$AAd?$AA?$DN?$AA?$CF?$AAl?$AAl?$AAd?$AA?5?$AAc?$AAo?$AAn?$AAf?$AAi?$AAr?$AAm?$AAe?$AAd?$AA?6?$AA?$AA@ 000000014000f566     dbg_.-remote.o
 0002:0000159a       ??_C@_1CE@HOGLDJAE@?$AAC?$AAl?$AAi?$AAe?$AAn?$AAt?$AA?5?$AAc?$AAo?$AAn?$AAn?$AAe?$AAc?$AAt?$AAe?$AAd?$AA?6?$AA?$AA@ 000000014000f59a     dbg_.-remote.o
 0002:000015be       ??_C@_1GO@KIHGLMJK@?$AAS?$AAe?$AAn?$AAd?$AA?5?$AAc?$AAo?$AAn?$AAf?$AAi?$AAr?$AAm?$AAa?$AAt?$AAi?$AAo?$AAn?$AA?5?$AAo?$AAf?$AA?5?$AAp?$AAa?$AAg?$AAe?$AA?5?$AAa?$AAl?$AAl?$AAo?$AAc?$AAa@ 000000014000f5be     dbg_.-remote.o
 0002:0000162c       ??_C@_1FC@NJOMCOBI@?$AAR?$AAe?$AAd?$AAi?$AAr?$AAe?$AAc?$AAt?$AAi?$AAn?$AAg?$AA?5?$AAp?$AAa?$AAg?$AAe?$AA?5?$AAq?$AAu?$AAe?$AAr?$AAy?$AA?5?$AAt?$AAo?$AA?5?$AAl?$AAo?$AAc?$AAa?$AAl?$AA_@ 000000014000f62c     dbg_.-remote.o
 0002:0000167e       ??_C@_1EO@MLLDILKB@?$AAR?$AAe?$AAd?$AAi?$AAr?$AAe?$AAc?$AAt?$AAi?$AAn?$AAg?$AA?5?$AAi?$AAd?$AA?5?$AAq?$AAu?$AAe?$AAr?$AAy?$AA?5?$AAt?$AAo?$AA?5?$AAl?$AAo?$AAc?$AAa?$AAl?$AA_?$AAi?$AAd@ 000000014000f67e     dbg_.-remote.o
 0002:000016cc       ??_C@_1DM@IBOIDFJO@?$AAs?$AAo?$AAc?$AAk?$AAe?$AAt?$AA?$CI?$AA?$CJ?$AA?5?$AAf?$AAa?$AAi?$AAl?$AAe?$AAd?$AA?5?$AA?$FL?$AAe?$AAr?$AAr?$AAo?$AAr?$AA?$DN?$AA?$CF?$AAl?$AAl?$AAd?$AA?$FN?$AA?6?$AA?$AA@ 000000014000f6cc     dbg_.-remote.o
 0002:00001708       ??_C@_1CM@FLPDOBBA@?$AAR?$AAe?$AAq?$AAu?$AAe?$AAs?$AAt?$AAi?$AAn?$AAg?$AA?5?$AAp?$AAo?$AAr?$AAt?$AA?5?$AA?$CF?$AAl?$AAl?$AAd?$AA?6?$AA?$AA@ 000000014000f708     dbg_.-remote.o
 0002:00001734       ??_C@_1DK@IOCIPHFJ@?$AAc?$AAo?$AAn?$AAn?$AAe?$AAc?$AAt?$AA?5?$AAf?$AAa?$AAi?$AAl?$AAe?$AAd?$AA?5?$AA?$FL?$AAe?$AAr?$AAr?$AAo?$AAr?$AA?$DN?$AA?$CF?$AAl?$AAl?$AAd?$AA?$FN?$AA?6?$AA?$AA@ 000000014000f734     dbg_.-remote.o
 0002:0000176e       ??_C@_1DO@IMGJNCBG@?$AAC?$AAo?$AAn?$AAn?$AAe?$AAc?$AAt?$AAi?$AAo?$AAn?$AA?5?$AAi?$AAs?$AA?5?$AAs?$AAu?$AAc?$AAc?$AAe?$AAs?$AAs?$AAf?$AAu?$AAl?$AA?$CB?$AA?5?$AA?$FL?$AA1?$AA?$FN?$AA?6?$AA?$AA@ 000000014000f76e     dbg_.-remote.o
 0002:000017ac       ??_C@_1GE@BBHPHIKC@?$AAE?$AAr?$AAr?$AAo?$AAr?$AA?5?$AA?9?$AA?5?$AAs?$AAe?$AAr?$AAv?$AAe?$AAr?$AA_?$AAp?$AAo?$AAr?$AAt?$AA?5?$AA?$DN?$AA?$DN?$AA?5?$AA?9?$AA1?$AA?5?$AA?$FL?$AAs?$AAe?$AAr?$AAv?$AAe@ 000000014000f7ac     dbg_.-remote.o
 0002:00001810       ??_C@_1EM@HCGPBNNP@?$AAS?$AAt?$AAa?$AAr?$AAt?$AAi?$AAn?$AAg?$AA?5?$AAn?$AAe?$AAw?$AA?5?$AAc?$AAo?$AAn?$AAn?$AAe?$AAc?$AAt?$AAi?$AAo?$AAn?$AA?5?$AAt?$AAo?$AA?5?$AA?$FL?$AA?$CF?$AAs?$AA?$FN?$AA?5@ 000000014000f810     dbg_.-remote.o
 0002:0000185c       ??_C@_1FE@JKPBPNOM@?$AAE?$AAr?$AAr?$AAo?$AAr?$AA?5?$AAr?$AAe?$AAs?$AAo?$AAl?$AAv?$AAi?$AAn?$AAg?$AA?5?$AAh?$AAo?$AAs?$AAt?$AA?4?$AA?5?$AA?$FL?$AAs?$AAt?$AAa?$AAt?$AAu?$AAs?$AA?$DN?$AA?$CF?$AAl@ 000000014000f85c     dbg_.-remote.o
 0002:000018b0       ??_C@_1DO@COGNFPF@?$AAC?$AAo?$AAn?$AAn?$AAe?$AAc?$AAt?$AAi?$AAo?$AAn?$AA?5?$AAi?$AAs?$AA?5?$AAs?$AAu?$AAc?$AAc?$AAe?$AAs?$AAs?$AAf?$AAu?$AAl?$AA?$CB?$AA?5?$AA?$FL?$AA2?$AA?$FN?$AA?6?$AA?$AA@ 000000014000f8b0     dbg_.-remote.o
 0002:000018ee       ??_C@_1FK@FPKJOMKP@?$AAE?$AAr?$AAr?$AAo?$AAr?$AA?3?$AA?5?$AAC?$AAo?$AAu?$AAl?$AAd?$AA?5?$AAn?$AAo?$AAt?$AA?5?$AAc?$AAo?$AAn?$AAn?$AAe?$AAc?$AAt?$AA?5?$AAt?$AAo?$AA?5?$AA?$CF?$AAs?$AA?5?$AA?$FL@ 000000014000f8ee     dbg_.-remote.o
 0002:00001948       ??_C@_1EA@JBNEEBDD@?$AAT?$AAr?$AAy?$AAi?$AAn?$AAg?$AA?5?$AAt?$AAo?$AA?5?$AAg?$AAe?$AAt?$AA?5?$AAm?$AAe?$AAm?$AAo?$AAr?$AAy?$AA?5?$AAp?$AAa?$AAg?$AAe?$AA?5?$AA?$CF?$AAl?$AAl?$AAd?$AA?6?$AA?$AA@ 000000014000f948     dbg_.-remote.o
 0002:00001988       ??_C@_1EI@BHCKMCLF@?$AAC?$AAr?$AAe?$AAa?$AAt?$AAe?$AAd?$AA?5?$AAb?$AAr?$AAo?$AAa?$AAd?$AAc?$AAa?$AAs?$AAt?$AA?5?$AAw?$AAi?$AAt?$AAh?$AA?5?$AAp?$AAr?$AAe?$AAf?$AAi?$AAx?$AA?$DN?$AA?$CF?$AAl@ 000000014000f988     dbg_.-remote.o
 0002:000019d0       ??_C@_1DM@MBBJEJBJ@?$AAT?$AAr?$AAy?$AAi?$AAn?$AAg?$AA?5?$AAt?$AAo?$AA?5?$AAg?$AAe?$AAt?$AA?5?$AAs?$AAe?$AAr?$AAv?$AAe?$AAr?$AA?5?$AAi?$AAd?$AA?5?$AA?$CF?$AAl?$AAl?$AAd?$AA?6?$AA?$AA@ 000000014000f9d0     dbg_.-remote.o
 0002:00001a0c       ??_C@_1GK@DMGCKEJF@?$AAA?$AAn?$AAs?$AAw?$AAe?$AAr?$AA?5?$AAP?$AAu?$AAs?$AAh?$AA?5?$AAO?$AAb?$AAj?$AAe?$AAc?$AAt?$AA?5?$AAt?$AAo?$AA?5?$AAl?$AAo?$AAc?$AAa?$AAl?$AAi?$AAd?$AA?$DN?$AA?$CF?$AAl@ 000000014000fa0c     dbg_.-remote.o
 0002:00001a76       ??_C@_1GM@MICHOCHB@?$AAA?$AAn?$AAs?$AAw?$AAe?$AAr?$AA?5?$AAQ?$AAu?$AAe?$AAr?$AAy?$AA?5?$AAO?$AAb?$AAj?$AAe?$AAc?$AAt?$AA?5?$AAt?$AAo?$AA?5?$AAl?$AAo?$AAc?$AAa?$AAl?$AAi?$AAd?$AA?$DN?$AA?$CF@ 000000014000fa76     dbg_.-remote.o
 0002:00001ae2       ??_C@_1FK@FHPCFNAH@?$AAs?$AAe?$AAn?$AAd?$AA?5?$AAb?$AAr?$AAo?$AAa?$AAd?$AAc?$AAa?$AAs?$AAt?$AA?5?$AAa?$AAn?$AAs?$AAw?$AAe?$AAr?$AA?5?$AAp?$AAa?$AAt?$AAh?$AA?5?$AAt?$AAo?$AA?5?$AAl?$AAo@ 000000014000fae2     dbg_.-remote.o
 0002:00001b3c       ??_C@_1FM@FIIIPBAA@?$AAs?$AAe?$AAn?$AAd?$AA?5?$AAb?$AAr?$AAo?$AAa?$AAd?$AAc?$AAa?$AAs?$AAt?$AA?5?$AAp?$AAa?$AAt?$AAh?$AA?5?$AAr?$AAe?$AAq?$AAu?$AAe?$AAs?$AAt?$AA?5?$AAt?$AAo?$AA?5?$AAl@ 000000014000fb3c     dbg_.-remote.o
 0002:00001b98       ??_C@_1GA@MDBOGCGI@?$AAs?$AAe?$AAn?$AAd?$AA?5?$AAb?$AAr?$AAo?$AAa?$AAd?$AAc?$AAa?$AAs?$AAt?$AA?5?$AAa?$AAn?$AAs?$AAw?$AAe?$AAr?$AA?5?$AAi?$AAd?$AA?5?$AAp?$AAa?$AAt?$AAh?$AA?5?$AAt?$AAo@ 000000014000fb98     dbg_.-remote.o
 0002:00001bf8       ??_C@_1EO@CDOEBIIP@?$AAS?$AAe?$AAn?$AAd?$AAi?$AAn?$AAg?$AA?5?$AAb?$AAr?$AAo?$AAa?$AAd?$AAc?$AAa?$AAs?$AAt?$AA?5?$AAt?$AAo?$AA?5?$AAf?$AAi?$AAn?$AAd?$AA?5?$AAo?$AAb?$AAj?$AAe?$AAc?$AAt@ 000000014000fbf8     dbg_.-remote.o
 0002:00001c46       ??_C@_1DC@EHBNKHBD@?$AAr?$AAe?$AAq?$AAu?$AAe?$AAs?$AAt?$AA?5?$AAs?$AAe?$AAt?$AA?5?$AAo?$AAb?$AAj?$AAe?$AAc?$AAt?$AA?$DN?$AA?$CF?$AAl?$AAl?$AAd?$AA?6?$AA?$AA@ 000000014000fc46     dbg_.-remote.o
 0002:00001c78       ??_C@_1CO@OBFELGCG@?$AAl?$AAo?$AAc?$AAa?$AAl?$AA?5?$AAo?$AAb?$AAj?$AAe?$AAc?$AAt?$AA?5?$AA?9?$AA?5?$AAa?$AAn?$AAs?$AAw?$AAe?$AAr?$AA?6?$AA?$AA@ 000000014000fc78     dbg_.-remote.o
 0002:00001ca6       ??_C@_1CC@BJNHGOIA@?$AAd?$AAo?$AAn?$AA?8?$AAt?$AA?5?$AAk?$AAn?$AAo?$AAw?$AA?5?$AAp?$AAa?$AAt?$AAh?$AA?6?$AA?$AA@ 000000014000fca6     dbg_.-remote.o
 0002:00001cc8       ??_C@_1DA@NHJHHADA@?$AAr?$AAe?$AAq?$AAu?$AAe?$AAs?$AAt?$AA?5?$AAs?$AAe?$AAn?$AAt?$AA?5?$AA?$FL?$AAt?$AAo?$AA?5?$AA?$CF?$AAl?$AAl?$AAd?$AA?$FN?$AA?6?$AA?$AA@ 000000014000fcc8     dbg_.-remote.o
 0002:00001cf8       ??_C@_1IK@DBMEHLHD@?$AAS?$AAt?$AAa?$AAr?$AAt?$AAi?$AAn?$AAg?$AA?5?$AAn?$AAe?$AAw?$AA?5?$AAR?$AAE?$AAM?$AAO?$AAT?$AAE?$AA?5?$AAw?$AAo?$AAr?$AAk?$AAe?$AAr?$AA?5?$AA?$CF?$AAl?$AAl?$AAd?$AA?5@ 000000014000fcf8     dbg_.-remote.o
 0002:00001d82       ??_C@_1EK@DLJDAMIC@?$AAs?$AAe?$AAn?$AAd?$AAi?$AAn?$AAg?$AA?5?$AAh?$AAi?$AAv?$AAe?$AA?5?$AAs?$AAt?$AAa?$AAt?$AAe?$AA?5?$AA?$FL?$AA?$CF?$AAl?$AAl?$AAd?$AA?5?$AA?$CF?$AAl?$AAl?$AAd?$AA?5?$AA?$CF?$AAl@ 000000014000fd82     dbg_.-remote.o
 0002:00001dcc       ??_C@_1CK@IMAGNILG@?$AAC?$AAo?$AAn?$AAf?$AAi?$AAr?$AAm?$AAe?$AAd?$AA?5?$AAp?$AAo?$AAr?$AAt?$AA?$DN?$AA?$CF?$AAl?$AAl?$AAd?$AA?6?$AA?$AA@ 000000014000fdcc     dbg_.-remote.o
 0002:00001df6       ??_C@_1CE@BDEHPDNE@?$AAG?$AAe?$AAt?$AA?5?$AAc?$AAo?$AAm?$AAm?$AAa?$AAn?$AAd?$AA?5?$AA?$FL?$AA?$CF?$AAs?$AA?$FN?$AA?6?$AA?$AA@ 000000014000fdf6     dbg_.-remote.o
 0002:00001e1a       ??_C@_1DG@NNMMEGKD@?$AAS?$AAe?$AAl?$AAe?$AAc?$AAt?$AAe?$AAd?$AA?5?$AAc?$AAo?$AAn?$AAn?$AAe?$AAc?$AAt?$AA?5?$AAc?$AAo?$AAm?$AAm?$AAa?$AAn?$AAd?$AA?4?$AA?6?$AA?$AA@ 000000014000fe1a     dbg_.-remote.o
 0002:00001e50       ??_C@_1CI@KPENLAE@?$AAE?$AAn?$AAt?$AAe?$AAr?$AA?5?$AAI?$AAP?$AA?5?$AAa?$AAn?$AAd?$AA?5?$AAP?$AAO?$AAR?$AAT?$AA?4?$AA?6?$AA?$AA@ 000000014000fe50     dbg_.-remote.o
 0002:00001e78       ??_C@_1EG@CAHECGOL@?$AAT?$AAr?$AAy?$AAi?$AAn?$AAg?$AA?5?$AAt?$AAo?$AA?5?$AAc?$AAo?$AAn?$AAn?$AAe?$AAc?$AAt?$AA?5?$AAt?$AAo?$AA?5?$AA?$FL?$AA?$CF?$AAs?$AA?$FN?$AA?5?$AA?$FL?$AA?$CF?$AAs?$AA?$FN?$AA?4?$AA?4@ 000000014000fe78     dbg_.-remote.o
 0002:00001ebe       ??_C@_1DG@GLOHHOJG@?$AAT?$AAe?$AAm?$AAp?$AAo?$AAr?$AAa?$AAr?$AAy?$AA?5?$AAl?$AAo?$AAc?$AAa?$AAl?$AA_?$AAi?$AAd?$AA?5?$AA?$DN?$AA?5?$AA?$CF?$AAl?$AAl?$AAd?$AA?6?$AA?$AA@ 000000014000febe     dbg_.-remote.o
 0002:00001ef4       ??_C@_1DC@MOJEJJIM@?$AAC?$AAo?$AAn?$AAf?$AAi?$AAg?$AAu?$AAr?$AAa?$AAt?$AAi?$AAo?$AAn?$AA?5?$AAc?$AAo?$AAn?$AAf?$AAi?$AAr?$AAm?$AAe?$AAd?$AA?6?$AA?$AA@ 000000014000fef4     dbg_.-remote.o
 0002:00001f26       ??_C@_1DM@PKIKMHMJ@?$AA?$FL?$AAN?$AAE?$AAT?$AAW?$AAO?$AAR?$AAK?$AA?$FN?$AA?3?$AA?5?$AAP?$AAe?$AAe?$AAr?$AA?5?$AAd?$AAi?$AAs?$AAc?$AAo?$AAn?$AAn?$AAe?$AAc?$AAt?$AAe?$AAd?$AA?6?$AA?$AA@ 000000014000ff26     dbg_.-remote.o
 0002:00001f62       ??_C@_1DG@IHKBKGHO@?$AAG?$AAe?$AAt?$AA?5?$AAm?$AAe?$AAs?$AAs?$AAa?$AAg?$AAe?$AA?5?$AAo?$AAf?$AA?5?$AA?$CF?$AAl?$AAl?$AAd?$AA?5?$AAb?$AAy?$AAt?$AAe?$AAs?$AA?6?$AA?$AA@ 000000014000ff62     dbg_.-remote.o
 0002:00001f98       ??_C@_1EE@FBAKCJKM@?$AAp?$AAr?$AAo?$AAc?$AAe?$AAs?$AAs?$AA?5?$AAh?$AAe?$AAa?$AAd?$AAe?$AAr?$AA?$FL?$AAo?$AAk?$AA?$FN?$AA?5?$AA?$FL?$AAh?$AAe?$AAa?$AAd?$AAe?$AAr?$AA?$DN?$AA?$CF?$AAl?$AAl?$AAd?$AA?$FN@ 000000014000ff98     dbg_.-remote.o
 0002:00001fdc       ??_C@_1EE@CIFDCIBF@?$AAp?$AAr?$AAo?$AAc?$AAe?$AAs?$AAs?$AA?5?$AAl?$AAe?$AAn?$AAg?$AAt?$AAh?$AA?$FL?$AAo?$AAk?$AA?$FN?$AA?5?$AA?$FL?$AAl?$AAe?$AAn?$AAg?$AAt?$AAh?$AA?$DN?$AA?$CF?$AAl?$AAl?$AAd?$AA?$FN@ 000000014000ffdc     dbg_.-remote.o
 0002:00002020       ??_C@_1CM@JBMABCGC@?$AAp?$AAr?$AAo?$AAc?$AAe?$AAs?$AAs?$AA?5?$AAl?$AAe?$AAn?$AAg?$AAt?$AAh?$AA?$FL?$AAp?$AAa?$AAr?$AAt?$AA?$FN?$AA?6?$AA?$AA@ 0000000140010020     dbg_.-remote.o
 0002:0000204c       ??_C@_1CE@BMKCCAOL@?$AAp?$AAr?$AAo?$AAc?$AAe?$AAs?$AAs?$AA?5?$AAb?$AAo?$AAd?$AAy?$AA?$FL?$AAo?$AAk?$AA?$FN?$AA?6?$AA?$AA@ 000000014001004c     dbg_.-remote.o
 0002:00002070       ??_C@_1CO@OOHNIMCC@?$AAc?$AAl?$AAo?$AAs?$AAi?$AAn?$AAg?$AA?5?$AAc?$AAo?$AAn?$AAn?$AAe?$AAc?$AAt?$AAi?$AAo?$AAn?$AA?4?$AA?4?$AA?4?$AA?6?$AA?$AA@ 0000000140010070     dbg_.-remote.o
 0002:0000209e       ??_C@_1CI@LDDDECLE@?$AAp?$AAr?$AAo?$AAc?$AAe?$AAs?$AAs?$AA?5?$AAb?$AAo?$AAd?$AAy?$AA?$FL?$AAp?$AAa?$AAr?$AAt?$AA?$FN?$AA?6?$AA?$AA@ 000000014001009e     dbg_.-remote.o
 0002:000020c6       ??_C@_1FI@DLIHECMG@?$AAG?$AAe?$AAt?$AA?5?$AAa?$AAp?$AAi?$AA?5?$AAc?$AAa?$AAl?$AAl?$AA?5?$AA?$CF?$AAl?$AAl?$AAd?$AA?5?$AAo?$AAf?$AA?5?$AAl?$AAe?$AAn?$AAg?$AAt?$AAh?$AA?3?$AA?5?$AA?$CF?$AAl?$AAl@ 00000001400100c6     dbg_.-remote.o
 0002:0000211e       ??_C@_1EC@IGPNEALA@?$AAA?$AAP?$AAI?$AA_?$AAR?$AAE?$AAQ?$AAU?$AAE?$AAS?$AAT?$AA_?$AAC?$AAO?$AAN?$AAN?$AAE?$AAC?$AAT?$AAI?$AAO?$AAN?$AA?5?$AAa?$AAn?$AAs?$AAw?$AAe?$AAr?$AAe?$AAd?$AA?6@ 000000014001011e     dbg_.-remote.o
 0002:00002160       ??_C@_1HI@PFGJBABN@?$AAA?$AAP?$AAI?$AA_?$AAA?$AAN?$AAS?$AAW?$AAE?$AAR?$AA_?$AAR?$AAE?$AAQ?$AAU?$AAE?$AAS?$AAT?$AA_?$AAC?$AAO?$AAN?$AAN?$AAE?$AAC?$AAT?$AAI?$AAO?$AAN?$AA?5?$AAu?$AAp@ 0000000140010160     dbg_.-remote.o
 0002:000021d8       ??_C@_1EM@NFKPCEGC@?$AAU?$AAp?$AAd?$AAa?$AAt?$AAe?$AAd?$AA?5?$AAu?$AAs?$AAi?$AAn?$AAg?$AA?5?$AA?$FL?$AAc?$AAo?$AAn?$AA?$DN?$AA?$CF?$AAp?$AA?$FN?$AA?5?$AA?$FL?$AAa?$AAn?$AAd?$AA?5?$AAf?$AAr?$AAe?$AAe@ 00000001400101d8     dbg_.-remote.o
 0002:00002224       ??_C@_1LA@ICLCBFDH@?$AAE?$AAr?$AAr?$AAo?$AAr?$AA?3?$AA?5?$AAA?$AAP?$AAI?$AA_?$AAA?$AAN?$AAS?$AAW?$AAE?$AAR?$AA_?$AAR?$AAE?$AAQ?$AAU?$AAE?$AAS?$AAT?$AA_?$AAC?$AAO?$AAN?$AAN?$AAE?$AAC@ 0000000140010224     dbg_.-remote.o
 0002:000022d4       ??_C@_1FA@NLLPLBEB@?$AAA?$AAP?$AAI?$AA_?$AAR?$AAE?$AAQ?$AAU?$AAE?$AAS?$AAT?$AA_?$AAI?$AAD?$AA?5?$AAp?$AAa?$AAg?$AAe?$AA?$DN?$AA?$CF?$AAl?$AAl?$AAd?$AA?5?$AA?$FL?$AAp?$AAr?$AAe?$AAf?$AAi?$AAx@ 00000001400102d4     dbg_.-remote.o
 0002:00002324       ??_C@_1BG@IOHEMCP@?$AAR?$AAe?$AAf?$AAu?$AAs?$AAe?$AA?5?$AAi?$AAd?$AA?6?$AA?$AA@ 0000000140010324     dbg_.-remote.o
 0002:0000233a       ??_C@_1EI@DCLENIAC@?$AAC?$AAo?$AAn?$AAf?$AAi?$AAr?$AAm?$AAe?$AAd?$AA?5?$AAb?$AAe?$AAc?$AAo?$AAu?$AAs?$AAe?$AA?5?$AAl?$AAo?$AAc?$AAa?$AAl?$AA_?$AAi?$AAd?$AA?5?$AAd?$AAi?$AAf?$AAf?$AAe@ 000000014001033a     dbg_.-remote.o
 0002:00002382       ??_C@_1EI@GBBOHBKF@?$AAG?$AAe?$AAt?$AA?5?$AAb?$AAr?$AAo?$AAa?$AAd?$AAc?$AAa?$AAs?$AAt?$AA?5?$AAa?$AAn?$AAs?$AAw?$AAe?$AAr?$AA?5?$AA?$FL?$AAp?$AAr?$AAe?$AAf?$AAi?$AAx?$AA?$DN?$AA?$CF?$AAl?$AAl@ 0000000140010382     dbg_.-remote.o
 0002:000023ca       ??_C@_1CK@JAOCGICP@?$AAB?$AAr?$AAo?$AAa?$AAd?$AAc?$AAa?$AAs?$AAt?$AA?5?$AAc?$AAo?$AAn?$AAf?$AAi?$AAr?$AAm?$AAe?$AAd?$AA?6?$AA?$AA@ 00000001400103ca     dbg_.-remote.o
 0002:000023f4       ??_C@_1FM@HIELKEO@?$AAA?$AAP?$AAI?$AA_?$AAR?$AAE?$AAQ?$AAU?$AAE?$AAS?$AAT?$AA_?$AAM?$AAE?$AAM?$AA_?$AAP?$AAA?$AAG?$AAE?$AA?5?$AAp?$AAa?$AAg?$AAe?$AA?$DN?$AA?$CF?$AAl?$AAl?$AAd?$AA?5?$AA?$FL@ 00000001400103f4     dbg_.-remote.o
 0002:00002450       ??_C@_1CG@KIALDCLE@?$AAR?$AAe?$AAf?$AAu?$AAs?$AAe?$AA?5?$AAa?$AAl?$AAl?$AAo?$AAc?$AAa?$AAt?$AAi?$AAo?$AAn?$AA?6?$AA?$AA@ 0000000140010450     dbg_.-remote.o
 0002:00002476       ??_C@_1CM@IABHOCCE@?$AAg?$AAe?$AAt?$AA?5?$AAp?$AAu?$AAs?$AAh?$AA?5?$AAo?$AAb?$AAj?$AAe?$AAc?$AAt?$AA?5?$AA?$CF?$AAl?$AAl?$AAd?$AA?6?$AA?$AA@ 0000000140010476     dbg_.-remote.o
 0002:000024a2       ??_C@_1BM@CKHNEJCK@?$AAl?$AAo?$AAc?$AAa?$AAl?$AA?9?$AAp?$AAu?$AAs?$AAh?$AAe?$AAd?$AA?6?$AA?$AA@ 00000001400104a2     dbg_.-remote.o
 0002:000024be       ??_C@_1CG@LACBKCJC@?$AAr?$AAe?$AAm?$AAo?$AAt?$AAe?$AA?9?$AAr?$AAe?$AAd?$AAi?$AAr?$AAe?$AAc?$AAt?$AAe?$AAd?$AA?6?$AA?$AA@ 00000001400104be     dbg_.-remote.o
 0002:000024e4       ??_C@_1GM@LPBCPABN@?$AAU?$AAP?$AAD?$AAA?$AAT?$AAE?$AA?5?$AAP?$AAA?$AAT?$AAH?$AA?5?$AA1?$AA?5?$AAT?$AAO?$AA?5?$AA?$CF?$AAl?$AAl?$AAd?$AA?5?$AA?$FL?$AAd?$AAi?$AAs?$AAt?$AAa?$AAn?$AAc?$AAe?$AA?$DN@ 00000001400104e4     dbg_.-remote.o
 0002:00002550       ??_C@_1GM@FBBGBBEM@?$AAU?$AAP?$AAD?$AAA?$AAT?$AAE?$AA?5?$AAP?$AAA?$AAT?$AAH?$AA?5?$AA2?$AA?5?$AAT?$AAO?$AA?5?$AA?$CF?$AAl?$AAl?$AAd?$AA?5?$AA?$FL?$AAd?$AAi?$AAs?$AAt?$AAa?$AAn?$AAc?$AAe?$AA?$DN@ 0000000140010550     dbg_.-remote.o
 0002:000025bc       ??_C@_1HC@GFDBDKMJ@?$AAU?$AAP?$AAD?$AAA?$AAT?$AAE?$AA?5?$AAI?$AAD?$AA?5?$AAP?$AAA?$AAT?$AAH?$AA?5?$AA1?$AA?5?$AAT?$AAO?$AA?5?$AA?$CF?$AAl?$AAl?$AAd?$AA?5?$AA?$FL?$AAd?$AAi?$AAs?$AAt?$AAa?$AAn@ 00000001400105bc     dbg_.-remote.o
 0002:0000262e       ??_C@_1HC@ILDFNLJI@?$AAU?$AAP?$AAD?$AAA?$AAT?$AAE?$AA?5?$AAI?$AAD?$AA?5?$AAP?$AAA?$AAT?$AAH?$AA?5?$AA2?$AA?5?$AAT?$AAO?$AA?5?$AA?$CF?$AAl?$AAl?$AAd?$AA?5?$AA?$FL?$AAd?$AAi?$AAs?$AAt?$AAa?$AAn@ 000000014001062e     dbg_.-remote.o
 0002:000026a0       ??_C@_1HC@IPIJLOJO@?$AAG?$AAe?$AAt?$AA?5?$AAr?$AAe?$AAm?$AAo?$AAt?$AAe?$AA?5?$AAs?$AAt?$AAa?$AAr?$AAt?$AA?5?$AAw?$AAo?$AAr?$AAk?$AAe?$AAr?$AA?5?$AA?$CF?$AAl?$AAl?$AAd?$AA?5?$AAf?$AAr?$AAo@ 00000001400106a0     dbg_.-remote.o
 0002:00002712       ??_C@_1FC@CBJJGKKM@?$AAG?$AAE?$AAT?$AA?5?$AAH?$AAI?$AAV?$AAE?$AA?5?$AAS?$AAT?$AAA?$AAT?$AAE?$AA?3?$AA?5?$AA?$CF?$AAl?$AAl?$AAd?$AA?5?$AA?$CF?$AAl?$AAl?$AAd?$AA?5?$AA?$CF?$AAl?$AAl?$AAd?$AA?5?$AA?$FL@ 0000000140010712     dbg_.-remote.o
 0002:00002764       ??_C@_1CG@PIAFPEME@?$AAS?$AAe?$AAr?$AAv?$AAe?$AAr?$AA?5?$AAs?$AAt?$AAa?$AAr?$AAt?$AAe?$AAd?$AA?4?$AA?4?$AA?4?$AA?6?$AA?$AA@ 0000000140010764     dbg_.-remote.o
 0002:0000278a       ??_C@_1DK@EHAPFJND@?$AAs?$AAe?$AAr?$AAv?$AAe?$AAr?$AA?5?$AAs?$AAt?$AAa?$AAr?$AAt?$AAe?$AAd?$AA?5?$AAo?$AAn?$AA?5?$AAp?$AAo?$AAr?$AAt?$AA?5?$AA?$CF?$AAl?$AAl?$AAd?$AA?6?$AA?$AA@ 000000014001078a     dbg_.-remote.o
 0002:000027c4       ??_C@_1FA@MICONLJJ@?$AAE?$AAr?$AAr?$AAo?$AAr?$AA?3?$AA?5?$AAf?$AAa?$AAi?$AAl?$AAe?$AAd?$AA?5?$AAt?$AAo?$AA?5?$AAa?$AAl?$AAl?$AAo?$AAc?$AAa?$AAt?$AAe?$AA?5?$AAm?$AAe?$AAm?$AAo?$AAr?$AAy@ 00000001400107c4     dbg_.-runtime_lib.o
 0002:00002814       ??_C@_1FE@CPMEHOGL@?$AAE?$AAr?$AAr?$AAo?$AAr?$AA?3?$AA?5?$AAf?$AAa?$AAi?$AAl?$AAe?$AAd?$AA?5?$AAt?$AAo?$AA?5?$AAr?$AAe?$AAa?$AAl?$AAl?$AAo?$AAc?$AAa?$AAt?$AAe?$AA?5?$AAm?$AAe?$AAm?$AAo@ 0000000140010814     dbg_.-runtime_lib.o
 0002:00002868       ??_C@_1EI@DJFGOBAG@?$AAE?$AAr?$AAr?$AAo?$AAr?$AA?3?$AA?5?$AAf?$AAa?$AAi?$AAl?$AAe?$AAd?$AA?5?$AAt?$AAo?$AA?5?$AAf?$AAr?$AAe?$AAe?$AA?5?$AAm?$AAe?$AAm?$AAo?$AAr?$AAy?$AA?3?$AA?5?$AA?$CF?$AAl@ 0000000140010868     dbg_.-runtime_lib.o
 0002:000028b0       ??_C@_1CM@EJGKJCED@?$AAA?$AAs?$AAs?$AAe?$AAr?$AAt?$AAi?$AAo?$AAn?$AA?5?$AAf?$AAa?$AAi?$AAl?$AAe?$AAd?$AA?3?$AA?5?$AA?$CF?$AAs?$AA?6?$AA?$AA@ 00000001400108b0     dbg_.-runtime_lib.o
 0002:000028dc       ??_C@_1EI@GJCCEHA@?$AAF?$AAi?$AAl?$AAe?$AA?3?$AA?5?$AA?$CF?$AAs?$AA?0?$AA?5?$AAL?$AAi?$AAn?$AAe?$AA?3?$AA?5?$AA?$CF?$AAl?$AAl?$AAd?$AA?0?$AA?5?$AAF?$AAu?$AAn?$AAc?$AAt?$AAi?$AAo?$AAn?$AA?3?$AA?5@ 00000001400108dc     dbg_.-runtime_lib.o
 0002:00002ac8       ??_C@_1GE@NIGCAFOK@?$AAE?$AAr?$AAr?$AAo?$AAr?$AA?3?$AA?5?$AAg?$AAp?$AAu?$AA?5?$AAw?$AAo?$AAr?$AAk?$AAe?$AAr?$AA?5?$AAd?$AAo?$AAe?$AAn?$AA?8?$AAt?$AA?5?$AAs?$AAu?$AAp?$AAp?$AAo?$AAr?$AAt@ 0000000140010ac8     dbg_.-runtime.o
 0002:00002b2c       ??_C@_1DO@CBJEPNAO@?$AAP?$AAr?$AAo?$AAm?$AAi?$AAs?$AAe?$AA?$CI?$AAs?$AAe?$AAt?$AA?$DN?$AA?$CF?$AA0?$AA2?$AAx?$AA?0?$AA?5?$AAf?$AAi?$AAr?$AAs?$AAt?$AA4?$AAb?$AAy?$AAt?$AAe?$AAs?$AA?$DN?$AA?$AA@ 0000000140010b2c     dbg_.-runtime.o
 0002:00002b6a       ??_C@_15BCDOKMG@?$AA?$CJ?$AA?6?$AA?$AA@ 0000000140010b6a     dbg_.-runtime.o
 0002:00002b70       ??_C@_1EO@JIHFKLGM@?$AAA?$AAr?$AAr?$AAa?$AAy?$AA?$CI?$AAl?$AAe?$AAn?$AAg?$AAt?$AAh?$AA?$DN?$AA?$CF?$AAl?$AAl?$AAd?$AA?0?$AA?5?$AAe?$AAl?$AAe?$AAm?$AAe?$AAn?$AAt?$AA_?$AAs?$AAi?$AAz?$AAe?$AA?$DN@ 0000000140010b70     dbg_.-runtime.o
 0002:00002bbe       ??_C@_15IPOKAMGA@?$AA?$HL?$AA?5?$AA?$AA@ 0000000140010bbe     dbg_.-runtime.o
 0002:00002bc4       ??_C@_13EHOOFIKC@?$AA?$HN?$AA?$AA@ 0000000140010bc4     dbg_.-runtime.o
 0002:00002bc8       ??_C@_15JOGBDECP@?$AA?0?$AA?5?$AA?$AA@ 0000000140010bc8     dbg_.-runtime.o
 0002:00002bce       ??_C@_1CG@OGLIMIIK@?$AAC?$AAl?$AAa?$AAs?$AAs?$AA?$CI?$AAf?$AAi?$AAr?$AAs?$AAt?$AA4?$AAb?$AAy?$AAt?$AAe?$AAs?$AA?$DN?$AA?$AA@ 0000000140010bce     dbg_.-runtime.o
 0002:00002bf4       ??_C@_1DM@HBMDBMCD@?$AAO?$AAb?$AAj?$AAe?$AAc?$AAt?$AA?5?$AAo?$AAf?$AA?5?$AAu?$AAn?$AAk?$AAn?$AAo?$AAw?$AAn?$AA?5?$AAt?$AAy?$AAp?$AAe?$AA?3?$AA?5?$AA?$CF?$AA0?$AA2?$AAx?$AA?6?$AA?$AA@ 0000000140010bf4     dbg_.-runtime.o
 0002:00002c30       ??_C@_1IG@BMJCMEJF@?$AAW?$AAo?$AAr?$AAk?$AAe?$AAr?$AA?5?$AAa?$AAd?$AAd?$AA?5?$AAt?$AAo?$AA?5?$AAw?$AAa?$AAi?$AAt?$AA?5?$AAl?$AAi?$AAs?$AAt?$AA?5?$AA?$FL?$AAi?$AAd?$AA?$DN?$AA?$CF?$AAl?$AAl?$AAd@ 0000000140010c30     dbg_.-runtime.o
 0002:00002cb6       ??_C@_1EI@FJBGIEMF@?$AAW?$AAo?$AAr?$AAk?$AAe?$AAr?$AA?5?$AAe?$AAn?$AAq?$AAu?$AAe?$AAu?$AAe?$AAd?$AA?5?$AA?$FL?$AAi?$AAd?$AA?$DN?$AA?$CF?$AAl?$AAl?$AAd?$AA?0?$AA?5?$AAd?$AAa?$AAt?$AAa?$AA?$DN?$AA?$CF@ 0000000140010cb6     dbg_.-runtime.o
 0002:00002cfe       ??_C@_1CC@OGJGNONI@?$AAw?$AAa?$AAi?$AAt?$AA?5?$AAl?$AAi?$AAs?$AAt?$AA?3?$AA?5?$AA?$CF?$AAl?$AAl?$AAd?$AA?6?$AA?$AA@ 0000000140010cfe     dbg_.-runtime.o
 0002:00002d20       ??_C@_1GM@IJHLNMBE@?$AAt?$AAh?$AAr?$AAe?$AAa?$AAd?$AA?5?$AA?$CF?$AAl?$AAl?$AAd?$AA?3?$AA?5?$AA?5?$AAW?$AAa?$AAi?$AAt?$AA?$HM?$AAQ?$AAu?$AAe?$AAu?$AAe?$AAd?$AA?5?$AA?$CF?$AAl?$AAl?$AAd?$AA?$HM?$AA?$CF@ 0000000140010d20     dbg_.-runtime.o
 0002:00002d8c       ??_C@_1CO@BAHOKHFI@?$AA?6?$AAS?$AAh?$AAe?$AAd?$AAu?$AAl?$AAi?$AAn?$AAg?$AA?5?$AAn?$AAe?$AAw?$AA?5?$AAw?$AAo?$AAr?$AAk?$AAe?$AAr?$AA?6?$AA?$AA@ 0000000140010d8c     dbg_.-runtime.o
 0002:00002dba       ??_C@_1II@BKKMGADK@?$AAC?$AAo?$AAn?$AAt?$AAi?$AAn?$AAu?$AAe?$AA?5?$AAw?$AAo?$AAr?$AAk?$AAe?$AAr?$AA?5?$AA?$CF?$AAl?$AAl?$AAd?$AA?5?$AAf?$AAr?$AAo?$AAm?$AA?5?$AAd?$AAa?$AAt?$AAa?$AA?$DN?$AA?$CF@ 0000000140010dba     dbg_.-runtime.o
 0002:00002e42       ??_C@_1DC@OKNAINOC@?$AAc?$AAo?$AAp?$AAy?$AA?$CI?$AA?$CF?$AAp?$AA?$CJ?$AA?$DN?$AAq?$AAu?$AAe?$AAu?$AAe?$AA?$FL?$AA?$CF?$AAl?$AAl?$AAd?$AA?$FN?$AA?$DN?$AA?$CF?$AAp?$AA?6?$AA?$AA@ 0000000140010e42     dbg_.-runtime.o
 0002:00002e74       ??_C@_1FE@PPKJADDP@?$AAW?$AAa?$AAn?$AAt?$AA?5?$AAr?$AAu?$AAn?$AA?5?$AAr?$AAe?$AAm?$AAo?$AAt?$AAe?$AA?0?$AA?5?$AAb?$AAu?$AAt?$AA?3?$AA?5?$AA?$CF?$AAl?$AAl?$AAd?$AA?5?$AA?$CF?$AAl?$AAl?$AAd?$AA?5@ 0000000140010e74     dbg_.-runtime.o
 0002:00002ec8       ??_C@_1GC@JGFAAALF@?$AAS?$AAt?$AAa?$AAr?$AAt?$AAi?$AAn?$AAg?$AA?5?$AAn?$AAe?$AAw?$AA?5?$AAl?$AAo?$AAc?$AAa?$AAl?$AA?5?$AAw?$AAo?$AAr?$AAk?$AAe?$AAr?$AA?5?$AA?$CF?$AAl?$AAl?$AAd?$AA?5?$AA?$FL@ 0000000140010ec8     dbg_.-runtime.o
 0002:00002f2a       ??_C@_1EG@KLACJNPC@?$AAE?$AAr?$AAr?$AAo?$AAr?$AA?3?$AA?5?$AAt?$AAh?$AAi?$AAs?$AA?5?$AAi?$AAs?$AAn?$AA?8?$AAt?$AA?5?$AAh?$AAi?$AAv?$AAe?$AA?5?$AAe?$AAx?$AAe?$AAc?$AAu?$AAt?$AAa?$AAb?$AAl@ 0000000140010f2a     dbg_.-runtime.o
 0002:00002f70       ??_C@_1GG@OIFEBPCL@?$AAE?$AAr?$AAr?$AAo?$AAr?$AA?3?$AA?5?$AAt?$AAh?$AAi?$AAs?$AA?5?$AAi?$AAs?$AA?5?$AAe?$AAx?$AAe?$AAc?$AAu?$AAt?$AAa?$AAb?$AAl?$AAe?$AA?5?$AAo?$AAf?$AA?5?$AAn?$AAo?$AAt@ 0000000140010f70     dbg_.-runtime.o
 0002:00002fd6       ??_C@_1DC@FFLNADD@?$AAE?$AAr?$AAr?$AAo?$AAr?$AA?3?$AA?5?$AAw?$AAi?$AAn?$AAa?$AAp?$AAi?$AA?5?$AAe?$AAr?$AAr?$AAo?$AAr?$AA?5?$AA?$CF?$AAl?$AAd?$AA?6?$AA?$AA@ 0000000140010fd6     dbg_.-runtime.o
 0002:00003008       ??_C@_1DE@BIGGJJBN@?$AAh?$AAe?$AAa?$AAd?$AAe?$AAr?$AA?5?$AA?$CF?$AAl?$AAl?$AAd?$AA?5?$AAo?$AAf?$AA?5?$AAs?$AAi?$AAz?$AAe?$AA?5?$AA?$CF?$AAl?$AAl?$AAd?$AA?6?$AA?$AA@ 0000000140011008     dbg_.-runtime.o
 0002:0000303c       ??_C@_1BK@JJBOCJJN@?$AAs?$AAe?$AAt?$AA?5?$AAt?$AAo?$AA?5?$AA?$CF?$AAl?$AAl?$AAd?$AA?5?$AA?$AA@ 000000014001103c     dbg_.-runtime.o
 0002:00003056       ??_C@_1JE@CPFCJBNI@?$AAE?$AAR?$AAR?$AAO?$AAR?$AA?3?$AA?5?$AAR?$AAu?$AAn?$AAt?$AAi?$AAm?$AAe?$AA?5?$AAe?$AAn?$AAd?$AAp?$AAo?$AAi?$AAn?$AAt?$AA?5?$AA?$CF?$AAl?$AAl?$AAd?$AA?5?$AAd?$AAo?$AAe@ 0000000140011056     dbg_.-runtime.o
 0002:000030ea       ??_C@_1BA@LPJEKMJJ@?$AAp?$AAt?$AAr?$AA?$DN?$AA?$CF?$AAp?$AA?6?$AA?$AA@ 00000001400110ea     dbg_.-runtime.o
 0002:000030fa       ??_C@_1IG@FGNNCHGH@?$AAw?$AAo?$AAr?$AAk?$AAe?$AAr?$AA?5?$AA?$CF?$AAl?$AAl?$AAd?$AA?5?$AAi?$AAs?$AA?5?$AAd?$AAl?$AAl?$AA?5?$AAc?$AAa?$AAl?$AAl?$AA?5?$AAo?$AAf?$AA?5?$AAl?$AAi?$AAb?$AAr?$AAa@ 00000001400110fa     dbg_.-runtime.o
 0002:00003180       ??_C@_1CG@BIKDCCPC@?$AAs?$AAt?$AAa?$AAc?$AAk?$AA?5?$AAu?$AAs?$AAa?$AAg?$AAe?$AA?3?$AA?5?$AA?$CF?$AAl?$AAl?$AAd?$AA?6?$AA?$AA@ 0000000140011180     dbg_.-runtime.o
 0002:000031a6       ??_C@_1GK@IGPNAPLE@?$AAo?$AAu?$AAt?$AAp?$AAu?$AAt?$AA?5?$AAh?$AAa?$AAv?$AAe?$AA?5?$AAs?$AAi?$AAz?$AAe?$AA?5?$AA?$CF?$AAl?$AAl?$AAd?$AA?5?$AA?$FL?$AAa?$AAn?$AAd?$AA?5?$AAa?$AAr?$AAg?$AAs?$AA?5@ 00000001400111a6     dbg_.-runtime.o
 0002:00003210       ??_C@_1DM@EEDFDKOL@?$AAa?$AAr?$AAg?$AAu?$AAm?$AAe?$AAn?$AAt?$AA?5?$AA?$CF?$AAl?$AAl?$AAd?$AA?5?$AAh?$AAa?$AAv?$AAe?$AA?5?$AAs?$AAi?$AAz?$AAe?$AA?5?$AA?$CF?$AAl?$AAl?$AAd?$AA?6?$AA?$AA@ 0000000140011210     dbg_.-runtime.o
 0002:0000324c       ??_C@_1KM@JOOLBIFF@?$AAW?$AAo?$AAr?$AAk?$AAe?$AAr?$AA?5?$AA?$CF?$AAl?$AAl?$AAd?$AA?5?$AA?$FL?$AAx?$AA6?$AA4?$AA?$FN?$AA?5?$AAh?$AAa?$AAv?$AAe?$AA?5?$AAb?$AAe?$AAe?$AAn?$AA?5?$AAl?$AAo?$AAa?$AAd@ 000000014001124c     dbg_.-runtime.o
 0002:000032f8       ??_C@_1HI@GNCDLKLI@?$AAE?$AAr?$AAr?$AAo?$AAr?$AA?3?$AA?5?$AAr?$AAu?$AAn?$AAt?$AAi?$AAm?$AAe?$AA?5?$AAd?$AAo?$AAe?$AAs?$AAn?$AA?8?$AAt?$AA?5?$AAs?$AAu?$AAp?$AAp?$AAo?$AAr?$AAt?$AA?5?$AAs@ 00000001400112f8     dbg_.-runtime.o
 0002:00003370       ??_C@_1LG@BJCBGCLK@?$AAW?$AAo?$AAr?$AAk?$AAe?$AAr?$AA?5?$AA?$CF?$AAl?$AAl?$AAd?$AA?5?$AA?$FL?$AAG?$AAP?$AAU?$AA?$FN?$AA?5?$AAh?$AAa?$AAv?$AAe?$AA?5?$AAb?$AAe?$AAe?$AAn?$AA?5?$AAl?$AAo?$AAa?$AAd@ 0000000140011370     dbg_.-runtime.o
 0002:00003426       ??_C@_1EC@HLLMLNEL@?$AAE?$AAr?$AAr?$AAo?$AAr?$AA?3?$AA?5?$AAu?$AAn?$AAk?$AAn?$AAo?$AAw?$AAn?$AA?5?$AAh?$AAe?$AAa?$AAd?$AAe?$AAr?$AA?5?$AAt?$AAy?$AAp?$AAe?$AA?5?$AA?$CF?$AAl?$AAl?$AAd?$AA?6@ 0000000140011426     dbg_.-runtime.o
 0002:00003468       ??_C@_1DI@MLNAPEIE@?$AAS?$AAh?$AAe?$AAd?$AAu?$AAl?$AAe?$AAr?$AAI?$AAn?$AAs?$AAt?$AAa?$AAn?$AAc?$AAe?$AA?5?$AAc?$AAo?$AAm?$AAp?$AAl?$AAe?$AAt?$AAe?$AAd?$AA?6?$AA?$AA@ 0000000140011468     dbg_.-runtime.o
 0002:000034a0       ??_C@_1CC@MEKDJGLK@?$AAp?$AAr?$AAo?$AAm?$AAi?$AAs?$AAe?$AA?5?$AAn?$AAo?$AAt?$AA?5?$AAs?$AAe?$AAt?$AA?6?$AA?$AA@ 00000001400114a0     dbg_.-runtime.o
 0002:000034c2       ??_C@_1CG@NNOPFBAI@?$AAp?$AAr?$AAo?$AAm?$AAi?$AAs?$AAe?$AA?5?$AAn?$AAo?$AAt?$AA?5?$AAf?$AAo?$AAu?$AAn?$AAd?$AA?6?$AA?$AA@ 00000001400114c2     dbg_.-runtime.o
 0002:000034e8       ??_C@_1EK@KKIKLCHH@?$AAG?$AAp?$AAu?$AA?5?$AAs?$AAu?$AAs?$AAs?$AAy?$AAs?$AAt?$AAe?$AAm?$AA?5?$AAi?$AAn?$AAi?$AAt?$AAi?$AAa?$AAl?$AAi?$AAz?$AAa?$AAt?$AAi?$AAo?$AAn?$AA?5?$AAf?$AAa?$AAi@ 00000001400114e8     dbg_.-runtime.o
 0002:00003532       ??_C@_1CC@DEIAIPBB@?$AA?4?$AA?4?$AA?1?$AA?4?$AA?4?$AA?1?$AA?4?$AA?4?$AA?1?$AAr?$AAe?$AAs?$AA?4?$AAb?$AAi?$AAn?$AA?$AA@ 0000000140011532     dbg_.-runtime.o
 0002:00003554       ??_C@_1FC@OGJDIOEJ@?$AAE?$AAr?$AAr?$AAo?$AAr?$AA?3?$AA?5?$AAc?$AAa?$AAn?$AA?8?$AAt?$AA?5?$AAo?$AAp?$AAe?$AAn?$AA?5?$AA?4?$AA?4?$AA?1?$AA?4?$AA?4?$AA?1?$AA?4?$AA?4?$AA?1?$AAr?$AAe?$AAs?$AA?4?$AAb@ 0000000140011554     dbg_.-runtime.o
 0002:000035a6       ??_C@_1DA@COAPAANM@?$AAE?$AAr?$AAr?$AAo?$AAr?$AA?3?$AA?5?$AAa?$AAt?$AA?5?$AAl?$AAo?$AAa?$AAd?$AAi?$AAn?$AAg?$AA?5?$AAf?$AAi?$AAl?$AAe?$AA?6?$AA?$AA@ 00000001400115a6     dbg_.-runtime.o
 0002:000035d6       ??_C@_1DM@FEOJJAHB@?$AAS?$AAt?$AAa?$AAr?$AAt?$AAi?$AAn?$AAg?$AA?5?$AAw?$AAi?$AAt?$AAh?$AAo?$AAu?$AAt?$AA?5?$AAa?$AAn?$AAy?$AA?5?$AAw?$AAo?$AAr?$AAk?$AAe?$AAr?$AAs?$AA?6?$AA?$AA@ 00000001400115d6     dbg_.-runtime.o
 0002:00003612       ??_C@_1CG@PNBFEFIC@?$AAR?$AAE?$AAA?$AAD?$AAI?$AAN?$AAG?$AA?5?$AAI?$AAN?$AAP?$AAU?$AAT?$AA?5?$AAA?$AAS?$AA?3?$AA?5?$AA?$AA@ 0000000140011612     dbg_.-runtime.o
 0002:00003638       ??_C@_1M@HLHACGAA@?$AA?$CF?$AAl?$AAl?$AAd?$AA?5?$AA?$AA@ 0000000140011638     dbg_.-runtime.o
 0002:00003644       ??_C@_1CM@PELCBDJ@?$AAE?$AAn?$AAt?$AAr?$AAy?$AA?5?$AAw?$AAo?$AAr?$AAk?$AAe?$AAr?$AA?5?$AAi?$AAd?$AA?$DN?$AA?$CF?$AAl?$AAl?$AAd?$AA?6?$AA?$AA@ 0000000140011644     dbg_.-runtime.o
 0002:00003670       ??_C@_1DA@FBHJAJPI@?$AAr?$AAe?$AAs?$AAu?$AAl?$AAt?$AA?5?$AAp?$AAr?$AAo?$AAm?$AAi?$AAs?$AAe?$AA?5?$AA?$CF?$AAp?$AA?5?$AA?$CF?$AAl?$AAl?$AAd?$AA?6?$AA?$AA@ 0000000140011670     dbg_.-runtime.o
 0002:000036a0       ??_C@_1BI@KEMCAKCM@?$AAR?$AAu?$AAn?$AAn?$AAi?$AAn?$AAg?$AA?4?$AA?4?$AA?4?$AA?6?$AA?$AA@ 00000001400116a0     dbg_.-runtime.o
 0002:000036b8       ??_C@_1DM@HCILGOPA@?$AAF?$AAa?$AAi?$AAl?$AAe?$AAd?$AA?5?$AAt?$AAo?$AA?5?$AAc?$AAr?$AAe?$AAa?$AAt?$AAe?$AA?5?$AAt?$AAh?$AAr?$AAe?$AAa?$AAd?$AA?5?$AA?$CF?$AAl?$AAl?$AAd?$AA?6?$AA?$AA@ 00000001400116b8     dbg_.-runtime.o
 0002:000036f4       ??_C@_1CE@FBEJGOMB@?$AAP?$AAr?$AAo?$AAg?$AAr?$AAa?$AAm?$AA?5?$AAf?$AAi?$AAn?$AAi?$AAs?$AAh?$AAe?$AAd?$AA?6?$AA?$AA@ 00000001400116f4     dbg_.-runtime.o
 0002:00003718       ??_C@_1EK@FDFELEEK@?$AAR?$AAe?$AAs?$AAu?$AAl?$AAt?$AA?5?$AAp?$AAr?$AAo?$AAm?$AAi?$AAs?$AAe?$AA?5?$AAn?$AAo?$AAt?$AA?5?$AAf?$AAo?$AAu?$AAn?$AAd?$AA?5?$AAo?$AAn?$AA?5?$AAm?$AAa?$AAc?$AAh@ 0000000140011718     dbg_.-runtime.o
 0002:00003762       ??_C@_1DO@BFPIHEIA@?$AAP?$AAr?$AAo?$AAg?$AAr?$AAa?$AAm?$AA?5?$AAe?$AAx?$AAi?$AAt?$AAe?$AAd?$AA?5?$AAw?$AAi?$AAt?$AAh?$AA?5?$AAc?$AAo?$AAd?$AAe?$AA?5?$AA?$CF?$AAl?$AAl?$AAx?$AA?6?$AA?$AA@ 0000000140011762     dbg_.-runtime.o
 0002:000037a0       ??_C@_1CK@DKIDNDNE@?$AAP?$AAr?$AAe?$AAs?$AAs?$AA?5?$AAC?$AAt?$AAr?$AAl?$AA?$CL?$AAC?$AA?5?$AAt?$AAo?$AA?5?$AAe?$AAn?$AAd?$AA?6?$AA?$AA@ 00000001400117a0     dbg_.-runtime.o
 0002:000037ca       ??_C@_1GO@CEANDIOF@?$AAR?$AAe?$AAs?$AAu?$AAl?$AAt?$AA?5?$AAo?$AAf?$AA?5?$AAm?$AAa?$AAi?$AAn?$AA?5?$AAf?$AAu?$AAn?$AAc?$AAt?$AAi?$AAo?$AAn?$AA?5?$AAi?$AAs?$AAn?$AA?8?$AAt?$AA?5?$AAr?$AAe@ 00000001400117ca     dbg_.-runtime.o
 0002:00003838       RtlNtPathSeperatorString   0000000140011838     ws2_32:indef.obj
 0002:00003848       ??_C@_13FPGAJAPJ@?$AA?2@   0000000140011848     ws2_32:indef.obj
 0002:00003850       RtlDosPathSeperatorsString 0000000140011850     ws2_32:indef.obj
 0002:00003860       ??_C@_15MNCACJLI@?$AA?2?$AA?1@ 0000000140011860     ws2_32:indef.obj
 0002:00003868       RtlAlternateDosPathSeperatorString 0000000140011868     ws2_32:indef.obj
 0002:00003878       ??_C@_13CGOKJPIL@?$AA?1@   0000000140011878     ws2_32:indef.obj
 0002:0000387c       eui48_broadcast            000000014001187c     ws2_32:indef.obj
 0002:000038f8       scopeid_unspecified        00000001400118f8     ws2_32:indef.obj
 0002:000038fc       in4addr_any                00000001400118fc     ws2_32:indef.obj
 0002:00003900       in4addr_loopback           0000000140011900     ws2_32:indef.obj
 0002:00003904       in4addr_broadcast          0000000140011904     ws2_32:indef.obj
 0002:00003908       in4addr_allnodesonlink     0000000140011908     ws2_32:indef.obj
 0002:0000390c       in4addr_allroutersonlink   000000014001190c     ws2_32:indef.obj
 0002:00003910       in4addr_alligmpv3routersonlink 0000000140011910     ws2_32:indef.obj
 0002:00003914       in4addr_allteredohostsonlink 0000000140011914     ws2_32:indef.obj
 0002:00003918       in4addr_linklocalprefix    0000000140011918     ws2_32:indef.obj
 0002:0000391c       in4addr_multicastprefix    000000014001191c     ws2_32:indef.obj
 0002:00003920       in6addr_any                0000000140011920     ws2_32:indef.obj
 0002:00003930       in6addr_loopback           0000000140011930     ws2_32:indef.obj
 0002:00003940       in6addr_allnodesonnode     0000000140011940     ws2_32:indef.obj
 0002:00003950       in6addr_allnodesonlink     0000000140011950     ws2_32:indef.obj
 0002:00003960       in6addr_allroutersonlink   0000000140011960     ws2_32:indef.obj
 0002:00003970       in6addr_allmldv2routersonlink 0000000140011970     ws2_32:indef.obj
 0002:00003980       in6addr_teredoinitiallinklocaladdress 0000000140011980     ws2_32:indef.obj
 0002:00003990       in6addr_linklocalprefix    0000000140011990     ws2_32:indef.obj
 0002:000039a0       in6addr_multicastprefix    00000001400119a0     ws2_32:indef.obj
 0002:000039b0       in6addr_solicitednodemulticastprefix 00000001400119b0     ws2_32:indef.obj
 0002:000039c0       in6addr_v4mappedprefix     00000001400119c0     ws2_32:indef.obj
 0002:000039d0       in6addr_6to4prefix         00000001400119d0     ws2_32:indef.obj
 0002:000039e0       in6addr_teredoprefix       00000001400119e0     ws2_32:indef.obj
 0002:000039f0       in6addr_teredoprefix_old   00000001400119f0     ws2_32:indef.obj
 0002:00003a10       BUGCHECK_EFI_GUID          0000000140011a10     ws2_32:indef.obj
 0002:00003d40       __imp_CommandLineToArgvW   0000000140011d40     shell32:SHELL32.dll
 0002:00003d50       __imp_AcquireSRWLockExclusive 0000000140011d50     kernel32:KERNEL32.dll
 0002:00003d58       __imp_AcquireSRWLockShared 0000000140011d58     kernel32:KERNEL32.dll
 0002:00003d60       __imp_CloseHandle          0000000140011d60     kernel32:KERNEL32.dll
 0002:00003d68       __imp_CreateFileW          0000000140011d68     kernel32:KERNEL32.dll
 0002:00003d70       __imp_CreateIoCompletionPort 0000000140011d70     kernel32:KERNEL32.dll
 0002:00003d78       __imp_CreateThread         0000000140011d78     kernel32:KERNEL32.dll
 0002:00003d80       __imp_ExitProcess          0000000140011d80     kernel32:KERNEL32.dll
 0002:00003d88       __imp_FormatMessageW       0000000140011d88     kernel32:KERNEL32.dll
 0002:00003d90       __imp_GetCommandLineW      0000000140011d90     kernel32:KERNEL32.dll
 0002:00003d98       __imp_GetConsoleMode       0000000140011d98     kernel32:KERNEL32.dll
 0002:00003da0       __imp_GetFileSizeEx        0000000140011da0     kernel32:KERNEL32.dll
 0002:00003da8       __imp_GetLastError         0000000140011da8     kernel32:KERNEL32.dll
 0002:00003db0       __imp_GetProcAddress       0000000140011db0     kernel32:KERNEL32.dll
 0002:00003db8       __imp_GetProcessHeap       0000000140011db8     kernel32:KERNEL32.dll
 0002:00003dc0       __imp_GetQueuedCompletionStatus 0000000140011dc0     kernel32:KERNEL32.dll
 0002:00003dc8       __imp_GetStdHandle         0000000140011dc8     kernel32:KERNEL32.dll
 0002:00003dd0       __imp_HeapAlloc            0000000140011dd0     kernel32:KERNEL32.dll
 0002:00003dd8       __imp_HeapFree             0000000140011dd8     kernel32:KERNEL32.dll
 0002:00003de0       __imp_HeapReAlloc          0000000140011de0     kernel32:KERNEL32.dll
 0002:00003de8       __imp_LoadLibraryA         0000000140011de8     kernel32:KERNEL32.dll
 0002:00003df0       __imp_MultiByteToWideChar  0000000140011df0     kernel32:KERNEL32.dll
 0002:00003df8       __imp_QueryPerformanceCounter 0000000140011df8     kernel32:KERNEL32.dll
 0002:00003e00       __imp_QueryPerformanceFrequency 0000000140011e00     kernel32:KERNEL32.dll
 0002:00003e08       __imp_ReadConsoleW         0000000140011e08     kernel32:KERNEL32.dll
 0002:00003e10       __imp_ReadFile             0000000140011e10     kernel32:KERNEL32.dll
 0002:00003e18       __imp_ReleaseSRWLockExclusive 0000000140011e18     kernel32:KERNEL32.dll
 0002:00003e20       __imp_ReleaseSRWLockShared 0000000140011e20     kernel32:KERNEL32.dll
 0002:00003e28       __imp_Sleep                0000000140011e28     kernel32:KERNEL32.dll
 0002:00003e30       __imp_TlsAlloc             0000000140011e30     kernel32:KERNEL32.dll
 0002:00003e38       __imp_TlsFree              0000000140011e38     kernel32:KERNEL32.dll
 0002:00003e40       __imp_TlsGetValue          0000000140011e40     kernel32:KERNEL32.dll
 0002:00003e48       __imp_TlsSetValue          0000000140011e48     kernel32:KERNEL32.dll
 0002:00003e50       __imp_TryAcquireSRWLockExclusive 0000000140011e50     kernel32:KERNEL32.dll
 0002:00003e58       __imp_VirtualAlloc         0000000140011e58     kernel32:KERNEL32.dll
 0002:00003e60       __imp_WaitForMultipleObjects 0000000140011e60     kernel32:KERNEL32.dll
 0002:00003e68       __imp_WriteConsoleW        0000000140011e68     kernel32:KERNEL32.dll
 0002:00003e78       __imp_BCryptGenRandom      0000000140011e78     bcrypt:bcrypt.dll
 0002:00003e88       __imp_WSARecv              0000000140011e88     ws2_32:WS2_32.dll
 0002:00003e90       __imp_WSAStartup           0000000140011e90     ws2_32:WS2_32.dll
 0002:00003e98       __imp_accept               0000000140011e98     ws2_32:WS2_32.dll
 0002:00003ea0       __imp_bind                 0000000140011ea0     ws2_32:WS2_32.dll
 0002:00003ea8       __imp_closesocket          0000000140011ea8     ws2_32:WS2_32.dll
 0002:00003eb0       __imp_connect              0000000140011eb0     ws2_32:WS2_32.dll
 0002:00003eb8       __imp_freeaddrinfo         0000000140011eb8     ws2_32:WS2_32.dll
 0002:00003ec0       __imp_getaddrinfo          0000000140011ec0     ws2_32:WS2_32.dll
 0002:00003ec8       __imp_getpeername          0000000140011ec8     ws2_32:WS2_32.dll
 0002:00003ed0       __imp_getsockname          0000000140011ed0     ws2_32:WS2_32.dll
 0002:00003ed8       __imp_htons                0000000140011ed8     ws2_32:WS2_32.dll
 0002:00003ee0       __imp_inet_ntop            0000000140011ee0     ws2_32:WS2_32.dll
 0002:00003ee8       __imp_listen               0000000140011ee8     ws2_32:WS2_32.dll
 0002:00003ef0       __imp_ntohs                0000000140011ef0     ws2_32:WS2_32.dll
 0002:00003ef8       __imp_send                 0000000140011ef8     ws2_32:WS2_32.dll
 0002:00003f00       __imp_setsockopt           0000000140011f00     ws2_32:WS2_32.dll
 0002:00003f08       __imp_socket               0000000140011f08     ws2_32:WS2_32.dll
 0002:00003f18       __imp_clBuildProgram       0000000140011f18     OpenCL:OpenCL.dll
 0002:00003f20       __imp_clCreateBuffer       0000000140011f20     OpenCL:OpenCL.dll
 0002:00003f28       __imp_clCreateCommandQueueWithProperties 0000000140011f28     OpenCL:OpenCL.dll
 0002:00003f30       __imp_clCreateContext      0000000140011f30     OpenCL:OpenCL.dll
 0002:00003f38       __imp_clCreateKernel       0000000140011f38     OpenCL:OpenCL.dll
 0002:00003f40       __imp_clCreateProgramWithSource 0000000140011f40     OpenCL:OpenCL.dll
 0002:00003f48       __imp_clEnqueueNDRangeKernel 0000000140011f48     OpenCL:OpenCL.dll
 0002:00003f50       __imp_clFinish             0000000140011f50     OpenCL:OpenCL.dll
 0002:00003f58       __imp_clGetDeviceIDs       0000000140011f58     OpenCL:OpenCL.dll
 0002:00003f60       __imp_clGetDeviceInfo      0000000140011f60     OpenCL:OpenCL.dll
 0002:00003f68       __imp_clGetPlatformIDs     0000000140011f68     OpenCL:OpenCL.dll
 0002:00003f70       __imp_clGetPlatformInfo    0000000140011f70     OpenCL:OpenCL.dll
 0002:00003f78       __imp_clGetProgramBuildInfo 0000000140011f78     OpenCL:OpenCL.dll
 0003:00000000       server_port                0000000140013000     dbg_.-remote.o
 0003:00000008       thisServerId               0000000140013008     dbg_.-remote.o
 0003:00000010       Providers                  0000000140013010     dbg_.-runtime.o
 0003:00000040       AddressFamilyInformation   0000000140013040     ws2_32:indef.obj
 0003:00000070       connections_lock           0000000140013070     dbg_.-api.o
 0003:00000078       connections_len            0000000140013078     dbg_.-api.o
 0003:00000080       pages_lock                 0000000140013080     dbg_.-api.o
 0003:00000088       pages_len                  0000000140013088     dbg_.-api.o
 0003:00000090       known_id_broadcasts        0000000140013090     dbg_.-api.o
 0003:000000b0       known_page_broadcasts      00000001400130b0     dbg_.-api.o
 0003:000000d0       known_path_broadcasts      00000001400130d0     dbg_.-api.o
 0003:000000f0       known_path_id_broadcasts   00000001400130f0     dbg_.-api.o
 0003:00000110       local_objects              0000000140013110     dbg_.-api.o
 0003:00000130       known_objects              0000000140013130     dbg_.-api.o
 0003:00000150       query_requests             0000000140013150     dbg_.-api.o
 0003:00000170       push_requests              0000000140013170     dbg_.-api.o
 0003:00000190       known_hives                0000000140013190     dbg_.-api.o
 0003:000001b0       connections                00000001400131b0     dbg_.-api.o
 0003:000021b0       pages                      00000001400151b0     dbg_.-api.o
 0003:00002db0       SL_best_platform           0000000140015db0     dbg_.-gpu_subsystem.o
 0003:00002db4       SL_best_platform_value     0000000140015db4     dbg_.-gpu_subsystem.o
 0003:00002db8       SL_platforms_len           0000000140015db8     dbg_.-gpu_subsystem.o
 0003:00002dc0       SL_platforms               0000000140015dc0     dbg_.-gpu_subsystem.o
 0003:00002e40       SL_devices                 0000000140015e40     dbg_.-gpu_subsystem.o
 0003:00003240       SL_devices_len             0000000140016240     dbg_.-gpu_subsystem.o
 0003:00003280       SL_context                 0000000140016280     dbg_.-gpu_subsystem.o
 0003:00003290       SL_queues                  0000000140016290     dbg_.-gpu_subsystem.o
 0003:00003690       SL_queues_len              0000000140016690     dbg_.-gpu_subsystem.o
 0003:000036d0       ServerIdGetLock            00000001400166d0     dbg_.-remote.o
 0003:000036d8       next_local_id              00000001400166d8     dbg_.-remote.o
 0003:000036e0       hIOCP                      00000001400166e0     dbg_.-remote.o
 0003:00003f00       hHeap                      0000000140016f00     dbg_.-runtime_lib.o
 0003:00003f08       hInput                     0000000140016f08     dbg_.-runtime_lib.o
 0003:00003f10       buf                        0000000140016f10     dbg_.-runtime_lib.o
 0003:00004f10       hOutput                    0000000140017f10     dbg_.-runtime_lib.o
 0003:00004f18       frequency                  0000000140017f18     dbg_.-runtime_lib.o
 0003:00004f20       Workers                    0000000140017f20     dbg_.-runtime.o
 0003:00005880       wait_list_lock             0000000140018880     dbg_.-runtime.o
 0003:00005888       wait_list_len              0000000140018888     dbg_.-runtime.o
 0003:00005890       queue_lock                 0000000140018890     dbg_.-runtime.o
 0003:00005898       queue_len                  0000000140018898     dbg_.-runtime.o
 0003:000058a0       dwTlsIndex                 00000001400188a0     dbg_.-runtime.o
 0003:000058b0       wait_list                  00000001400188b0     dbg_.-runtime.o
 0003:000c8db0       queue                      00000001400dbdb0     dbg_.-runtime.o
 0003:000dc630       defined_arrays             00000001400ef630     dbg_.-runtime.o
 0003:000dc638       ExPoolZeroingNativelySupported 00000001400ef638     ws2_32:indef.obj
 0004:00000000       context                    00000001400f0000     asm_dbg.o

 entry point at         0001:0000bb40

 Static symbols

 0001:00001cf0       GetKnownHiveHash           0000000140002cf0     dbg_.-api.o
 0001:00006cd0       Worker                     0000000140007cd0     dbg_.-remote.o
 0001:00007270       ConnectionListnerWorker    0000000140008270     dbg_.-remote.o
 0001:00007440       PagesAllocator             0000000140008440     dbg_.-remote.o
 0001:00007510       StateSender                0000000140008510     dbg_.-remote.o
 0001:00007530       HandleApiCall              0000000140008530     dbg_.-remote.o
 0001:0000c134       .text                      000000014000d134     asm_dbg.o
 0002:00003888       IPSEC_AUTH_TRANSFORM_ID_HMAC_MD5_96 0000000140011888     ws2_32:indef.obj
 0002:00003890       IPSEC_AUTH_TRANSFORM_ID_HMAC_SHA_1_96 0000000140011890     ws2_32:indef.obj
 0002:00003898       IPSEC_AUTH_TRANSFORM_ID_HMAC_SHA_256_128 0000000140011898     ws2_32:indef.obj
 0002:000038a0       IPSEC_AUTH_TRANSFORM_ID_GCM_AES_128 00000001400118a0     ws2_32:indef.obj
 0002:000038a8       IPSEC_AUTH_TRANSFORM_ID_GCM_AES_192 00000001400118a8     ws2_32:indef.obj
 0002:000038b0       IPSEC_AUTH_TRANSFORM_ID_GCM_AES_256 00000001400118b0     ws2_32:indef.obj
 0002:000038b8       IPSEC_CIPHER_TRANSFORM_ID_CBC_DES 00000001400118b8     ws2_32:indef.obj
 0002:000038c0       IPSEC_CIPHER_TRANSFORM_ID_CBC_3DES 00000001400118c0     ws2_32:indef.obj
 0002:000038c8       IPSEC_CIPHER_TRANSFORM_ID_AES_128 00000001400118c8     ws2_32:indef.obj
 0002:000038d0       IPSEC_CIPHER_TRANSFORM_ID_AES_192 00000001400118d0     ws2_32:indef.obj
 0002:000038d8       IPSEC_CIPHER_TRANSFORM_ID_AES_256 00000001400118d8     ws2_32:indef.obj
 0002:000038e0       IPSEC_CIPHER_TRANSFORM_ID_GCM_AES_128 00000001400118e0     ws2_32:indef.obj
 0002:000038e8       IPSEC_CIPHER_TRANSFORM_ID_GCM_AES_192 00000001400118e8     ws2_32:indef.obj
 0002:000038f0       IPSEC_CIPHER_TRANSFORM_ID_GCM_AES_256 00000001400118f0     ws2_32:indef.obj
 0002:00003a00       BFE_GENERIC_MAPPING        0000000140011a00     ws2_32:indef.obj
 0003:000036f0       gai_strerrorW.buff         00000001400166f0     dbg_.-remote.o
 0003:000dc639       WFP_TRACE_NULL_DATA        00000001400ef639     ws2_32:indef.obj
 0004:00000000       .data                      00000001400f0000     asm_dbg.o
