 d

 Timestamp is 69920ce3 (Sun Feb 15 21:13:55 2026)

 Preferred load address is 0000000140000000

 Start         Length     Name                   Class
 0001:00000000 000176e9H .text                   CODE
 0001:000176e9 0000125fH .text$mn                CODE
 0002:00000000 00005edcH .rdata                  DATA
 0002:00005edc 00000000H .edata                  DATA
 0002:00005edc 00000164H .rdata$zzzdbg           DATA
 0003:00000000 000004d0H .data                   DATA
 0003:000004d0 001038b5H .bss                    DATA
 0004:00000000 00000508H .idata$5                DATA
 0004:00000508 00000078H .idata$2                DATA
 0004:00000580 00000018H .idata$3                DATA
 0004:00000598 00000508H .idata$4                DATA
 0004:00000aa0 000006aeH .idata$6                DATA

  Address         Publics by Value              Rva+Base               Lib:Object

 0000:00000000       __AbsoluteZero             0000000000000000     <absolute>
 0000:00000000       ___safe_se_handler_count   0000000000000000     <absolute>
 0000:00000000       ___safe_se_handler_table   0000000000000000     <absolute>
 0000:00000000       __arm64x_extra_rfe_table   0000000000000000     <absolute>
 0000:00000000       __arm64x_extra_rfe_table_size 0000000000000000     <absolute>
 0000:00000000       __arm64x_native_entrypoint 0000000000000000     <absolute>
 0000:00000000       __arm64x_redirection_metadata 0000000000000000     <absolute>
 0000:00000000       __arm64x_redirection_metadata_count 0000000000000000     <absolute>
 0000:00000000       __dynamic_value_reloc_table 0000000000000000     <absolute>
 0000:00000000       __enclave_config           0000000000000000     <absolute>
 0000:00000000       __guard_check_icall_a64n_fptr 0000000000000000     <absolute>
 0000:00000000       __guard_eh_cont_count      0000000000000000     <absolute>
 0000:00000000       __guard_eh_cont_table      0000000000000000     <absolute>
 0000:00000000       __guard_fids_count         0000000000000000     <absolute>
 0000:00000000       __guard_fids_table         0000000000000000     <absolute>
 0000:00000000       __guard_iat_count          0000000000000000     <absolute>
 0000:00000000       __guard_iat_table          0000000000000000     <absolute>
 0000:00000000       __guard_longjmp_count      0000000000000000     <absolute>
 0000:00000000       __guard_longjmp_table      0000000000000000     <absolute>
 0000:00000000       __hybrid_auxiliary_delayload_iat 0000000000000000     <absolute>
 0000:00000000       __hybrid_auxiliary_delayload_iat_copy 0000000000000000     <absolute>
 0000:00000000       __hybrid_auxiliary_iat     0000000000000000     <absolute>
 0000:00000000       __hybrid_auxiliary_iat_copy 0000000000000000     <absolute>
 0000:00000000       __hybrid_code_map          0000000000000000     <absolute>
 0000:00000000       __hybrid_code_map_count    0000000000000000     <absolute>
 0000:00000000       __hybrid_image_info_bitfield 0000000000000000     <absolute>
 0000:00000000       __volatile_metadata        0000000000000000     <absolute>
 0000:00000000       __x64_code_ranges_to_entry_points 0000000000000000     <absolute>
 0000:00000000       __x64_code_ranges_to_entry_points_count 0000000000000000     <absolute>
 0000:00000100       __guard_flags              0000000000000100     <absolute>
 0001:000004f0       dllPauseWorker             00000001400014f0 f   dbg_.-dll-await_worker.o
 0001:000005e0       dllCallObject              00000001400015e0 f   dbg_.-dll-call_object.o
 0001:000006b0       dllStartNewLocalWorker     00000001400016b0 f   dbg_.-dll-call_object.o
 0001:00000870       dllExecuteWorker           0000000140001870 f   dbg_.-dll-execute_worker.o
 0001:00001920       gpuPauseWorker             0000000140002920 f   dbg_.-gpu-await_worker.o
 0001:00001a10       gpuCallObject              0000000140002a10 f   dbg_.-gpu-call_object.o
 0001:00001ae0       gpuStartNewLocalWorker     0000000140002ae0 f   dbg_.-gpu-call_object.o
 0001:00001ca0       gpuExecuteWorker           0000000140002ca0 f   dbg_.-gpu-execute_worker.o
 0001:000022d0       gpuNewObjectUsingPage      00000001400032d0 f   dbg_.-gpu-new_object.o
 0001:00002400       gpuNewObject               0000000140003400 f   dbg_.-gpu-new_object.o
 0001:000024b0       gpuPushObject              00000001400034b0 f   dbg_.-gpu-push_object.o
 0001:000024f0       gpuPushPipe                00000001400034f0 f   dbg_.-gpu-push_object.o
 0001:00002540       gpuQueryObject             0000000140003540 f   dbg_.-gpu-query_object.o
 0001:00002580       gpuQueryPipe               0000000140003580 f   dbg_.-gpu-query_object.o
 0001:000025e0       locNewObjectUsingPage      00000001400035e0 f   dbg_.-loc-new_object.o
 0001:00002ae0       locNewObject               0000000140003ae0 f   dbg_.-loc-new_object.o
 0001:00002c80       locUpdateLocalPush         0000000140003c80 f   dbg_.-loc-push_object.o
 0001:00002da0       locQueryLocalObject        0000000140003da0 f   dbg_.-loc-query_object.o
 0001:00002f60       x64PauseWorker             0000000140003f60 f   dbg_.-x64-await_worker.o
 0001:00003080       x64CallObject              0000000140004080 f   dbg_.-x64-call_object.o
 0001:00003150       x64StartNewLocalWorker     0000000140004150 f   dbg_.-x64-call_object.o
 0001:00003310       x64ExecuteWorker           0000000140004310 f   dbg_.-x64-execute_worker.o
 0001:00003360       x64TryStallWorker          0000000140004360 f   dbg_.-x64-execute_worker.o
 0001:00003700       x64NewObjectUsingPage      0000000140004700 f   dbg_.-x64-new_object.o
 0001:00003c70       x64NewObjectStates         0000000140004c70 f   dbg_.-x64-new_object.o
 0001:00003d30       x64NewObject               0000000140004d30 f   dbg_.-x64-new_object.o
 0001:00003ff0       x64UpdateLocalPush         0000000140004ff0 f   dbg_.-x64-push_object.o
 0001:000040e0       x64OnPushObject            00000001400050e0 f   dbg_.-x64-push_object.o
 0001:000041a0       x64PushObjectStates        00000001400051a0 f   dbg_.-x64-push_object.o
 0001:00004300       x64PushObject              0000000140005300 f   dbg_.-x64-push_object.o
 0001:00004580       x64PushPipe                0000000140005580 f   dbg_.-x64-push_object.o
 0001:00004730       x64QueryLocalObject        0000000140005730 f   dbg_.-x64-query_object.o
 0001:00004890       x64OnQueryObject           0000000140005890 f   dbg_.-x64-query_object.o
 0001:000049a0       x64QueryObjectStates       00000001400059a0 f   dbg_.-x64-query_object.o
 0001:00004af0       x64QueryObject             0000000140005af0 f   dbg_.-x64-query_object.o
 0001:00004d00       x64QueryPipe               0000000140005d00 f   dbg_.-x64-query_object.o
 0001:00004ec0       x64SleepStates             0000000140005ec0 f   dbg_.-x64-sleep.o
 0001:00004f50       x64Sleep                   0000000140005f50 f   dbg_.-x64-sleep.o
 0001:00005050       equal_bytes                0000000140006050 f   dbg_.-api.o
 0001:00005150       GetHashtableNoLock         0000000140006150 f   dbg_.-api.o
 0001:00005320       SetHashtableNoLock         0000000140006320 f   dbg_.-api.o
 0001:00005620       GetHashtable               0000000140006620 f   dbg_.-api.o
 0001:00005680       SetHashtable               0000000140006680 f   dbg_.-api.o
 0001:000056d0       InitInternalStructures     00000001400066d0 f   dbg_.-api.o
 0001:00005c80       castOnQueryObject          0000000140006c80 f   dbg_.-cast_provider.o
 0001:00005e40       anyCastStates              0000000140006e40 f   dbg_.-cast_provider.o
 0001:00006f20       anyCastProvider            0000000140007f20 f   dbg_.-cast_provider.o
 0001:00007630       init_gpu_subsystem         0000000140008630 f   dbg_.-gpu_subsystem.o
 0001:000090e0       gpuBuildFromText           000000014000a0e0 f   dbg_.-gpu_subsystem.o
 0001:00009430       gpuAlloc                   000000014000a430 f   dbg_.-gpu_subsystem.o
 0001:00009470       gpuRun                     000000014000a470 f   dbg_.-gpu_subsystem.o
 0001:00009520       gpuFinishQueuesOnPlatform  000000014000a520 f   dbg_.-gpu_subsystem.o
 0001:000095a0       gpuFinishQueue             000000014000a5a0 f   dbg_.-gpu_subsystem.o
 0001:00009dc0       StartInitialProcess        000000014000adc0 f   dbg_.-hive_entry.o
 0001:0000a060       is_less                    000000014000b060 f   dbg_.-queue.o
 0001:0000a090       push_up                    000000014000b090 f   dbg_.-queue.o
 0001:0000a1e0       push_down                  000000014000b1e0 f   dbg_.-queue.o
 0001:0000a3b0       queue_init                 000000014000b3b0 f   dbg_.-queue.o
 0001:0000a480       queue_enqueue              000000014000b480 f   dbg_.-queue.o
 0001:0000a590       queue_extract              000000014000b590 f   dbg_.-queue.o
 0001:0000a930       b_send                     000000014000b930 f   dbg_.-remote.o
 0001:0000aa50       b_flush                    000000014000ba50 f   dbg_.-remote.o
 0001:0000aaa0       GetConnectionById          000000014000baa0 f   dbg_.-remote.o
 0001:0000ab30       DumpConnections            000000014000bb30 f   dbg_.-remote.o
 0001:0000ae90       ConfirmPage                000000014000be90 f   dbg_.-remote.o
 0001:0000af30       ConfirmID                  000000014000bf30 f   dbg_.-remote.o
 0001:0000af80       HandleNewConnection        000000014000bf80 f   dbg_.-remote.o
 0001:0000b210       UpdateWaitingPush          000000014000c210 f   dbg_.-remote.o
 0001:0000b450       AnswerPushObject           000000014000c450 f   dbg_.-remote.o
 0001:0000b530       SendPageAllocationConfirm  000000014000c530 f   dbg_.-remote.o
 0001:0000b5d0       SendIDConfirm              000000014000c5d0 f   dbg_.-remote.o
 0001:0000b670       RedirectBroadcastQuery     000000014000c670 f   dbg_.-remote.o
 0001:0000b800       RedirectBroadcastIDQuery   000000014000c800 f   dbg_.-remote.o
 0001:0000b990       ConfirmConnection          000000014000c990 f   dbg_.-remote.o
 0001:0000bc40       InitiateConnection         000000014000cc40 f   dbg_.-remote.o
 0001:0000c0e0       RequestMemoryPage          000000014000d0e0 f   dbg_.-remote.o
 0001:0000c200       RequestServerId            000000014000d200 f   dbg_.-remote.o
 0001:0000c310       AnswerQueryObject          000000014000d310 f   dbg_.-remote.o
 0001:0000c450       AnswerRequestObjectPath    000000014000d450 f   dbg_.-remote.o
 0001:0000c590       RequestObjectPathBroadcast 000000014000d590 f   dbg_.-remote.o
 0001:0000c7b0       AnswerRequestPathToID      000000014000d7b0 f   dbg_.-remote.o
 0001:0000c8f0       RequestPathToIDBroadcast   000000014000d8f0 f   dbg_.-remote.o
 0001:0000cb10       RequestObjectGet           000000014000db10 f   dbg_.-remote.o
 0001:0000cc40       RequestObjectSet           000000014000dc40 f   dbg_.-remote.o
 0001:0000ce50       StartNewWorkerRemote       000000014000de50 f   dbg_.-remote.o
 0001:0000cf90       SendHiveState              000000014000df90 f   dbg_.-remote.o
 0001:0000d130       start_remote_subsystem     000000014000e130 f   dbg_.-remote.o
 0001:000111e0       gai_strerrorW              00000001400121e0 f i dbg_.-remote.o
 0001:00011240       memset                     0000000140012240 f   dbg_.-runtime_lib.o
 0001:000112a0       memcpy                     00000001400122a0 f   dbg_.-runtime_lib.o
 0001:00011310       myMalloc                   0000000140012310 f   dbg_.-runtime_lib.o
 0001:00011360       myPrintf                   0000000140012360 f   dbg_.-runtime_lib.o
 0001:000118d0       myRealloc                  00000001400128d0 f   dbg_.-runtime_lib.o
 0001:00011930       myFree                     0000000140012930 f   dbg_.-runtime_lib.o
 0001:00011970       myAtoll                    0000000140012970 f   dbg_.-runtime_lib.o
 0001:00011ab0       get_char                   0000000140012ab0 f   dbg_.-runtime_lib.o
 0001:00011b90       myScanI64                  0000000140012b90 f   dbg_.-runtime_lib.o
 0001:00011c20       myScanS                    0000000140012c20 f   dbg_.-runtime_lib.o
 0001:00011d20       PrintI64                   0000000140012d20 f   dbg_.-runtime_lib.o
 0001:00011df0       PrintI64H                  0000000140012df0 f   dbg_.-runtime_lib.o
 0001:00011e90       Print2H                    0000000140012e90 f   dbg_.-runtime_lib.o
 0001:00011f30       assertion_failure          0000000140012f30 f   dbg_.-runtime_lib.o
 0001:00011f80       myAbs                      0000000140012f80 f   dbg_.-runtime_lib.o
 0001:00011fb0       MicrosecondsToTicks        0000000140012fb0 f   dbg_.-runtime_lib.o
 0001:00011fd0       TicksToMicroseconds        0000000140012fd0 f   dbg_.-runtime_lib.o
 0001:00011ff0       GetTicks                   0000000140012ff0 f   dbg_.-runtime_lib.o
 0001:00012010       SheduleTimeoutFromNow      0000000140013010 f   dbg_.-runtime_lib.o
 0001:00012050       init_lib                   0000000140013050 f   dbg_.-runtime_lib.o
 0001:00012430       RegisterObjectWithId       0000000140013430 f   dbg_.-runtime.o
 0001:00012460       GetNewObjectId             0000000140013460 f   dbg_.-runtime.o
 0001:00012550       universalPauseWorker       0000000140013550 f   dbg_.-runtime.o
 0001:000125f0       universalUpdateLocalPush   00000001400135f0 f   dbg_.-runtime.o
 0001:00012650       UpdateFromQueryResult      0000000140013650 f   dbg_.-runtime.o
 0001:000126d0       PrintObject                00000001400136d0 f   dbg_.-runtime.o
 0001:000128d0       WaitListWorker             00000001400138d0 f   dbg_.-runtime.o
 0001:00012940       EnqueueWorkerFromWaitList  0000000140013940 f   dbg_.-runtime.o
 0001:00012a00       UpdateWaitingWorkers       0000000140013a00 f   dbg_.-runtime.o
 0001:00012bc0       StartNewWorker             0000000140013bc0 f   dbg_.-runtime.o
 0001:00012ec0       LoadWorker                 0000000140013ec0 f   dbg_.-runtime.o
 0001:00014150       entry                      0000000140015150 f   dbg_.-runtime.o
 0001:00015150       SheduleWorker              0000000140016150 f   dbg_.-sheduler.o
 0001:000152c0       ShedulerInstance           00000001400162c0 f   dbg_.-sheduler.o
 0001:000153b0       TryStallSheduler           00000001400163b0 f   dbg_.-sheduler.o
 0001:00015480       MasterSheduler             0000000140016480 f   dbg_.-sheduler.o
 0001:00015920       ShedulerStart              0000000140016920 f   dbg_.-sheduler.o
 0001:00015db4       x64_fastPushObject         0000000140016db4     asm_dbg.o
 0001:00015e1d       x64_fastQueryObject        0000000140016e1d     asm_dbg.o
 0001:00015e86       x64_fastNewObject          0000000140016e86     asm_dbg.o
 0001:00015eef       x64_fastCallObject         0000000140016eef     asm_dbg.o
 0001:00015f58       x64_fastPushPipe           0000000140016f58     asm_dbg.o
 0001:00015fc1       x64_fastQueryPipe          0000000140016fc1     asm_dbg.o
 0001:0001602a       x64_fastSleep              000000014001702a     asm_dbg.o
 0001:00016093       gpu_fastNewObject          0000000140017093     asm_dbg.o
 0001:000160fc       gpu_fastCallObject         00000001400170fc     asm_dbg.o
 0001:00016165       loc_fastNewObject          0000000140017165     asm_dbg.o
 0001:000161ce       dll_fastCallObject         00000001400171ce     asm_dbg.o
 0001:00016237       any_fastCastProvider       0000000140017237     asm_dbg.o
 0001:000162a0       x64AsmExecuteWorker        00000001400172a0     asm_dbg.o
 0001:00016302       setjmpUN                   0000000140017302     asm_dbg.o
 0001:00016335       longjmpUN                  0000000140017335     asm_dbg.o
 0001:0001635e       DllCall                    000000014001735e     asm_dbg.o
 0001:000176e9       GdiSetBatchLimit           00000001400186e9 f   gdi32:GDI32.dll
 0001:000176ef       CommandLineToArgvW         00000001400186ef f   shell32:SHELL32.dll
 0001:000176f5       TlsGetValue                00000001400186f5 f   kernel32:KERNEL32.dll
 0001:000176fb       GetLastError               00000001400186fb f   kernel32:KERNEL32.dll
 0001:00017701       AcquireSRWLockExclusive    0000000140018701 f   kernel32:KERNEL32.dll
 0001:00017707       ReleaseSRWLockExclusive    0000000140018707 f   kernel32:KERNEL32.dll
 0001:0001770d       GetThreadContext           000000014001870d f   kernel32:KERNEL32.dll
 0001:00017713       SetThreadContext           0000000140018713 f   kernel32:KERNEL32.dll
 0001:00017719       ExitProcess                0000000140018719 f   kernel32:KERNEL32.dll
 0001:0001771f       AcquireSRWLockShared       000000014001871f f   kernel32:KERNEL32.dll
 0001:00017725       ReleaseSRWLockShared       0000000140018725 f   kernel32:KERNEL32.dll
 0001:0001772b       Sleep                      000000014001872b f   kernel32:KERNEL32.dll
 0001:00017731       CreateIoCompletionPort     0000000140018731 f   kernel32:KERNEL32.dll
 0001:00017737       FormatMessageW             0000000140018737 f   kernel32:KERNEL32.dll
 0001:0001773d       CreateThread               000000014001873d f   kernel32:KERNEL32.dll
 0001:00017743       TryAcquireSRWLockExclusive 0000000140018743 f   kernel32:KERNEL32.dll
 0001:00017749       GetQueuedCompletionStatus  0000000140018749 f   kernel32:KERNEL32.dll
 0001:0001774f       HeapAlloc                  000000014001874f f   kernel32:KERNEL32.dll
 0001:00017755       MultiByteToWideChar        0000000140018755 f   kernel32:KERNEL32.dll
 0001:0001775b       WriteConsoleW              000000014001875b f   kernel32:KERNEL32.dll
 0001:00017761       HeapReAlloc                0000000140018761 f   kernel32:KERNEL32.dll
 0001:00017767       HeapFree                   0000000140018767 f   kernel32:KERNEL32.dll
 0001:0001776d       GetConsoleMode             000000014001876d f   kernel32:KERNEL32.dll
 0001:00017773       ReadConsoleW               0000000140018773 f   kernel32:KERNEL32.dll
 0001:00017779       ReadFile                   0000000140018779 f   kernel32:KERNEL32.dll
 0001:0001777f       QueryPerformanceCounter    000000014001877f f   kernel32:KERNEL32.dll
 0001:00017785       QueryPerformanceFrequency  0000000140018785 f   kernel32:KERNEL32.dll
 0001:0001778b       GetStdHandle               000000014001878b f   kernel32:KERNEL32.dll
 0001:00017791       GetProcessHeap             0000000140018791 f   kernel32:KERNEL32.dll
 0001:00017797       VirtualAlloc               0000000140018797 f   kernel32:KERNEL32.dll
 0001:0001779d       LoadLibraryA               000000014001879d f   kernel32:KERNEL32.dll
 0001:000177a3       GetProcAddress             00000001400187a3 f   kernel32:KERNEL32.dll
 0001:000177a9       TlsAlloc                   00000001400187a9 f   kernel32:KERNEL32.dll
 0001:000177af       CreateFileW                00000001400187af f   kernel32:KERNEL32.dll
 0001:000177b5       GetFileSizeEx              00000001400187b5 f   kernel32:KERNEL32.dll
 0001:000177bb       CloseHandle                00000001400187bb f   kernel32:KERNEL32.dll
 0001:000177c1       GetCommandLineW            00000001400187c1 f   kernel32:KERNEL32.dll
 0001:000177c7       TlsFree                    00000001400187c7 f   kernel32:KERNEL32.dll
 0001:000177cd       TlsSetValue                00000001400187cd f   kernel32:KERNEL32.dll
 0001:000177d3       SetEvent                   00000001400187d3 f   kernel32:KERNEL32.dll
 0001:000177d9       SuspendThread              00000001400187d9 f   kernel32:KERNEL32.dll
 0001:000177df       ResumeThread               00000001400187df f   kernel32:KERNEL32.dll
 0001:000177e5       CreateEventW               00000001400187e5 f   kernel32:KERNEL32.dll
 0001:000177eb       WaitForSingleObject        00000001400187eb f   kernel32:KERNEL32.dll
 0001:000177f1       WaitForMultipleObjects     00000001400187f1 f   kernel32:KERNEL32.dll
 0001:000177f7       BCryptGenRandom            00000001400187f7 f   bcrypt:bcrypt.dll
 0001:000177fd       send                       00000001400187fd f   ws2_32:WS2_32.dll
 0001:00017803       getpeername                0000000140018803 f   ws2_32:WS2_32.dll
 0001:00017809       inet_ntop                  0000000140018809 f   ws2_32:WS2_32.dll
 0001:0001780f       ntohs                      000000014001880f f   ws2_32:WS2_32.dll
 0001:00017815       WSARecv                    0000000140018815 f   ws2_32:WS2_32.dll
 0001:0001781b       socket                     000000014001881b f   ws2_32:WS2_32.dll
 0001:00017821       connect                    0000000140018821 f   ws2_32:WS2_32.dll
 0001:00017827       closesocket                0000000140018827 f   ws2_32:WS2_32.dll
 0001:0001782d       setsockopt                 000000014001882d f   ws2_32:WS2_32.dll
 0001:00017833       getaddrinfo                0000000140018833 f   ws2_32:WS2_32.dll
 0001:00017839       freeaddrinfo               0000000140018839 f   ws2_32:WS2_32.dll
 0001:0001783f       WSAStartup                 000000014001883f f   ws2_32:WS2_32.dll
 0001:00017845       htons                      0000000140018845 f   ws2_32:WS2_32.dll
 0001:0001784b       bind                       000000014001884b f   ws2_32:WS2_32.dll
 0001:00017851       getsockname                0000000140018851 f   ws2_32:WS2_32.dll
 0001:00017857       WSAGetLastError            0000000140018857 f   ws2_32:WS2_32.dll
 0001:0001785d       listen                     000000014001885d f   ws2_32:WS2_32.dll
 0001:00017863       accept                     0000000140018863 f   ws2_32:WS2_32.dll
 0001:00017869       clGetKernelArgInfo         0000000140018869 f   OpenCL:OpenCL.dll
 0001:0001786f       clSetKernelArg             000000014001886f f   OpenCL:OpenCL.dll
 0001:00017875       clEnqueueNDRangeKernel     0000000140018875 f   OpenCL:OpenCL.dll
 0001:0001787b       clEnqueueReadBuffer        000000014001887b f   OpenCL:OpenCL.dll
 0001:00017881       clEnqueueWriteBuffer       0000000140018881 f   OpenCL:OpenCL.dll
 0001:00017887       clGetPlatformIDs           0000000140018887 f   OpenCL:OpenCL.dll
 0001:0001788d       clGetPlatformInfo          000000014001888d f   OpenCL:OpenCL.dll
 0001:00017893       clGetDeviceIDs             0000000140018893 f   OpenCL:OpenCL.dll
 0001:00017899       clGetDeviceInfo            0000000140018899 f   OpenCL:OpenCL.dll
 0001:0001789f       clCreateContext            000000014001889f f   OpenCL:OpenCL.dll
 0001:000178a5       clCreateCommandQueueWithProperties 00000001400188a5 f   OpenCL:OpenCL.dll
 0001:000178ab       clCreateProgramWithSource  00000001400188ab f   OpenCL:OpenCL.dll
 0001:000178b1       clBuildProgram             00000001400188b1 f   OpenCL:OpenCL.dll
 0001:000178b7       clGetProgramBuildInfo      00000001400188b7 f   OpenCL:OpenCL.dll
 0001:000178bd       clCreateKernel             00000001400188bd f   OpenCL:OpenCL.dll
 0001:000178c3       clCreateBuffer             00000001400188c3 f   OpenCL:OpenCL.dll
 0001:000178c9       clFinish                   00000001400188c9 f   OpenCL:OpenCL.dll
 0002:00000000       ??_C@_1EK@HCHIHAJJ@?$AAP?$AAa?$AAu?$AAs?$AAe?$AAd?$AA?5?$AAw?$AAo?$AAr?$AAk?$AAe?$AAr?$AA?5?$AAD?$AAL?$AAL?$AA?5?$AA?$CF?$AAl?$AAl?$AAd?$AA?5?$AA?$FL?$AAc?$AAa?$AAu?$AAs?$AAe?$AA?5?$AA?$CF?$AAl@ 000000014001a000     dbg_.-dll-await_worker.o
 0002:00000058       ??_C@_1GG@GJHNDGHH@?$AAC?$AAa?$AAl?$AAl?$AAi?$AAn?$AAg?$AA?5?$AAd?$AAl?$AAl?$AAi?$AAm?$AAp?$AAo?$AAr?$AAt?$AA?5?$AAw?$AAo?$AAr?$AAk?$AAe?$AAr?$AA?5?$AA?$CF?$AAl?$AAl?$AAd?$AA?5?$AA?$FL?$AAd@ 000000014001a058     dbg_.-dll-call_object.o
 0002:000000d2       ??_C@_1BC@GMOKLPI@?$AAT?$AAa?$AAb?$AAl?$AAe?$AA?5?$AA?$DN?$AA?5?$AA?$AA@ 000000014001a0d2     dbg_.-dll-call_object.o
 0002:000000e8       ??_C@_1M@OMOAGDNC@?$AA?$CF?$AA0?$AA2?$AAx?$AA?5?$AA?$AA@ 000000014001a0e8     dbg_.-dll-call_object.o
 0002:000000f6       ??_C@_13LBAGMAIH@?$AA?6?$AA?$AA@ 000000014001a0f6     dbg_.-dll-call_object.o
 0002:00000114       ??_C@_1DC@PJLFFJJC@?$AAR?$AAU?$AAN?$AA?5?$AAd?$AAl?$AAl?$AAi?$AAm?$AAp?$AAo?$AAr?$AAt?$AA?5?$AAw?$AAo?$AAr?$AAk?$AAe?$AAr?$AA?$DN?$AA?$CF?$AAp?$AA?6?$AA?$AA@ 000000014001a114     dbg_.-dll-execute_worker.o
 0002:00000150       ??_C@_1FE@MNCEKKEL@?$AAE?$AAr?$AAr?$AAo?$AAr?$AA?3?$AA?5?$AAU?$AAN?$AAK?$AAN?$AAO?$AAW?$AAN?$AA?5?$AAp?$AAr?$AAo?$AAv?$AAi?$AAd?$AAe?$AAr?$AA?5?$AA?$CF?$AAl?$AAl?$AAd?$AA?5?$AAi?$AAn?$AA?5@ 000000014001a150     dbg_.-dll-execute_worker.o
 0002:000001b4       ??_C@_1CO@MJDCEOJE@?$AAR?$AAe?$AAq?$AAu?$AAe?$AAs?$AAt?$AAi?$AAn?$AAg?$AA?5?$AA?$CF?$AAl?$AAl?$AAd?$AA?5?$AAb?$AAy?$AAt?$AAe?$AAs?$AA?6?$AA?$AA@ 000000014001a1b4     dbg_.-dll-execute_worker.o
 0002:000001ec       ??_C@_1EA@NLGJANLO@?$AAA?$AAr?$AAg?$AAu?$AAm?$AAe?$AAn?$AAt?$AA?5?$AA?$CF?$AAl?$AAl?$AAd?$AA?3?$AA?5?$AA?$FL?$AA?$CF?$AA0?$AA2?$AAx?$AA?$FN?$AA?5?$AA?$FL?$AAt?$AAo?$AA?9?$AA?$DO?$AA?$CF?$AAp?$AA?$FN?$AA?6?$AA?$AA@ 000000014001a1ec     dbg_.-dll-execute_worker.o
 0002:00000238       ??_C@_1DI@KIDLNDBO@?$AA?5?$AA?5?$AA?5?$AA?5?$AA?5?$AA?5?$AA?5?$AA?5?$AA?5?$AAo?$AAf?$AA?5?$AAs?$AAi?$AAz?$AAe?$AA?5?$AA?$CF?$AAl?$AAl?$AAd?$AA?$DL?$AA?5?$AA?$DN?$AA?$CF?$AAp?$AA?6?$AA?$AA@ 000000014001a238     dbg_.-dll-execute_worker.o
 0002:0000027c       ??_C@_1DE@HPIEKKI@?$AAc?$AAa?$AAl?$AAl?$AAi?$AAn?$AAg?$AA?5?$AAd?$AAl?$AAl?$AAi?$AAm?$AAp?$AAo?$AAr?$AAt?$AA?5?$AAw?$AAo?$AAr?$AAk?$AAe?$AAr?$AA?6?$AA?$AA@ 000000014001a27c     dbg_.-dll-execute_worker.o
 0002:000002ba       ??_C@_1CE@FDGKEBHI@?$AAA?$AAR?$AAG?$AA?$FL?$AA?$CF?$AAl?$AAl?$AAd?$AA?$FN?$AA?5?$AA?$DN?$AA?5?$AA?$CF?$AAl?$AAl?$AAd?$AA?6?$AA?$AA@ 000000014001a2ba     dbg_.-dll-execute_worker.o
 0002:000002e6       ??_C@_1EE@IHBKLDNM@?$AAo?$AAu?$AAt?$AAp?$AAu?$AAt?$AA?5?$AAi?$AAs?$AA?5?$AA?$CF?$AAp?$AA?5?$AA?$FL?$AA?9?$AA?$DO?$AAt?$AAo?$AA?5?$AAp?$AAr?$AAo?$AAm?$AAi?$AAs?$AAe?$AA?5?$AA?$CF?$AAl?$AAl?$AAd?$AA?$FN@ 000000014001a2e6     dbg_.-dll-execute_worker.o
 0002:00000338       ??_C@_1HO@GIMLMCLD@?$AAr?$AAe?$AAt?$AAu?$AAr?$AAn?$AAe?$AAd?$AA?5?$AA?$CL?$AA?5?$AAE?$AAr?$AAr?$AAo?$AAr?$AA?$DN?$AA?$CF?$AAl?$AAl?$AAd?$AA?5?$AA?$FL?$AAb?$AAe?$AAf?$AAo?$AAr?$AAe?$AA?5?$AAc?$AAa@ 000000014001a338     dbg_.-dll-execute_worker.o
 0002:000003d0       ??_C@_1EK@KEDGKNCB@?$AAP?$AAa?$AAu?$AAs?$AAe?$AAd?$AA?5?$AAw?$AAo?$AAr?$AAk?$AAe?$AAr?$AA?5?$AAG?$AAP?$AAU?$AA?5?$AA?$CF?$AAl?$AAl?$AAd?$AA?5?$AA?$FL?$AAc?$AAa?$AAu?$AAs?$AAe?$AA?5?$AA?$CF?$AAl@ 000000014001a3d0     dbg_.-gpu-await_worker.o
 0002:00000428       ??_C@_1FC@NMNADHLK@?$AAC?$AAa?$AAl?$AAl?$AAi?$AAn?$AAg?$AA?5?$AAw?$AAo?$AAr?$AAk?$AAe?$AAr?$AA?5?$AA?$CF?$AAl?$AAl?$AAd?$AA?5?$AA?$FL?$AAd?$AAa?$AAt?$AAa?$AA?$DN?$AA?$CF?$AAp?$AA?0?$AA?5?$AAm?$AAo@ 000000014001a428     dbg_.-gpu-call_object.o
 0002:0000048a       ??_C@_1CG@CCFDEFBF@?$AAR?$AAU?$AAN?$AA?5?$AAG?$AAP?$AAU?$AA?5?$AAw?$AAo?$AAr?$AAk?$AAe?$AAr?$AA?$DN?$AA?$CF?$AAp?$AA?6?$AA?$AA@ 000000014001a48a     dbg_.-gpu-execute_worker.o
 0002:000004b8       ??_C@_1DO@MBJBKNM@?$AAE?$AAr?$AAr?$AAo?$AAr?$AA?3?$AA?5?$AAa?$AAt?$AA?5?$AAc?$AAl?$AAS?$AAe?$AAt?$AAK?$AAe?$AAr?$AAn?$AAe?$AAl?$AAA?$AAr?$AAg?$AA?5?$AA?$CF?$AAl?$AAl?$AAd?$AA?6?$AA?$AA@ 000000014001a4b8     dbg_.-gpu-execute_worker.o
 0002:00000502       ??_C@_1CO@BOPILBOM@?$AAC?$AAO?$AAN?$AAF?$AAI?$AAG?$AAU?$AAR?$AAE?$AAD?$AA?3?$AA?5?$AAd?$AAi?$AAm?$AAs?$AA?$DN?$AA?$CF?$AAl?$AAl?$AAd?$AA?6?$AA?$AA@ 000000014001a502     dbg_.-gpu-execute_worker.o
 0002:0000053a       ??_C@_1EO@KIFHHFHO@?$AAE?$AAr?$AAr?$AAo?$AAr?$AA?3?$AA?5?$AAa?$AAt?$AA?5?$AAc?$AAl?$AAE?$AAn?$AAq?$AAu?$AAe?$AAu?$AAe?$AAN?$AAD?$AAR?$AAa?$AAn?$AAg?$AAe?$AAK?$AAe?$AAr?$AAn?$AAe?$AAl@ 000000014001a53a     dbg_.-gpu-execute_worker.o
 0002:00000598       ??_C@_1FG@NKPPHDDL@?$AAA?$AAl?$AAl?$AAo?$AAc?$AAa?$AAt?$AAi?$AAn?$AAg?$AA?5?$AAb?$AAu?$AAf?$AAf?$AAe?$AAr?$AA?5?$AAo?$AAf?$AA?5?$AAs?$AAi?$AAz?$AAe?$AA?5?$AA?$CF?$AAl?$AAl?$AAd?$AA?5?$AAp@ 000000014001a598     dbg_.-gpu-new_object.o
 0002:00000600       ??_C@_1DO@PIAGAENK@?$AAE?$AAR?$AAR?$AAO?$AAR?$AA?3?$AA?5?$AAg?$AAp?$AAu?$AAA?$AAl?$AAl?$AAo?$AAc?$AA?5?$AAf?$AAa?$AAi?$AAl?$AAe?$AAd?$AA?5?$AA?$FL?$AA?$CF?$AAl?$AAl?$AAd?$AA?$FN?$AA?6?$AA?$AA@ 000000014001a600     dbg_.-gpu-new_object.o
 0002:0000064a       ??_C@_1BG@LMPFNDF@?$AAr?$AAe?$AAs?$AAu?$AAl?$AAt?$AA?5?$AA?$CF?$AAp?$AA?6?$AA?$AA@ 000000014001a64a     dbg_.-gpu-new_object.o
 0002:00000664       ??_C@_1FM@LBBNKNII@?$AAE?$AAR?$AAR?$AAO?$AAR?$AA?3?$AA?5?$AAP?$AAi?$AAp?$AAe?$AAs?$AA?5?$AAa?$AAr?$AAe?$AA?5?$AAu?$AAn?$AAs?$AAu?$AAp?$AAp?$AAo?$AAr?$AAt?$AAe?$AAd?$AA?5?$AAo?$AAn?$AA?5@ 000000014001a664     dbg_.-gpu-new_object.o
 0002:000006d2       ??_C@_1EA@PKIDLDBK@?$AAo?$AAb?$AAj?$AAe?$AAc?$AAt?$AA?5?$AAf?$AAo?$AAr?$AA?5?$AAs?$AAi?$AAz?$AAe?$AA?5?$AA?$CF?$AAl?$AAl?$AAd?$AA?5?$AAa?$AAl?$AAl?$AAo?$AAc?$AAa?$AAt?$AAe?$AAd?$AA?6?$AA?$AA@ 000000014001a6d2     dbg_.-gpu-new_object.o
 0002:0000071e       ??_C@_1GM@BNFAKJM@?$AAE?$AAR?$AAR?$AAO?$AAR?$AA?3?$AA?5?$AAP?$AAi?$AAp?$AAe?$AAs?$AA?5?$AAa?$AAr?$AAe?$AA?5?$AAu?$AAn?$AAs?$AAu?$AAp?$AAp?$AAo?$AAr?$AAt?$AAe?$AAd?$AA?5?$AAo?$AAn?$AA?5@ 000000014001a71e     dbg_.-gpu-new_object.o
 0002:000007a0       ??_C@_1DC@NBDPBMKB@?$AAW?$AAr?$AAo?$AAn?$AAg?$AA?5?$AAt?$AAy?$AAp?$AAe?$AA?5?$AAi?$AAn?$AA?5?$AAN?$AAe?$AAw?$AAO?$AAb?$AAj?$AAe?$AAc?$AAt?$AA?6?$AA?$AA@ 000000014001a7a0     dbg_.-gpu-new_object.o
 0002:000007dc       ??_C@_1EG@FBJBJMFK@?$AAN?$AAO?$AAT?$AA?5?$AAS?$AAU?$AAP?$AAP?$AAO?$AAR?$AAT?$AAE?$AAD?$AA?3?$AA?5?$AAp?$AAu?$AAs?$AAh?$AA?5?$AAi?$AAn?$AA?5?$AAg?$AAp?$AAu?$AA?5?$AAo?$AAb?$AAj?$AAe?$AAc@ 000000014001a7dc     dbg_.-gpu-push_object.o
 0002:00000830       ??_C@_1FE@GJLEMBH@?$AAN?$AAO?$AAT?$AA?5?$AAS?$AAU?$AAP?$AAP?$AAO?$AAR?$AAT?$AAE?$AAD?$AA?3?$AA?5?$AAp?$AAu?$AAs?$AAh?$AA?5?$AAi?$AAn?$AA?5?$AAg?$AAp?$AAu?$AA?5?$AAo?$AAb?$AAj?$AAe?$AAc@ 000000014001a830     dbg_.-gpu-push_object.o
 0002:00000894       ??_C@_1EI@EPHKLIAN@?$AAN?$AAO?$AAT?$AA?5?$AAS?$AAU?$AAP?$AAP?$AAO?$AAR?$AAT?$AAE?$AAD?$AA?3?$AA?5?$AAq?$AAu?$AAe?$AAr?$AAy?$AA?5?$AAi?$AAn?$AA?5?$AAg?$AAp?$AAu?$AA?5?$AAo?$AAb?$AAj?$AAe@ 000000014001a894     dbg_.-gpu-query_object.o
 0002:000008ea       ??_C@_1FG@PCBNEEAC@?$AAN?$AAO?$AAT?$AA?5?$AAS?$AAU?$AAP?$AAP?$AAO?$AAR?$AAT?$AAE?$AAD?$AA?3?$AA?5?$AAq?$AAu?$AAe?$AAr?$AAy?$AA?5?$AAi?$AAn?$AA?5?$AAg?$AAp?$AAu?$AA?5?$AAo?$AAb?$AAj?$AAe@ 000000014001a8ea     dbg_.-gpu-query_object.o
 0002:0000096c       ??_C@_1DM@CKKHLHMJ@?$AAP?$AAi?$AAp?$AAe?$AA?5?$AAf?$AAo?$AAr?$AA?5?$AAs?$AAi?$AAz?$AAe?$AA?5?$AA?$CF?$AAl?$AAl?$AAd?$AA?5?$AAa?$AAl?$AAl?$AAo?$AAc?$AAa?$AAt?$AAe?$AAd?$AA?6?$AA?$AA@ 000000014001a96c     dbg_.-loc-new_object.o
 0002:000009b4       ??_C@_1GK@LJBKHIKD@?$AAA?$AAr?$AAr?$AAa?$AAy?$AA?5?$AAo?$AAf?$AA?5?$AA?$CF?$AAl?$AAl?$AAd?$AA?5?$AAb?$AAy?$AAt?$AAe?$AAs?$AA?0?$AA?5?$AAe?$AAl?$AAe?$AAm?$AAe?$AAn?$AAt?$AA?5?$AAo?$AAf?$AA?5@ 000000014001a9b4     dbg_.-loc-new_object.o
 0002:00000a34       ??_C@_1EC@IBADEGPM@?$AAP?$AAr?$AAo?$AAm?$AAi?$AAs?$AAe?$AA?5?$AAf?$AAo?$AAr?$AA?5?$AAs?$AAi?$AAz?$AAe?$AA?5?$AA?$CF?$AAl?$AAl?$AAd?$AA?5?$AAa?$AAl?$AAl?$AAo?$AAc?$AAa?$AAt?$AAe?$AAd?$AA?6@ 000000014001aa34     dbg_.-loc-new_object.o
 0002:00000a84       ??_C@_1DO@OEOJCPLG@?$AAC?$AAl?$AAa?$AAs?$AAs?$AA?5?$AAf?$AAo?$AAr?$AA?5?$AAs?$AAi?$AAz?$AAe?$AA?5?$AA?$CF?$AAl?$AAl?$AAd?$AA?5?$AAa?$AAl?$AAl?$AAo?$AAc?$AAa?$AAt?$AAe?$AAd?$AA?6?$AA?$AA@ 000000014001aa84     dbg_.-loc-new_object.o
 0002:00000ace       ??_C@_1EO@GECEJMLH@?$AAD?$AAe?$AAf?$AAi?$AAn?$AAe?$AAd?$AA?5?$AAa?$AAr?$AAr?$AAa?$AAy?$AA?5?$AAf?$AAo?$AAr?$AA?5?$AAs?$AAi?$AAz?$AAe?$AA?5?$AA?$CF?$AAl?$AAl?$AAd?$AA?5?$AAa?$AAl?$AAl?$AAo@ 000000014001aace     dbg_.-loc-new_object.o
 0002:00000b2c       ??_C@_1M@FHJLFHFE@?$AA?5?$AA?$CF?$AA0?$AA2?$AAx?$AA?$AA@ 000000014001ab2c     dbg_.-loc-new_object.o
 0002:00000b3a       ??_C@_1CO@JBEOLKLD@?$AA?$FL?$AAi?$AAd?$AA?$DN?$AA?$CF?$AAl?$AAl?$AAx?$AA?$FN?$AA?5?$AA?$FL?$AAs?$AAi?$AAz?$AAe?$AA?$DN?$AA?$CF?$AAl?$AAl?$AAd?$AA?$FN?$AA?6?$AA?$AA@ 000000014001ab3a     dbg_.-loc-new_object.o
 0002:00000b9a       ??_C@_1EC@FMMFNKHC@?$AAP?$AAa?$AAu?$AAs?$AAe?$AAd?$AA?5?$AAw?$AAo?$AAr?$AAk?$AAe?$AAr?$AA?5?$AA?$CF?$AAl?$AAl?$AAd?$AA?5?$AA?$FL?$AAc?$AAa?$AAu?$AAs?$AAe?$AA?5?$AA?$CF?$AAl?$AAl?$AAd?$AA?$FN?$AA?6@ 000000014001ab9a     dbg_.-x64-await_worker.o
 0002:00000bea       ??_C@_1BG@KNJPCEOH@?$AAw?$AAo?$AAr?$AAk?$AAe?$AAr?$AA?$DN?$AA?$CF?$AAp?$AA?6?$AA?$AA@ 000000014001abea     dbg_.-x64-execute_worker.o
 0002:00000c04       ??_C@_1DM@GFFHBIOC@?$AAS?$AAt?$AAa?$AAl?$AAl?$AAi?$AAn?$AAg?$AA?5?$AAw?$AAo?$AAr?$AAk?$AAe?$AAr?$AA?5?$AAa?$AAt?$AA?5?$AAt?$AAh?$AAr?$AAe?$AAa?$AAd?$AA?5?$AA?$CF?$AAp?$AA?6?$AA?$AA@ 000000014001ac04     dbg_.-x64-execute_worker.o
 0002:00000c4c       ??_C@_1HE@BGCEENEB@?$AAP?$AAa?$AAu?$AAs?$AAe?$AAd?$AA?5?$AAw?$AAo?$AAr?$AAk?$AAe?$AAr?$AA?5?$AA?$CF?$AAl?$AAl?$AAd?$AA?5?$AA?$FL?$AAs?$AAt?$AAa?$AAl?$AAl?$AA?$FN?$AA?3?$AA?5?$AAn?$AAe?$AAx?$AAt@ 000000014001ac4c     dbg_.-x64-execute_worker.o
 0002:00000cf0       ??_C@_1BG@HIIBALHG@?$AA?$FL?$AAi?$AAd?$AA?$DN?$AA?$CF?$AAl?$AAl?$AAx?$AA?$FN?$AA?6?$AA?$AA@ 000000014001acf0     dbg_.-x64-new_object.o
 0002:00000d0a       ??_C@_0CD@DKCLGKLJ@NULL?5?$DN?$DN?5?$CCThis?5is?5unreachable?5cod@ 000000014001ad0a     dbg_.-x64-new_object.o
 0002:00000d34       ??_C@_0BD@INEGNPMF@x64NewObjectStates?$AA@ 000000014001ad34     dbg_.-x64-new_object.o
 0002:00000d4a       ??_C@_0DA@GIEONAEA@D?3?2mipt?2lang3?2runtimes?20?43?2win?2x@ 000000014001ad4a     dbg_.-x64-new_object.o
 0002:00000daa       ??_C@_0BA@DDLBAAIJ@x64OnPushObject?$AA@ 000000014001adaa     dbg_.-x64-push_object.o
 0002:00000dbd       ??_C@_0DB@EHGHMKBL@D?3?2mipt?2lang3?2runtimes?20?43?2win?2x@ 000000014001adbd     dbg_.-x64-push_object.o
 0002:00000df8       ??_C@_1GA@KFMLACKM@?$AAw?$AAa?$AAi?$AAt?$AAi?$AAn?$AAg?$AA?5?$AAf?$AAo?$AAr?$AA?5?$AAr?$AAe?$AAm?$AAo?$AAt?$AAe?$AA?5?$AAp?$AAu?$AAs?$AAh?$AA?5?$AA?$CF?$AAl?$AAl?$AAd?$AA?1?$AA?$CF?$AAl?$AAl@ 000000014001adf8     dbg_.-x64-push_object.o
 0002:00000e6b       ??_C@_0BE@CLLDEMCI@x64PushObjectStates?$AA@ 000000014001ae6b     dbg_.-x64-push_object.o
 0002:00000e84       ??_C@_1CG@JJBKNCBO@?$AAp?$AAu?$AAs?$AAh?$AA?5?$AAt?$AAo?$AA?5?$AAo?$AAb?$AAj?$AAe?$AAc?$AAt?$AA?5?$AA?$CF?$AAp?$AA?6?$AA?$AA@ 000000014001ae84     dbg_.-x64-push_object.o
 0002:00000eb2       ??_C@_1CG@FCDGDINM@?$AAp?$AAu?$AAs?$AAh?$AA?5?$AAt?$AAo?$AA?5?$AAp?$AAi?$AAp?$AAe?$AA?5?$AA?$CF?$AAl?$AAl?$AAd?$AA?6?$AA?$AA@ 000000014001aeb2     dbg_.-x64-push_object.o
 0002:00000edf       ??_C@_0BB@OIDGLOGK@x64OnQueryObject?$AA@ 000000014001aedf     dbg_.-x64-query_object.o
 0002:00000ef3       ??_C@_0DC@IFJHCDEN@D?3?2mipt?2lang3?2runtimes?20?43?2win?2x@ 000000014001aef3     dbg_.-x64-query_object.o
 0002:00000f30       ??_C@_1EI@HFFKCAJK@?$AAw?$AAa?$AAi?$AAt?$AAi?$AAn?$AAg?$AA?5?$AAf?$AAo?$AAr?$AA?5?$AAr?$AAe?$AAm?$AAo?$AAt?$AAe?$AA?5?$AAq?$AAu?$AAe?$AAr?$AAy?$AA?5?$AA?$CF?$AAl?$AAl?$AAd?$AA?1?$AA?$CF?$AAl@ 000000014001af30     dbg_.-x64-query_object.o
 0002:00000f86       ??_C@_0BF@ENLEMDLA@x64QueryObjectStates?$AA@ 000000014001af86     dbg_.-x64-query_object.o
 0002:00000fa0       ??_C@_1CG@NFAKFIFJ@?$AAQ?$AAu?$AAe?$AAr?$AAy?$AA?5?$AAo?$AAb?$AAj?$AAe?$AAc?$AAt?$AA?5?$AA?$CF?$AAl?$AAl?$AAd?$AA?6?$AA?$AA@ 000000014001afa0     dbg_.-x64-query_object.o
 0002:00000fce       ??_C@_1CM@JHEDMDLC@?$AAq?$AAu?$AAe?$AAr?$AAy?$AA?5?$AAf?$AAr?$AAo?$AAm?$AA?5?$AAp?$AAi?$AAp?$AAe?$AA?5?$AA?$CF?$AAl?$AAl?$AAd?$AA?6?$AA?$AA@ 000000014001afce     dbg_.-x64-query_object.o
 0002:00001002       ??_C@_0P@GBODICPB@x64SleepStates?$AA@ 000000014001b002     dbg_.-x64-sleep.o
 0002:00001014       ??_C@_0CL@GMEBKBIE@D?3?2mipt?2lang3?2runtimes?20?43?2win?2x@ 000000014001b014     dbg_.-x64-sleep.o
 0002:00001048       ??_C@_1CC@KCDEA@?$AAS?$AAl?$AAe?$AAe?$AAp?$AA?5?$AAt?$AAi?$AAm?$AAe?$AA?5?$AA?$CF?$AAl?$AAl?$AAd?$AA?6?$AA?$AA@ 000000014001b048     dbg_.-x64-sleep.o
 0002:000010a0       ??_C@_1CM@EKFGKDGG@?$AAG?$AAe?$AAt?$AA?5?$AAo?$AAb?$AAj?$AAe?$AAc?$AAt?$AA?5?$AAi?$AAd?$AA?5?$AA?$DN?$AA?5?$AA?$CF?$AAl?$AAl?$AAd?$AA?6?$AA?$AA@ 000000014001b0a0     dbg_.-cast_provider.o
 0002:000010d4       ??_C@_1FE@BCAGMINK@?$AAE?$AAr?$AAr?$AAo?$AAr?$AA?3?$AA?5?$AAn?$AAo?$AA?5?$AAk?$AAn?$AAo?$AAw?$AAn?$AA?5?$AAs?$AAi?$AAz?$AAe?$AA?5?$AAf?$AAo?$AAr?$AA?5?$AAn?$AAo?$AAt?$AA?5?$AAa?$AAr?$AAr@ 000000014001b0d4     dbg_.-cast_provider.o
 0002:00001138       ??_C@_1CO@MKKBGDMJ@?$AAg?$AAo?$AAt?$AA?5?$AAl?$AAo?$AAc?$AAa?$AAl?$AA?5?$AAs?$AAi?$AAz?$AAe?$AA?5?$AAa?$AAn?$AAs?$AAw?$AAe?$AAr?$AA?6?$AA?$AA@ 000000014001b138     dbg_.-cast_provider.o
 0002:00001170       ??_C@_1DM@MLLOPCOA@?$AAQ?$AAu?$AAe?$AAr?$AAy?$AAi?$AAn?$AAg?$AA?5?$AAo?$AAb?$AAj?$AAe?$AAc?$AAt?$AA?5?$AAs?$AAi?$AAz?$AAe?$AA?5?$AAo?$AAf?$AA?5?$AA?$CF?$AAl?$AAl?$AAd?$AA?6?$AA?$AA@ 000000014001b170     dbg_.-cast_provider.o
 0002:000011b8       ??_C@_1DA@NCDJBGNA@?$AAg?$AAo?$AAt?$AA?5?$AAr?$AAe?$AAm?$AAo?$AAt?$AAe?$AA?5?$AAs?$AAi?$AAz?$AAe?$AA?5?$AAa?$AAn?$AAs?$AAw?$AAe?$AAr?$AA?6?$AA?$AA@ 000000014001b1b8     dbg_.-cast_provider.o
 0002:000011f2       ??_C@_1DK@MHAKINPM@?$AAK?$AAn?$AAo?$AAw?$AA?5?$AAs?$AAi?$AAz?$AAe?$AA?$DN?$AA?$CF?$AAl?$AAl?$AAd?$AA?5?$AA?$FL?$AAp?$AAa?$AAr?$AAa?$AAm?$AA?$DN?$AA?$CF?$AAl?$AAl?$AAd?$AA?$FN?$AA?6?$AA?$AA@ 000000014001b1f2     dbg_.-cast_provider.o
 0002:00001238       ??_C@_1FK@KDAFABDO@?$AAE?$AAr?$AAr?$AAo?$AAr?$AA?3?$AA?5?$AAl?$AAo?$AAc?$AAa?$AAl?$AA?5?$AAo?$AAb?$AAj?$AAe?$AAc?$AAt?$AA?5?$AAw?$AAa?$AAs?$AA?5?$AAr?$AAe?$AAm?$AAo?$AAv?$AAe?$AAd?$AA?5@ 000000014001b238     dbg_.-cast_provider.o
 0002:000012a4       ??_C@_1FO@HMOHPFHI@?$AAE?$AAr?$AAr?$AAo?$AAr?$AA?5?$AAh?$AAa?$AAp?$AAp?$AAe?$AAn?$AA?5?$AAw?$AAh?$AAi?$AAl?$AAe?$AA?5?$AAc?$AAl?$AAE?$AAn?$AAq?$AAu?$AAe?$AAu?$AAe?$AAR?$AAe?$AAa?$AAd@ 000000014001b2a4     dbg_.-cast_provider.o
 0002:00001314       ??_C@_1EE@JNODMKEN@?$AAS?$AAu?$AAc?$AAc?$AAe?$AAs?$AAs?$AAi?$AAf?$AAu?$AAl?$AAl?$AAy?$AA?5?$AAc?$AAo?$AAn?$AAv?$AAe?$AAr?$AAt?$AAe?$AAd?$AA?5?$AAg?$AAp?$AAu?$AA?9?$AA?$DO?$AAc?$AAp?$AAu@ 000000014001b314     dbg_.-cast_provider.o
 0002:00001366       ??_C@_1GA@EEKPNAGK@?$AAE?$AAr?$AAr?$AAo?$AAr?$AA?5?$AAh?$AAa?$AAp?$AAp?$AAe?$AAn?$AA?5?$AAw?$AAh?$AAi?$AAl?$AAe?$AA?5?$AAc?$AAl?$AAE?$AAn?$AAq?$AAu?$AAe?$AAu?$AAe?$AAW?$AAr?$AAi?$AAt@ 000000014001b366     dbg_.-cast_provider.o
 0002:000013da       ??_C@_1EE@NKOFIBGO@?$AAS?$AAu?$AAc?$AAc?$AAe?$AAs?$AAs?$AAi?$AAf?$AAu?$AAl?$AAl?$AAy?$AA?5?$AAc?$AAo?$AAn?$AAv?$AAe?$AAr?$AAt?$AAe?$AAd?$AA?5?$AAc?$AAp?$AAu?$AA?9?$AA?$DO?$AAg?$AAp?$AAu@ 000000014001b3da     dbg_.-cast_provider.o
 0002:0000142c       ??_C@_1BM@OBHKMKPP@?$AAR?$AAe?$AAt?$AAu?$AAr?$AAn?$AA?3?$AA?5?$AA?$CF?$AAl?$AAl?$AAd?$AA?6?$AA?$AA@ 000000014001b42c     dbg_.-cast_provider.o
 0002:0000144d       ??_C@_0O@GKFEADAD@anyCastStates?$AA@ 000000014001b44d     dbg_.-cast_provider.o
 0002:0000145d       ??_C@_0CP@CMCABPLI@D?3?2mipt?2lang3?2runtimes?20?43?2win?2c@ 000000014001b45d     dbg_.-cast_provider.o
 0002:00001496       ??_C@_1EC@IPADNJOO@?$AAc?$AAo?$AAn?$AAv?$AAe?$AAr?$AAt?$AA?5?$AA?$CF?$AAp?$AA?5?$AA?$FL?$AAt?$AAy?$AAp?$AAe?$AAs?$AA?5?$AA?$CF?$AAl?$AAl?$AAd?$AA?5?$AA?9?$AA?$DO?$AA?5?$AA?$CF?$AAl?$AAl?$AAd?$AA?$FN?$AA?6@ 000000014001b496     dbg_.-cast_provider.o
 0002:000014e6       ??_C@_1IA@HIJJNPCH@?$AAE?$AAR?$AAR?$AAO?$AAR?$AA?3?$AA?5?$AAn?$AAo?$AAt?$AA?5?$AAs?$AAu?$AAp?$AAp?$AAo?$AAr?$AAt?$AAe?$AAd?$AA?5?$AAc?$AAo?$AAn?$AAv?$AAe?$AAr?$AAs?$AAi?$AAo?$AAn?$AA?5@ 000000014001b4e6     dbg_.-cast_provider.o
 0002:00001580       ??_C@_1DK@FINICEEJ@?$AAG?$AAo?$AAt?$AA?5?$AAa?$AAt?$AA?5?$AAl?$AAe?$AAa?$AAs?$AAt?$AA?5?$AA?$CF?$AAl?$AAl?$AAd?$AA?5?$AAp?$AAl?$AAa?$AAt?$AAf?$AAo?$AAr?$AAm?$AAs?$AA?6?$AA?$AA@ 000000014001b580     dbg_.-gpu_subsystem.o
 0002:000015c6       ??_C@_1CA@OOAPHHDP@?$AAP?$AAl?$AAa?$AAt?$AAf?$AAo?$AAr?$AAm?$AA?5?$AA?$CF?$AAl?$AAl?$AAd?$AA?3?$AA?6?$AA?$AA@ 000000014001b5c6     dbg_.-gpu_subsystem.o
 0002:000015ec       ??_C@_1DK@CFKCPDLH@?$AA?7?$AA?$CF?$AAl?$AAl?$AAd?$AA?4?$AAN?$AAa?$AAm?$AAe?$AA?5?$AA?5?$AA?5?$AA?5?$AA?5?$AA?5?$AA?5?$AA?5?$AA?5?$AA?5?$AA?5?$AA?5?$AA?5?$AA?3?$AA?5?$AA?$CF?$AAs?$AA?6?$AA?$AA@ 000000014001b5ec     dbg_.-gpu_subsystem.o
 0002:00001632       ??_C@_1DK@PKNJPDCN@?$AA?7?$AA?$CF?$AAl?$AAl?$AAd?$AA?4?$AAV?$AAe?$AAn?$AAd?$AAo?$AAr?$AA?5?$AA?5?$AA?5?$AA?5?$AA?5?$AA?5?$AA?5?$AA?5?$AA?5?$AA?5?$AA?5?$AA?3?$AA?5?$AA?$CF?$AAs?$AA?6?$AA?$AA@ 000000014001b632     dbg_.-gpu_subsystem.o
 0002:00001678       ??_C@_1DK@BCHMBHFB@?$AA?7?$AA?$CF?$AAl?$AAl?$AAd?$AA?4?$AAV?$AAe?$AAr?$AAs?$AAi?$AAo?$AAn?$AA?5?$AA?5?$AA?5?$AA?5?$AA?5?$AA?5?$AA?5?$AA?5?$AA?5?$AA?5?$AA?3?$AA?5?$AA?$CF?$AAs?$AA?6?$AA?$AA@ 000000014001b678     dbg_.-gpu_subsystem.o
 0002:000016be       ??_C@_1DK@PPLGHIMI@?$AA?7?$AA?$CF?$AAl?$AAl?$AAd?$AA?4?$AAP?$AAr?$AAo?$AAf?$AAi?$AAl?$AAe?$AA?5?$AA?5?$AA?5?$AA?5?$AA?5?$AA?5?$AA?5?$AA?5?$AA?5?$AA?5?$AA?3?$AA?5?$AA?$CF?$AAs?$AA?6?$AA?$AA@ 000000014001b6be     dbg_.-gpu_subsystem.o
 0002:00001704       ??_C@_1DK@KGLDJAGB@?$AA?7?$AA?$CF?$AAl?$AAl?$AAd?$AA?4?$AAE?$AAx?$AAt?$AAe?$AAn?$AAs?$AAi?$AAo?$AAn?$AAs?$AA?5?$AA?5?$AA?5?$AA?5?$AA?5?$AA?5?$AA?5?$AA?3?$AA?5?$AA?$CF?$AAs?$AA?6?$AA?$AA@ 000000014001b704     dbg_.-gpu_subsystem.o
 0002:0000174a       ??_C@_1DO@JAHGICMH@?$AA?7?$AA?$CF?$AAl?$AAl?$AAd?$AA?4?$AAT?$AAi?$AAm?$AAe?$AAr?$AA?5?$AAR?$AAe?$AAs?$AAo?$AAl?$AAu?$AAt?$AAi?$AAo?$AAn?$AA?5?$AA?3?$AA?5?$AA?$CF?$AAl?$AAl?$AAd?$AA?6?$AA?$AA@ 000000014001b74a     dbg_.-gpu_subsystem.o
 0002:00001794       ??_C@_1FE@GFHOHNKH@?$AAp?$AAl?$AAa?$AAt?$AAf?$AAo?$AAr?$AAm?$AA?5?$AA?$CF?$AAl?$AAl?$AAd?$AA?3?$AA?5?$AAG?$AAo?$AAt?$AA?5?$AAa?$AAt?$AA?5?$AAl?$AAe?$AAa?$AAs?$AAt?$AA?5?$AA?$CF?$AAl?$AAl?$AAd@ 000000014001b794     dbg_.-gpu_subsystem.o
 0002:000017f8       ??_C@_1BM@MMFNNAKO@?$AAD?$AAe?$AAv?$AAi?$AAc?$AAe?$AA?5?$AA?$CF?$AAl?$AAl?$AAd?$AA?3?$AA?6?$AA?$AA@ 000000014001b7f8     dbg_.-gpu_subsystem.o
 0002:0000181a       ??_C@_1FG@GKDLJBIA@?$AA?7?$AA?$CF?$AAl?$AAl?$AAd?$AA?4?$AA?$CF?$AAl?$AAl?$AAd?$AA?4?$AAN?$AAa?$AAm?$AAe?$AA?5?$AA?5?$AA?5?$AA?5?$AA?5?$AA?5?$AA?5?$AA?5?$AA?5?$AA?5?$AA?5?$AA?5?$AA?5?$AA?5?$AA?5?$AA?5?$AA?5@ 000000014001b81a     dbg_.-gpu_subsystem.o
 0002:00001882       ??_C@_1FK@JCGLFMHC@?$AA?7?$AA?$CF?$AAl?$AAl?$AAd?$AA?4?$AA?$CF?$AAl?$AAl?$AAd?$AA?4?$AAA?$AAv?$AAa?$AAi?$AAl?$AAa?$AAb?$AAl?$AAe?$AA?5?$AA?5?$AA?5?$AA?5?$AA?5?$AA?5?$AA?5?$AA?5?$AA?5?$AA?5?$AA?5?$AA?5@ 000000014001b882     dbg_.-gpu_subsystem.o
 0002:000018ee       ??_C@_1FK@PNFJMFNM@?$AA?7?$AA?$CF?$AAl?$AAl?$AAd?$AA?4?$AA?$CF?$AAl?$AAl?$AAd?$AA?4?$AAT?$AAy?$AAp?$AAe?$AA?5?$AA?5?$AA?5?$AA?5?$AA?5?$AA?5?$AA?5?$AA?5?$AA?5?$AA?5?$AA?5?$AA?5?$AA?5?$AA?5?$AA?5?$AA?5?$AA?5@ 000000014001b8ee     dbg_.-gpu_subsystem.o
 0002:0000195a       ??_C@_1FG@OJFNKBCG@?$AA?7?$AA?$CF?$AAl?$AAl?$AAd?$AA?4?$AA?$CF?$AAl?$AAl?$AAd?$AA?4?$AAV?$AAe?$AAn?$AAd?$AAo?$AAr?$AA?5?$AA?5?$AA?5?$AA?5?$AA?5?$AA?5?$AA?5?$AA?5?$AA?5?$AA?5?$AA?5?$AA?5?$AA?5?$AA?5?$AA?5@ 000000014001b95a     dbg_.-gpu_subsystem.o
 0002:000019c2       ??_C@_1FG@LICMMOCB@?$AA?7?$AA?$CF?$AAl?$AAl?$AAd?$AA?4?$AA?$CF?$AAl?$AAl?$AAd?$AA?4?$AAD?$AAr?$AAi?$AAv?$AAe?$AAr?$AA?5?$AAV?$AAe?$AAr?$AAs?$AAi?$AAo?$AAn?$AA?5?$AA?5?$AA?5?$AA?5?$AA?5?$AA?5?$AA?5@ 000000014001b9c2     dbg_.-gpu_subsystem.o
 0002:00001a2a       ??_C@_1FG@GEMKEAJB@?$AA?7?$AA?$CF?$AAl?$AAl?$AAd?$AA?4?$AA?$CF?$AAl?$AAl?$AAd?$AA?4?$AAD?$AAe?$AAv?$AAi?$AAc?$AAe?$AA?5?$AAV?$AAe?$AAr?$AAs?$AAi?$AAo?$AAn?$AA?5?$AA?5?$AA?5?$AA?5?$AA?5?$AA?5?$AA?5@ 000000014001ba2a     dbg_.-gpu_subsystem.o
 0002:00001a92       ??_C@_1FG@MPCNGFNE@?$AA?7?$AA?$CF?$AAl?$AAl?$AAd?$AA?4?$AA?$CF?$AAl?$AAl?$AAd?$AA?4?$AAP?$AAr?$AAo?$AAf?$AAi?$AAl?$AAe?$AA?5?$AA?5?$AA?5?$AA?5?$AA?5?$AA?5?$AA?5?$AA?5?$AA?5?$AA?5?$AA?5?$AA?5?$AA?5?$AA?5@ 000000014001ba92     dbg_.-gpu_subsystem.o
 0002:00001afa       ??_C@_1FG@GJMINOLL@?$AA?7?$AA?$CF?$AAl?$AAl?$AAd?$AA?4?$AA?$CF?$AAl?$AAl?$AAd?$AA?4?$AAE?$AAx?$AAt?$AAe?$AAn?$AAs?$AAi?$AAo?$AAn?$AAs?$AA?5?$AA?5?$AA?5?$AA?5?$AA?5?$AA?5?$AA?5?$AA?5?$AA?5?$AA?5?$AA?5@ 000000014001bafa     dbg_.-gpu_subsystem.o
 0002:00001b62       ??_C@_1FK@NKJEPLPJ@?$AA?7?$AA?$CF?$AAl?$AAl?$AAd?$AA?4?$AA?$CF?$AAl?$AAl?$AAd?$AA?4?$AAM?$AAa?$AAx?$AA?5?$AAC?$AAo?$AAm?$AAp?$AAu?$AAt?$AAe?$AA?5?$AAU?$AAn?$AAi?$AAt?$AAs?$AA?5?$AA?5?$AA?5?$AA?5@ 000000014001bb62     dbg_.-gpu_subsystem.o
 0002:00001bce       ??_C@_1FK@OLFGCCPL@?$AA?7?$AA?$CF?$AAl?$AAl?$AAd?$AA?4?$AA?$CF?$AAl?$AAl?$AAd?$AA?4?$AAM?$AAa?$AAx?$AA?5?$AAI?$AAt?$AAe?$AAm?$AA?5?$AAD?$AAi?$AAm?$AAe?$AAn?$AAs?$AAi?$AAo?$AAn?$AAs?$AA?5?$AA?5@ 000000014001bbce     dbg_.-gpu_subsystem.o
 0002:00001c3a       ??_C@_1FK@CMFPDFMJ@?$AA?7?$AA?$CF?$AAl?$AAl?$AAd?$AA?4?$AA?$CF?$AAl?$AAl?$AAd?$AA?4?$AAM?$AAa?$AAx?$AA?5?$AAG?$AAr?$AAo?$AAu?$AAp?$AA?5?$AAS?$AAi?$AAz?$AAe?$AA?5?$AA?5?$AA?5?$AA?5?$AA?5?$AA?5?$AA?5@ 000000014001bc3a     dbg_.-gpu_subsystem.o
 0002:00001ca6       ??_C@_1GA@OFJKKJHL@?$AA?7?$AA?7?$AA?$CF?$AAl?$AAl?$AAd?$AA?4?$AA?$CF?$AAl?$AAl?$AAd?$AA?4?$AAM?$AAa?$AAx?$AA?5?$AAI?$AAt?$AAe?$AAm?$AA?5?$AAS?$AAi?$AAz?$AAe?$AAs?$AA?$FL?$AA?$CF?$AAl?$AAl?$AAd?$AA?$FN@ 000000014001bca6     dbg_.-gpu_subsystem.o
 0002:00001d1a       ??_C@_1FK@PBEPJBHG@?$AA?7?$AA?$CF?$AAl?$AAl?$AAd?$AA?4?$AA?$CF?$AAl?$AAl?$AAd?$AA?4?$AAM?$AAa?$AAx?$AA?5?$AAC?$AAl?$AAo?$AAc?$AAk?$AA?5?$AAF?$AAr?$AAe?$AAq?$AAu?$AAe?$AAn?$AAc?$AAy?$AA?5?$AA?5@ 000000014001bd1a     dbg_.-gpu_subsystem.o
 0002:00001d86       ??_C@_1FK@EGKKPFNE@?$AA?7?$AA?$CF?$AAl?$AAl?$AAd?$AA?4?$AA?$CF?$AAl?$AAl?$AAd?$AA?4?$AAM?$AAa?$AAx?$AA?5?$AAM?$AAe?$AAm?$AA?5?$AAA?$AAl?$AAl?$AAo?$AAc?$AA?5?$AAS?$AAi?$AAz?$AAe?$AA?5?$AA?5?$AA?5@ 000000014001bd86     dbg_.-gpu_subsystem.o
 0002:00001df2       ??_C@_1FK@NMMFNGJN@?$AA?7?$AA?$CF?$AAl?$AAl?$AAd?$AA?4?$AA?$CF?$AAl?$AAl?$AAd?$AA?4?$AAG?$AAl?$AAo?$AAb?$AAa?$AAl?$AA?5?$AAM?$AAe?$AAm?$AA?5?$AAC?$AAa?$AAc?$AAh?$AAe?$AAl?$AAi?$AAn?$AAe?$AA?5@ 000000014001bdf2     dbg_.-gpu_subsystem.o
 0002:00001e5e       ??_C@_1FK@NMHJFOBI@?$AA?7?$AA?$CF?$AAl?$AAl?$AAd?$AA?4?$AA?$CF?$AAl?$AAl?$AAd?$AA?4?$AAG?$AAl?$AAo?$AAb?$AAa?$AAl?$AA?5?$AAM?$AAe?$AAm?$AA?5?$AAC?$AAa?$AAc?$AAh?$AAe?$AA?5?$AAS?$AAi?$AAz?$AAe@ 000000014001be5e     dbg_.-gpu_subsystem.o
 0002:00001eca       ??_C@_1FK@KEPOBMOJ@?$AA?7?$AA?$CF?$AAl?$AAl?$AAd?$AA?4?$AA?$CF?$AAl?$AAl?$AAd?$AA?4?$AAG?$AAl?$AAo?$AAb?$AAa?$AAl?$AA?5?$AAM?$AAe?$AAm?$AA?5?$AAS?$AAi?$AAz?$AAe?$AA?5?$AA?5?$AA?5?$AA?5?$AA?5?$AA?5@ 000000014001beca     dbg_.-gpu_subsystem.o
 0002:00001f36       ??_C@_1FK@BEKCEBKI@?$AA?7?$AA?$CF?$AAl?$AAl?$AAd?$AA?4?$AA?$CF?$AAl?$AAl?$AAd?$AA?4?$AAL?$AAo?$AAc?$AAa?$AAl?$AA?5?$AAM?$AAe?$AAm?$AA?5?$AAS?$AAi?$AAz?$AAe?$AA?5?$AA?5?$AA?5?$AA?5?$AA?5?$AA?5?$AA?5@ 000000014001bf36     dbg_.-gpu_subsystem.o
 0002:00001fa2       ??_C@_1DG@HHDGLCMF@?$AAA?$AAt?$AA?5?$AAe?$AAn?$AAd?$AA?5?$AAh?$AAa?$AAv?$AAe?$AA?5?$AA?$CF?$AAl?$AAl?$AAd?$AA?5?$AAd?$AAe?$AAv?$AAi?$AAc?$AAe?$AAs?$AA?4?$AA?6?$AA?$AA@ 000000014001bfa2     dbg_.-gpu_subsystem.o
 0002:00001fe2       ??_C@_1FC@JJNHHFIJ@?$AAI?$AAn?$AAi?$AAt?$AA?5?$AAf?$AAo?$AAr?$AAm?$AA?5?$AAp?$AAl?$AAa?$AAt?$AAf?$AAo?$AAr?$AAm?$AA?5?$AA?$CF?$AAl?$AAl?$AAd?$AA?5?$AA?$FL?$AAa?$AAu?$AAt?$AAo?$AA?5?$AAs?$AAe@ 000000014001bfe2     dbg_.-gpu_subsystem.o
 0002:00002044       ??_C@_1EC@CFAEGHOO@?$AAE?$AAr?$AAr?$AAo?$AAr?$AA?5?$AAa?$AAt?$AA?5?$AAc?$AAl?$AAC?$AAr?$AAe?$AAa?$AAt?$AAe?$AAC?$AAo?$AAn?$AAt?$AAe?$AAx?$AAt?$AA?5?$AA?$FL?$AA?$CF?$AAl?$AAl?$AAd?$AA?$FN?$AA?6@ 000000014001c044     dbg_.-gpu_subsystem.o
 0002:00002094       ??_C@_1GI@JODPKPLM@?$AAE?$AAr?$AAr?$AAo?$AAr?$AA?5?$AAa?$AAt?$AA?5?$AAc?$AAl?$AAC?$AAr?$AAe?$AAa?$AAt?$AAe?$AAC?$AAo?$AAm?$AAm?$AAa?$AAn?$AAd?$AAQ?$AAu?$AAe?$AAu?$AAe?$AAW?$AAi?$AAt@ 000000014001c094     dbg_.-gpu_subsystem.o
 0002:00002110       ??_C@_0FA@OKGFDHAO@?9cl?9single?9precision?9constant?5?9c@ 000000014001c110     dbg_.-gpu_subsystem.o
 0002:00002170       ??_C@_1DE@FJCPKFIJ@?$AAB?$AAu?$AAi?$AAl?$AAd?$AAP?$AAr?$AAo?$AAg?$AAr?$AAa?$AAm?$AA?5?$AAE?$AAr?$AAr?$AAo?$AAr?$AA?3?$AA?5?$AA?$CF?$AAl?$AAl?$AAd?$AA?6?$AA?$AA@ 000000014001c170     dbg_.-gpu_subsystem.o
 0002:000021ae       ??_C@_19PDAGFAKM@?$AA?4?$AA?4?$AA?4?$AA?6?$AA?$AA@ 000000014001c1ae     dbg_.-gpu_subsystem.o
 0002:000021ba       ??_C@_1CO@HIIDKPPP@?$AAB?$AAu?$AAi?$AAl?$AAd?$AAI?$AAn?$AAf?$AAo?$AA?5?$AAE?$AAr?$AAr?$AAo?$AAr?$AA?3?$AA?5?$AA?$CF?$AAl?$AAl?$AAd?$AA?6?$AA?$AA@ 000000014001c1ba     dbg_.-gpu_subsystem.o
 0002:000021f2       ??_C@_1DA@GJKLKGNM@?$AAB?$AAu?$AAi?$AAl?$AAd?$AAI?$AAn?$AAf?$AAo?$AA2?$AA?5?$AAE?$AAr?$AAr?$AAo?$AAr?$AA?3?$AA?5?$AA?$CF?$AAl?$AAl?$AAd?$AA?6?$AA?$AA@ 000000014001c1f2     dbg_.-gpu_subsystem.o
 0002:0000222c       ??_C@_1DA@CBNNMJJB@?$AAE?$AAr?$AAr?$AAo?$AAr?$AA?5?$AAI?$AAn?$AAf?$AAo?$AA?3?$AA?5?$AAc?$AAo?$AAd?$AAe?$AA?$DN?$AA?$CF?$AAl?$AAl?$AAd?$AA?3?$AA?6?$AA?$AA@ 000000014001c22c     dbg_.-gpu_subsystem.o
 0002:00002266       ??_C@_1CA@CAEDKLHA@?$AA?$CF?$AA0?$AA2?$AAx?$AA?5?$AA?$CF?$AA0?$AA2?$AAx?$AA?5?$AA?$CF?$AA0?$AA2?$AAx?$AA?6?$AA?$AA@ 000000014001c266     dbg_.-gpu_subsystem.o
 0002:0000228c       ??_C@_17MJEANDKP@?$AA?$CF?$AAs?$AA?6?$AA?$AA@ 000000014001c28c     dbg_.-gpu_subsystem.o
 0002:00002296       ??_C@_1CO@DCKAPNAK@?$AAw?$AAa?$AAi?$AAt?$AAi?$AAn?$AAg?$AA?5?$AAs?$AAt?$AAa?$AAr?$AAt?$AAu?$AAp?$AA?5?$AAp?$AAa?$AAg?$AAe?$AAs?$AA?6?$AA?$AA@ 000000014001c296     dbg_.-hive_entry.o
 0002:000022ce       ??_C@_1EI@OLFKDNEP@?$AAE?$AAr?$AAr?$AAo?$AAr?$AA?3?$AA?5?$AAa?$AAl?$AAl?$AAo?$AAc?$AAa?$AAt?$AAe?$AAd?$AA?5?$AAa?$AAr?$AAr?$AAa?$AAy?$AA?5?$AAi?$AAs?$AAn?$AA?8?$AAt?$AA?5?$AAl?$AAo?$AAc@ 000000014001c2ce     dbg_.-hive_entry.o
 0002:00002324       ??_C@_1BM@MGOLOELI@?$AAr?$AAe?$AAs?$AAC?$AAo?$AAd?$AAe?$AAI?$AAd?$AA?$DN?$AA?$CF?$AAp?$AA?6?$AA?$AA@ 000000014001c324     dbg_.-hive_entry.o
 0002:00002346       ??_C@_1DO@NMNBJACC@?$AA?9?$AA?9?$AA?9?$AA?9?$AA?9?$AA?5?$AAt?$AAo?$AAt?$AAa?$AAl?$AA?5?$AA?$CF?$AAl?$AAl?$AAd?$AA?5?$AAc?$AAo?$AAn?$AAn?$AAe?$AAc?$AAt?$AAi?$AAo?$AAn?$AAs?$AA?3?$AA?6?$AA?$AA@ 000000014001c346     dbg_.-remote.o
 0002:00002390       ??_C@_1EM@BPMELAJO@?$AA?9?$AAc?$AAo?$AAn?$AAn?$AAe?$AAc?$AAt?$AAi?$AAo?$AAn?$AA?5?$AA?$FL?$AA?$CF?$AAp?$AA?$FN?$AA?5?$AA?$CF?$AAl?$AAl?$AAd?$AA?3?$AA?5?$AAl?$AAo?$AAc?$AAa?$AAl?$AA_?$AAi?$AAd?$AA?$DN@ 000000014001c390     dbg_.-remote.o
 0002:000023ec       ??_C@_1DC@HEOFFPLC@?$AAo?$AAu?$AAt?$AAg?$AAo?$AAi?$AAn?$AAg?$AA?3?$AA?5?$AAN?$AAo?$AA?5?$AAc?$AAo?$AAn?$AAn?$AAe?$AAc?$AAt?$AAi?$AAo?$AAn?$AA?6?$AA?$AA@ 000000014001c3ec     dbg_.-remote.o
 0002:00002428       ??_C@_1DG@HNEHLNLB@?$AAo?$AAu?$AAt?$AAg?$AAo?$AAi?$AAn?$AAg?$AA?3?$AA?5?$AAI?$AAP?$AA?$DN?$AA?$CF?$AAs?$AA?5?$AAP?$AAO?$AAR?$AAT?$AA?$DN?$AA?$CF?$AAl?$AAl?$AAd?$AA?6?$AA?$AA@ 000000014001c428     dbg_.-remote.o
 0002:00002468       ??_C@_1DI@OKINGPOA@?$AAo?$AAu?$AAt?$AAg?$AAo?$AAi?$AAn?$AAg?$AA?3?$AA?5?$AA?5?$AAI?$AAP?$AA?$DN?$AA?$CF?$AAs?$AA?5?$AAP?$AAO?$AAR?$AAT?$AA?$DN?$AA?$CF?$AAl?$AAl?$AAd?$AA?6?$AA?$AA@ 000000014001c468     dbg_.-remote.o
 0002:000024ac       ??_C@_1CM@KOFOMBCP@?$AAo?$AAu?$AAt?$AAg?$AAo?$AAi?$AAn?$AAg?$AA?3?$AA?5?$AA?5?$AAC?$AAo?$AAr?$AAr?$AAu?$AAp?$AAt?$AAe?$AAd?$AA?6?$AA?$AA@ 000000014001c4ac     dbg_.-remote.o
 0002:000024e0       ??_C@_1DC@OBBDDNNB@?$AAi?$AAn?$AAc?$AAo?$AAm?$AAi?$AAn?$AAg?$AA?3?$AA?5?$AAN?$AAo?$AA?5?$AAc?$AAo?$AAn?$AAn?$AAe?$AAc?$AAt?$AAi?$AAo?$AAn?$AA?6?$AA?$AA@ 000000014001c4e0     dbg_.-remote.o
 0002:0000251c       ??_C@_1DG@NNAENLOC@?$AAi?$AAn?$AAc?$AAo?$AAm?$AAi?$AAn?$AAg?$AA?3?$AA?5?$AAI?$AAP?$AA?$DN?$AA?$CF?$AAs?$AA?5?$AAP?$AAO?$AAR?$AAT?$AA?$DN?$AA?$CF?$AAl?$AAl?$AAd?$AA?6?$AA?$AA@ 000000014001c51c     dbg_.-remote.o
 0002:0000255c       ??_C@_1DI@NPMKAFFJ@?$AAi?$AAn?$AAc?$AAo?$AAm?$AAi?$AAn?$AAg?$AA?3?$AA?5?$AA?5?$AAI?$AAP?$AA?$DN?$AA?$CF?$AAs?$AA?5?$AAP?$AAO?$AAR?$AAT?$AA?$DN?$AA?$CF?$AAl?$AAl?$AAd?$AA?6?$AA?$AA@ 000000014001c55c     dbg_.-remote.o
 0002:000025a0       ??_C@_1GA@HHMMHPKA@?$AA?$CB?$AA?$CB?$AA?$CB?$AA?$CB?$AA?$CB?$AA?5?$AA?$DO?$AA?$DO?$AA?$DO?$AA?$DO?$AA?$DO?$AA?$DO?$AA?5?$AAP?$AAa?$AAg?$AAe?$AA?5?$AAa?$AAl?$AAl?$AAo?$AAc?$AAa?$AAt?$AAi?$AAo?$AAn?$AA?5?$AAi?$AAd?$AA?$DN@ 000000014001c5a0     dbg_.-remote.o
 0002:00002614       ??_C@_1DE@OFJFJIIH@?$AAS?$AAe?$AAr?$AAv?$AAe?$AAr?$AA?5?$AAi?$AAd?$AA?$DN?$AA?$CF?$AAl?$AAl?$AAd?$AA?5?$AAc?$AAo?$AAn?$AAf?$AAi?$AAr?$AAm?$AAe?$AAd?$AA?6?$AA?$AA@ 000000014001c614     dbg_.-remote.o
 0002:00002652       ??_C@_1CG@DJLPCGPG@?$AAC?$AAl?$AAi?$AAe?$AAn?$AAt?$AA?5?$AAc?$AAo?$AAn?$AAn?$AAe?$AAc?$AAt?$AAe?$AAd?$AA?$CB?$AA?6?$AA?$AA@ 000000014001c652     dbg_.-remote.o
 0002:00002680       ??_C@_1GO@KIHGLMJK@?$AAS?$AAe?$AAn?$AAd?$AA?5?$AAc?$AAo?$AAn?$AAf?$AAi?$AAr?$AAm?$AAa?$AAt?$AAi?$AAo?$AAn?$AA?5?$AAo?$AAf?$AA?5?$AAp?$AAa?$AAg?$AAe?$AA?5?$AAa?$AAl?$AAl?$AAo?$AAc?$AAa@ 000000014001c680     dbg_.-remote.o
 0002:00002704       ??_C@_1FC@NJOMCOBI@?$AAR?$AAe?$AAd?$AAi?$AAr?$AAe?$AAc?$AAt?$AAi?$AAn?$AAg?$AA?5?$AAp?$AAa?$AAg?$AAe?$AA?5?$AAq?$AAu?$AAe?$AAr?$AAy?$AA?5?$AAt?$AAo?$AA?5?$AAl?$AAo?$AAc?$AAa?$AAl?$AA_@ 000000014001c704     dbg_.-remote.o
 0002:00002766       ??_C@_1EO@MLLDILKB@?$AAR?$AAe?$AAd?$AAi?$AAr?$AAe?$AAc?$AAt?$AAi?$AAn?$AAg?$AA?5?$AAi?$AAd?$AA?5?$AAq?$AAu?$AAe?$AAr?$AAy?$AA?5?$AAt?$AAo?$AA?5?$AAl?$AAo?$AAc?$AAa?$AAl?$AA_?$AAi?$AAd@ 000000014001c766     dbg_.-remote.o
 0002:000027c4       ??_C@_1DM@IBOIDFJO@?$AAs?$AAo?$AAc?$AAk?$AAe?$AAt?$AA?$CI?$AA?$CJ?$AA?5?$AAf?$AAa?$AAi?$AAl?$AAe?$AAd?$AA?5?$AA?$FL?$AAe?$AAr?$AAr?$AAo?$AAr?$AA?$DN?$AA?$CF?$AAl?$AAl?$AAd?$AA?$FN?$AA?6?$AA?$AA@ 000000014001c7c4     dbg_.-remote.o
 0002:0000280c       ??_C@_1CM@FLPDOBBA@?$AAR?$AAe?$AAq?$AAu?$AAe?$AAs?$AAt?$AAi?$AAn?$AAg?$AA?5?$AAp?$AAo?$AAr?$AAt?$AA?5?$AA?$CF?$AAl?$AAl?$AAd?$AA?6?$AA?$AA@ 000000014001c80c     dbg_.-remote.o
 0002:00002840       ??_C@_1DK@IOCIPHFJ@?$AAc?$AAo?$AAn?$AAn?$AAe?$AAc?$AAt?$AA?5?$AAf?$AAa?$AAi?$AAl?$AAe?$AAd?$AA?5?$AA?$FL?$AAe?$AAr?$AAr?$AAo?$AAr?$AA?$DN?$AA?$CF?$AAl?$AAl?$AAd?$AA?$FN?$AA?6?$AA?$AA@ 000000014001c840     dbg_.-remote.o
 0002:00002886       ??_C@_1DO@IMGJNCBG@?$AAC?$AAo?$AAn?$AAn?$AAe?$AAc?$AAt?$AAi?$AAo?$AAn?$AA?5?$AAi?$AAs?$AA?5?$AAs?$AAu?$AAc?$AAc?$AAe?$AAs?$AAs?$AAf?$AAu?$AAl?$AA?$CB?$AA?5?$AA?$FL?$AA1?$AA?$FN?$AA?6?$AA?$AA@ 000000014001c886     dbg_.-remote.o
 0002:0000296a       ??_C@_1GE@BBHPHIKC@?$AAE?$AAr?$AAr?$AAo?$AAr?$AA?5?$AA?9?$AA?5?$AAs?$AAe?$AAr?$AAv?$AAe?$AAr?$AA_?$AAp?$AAo?$AAr?$AAt?$AA?5?$AA?$DN?$AA?$DN?$AA?5?$AA?9?$AA1?$AA?5?$AA?$FL?$AAs?$AAe?$AAr?$AAv?$AAe@ 000000014001c96a     dbg_.-remote.o
 0002:000029e2       ??_C@_1EM@HCGPBNNP@?$AAS?$AAt?$AAa?$AAr?$AAt?$AAi?$AAn?$AAg?$AA?5?$AAn?$AAe?$AAw?$AA?5?$AAc?$AAo?$AAn?$AAn?$AAe?$AAc?$AAt?$AAi?$AAo?$AAn?$AA?5?$AAt?$AAo?$AA?5?$AA?$FL?$AA?$CF?$AAs?$AA?$FN?$AA?5@ 000000014001c9e2     dbg_.-remote.o
 0002:00002a3e       ??_C@_1FE@JKPBPNOM@?$AAE?$AAr?$AAr?$AAo?$AAr?$AA?5?$AAr?$AAe?$AAs?$AAo?$AAl?$AAv?$AAi?$AAn?$AAg?$AA?5?$AAh?$AAo?$AAs?$AAt?$AA?4?$AA?5?$AA?$FL?$AAs?$AAt?$AAa?$AAt?$AAu?$AAs?$AA?$DN?$AA?$CF?$AAl@ 000000014001ca3e     dbg_.-remote.o
 0002:00002aa2       ??_C@_1DO@COGNFPF@?$AAC?$AAo?$AAn?$AAn?$AAe?$AAc?$AAt?$AAi?$AAo?$AAn?$AA?5?$AAi?$AAs?$AA?5?$AAs?$AAu?$AAc?$AAc?$AAe?$AAs?$AAs?$AAf?$AAu?$AAl?$AA?$CB?$AA?5?$AA?$FL?$AA2?$AA?$FN?$AA?6?$AA?$AA@ 000000014001caa2     dbg_.-remote.o
 0002:00002aec       ??_C@_1FK@FPKJOMKP@?$AAE?$AAr?$AAr?$AAo?$AAr?$AA?3?$AA?5?$AAC?$AAo?$AAu?$AAl?$AAd?$AA?5?$AAn?$AAo?$AAt?$AA?5?$AAc?$AAo?$AAn?$AAn?$AAe?$AAc?$AAt?$AA?5?$AAt?$AAo?$AA?5?$AA?$CF?$AAs?$AA?5?$AA?$FL@ 000000014001caec     dbg_.-remote.o
 0002:00002b58       ??_C@_1EA@JBNEEBDD@?$AAT?$AAr?$AAy?$AAi?$AAn?$AAg?$AA?5?$AAt?$AAo?$AA?5?$AAg?$AAe?$AAt?$AA?5?$AAm?$AAe?$AAm?$AAo?$AAr?$AAy?$AA?5?$AAp?$AAa?$AAg?$AAe?$AA?5?$AA?$CF?$AAl?$AAl?$AAd?$AA?6?$AA?$AA@ 000000014001cb58     dbg_.-remote.o
 0002:00002ba4       ??_C@_1EI@BHCKMCLF@?$AAC?$AAr?$AAe?$AAa?$AAt?$AAe?$AAd?$AA?5?$AAb?$AAr?$AAo?$AAa?$AAd?$AAc?$AAa?$AAs?$AAt?$AA?5?$AAw?$AAi?$AAt?$AAh?$AA?5?$AAp?$AAr?$AAe?$AAf?$AAi?$AAx?$AA?$DN?$AA?$CF?$AAl@ 000000014001cba4     dbg_.-remote.o
 0002:00002bfa       ??_C@_1DM@MBBJEJBJ@?$AAT?$AAr?$AAy?$AAi?$AAn?$AAg?$AA?5?$AAt?$AAo?$AA?5?$AAg?$AAe?$AAt?$AA?5?$AAs?$AAe?$AAr?$AAv?$AAe?$AAr?$AA?5?$AAi?$AAd?$AA?5?$AA?$CF?$AAl?$AAl?$AAd?$AA?6?$AA?$AA@ 000000014001cbfa     dbg_.-remote.o
 0002:00002c42       ??_C@_1GK@DMGCKEJF@?$AAA?$AAn?$AAs?$AAw?$AAe?$AAr?$AA?5?$AAP?$AAu?$AAs?$AAh?$AA?5?$AAO?$AAb?$AAj?$AAe?$AAc?$AAt?$AA?5?$AAt?$AAo?$AA?5?$AAl?$AAo?$AAc?$AAa?$AAl?$AAi?$AAd?$AA?$DN?$AA?$CF?$AAl@ 000000014001cc42     dbg_.-remote.o
 0002:00002cc2       ??_C@_1GM@MICHOCHB@?$AAA?$AAn?$AAs?$AAw?$AAe?$AAr?$AA?5?$AAQ?$AAu?$AAe?$AAr?$AAy?$AA?5?$AAO?$AAb?$AAj?$AAe?$AAc?$AAt?$AA?5?$AAt?$AAo?$AA?5?$AAl?$AAo?$AAc?$AAa?$AAl?$AAi?$AAd?$AA?$DN?$AA?$CF@ 000000014001ccc2     dbg_.-remote.o
 0002:00002d44       ??_C@_1FK@FHPCFNAH@?$AAs?$AAe?$AAn?$AAd?$AA?5?$AAb?$AAr?$AAo?$AAa?$AAd?$AAc?$AAa?$AAs?$AAt?$AA?5?$AAa?$AAn?$AAs?$AAw?$AAe?$AAr?$AA?5?$AAp?$AAa?$AAt?$AAh?$AA?5?$AAt?$AAo?$AA?5?$AAl?$AAo@ 000000014001cd44     dbg_.-remote.o
 0002:00002db0       ??_C@_1FM@FIIIPBAA@?$AAs?$AAe?$AAn?$AAd?$AA?5?$AAb?$AAr?$AAo?$AAa?$AAd?$AAc?$AAa?$AAs?$AAt?$AA?5?$AAp?$AAa?$AAt?$AAh?$AA?5?$AAr?$AAe?$AAq?$AAu?$AAe?$AAs?$AAt?$AA?5?$AAt?$AAo?$AA?5?$AAl@ 000000014001cdb0     dbg_.-remote.o
 0002:00002e1e       ??_C@_1GA@MDBOGCGI@?$AAs?$AAe?$AAn?$AAd?$AA?5?$AAb?$AAr?$AAo?$AAa?$AAd?$AAc?$AAa?$AAs?$AAt?$AA?5?$AAa?$AAn?$AAs?$AAw?$AAe?$AAr?$AA?5?$AAi?$AAd?$AA?5?$AAp?$AAa?$AAt?$AAh?$AA?5?$AAt?$AAo@ 000000014001ce1e     dbg_.-remote.o
 0002:00002e92       ??_C@_1EO@CDOEBIIP@?$AAS?$AAe?$AAn?$AAd?$AAi?$AAn?$AAg?$AA?5?$AAb?$AAr?$AAo?$AAa?$AAd?$AAc?$AAa?$AAs?$AAt?$AA?5?$AAt?$AAo?$AA?5?$AAf?$AAi?$AAn?$AAd?$AA?5?$AAo?$AAb?$AAj?$AAe?$AAc?$AAt@ 000000014001ce92     dbg_.-remote.o
 0002:00002ef0       ??_C@_1DC@EHBNKHBD@?$AAr?$AAe?$AAq?$AAu?$AAe?$AAs?$AAt?$AA?5?$AAs?$AAe?$AAt?$AA?5?$AAo?$AAb?$AAj?$AAe?$AAc?$AAt?$AA?$DN?$AA?$CF?$AAl?$AAl?$AAd?$AA?6?$AA?$AA@ 000000014001cef0     dbg_.-remote.o
 0002:00002f2c       ??_C@_1CO@OBFELGCG@?$AAl?$AAo?$AAc?$AAa?$AAl?$AA?5?$AAo?$AAb?$AAj?$AAe?$AAc?$AAt?$AA?5?$AA?9?$AA?5?$AAa?$AAn?$AAs?$AAw?$AAe?$AAr?$AA?6?$AA?$AA@ 000000014001cf2c     dbg_.-remote.o
 0002:00002f64       ??_C@_1CC@BJNHGOIA@?$AAd?$AAo?$AAn?$AA?8?$AAt?$AA?5?$AAk?$AAn?$AAo?$AAw?$AA?5?$AAp?$AAa?$AAt?$AAh?$AA?6?$AA?$AA@ 000000014001cf64     dbg_.-remote.o
 0002:00002f8c       ??_C@_1DA@NHJHHADA@?$AAr?$AAe?$AAq?$AAu?$AAe?$AAs?$AAt?$AA?5?$AAs?$AAe?$AAn?$AAt?$AA?5?$AA?$FL?$AAt?$AAo?$AA?5?$AA?$CF?$AAl?$AAl?$AAd?$AA?$FN?$AA?6?$AA?$AA@ 000000014001cf8c     dbg_.-remote.o
 0002:00002fc6       ??_C@_1IK@DBMEHLHD@?$AAS?$AAt?$AAa?$AAr?$AAt?$AAi?$AAn?$AAg?$AA?5?$AAn?$AAe?$AAw?$AA?5?$AAR?$AAE?$AAM?$AAO?$AAT?$AAE?$AA?5?$AAw?$AAo?$AAr?$AAk?$AAe?$AAr?$AA?5?$AA?$CF?$AAl?$AAl?$AAd?$AA?5@ 000000014001cfc6     dbg_.-remote.o
 0002:0000306c       ??_C@_1EK@DLJDAMIC@?$AAs?$AAe?$AAn?$AAd?$AAi?$AAn?$AAg?$AA?5?$AAh?$AAi?$AAv?$AAe?$AA?5?$AAs?$AAt?$AAa?$AAt?$AAe?$AA?5?$AA?$FL?$AA?$CF?$AAl?$AAl?$AAd?$AA?5?$AA?$CF?$AAl?$AAl?$AAd?$AA?5?$AA?$CF?$AAl@ 000000014001d06c     dbg_.-remote.o
 0002:000030c4       ??_C@_1DG@PIHIFHIB@?$AAi?$AAn?$AAt?$AAi?$AAi?$AAa?$AAl?$AAi?$AAz?$AAa?$AAt?$AAi?$AAn?$AAg?$AA?5?$AAn?$AAe?$AAt?$AAw?$AAo?$AAr?$AAk?$AA?4?$AA?4?$AA?4?$AA?6?$AA?$AA@ 000000014001d0c4     dbg_.-remote.o
 0002:00003104       ??_C@_1LE@PPGJDLMH@?$AA?$FL?$AAp?$AA?5?$AA?$DM?$AAp?$AAo?$AAr?$AAt?$AA?$DO?$AA?$FN?$AA?5?$AAt?$AAo?$AA?5?$AAs?$AAe?$AAl?$AAe?$AAc?$AAt?$AA?5?$AAp?$AAo?$AAr?$AAt?$AA?5?$AA?$FL?$AAc?$AA?5?$AA?$DM?$AAi?$AAp@ 000000014001d104     dbg_.-remote.o
 0002:000031dc       ??_C@_1BO@BCIJKPCC@?$AAE?$AAn?$AAt?$AAe?$AAr?$AA?5?$AAc?$AAo?$AAm?$AAm?$AAa?$AAn?$AAd?$AA?$DO?$AA?$AA@ 000000014001d1dc     dbg_.-remote.o
 0002:00003200       ??_C@_1CK@IMAGNILG@?$AAC?$AAo?$AAn?$AAf?$AAi?$AAr?$AAm?$AAe?$AAd?$AA?5?$AAp?$AAo?$AAr?$AAt?$AA?$DN?$AA?$CF?$AAl?$AAl?$AAd?$AA?6?$AA?$AA@ 000000014001d200     dbg_.-remote.o
 0002:00003232       ??_C@_1CE@BDEHPDNE@?$AAG?$AAe?$AAt?$AA?5?$AAc?$AAo?$AAm?$AAm?$AAa?$AAn?$AAd?$AA?5?$AA?$FL?$AA?$CF?$AAs?$AA?$FN?$AA?6?$AA?$AA@ 000000014001d232     dbg_.-remote.o
 0002:0000325e       ??_C@_1DG@NNMMEGKD@?$AAS?$AAe?$AAl?$AAe?$AAc?$AAt?$AAe?$AAd?$AA?5?$AAc?$AAo?$AAn?$AAn?$AAe?$AAc?$AAt?$AA?5?$AAc?$AAo?$AAm?$AAm?$AAa?$AAn?$AAd?$AA?4?$AA?6?$AA?$AA@ 000000014001d25e     dbg_.-remote.o
 0002:0000329e       ??_C@_1CI@KPENLAE@?$AAE?$AAn?$AAt?$AAe?$AAr?$AA?5?$AAI?$AAP?$AA?5?$AAa?$AAn?$AAd?$AA?5?$AAP?$AAO?$AAR?$AAT?$AA?4?$AA?6?$AA?$AA@ 000000014001d29e     dbg_.-remote.o
 0002:000032ce       ??_C@_1EG@CAHECGOL@?$AAT?$AAr?$AAy?$AAi?$AAn?$AAg?$AA?5?$AAt?$AAo?$AA?5?$AAc?$AAo?$AAn?$AAn?$AAe?$AAc?$AAt?$AA?5?$AAt?$AAo?$AA?5?$AA?$FL?$AA?$CF?$AAs?$AA?$FN?$AA?5?$AA?$FL?$AA?$CF?$AAs?$AA?$FN?$AA?4?$AA?4@ 000000014001d2ce     dbg_.-remote.o
 0002:00003322       ??_C@_1DG@GLOHHOJG@?$AAT?$AAe?$AAm?$AAp?$AAo?$AAr?$AAa?$AAr?$AAy?$AA?5?$AAl?$AAo?$AAc?$AAa?$AAl?$AA_?$AAi?$AAd?$AA?5?$AA?$DN?$AA?5?$AA?$CF?$AAl?$AAl?$AAd?$AA?6?$AA?$AA@ 000000014001d322     dbg_.-remote.o
 0002:00003362       ??_C@_1DC@MOJEJJIM@?$AAC?$AAo?$AAn?$AAf?$AAi?$AAg?$AAu?$AAr?$AAa?$AAt?$AAi?$AAo?$AAn?$AA?5?$AAc?$AAo?$AAn?$AAf?$AAi?$AAr?$AAm?$AAe?$AAd?$AA?6?$AA?$AA@ 000000014001d362     dbg_.-remote.o
 0002:0000339e       ??_C@_1BA@IEOPIPPP@?$AAg?$AAe?$AAt?$AA?5?$AAi?$AAd?$AA?6?$AA?$AA@ 000000014001d39e     dbg_.-remote.o
 0002:000033b2       ??_C@_1BE@JGIALBEO@?$AAs?$AAl?$AAe?$AAe?$AAp?$AAi?$AAn?$AAg?$AA?6?$AA?$AA@ 000000014001d3b2     dbg_.-remote.o
 0002:000033ca       ??_C@_1CC@DLADIFA@?$AAr?$AAu?$AAn?$AAn?$AAi?$AAn?$AAg?$AA?5?$AAt?$AAh?$AAr?$AAe?$AAa?$AAd?$AAs?$AA?6?$AA?$AA@ 000000014001d3ca     dbg_.-remote.o
 0002:000033f2       ??_C@_1CO@OPIMELJM@?$AAn?$AAe?$AAt?$AAw?$AAo?$AAr?$AAk?$AA?5?$AAi?$AAn?$AAi?$AAt?$AAi?$AAa?$AAl?$AAi?$AAz?$AAa?$AAt?$AAe?$AAd?$AA?6?$AA?$AA@ 000000014001d3f2     dbg_.-remote.o
 0002:0000342a       ??_C@_1DM@PKIKMHMJ@?$AA?$FL?$AAN?$AAE?$AAT?$AAW?$AAO?$AAR?$AAK?$AA?$FN?$AA?3?$AA?5?$AAP?$AAe?$AAe?$AAr?$AA?5?$AAd?$AAi?$AAs?$AAc?$AAo?$AAn?$AAn?$AAe?$AAc?$AAt?$AAe?$AAd?$AA?6?$AA?$AA@ 000000014001d42a     dbg_.-remote.o
 0002:00003472       ??_C@_1DG@IHKBKGHO@?$AAG?$AAe?$AAt?$AA?5?$AAm?$AAe?$AAs?$AAs?$AAa?$AAg?$AAe?$AA?5?$AAo?$AAf?$AA?5?$AA?$CF?$AAl?$AAl?$AAd?$AA?5?$AAb?$AAy?$AAt?$AAe?$AAs?$AA?6?$AA?$AA@ 000000014001d472     dbg_.-remote.o
 0002:000034b2       ??_C@_1EE@FBAKCJKM@?$AAp?$AAr?$AAo?$AAc?$AAe?$AAs?$AAs?$AA?5?$AAh?$AAe?$AAa?$AAd?$AAe?$AAr?$AA?$FL?$AAo?$AAk?$AA?$FN?$AA?5?$AA?$FL?$AAh?$AAe?$AAa?$AAd?$AAe?$AAr?$AA?$DN?$AA?$CF?$AAl?$AAl?$AAd?$AA?$FN@ 000000014001d4b2     dbg_.-remote.o
 0002:00003504       ??_C@_1EE@CIFDCIBF@?$AAp?$AAr?$AAo?$AAc?$AAe?$AAs?$AAs?$AA?5?$AAl?$AAe?$AAn?$AAg?$AAt?$AAh?$AA?$FL?$AAo?$AAk?$AA?$FN?$AA?5?$AA?$FL?$AAl?$AAe?$AAn?$AAg?$AAt?$AAh?$AA?$DN?$AA?$CF?$AAl?$AAl?$AAd?$AA?$FN@ 000000014001d504     dbg_.-remote.o
 0002:00003556       ??_C@_1CM@JBMABCGC@?$AAp?$AAr?$AAo?$AAc?$AAe?$AAs?$AAs?$AA?5?$AAl?$AAe?$AAn?$AAg?$AAt?$AAh?$AA?$FL?$AAp?$AAa?$AAr?$AAt?$AA?$FN?$AA?6?$AA?$AA@ 000000014001d556     dbg_.-remote.o
 0002:0000358a       ??_C@_1CE@BMKCCAOL@?$AAp?$AAr?$AAo?$AAc?$AAe?$AAs?$AAs?$AA?5?$AAb?$AAo?$AAd?$AAy?$AA?$FL?$AAo?$AAk?$AA?$FN?$AA?6?$AA?$AA@ 000000014001d58a     dbg_.-remote.o
 0002:000035b6       ??_C@_1FE@JBHEOMDM@?$AAc?$AAo?$AAn?$AAn?$AAe?$AAc?$AAt?$AAi?$AAo?$AAn?$AA?5?$AAw?$AAa?$AAs?$AA?5?$AAc?$AAl?$AAo?$AAs?$AAe?$AAd?$AA?4?$AA?5?$AA?$FL?$AAl?$AAo?$AAc?$AAa?$AAl?$AA_?$AAi?$AAd@ 000000014001d5b6     dbg_.-remote.o
 0002:0000361a       ??_C@_1CI@LDDDECLE@?$AAp?$AAr?$AAo?$AAc?$AAe?$AAs?$AAs?$AA?5?$AAb?$AAo?$AAd?$AAy?$AA?$FL?$AAp?$AAa?$AAr?$AAt?$AA?$FN?$AA?6?$AA?$AA@ 000000014001d61a     dbg_.-remote.o
 0002:0000364a       ??_C@_1FI@DLIHECMG@?$AAG?$AAe?$AAt?$AA?5?$AAa?$AAp?$AAi?$AA?5?$AAc?$AAa?$AAl?$AAl?$AA?5?$AA?$CF?$AAl?$AAl?$AAd?$AA?5?$AAo?$AAf?$AA?5?$AAl?$AAe?$AAn?$AAg?$AAt?$AAh?$AA?3?$AA?5?$AA?$CF?$AAl?$AAl@ 000000014001d64a     dbg_.-remote.o
 0002:000036b4       ??_C@_1EC@IGPNEALA@?$AAA?$AAP?$AAI?$AA_?$AAR?$AAE?$AAQ?$AAU?$AAE?$AAS?$AAT?$AA_?$AAC?$AAO?$AAN?$AAN?$AAE?$AAC?$AAT?$AAI?$AAO?$AAN?$AA?5?$AAa?$AAn?$AAs?$AAw?$AAe?$AAr?$AAe?$AAd?$AA?6@ 000000014001d6b4     dbg_.-remote.o
 0002:00003704       ??_C@_1HI@PFGJBABN@?$AAA?$AAP?$AAI?$AA_?$AAA?$AAN?$AAS?$AAW?$AAE?$AAR?$AA_?$AAR?$AAE?$AAQ?$AAU?$AAE?$AAS?$AAT?$AA_?$AAC?$AAO?$AAN?$AAN?$AAE?$AAC?$AAT?$AAI?$AAO?$AAN?$AA?5?$AAu?$AAp@ 000000014001d704     dbg_.-remote.o
 0002:00003794       ??_C@_1EM@NFKPCEGC@?$AAU?$AAp?$AAd?$AAa?$AAt?$AAe?$AAd?$AA?5?$AAu?$AAs?$AAi?$AAn?$AAg?$AA?5?$AA?$FL?$AAc?$AAo?$AAn?$AA?$DN?$AA?$CF?$AAp?$AA?$FN?$AA?5?$AA?$FL?$AAa?$AAn?$AAd?$AA?5?$AAf?$AAr?$AAe?$AAe@ 000000014001d794     dbg_.-remote.o
 0002:000037f0       ??_C@_1LA@ICLCBFDH@?$AAE?$AAr?$AAr?$AAo?$AAr?$AA?3?$AA?5?$AAA?$AAP?$AAI?$AA_?$AAA?$AAN?$AAS?$AAW?$AAE?$AAR?$AA_?$AAR?$AAE?$AAQ?$AAU?$AAE?$AAS?$AAT?$AA_?$AAC?$AAO?$AAN?$AAN?$AAE?$AAC@ 000000014001d7f0     dbg_.-remote.o
 0002:000038c4       ??_C@_1FA@NLLPLBEB@?$AAA?$AAP?$AAI?$AA_?$AAR?$AAE?$AAQ?$AAU?$AAE?$AAS?$AAT?$AA_?$AAI?$AAD?$AA?5?$AAp?$AAa?$AAg?$AAe?$AA?$DN?$AA?$CF?$AAl?$AAl?$AAd?$AA?5?$AA?$FL?$AAp?$AAr?$AAe?$AAf?$AAi?$AAx@ 000000014001d8c4     dbg_.-remote.o
 0002:00003924       ??_C@_1BG@IOHEMCP@?$AAR?$AAe?$AAf?$AAu?$AAs?$AAe?$AA?5?$AAi?$AAd?$AA?6?$AA?$AA@ 000000014001d924     dbg_.-remote.o
 0002:0000393e       ??_C@_1EI@DCLENIAC@?$AAC?$AAo?$AAn?$AAf?$AAi?$AAr?$AAm?$AAe?$AAd?$AA?5?$AAb?$AAe?$AAc?$AAo?$AAu?$AAs?$AAe?$AA?5?$AAl?$AAo?$AAc?$AAa?$AAl?$AA_?$AAi?$AAd?$AA?5?$AAd?$AAi?$AAf?$AAf?$AAe@ 000000014001d93e     dbg_.-remote.o
 0002:00003994       ??_C@_1EI@GBBOHBKF@?$AAG?$AAe?$AAt?$AA?5?$AAb?$AAr?$AAo?$AAa?$AAd?$AAc?$AAa?$AAs?$AAt?$AA?5?$AAa?$AAn?$AAs?$AAw?$AAe?$AAr?$AA?5?$AA?$FL?$AAp?$AAr?$AAe?$AAf?$AAi?$AAx?$AA?$DN?$AA?$CF?$AAl?$AAl@ 000000014001d994     dbg_.-remote.o
 0002:000039ea       ??_C@_1CK@JAOCGICP@?$AAB?$AAr?$AAo?$AAa?$AAd?$AAc?$AAa?$AAs?$AAt?$AA?5?$AAc?$AAo?$AAn?$AAf?$AAi?$AAr?$AAm?$AAe?$AAd?$AA?6?$AA?$AA@ 000000014001d9ea     dbg_.-remote.o
 0002:00003a1c       ??_C@_1FM@HIELKEO@?$AAA?$AAP?$AAI?$AA_?$AAR?$AAE?$AAQ?$AAU?$AAE?$AAS?$AAT?$AA_?$AAM?$AAE?$AAM?$AA_?$AAP?$AAA?$AAG?$AAE?$AA?5?$AAp?$AAa?$AAg?$AAe?$AA?$DN?$AA?$CF?$AAl?$AAl?$AAd?$AA?5?$AA?$FL@ 000000014001da1c     dbg_.-remote.o
 0002:00003a8a       ??_C@_1CG@KIALDCLE@?$AAR?$AAe?$AAf?$AAu?$AAs?$AAe?$AA?5?$AAa?$AAl?$AAl?$AAo?$AAc?$AAa?$AAt?$AAi?$AAo?$AAn?$AA?6?$AA?$AA@ 000000014001da8a     dbg_.-remote.o
 0002:00003ab8       ??_C@_1CM@IABHOCCE@?$AAg?$AAe?$AAt?$AA?5?$AAp?$AAu?$AAs?$AAh?$AA?5?$AAo?$AAb?$AAj?$AAe?$AAc?$AAt?$AA?5?$AA?$CF?$AAl?$AAl?$AAd?$AA?6?$AA?$AA@ 000000014001dab8     dbg_.-remote.o
 0002:00003aec       ??_C@_1BM@CKHNEJCK@?$AAl?$AAo?$AAc?$AAa?$AAl?$AA?9?$AAp?$AAu?$AAs?$AAh?$AAe?$AAd?$AA?6?$AA?$AA@ 000000014001daec     dbg_.-remote.o
 0002:00003b0e       ??_C@_1CG@LACBKCJC@?$AAr?$AAe?$AAm?$AAo?$AAt?$AAe?$AA?9?$AAr?$AAe?$AAd?$AAi?$AAr?$AAe?$AAc?$AAt?$AAe?$AAd?$AA?6?$AA?$AA@ 000000014001db0e     dbg_.-remote.o
 0002:00003b3c       ??_C@_1GM@LPBCPABN@?$AAU?$AAP?$AAD?$AAA?$AAT?$AAE?$AA?5?$AAP?$AAA?$AAT?$AAH?$AA?5?$AA1?$AA?5?$AAT?$AAO?$AA?5?$AA?$CF?$AAl?$AAl?$AAd?$AA?5?$AA?$FL?$AAd?$AAi?$AAs?$AAt?$AAa?$AAn?$AAc?$AAe?$AA?$DN@ 000000014001db3c     dbg_.-remote.o
 0002:00003bbe       ??_C@_1GM@FBBGBBEM@?$AAU?$AAP?$AAD?$AAA?$AAT?$AAE?$AA?5?$AAP?$AAA?$AAT?$AAH?$AA?5?$AA2?$AA?5?$AAT?$AAO?$AA?5?$AA?$CF?$AAl?$AAl?$AAd?$AA?5?$AA?$FL?$AAd?$AAi?$AAs?$AAt?$AAa?$AAn?$AAc?$AAe?$AA?$DN@ 000000014001dbbe     dbg_.-remote.o
 0002:00003c40       ??_C@_1HC@GFDBDKMJ@?$AAU?$AAP?$AAD?$AAA?$AAT?$AAE?$AA?5?$AAI?$AAD?$AA?5?$AAP?$AAA?$AAT?$AAH?$AA?5?$AA1?$AA?5?$AAT?$AAO?$AA?5?$AA?$CF?$AAl?$AAl?$AAd?$AA?5?$AA?$FL?$AAd?$AAi?$AAs?$AAt?$AAa?$AAn@ 000000014001dc40     dbg_.-remote.o
 0002:00003cc8       ??_C@_1HC@ILDFNLJI@?$AAU?$AAP?$AAD?$AAA?$AAT?$AAE?$AA?5?$AAI?$AAD?$AA?5?$AAP?$AAA?$AAT?$AAH?$AA?5?$AA2?$AA?5?$AAT?$AAO?$AA?5?$AA?$CF?$AAl?$AAl?$AAd?$AA?5?$AA?$FL?$AAd?$AAi?$AAs?$AAt?$AAa?$AAn@ 000000014001dcc8     dbg_.-remote.o
 0002:00003d50       ??_C@_1HC@IPIJLOJO@?$AAG?$AAe?$AAt?$AA?5?$AAr?$AAe?$AAm?$AAo?$AAt?$AAe?$AA?5?$AAs?$AAt?$AAa?$AAr?$AAt?$AA?5?$AAw?$AAo?$AAr?$AAk?$AAe?$AAr?$AA?5?$AA?$CF?$AAl?$AAl?$AAd?$AA?5?$AAf?$AAr?$AAo@ 000000014001dd50     dbg_.-remote.o
 0002:00003dd8       ??_C@_1FC@CBJJGKKM@?$AAG?$AAE?$AAT?$AA?5?$AAH?$AAI?$AAV?$AAE?$AA?5?$AAS?$AAT?$AAA?$AAT?$AAE?$AA?3?$AA?5?$AA?$CF?$AAl?$AAl?$AAd?$AA?5?$AA?$CF?$AAl?$AAl?$AAd?$AA?5?$AA?$CF?$AAl?$AAl?$AAd?$AA?5?$AA?$FL@ 000000014001ddd8     dbg_.-remote.o
 0002:00003e3a       ??_C@_1CG@PIAFPEME@?$AAS?$AAe?$AAr?$AAv?$AAe?$AAr?$AA?5?$AAs?$AAt?$AAa?$AAr?$AAt?$AAe?$AAd?$AA?4?$AA?4?$AA?4?$AA?6?$AA?$AA@ 000000014001de3a     dbg_.-remote.o
 0002:00003e68       ??_C@_1BI@HLOPLBKF@?$AAb?$AAi?$AAn?$AAd?$AAi?$AAn?$AAg?$AA?4?$AA?4?$AA?4?$AA?6?$AA?$AA@ 000000014001de68     dbg_.-remote.o
 0002:00003e84       ??_C@_1CA@GONFBJEC@?$AAS?$AAo?$AAc?$AAk?$AAe?$AAt?$AA?5?$AAc?$AAr?$AAe?$AAa?$AAt?$AAe?$AAd?$AA?6?$AA?$AA@ 000000014001de84     dbg_.-remote.o
 0002:00003eaa       ??_C@_1DK@EHAPFJND@?$AAs?$AAe?$AAr?$AAv?$AAe?$AAr?$AA?5?$AAs?$AAt?$AAa?$AAr?$AAt?$AAe?$AAd?$AA?5?$AAo?$AAn?$AA?5?$AAp?$AAo?$AAr?$AAt?$AA?5?$AA?$CF?$AAl?$AAl?$AAd?$AA?6?$AA?$AA@ 000000014001deaa     dbg_.-remote.o
 0002:00003ef0       ??_C@_1CM@OOKLEHNG@?$AAg?$AAe?$AAt?$AA?5?$AAn?$AAa?$AAm?$AAe?$AA?5?$AAf?$AAa?$AAi?$AAl?$AAe?$AAd?$AA?5?$AA?$CF?$AAl?$AAl?$AAd?$AA?6?$AA?$AA@ 000000014001def0     dbg_.-remote.o
 0002:00003f24       ??_C@_1CG@NGNGJBNB@?$AAE?$AAr?$AAr?$AAo?$AAr?$AA?5?$AAh?$AAa?$AAp?$AAp?$AAe?$AAn?$AA?5?$AA?$CF?$AAl?$AAl?$AAd?$AA?6?$AA?$AA@ 000000014001df24     dbg_.-remote.o
 0002:00003f52       ??_C@_1FA@MICONLJJ@?$AAE?$AAr?$AAr?$AAo?$AAr?$AA?3?$AA?5?$AAf?$AAa?$AAi?$AAl?$AAe?$AAd?$AA?5?$AAt?$AAo?$AA?5?$AAa?$AAl?$AAl?$AAo?$AAc?$AAa?$AAt?$AAe?$AA?5?$AAm?$AAe?$AAm?$AAo?$AAr?$AAy@ 000000014001df52     dbg_.-runtime_lib.o
 0002:00003fb2       ??_C@_1FE@CPMEHOGL@?$AAE?$AAr?$AAr?$AAo?$AAr?$AA?3?$AA?5?$AAf?$AAa?$AAi?$AAl?$AAe?$AAd?$AA?5?$AAt?$AAo?$AA?5?$AAr?$AAe?$AAa?$AAl?$AAl?$AAo?$AAc?$AAa?$AAt?$AAe?$AA?5?$AAm?$AAe?$AAm?$AAo@ 000000014001dfb2     dbg_.-runtime_lib.o
 0002:00004016       ??_C@_1EI@DJFGOBAG@?$AAE?$AAr?$AAr?$AAo?$AAr?$AA?3?$AA?5?$AAf?$AAa?$AAi?$AAl?$AAe?$AAd?$AA?5?$AAt?$AAo?$AA?5?$AAf?$AAr?$AAe?$AAe?$AA?5?$AAm?$AAe?$AAm?$AAo?$AAr?$AAy?$AA?3?$AA?5?$AA?$CF?$AAl@ 000000014001e016     dbg_.-runtime_lib.o
 0002:0000406c       ??_C@_1CM@EJGKJCED@?$AAA?$AAs?$AAs?$AAe?$AAr?$AAt?$AAi?$AAo?$AAn?$AA?5?$AAf?$AAa?$AAi?$AAl?$AAe?$AAd?$AA?3?$AA?5?$AA?$CF?$AAs?$AA?6?$AA?$AA@ 000000014001e06c     dbg_.-runtime_lib.o
 0002:000040a0       ??_C@_1EI@GJCCEHA@?$AAF?$AAi?$AAl?$AAe?$AA?3?$AA?5?$AA?$CF?$AAs?$AA?0?$AA?5?$AAL?$AAi?$AAn?$AAe?$AA?3?$AA?5?$AA?$CF?$AAl?$AAl?$AAd?$AA?0?$AA?5?$AAF?$AAu?$AAn?$AAc?$AAt?$AAi?$AAo?$AAn?$AA?3?$AA?5@ 000000014001e0a0     dbg_.-runtime_lib.o
 0002:0000439c       ??_C@_1GE@NIGCAFOK@?$AAE?$AAr?$AAr?$AAo?$AAr?$AA?3?$AA?5?$AAg?$AAp?$AAu?$AA?5?$AAw?$AAo?$AAr?$AAk?$AAe?$AAr?$AA?5?$AAd?$AAo?$AAe?$AAn?$AA?8?$AAt?$AA?5?$AAs?$AAu?$AAp?$AAp?$AAo?$AAr?$AAt@ 000000014001e39c     dbg_.-runtime.o
 0002:00004414       ??_C@_1DO@CBJEPNAO@?$AAP?$AAr?$AAo?$AAm?$AAi?$AAs?$AAe?$AA?$CI?$AAs?$AAe?$AAt?$AA?$DN?$AA?$CF?$AA0?$AA2?$AAx?$AA?0?$AA?5?$AAf?$AAi?$AAr?$AAs?$AAt?$AA4?$AAb?$AAy?$AAt?$AAe?$AAs?$AA?$DN?$AA?$AA@ 000000014001e414     dbg_.-runtime.o
 0002:0000445e       ??_C@_15BCDOKMG@?$AA?$CJ?$AA?6?$AA?$AA@ 000000014001e45e     dbg_.-runtime.o
 0002:00004466       ??_C@_1EO@JIHFKLGM@?$AAA?$AAr?$AAr?$AAa?$AAy?$AA?$CI?$AAl?$AAe?$AAn?$AAg?$AAt?$AAh?$AA?$DN?$AA?$CF?$AAl?$AAl?$AAd?$AA?0?$AA?5?$AAe?$AAl?$AAe?$AAm?$AAe?$AAn?$AAt?$AA_?$AAs?$AAi?$AAz?$AAe?$AA?$DN@ 000000014001e466     dbg_.-runtime.o
 0002:000044c4       ??_C@_15IPOKAMGA@?$AA?$HL?$AA?5?$AA?$AA@ 000000014001e4c4     dbg_.-runtime.o
 0002:000044cc       ??_C@_13EHOOFIKC@?$AA?$HN?$AA?$AA@ 000000014001e4cc     dbg_.-runtime.o
 0002:000044d0       ??_C@_15JOGBDECP@?$AA?0?$AA?5?$AA?$AA@ 000000014001e4d0     dbg_.-runtime.o
 0002:000044d8       ??_C@_1CG@OGLIMIIK@?$AAC?$AAl?$AAa?$AAs?$AAs?$AA?$CI?$AAf?$AAi?$AAr?$AAs?$AAt?$AA4?$AAb?$AAy?$AAt?$AAe?$AAs?$AA?$DN?$AA?$AA@ 000000014001e4d8     dbg_.-runtime.o
 0002:00004506       ??_C@_1DM@HBMDBMCD@?$AAO?$AAb?$AAj?$AAe?$AAc?$AAt?$AA?5?$AAo?$AAf?$AA?5?$AAu?$AAn?$AAk?$AAn?$AAo?$AAw?$AAn?$AA?5?$AAt?$AAy?$AAp?$AAe?$AA?3?$AA?5?$AA?$CF?$AA0?$AA2?$AAx?$AA?6?$AA?$AA@ 000000014001e506     dbg_.-runtime.o
 0002:0000454e       ??_C@_1FG@HBFKKPHD@?$AAW?$AAo?$AAr?$AAk?$AAe?$AAr?$AA?5?$AAa?$AAd?$AAd?$AA?5?$AAt?$AAo?$AA?5?$AAw?$AAa?$AAi?$AAt?$AA?5?$AAl?$AAi?$AAs?$AAt?$AA?5?$AA?$FL?$AAi?$AAd?$AA?$DN?$AA?$CF?$AAl?$AAl?$AAd@ 000000014001e54e     dbg_.-runtime.o
 0002:000045b6       ??_C@_1EI@FJBGIEMF@?$AAW?$AAo?$AAr?$AAk?$AAe?$AAr?$AA?5?$AAe?$AAn?$AAq?$AAu?$AAe?$AAu?$AAe?$AAd?$AA?5?$AA?$FL?$AAi?$AAd?$AA?$DN?$AA?$CF?$AAl?$AAl?$AAd?$AA?0?$AA?5?$AAd?$AAa?$AAt?$AAa?$AA?$DN?$AA?$CF@ 000000014001e5b6     dbg_.-runtime.o
 0002:0000460c       ??_C@_1FE@PPKJADDP@?$AAW?$AAa?$AAn?$AAt?$AA?5?$AAr?$AAu?$AAn?$AA?5?$AAr?$AAe?$AAm?$AAo?$AAt?$AAe?$AA?0?$AA?5?$AAb?$AAu?$AAt?$AA?3?$AA?5?$AA?$CF?$AAl?$AAl?$AAd?$AA?5?$AA?$CF?$AAl?$AAl?$AAd?$AA?5@ 000000014001e60c     dbg_.-runtime.o
 0002:00004670       ??_C@_1IE@FHIKABLD@?$AAE?$AAr?$AAr?$AAo?$AAr?$AA?3?$AA?5?$AAc?$AAa?$AAn?$AA?8?$AAt?$AA?5?$AAr?$AAu?$AAn?$AA?5?$AAr?$AAe?$AAm?$AAo?$AAt?$AAe?$AA?5?$AAw?$AAo?$AAr?$AAk?$AAe?$AAr?$AA?5?$AA?$CF@ 000000014001e670     dbg_.-runtime.o
 0002:0000470e       ??_C@_1GC@JGFAAALF@?$AAS?$AAt?$AAa?$AAr?$AAt?$AAi?$AAn?$AAg?$AA?5?$AAn?$AAe?$AAw?$AA?5?$AAl?$AAo?$AAc?$AAa?$AAl?$AA?5?$AAw?$AAo?$AAr?$AAk?$AAe?$AAr?$AA?5?$AA?$CF?$AAl?$AAl?$AAd?$AA?5?$AA?$FL@ 000000014001e70e     dbg_.-runtime.o
 0002:00004784       ??_C@_1HE@GOIHIEDE@?$AAE?$AAr?$AAr?$AAo?$AAr?$AA?3?$AA?5?$AAp?$AAr?$AAo?$AAv?$AAi?$AAd?$AAe?$AAr?$AA?5?$AA?$CF?$AAl?$AAl?$AAd?$AA?5?$AAd?$AAo?$AAe?$AAs?$AAn?$AA?8?$AAt?$AA?5?$AAs?$AAu?$AAp@ 000000014001e784     dbg_.-runtime.o
 0002:00004810       ??_C@_1EG@KLACJNPC@?$AAE?$AAr?$AAr?$AAo?$AAr?$AA?3?$AA?5?$AAt?$AAh?$AAi?$AAs?$AA?5?$AAi?$AAs?$AAn?$AA?8?$AAt?$AA?5?$AAh?$AAi?$AAv?$AAe?$AA?5?$AAe?$AAx?$AAe?$AAc?$AAu?$AAt?$AAa?$AAb?$AAl@ 000000014001e810     dbg_.-runtime.o
 0002:00004864       ??_C@_1GG@OIFEBPCL@?$AAE?$AAr?$AAr?$AAo?$AAr?$AA?3?$AA?5?$AAt?$AAh?$AAi?$AAs?$AA?5?$AAi?$AAs?$AA?5?$AAe?$AAx?$AAe?$AAc?$AAu?$AAt?$AAa?$AAb?$AAl?$AAe?$AA?5?$AAo?$AAf?$AA?5?$AAn?$AAo?$AAt@ 000000014001e864     dbg_.-runtime.o
 0002:000048de       ??_C@_1DC@FFLNADD@?$AAE?$AAr?$AAr?$AAo?$AAr?$AA?3?$AA?5?$AAw?$AAi?$AAn?$AAa?$AAp?$AAi?$AA?5?$AAe?$AAr?$AAr?$AAo?$AAr?$AA?5?$AA?$CF?$AAl?$AAd?$AA?6?$AA?$AA@ 000000014001e8de     dbg_.-runtime.o
 0002:0000491a       ??_C@_1DE@BIGGJJBN@?$AAh?$AAe?$AAa?$AAd?$AAe?$AAr?$AA?5?$AA?$CF?$AAl?$AAl?$AAd?$AA?5?$AAo?$AAf?$AA?5?$AAs?$AAi?$AAz?$AAe?$AA?5?$AA?$CF?$AAl?$AAl?$AAd?$AA?6?$AA?$AA@ 000000014001e91a     dbg_.-runtime.o
 0002:00004958       ??_C@_1BK@JJBOCJJN@?$AAs?$AAe?$AAt?$AA?5?$AAt?$AAo?$AA?5?$AA?$CF?$AAl?$AAl?$AAd?$AA?5?$AA?$AA@ 000000014001e958     dbg_.-runtime.o
 0002:00004978       ??_C@_1JE@CPFCJBNI@?$AAE?$AAR?$AAR?$AAO?$AAR?$AA?3?$AA?5?$AAR?$AAu?$AAn?$AAt?$AAi?$AAm?$AAe?$AA?5?$AAe?$AAn?$AAd?$AAp?$AAo?$AAi?$AAn?$AAt?$AA?5?$AA?$CF?$AAl?$AAl?$AAd?$AA?5?$AAd?$AAo?$AAe@ 000000014001e978     dbg_.-runtime.o
 0002:00004a2a       ??_C@_1BA@LPJEKMJJ@?$AAp?$AAt?$AAr?$AA?$DN?$AA?$CF?$AAp?$AA?6?$AA?$AA@ 000000014001ea2a     dbg_.-runtime.o
 0002:00004a3e       ??_C@_1IG@FGNNCHGH@?$AAw?$AAo?$AAr?$AAk?$AAe?$AAr?$AA?5?$AA?$CF?$AAl?$AAl?$AAd?$AA?5?$AAi?$AAs?$AA?5?$AAd?$AAl?$AAl?$AA?5?$AAc?$AAa?$AAl?$AAl?$AA?5?$AAo?$AAf?$AA?5?$AAl?$AAi?$AAb?$AAr?$AAa@ 000000014001ea3e     dbg_.-runtime.o
 0002:00004ade       ??_C@_1CG@BIKDCCPC@?$AAs?$AAt?$AAa?$AAc?$AAk?$AA?5?$AAu?$AAs?$AAa?$AAg?$AAe?$AA?3?$AA?5?$AA?$CF?$AAl?$AAl?$AAd?$AA?6?$AA?$AA@ 000000014001eade     dbg_.-runtime.o
 0002:00004b0c       ??_C@_1GK@IGPNAPLE@?$AAo?$AAu?$AAt?$AAp?$AAu?$AAt?$AA?5?$AAh?$AAa?$AAv?$AAe?$AA?5?$AAs?$AAi?$AAz?$AAe?$AA?5?$AA?$CF?$AAl?$AAl?$AAd?$AA?5?$AA?$FL?$AAa?$AAn?$AAd?$AA?5?$AAa?$AAr?$AAg?$AAs?$AA?5@ 000000014001eb0c     dbg_.-runtime.o
 0002:00004b8c       ??_C@_1FE@ENHKIDEL@?$AAa?$AAr?$AAg?$AAu?$AAm?$AAe?$AAn?$AAt?$AA?5?$AA?$CF?$AAl?$AAl?$AAd?$AA?5?$AAh?$AAa?$AAv?$AAe?$AA?5?$AAs?$AAi?$AAz?$AAe?$AA?5?$AA?$CF?$AAl?$AAl?$AAd?$AA?5?$AA?$FL?$AAt?$AAy@ 000000014001eb8c     dbg_.-runtime.o
 0002:00004bf0       ??_C@_1KM@JOOLBIFF@?$AAW?$AAo?$AAr?$AAk?$AAe?$AAr?$AA?5?$AA?$CF?$AAl?$AAl?$AAd?$AA?5?$AA?$FL?$AAx?$AA6?$AA4?$AA?$FN?$AA?5?$AAh?$AAa?$AAv?$AAe?$AA?5?$AAb?$AAe?$AAe?$AAn?$AA?5?$AAl?$AAo?$AAa?$AAd@ 000000014001ebf0     dbg_.-runtime.o
 0002:00004cbe       ??_C@_1HI@GNCDLKLI@?$AAE?$AAr?$AAr?$AAo?$AAr?$AA?3?$AA?5?$AAr?$AAu?$AAn?$AAt?$AAi?$AAm?$AAe?$AA?5?$AAd?$AAo?$AAe?$AAs?$AAn?$AA?8?$AAt?$AA?5?$AAs?$AAu?$AAp?$AAp?$AAo?$AAr?$AAt?$AA?5?$AAs@ 000000014001ecbe     dbg_.-runtime.o
 0002:00004d4e       ??_C@_1CI@PHCDEMOE@?$AAb?$AAu?$AAi?$AAl?$AAd?$AAi?$AAn?$AAg?$AA?5?$AAk?$AAe?$AAr?$AAn?$AAe?$AAl?$AA?4?$AA?4?$AA?4?$AA?6?$AA?$AA@ 000000014001ed4e     dbg_.-runtime.o
 0002:00004d7e       ??_C@_04JNAIOECI@krnl?$AA@ 000000014001ed7e     dbg_.-runtime.o
 0002:00004d84       ??_C@_1DI@MMAOAOLJ@?$AAE?$AAr?$AAr?$AAo?$AAr?$AA?3?$AA?5?$AAk?$AAe?$AAr?$AAn?$AAe?$AAl?$AA?5?$AAb?$AAu?$AAi?$AAl?$AAd?$AA?5?$AAf?$AAa?$AAi?$AAl?$AAe?$AAd?$AA?6?$AA?$AA@ 000000014001ed84     dbg_.-runtime.o
 0002:00004dc8       ??_C@_1LG@BJCBGCLK@?$AAW?$AAo?$AAr?$AAk?$AAe?$AAr?$AA?5?$AA?$CF?$AAl?$AAl?$AAd?$AA?5?$AA?$FL?$AAG?$AAP?$AAU?$AA?$FN?$AA?5?$AAh?$AAa?$AAv?$AAe?$AA?5?$AAb?$AAe?$AAe?$AAn?$AA?5?$AAl?$AAo?$AAa?$AAd@ 000000014001edc8     dbg_.-runtime.o
 0002:00004ea2       ??_C@_1EC@HLLMLNEL@?$AAE?$AAr?$AAr?$AAo?$AAr?$AA?3?$AA?5?$AAu?$AAn?$AAk?$AAn?$AAo?$AAw?$AAn?$AA?5?$AAh?$AAe?$AAa?$AAd?$AAe?$AAr?$AA?5?$AAt?$AAy?$AAp?$AAe?$AA?5?$AA?$CF?$AAl?$AAl?$AAd?$AA?6@ 000000014001eea2     dbg_.-runtime.o
 0002:00004ef2       ??_C@_1EK@KKIKLCHH@?$AAG?$AAp?$AAu?$AA?5?$AAs?$AAu?$AAs?$AAs?$AAy?$AAs?$AAt?$AAe?$AAm?$AA?5?$AAi?$AAn?$AAi?$AAt?$AAi?$AAa?$AAl?$AAi?$AAz?$AAa?$AAt?$AAi?$AAo?$AAn?$AA?5?$AAf?$AAa?$AAi@ 000000014001eef2     dbg_.-runtime.o
 0002:00004f4a       ??_C@_1CC@DEIAIPBB@?$AA?4?$AA?4?$AA?1?$AA?4?$AA?4?$AA?1?$AA?4?$AA?4?$AA?1?$AAr?$AAe?$AAs?$AA?4?$AAb?$AAi?$AAn?$AA?$AA@ 000000014001ef4a     dbg_.-runtime.o
 0002:00004f72       ??_C@_1FC@OGJDIOEJ@?$AAE?$AAr?$AAr?$AAo?$AAr?$AA?3?$AA?5?$AAc?$AAa?$AAn?$AA?8?$AAt?$AA?5?$AAo?$AAp?$AAe?$AAn?$AA?5?$AA?4?$AA?4?$AA?1?$AA?4?$AA?4?$AA?1?$AA?4?$AA?4?$AA?1?$AAr?$AAe?$AAs?$AA?4?$AAb@ 000000014001ef72     dbg_.-runtime.o
 0002:00004fd4       ??_C@_1DA@COAPAANM@?$AAE?$AAr?$AAr?$AAo?$AAr?$AA?3?$AA?5?$AAa?$AAt?$AA?5?$AAl?$AAo?$AAa?$AAd?$AAi?$AAn?$AAg?$AA?5?$AAf?$AAi?$AAl?$AAe?$AA?6?$AA?$AA@ 000000014001efd4     dbg_.-runtime.o
 0002:0000500e       ??_C@_1EG@BBCENLFA@?$AAT?$AAh?$AAi?$AAs?$AA?5?$AAh?$AAi?$AAv?$AAe?$AA?5?$AAw?$AAi?$AAl?$AAl?$AA?5?$AAn?$AAo?$AAt?$AA?5?$AAr?$AAe?$AAa?$AAd?$AA?5?$AAa?$AAn?$AAy?$AA?5?$AAs?$AAt?$AAd?$AAi@ 000000014001f00e     dbg_.-runtime.o
 0002:00005062       ??_C@_1EG@OCFMCBJL@?$AAT?$AAh?$AAi?$AAs?$AA?5?$AAh?$AAi?$AAv?$AAe?$AA?5?$AAw?$AAi?$AAl?$AAl?$AA?5?$AAn?$AAo?$AAt?$AA?5?$AAs?$AAt?$AAo?$AAp?$AA?5?$AAe?$AAx?$AAe?$AAc?$AAu?$AAt?$AAi?$AAo@ 000000014001f062     dbg_.-runtime.o
 0002:000050b6       ??_C@_1DA@LKDLAMFA@?$AAS?$AAe?$AAt?$AA?5?$AAn?$AAu?$AAm?$AA?5?$AAt?$AAh?$AAr?$AAe?$AAa?$AAd?$AAs?$AA?5?$AA?$DN?$AA?5?$AA?$CF?$AAl?$AAl?$AAd?$AA?6?$AA?$AA@ 000000014001f0b6     dbg_.-runtime.o
 0002:000050f0       ??_C@_1II@FCFHMELI@?$AAE?$AAr?$AAr?$AAo?$AAr?$AA?3?$AA?5?$AAt?$AAh?$AAi?$AAs?$AA?5?$AAb?$AAu?$AAi?$AAl?$AAd?$AA?5?$AAd?$AAo?$AAe?$AAs?$AAn?$AA?8?$AAt?$AA?5?$AAa?$AAl?$AAl?$AAo?$AAw?$AA?5@ 000000014001f0f0     dbg_.-runtime.o
 0002:00005194       ??_C@_1DE@PNGABHJK@?$AAS?$AAe?$AAt?$AA?5?$AAh?$AAi?$AAv?$AAe?$AA?5?$AAa?$AAs?$AA?5?$AAp?$AAr?$AAo?$AAt?$AAe?$AAc?$AAt?$AAo?$AAr?$AAa?$AAt?$AAe?$AA?6?$AA?$AA@ 000000014001f194     dbg_.-runtime.o
 0002:000051d2       ??_C@_1DG@MLIAHCGJ@?$AAS?$AAe?$AAt?$AA?5?$AAc?$AAh?$AAu?$AAn?$AAk?$AA?5?$AAt?$AAi?$AAm?$AAe?$AA?5?$AAt?$AAo?$AA?5?$AA?$CF?$AAl?$AAl?$AAd?$AA?5?$AAu?$AAs?$AA?6?$AA?$AA@ 000000014001f1d2     dbg_.-runtime.o
 0002:00005212       ??_C@_1EC@FNPNOOPH@?$AAU?$AAn?$AAk?$AAn?$AAo?$AAw?$AAn?$AA?5?$AAc?$AAm?$AAd?$AAl?$AAi?$AAn?$AAe?$AA?5?$AAp?$AAa?$AAr?$AAa?$AAm?$AAe?$AAt?$AAe?$AAr?$AA?3?$AA?5?$AA?$CF?$AAl?$AAl?$AAd?$AA?6@ 000000014001f212     dbg_.-runtime.o
 0002:00005262       ??_C@_1CE@CFOOJILH@?$AAN?$AAU?$AAM?$AA_?$AAT?$AAH?$AAR?$AAE?$AAA?$AAD?$AAS?$AA?$DN?$AA?$CF?$AAl?$AAl?$AAd?$AA?6?$AA?$AA@ 000000014001f262     dbg_.-runtime.o
 0002:0000528e       ??_C@_1CG@PNBFEFIC@?$AAR?$AAE?$AAA?$AAD?$AAI?$AAN?$AAG?$AA?5?$AAI?$AAN?$AAP?$AAU?$AAT?$AA?5?$AAA?$AAS?$AA?3?$AA?5?$AA?$AA@ 000000014001f28e     dbg_.-runtime.o
 0002:000052bc       ??_C@_1M@HLHACGAA@?$AA?$CF?$AAl?$AAl?$AAd?$AA?5?$AA?$AA@ 000000014001f2bc     dbg_.-runtime.o
[...]
 0003:00004b20       glbStatRemoteInputRequests 0000000140025b20     dbg_.-remote.o
 0003:00004b28       hIOCP                      0000000140025b28     dbg_.-remote.o
 0003:000054e0       hHeap                      00000001400264e0     dbg_.-runtime_lib.o
 0003:000054e8       hInput                     00000001400264e8     dbg_.-runtime_lib.o
 0003:000054f0       buf                        00000001400264f0     dbg_.-runtime_lib.o
 0003:000154f0       hOutput                    00000001400364f0     dbg_.-runtime_lib.o
 0003:000154f8       frequency                  00000001400364f8     dbg_.-runtime_lib.o
 0003:00018840       Workers                    0000000140039840     dbg_.-runtime.o
 0003:000194c0       wait_list_lock             000000014003a4c0     dbg_.-runtime.o
 0003:000194c8       wait_list_len              000000014003a4c8     dbg_.-runtime.o
 0003:000194d0       dwTlsIndex                 000000014003a4d0     dbg_.-runtime.o
 0003:000194e0       wait_list                  000000014003a4e0     dbg_.-runtime.o
 0003:000dc9e0       defined_arrays             00000001400fd9e0     dbg_.-runtime.o
 0003:00103d70       hContinueEvent             0000000140124d70     dbg_.-sheduler.o
 0003:00103d78       glbMasterInfo              0000000140124d78     dbg_.-sheduler.o
 0003:00103d84       ExPoolZeroingNativelySupported 0000000140124d84     ws2_32:indef.obj
 0004:00000000       __imp_GdiSetBatchLimit     0000000140125000     gdi32:GDI32.dll
 0004:00000008       \177GDI32_NULL_THUNK_DATA  0000000140125008     gdi32:GDI32.dll
 0004:00000060       __imp_WaitForMultipleObjects 0000000140125060     kernel32:KERNEL32.dll
 0004:00000068       __imp_WaitForSingleObject  0000000140125068     kernel32:KERNEL32.dll
 0004:00000070       __imp_TlsGetValue          0000000140125070     kernel32:KERNEL32.dll
 0004:00000078       __imp_GetLastError         0000000140125078     kernel32:KERNEL32.dll
 0004:00000080       __imp_AcquireSRWLockExclusive 0000000140125080     kernel32:KERNEL32.dll
 0004:00000088       __imp_ReleaseSRWLockExclusive 0000000140125088     kernel32:KERNEL32.dll
 0004:00000090       __imp_GetThreadContext     0000000140125090     kernel32:KERNEL32.dll
 0004:00000098       __imp_SetThreadContext     0000000140125098     kernel32:KERNEL32.dll
 0004:000000a0       __imp_ExitProcess          00000001401250a0     kernel32:KERNEL32.dll
 0004:000000a8       __imp_AcquireSRWLockShared 00000001401250a8     kernel32:KERNEL32.dll
 0004:000000b0       __imp_ReleaseSRWLockShared 00000001401250b0     kernel32:KERNEL32.dll
 0004:000000b8       __imp_Sleep                00000001401250b8     kernel32:KERNEL32.dll
 0004:000000c0       __imp_CreateIoCompletionPort 00000001401250c0     kernel32:KERNEL32.dll
 0004:000000c8       __imp_FormatMessageW       00000001401250c8     kernel32:KERNEL32.dll
 0004:000000d0       __imp_CreateThread         00000001401250d0     kernel32:KERNEL32.dll
 0004:000000d8       __imp_TryAcquireSRWLockExclusive 00000001401250d8     kernel32:KERNEL32.dll
 0004:000000e0       __imp_GetQueuedCompletionStatus 00000001401250e0     kernel32:KERNEL32.dll
 0004:000000e8       __imp_HeapAlloc            00000001401250e8     kernel32:KERNEL32.dll
 0004:000000f0       __imp_MultiByteToWideChar  00000001401250f0     kernel32:KERNEL32.dll
 0004:000000f8       __imp_WriteConsoleW        00000001401250f8     kernel32:KERNEL32.dll
 0004:00000100       __imp_HeapReAlloc          0000000140125100     kernel32:KERNEL32.dll
 0004:00000108       __imp_HeapFree             0000000140125108     kernel32:KERNEL32.dll
 0004:00000110       __imp_GetConsoleMode       0000000140125110     kernel32:KERNEL32.dll
 0004:00000118       __imp_ReadConsoleW         0000000140125118     kernel32:KERNEL32.dll
 0004:00000120       __imp_ReadFile             0000000140125120     kernel32:KERNEL32.dll
 0004:00000128       __imp_QueryPerformanceCounter 0000000140125128     kernel32:KERNEL32.dll
 0004:00000130       __imp_QueryPerformanceFrequency 0000000140125130     kernel32:KERNEL32.dll
 0004:00000138       __imp_GetStdHandle         0000000140125138     kernel32:KERNEL32.dll
 0004:00000140       __imp_GetProcessHeap       0000000140125140     kernel32:KERNEL32.dll
 0004:00000148       __imp_VirtualAlloc         0000000140125148     kernel32:KERNEL32.dll
 0004:00000150       __imp_LoadLibraryA         0000000140125150     kernel32:KERNEL32.dll
 0004:00000158       __imp_GetProcAddress       0000000140125158     kernel32:KERNEL32.dll
 0004:00000160       __imp_TlsAlloc             0000000140125160     kernel32:KERNEL32.dll
 0004:00000168       __imp_CreateFileW          0000000140125168     kernel32:KERNEL32.dll
 0004:00000170       __imp_GetFileSizeEx        0000000140125170     kernel32:KERNEL32.dll
 0004:00000178       __imp_CloseHandle          0000000140125178     kernel32:KERNEL32.dll
 0004:00000180       __imp_GetCommandLineW      0000000140125180     kernel32:KERNEL32.dll
 0004:00000188       __imp_TlsFree              0000000140125188     kernel32:KERNEL32.dll
 0004:00000190       __imp_TlsSetValue          0000000140125190     kernel32:KERNEL32.dll
 0004:00000198       __imp_SetEvent             0000000140125198     kernel32:KERNEL32.dll
 0004:000001a0       __imp_SuspendThread        00000001401251a0     kernel32:KERNEL32.dll
 0004:000001a8       __imp_ResumeThread         00000001401251a8     kernel32:KERNEL32.dll
 0004:000001b0       __imp_CreateEventW         00000001401251b0     kernel32:KERNEL32.dll
 0004:000001b8       \177KERNEL32_NULL_THUNK_DATA 00000001401251b8     kernel32:KERNEL32.dll
 0004:00000250       __imp_clSetKernelArg       0000000140125250     OpenCL:OpenCL.dll
 0004:00000258       __imp_clCreateContext      0000000140125258     OpenCL:OpenCL.dll
 0004:00000260       __imp_clFinish             0000000140125260     OpenCL:OpenCL.dll
 0004:00000268       __imp_clCreateBuffer       0000000140125268     OpenCL:OpenCL.dll
 0004:00000270       __imp_clCreateKernel       0000000140125270     OpenCL:OpenCL.dll
 0004:00000278       __imp_clGetProgramBuildInfo 0000000140125278     OpenCL:OpenCL.dll
 0004:00000280       __imp_clBuildProgram       0000000140125280     OpenCL:OpenCL.dll
 0004:00000288       __imp_clCreateProgramWithSource 0000000140125288     OpenCL:OpenCL.dll
 0004:00000290       __imp_clCreateCommandQueueWithProperties 0000000140125290     OpenCL:OpenCL.dll
 0004:00000298       __imp_clGetKernelArgInfo   0000000140125298     OpenCL:OpenCL.dll
 0004:000002a0       __imp_clGetDeviceInfo      00000001401252a0     OpenCL:OpenCL.dll
 0004:000002a8       __imp_clGetDeviceIDs       00000001401252a8     OpenCL:OpenCL.dll
 0004:000002b0       __imp_clGetPlatformInfo    00000001401252b0     OpenCL:OpenCL.dll
 0004:000002b8       __imp_clGetPlatformIDs     00000001401252b8     OpenCL:OpenCL.dll
 0004:000002c0       __imp_clEnqueueWriteBuffer 00000001401252c0     OpenCL:OpenCL.dll
 0004:000002c8       __imp_clEnqueueReadBuffer  00000001401252c8     OpenCL:OpenCL.dll
 0004:000002d0       __imp_clEnqueueNDRangeKernel 00000001401252d0     OpenCL:OpenCL.dll
 0004:000002d8       \177OpenCL_NULL_THUNK_DATA 00000001401252d8     OpenCL:OpenCL.dll
 0004:00000348       __imp_CommandLineToArgvW   0000000140125348     shell32:SHELL32.dll
 0004:00000350       \177SHELL32_NULL_THUNK_DATA 0000000140125350     shell32:SHELL32.dll
 0004:000003a8       __imp_WSAGetLastError      00000001401253a8     ws2_32:WS2_32.dll
 0004:000003b0       __imp_accept               00000001401253b0     ws2_32:WS2_32.dll
 0004:000003b8       __imp_send                 00000001401253b8     ws2_32:WS2_32.dll
 0004:000003c0       __imp_getsockname          00000001401253c0     ws2_32:WS2_32.dll
 0004:000003c8       __imp_bind                 00000001401253c8     ws2_32:WS2_32.dll
 0004:000003d0       __imp_htons                00000001401253d0     ws2_32:WS2_32.dll
 0004:000003d8       __imp_WSAStartup           00000001401253d8     ws2_32:WS2_32.dll
 0004:000003e0       __imp_freeaddrinfo         00000001401253e0     ws2_32:WS2_32.dll
 0004:000003e8       __imp_getaddrinfo          00000001401253e8     ws2_32:WS2_32.dll
 0004:000003f0       __imp_setsockopt           00000001401253f0     ws2_32:WS2_32.dll
 0004:000003f8       __imp_closesocket          00000001401253f8     ws2_32:WS2_32.dll
 0004:00000400       __imp_connect              0000000140125400     ws2_32:WS2_32.dll
 0004:00000408       __imp_socket               0000000140125408     ws2_32:WS2_32.dll
 0004:00000410       __imp_WSARecv              0000000140125410     ws2_32:WS2_32.dll
 0004:00000418       __imp_ntohs                0000000140125418     ws2_32:WS2_32.dll
 0004:00000420       __imp_inet_ntop            0000000140125420     ws2_32:WS2_32.dll
 0004:00000428       __imp_getpeername          0000000140125428     ws2_32:WS2_32.dll
 0004:00000430       __imp_listen               0000000140125430     ws2_32:WS2_32.dll
 0004:00000438       \177WS2_32_NULL_THUNK_DATA 0000000140125438     ws2_32:WS2_32.dll
 0004:000004a8       __imp_BCryptGenRandom      00000001401254a8     bcrypt:bcrypt.dll
 0004:000004b0       \177bcrypt_NULL_THUNK_DATA 00000001401254b0     bcrypt:bcrypt.dll
 0004:00000508       __IMPORT_DESCRIPTOR_GDI32  0000000140125508     gdi32:GDI32.dll
 0004:0000051c       __IMPORT_DESCRIPTOR_SHELL32 000000014012551c     shell32:SHELL32.dll
 0004:00000530       __IMPORT_DESCRIPTOR_KERNEL32 0000000140125530     kernel32:KERNEL32.dll
 0004:00000544       __IMPORT_DESCRIPTOR_bcrypt 0000000140125544     bcrypt:bcrypt.dll
 0004:00000558       __IMPORT_DESCRIPTOR_WS2_32 0000000140125558     ws2_32:WS2_32.dll
 0004:0000056c       __IMPORT_DESCRIPTOR_OpenCL 000000014012556c     OpenCL:OpenCL.dll
 0004:00000580       __NULL_IMPORT_DESCRIPTOR   0000000140125580     gdi32:GDI32.dll

 entry point at        0001:0000001e

 Static symbols

 0000:ffed9000       .debug$S                   0000000140000000     bcrypt:bcrypt.dll
 0000:ffed9000       .debug$S                   0000000140000000     gdi32:GDI32.dll
 0000:ffed9000       .debug$S                   0000000140000000     kernel32:KERNEL32.dll
 0000:ffed9000       .debug$S                   0000000140000000     kernel32:KERNEL32.dll
 0000:ffed9000       .debug$S                   0000000140000000     kernel32:KERNEL32.dll
 0000:ffed9000       .debug$S                   0000000140000000     kernel32:KERNEL32.dll
 0000:ffed9000       .debug$S                   0000000140000000     kernel32:KERNEL32.dll
 0000:ffed9000       .debug$S                   0000000140000000     kernel32:KERNEL32.dll
 0000:ffed9000       .debug$S                   0000000140000000     kernel32:KERNEL32.dll
 0000:ffed9000       .debug$S                   0000000140000000     kernel32:KERNEL32.dll
 0000:ffed9000       .debug$S                   0000000140000000     kernel32:KERNEL32.dll
 0000:ffed9000       .debug$S                   0000000140000000     kernel32:KERNEL32.dll
 0000:ffed9000       .debug$S                   0000000140000000     kernel32:KERNEL32.dll
 0000:ffed9000       .debug$S                   0000000140000000     kernel32:KERNEL32.dll
 0000:ffed9000       .debug$S                   0000000140000000     kernel32:KERNEL32.dll
 0000:ffed9000       .debug$S                   0000000140000000     kernel32:KERNEL32.dll
 0000:ffed9000       .debug$S                   0000000140000000     kernel32:KERNEL32.dll
 0000:ffed9000       .debug$S                   0000000140000000     kernel32:KERNEL32.dll
 0000:ffed9000       .debug$S                   0000000140000000     kernel32:KERNEL32.dll
 0000:ffed9000       .debug$S                   0000000140000000     kernel32:KERNEL32.dll
 0000:ffed9000       .debug$S                   0000000140000000     kernel32:KERNEL32.dll
 0000:ffed9000       .debug$S                   0000000140000000     kernel32:KERNEL32.dll
 0000:ffed9000       .debug$S                   0000000140000000     kernel32:KERNEL32.dll
 0000:ffed9000       .debug$S                   0000000140000000     kernel32:KERNEL32.dll
 0000:ffed9000       .debug$S                   0000000140000000     kernel32:KERNEL32.dll
 0000:ffed9000       .debug$S                   0000000140000000     kernel32:KERNEL32.dll
 0000:ffed9000       .debug$S                   0000000140000000     kernel32:KERNEL32.dll
 0000:ffed9000       .debug$S                   0000000140000000     kernel32:KERNEL32.dll
 0000:ffed9000       .debug$S                   0000000140000000     kernel32:KERNEL32.dll
 0000:ffed9000       .debug$S                   0000000140000000     kernel32:KERNEL32.dll
 0000:ffed9000       .debug$S                   0000000140000000     kernel32:KERNEL32.dll
 0000:ffed9000       .debug$S                   0000000140000000     kernel32:KERNEL32.dll
 0000:ffed9000       .debug$S                   0000000140000000     kernel32:KERNEL32.dll
 0000:ffed9000       .debug$S                   0000000140000000     kernel32:KERNEL32.dll
 0000:ffed9000       .debug$S                   0000000140000000     kernel32:KERNEL32.dll
 0000:ffed9000       .debug$S                   0000000140000000     kernel32:KERNEL32.dll
 0000:ffed9000       .debug$S                   0000000140000000     kernel32:KERNEL32.dll
 0000:ffed9000       .debug$S                   0000000140000000     kernel32:KERNEL32.dll
 0000:ffed9000       .debug$S                   0000000140000000     kernel32:KERNEL32.dll
 0000:ffed9000       .debug$S                   0000000140000000     kernel32:KERNEL32.dll
 0000:ffed9000       .debug$S                   0000000140000000     kernel32:KERNEL32.dll
 0000:ffed9000       .debug$S                   0000000140000000     kernel32:KERNEL32.dll
 0000:ffed9000       .debug$S                   0000000140000000     kernel32:KERNEL32.dll
 0000:ffed9000       .debug$S                   0000000140000000     kernel32:KERNEL32.dll
 0000:ffed9000       .debug$S                   0000000140000000     kernel32:KERNEL32.dll
 0000:ffed9000       .debug$S                   0000000140000000     shell32:SHELL32.dll
 0000:ffed9000       .debug$S                   0000000140000000     ws2_32:WS2_32.dll
 0000:ffed9000       .debug$S                   0000000140000000     ws2_32:WS2_32.dll
 0000:ffed9000       .debug$S                   0000000140000000     ws2_32:WS2_32.dll
 0000:ffed9000       .debug$S                   0000000140000000     ws2_32:WS2_32.dll
 0000:ffed9000       .debug$S                   0000000140000000     ws2_32:WS2_32.dll
 0000:ffed9000       .debug$S                   0000000140000000     ws2_32:WS2_32.dll
 0000:ffed9000       .debug$S                   0000000140000000     ws2_32:WS2_32.dll
 0000:ffed9000       .debug$S                   0000000140000000     ws2_32:WS2_32.dll
 0000:ffed9000       .debug$S                   0000000140000000     ws2_32:WS2_32.dll
 0000:ffed9000       .debug$S                   0000000140000000     ws2_32:WS2_32.dll
 0000:ffed9000       .debug$S                   0000000140000000     ws2_32:WS2_32.dll
 0000:ffed9000       .debug$S                   0000000140000000     ws2_32:WS2_32.dll
 0000:ffed9000       .debug$S                   0000000140000000     ws2_32:WS2_32.dll
 0000:ffed9000       .debug$S                   0000000140000000     ws2_32:WS2_32.dll
 0000:ffed9000       .debug$S                   0000000140000000     ws2_32:WS2_32.dll
 0000:ffed9000       .debug$S                   0000000140000000     ws2_32:WS2_32.dll
 0000:ffed9000       .debug$S                   0000000140000000     ws2_32:WS2_32.dll
 0000:ffed9000       .debug$S                   0000000140000000     ws2_32:WS2_32.dll
 0000:ffed9000       .debug$S                   0000000140000000     OpenCL:OpenCL.dll
 0000:ffed9000       .debug$S                   0000000140000000     OpenCL:OpenCL.dll
 0000:ffed9000       .debug$S                   0000000140000000     OpenCL:OpenCL.dll
 0000:ffed9000       .debug$S                   0000000140000000     OpenCL:OpenCL.dll
 0000:ffed9000       .debug$S                   0000000140000000     OpenCL:OpenCL.dll
 0000:ffed9000       .debug$S                   0000000140000000     OpenCL:OpenCL.dll
 0000:ffed9000       .debug$S                   0000000140000000     OpenCL:OpenCL.dll
 0000:ffed9000       .debug$S                   0000000140000000     OpenCL:OpenCL.dll
 0000:ffed9000       .debug$S                   0000000140000000     OpenCL:OpenCL.dll
 0000:ffed9000       .debug$S                   0000000140000000     OpenCL:OpenCL.dll
 0000:ffed9000       .debug$S                   0000000140000000     OpenCL:OpenCL.dll
 0000:ffed9000       .debug$S                   0000000140000000     OpenCL:OpenCL.dll
 0000:ffed9000       .debug$S                   0000000140000000     OpenCL:OpenCL.dll
 0000:ffed9000       .debug$S                   0000000140000000     OpenCL:OpenCL.dll
 0000:ffed9000       .debug$S                   0000000140000000     OpenCL:OpenCL.dll
 0000:ffed9000       .debug$S                   0000000140000000     OpenCL:OpenCL.dll
 0000:ffed9000       .debug$S                   0000000140000000     OpenCL:OpenCL.dll
 0001:00005220       GetKnownHiveHash           0000000140006220 f   dbg_.-api.o
 0001:0000a1c0       p                          000000014000b1c0 f   dbg_.-queue.o
 0001:0000d500       Worker                     000000014000e500 f   dbg_.-remote.o
 0001:0000dab0       ConnectionListnerWorker    000000014000eab0 f   dbg_.-remote.o
 0001:0000dcd0       PagesAllocator             000000014000ecd0 f   dbg_.-remote.o
 0001:0000dda0       StateSender                000000014000eda0 f   dbg_.-remote.o
 0001:0000dea0       HandleApiCall              000000014000eea0 f   dbg_.-remote.o
 0001:00015db4       .text                      0000000140016db4     asm_dbg.o
 0002:00005a48       BFE_GENERIC_MAPPING        000000014001fa48     ws2_32:indef.obj
 0002:00005bf8       IPSEC_AUTH_TRANSFORM_ID_HMAC_MD5_96 000000014001fbf8     ws2_32:indef.obj
 0002:00005c08       IPSEC_AUTH_TRANSFORM_ID_HMAC_SHA_1_96 000000014001fc08     ws2_32:indef.obj
 0002:00005c18       IPSEC_AUTH_TRANSFORM_ID_HMAC_SHA_256_128 000000014001fc18     ws2_32:indef.obj
 0002:00005c28       IPSEC_AUTH_TRANSFORM_ID_GCM_AES_128 000000014001fc28     ws2_32:indef.obj
 0002:00005c38       IPSEC_AUTH_TRANSFORM_ID_GCM_AES_192 000000014001fc38     ws2_32:indef.obj
 0002:00005c48       IPSEC_AUTH_TRANSFORM_ID_GCM_AES_256 000000014001fc48     ws2_32:indef.obj
 0002:00005c58       IPSEC_CIPHER_TRANSFORM_ID_CBC_DES 000000014001fc58     ws2_32:indef.obj
 0002:00005c68       IPSEC_CIPHER_TRANSFORM_ID_CBC_3DES 000000014001fc68     ws2_32:indef.obj
 0002:00005c78       IPSEC_CIPHER_TRANSFORM_ID_AES_128 000000014001fc78     ws2_32:indef.obj
 0002:00005c88       IPSEC_CIPHER_TRANSFORM_ID_AES_192 000000014001fc88     ws2_32:indef.obj
 0002:00005c98       IPSEC_CIPHER_TRANSFORM_ID_AES_256 000000014001fc98     ws2_32:indef.obj
 0002:00005ca8       IPSEC_CIPHER_TRANSFORM_ID_GCM_AES_128 000000014001fca8     ws2_32:indef.obj
 0002:00005cb8       IPSEC_CIPHER_TRANSFORM_ID_GCM_AES_192 000000014001fcb8     ws2_32:indef.obj
 0002:00005cc8       IPSEC_CIPHER_TRANSFORM_ID_GCM_AES_256 000000014001fcc8     ws2_32:indef.obj
 0003:00000100       .data                      0000000140021100     asm_dbg.o
 0003:00004b30       gai_strerrorW.buff         0000000140025b30     dbg_.-remote.o
 0003:00103d83       WFP_TRACE_NULL_DATA        0000000140124d83     ws2_32:indef.obj
 0004:00000ab4       .idata$6                   0000000140125ab4     gdi32:GDI32.dll
 0004:00000ad4       .idata$6                   0000000140125ad4     shell32:SHELL32.dll
 0004:00000de8       .idata$6                   0000000140125de8     kernel32:KERNEL32.dll
 0004:00000e08       .idata$6                   0000000140125e08     bcrypt:bcrypt.dll
 0004:00000e48       .idata$6                   0000000140125e48     ws2_32:WS2_32.dll
 0004:00000fbe       .idata$6                   0000000140125fbe     OpenCL:OpenCL.dll
