 d

 Timestamp is 698cd155 (Wed Feb 11 21:58:29 2026)

 Preferred load address is 0000000140000000

 Start         Length     Name                   Class
 0001:00000000 0000fcf0H .text                   CODE
 0002:00000000 00004688H .rdata                  DATA
 0003:00000000 000000a4H .data                   DATA
 0003:000000a4 000d8476H .bss                    DATA
 0004:00000000 00000222H .data                   DATA

  Address         Publics by Value              Rva+Base               Lib:Object

 0001:00000000       dllPauseWorker             0000000140001000     dbg_.-dll-await_worker.o
 0001:000000c0       dllCallObject              00000001400010c0     dbg_.-dll-call_object.o
 0001:00000190       dllExecuteWorker           0000000140001190     dbg_.-dll-execute_worker.o
 0001:00000b20       gpuPauseWorker             0000000140001b20     dbg_.-gpu-await_worker.o
 0001:00000be0       gpuCallObject              0000000140001be0     dbg_.-gpu-call_object.o
 0001:00000cb0       gpuExecuteWorker           0000000140001cb0     dbg_.-gpu-execute_worker.o
 0001:000011a0       gpuNewObjectUsingPage      00000001400021a0     dbg_.-gpu-new_object.o
 0001:000012d0       gpuNewObject               00000001400022d0     dbg_.-gpu-new_object.o
 0001:00001320       gpuPushObject              0000000140002320     dbg_.-gpu-push_object.o
 0001:00001360       gpuPushPipe                0000000140002360     dbg_.-gpu-push_object.o
 0001:000013a0       gpuQueryObject             00000001400023a0     dbg_.-gpu-query_object.o
 0001:000013e0       gpuQueryPipe               00000001400023e0     dbg_.-gpu-query_object.o
 0001:00001420       locNewObjectUsingPage      0000000140002420     dbg_.-loc-new_object.o
 0001:00001920       locNewObject               0000000140002920     dbg_.-loc-new_object.o
 0001:00001970       locUpdateLocalPush         0000000140002970     dbg_.-loc-push_object.o
 0001:00001a60       locQueryLocalObject        0000000140002a60     dbg_.-loc-query_object.o
 0001:00001bc0       x64PauseWorker             0000000140002bc0     dbg_.-x64-await_worker.o
 0001:00001ca0       x64CallObject              0000000140002ca0     dbg_.-x64-call_object.o
 0001:00001d70       x64ExecuteWorker           0000000140002d70     dbg_.-x64-execute_worker.o
 0001:00001dc0       x64NewObjectUsingPage      0000000140002dc0     dbg_.-x64-new_object.o
 0001:00002330       x64NewObjectStates         0000000140003330     dbg_.-x64-new_object.o
 0001:000023c0       x64NewObject               00000001400033c0     dbg_.-x64-new_object.o
 0001:000024b0       x64UpdateLocalPush         00000001400034b0     dbg_.-x64-push_object.o
 0001:000025a0       x64OnPushObject            00000001400035a0     dbg_.-x64-push_object.o
 0001:00002630       x64PushObjectStates        0000000140003630     dbg_.-x64-push_object.o
 0001:00002740       x64PushObject              0000000140003740     dbg_.-x64-push_object.o
 0001:000029a0       x64PushPipe                00000001400039a0     dbg_.-x64-push_object.o
 0001:000029e0       x64QueryLocalObject        00000001400039e0     dbg_.-x64-query_object.o
 0001:00002b40       x64OnQueryObject           0000000140003b40     dbg_.-x64-query_object.o
 0001:00002c10       x64QueryObjectStates       0000000140003c10     dbg_.-x64-query_object.o
 0001:00002d30       x64QueryObject             0000000140003d30     dbg_.-x64-query_object.o
 0001:00002f30       x64QueryPipe               0000000140003f30     dbg_.-x64-query_object.o
 0001:00002f70       x64SleepStates             0000000140003f70     dbg_.-x64-sleep.o
 0001:00002fd0       x64Sleep                   0000000140003fd0     dbg_.-x64-sleep.o
 0001:00003080       equal_bytes                0000000140004080     dbg_.-api.o
 0001:00003180       GetHashtableNoLock         0000000140004180     dbg_.-api.o
 0001:00003350       SetHashtableNoLock         0000000140004350     dbg_.-api.o
 0001:00003650       GetHashtable               0000000140004650     dbg_.-api.o
 0001:000036b0       SetHashtable               00000001400046b0     dbg_.-api.o
 0001:00003700       InitInternalStructures     0000000140004700     dbg_.-api.o
 0001:00003a40       castOnQueryObject          0000000140004a40     dbg_.-cast_provider.o
 0001:00003c00       anyCastStates              0000000140004c00     dbg_.-cast_provider.o
 0001:00004cb0       anyCastProvider            0000000140005cb0     dbg_.-cast_provider.o
 0001:00004ea0       init_gpu_subsystem         0000000140005ea0     dbg_.-gpu_subsystem.o
 0001:00006950       gpuBuildFromText           0000000140007950     dbg_.-gpu_subsystem.o
 0001:00006ca0       gpuAlloc                   0000000140007ca0     dbg_.-gpu_subsystem.o
 0001:00006ce0       gpuRun                     0000000140007ce0     dbg_.-gpu_subsystem.o
 0001:00006d90       gpuFinishQueuesOnPlatform  0000000140007d90     dbg_.-gpu_subsystem.o
 0001:00006e10       gpuFinishQueue             0000000140007e10     dbg_.-gpu_subsystem.o
 0001:00006e50       StartInitialProcess        0000000140007e50     dbg_.-hive_entry.o
 0001:00007070       is_less                    0000000140008070     dbg_.-queue.o
 0001:000070a0       push_up                    00000001400080a0     dbg_.-queue.o
 0001:000071e0       push_down                  00000001400081e0     dbg_.-queue.o
 0001:00007380       queue_init                 0000000140008380     dbg_.-queue.o
 0001:00007450       queue_enqueue              0000000140008450     dbg_.-queue.o
 0001:00007530       queue_extract              0000000140008530     dbg_.-queue.o
 0001:00007690       GetConnectionById          0000000140008690     dbg_.-remote.o
 0001:00007720       DumpConnections            0000000140008720     dbg_.-remote.o
 0001:00007a70       ConfirmPage                0000000140008a70     dbg_.-remote.o
 0001:00007b10       ConfirmID                  0000000140008b10     dbg_.-remote.o
 0001:00007b60       HandleNewConnection        0000000140008b60     dbg_.-remote.o
 0001:00007d40       UpdateWaitingPush          0000000140008d40     dbg_.-remote.o
 0001:00007f80       AnswerPushObject           0000000140008f80     dbg_.-remote.o
 0001:00008060       SendPageAllocationConfirm  0000000140009060     dbg_.-remote.o
 0001:000080f0       SendIDConfirm              00000001400090f0     dbg_.-remote.o
 0001:00008180       RedirectBroadcastQuery     0000000140009180     dbg_.-remote.o
 0001:00008300       RedirectBroadcastIDQuery   0000000140009300     dbg_.-remote.o
 0001:00008480       ConfirmConnection          0000000140009480     dbg_.-remote.o
 0001:00008630       InitiateConnection         0000000140009630     dbg_.-remote.o
 0001:000089a0       RequestMemoryPage          00000001400099a0     dbg_.-remote.o
 0001:00008ab0       RequestServerId            0000000140009ab0     dbg_.-remote.o
 0001:00008bc0       AnswerQueryObject          0000000140009bc0     dbg_.-remote.o
 0001:00008d00       AnswerRequestObjectPath    0000000140009d00     dbg_.-remote.o
 0001:00008e40       RequestObjectPathBroadcast 0000000140009e40     dbg_.-remote.o
 0001:00009060       AnswerRequestPathToID      000000014000a060     dbg_.-remote.o
 0001:000091a0       RequestPathToIDBroadcast   000000014000a1a0     dbg_.-remote.o
 0001:000093c0       RequestObjectGet           000000014000a3c0     dbg_.-remote.o
 0001:000094e0       RequestObjectSet           000000014000a4e0     dbg_.-remote.o
 0001:000096e0       StartNewWorkerRemote       000000014000a6e0     dbg_.-remote.o
 0001:00009820       SendHiveState              000000014000a820     dbg_.-remote.o
 0001:000099c0       start_remote_subsystem     000000014000a9c0     dbg_.-remote.o
 0001:0000c430       gai_strerrorW              000000014000d430     dbg_.-remote.o
 0001:0000c480       memset                     000000014000d480     dbg_.-runtime_lib.o
 0001:0000c4e0       memcpy                     000000014000d4e0     dbg_.-runtime_lib.o
 0001:0000c550       myMalloc                   000000014000d550     dbg_.-runtime_lib.o
 0001:0000c5a0       myPrintf                   000000014000d5a0     dbg_.-runtime_lib.o
 0001:0000c8d0       myRealloc                  000000014000d8d0     dbg_.-runtime_lib.o
 0001:0000c930       myFree                     000000014000d930     dbg_.-runtime_lib.o
 0001:0000c970       myAtoll                    000000014000d970     dbg_.-runtime_lib.o
 0001:0000cab0       get_char                   000000014000dab0     dbg_.-runtime_lib.o
 0001:0000cb90       myScanI64                  000000014000db90     dbg_.-runtime_lib.o
 0001:0000cc20       myScanS                    000000014000dc20     dbg_.-runtime_lib.o
 0001:0000cd20       PrintI64                   000000014000dd20     dbg_.-runtime_lib.o
 0001:0000cdf0       PrintI64H                  000000014000ddf0     dbg_.-runtime_lib.o
 0001:0000ce90       Print2H                    000000014000de90     dbg_.-runtime_lib.o
 0001:0000cf30       assertion_failure          000000014000df30     dbg_.-runtime_lib.o
 0001:0000cf80       myAbs                      000000014000df80     dbg_.-runtime_lib.o
 0001:0000cfb0       MicrosecondsToTicks        000000014000dfb0     dbg_.-runtime_lib.o
 0001:0000cfd0       TicksToMicroseconds        000000014000dfd0     dbg_.-runtime_lib.o
 0001:0000cff0       GetTicks                   000000014000dff0     dbg_.-runtime_lib.o
 0001:0000d010       SheduleTimeoutFromNow      000000014000e010     dbg_.-runtime_lib.o
 0001:0000d050       init_lib                   000000014000e050     dbg_.-runtime_lib.o
 0001:0000d0a0       RegisterObjectWithId       000000014000e0a0     dbg_.-runtime.o
 0001:0000d0d0       GetNewObjectId             000000014000e0d0     dbg_.-runtime.o
 0001:0000d1c0       universalPauseWorker       000000014000e1c0     dbg_.-runtime.o
 0001:0000d260       universalUpdateLocalPush   000000014000e260     dbg_.-runtime.o
 0001:0000d2c0       UpdateFromQueryResult      000000014000e2c0     dbg_.-runtime.o
 0001:0000d340       PrintObject                000000014000e340     dbg_.-runtime.o
 0001:0000d540       WaitListWorker             000000014000e540     dbg_.-runtime.o
 0001:0000d5b0       EnqueueWorkerFromWaitList  000000014000e5b0     dbg_.-runtime.o
 0001:0000d670       UpdateWaitingWorkers       000000014000e670     dbg_.-runtime.o
 0001:0000d830       SheduleWorker              000000014000e830     dbg_.-runtime.o
 0001:0000d9c0       StartNewWorker             000000014000e9c0     dbg_.-runtime.o
 0001:0000dda0       LoadWorker                 000000014000eda0     dbg_.-runtime.o
 0001:0000eef0       ShedulerInstance           000000014000fef0     dbg_.-runtime.o
 0001:0000efd0       entry                      000000014000ffd0     dbg_.-runtime.o
 0001:0000f6dc       x64_fastPushObject         00000001400106dc     asm_dbg.o
 0001:0000f745       x64_fastQueryObject        0000000140010745     asm_dbg.o
 0001:0000f7ae       x64_fastNewObject          00000001400107ae     asm_dbg.o
 0001:0000f817       x64_fastCallObject         0000000140010817     asm_dbg.o
 0001:0000f880       x64_fastPushPipe           0000000140010880     asm_dbg.o
 0001:0000f8e9       x64_fastQueryPipe          00000001400108e9     asm_dbg.o
 0001:0000f952       x64_fastSleep              0000000140010952     asm_dbg.o
 0001:0000f9bb       gpu_fastNewObject          00000001400109bb     asm_dbg.o
 0001:0000fa24       gpu_fastCallObject         0000000140010a24     asm_dbg.o
 0001:0000fa8d       loc_fastNewObject          0000000140010a8d     asm_dbg.o
 0001:0000faf6       dll_fastCallObject         0000000140010af6     asm_dbg.o
 0001:0000fb5f       any_fastCastProvider       0000000140010b5f     asm_dbg.o
 0001:0000fbc8       x64AsmExecuteWorker        0000000140010bc8     asm_dbg.o
 0001:0000fc0f       setjmpUN                   0000000140010c0f     asm_dbg.o
 0001:0000fc42       longjmpUN                  0000000140010c42     asm_dbg.o
 0001:0000fc6b       DllCall                    0000000140010c6b     asm_dbg.o
 0001:0000fcf0       CommandLineToArgvW         0000000140010cf0     shell32:SHELL32.dll
 0001:0000fd00       AcquireSRWLockExclusive    0000000140010d00     kernel32:KERNEL32.dll
 0001:0000fd10       AcquireSRWLockShared       0000000140010d10     kernel32:KERNEL32.dll
 0001:0000fd20       CloseHandle                0000000140010d20     kernel32:KERNEL32.dll
 0001:0000fd30       CreateFileW                0000000140010d30     kernel32:KERNEL32.dll
 0001:0000fd40       CreateIoCompletionPort     0000000140010d40     kernel32:KERNEL32.dll
 0001:0000fd50       CreateThread               0000000140010d50     kernel32:KERNEL32.dll
 0001:0000fd60       ExitProcess                0000000140010d60     kernel32:KERNEL32.dll
 0001:0000fd70       FormatMessageW             0000000140010d70     kernel32:KERNEL32.dll
 0001:0000fd80       GetCommandLineW            0000000140010d80     kernel32:KERNEL32.dll
 0001:0000fd90       GetConsoleMode             0000000140010d90     kernel32:KERNEL32.dll
 0001:0000fda0       GetFileSizeEx              0000000140010da0     kernel32:KERNEL32.dll
 0001:0000fdb0       GetLastError               0000000140010db0     kernel32:KERNEL32.dll
 0001:0000fdc0       GetProcAddress             0000000140010dc0     kernel32:KERNEL32.dll
 0001:0000fdd0       GetProcessHeap             0000000140010dd0     kernel32:KERNEL32.dll
 0001:0000fde0       GetQueuedCompletionStatus  0000000140010de0     kernel32:KERNEL32.dll
 0001:0000fdf0       GetStdHandle               0000000140010df0     kernel32:KERNEL32.dll
 0001:0000fe00       HeapAlloc                  0000000140010e00     kernel32:KERNEL32.dll
 0001:0000fe10       HeapFree                   0000000140010e10     kernel32:KERNEL32.dll
 0001:0000fe20       HeapReAlloc                0000000140010e20     kernel32:KERNEL32.dll
 0001:0000fe30       LoadLibraryA               0000000140010e30     kernel32:KERNEL32.dll
 0001:0000fe40       MultiByteToWideChar        0000000140010e40     kernel32:KERNEL32.dll
 0001:0000fe50       QueryPerformanceCounter    0000000140010e50     kernel32:KERNEL32.dll
 0001:0000fe60       QueryPerformanceFrequency  0000000140010e60     kernel32:KERNEL32.dll
 0001:0000fe70       ReadConsoleW               0000000140010e70     kernel32:KERNEL32.dll
 0001:0000fe80       ReadFile                   0000000140010e80     kernel32:KERNEL32.dll
 0001:0000fe90       ReleaseSRWLockExclusive    0000000140010e90     kernel32:KERNEL32.dll
 0001:0000fea0       ReleaseSRWLockShared       0000000140010ea0     kernel32:KERNEL32.dll
 0001:0000feb0       Sleep                      0000000140010eb0     kernel32:KERNEL32.dll
 0001:0000fec0       TlsAlloc                   0000000140010ec0     kernel32:KERNEL32.dll
 0001:0000fed0       TlsFree                    0000000140010ed0     kernel32:KERNEL32.dll
 0001:0000fee0       TlsGetValue                0000000140010ee0     kernel32:KERNEL32.dll
 0001:0000fef0       TlsSetValue                0000000140010ef0     kernel32:KERNEL32.dll
 0001:0000ff00       TryAcquireSRWLockExclusive 0000000140010f00     kernel32:KERNEL32.dll
 0001:0000ff10       VirtualAlloc               0000000140010f10     kernel32:KERNEL32.dll
 0001:0000ff20       WaitForMultipleObjects     0000000140010f20     kernel32:KERNEL32.dll
 0001:0000ff30       WriteConsoleW              0000000140010f30     kernel32:KERNEL32.dll
 0001:0000ff40       BCryptGenRandom            0000000140010f40     bcrypt:bcrypt.dll
 0001:0000ff50       WSAGetLastError            0000000140010f50     ws2_32:WS2_32.dll
 0001:0000ff60       WSARecv                    0000000140010f60     ws2_32:WS2_32.dll
 0001:0000ff70       WSAStartup                 0000000140010f70     ws2_32:WS2_32.dll
 0001:0000ff80       accept                     0000000140010f80     ws2_32:WS2_32.dll
 0001:0000ff90       bind                       0000000140010f90     ws2_32:WS2_32.dll
 0001:0000ffa0       closesocket                0000000140010fa0     ws2_32:WS2_32.dll
 0001:0000ffb0       connect                    0000000140010fb0     ws2_32:WS2_32.dll
 0001:0000ffc0       freeaddrinfo               0000000140010fc0     ws2_32:WS2_32.dll
 0001:0000ffd0       getaddrinfo                0000000140010fd0     ws2_32:WS2_32.dll
 0001:0000ffe0       getpeername                0000000140010fe0     ws2_32:WS2_32.dll
 0001:0000fff0       getsockname                0000000140010ff0     ws2_32:WS2_32.dll
 0001:00010000       htons                      0000000140011000     ws2_32:WS2_32.dll
 0001:00010010       listen                     0000000140011010     ws2_32:WS2_32.dll
 0001:00010020       ntohs                      0000000140011020     ws2_32:WS2_32.dll
 0001:00010030       send                       0000000140011030     ws2_32:WS2_32.dll
 0001:00010040       setsockopt                 0000000140011040     ws2_32:WS2_32.dll
 0001:00010050       socket                     0000000140011050     ws2_32:WS2_32.dll
 0001:00010060       inet_ntop                  0000000140011060     ws2_32:WS2_32.dll
 0001:00010070       clBuildProgram             0000000140011070     OpenCL:OpenCL.dll
 0001:00010080       clCreateBuffer             0000000140011080     OpenCL:OpenCL.dll
 0001:00010090       clCreateCommandQueueWithProperties 0000000140011090     OpenCL:OpenCL.dll
 0001:000100a0       clCreateContext            00000001400110a0     OpenCL:OpenCL.dll
 0001:000100b0       clCreateKernel             00000001400110b0     OpenCL:OpenCL.dll
 0001:000100c0       clCreateProgramWithSource  00000001400110c0     OpenCL:OpenCL.dll
 0001:000100d0       clEnqueueNDRangeKernel     00000001400110d0     OpenCL:OpenCL.dll
 0001:000100e0       clEnqueueReadBuffer        00000001400110e0     OpenCL:OpenCL.dll
 0001:000100f0       clEnqueueWriteBuffer       00000001400110f0     OpenCL:OpenCL.dll
 0001:00010100       clFinish                   0000000140011100     OpenCL:OpenCL.dll
 0001:00010110       clGetDeviceIDs             0000000140011110     OpenCL:OpenCL.dll
 0001:00010120       clGetDeviceInfo            0000000140011120     OpenCL:OpenCL.dll
 0001:00010130       clGetKernelArgInfo         0000000140011130     OpenCL:OpenCL.dll
 0001:00010140       clGetPlatformIDs           0000000140011140     OpenCL:OpenCL.dll
 0001:00010150       clGetPlatformInfo          0000000140011150     OpenCL:OpenCL.dll
 0001:00010160       clGetProgramBuildInfo      0000000140011160     OpenCL:OpenCL.dll
 0001:00010170       clSetKernelArg             0000000140011170     OpenCL:OpenCL.dll
 0002:00000000       ??_C@_1EK@HCHIHAJJ@?$AAP?$AAa?$AAu?$AAs?$AAe?$AAd?$AA?5?$AAw?$AAo?$AAr?$AAk?$AAe?$AAr?$AA?5?$AAD?$AAL?$AAL?$AA?5?$AA?$CF?$AAl?$AAl?$AAd?$AA?5?$AA?$FL?$AAc?$AAa?$AAu?$AAs?$AAe?$AA?5?$AA?$CF?$AAl@ 0000000140012000     dbg_.-dll-await_worker.o
 0002:0000004a       ??_C@_1GG@GJHNDGHH@?$AAC?$AAa?$AAl?$AAl?$AAi?$AAn?$AAg?$AA?5?$AAd?$AAl?$AAl?$AAi?$AAm?$AAp?$AAo?$AAr?$AAt?$AA?5?$AAw?$AAo?$AAr?$AAk?$AAe?$AAr?$AA?5?$AA?$CF?$AAl?$AAl?$AAd?$AA?5?$AA?$FL?$AAd@ 000000014001204a     dbg_.-dll-call_object.o
 0002:000000b0       ??_C@_1BC@GMOKLPI@?$AAT?$AAa?$AAb?$AAl?$AAe?$AA?5?$AA?$DN?$AA?5?$AA?$AA@ 00000001400120b0     dbg_.-dll-call_object.o
 0002:000000c2       ??_C@_1M@OMOAGDNC@?$AA?$CF?$AA0?$AA2?$AAx?$AA?5?$AA?$AA@ 00000001400120c2     dbg_.-dll-call_object.o
 0002:000000ce       ??_C@_13LBAGMAIH@?$AA?6?$AA?$AA@ 00000001400120ce     dbg_.-dll-call_object.o
 0002:000000e8       ??_C@_1DC@PJLFFJJC@?$AAR?$AAU?$AAN?$AA?5?$AAd?$AAl?$AAl?$AAi?$AAm?$AAp?$AAo?$AAr?$AAt?$AA?5?$AAw?$AAo?$AAr?$AAk?$AAe?$AAr?$AA?$DN?$AA?$CF?$AAp?$AA?6?$AA?$AA@ 00000001400120e8     dbg_.-dll-execute_worker.o
 0002:0000011a       ??_C@_1CO@MJDCEOJE@?$AAR?$AAe?$AAq?$AAu?$AAe?$AAs?$AAt?$AAi?$AAn?$AAg?$AA?5?$AA?$CF?$AAl?$AAl?$AAd?$AA?5?$AAb?$AAy?$AAt?$AAe?$AAs?$AA?6?$AA?$AA@ 000000014001211a     dbg_.-dll-execute_worker.o
 0002:00000148       ??_C@_1EA@NLGJANLO@?$AAA?$AAr?$AAg?$AAu?$AAm?$AAe?$AAn?$AAt?$AA?5?$AA?$CF?$AAl?$AAl?$AAd?$AA?3?$AA?5?$AA?$FL?$AA?$CF?$AA0?$AA2?$AAx?$AA?$FN?$AA?5?$AA?$FL?$AAt?$AAo?$AA?9?$AA?$DO?$AA?$CF?$AAp?$AA?$FN?$AA?6?$AA?$AA@ 0000000140012148     dbg_.-dll-execute_worker.o
 0002:00000188       ??_C@_1DI@KIDLNDBO@?$AA?5?$AA?5?$AA?5?$AA?5?$AA?5?$AA?5?$AA?5?$AA?5?$AA?5?$AAo?$AAf?$AA?5?$AAs?$AAi?$AAz?$AAe?$AA?5?$AA?$CF?$AAl?$AAl?$AAd?$AA?$DL?$AA?5?$AA?$DN?$AA?$CF?$AAp?$AA?6?$AA?$AA@ 0000000140012188     dbg_.-dll-execute_worker.o
 0002:000001c0       ??_C@_1DE@HPIEKKI@?$AAc?$AAa?$AAl?$AAl?$AAi?$AAn?$AAg?$AA?5?$AAd?$AAl?$AAl?$AAi?$AAm?$AAp?$AAo?$AAr?$AAt?$AA?5?$AAw?$AAo?$AAr?$AAk?$AAe?$AAr?$AA?6?$AA?$AA@ 00000001400121c0     dbg_.-dll-execute_worker.o
 0002:000001f4       ??_C@_1CE@FDGKEBHI@?$AAA?$AAR?$AAG?$AA?$FL?$AA?$CF?$AAl?$AAl?$AAd?$AA?$FN?$AA?5?$AA?$DN?$AA?5?$AA?$CF?$AAl?$AAl?$AAd?$AA?6?$AA?$AA@ 00000001400121f4     dbg_.-dll-execute_worker.o
 0002:00000218       ??_C@_1EE@IHBKLDNM@?$AAo?$AAu?$AAt?$AAp?$AAu?$AAt?$AA?5?$AAi?$AAs?$AA?5?$AA?$CF?$AAp?$AA?5?$AA?$FL?$AA?9?$AA?$DO?$AAt?$AAo?$AA?5?$AAp?$AAr?$AAo?$AAm?$AAi?$AAs?$AAe?$AA?5?$AA?$CF?$AAl?$AAl?$AAd?$AA?$FN@ 0000000140012218     dbg_.-dll-execute_worker.o
 0002:0000025c       ??_C@_1CO@MGEJJCCL@?$AAr?$AAe?$AAt?$AAu?$AAr?$AAn?$AAe?$AAd?$AA?5?$AA?$CL?$AA?5?$AAE?$AAr?$AAr?$AAo?$AAr?$AA?$DN?$AA?$CF?$AAl?$AAl?$AAd?$AA?6?$AA?$AA@ 000000014001225c     dbg_.-dll-execute_worker.o
 0002:0000028a       ??_C@_1EK@KEDGKNCB@?$AAP?$AAa?$AAu?$AAs?$AAe?$AAd?$AA?5?$AAw?$AAo?$AAr?$AAk?$AAe?$AAr?$AA?5?$AAG?$AAP?$AAU?$AA?5?$AA?$CF?$AAl?$AAl?$AAd?$AA?5?$AA?$FL?$AAc?$AAa?$AAu?$AAs?$AAe?$AA?5?$AA?$CF?$AAl@ 000000014001228a     dbg_.-gpu-await_worker.o
 0002:000002d4       ??_C@_1FC@NMNADHLK@?$AAC?$AAa?$AAl?$AAl?$AAi?$AAn?$AAg?$AA?5?$AAw?$AAo?$AAr?$AAk?$AAe?$AAr?$AA?5?$AA?$CF?$AAl?$AAl?$AAd?$AA?5?$AA?$FL?$AAd?$AAa?$AAt?$AAa?$AA?$DN?$AA?$CF?$AAp?$AA?0?$AA?5?$AAm?$AAo@ 00000001400122d4     dbg_.-gpu-call_object.o
 0002:00000326       ??_C@_1CG@CCFDEFBF@?$AAR?$AAU?$AAN?$AA?5?$AAG?$AAP?$AAU?$AA?5?$AAw?$AAo?$AAr?$AAk?$AAe?$AAr?$AA?$DN?$AA?$CF?$AAp?$AA?6?$AA?$AA@ 0000000140012326     dbg_.-gpu-execute_worker.o
 0002:0000034c       ??_C@_1DO@MBJBKNM@?$AAE?$AAr?$AAr?$AAo?$AAr?$AA?3?$AA?5?$AAa?$AAt?$AA?5?$AAc?$AAl?$AAS?$AAe?$AAt?$AAK?$AAe?$AAr?$AAn?$AAe?$AAl?$AAA?$AAr?$AAg?$AA?5?$AA?$CF?$AAl?$AAl?$AAd?$AA?6?$AA?$AA@ 000000014001234c     dbg_.-gpu-execute_worker.o
 0002:0000038a       ??_C@_1CO@BOPILBOM@?$AAC?$AAO?$AAN?$AAF?$AAI?$AAG?$AAU?$AAR?$AAE?$AAD?$AA?3?$AA?5?$AAd?$AAi?$AAm?$AAs?$AA?$DN?$AA?$CF?$AAl?$AAl?$AAd?$AA?6?$AA?$AA@ 000000014001238a     dbg_.-gpu-execute_worker.o
 0002:000003b8       ??_C@_1EO@KIFHHFHO@?$AAE?$AAr?$AAr?$AAo?$AAr?$AA?3?$AA?5?$AAa?$AAt?$AA?5?$AAc?$AAl?$AAE?$AAn?$AAq?$AAu?$AAe?$AAu?$AAe?$AAN?$AAD?$AAR?$AAa?$AAn?$AAg?$AAe?$AAK?$AAe?$AAr?$AAn?$AAe?$AAl@ 00000001400123b8     dbg_.-gpu-execute_worker.o
 0002:00000406       ??_C@_1FG@NKPPHDDL@?$AAA?$AAl?$AAl?$AAo?$AAc?$AAa?$AAt?$AAi?$AAn?$AAg?$AA?5?$AAb?$AAu?$AAf?$AAf?$AAe?$AAr?$AA?5?$AAo?$AAf?$AA?5?$AAs?$AAi?$AAz?$AAe?$AA?5?$AA?$CF?$AAl?$AAl?$AAd?$AA?5?$AAp@ 0000000140012406     dbg_.-gpu-new_object.o
 0002:0000045c       ??_C@_1DO@PIAGAENK@?$AAE?$AAR?$AAR?$AAO?$AAR?$AA?3?$AA?5?$AAg?$AAp?$AAu?$AAA?$AAl?$AAl?$AAo?$AAc?$AA?5?$AAf?$AAa?$AAi?$AAl?$AAe?$AAd?$AA?5?$AA?$FL?$AA?$CF?$AAl?$AAl?$AAd?$AA?$FN?$AA?6?$AA?$AA@ 000000014001245c     dbg_.-gpu-new_object.o
 0002:0000049a       ??_C@_1BG@LMPFNDF@?$AAr?$AAe?$AAs?$AAu?$AAl?$AAt?$AA?5?$AA?$CF?$AAp?$AA?6?$AA?$AA@ 000000014001249a     dbg_.-gpu-new_object.o
 0002:000004b0       ??_C@_1FM@LBBNKNII@?$AAE?$AAR?$AAR?$AAO?$AAR?$AA?3?$AA?5?$AAP?$AAi?$AAp?$AAe?$AAs?$AA?5?$AAa?$AAr?$AAe?$AA?5?$AAu?$AAn?$AAs?$AAu?$AAp?$AAp?$AAo?$AAr?$AAt?$AAe?$AAd?$AA?5?$AAo?$AAn?$AA?5@ 00000001400124b0     dbg_.-gpu-new_object.o
 0002:0000050c       ??_C@_1EA@PKIDLDBK@?$AAo?$AAb?$AAj?$AAe?$AAc?$AAt?$AA?5?$AAf?$AAo?$AAr?$AA?5?$AAs?$AAi?$AAz?$AAe?$AA?5?$AA?$CF?$AAl?$AAl?$AAd?$AA?5?$AAa?$AAl?$AAl?$AAo?$AAc?$AAa?$AAt?$AAe?$AAd?$AA?6?$AA?$AA@ 000000014001250c     dbg_.-gpu-new_object.o
 0002:0000054c       ??_C@_1GM@BNFAKJM@?$AAE?$AAR?$AAR?$AAO?$AAR?$AA?3?$AA?5?$AAP?$AAi?$AAp?$AAe?$AAs?$AA?5?$AAa?$AAr?$AAe?$AA?5?$AAu?$AAn?$AAs?$AAu?$AAp?$AAp?$AAo?$AAr?$AAt?$AAe?$AAd?$AA?5?$AAo?$AAn?$AA?5@ 000000014001254c     dbg_.-gpu-new_object.o
 0002:000005b8       ??_C@_1DC@NBDPBMKB@?$AAW?$AAr?$AAo?$AAn?$AAg?$AA?5?$AAt?$AAy?$AAp?$AAe?$AA?5?$AAi?$AAn?$AA?5?$AAN?$AAe?$AAw?$AAO?$AAb?$AAj?$AAe?$AAc?$AAt?$AA?6?$AA?$AA@ 00000001400125b8     dbg_.-gpu-new_object.o
 0002:000005ea       ??_C@_1EG@FBJBJMFK@?$AAN?$AAO?$AAT?$AA?5?$AAS?$AAU?$AAP?$AAP?$AAO?$AAR?$AAT?$AAE?$AAD?$AA?3?$AA?5?$AAp?$AAu?$AAs?$AAh?$AA?5?$AAi?$AAn?$AA?5?$AAg?$AAp?$AAu?$AA?5?$AAo?$AAb?$AAj?$AAe?$AAc@ 00000001400125ea     dbg_.-gpu-push_object.o
 0002:00000630       ??_C@_1FE@GJLEMBH@?$AAN?$AAO?$AAT?$AA?5?$AAS?$AAU?$AAP?$AAP?$AAO?$AAR?$AAT?$AAE?$AAD?$AA?3?$AA?5?$AAp?$AAu?$AAs?$AAh?$AA?5?$AAi?$AAn?$AA?5?$AAg?$AAp?$AAu?$AA?5?$AAo?$AAb?$AAj?$AAe?$AAc@ 0000000140012630     dbg_.-gpu-push_object.o
 0002:00000684       ??_C@_1EI@EPHKLIAN@?$AAN?$AAO?$AAT?$AA?5?$AAS?$AAU?$AAP?$AAP?$AAO?$AAR?$AAT?$AAE?$AAD?$AA?3?$AA?5?$AAq?$AAu?$AAe?$AAr?$AAy?$AA?5?$AAi?$AAn?$AA?5?$AAg?$AAp?$AAu?$AA?5?$AAo?$AAb?$AAj?$AAe@ 0000000140012684     dbg_.-gpu-query_object.o
 0002:000006cc       ??_C@_1FG@PCBNEEAC@?$AAN?$AAO?$AAT?$AA?5?$AAS?$AAU?$AAP?$AAP?$AAO?$AAR?$AAT?$AAE?$AAD?$AA?3?$AA?5?$AAq?$AAu?$AAe?$AAr?$AAy?$AA?5?$AAi?$AAn?$AA?5?$AAg?$AAp?$AAu?$AA?5?$AAo?$AAb?$AAj?$AAe@ 00000001400126cc     dbg_.-gpu-query_object.o
 0002:00000738       ??_C@_1DM@CKKHLHMJ@?$AAP?$AAi?$AAp?$AAe?$AA?5?$AAf?$AAo?$AAr?$AA?5?$AAs?$AAi?$AAz?$AAe?$AA?5?$AA?$CF?$AAl?$AAl?$AAd?$AA?5?$AAa?$AAl?$AAl?$AAo?$AAc?$AAa?$AAt?$AAe?$AAd?$AA?6?$AA?$AA@ 0000000140012738     dbg_.-loc-new_object.o
 0002:00000774       ??_C@_1GK@LJBKHIKD@?$AAA?$AAr?$AAr?$AAa?$AAy?$AA?5?$AAo?$AAf?$AA?5?$AA?$CF?$AAl?$AAl?$AAd?$AA?5?$AAb?$AAy?$AAt?$AAe?$AAs?$AA?0?$AA?5?$AAe?$AAl?$AAe?$AAm?$AAe?$AAn?$AAt?$AA?5?$AAo?$AAf?$AA?5@ 0000000140012774     dbg_.-loc-new_object.o
 0002:000007de       ??_C@_1EC@IBADEGPM@?$AAP?$AAr?$AAo?$AAm?$AAi?$AAs?$AAe?$AA?5?$AAf?$AAo?$AAr?$AA?5?$AAs?$AAi?$AAz?$AAe?$AA?5?$AA?$CF?$AAl?$AAl?$AAd?$AA?5?$AAa?$AAl?$AAl?$AAo?$AAc?$AAa?$AAt?$AAe?$AAd?$AA?6@ 00000001400127de     dbg_.-loc-new_object.o
 0002:00000820       ??_C@_1DO@OEOJCPLG@?$AAC?$AAl?$AAa?$AAs?$AAs?$AA?5?$AAf?$AAo?$AAr?$AA?5?$AAs?$AAi?$AAz?$AAe?$AA?5?$AA?$CF?$AAl?$AAl?$AAd?$AA?5?$AAa?$AAl?$AAl?$AAo?$AAc?$AAa?$AAt?$AAe?$AAd?$AA?6?$AA?$AA@ 0000000140012820     dbg_.-loc-new_object.o
 0002:0000085e       ??_C@_1EO@GECEJMLH@?$AAD?$AAe?$AAf?$AAi?$AAn?$AAe?$AAd?$AA?5?$AAa?$AAr?$AAr?$AAa?$AAy?$AA?5?$AAf?$AAo?$AAr?$AA?5?$AAs?$AAi?$AAz?$AAe?$AA?5?$AA?$CF?$AAl?$AAl?$AAd?$AA?5?$AAa?$AAl?$AAl?$AAo@ 000000014001285e     dbg_.-loc-new_object.o
 0002:000008ac       ??_C@_1M@FHJLFHFE@?$AA?5?$AA?$CF?$AA0?$AA2?$AAx?$AA?$AA@ 00000001400128ac     dbg_.-loc-new_object.o
 0002:000008b8       ??_C@_1CO@JBEOLKLD@?$AA?$FL?$AAi?$AAd?$AA?$DN?$AA?$CF?$AAl?$AAl?$AAx?$AA?$FN?$AA?5?$AA?$FL?$AAs?$AAi?$AAz?$AAe?$AA?$DN?$AA?$CF?$AAl?$AAl?$AAd?$AA?$FN?$AA?6?$AA?$AA@ 00000001400128b8     dbg_.-loc-new_object.o
 0002:00000908       ??_C@_1EC@FMMFNKHC@?$AAP?$AAa?$AAu?$AAs?$AAe?$AAd?$AA?5?$AAw?$AAo?$AAr?$AAk?$AAe?$AAr?$AA?5?$AA?$CF?$AAl?$AAl?$AAd?$AA?5?$AA?$FL?$AAc?$AAa?$AAu?$AAs?$AAe?$AA?5?$AA?$CF?$AAl?$AAl?$AAd?$AA?$FN?$AA?6@ 0000000140012908     dbg_.-x64-await_worker.o
 0002:0000094a       ??_C@_1BG@KNJPCEOH@?$AAw?$AAo?$AAr?$AAk?$AAe?$AAr?$AA?$DN?$AA?$CF?$AAp?$AA?6?$AA?$AA@ 000000014001294a     dbg_.-x64-execute_worker.o
 0002:00000974       ??_C@_1BG@HIIBALHG@?$AA?$FL?$AAi?$AAd?$AA?$DN?$AA?$CF?$AAl?$AAl?$AAx?$AA?$FN?$AA?6?$AA?$AA@ 0000000140012974     dbg_.-x64-new_object.o
 0002:000009ac       ??_C@_1GA@KFMLACKM@?$AAw?$AAa?$AAi?$AAt?$AAi?$AAn?$AAg?$AA?5?$AAf?$AAo?$AAr?$AA?5?$AAr?$AAe?$AAm?$AAo?$AAt?$AAe?$AA?5?$AAp?$AAu?$AAs?$AAh?$AA?5?$AA?$CF?$AAl?$AAl?$AAd?$AA?1?$AA?$CF?$AAl?$AAl@ 00000001400129ac     dbg_.-x64-push_object.o
 0002:00000a0c       ??_C@_1CG@JJBKNCBO@?$AAp?$AAu?$AAs?$AAh?$AA?5?$AAt?$AAo?$AA?5?$AAo?$AAb?$AAj?$AAe?$AAc?$AAt?$AA?5?$AA?$CF?$AAp?$AA?6?$AA?$AA@ 0000000140012a0c     dbg_.-x64-push_object.o
 0002:00000a32       ??_C@_1CG@FCDGDINM@?$AAp?$AAu?$AAs?$AAh?$AA?5?$AAt?$AAo?$AA?5?$AAp?$AAi?$AAp?$AAe?$AA?5?$AA?$CF?$AAl?$AAl?$AAd?$AA?6?$AA?$AA@ 0000000140012a32     dbg_.-x64-push_object.o
 0002:00000a58       ??_C@_1EI@HFFKCAJK@?$AAw?$AAa?$AAi?$AAt?$AAi?$AAn?$AAg?$AA?5?$AAf?$AAo?$AAr?$AA?5?$AAr?$AAe?$AAm?$AAo?$AAt?$AAe?$AA?5?$AAq?$AAu?$AAe?$AAr?$AAy?$AA?5?$AA?$CF?$AAl?$AAl?$AAd?$AA?1?$AA?$CF?$AAl@ 0000000140012a58     dbg_.-x64-query_object.o
 0002:00000aa0       ??_C@_1CG@NFAKFIFJ@?$AAQ?$AAu?$AAe?$AAr?$AAy?$AA?5?$AAo?$AAb?$AAj?$AAe?$AAc?$AAt?$AA?5?$AA?$CF?$AAl?$AAl?$AAd?$AA?6?$AA?$AA@ 0000000140012aa0     dbg_.-x64-query_object.o
 0002:00000ac6       ??_C@_1CM@JHEDMDLC@?$AAq?$AAu?$AAe?$AAr?$AAy?$AA?5?$AAf?$AAr?$AAo?$AAm?$AA?5?$AAp?$AAi?$AAp?$AAe?$AA?5?$AA?$CF?$AAl?$AAl?$AAd?$AA?6?$AA?$AA@ 0000000140012ac6     dbg_.-x64-query_object.o
 0002:00000af2       ??_C@_1CC@KCDEA@?$AAS?$AAl?$AAe?$AAe?$AAp?$AA?5?$AAt?$AAi?$AAm?$AAe?$AA?5?$AA?$CF?$AAl?$AAl?$AAd?$AA?6?$AA?$AA@ 0000000140012af2     dbg_.-x64-sleep.o
 0002:00000b3c       ??_C@_1CM@EKFGKDGG@?$AAG?$AAe?$AAt?$AA?5?$AAo?$AAb?$AAj?$AAe?$AAc?$AAt?$AA?5?$AAi?$AAd?$AA?5?$AA?$DN?$AA?5?$AA?$CF?$AAl?$AAl?$AAd?$AA?6?$AA?$AA@ 0000000140012b3c     dbg_.-cast_provider.o
 0002:00000b68       ??_C@_1FE@BCAGMINK@?$AAE?$AAr?$AAr?$AAo?$AAr?$AA?3?$AA?5?$AAn?$AAo?$AA?5?$AAk?$AAn?$AAo?$AAw?$AAn?$AA?5?$AAs?$AAi?$AAz?$AAe?$AA?5?$AAf?$AAo?$AAr?$AA?5?$AAn?$AAo?$AAt?$AA?5?$AAa?$AAr?$AAr@ 0000000140012b68     dbg_.-cast_provider.o
 0002:00000bbc       ??_C@_1CO@MKKBGDMJ@?$AAg?$AAo?$AAt?$AA?5?$AAl?$AAo?$AAc?$AAa?$AAl?$AA?5?$AAs?$AAi?$AAz?$AAe?$AA?5?$AAa?$AAn?$AAs?$AAw?$AAe?$AAr?$AA?6?$AA?$AA@ 0000000140012bbc     dbg_.-cast_provider.o
 0002:00000bea       ??_C@_1DM@MLLOPCOA@?$AAQ?$AAu?$AAe?$AAr?$AAy?$AAi?$AAn?$AAg?$AA?5?$AAo?$AAb?$AAj?$AAe?$AAc?$AAt?$AA?5?$AAs?$AAi?$AAz?$AAe?$AA?5?$AAo?$AAf?$AA?5?$AA?$CF?$AAl?$AAl?$AAd?$AA?6?$AA?$AA@ 0000000140012bea     dbg_.-cast_provider.o
 0002:00000c26       ??_C@_1DA@NCDJBGNA@?$AAg?$AAo?$AAt?$AA?5?$AAr?$AAe?$AAm?$AAo?$AAt?$AAe?$AA?5?$AAs?$AAi?$AAz?$AAe?$AA?5?$AAa?$AAn?$AAs?$AAw?$AAe?$AAr?$AA?6?$AA?$AA@ 0000000140012c26     dbg_.-cast_provider.o
 0002:00000c56       ??_C@_1DK@MHAKINPM@?$AAK?$AAn?$AAo?$AAw?$AA?5?$AAs?$AAi?$AAz?$AAe?$AA?$DN?$AA?$CF?$AAl?$AAl?$AAd?$AA?5?$AA?$FL?$AAp?$AAa?$AAr?$AAa?$AAm?$AA?$DN?$AA?$CF?$AAl?$AAl?$AAd?$AA?$FN?$AA?6?$AA?$AA@ 0000000140012c56     dbg_.-cast_provider.o
 0002:00000c90       ??_C@_1FK@KDAFABDO@?$AAE?$AAr?$AAr?$AAo?$AAr?$AA?3?$AA?5?$AAl?$AAo?$AAc?$AAa?$AAl?$AA?5?$AAo?$AAb?$AAj?$AAe?$AAc?$AAt?$AA?5?$AAw?$AAa?$AAs?$AA?5?$AAr?$AAe?$AAm?$AAo?$AAv?$AAe?$AAd?$AA?5@ 0000000140012c90     dbg_.-cast_provider.o
 0002:00000cea       ??_C@_1FO@HMOHPFHI@?$AAE?$AAr?$AAr?$AAo?$AAr?$AA?5?$AAh?$AAa?$AAp?$AAp?$AAe?$AAn?$AA?5?$AAw?$AAh?$AAi?$AAl?$AAe?$AA?5?$AAc?$AAl?$AAE?$AAn?$AAq?$AAu?$AAe?$AAu?$AAe?$AAR?$AAe?$AAa?$AAd@ 0000000140012cea     dbg_.-cast_provider.o
 0002:00000d48       ??_C@_1EE@JNODMKEN@?$AAS?$AAu?$AAc?$AAc?$AAe?$AAs?$AAs?$AAi?$AAf?$AAu?$AAl?$AAl?$AAy?$AA?5?$AAc?$AAo?$AAn?$AAv?$AAe?$AAr?$AAt?$AAe?$AAd?$AA?5?$AAg?$AAp?$AAu?$AA?9?$AA?$DO?$AAc?$AAp?$AAu@ 0000000140012d48     dbg_.-cast_provider.o
 0002:00000d8c       ??_C@_1GA@EEKPNAGK@?$AAE?$AAr?$AAr?$AAo?$AAr?$AA?5?$AAh?$AAa?$AAp?$AAp?$AAe?$AAn?$AA?5?$AAw?$AAh?$AAi?$AAl?$AAe?$AA?5?$AAc?$AAl?$AAE?$AAn?$AAq?$AAu?$AAe?$AAu?$AAe?$AAW?$AAr?$AAi?$AAt@ 0000000140012d8c     dbg_.-cast_provider.o
 0002:00000dec       ??_C@_1EE@NKOFIBGO@?$AAS?$AAu?$AAc?$AAc?$AAe?$AAs?$AAs?$AAi?$AAf?$AAu?$AAl?$AAl?$AAy?$AA?5?$AAc?$AAo?$AAn?$AAv?$AAe?$AAr?$AAt?$AAe?$AAd?$AA?5?$AAc?$AAp?$AAu?$AA?9?$AA?$DO?$AAg?$AAp?$AAu@ 0000000140012dec     dbg_.-cast_provider.o
 0002:00000e30       ??_C@_1BM@OBHKMKPP@?$AAR?$AAe?$AAt?$AAu?$AAr?$AAn?$AA?3?$AA?5?$AA?$CF?$AAl?$AAl?$AAd?$AA?6?$AA?$AA@ 0000000140012e30     dbg_.-cast_provider.o
 0002:00000e4c       ??_C@_1EC@IPADNJOO@?$AAc?$AAo?$AAn?$AAv?$AAe?$AAr?$AAt?$AA?5?$AA?$CF?$AAp?$AA?5?$AA?$FL?$AAt?$AAy?$AAp?$AAe?$AAs?$AA?5?$AA?$CF?$AAl?$AAl?$AAd?$AA?5?$AA?9?$AA?$DO?$AA?5?$AA?$CF?$AAl?$AAl?$AAd?$AA?$FN?$AA?6@ 0000000140012e4c     dbg_.-cast_provider.o
 0002:00000e8e       ??_C@_1IA@HIJJNPCH@?$AAE?$AAR?$AAR?$AAO?$AAR?$AA?3?$AA?5?$AAn?$AAo?$AAt?$AA?5?$AAs?$AAu?$AAp?$AAp?$AAo?$AAr?$AAt?$AAe?$AAd?$AA?5?$AAc?$AAo?$AAn?$AAv?$AAe?$AAr?$AAs?$AAi?$AAo?$AAn?$AA?5@ 0000000140012e8e     dbg_.-cast_provider.o
 0002:00000f0e       ??_C@_1DK@FINICEEJ@?$AAG?$AAo?$AAt?$AA?5?$AAa?$AAt?$AA?5?$AAl?$AAe?$AAa?$AAs?$AAt?$AA?5?$AA?$CF?$AAl?$AAl?$AAd?$AA?5?$AAp?$AAl?$AAa?$AAt?$AAf?$AAo?$AAr?$AAm?$AAs?$AA?6?$AA?$AA@ 0000000140012f0e     dbg_.-gpu_subsystem.o
 0002:00000f48       ??_C@_1CA@OOAPHHDP@?$AAP?$AAl?$AAa?$AAt?$AAf?$AAo?$AAr?$AAm?$AA?5?$AA?$CF?$AAl?$AAl?$AAd?$AA?3?$AA?6?$AA?$AA@ 0000000140012f48     dbg_.-gpu_subsystem.o
 0002:00000f68       ??_C@_1DK@CFKCPDLH@?$AA?7?$AA?$CF?$AAl?$AAl?$AAd?$AA?4?$AAN?$AAa?$AAm?$AAe?$AA?5?$AA?5?$AA?5?$AA?5?$AA?5?$AA?5?$AA?5?$AA?5?$AA?5?$AA?5?$AA?5?$AA?5?$AA?5?$AA?3?$AA?5?$AA?$CF?$AAs?$AA?6?$AA?$AA@ 0000000140012f68     dbg_.-gpu_subsystem.o
 0002:00000fa2       ??_C@_1DK@PKNJPDCN@?$AA?7?$AA?$CF?$AAl?$AAl?$AAd?$AA?4?$AAV?$AAe?$AAn?$AAd?$AAo?$AAr?$AA?5?$AA?5?$AA?5?$AA?5?$AA?5?$AA?5?$AA?5?$AA?5?$AA?5?$AA?5?$AA?5?$AA?3?$AA?5?$AA?$CF?$AAs?$AA?6?$AA?$AA@ 0000000140012fa2     dbg_.-gpu_subsystem.o
 0002:00000fdc       ??_C@_1DK@BCHMBHFB@?$AA?7?$AA?$CF?$AAl?$AAl?$AAd?$AA?4?$AAV?$AAe?$AAr?$AAs?$AAi?$AAo?$AAn?$AA?5?$AA?5?$AA?5?$AA?5?$AA?5?$AA?5?$AA?5?$AA?5?$AA?5?$AA?5?$AA?3?$AA?5?$AA?$CF?$AAs?$AA?6?$AA?$AA@ 0000000140012fdc     dbg_.-gpu_subsystem.o
 0002:00001016       ??_C@_1DK@PPLGHIMI@?$AA?7?$AA?$CF?$AAl?$AAl?$AAd?$AA?4?$AAP?$AAr?$AAo?$AAf?$AAi?$AAl?$AAe?$AA?5?$AA?5?$AA?5?$AA?5?$AA?5?$AA?5?$AA?5?$AA?5?$AA?5?$AA?5?$AA?3?$AA?5?$AA?$CF?$AAs?$AA?6?$AA?$AA@ 0000000140013016     dbg_.-gpu_subsystem.o
 0002:00001050       ??_C@_1DK@KGLDJAGB@?$AA?7?$AA?$CF?$AAl?$AAl?$AAd?$AA?4?$AAE?$AAx?$AAt?$AAe?$AAn?$AAs?$AAi?$AAo?$AAn?$AAs?$AA?5?$AA?5?$AA?5?$AA?5?$AA?5?$AA?5?$AA?5?$AA?3?$AA?5?$AA?$CF?$AAs?$AA?6?$AA?$AA@ 0000000140013050     dbg_.-gpu_subsystem.o
 0002:0000108a       ??_C@_1DO@JAHGICMH@?$AA?7?$AA?$CF?$AAl?$AAl?$AAd?$AA?4?$AAT?$AAi?$AAm?$AAe?$AAr?$AA?5?$AAR?$AAe?$AAs?$AAo?$AAl?$AAu?$AAt?$AAi?$AAo?$AAn?$AA?5?$AA?3?$AA?5?$AA?$CF?$AAl?$AAl?$AAd?$AA?6?$AA?$AA@ 000000014001308a     dbg_.-gpu_subsystem.o
 0002:000010c8       ??_C@_1FE@GFHOHNKH@?$AAp?$AAl?$AAa?$AAt?$AAf?$AAo?$AAr?$AAm?$AA?5?$AA?$CF?$AAl?$AAl?$AAd?$AA?3?$AA?5?$AAG?$AAo?$AAt?$AA?5?$AAa?$AAt?$AA?5?$AAl?$AAe?$AAa?$AAs?$AAt?$AA?5?$AA?$CF?$AAl?$AAl?$AAd@ 00000001400130c8     dbg_.-gpu_subsystem.o
 0002:0000111c       ??_C@_1BM@MMFNNAKO@?$AAD?$AAe?$AAv?$AAi?$AAc?$AAe?$AA?5?$AA?$CF?$AAl?$AAl?$AAd?$AA?3?$AA?6?$AA?$AA@ 000000014001311c     dbg_.-gpu_subsystem.o
 0002:00001138       ??_C@_1FG@GKDLJBIA@?$AA?7?$AA?$CF?$AAl?$AAl?$AAd?$AA?4?$AA?$CF?$AAl?$AAl?$AAd?$AA?4?$AAN?$AAa?$AAm?$AAe?$AA?5?$AA?5?$AA?5?$AA?5?$AA?5?$AA?5?$AA?5?$AA?5?$AA?5?$AA?5?$AA?5?$AA?5?$AA?5?$AA?5?$AA?5?$AA?5?$AA?5@ 0000000140013138     dbg_.-gpu_subsystem.o
 0002:0000118e       ??_C@_1FK@JCGLFMHC@?$AA?7?$AA?$CF?$AAl?$AAl?$AAd?$AA?4?$AA?$CF?$AAl?$AAl?$AAd?$AA?4?$AAA?$AAv?$AAa?$AAi?$AAl?$AAa?$AAb?$AAl?$AAe?$AA?5?$AA?5?$AA?5?$AA?5?$AA?5?$AA?5?$AA?5?$AA?5?$AA?5?$AA?5?$AA?5?$AA?5@ 000000014001318e     dbg_.-gpu_subsystem.o
 0002:000011e8       ??_C@_1FK@PNFJMFNM@?$AA?7?$AA?$CF?$AAl?$AAl?$AAd?$AA?4?$AA?$CF?$AAl?$AAl?$AAd?$AA?4?$AAT?$AAy?$AAp?$AAe?$AA?5?$AA?5?$AA?5?$AA?5?$AA?5?$AA?5?$AA?5?$AA?5?$AA?5?$AA?5?$AA?5?$AA?5?$AA?5?$AA?5?$AA?5?$AA?5?$AA?5@ 00000001400131e8     dbg_.-gpu_subsystem.o
 0002:00001242       ??_C@_1FG@OJFNKBCG@?$AA?7?$AA?$CF?$AAl?$AAl?$AAd?$AA?4?$AA?$CF?$AAl?$AAl?$AAd?$AA?4?$AAV?$AAe?$AAn?$AAd?$AAo?$AAr?$AA?5?$AA?5?$AA?5?$AA?5?$AA?5?$AA?5?$AA?5?$AA?5?$AA?5?$AA?5?$AA?5?$AA?5?$AA?5?$AA?5?$AA?5@ 0000000140013242     dbg_.-gpu_subsystem.o
 0002:00001298       ??_C@_1FG@LICMMOCB@?$AA?7?$AA?$CF?$AAl?$AAl?$AAd?$AA?4?$AA?$CF?$AAl?$AAl?$AAd?$AA?4?$AAD?$AAr?$AAi?$AAv?$AAe?$AAr?$AA?5?$AAV?$AAe?$AAr?$AAs?$AAi?$AAo?$AAn?$AA?5?$AA?5?$AA?5?$AA?5?$AA?5?$AA?5?$AA?5@ 0000000140013298     dbg_.-gpu_subsystem.o
 0002:000012ee       ??_C@_1FG@GEMKEAJB@?$AA?7?$AA?$CF?$AAl?$AAl?$AAd?$AA?4?$AA?$CF?$AAl?$AAl?$AAd?$AA?4?$AAD?$AAe?$AAv?$AAi?$AAc?$AAe?$AA?5?$AAV?$AAe?$AAr?$AAs?$AAi?$AAo?$AAn?$AA?5?$AA?5?$AA?5?$AA?5?$AA?5?$AA?5?$AA?5@ 00000001400132ee     dbg_.-gpu_subsystem.o
 0002:00001344       ??_C@_1FG@MPCNGFNE@?$AA?7?$AA?$CF?$AAl?$AAl?$AAd?$AA?4?$AA?$CF?$AAl?$AAl?$AAd?$AA?4?$AAP?$AAr?$AAo?$AAf?$AAi?$AAl?$AAe?$AA?5?$AA?5?$AA?5?$AA?5?$AA?5?$AA?5?$AA?5?$AA?5?$AA?5?$AA?5?$AA?5?$AA?5?$AA?5?$AA?5@ 0000000140013344     dbg_.-gpu_subsystem.o
 0002:0000139a       ??_C@_1FG@GJMINOLL@?$AA?7?$AA?$CF?$AAl?$AAl?$AAd?$AA?4?$AA?$CF?$AAl?$AAl?$AAd?$AA?4?$AAE?$AAx?$AAt?$AAe?$AAn?$AAs?$AAi?$AAo?$AAn?$AAs?$AA?5?$AA?5?$AA?5?$AA?5?$AA?5?$AA?5?$AA?5?$AA?5?$AA?5?$AA?5?$AA?5@ 000000014001339a     dbg_.-gpu_subsystem.o
 0002:000013f0       ??_C@_1FK@NKJEPLPJ@?$AA?7?$AA?$CF?$AAl?$AAl?$AAd?$AA?4?$AA?$CF?$AAl?$AAl?$AAd?$AA?4?$AAM?$AAa?$AAx?$AA?5?$AAC?$AAo?$AAm?$AAp?$AAu?$AAt?$AAe?$AA?5?$AAU?$AAn?$AAi?$AAt?$AAs?$AA?5?$AA?5?$AA?5?$AA?5@ 00000001400133f0     dbg_.-gpu_subsystem.o
 0002:0000144a       ??_C@_1FK@OLFGCCPL@?$AA?7?$AA?$CF?$AAl?$AAl?$AAd?$AA?4?$AA?$CF?$AAl?$AAl?$AAd?$AA?4?$AAM?$AAa?$AAx?$AA?5?$AAI?$AAt?$AAe?$AAm?$AA?5?$AAD?$AAi?$AAm?$AAe?$AAn?$AAs?$AAi?$AAo?$AAn?$AAs?$AA?5?$AA?5@ 000000014001344a     dbg_.-gpu_subsystem.o
 0002:000014a4       ??_C@_1FK@CMFPDFMJ@?$AA?7?$AA?$CF?$AAl?$AAl?$AAd?$AA?4?$AA?$CF?$AAl?$AAl?$AAd?$AA?4?$AAM?$AAa?$AAx?$AA?5?$AAG?$AAr?$AAo?$AAu?$AAp?$AA?5?$AAS?$AAi?$AAz?$AAe?$AA?5?$AA?5?$AA?5?$AA?5?$AA?5?$AA?5?$AA?5@ 00000001400134a4     dbg_.-gpu_subsystem.o
 0002:000014fe       ??_C@_1GA@OFJKKJHL@?$AA?7?$AA?7?$AA?$CF?$AAl?$AAl?$AAd?$AA?4?$AA?$CF?$AAl?$AAl?$AAd?$AA?4?$AAM?$AAa?$AAx?$AA?5?$AAI?$AAt?$AAe?$AAm?$AA?5?$AAS?$AAi?$AAz?$AAe?$AAs?$AA?$FL?$AA?$CF?$AAl?$AAl?$AAd?$AA?$FN@ 00000001400134fe     dbg_.-gpu_subsystem.o
 0002:0000155e       ??_C@_1FK@PBEPJBHG@?$AA?7?$AA?$CF?$AAl?$AAl?$AAd?$AA?4?$AA?$CF?$AAl?$AAl?$AAd?$AA?4?$AAM?$AAa?$AAx?$AA?5?$AAC?$AAl?$AAo?$AAc?$AAk?$AA?5?$AAF?$AAr?$AAe?$AAq?$AAu?$AAe?$AAn?$AAc?$AAy?$AA?5?$AA?5@ 000000014001355e     dbg_.-gpu_subsystem.o
 0002:000015b8       ??_C@_1FK@EGKKPFNE@?$AA?7?$AA?$CF?$AAl?$AAl?$AAd?$AA?4?$AA?$CF?$AAl?$AAl?$AAd?$AA?4?$AAM?$AAa?$AAx?$AA?5?$AAM?$AAe?$AAm?$AA?5?$AAA?$AAl?$AAl?$AAo?$AAc?$AA?5?$AAS?$AAi?$AAz?$AAe?$AA?5?$AA?5?$AA?5@ 00000001400135b8     dbg_.-gpu_subsystem.o
 0002:00001612       ??_C@_1FK@NMMFNGJN@?$AA?7?$AA?$CF?$AAl?$AAl?$AAd?$AA?4?$AA?$CF?$AAl?$AAl?$AAd?$AA?4?$AAG?$AAl?$AAo?$AAb?$AAa?$AAl?$AA?5?$AAM?$AAe?$AAm?$AA?5?$AAC?$AAa?$AAc?$AAh?$AAe?$AAl?$AAi?$AAn?$AAe?$AA?5@ 0000000140013612     dbg_.-gpu_subsystem.o
 0002:0000166c       ??_C@_1FK@NMHJFOBI@?$AA?7?$AA?$CF?$AAl?$AAl?$AAd?$AA?4?$AA?$CF?$AAl?$AAl?$AAd?$AA?4?$AAG?$AAl?$AAo?$AAb?$AAa?$AAl?$AA?5?$AAM?$AAe?$AAm?$AA?5?$AAC?$AAa?$AAc?$AAh?$AAe?$AA?5?$AAS?$AAi?$AAz?$AAe@ 000000014001366c     dbg_.-gpu_subsystem.o
 0002:000016c6       ??_C@_1FK@KEPOBMOJ@?$AA?7?$AA?$CF?$AAl?$AAl?$AAd?$AA?4?$AA?$CF?$AAl?$AAl?$AAd?$AA?4?$AAG?$AAl?$AAo?$AAb?$AAa?$AAl?$AA?5?$AAM?$AAe?$AAm?$AA?5?$AAS?$AAi?$AAz?$AAe?$AA?5?$AA?5?$AA?5?$AA?5?$AA?5?$AA?5@ 00000001400136c6     dbg_.-gpu_subsystem.o
 0002:00001720       ??_C@_1FK@BEKCEBKI@?$AA?7?$AA?$CF?$AAl?$AAl?$AAd?$AA?4?$AA?$CF?$AAl?$AAl?$AAd?$AA?4?$AAL?$AAo?$AAc?$AAa?$AAl?$AA?5?$AAM?$AAe?$AAm?$AA?5?$AAS?$AAi?$AAz?$AAe?$AA?5?$AA?5?$AA?5?$AA?5?$AA?5?$AA?5?$AA?5@ 0000000140013720     dbg_.-gpu_subsystem.o
 0002:0000177a       ??_C@_1DG@HHDGLCMF@?$AAA?$AAt?$AA?5?$AAe?$AAn?$AAd?$AA?5?$AAh?$AAa?$AAv?$AAe?$AA?5?$AA?$CF?$AAl?$AAl?$AAd?$AA?5?$AAd?$AAe?$AAv?$AAi?$AAc?$AAe?$AAs?$AA?4?$AA?6?$AA?$AA@ 000000014001377a     dbg_.-gpu_subsystem.o
 0002:000017b0       ??_C@_1FC@JJNHHFIJ@?$AAI?$AAn?$AAi?$AAt?$AA?5?$AAf?$AAo?$AAr?$AAm?$AA?5?$AAp?$AAl?$AAa?$AAt?$AAf?$AAo?$AAr?$AAm?$AA?5?$AA?$CF?$AAl?$AAl?$AAd?$AA?5?$AA?$FL?$AAa?$AAu?$AAt?$AAo?$AA?5?$AAs?$AAe@ 00000001400137b0     dbg_.-gpu_subsystem.o
 0002:00001802       ??_C@_1EC@CFAEGHOO@?$AAE?$AAr?$AAr?$AAo?$AAr?$AA?5?$AAa?$AAt?$AA?5?$AAc?$AAl?$AAC?$AAr?$AAe?$AAa?$AAt?$AAe?$AAC?$AAo?$AAn?$AAt?$AAe?$AAx?$AAt?$AA?5?$AA?$FL?$AA?$CF?$AAl?$AAl?$AAd?$AA?$FN?$AA?6@ 0000000140013802     dbg_.-gpu_subsystem.o
 0002:00001844       ??_C@_1GI@JODPKPLM@?$AAE?$AAr?$AAr?$AAo?$AAr?$AA?5?$AAa?$AAt?$AA?5?$AAc?$AAl?$AAC?$AAr?$AAe?$AAa?$AAt?$AAe?$AAC?$AAo?$AAm?$AAm?$AAa?$AAn?$AAd?$AAQ?$AAu?$AAe?$AAu?$AAe?$AAW?$AAi?$AAt@ 0000000140013844     dbg_.-gpu_subsystem.o
 0002:000018ac       ??_C@_0FA@OKGFDHAO@?9cl?9single?9precision?9constant?5?9c@ 00000001400138ac     dbg_.-gpu_subsystem.o
 0002:000018fc       ??_C@_1DE@FJCPKFIJ@?$AAB?$AAu?$AAi?$AAl?$AAd?$AAP?$AAr?$AAo?$AAg?$AAr?$AAa?$AAm?$AA?5?$AAE?$AAr?$AAr?$AAo?$AAr?$AA?3?$AA?5?$AA?$CF?$AAl?$AAl?$AAd?$AA?6?$AA?$AA@ 00000001400138fc     dbg_.-gpu_subsystem.o
 0002:00001930       ??_C@_19PDAGFAKM@?$AA?4?$AA?4?$AA?4?$AA?6?$AA?$AA@ 0000000140013930     dbg_.-gpu_subsystem.o
 0002:0000193a       ??_C@_1CO@HIIDKPPP@?$AAB?$AAu?$AAi?$AAl?$AAd?$AAI?$AAn?$AAf?$AAo?$AA?5?$AAE?$AAr?$AAr?$AAo?$AAr?$AA?3?$AA?5?$AA?$CF?$AAl?$AAl?$AAd?$AA?6?$AA?$AA@ 000000014001393a     dbg_.-gpu_subsystem.o
 0002:00001968       ??_C@_1DA@GJKLKGNM@?$AAB?$AAu?$AAi?$AAl?$AAd?$AAI?$AAn?$AAf?$AAo?$AA2?$AA?5?$AAE?$AAr?$AAr?$AAo?$AAr?$AA?3?$AA?5?$AA?$CF?$AAl?$AAl?$AAd?$AA?6?$AA?$AA@ 0000000140013968     dbg_.-gpu_subsystem.o
 0002:00001998       ??_C@_1DA@CBNNMJJB@?$AAE?$AAr?$AAr?$AAo?$AAr?$AA?5?$AAI?$AAn?$AAf?$AAo?$AA?3?$AA?5?$AAc?$AAo?$AAd?$AAe?$AA?$DN?$AA?$CF?$AAl?$AAl?$AAd?$AA?3?$AA?6?$AA?$AA@ 0000000140013998     dbg_.-gpu_subsystem.o
 0002:000019c8       ??_C@_1CA@CAEDKLHA@?$AA?$CF?$AA0?$AA2?$AAx?$AA?5?$AA?$CF?$AA0?$AA2?$AAx?$AA?5?$AA?$CF?$AA0?$AA2?$AAx?$AA?6?$AA?$AA@ 00000001400139c8     dbg_.-gpu_subsystem.o
 0002:000019e8       ??_C@_17MJEANDKP@?$AA?$CF?$AAs?$AA?6?$AA?$AA@ 00000001400139e8     dbg_.-gpu_subsystem.o
 0002:000019f0       ??_C@_1CO@DCKAPNAK@?$AAw?$AAa?$AAi?$AAt?$AAi?$AAn?$AAg?$AA?5?$AAs?$AAt?$AAa?$AAr?$AAt?$AAu?$AAp?$AA?5?$AAp?$AAa?$AAg?$AAe?$AAs?$AA?6?$AA?$AA@ 00000001400139f0     dbg_.-hive_entry.o
 0002:00001a1e       ??_C@_1EI@OLFKDNEP@?$AAE?$AAr?$AAr?$AAo?$AAr?$AA?3?$AA?5?$AAa?$AAl?$AAl?$AAo?$AAc?$AAa?$AAt?$AAe?$AAd?$AA?5?$AAa?$AAr?$AAr?$AAa?$AAy?$AA?5?$AAi?$AAs?$AAn?$AA?8?$AAt?$AA?5?$AAl?$AAo?$AAc@ 0000000140013a1e     dbg_.-hive_entry.o
 0002:00001a66       ??_C@_1BM@MGOLOELI@?$AAr?$AAe?$AAs?$AAC?$AAo?$AAd?$AAe?$AAI?$AAd?$AA?$DN?$AA?$CF?$AAp?$AA?6?$AA?$AA@ 0000000140013a66     dbg_.-hive_entry.o
 0002:00001b10       ??_C@_1DO@NMNBJACC@?$AA?9?$AA?9?$AA?9?$AA?9?$AA?9?$AA?5?$AAt?$AAo?$AAt?$AAa?$AAl?$AA?5?$AA?$CF?$AAl?$AAl?$AAd?$AA?5?$AAc?$AAo?$AAn?$AAn?$AAe?$AAc?$AAt?$AAi?$AAo?$AAn?$AAs?$AA?3?$AA?6?$AA?$AA@ 0000000140013b10     dbg_.-remote.o
 0002:00001b4e       ??_C@_1EM@BPMELAJO@?$AA?9?$AAc?$AAo?$AAn?$AAn?$AAe?$AAc?$AAt?$AAi?$AAo?$AAn?$AA?5?$AA?$FL?$AA?$CF?$AAp?$AA?$FN?$AA?5?$AA?$CF?$AAl?$AAl?$AAd?$AA?3?$AA?5?$AAl?$AAo?$AAc?$AAa?$AAl?$AA_?$AAi?$AAd?$AA?$DN@ 0000000140013b4e     dbg_.-remote.o
 0002:00001b9a       ??_C@_1DC@HEOFFPLC@?$AAo?$AAu?$AAt?$AAg?$AAo?$AAi?$AAn?$AAg?$AA?3?$AA?5?$AAN?$AAo?$AA?5?$AAc?$AAo?$AAn?$AAn?$AAe?$AAc?$AAt?$AAi?$AAo?$AAn?$AA?6?$AA?$AA@ 0000000140013b9a     dbg_.-remote.o
 0002:00001bcc       ??_C@_1DG@HNEHLNLB@?$AAo?$AAu?$AAt?$AAg?$AAo?$AAi?$AAn?$AAg?$AA?3?$AA?5?$AAI?$AAP?$AA?$DN?$AA?$CF?$AAs?$AA?5?$AAP?$AAO?$AAR?$AAT?$AA?$DN?$AA?$CF?$AAl?$AAl?$AAd?$AA?6?$AA?$AA@ 0000000140013bcc     dbg_.-remote.o
 0002:00001c02       ??_C@_1DI@OKINGPOA@?$AAo?$AAu?$AAt?$AAg?$AAo?$AAi?$AAn?$AAg?$AA?3?$AA?5?$AA?5?$AAI?$AAP?$AA?$DN?$AA?$CF?$AAs?$AA?5?$AAP?$AAO?$AAR?$AAT?$AA?$DN?$AA?$CF?$AAl?$AAl?$AAd?$AA?6?$AA?$AA@ 0000000140013c02     dbg_.-remote.o
 0002:00001c3a       ??_C@_1CM@KOFOMBCP@?$AAo?$AAu?$AAt?$AAg?$AAo?$AAi?$AAn?$AAg?$AA?3?$AA?5?$AA?5?$AAC?$AAo?$AAr?$AAr?$AAu?$AAp?$AAt?$AAe?$AAd?$AA?6?$AA?$AA@ 0000000140013c3a     dbg_.-remote.o
 0002:00001c66       ??_C@_1DC@OBBDDNNB@?$AAi?$AAn?$AAc?$AAo?$AAm?$AAi?$AAn?$AAg?$AA?3?$AA?5?$AAN?$AAo?$AA?5?$AAc?$AAo?$AAn?$AAn?$AAe?$AAc?$AAt?$AAi?$AAo?$AAn?$AA?6?$AA?$AA@ 0000000140013c66     dbg_.-remote.o
 0002:00001c98       ??_C@_1DG@NNAENLOC@?$AAi?$AAn?$AAc?$AAo?$AAm?$AAi?$AAn?$AAg?$AA?3?$AA?5?$AAI?$AAP?$AA?$DN?$AA?$CF?$AAs?$AA?5?$AAP?$AAO?$AAR?$AAT?$AA?$DN?$AA?$CF?$AAl?$AAl?$AAd?$AA?6?$AA?$AA@ 0000000140013c98     dbg_.-remote.o
 0002:00001cce       ??_C@_1DI@NPMKAFFJ@?$AAi?$AAn?$AAc?$AAo?$AAm?$AAi?$AAn?$AAg?$AA?3?$AA?5?$AA?5?$AAI?$AAP?$AA?$DN?$AA?$CF?$AAs?$AA?5?$AAP?$AAO?$AAR?$AAT?$AA?$DN?$AA?$CF?$AAl?$AAl?$AAd?$AA?6?$AA?$AA@ 0000000140013cce     dbg_.-remote.o
 0002:00001d06       ??_C@_1GA@HHMMHPKA@?$AA?$CB?$AA?$CB?$AA?$CB?$AA?$CB?$AA?$CB?$AA?5?$AA?$DO?$AA?$DO?$AA?$DO?$AA?$DO?$AA?$DO?$AA?$DO?$AA?5?$AAP?$AAa?$AAg?$AAe?$AA?5?$AAa?$AAl?$AAl?$AAo?$AAc?$AAa?$AAt?$AAi?$AAo?$AAn?$AA?5?$AAi?$AAd?$AA?$DN@ 0000000140013d06     dbg_.-remote.o
 0002:00001d66       ??_C@_1DE@OFJFJIIH@?$AAS?$AAe?$AAr?$AAv?$AAe?$AAr?$AA?5?$AAi?$AAd?$AA?$DN?$AA?$CF?$AAl?$AAl?$AAd?$AA?5?$AAc?$AAo?$AAn?$AAf?$AAi?$AAr?$AAm?$AAe?$AAd?$AA?6?$AA?$AA@ 0000000140013d66     dbg_.-remote.o
 0002:00001d9a       ??_C@_1CG@DJLPCGPG@?$AAC?$AAl?$AAi?$AAe?$AAn?$AAt?$AA?5?$AAc?$AAo?$AAn?$AAn?$AAe?$AAc?$AAt?$AAe?$AAd?$AA?$CB?$AA?6?$AA?$AA@ 0000000140013d9a     dbg_.-remote.o
 0002:00001dc0       ??_C@_1GO@KIHGLMJK@?$AAS?$AAe?$AAn?$AAd?$AA?5?$AAc?$AAo?$AAn?$AAf?$AAi?$AAr?$AAm?$AAa?$AAt?$AAi?$AAo?$AAn?$AA?5?$AAo?$AAf?$AA?5?$AAp?$AAa?$AAg?$AAe?$AA?5?$AAa?$AAl?$AAl?$AAo?$AAc?$AAa@ 0000000140013dc0     dbg_.-remote.o
 0002:00001e2e       ??_C@_1FC@NJOMCOBI@?$AAR?$AAe?$AAd?$AAi?$AAr?$AAe?$AAc?$AAt?$AAi?$AAn?$AAg?$AA?5?$AAp?$AAa?$AAg?$AAe?$AA?5?$AAq?$AAu?$AAe?$AAr?$AAy?$AA?5?$AAt?$AAo?$AA?5?$AAl?$AAo?$AAc?$AAa?$AAl?$AA_@ 0000000140013e2e     dbg_.-remote.o
 0002:00001e80       ??_C@_1EO@MLLDILKB@?$AAR?$AAe?$AAd?$AAi?$AAr?$AAe?$AAc?$AAt?$AAi?$AAn?$AAg?$AA?5?$AAi?$AAd?$AA?5?$AAq?$AAu?$AAe?$AAr?$AAy?$AA?5?$AAt?$AAo?$AA?5?$AAl?$AAo?$AAc?$AAa?$AAl?$AA_?$AAi?$AAd@ 0000000140013e80     dbg_.-remote.o
 0002:00001ece       ??_C@_1DM@IBOIDFJO@?$AAs?$AAo?$AAc?$AAk?$AAe?$AAt?$AA?$CI?$AA?$CJ?$AA?5?$AAf?$AAa?$AAi?$AAl?$AAe?$AAd?$AA?5?$AA?$FL?$AAe?$AAr?$AAr?$AAo?$AAr?$AA?$DN?$AA?$CF?$AAl?$AAl?$AAd?$AA?$FN?$AA?6?$AA?$AA@ 0000000140013ece     dbg_.-remote.o
 0002:00001f0a       ??_C@_1CM@FLPDOBBA@?$AAR?$AAe?$AAq?$AAu?$AAe?$AAs?$AAt?$AAi?$AAn?$AAg?$AA?5?$AAp?$AAo?$AAr?$AAt?$AA?5?$AA?$CF?$AAl?$AAl?$AAd?$AA?6?$AA?$AA@ 0000000140013f0a     dbg_.-remote.o
 0002:00001f36       ??_C@_1DK@IOCIPHFJ@?$AAc?$AAo?$AAn?$AAn?$AAe?$AAc?$AAt?$AA?5?$AAf?$AAa?$AAi?$AAl?$AAe?$AAd?$AA?5?$AA?$FL?$AAe?$AAr?$AAr?$AAo?$AAr?$AA?$DN?$AA?$CF?$AAl?$AAl?$AAd?$AA?$FN?$AA?6?$AA?$AA@ 0000000140013f36     dbg_.-remote.o
 0002:00001f70       ??_C@_1DO@IMGJNCBG@?$AAC?$AAo?$AAn?$AAn?$AAe?$AAc?$AAt?$AAi?$AAo?$AAn?$AA?5?$AAi?$AAs?$AA?5?$AAs?$AAu?$AAc?$AAc?$AAe?$AAs?$AAs?$AAf?$AAu?$AAl?$AA?$CB?$AA?5?$AA?$FL?$AA1?$AA?$FN?$AA?6?$AA?$AA@ 0000000140013f70     dbg_.-remote.o
 0002:00001fae       ??_C@_1GE@BBHPHIKC@?$AAE?$AAr?$AAr?$AAo?$AAr?$AA?5?$AA?9?$AA?5?$AAs?$AAe?$AAr?$AAv?$AAe?$AAr?$AA_?$AAp?$AAo?$AAr?$AAt?$AA?5?$AA?$DN?$AA?$DN?$AA?5?$AA?9?$AA1?$AA?5?$AA?$FL?$AAs?$AAe?$AAr?$AAv?$AAe@ 0000000140013fae     dbg_.-remote.o
 0002:00002012       ??_C@_1EM@HCGPBNNP@?$AAS?$AAt?$AAa?$AAr?$AAt?$AAi?$AAn?$AAg?$AA?5?$AAn?$AAe?$AAw?$AA?5?$AAc?$AAo?$AAn?$AAn?$AAe?$AAc?$AAt?$AAi?$AAo?$AAn?$AA?5?$AAt?$AAo?$AA?5?$AA?$FL?$AA?$CF?$AAs?$AA?$FN?$AA?5@ 0000000140014012     dbg_.-remote.o
 0002:0000205e       ??_C@_1FE@JKPBPNOM@?$AAE?$AAr?$AAr?$AAo?$AAr?$AA?5?$AAr?$AAe?$AAs?$AAo?$AAl?$AAv?$AAi?$AAn?$AAg?$AA?5?$AAh?$AAo?$AAs?$AAt?$AA?4?$AA?5?$AA?$FL?$AAs?$AAt?$AAa?$AAt?$AAu?$AAs?$AA?$DN?$AA?$CF?$AAl@ 000000014001405e     dbg_.-remote.o
 0002:000020b2       ??_C@_1DO@COGNFPF@?$AAC?$AAo?$AAn?$AAn?$AAe?$AAc?$AAt?$AAi?$AAo?$AAn?$AA?5?$AAi?$AAs?$AA?5?$AAs?$AAu?$AAc?$AAc?$AAe?$AAs?$AAs?$AAf?$AAu?$AAl?$AA?$CB?$AA?5?$AA?$FL?$AA2?$AA?$FN?$AA?6?$AA?$AA@ 00000001400140b2     dbg_.-remote.o
 0002:000020f0       ??_C@_1FK@FPKJOMKP@?$AAE?$AAr?$AAr?$AAo?$AAr?$AA?3?$AA?5?$AAC?$AAo?$AAu?$AAl?$AAd?$AA?5?$AAn?$AAo?$AAt?$AA?5?$AAc?$AAo?$AAn?$AAn?$AAe?$AAc?$AAt?$AA?5?$AAt?$AAo?$AA?5?$AA?$CF?$AAs?$AA?5?$AA?$FL@ 00000001400140f0     dbg_.-remote.o
 0002:0000214a       ??_C@_1EA@JBNEEBDD@?$AAT?$AAr?$AAy?$AAi?$AAn?$AAg?$AA?5?$AAt?$AAo?$AA?5?$AAg?$AAe?$AAt?$AA?5?$AAm?$AAe?$AAm?$AAo?$AAr?$AAy?$AA?5?$AAp?$AAa?$AAg?$AAe?$AA?5?$AA?$CF?$AAl?$AAl?$AAd?$AA?6?$AA?$AA@ 000000014001414a     dbg_.-remote.o
 0002:0000218a       ??_C@_1EI@BHCKMCLF@?$AAC?$AAr?$AAe?$AAa?$AAt?$AAe?$AAd?$AA?5?$AAb?$AAr?$AAo?$AAa?$AAd?$AAc?$AAa?$AAs?$AAt?$AA?5?$AAw?$AAi?$AAt?$AAh?$AA?5?$AAp?$AAr?$AAe?$AAf?$AAi?$AAx?$AA?$DN?$AA?$CF?$AAl@ 000000014001418a     dbg_.-remote.o
 0002:000021d2       ??_C@_1DM@MBBJEJBJ@?$AAT?$AAr?$AAy?$AAi?$AAn?$AAg?$AA?5?$AAt?$AAo?$AA?5?$AAg?$AAe?$AAt?$AA?5?$AAs?$AAe?$AAr?$AAv?$AAe?$AAr?$AA?5?$AAi?$AAd?$AA?5?$AA?$CF?$AAl?$AAl?$AAd?$AA?6?$AA?$AA@ 00000001400141d2     dbg_.-remote.o
 0002:0000220e       ??_C@_1GK@DMGCKEJF@?$AAA?$AAn?$AAs?$AAw?$AAe?$AAr?$AA?5?$AAP?$AAu?$AAs?$AAh?$AA?5?$AAO?$AAb?$AAj?$AAe?$AAc?$AAt?$AA?5?$AAt?$AAo?$AA?5?$AAl?$AAo?$AAc?$AAa?$AAl?$AAi?$AAd?$AA?$DN?$AA?$CF?$AAl@ 000000014001420e     dbg_.-remote.o
 0002:00002278       ??_C@_1GM@MICHOCHB@?$AAA?$AAn?$AAs?$AAw?$AAe?$AAr?$AA?5?$AAQ?$AAu?$AAe?$AAr?$AAy?$AA?5?$AAO?$AAb?$AAj?$AAe?$AAc?$AAt?$AA?5?$AAt?$AAo?$AA?5?$AAl?$AAo?$AAc?$AAa?$AAl?$AAi?$AAd?$AA?$DN?$AA?$CF@ 0000000140014278     dbg_.-remote.o
 0002:000022e4       ??_C@_1FK@FHPCFNAH@?$AAs?$AAe?$AAn?$AAd?$AA?5?$AAb?$AAr?$AAo?$AAa?$AAd?$AAc?$AAa?$AAs?$AAt?$AA?5?$AAa?$AAn?$AAs?$AAw?$AAe?$AAr?$AA?5?$AAp?$AAa?$AAt?$AAh?$AA?5?$AAt?$AAo?$AA?5?$AAl?$AAo@ 00000001400142e4     dbg_.-remote.o
 0002:0000233e       ??_C@_1FM@FIIIPBAA@?$AAs?$AAe?$AAn?$AAd?$AA?5?$AAb?$AAr?$AAo?$AAa?$AAd?$AAc?$AAa?$AAs?$AAt?$AA?5?$AAp?$AAa?$AAt?$AAh?$AA?5?$AAr?$AAe?$AAq?$AAu?$AAe?$AAs?$AAt?$AA?5?$AAt?$AAo?$AA?5?$AAl@ 000000014001433e     dbg_.-remote.o
 0002:0000239a       ??_C@_1GA@MDBOGCGI@?$AAs?$AAe?$AAn?$AAd?$AA?5?$AAb?$AAr?$AAo?$AAa?$AAd?$AAc?$AAa?$AAs?$AAt?$AA?5?$AAa?$AAn?$AAs?$AAw?$AAe?$AAr?$AA?5?$AAi?$AAd?$AA?5?$AAp?$AAa?$AAt?$AAh?$AA?5?$AAt?$AAo@ 000000014001439a     dbg_.-remote.o
 0002:000023fa       ??_C@_1EO@CDOEBIIP@?$AAS?$AAe?$AAn?$AAd?$AAi?$AAn?$AAg?$AA?5?$AAb?$AAr?$AAo?$AAa?$AAd?$AAc?$AAa?$AAs?$AAt?$AA?5?$AAt?$AAo?$AA?5?$AAf?$AAi?$AAn?$AAd?$AA?5?$AAo?$AAb?$AAj?$AAe?$AAc?$AAt@ 00000001400143fa     dbg_.-remote.o
 0002:00002448       ??_C@_1DC@EHBNKHBD@?$AAr?$AAe?$AAq?$AAu?$AAe?$AAs?$AAt?$AA?5?$AAs?$AAe?$AAt?$AA?5?$AAo?$AAb?$AAj?$AAe?$AAc?$AAt?$AA?$DN?$AA?$CF?$AAl?$AAl?$AAd?$AA?6?$AA?$AA@ 0000000140014448     dbg_.-remote.o
 0002:0000247a       ??_C@_1CO@OBFELGCG@?$AAl?$AAo?$AAc?$AAa?$AAl?$AA?5?$AAo?$AAb?$AAj?$AAe?$AAc?$AAt?$AA?5?$AA?9?$AA?5?$AAa?$AAn?$AAs?$AAw?$AAe?$AAr?$AA?6?$AA?$AA@ 000000014001447a     dbg_.-remote.o
 0002:000024a8       ??_C@_1CC@BJNHGOIA@?$AAd?$AAo?$AAn?$AA?8?$AAt?$AA?5?$AAk?$AAn?$AAo?$AAw?$AA?5?$AAp?$AAa?$AAt?$AAh?$AA?6?$AA?$AA@ 00000001400144a8     dbg_.-remote.o
 0002:000024ca       ??_C@_1DA@NHJHHADA@?$AAr?$AAe?$AAq?$AAu?$AAe?$AAs?$AAt?$AA?5?$AAs?$AAe?$AAn?$AAt?$AA?5?$AA?$FL?$AAt?$AAo?$AA?5?$AA?$CF?$AAl?$AAl?$AAd?$AA?$FN?$AA?6?$AA?$AA@ 00000001400144ca     dbg_.-remote.o
 0002:000024fa       ??_C@_1IK@DBMEHLHD@?$AAS?$AAt?$AAa?$AAr?$AAt?$AAi?$AAn?$AAg?$AA?5?$AAn?$AAe?$AAw?$AA?5?$AAR?$AAE?$AAM?$AAO?$AAT?$AAE?$AA?5?$AAw?$AAo?$AAr?$AAk?$AAe?$AAr?$AA?5?$AA?$CF?$AAl?$AAl?$AAd?$AA?5@ 00000001400144fa     dbg_.-remote.o
 0002:00002584       ??_C@_1EK@DLJDAMIC@?$AAs?$AAe?$AAn?$AAd?$AAi?$AAn?$AAg?$AA?5?$AAh?$AAi?$AAv?$AAe?$AA?5?$AAs?$AAt?$AAa?$AAt?$AAe?$AA?5?$AA?$FL?$AA?$CF?$AAl?$AAl?$AAd?$AA?5?$AA?$CF?$AAl?$AAl?$AAd?$AA?5?$AA?$CF?$AAl@ 0000000140014584     dbg_.-remote.o
 0002:000025ce       ??_C@_1DG@PIHIFHIB@?$AAi?$AAn?$AAt?$AAi?$AAi?$AAa?$AAl?$AAi?$AAz?$AAa?$AAt?$AAi?$AAn?$AAg?$AA?5?$AAn?$AAe?$AAt?$AAw?$AAo?$AAr?$AAk?$AA?4?$AA?4?$AA?4?$AA?6?$AA?$AA@ 00000001400145ce     dbg_.-remote.o
 0002:00002604       ??_C@_1LE@PPGJDLMH@?$AA?$FL?$AAp?$AA?5?$AA?$DM?$AAp?$AAo?$AAr?$AAt?$AA?$DO?$AA?$FN?$AA?5?$AAt?$AAo?$AA?5?$AAs?$AAe?$AAl?$AAe?$AAc?$AAt?$AA?5?$AAp?$AAo?$AAr?$AAt?$AA?5?$AA?$FL?$AAc?$AA?5?$AA?$DM?$AAi?$AAp@ 0000000140014604     dbg_.-remote.o
 0002:000026b8       ??_C@_1BO@BCIJKPCC@?$AAE?$AAn?$AAt?$AAe?$AAr?$AA?5?$AAc?$AAo?$AAm?$AAm?$AAa?$AAn?$AAd?$AA?$DO?$AA?$AA@ 00000001400146b8     dbg_.-remote.o
 0002:000026d6       ??_C@_1CK@IMAGNILG@?$AAC?$AAo?$AAn?$AAf?$AAi?$AAr?$AAm?$AAe?$AAd?$AA?5?$AAp?$AAo?$AAr?$AAt?$AA?$DN?$AA?$CF?$AAl?$AAl?$AAd?$AA?6?$AA?$AA@ 00000001400146d6     dbg_.-remote.o
 0002:00002700       ??_C@_1CE@BDEHPDNE@?$AAG?$AAe?$AAt?$AA?5?$AAc?$AAo?$AAm?$AAm?$AAa?$AAn?$AAd?$AA?5?$AA?$FL?$AA?$CF?$AAs?$AA?$FN?$AA?6?$AA?$AA@ 0000000140014700     dbg_.-remote.o
 0002:00002724       ??_C@_1DG@NNMMEGKD@?$AAS?$AAe?$AAl?$AAe?$AAc?$AAt?$AAe?$AAd?$AA?5?$AAc?$AAo?$AAn?$AAn?$AAe?$AAc?$AAt?$AA?5?$AAc?$AAo?$AAm?$AAm?$AAa?$AAn?$AAd?$AA?4?$AA?6?$AA?$AA@ 0000000140014724     dbg_.-remote.o
 0002:0000275a       ??_C@_1CI@KPENLAE@?$AAE?$AAn?$AAt?$AAe?$AAr?$AA?5?$AAI?$AAP?$AA?5?$AAa?$AAn?$AAd?$AA?5?$AAP?$AAO?$AAR?$AAT?$AA?4?$AA?6?$AA?$AA@ 000000014001475a     dbg_.-remote.o
 0002:00002782       ??_C@_1EG@CAHECGOL@?$AAT?$AAr?$AAy?$AAi?$AAn?$AAg?$AA?5?$AAt?$AAo?$AA?5?$AAc?$AAo?$AAn?$AAn?$AAe?$AAc?$AAt?$AA?5?$AAt?$AAo?$AA?5?$AA?$FL?$AA?$CF?$AAs?$AA?$FN?$AA?5?$AA?$FL?$AA?$CF?$AAs?$AA?$FN?$AA?4?$AA?4@ 0000000140014782     dbg_.-remote.o
 0002:000027c8       ??_C@_1DG@GLOHHOJG@?$AAT?$AAe?$AAm?$AAp?$AAo?$AAr?$AAa?$AAr?$AAy?$AA?5?$AAl?$AAo?$AAc?$AAa?$AAl?$AA_?$AAi?$AAd?$AA?5?$AA?$DN?$AA?5?$AA?$CF?$AAl?$AAl?$AAd?$AA?6?$AA?$AA@ 00000001400147c8     dbg_.-remote.o
 0002:000027fe       ??_C@_1DC@MOJEJJIM@?$AAC?$AAo?$AAn?$AAf?$AAi?$AAg?$AAu?$AAr?$AAa?$AAt?$AAi?$AAo?$AAn?$AA?5?$AAc?$AAo?$AAn?$AAf?$AAi?$AAr?$AAm?$AAe?$AAd?$AA?6?$AA?$AA@ 00000001400147fe     dbg_.-remote.o
 0002:00002830       ??_C@_1BA@IEOPIPPP@?$AAg?$AAe?$AAt?$AA?5?$AAi?$AAd?$AA?6?$AA?$AA@ 0000000140014830     dbg_.-remote.o
 0002:00002840       ??_C@_1BE@JGIALBEO@?$AAs?$AAl?$AAe?$AAe?$AAp?$AAi?$AAn?$AAg?$AA?6?$AA?$AA@ 0000000140014840     dbg_.-remote.o
 0002:00002854       ??_C@_1CC@DLADIFA@?$AAr?$AAu?$AAn?$AAn?$AAi?$AAn?$AAg?$AA?5?$AAt?$AAh?$AAr?$AAe?$AAa?$AAd?$AAs?$AA?6?$AA?$AA@ 0000000140014854     dbg_.-remote.o
 0002:00002876       ??_C@_1CO@OPIMELJM@?$AAn?$AAe?$AAt?$AAw?$AAo?$AAr?$AAk?$AA?5?$AAi?$AAn?$AAi?$AAt?$AAi?$AAa?$AAl?$AAi?$AAz?$AAa?$AAt?$AAe?$AAd?$AA?6?$AA?$AA@ 0000000140014876     dbg_.-remote.o
 0002:000028a4       ??_C@_1DM@PKIKMHMJ@?$AA?$FL?$AAN?$AAE?$AAT?$AAW?$AAO?$AAR?$AAK?$AA?$FN?$AA?3?$AA?5?$AAP?$AAe?$AAe?$AAr?$AA?5?$AAd?$AAi?$AAs?$AAc?$AAo?$AAn?$AAn?$AAe?$AAc?$AAt?$AAe?$AAd?$AA?6?$AA?$AA@ 00000001400148a4     dbg_.-remote.o
 0002:000028e0       ??_C@_1DG@IHKBKGHO@?$AAG?$AAe?$AAt?$AA?5?$AAm?$AAe?$AAs?$AAs?$AAa?$AAg?$AAe?$AA?5?$AAo?$AAf?$AA?5?$AA?$CF?$AAl?$AAl?$AAd?$AA?5?$AAb?$AAy?$AAt?$AAe?$AAs?$AA?6?$AA?$AA@ 00000001400148e0     dbg_.-remote.o
 0002:00002916       ??_C@_1EE@FBAKCJKM@?$AAp?$AAr?$AAo?$AAc?$AAe?$AAs?$AAs?$AA?5?$AAh?$AAe?$AAa?$AAd?$AAe?$AAr?$AA?$FL?$AAo?$AAk?$AA?$FN?$AA?5?$AA?$FL?$AAh?$AAe?$AAa?$AAd?$AAe?$AAr?$AA?$DN?$AA?$CF?$AAl?$AAl?$AAd?$AA?$FN@ 0000000140014916     dbg_.-remote.o
 0002:0000295a       ??_C@_1EE@CIFDCIBF@?$AAp?$AAr?$AAo?$AAc?$AAe?$AAs?$AAs?$AA?5?$AAl?$AAe?$AAn?$AAg?$AAt?$AAh?$AA?$FL?$AAo?$AAk?$AA?$FN?$AA?5?$AA?$FL?$AAl?$AAe?$AAn?$AAg?$AAt?$AAh?$AA?$DN?$AA?$CF?$AAl?$AAl?$AAd?$AA?$FN@ 000000014001495a     dbg_.-remote.o
 0002:0000299e       ??_C@_1CM@JBMABCGC@?$AAp?$AAr?$AAo?$AAc?$AAe?$AAs?$AAs?$AA?5?$AAl?$AAe?$AAn?$AAg?$AAt?$AAh?$AA?$FL?$AAp?$AAa?$AAr?$AAt?$AA?$FN?$AA?6?$AA?$AA@ 000000014001499e     dbg_.-remote.o
 0002:000029ca       ??_C@_1CE@BMKCCAOL@?$AAp?$AAr?$AAo?$AAc?$AAe?$AAs?$AAs?$AA?5?$AAb?$AAo?$AAd?$AAy?$AA?$FL?$AAo?$AAk?$AA?$FN?$AA?6?$AA?$AA@ 00000001400149ca     dbg_.-remote.o
 0002:000029ee       ??_C@_1FE@JBHEOMDM@?$AAc?$AAo?$AAn?$AAn?$AAe?$AAc?$AAt?$AAi?$AAo?$AAn?$AA?5?$AAw?$AAa?$AAs?$AA?5?$AAc?$AAl?$AAo?$AAs?$AAe?$AAd?$AA?4?$AA?5?$AA?$FL?$AAl?$AAo?$AAc?$AAa?$AAl?$AA_?$AAi?$AAd@ 00000001400149ee     dbg_.-remote.o
 0002:00002a42       ??_C@_1CI@LDDDECLE@?$AAp?$AAr?$AAo?$AAc?$AAe?$AAs?$AAs?$AA?5?$AAb?$AAo?$AAd?$AAy?$AA?$FL?$AAp?$AAa?$AAr?$AAt?$AA?$FN?$AA?6?$AA?$AA@ 0000000140014a42     dbg_.-remote.o
 0002:00002a6a       ??_C@_1FI@DLIHECMG@?$AAG?$AAe?$AAt?$AA?5?$AAa?$AAp?$AAi?$AA?5?$AAc?$AAa?$AAl?$AAl?$AA?5?$AA?$CF?$AAl?$AAl?$AAd?$AA?5?$AAo?$AAf?$AA?5?$AAl?$AAe?$AAn?$AAg?$AAt?$AAh?$AA?3?$AA?5?$AA?$CF?$AAl?$AAl@ 0000000140014a6a     dbg_.-remote.o
 0002:00002ac2       ??_C@_1EC@IGPNEALA@?$AAA?$AAP?$AAI?$AA_?$AAR?$AAE?$AAQ?$AAU?$AAE?$AAS?$AAT?$AA_?$AAC?$AAO?$AAN?$AAN?$AAE?$AAC?$AAT?$AAI?$AAO?$AAN?$AA?5?$AAa?$AAn?$AAs?$AAw?$AAe?$AAr?$AAe?$AAd?$AA?6@ 0000000140014ac2     dbg_.-remote.o
 0002:00002b04       ??_C@_1HI@PFGJBABN@?$AAA?$AAP?$AAI?$AA_?$AAA?$AAN?$AAS?$AAW?$AAE?$AAR?$AA_?$AAR?$AAE?$AAQ?$AAU?$AAE?$AAS?$AAT?$AA_?$AAC?$AAO?$AAN?$AAN?$AAE?$AAC?$AAT?$AAI?$AAO?$AAN?$AA?5?$AAu?$AAp@ 0000000140014b04     dbg_.-remote.o
 0002:00002b7c       ??_C@_1EM@NFKPCEGC@?$AAU?$AAp?$AAd?$AAa?$AAt?$AAe?$AAd?$AA?5?$AAu?$AAs?$AAi?$AAn?$AAg?$AA?5?$AA?$FL?$AAc?$AAo?$AAn?$AA?$DN?$AA?$CF?$AAp?$AA?$FN?$AA?5?$AA?$FL?$AAa?$AAn?$AAd?$AA?5?$AAf?$AAr?$AAe?$AAe@ 0000000140014b7c     dbg_.-remote.o
 0002:00002bc8       ??_C@_1LA@ICLCBFDH@?$AAE?$AAr?$AAr?$AAo?$AAr?$AA?3?$AA?5?$AAA?$AAP?$AAI?$AA_?$AAA?$AAN?$AAS?$AAW?$AAE?$AAR?$AA_?$AAR?$AAE?$AAQ?$AAU?$AAE?$AAS?$AAT?$AA_?$AAC?$AAO?$AAN?$AAN?$AAE?$AAC@ 0000000140014bc8     dbg_.-remote.o
 0002:00002c78       ??_C@_1FA@NLLPLBEB@?$AAA?$AAP?$AAI?$AA_?$AAR?$AAE?$AAQ?$AAU?$AAE?$AAS?$AAT?$AA_?$AAI?$AAD?$AA?5?$AAp?$AAa?$AAg?$AAe?$AA?$DN?$AA?$CF?$AAl?$AAl?$AAd?$AA?5?$AA?$FL?$AAp?$AAr?$AAe?$AAf?$AAi?$AAx@ 0000000140014c78     dbg_.-remote.o
 0002:00002cc8       ??_C@_1BG@IOHEMCP@?$AAR?$AAe?$AAf?$AAu?$AAs?$AAe?$AA?5?$AAi?$AAd?$AA?6?$AA?$AA@ 0000000140014cc8     dbg_.-remote.o
 0002:00002cde       ??_C@_1EI@DCLENIAC@?$AAC?$AAo?$AAn?$AAf?$AAi?$AAr?$AAm?$AAe?$AAd?$AA?5?$AAb?$AAe?$AAc?$AAo?$AAu?$AAs?$AAe?$AA?5?$AAl?$AAo?$AAc?$AAa?$AAl?$AA_?$AAi?$AAd?$AA?5?$AAd?$AAi?$AAf?$AAf?$AAe@ 0000000140014cde     dbg_.-remote.o
 0002:00002d26       ??_C@_1EI@GBBOHBKF@?$AAG?$AAe?$AAt?$AA?5?$AAb?$AAr?$AAo?$AAa?$AAd?$AAc?$AAa?$AAs?$AAt?$AA?5?$AAa?$AAn?$AAs?$AAw?$AAe?$AAr?$AA?5?$AA?$FL?$AAp?$AAr?$AAe?$AAf?$AAi?$AAx?$AA?$DN?$AA?$CF?$AAl?$AAl@ 0000000140014d26     dbg_.-remote.o
 0002:00002d6e       ??_C@_1CK@JAOCGICP@?$AAB?$AAr?$AAo?$AAa?$AAd?$AAc?$AAa?$AAs?$AAt?$AA?5?$AAc?$AAo?$AAn?$AAf?$AAi?$AAr?$AAm?$AAe?$AAd?$AA?6?$AA?$AA@ 0000000140014d6e     dbg_.-remote.o
 0002:00002d98       ??_C@_1FM@HIELKEO@?$AAA?$AAP?$AAI?$AA_?$AAR?$AAE?$AAQ?$AAU?$AAE?$AAS?$AAT?$AA_?$AAM?$AAE?$AAM?$AA_?$AAP?$AAA?$AAG?$AAE?$AA?5?$AAp?$AAa?$AAg?$AAe?$AA?$DN?$AA?$CF?$AAl?$AAl?$AAd?$AA?5?$AA?$FL@ 0000000140014d98     dbg_.-remote.o
 0002:00002df4       ??_C@_1CG@KIALDCLE@?$AAR?$AAe?$AAf?$AAu?$AAs?$AAe?$AA?5?$AAa?$AAl?$AAl?$AAo?$AAc?$AAa?$AAt?$AAi?$AAo?$AAn?$AA?6?$AA?$AA@ 0000000140014df4     dbg_.-remote.o
 0002:00002e1a       ??_C@_1CM@IABHOCCE@?$AAg?$AAe?$AAt?$AA?5?$AAp?$AAu?$AAs?$AAh?$AA?5?$AAo?$AAb?$AAj?$AAe?$AAc?$AAt?$AA?5?$AA?$CF?$AAl?$AAl?$AAd?$AA?6?$AA?$AA@ 0000000140014e1a     dbg_.-remote.o
 0002:00002e46       ??_C@_1BM@CKHNEJCK@?$AAl?$AAo?$AAc?$AAa?$AAl?$AA?9?$AAp?$AAu?$AAs?$AAh?$AAe?$AAd?$AA?6?$AA?$AA@ 0000000140014e46     dbg_.-remote.o
 0002:00002e62       ??_C@_1CG@LACBKCJC@?$AAr?$AAe?$AAm?$AAo?$AAt?$AAe?$AA?9?$AAr?$AAe?$AAd?$AAi?$AAr?$AAe?$AAc?$AAt?$AAe?$AAd?$AA?6?$AA?$AA@ 0000000140014e62     dbg_.-remote.o
 0002:00002e88       ??_C@_1GM@LPBCPABN@?$AAU?$AAP?$AAD?$AAA?$AAT?$AAE?$AA?5?$AAP?$AAA?$AAT?$AAH?$AA?5?$AA1?$AA?5?$AAT?$AAO?$AA?5?$AA?$CF?$AAl?$AAl?$AAd?$AA?5?$AA?$FL?$AAd?$AAi?$AAs?$AAt?$AAa?$AAn?$AAc?$AAe?$AA?$DN@ 0000000140014e88     dbg_.-remote.o
 0002:00002ef4       ??_C@_1GM@FBBGBBEM@?$AAU?$AAP?$AAD?$AAA?$AAT?$AAE?$AA?5?$AAP?$AAA?$AAT?$AAH?$AA?5?$AA2?$AA?5?$AAT?$AAO?$AA?5?$AA?$CF?$AAl?$AAl?$AAd?$AA?5?$AA?$FL?$AAd?$AAi?$AAs?$AAt?$AAa?$AAn?$AAc?$AAe?$AA?$DN@ 0000000140014ef4     dbg_.-remote.o
 0002:00002f60       ??_C@_1HC@GFDBDKMJ@?$AAU?$AAP?$AAD?$AAA?$AAT?$AAE?$AA?5?$AAI?$AAD?$AA?5?$AAP?$AAA?$AAT?$AAH?$AA?5?$AA1?$AA?5?$AAT?$AAO?$AA?5?$AA?$CF?$AAl?$AAl?$AAd?$AA?5?$AA?$FL?$AAd?$AAi?$AAs?$AAt?$AAa?$AAn@ 0000000140014f60     dbg_.-remote.o
 0002:00002fd2       ??_C@_1HC@ILDFNLJI@?$AAU?$AAP?$AAD?$AAA?$AAT?$AAE?$AA?5?$AAI?$AAD?$AA?5?$AAP?$AAA?$AAT?$AAH?$AA?5?$AA2?$AA?5?$AAT?$AAO?$AA?5?$AA?$CF?$AAl?$AAl?$AAd?$AA?5?$AA?$FL?$AAd?$AAi?$AAs?$AAt?$AAa?$AAn@ 0000000140014fd2     dbg_.-remote.o
 0002:00003044       ??_C@_1HC@IPIJLOJO@?$AAG?$AAe?$AAt?$AA?5?$AAr?$AAe?$AAm?$AAo?$AAt?$AAe?$AA?5?$AAs?$AAt?$AAa?$AAr?$AAt?$AA?5?$AAw?$AAo?$AAr?$AAk?$AAe?$AAr?$AA?5?$AA?$CF?$AAl?$AAl?$AAd?$AA?5?$AAf?$AAr?$AAo@ 0000000140015044     dbg_.-remote.o
 0002:000030b6       ??_C@_1FC@CBJJGKKM@?$AAG?$AAE?$AAT?$AA?5?$AAH?$AAI?$AAV?$AAE?$AA?5?$AAS?$AAT?$AAA?$AAT?$AAE?$AA?3?$AA?5?$AA?$CF?$AAl?$AAl?$AAd?$AA?5?$AA?$CF?$AAl?$AAl?$AAd?$AA?5?$AA?$CF?$AAl?$AAl?$AAd?$AA?5?$AA?$FL@ 00000001400150b6     dbg_.-remote.o
 0002:00003108       ??_C@_1CG@PIAFPEME@?$AAS?$AAe?$AAr?$AAv?$AAe?$AAr?$AA?5?$AAs?$AAt?$AAa?$AAr?$AAt?$AAe?$AAd?$AA?4?$AA?4?$AA?4?$AA?6?$AA?$AA@ 0000000140015108     dbg_.-remote.o
 0002:0000312e       ??_C@_1BI@HLOPLBKF@?$AAb?$AAi?$AAn?$AAd?$AAi?$AAn?$AAg?$AA?4?$AA?4?$AA?4?$AA?6?$AA?$AA@ 000000014001512e     dbg_.-remote.o
 0002:00003146       ??_C@_1CA@GONFBJEC@?$AAS?$AAo?$AAc?$AAk?$AAe?$AAt?$AA?5?$AAc?$AAr?$AAe?$AAa?$AAt?$AAe?$AAd?$AA?6?$AA?$AA@ 0000000140015146     dbg_.-remote.o
 0002:00003166       ??_C@_1DK@EHAPFJND@?$AAs?$AAe?$AAr?$AAv?$AAe?$AAr?$AA?5?$AAs?$AAt?$AAa?$AAr?$AAt?$AAe?$AAd?$AA?5?$AAo?$AAn?$AA?5?$AAp?$AAo?$AAr?$AAt?$AA?5?$AA?$CF?$AAl?$AAl?$AAd?$AA?6?$AA?$AA@ 0000000140015166     dbg_.-remote.o
 0002:000031a0       ??_C@_1CM@OOKLEHNG@?$AAg?$AAe?$AAt?$AA?5?$AAn?$AAa?$AAm?$AAe?$AA?5?$AAf?$AAa?$AAi?$AAl?$AAe?$AAd?$AA?5?$AA?$CF?$AAl?$AAl?$AAd?$AA?6?$AA?$AA@ 00000001400151a0     dbg_.-remote.o
 0002:000031cc       ??_C@_1CG@NGNGJBNB@?$AAE?$AAr?$AAr?$AAo?$AAr?$AA?5?$AAh?$AAa?$AAp?$AAp?$AAe?$AAn?$AA?5?$AA?$CF?$AAl?$AAl?$AAd?$AA?6?$AA?$AA@ 00000001400151cc     dbg_.-remote.o
 0002:000031f2       ??_C@_1FA@MICONLJJ@?$AAE?$AAr?$AAr?$AAo?$AAr?$AA?3?$AA?5?$AAf?$AAa?$AAi?$AAl?$AAe?$AAd?$AA?5?$AAt?$AAo?$AA?5?$AAa?$AAl?$AAl?$AAo?$AAc?$AAa?$AAt?$AAe?$AA?5?$AAm?$AAe?$AAm?$AAo?$AAr?$AAy@ 00000001400151f2     dbg_.-runtime_lib.o
 0002:00003242       ??_C@_1FE@CPMEHOGL@?$AAE?$AAr?$AAr?$AAo?$AAr?$AA?3?$AA?5?$AAf?$AAa?$AAi?$AAl?$AAe?$AAd?$AA?5?$AAt?$AAo?$AA?5?$AAr?$AAe?$AAa?$AAl?$AAl?$AAo?$AAc?$AAa?$AAt?$AAe?$AA?5?$AAm?$AAe?$AAm?$AAo@ 0000000140015242     dbg_.-runtime_lib.o
 0002:00003296       ??_C@_1EI@DJFGOBAG@?$AAE?$AAr?$AAr?$AAo?$AAr?$AA?3?$AA?5?$AAf?$AAa?$AAi?$AAl?$AAe?$AAd?$AA?5?$AAt?$AAo?$AA?5?$AAf?$AAr?$AAe?$AAe?$AA?5?$AAm?$AAe?$AAm?$AAo?$AAr?$AAy?$AA?3?$AA?5?$AA?$CF?$AAl@ 0000000140015296     dbg_.-runtime_lib.o
 0002:000032de       ??_C@_1CM@EJGKJCED@?$AAA?$AAs?$AAs?$AAe?$AAr?$AAt?$AAi?$AAo?$AAn?$AA?5?$AAf?$AAa?$AAi?$AAl?$AAe?$AAd?$AA?3?$AA?5?$AA?$CF?$AAs?$AA?6?$AA?$AA@ 00000001400152de     dbg_.-runtime_lib.o
 0002:0000330a       ??_C@_1EI@GJCCEHA@?$AAF?$AAi?$AAl?$AAe?$AA?3?$AA?5?$AA?$CF?$AAs?$AA?0?$AA?5?$AAL?$AAi?$AAn?$AAe?$AA?3?$AA?5?$AA?$CF?$AAl?$AAl?$AAd?$AA?0?$AA?5?$AAF?$AAu?$AAn?$AAc?$AAt?$AAi?$AAo?$AAn?$AA?3?$AA?5@ 000000014001530a     dbg_.-runtime_lib.o
 0002:00003588       ??_C@_1GE@NIGCAFOK@?$AAE?$AAr?$AAr?$AAo?$AAr?$AA?3?$AA?5?$AAg?$AAp?$AAu?$AA?5?$AAw?$AAo?$AAr?$AAk?$AAe?$AAr?$AA?5?$AAd?$AAo?$AAe?$AAn?$AA?8?$AAt?$AA?5?$AAs?$AAu?$AAp?$AAp?$AAo?$AAr?$AAt@ 0000000140015588     dbg_.-runtime.o
 0002:000035ec       ??_C@_1DO@CBJEPNAO@?$AAP?$AAr?$AAo?$AAm?$AAi?$AAs?$AAe?$AA?$CI?$AAs?$AAe?$AAt?$AA?$DN?$AA?$CF?$AA0?$AA2?$AAx?$AA?0?$AA?5?$AAf?$AAi?$AAr?$AAs?$AAt?$AA4?$AAb?$AAy?$AAt?$AAe?$AAs?$AA?$DN?$AA?$AA@ 00000001400155ec     dbg_.-runtime.o
 0002:0000362a       ??_C@_15BCDOKMG@?$AA?$CJ?$AA?6?$AA?$AA@ 000000014001562a     dbg_.-runtime.o
 0002:00003630       ??_C@_1EO@JIHFKLGM@?$AAA?$AAr?$AAr?$AAa?$AAy?$AA?$CI?$AAl?$AAe?$AAn?$AAg?$AAt?$AAh?$AA?$DN?$AA?$CF?$AAl?$AAl?$AAd?$AA?0?$AA?5?$AAe?$AAl?$AAe?$AAm?$AAe?$AAn?$AAt?$AA_?$AAs?$AAi?$AAz?$AAe?$AA?$DN@ 0000000140015630     dbg_.-runtime.o
 0002:0000367e       ??_C@_15IPOKAMGA@?$AA?$HL?$AA?5?$AA?$AA@ 000000014001567e     dbg_.-runtime.o
 0002:00003684       ??_C@_13EHOOFIKC@?$AA?$HN?$AA?$AA@ 0000000140015684     dbg_.-runtime.o
 0002:00003688       ??_C@_15JOGBDECP@?$AA?0?$AA?5?$AA?$AA@ 0000000140015688     dbg_.-runtime.o
 0002:0000368e       ??_C@_1CG@OGLIMIIK@?$AAC?$AAl?$AAa?$AAs?$AAs?$AA?$CI?$AAf?$AAi?$AAr?$AAs?$AAt?$AA4?$AAb?$AAy?$AAt?$AAe?$AAs?$AA?$DN?$AA?$AA@ 000000014001568e     dbg_.-runtime.o
 0002:000036b4       ??_C@_1DM@HBMDBMCD@?$AAO?$AAb?$AAj?$AAe?$AAc?$AAt?$AA?5?$AAo?$AAf?$AA?5?$AAu?$AAn?$AAk?$AAn?$AAo?$AAw?$AAn?$AA?5?$AAt?$AAy?$AAp?$AAe?$AA?3?$AA?5?$AA?$CF?$AA0?$AA2?$AAx?$AA?6?$AA?$AA@ 00000001400156b4     dbg_.-runtime.o
 0002:000036f0       ??_C@_1FG@HBFKKPHD@?$AAW?$AAo?$AAr?$AAk?$AAe?$AAr?$AA?5?$AAa?$AAd?$AAd?$AA?5?$AAt?$AAo?$AA?5?$AAw?$AAa?$AAi?$AAt?$AA?5?$AAl?$AAi?$AAs?$AAt?$AA?5?$AA?$FL?$AAi?$AAd?$AA?$DN?$AA?$CF?$AAl?$AAl?$AAd@ 00000001400156f0     dbg_.-runtime.o
 0002:00003746       ??_C@_1EI@FJBGIEMF@?$AAW?$AAo?$AAr?$AAk?$AAe?$AAr?$AA?5?$AAe?$AAn?$AAq?$AAu?$AAe?$AAu?$AAe?$AAd?$AA?5?$AA?$FL?$AAi?$AAd?$AA?$DN?$AA?$CF?$AAl?$AAl?$AAd?$AA?0?$AA?5?$AAd?$AAa?$AAt?$AAa?$AA?$DN?$AA?$CF@ 0000000140015746     dbg_.-runtime.o
 0002:0000378e       ??_C@_1GM@IJHLNMBE@?$AAt?$AAh?$AAr?$AAe?$AAa?$AAd?$AA?5?$AA?$CF?$AAl?$AAl?$AAd?$AA?3?$AA?5?$AA?5?$AAW?$AAa?$AAi?$AAt?$AA?$HM?$AAQ?$AAu?$AAe?$AAu?$AAe?$AAd?$AA?5?$AA?$CF?$AAl?$AAl?$AAd?$AA?$HM?$AA?$CF@ 000000014001578e     dbg_.-runtime.o
 0002:000037fa       ??_C@_1CO@BAHOKHFI@?$AA?6?$AAS?$AAh?$AAe?$AAd?$AAu?$AAl?$AAi?$AAn?$AAg?$AA?5?$AAn?$AAe?$AAw?$AA?5?$AAw?$AAo?$AAr?$AAk?$AAe?$AAr?$AA?6?$AA?$AA@ 00000001400157fa     dbg_.-runtime.o
 0002:00003828       ??_C@_1II@BKKMGADK@?$AAC?$AAo?$AAn?$AAt?$AAi?$AAn?$AAu?$AAe?$AA?5?$AAw?$AAo?$AAr?$AAk?$AAe?$AAr?$AA?5?$AA?$CF?$AAl?$AAl?$AAd?$AA?5?$AAf?$AAr?$AAo?$AAm?$AA?5?$AAd?$AAa?$AAt?$AAa?$AA?$DN?$AA?$CF@ 0000000140015828     dbg_.-runtime.o
 0002:000038b0       ??_C@_1FE@PPKJADDP@?$AAW?$AAa?$AAn?$AAt?$AA?5?$AAr?$AAu?$AAn?$AA?5?$AAr?$AAe?$AAm?$AAo?$AAt?$AAe?$AA?0?$AA?5?$AAb?$AAu?$AAt?$AA?3?$AA?5?$AA?$CF?$AAl?$AAl?$AAd?$AA?5?$AA?$CF?$AAl?$AAl?$AAd?$AA?5@ 00000001400158b0     dbg_.-runtime.o
 0002:00003904       ??_C@_1IE@FHIKABLD@?$AAE?$AAr?$AAr?$AAo?$AAr?$AA?3?$AA?5?$AAc?$AAa?$AAn?$AA?8?$AAt?$AA?5?$AAr?$AAu?$AAn?$AA?5?$AAr?$AAe?$AAm?$AAo?$AAt?$AAe?$AA?5?$AAw?$AAo?$AAr?$AAk?$AAe?$AAr?$AA?5?$AA?$CF@ 0000000140015904     dbg_.-runtime.o
 0002:00003988       ??_C@_1GC@JGFAAALF@?$AAS?$AAt?$AAa?$AAr?$AAt?$AAi?$AAn?$AAg?$AA?5?$AAn?$AAe?$AAw?$AA?5?$AAl?$AAo?$AAc?$AAa?$AAl?$AA?5?$AAw?$AAo?$AAr?$AAk?$AAe?$AAr?$AA?5?$AA?$CF?$AAl?$AAl?$AAd?$AA?5?$AA?$FL@ 0000000140015988     dbg_.-runtime.o
 0002:000039ea       ??_C@_1EG@KLACJNPC@?$AAE?$AAr?$AAr?$AAo?$AAr?$AA?3?$AA?5?$AAt?$AAh?$AAi?$AAs?$AA?5?$AAi?$AAs?$AAn?$AA?8?$AAt?$AA?5?$AAh?$AAi?$AAv?$AAe?$AA?5?$AAe?$AAx?$AAe?$AAc?$AAu?$AAt?$AAa?$AAb?$AAl@ 00000001400159ea     dbg_.-runtime.o
 0002:00003a30       ??_C@_1GG@OIFEBPCL@?$AAE?$AAr?$AAr?$AAo?$AAr?$AA?3?$AA?5?$AAt?$AAh?$AAi?$AAs?$AA?5?$AAi?$AAs?$AA?5?$AAe?$AAx?$AAe?$AAc?$AAu?$AAt?$AAa?$AAb?$AAl?$AAe?$AA?5?$AAo?$AAf?$AA?5?$AAn?$AAo?$AAt@ 0000000140015a30     dbg_.-runtime.o
 0002:00003a96       ??_C@_1DC@FFLNADD@?$AAE?$AAr?$AAr?$AAo?$AAr?$AA?3?$AA?5?$AAw?$AAi?$AAn?$AAa?$AAp?$AAi?$AA?5?$AAe?$AAr?$AAr?$AAo?$AAr?$AA?5?$AA?$CF?$AAl?$AAd?$AA?6?$AA?$AA@ 0000000140015a96     dbg_.-runtime.o
 0002:00003ac8       ??_C@_1DE@BIGGJJBN@?$AAh?$AAe?$AAa?$AAd?$AAe?$AAr?$AA?5?$AA?$CF?$AAl?$AAl?$AAd?$AA?5?$AAo?$AAf?$AA?5?$AAs?$AAi?$AAz?$AAe?$AA?5?$AA?$CF?$AAl?$AAl?$AAd?$AA?6?$AA?$AA@ 0000000140015ac8     dbg_.-runtime.o
 0002:00003afc       ??_C@_1BK@JJBOCJJN@?$AAs?$AAe?$AAt?$AA?5?$AAt?$AAo?$AA?5?$AA?$CF?$AAl?$AAl?$AAd?$AA?5?$AA?$AA@ 0000000140015afc     dbg_.-runtime.o
 0002:00003b16       ??_C@_1JE@CPFCJBNI@?$AAE?$AAR?$AAR?$AAO?$AAR?$AA?3?$AA?5?$AAR?$AAu?$AAn?$AAt?$AAi?$AAm?$AAe?$AA?5?$AAe?$AAn?$AAd?$AAp?$AAo?$AAi?$AAn?$AAt?$AA?5?$AA?$CF?$AAl?$AAl?$AAd?$AA?5?$AAd?$AAo?$AAe@ 0000000140015b16     dbg_.-runtime.o
 0002:00003baa       ??_C@_1BA@LPJEKMJJ@?$AAp?$AAt?$AAr?$AA?$DN?$AA?$CF?$AAp?$AA?6?$AA?$AA@ 0000000140015baa     dbg_.-runtime.o
 0002:00003bba       ??_C@_1IG@FGNNCHGH@?$AAw?$AAo?$AAr?$AAk?$AAe?$AAr?$AA?5?$AA?$CF?$AAl?$AAl?$AAd?$AA?5?$AAi?$AAs?$AA?5?$AAd?$AAl?$AAl?$AA?5?$AAc?$AAa?$AAl?$AAl?$AA?5?$AAo?$AAf?$AA?5?$AAl?$AAi?$AAb?$AAr?$AAa@ 0000000140015bba     dbg_.-runtime.o
 0002:00003c40       ??_C@_1CG@BIKDCCPC@?$AAs?$AAt?$AAa?$AAc?$AAk?$AA?5?$AAu?$AAs?$AAa?$AAg?$AAe?$AA?3?$AA?5?$AA?$CF?$AAl?$AAl?$AAd?$AA?6?$AA?$AA@ 0000000140015c40     dbg_.-runtime.o
 0002:00003c66       ??_C@_1GK@IGPNAPLE@?$AAo?$AAu?$AAt?$AAp?$AAu?$AAt?$AA?5?$AAh?$AAa?$AAv?$AAe?$AA?5?$AAs?$AAi?$AAz?$AAe?$AA?5?$AA?$CF?$AAl?$AAl?$AAd?$AA?5?$AA?$FL?$AAa?$AAn?$AAd?$AA?5?$AAa?$AAr?$AAg?$AAs?$AA?5@ 0000000140015c66     dbg_.-runtime.o
 0002:00003cd0       ??_C@_1FE@ENHKIDEL@?$AAa?$AAr?$AAg?$AAu?$AAm?$AAe?$AAn?$AAt?$AA?5?$AA?$CF?$AAl?$AAl?$AAd?$AA?5?$AAh?$AAa?$AAv?$AAe?$AA?5?$AAs?$AAi?$AAz?$AAe?$AA?5?$AA?$CF?$AAl?$AAl?$AAd?$AA?5?$AA?$FL?$AAt?$AAy@ 0000000140015cd0     dbg_.-runtime.o
 0002:00003d24       ??_C@_1KM@JOOLBIFF@?$AAW?$AAo?$AAr?$AAk?$AAe?$AAr?$AA?5?$AA?$CF?$AAl?$AAl?$AAd?$AA?5?$AA?$FL?$AAx?$AA6?$AA4?$AA?$FN?$AA?5?$AAh?$AAa?$AAv?$AAe?$AA?5?$AAb?$AAe?$AAe?$AAn?$AA?5?$AAl?$AAo?$AAa?$AAd@ 0000000140015d24     dbg_.-runtime.o
 0002:00003dd0       ??_C@_1HI@GNCDLKLI@?$AAE?$AAr?$AAr?$AAo?$AAr?$AA?3?$AA?5?$AAr?$AAu?$AAn?$AAt?$AAi?$AAm?$AAe?$AA?5?$AAd?$AAo?$AAe?$AAs?$AAn?$AA?8?$AAt?$AA?5?$AAs?$AAu?$AAp?$AAp?$AAo?$AAr?$AAt?$AA?5?$AAs@ 0000000140015dd0     dbg_.-runtime.o
 0002:00003e48       ??_C@_1CI@PHCDEMOE@?$AAb?$AAu?$AAi?$AAl?$AAd?$AAi?$AAn?$AAg?$AA?5?$AAk?$AAe?$AAr?$AAn?$AAe?$AAl?$AA?4?$AA?4?$AA?4?$AA?6?$AA?$AA@ 0000000140015e48     dbg_.-runtime.o
 0002:00003e70       ??_C@_04JNAIOECI@krnl?$AA@ 0000000140015e70     dbg_.-runtime.o
 0002:00003e76       ??_C@_1DI@MMAOAOLJ@?$AAE?$AAr?$AAr?$AAo?$AAr?$AA?3?$AA?5?$AAk?$AAe?$AAr?$AAn?$AAe?$AAl?$AA?5?$AAb?$AAu?$AAi?$AAl?$AAd?$AA?5?$AAf?$AAa?$AAi?$AAl?$AAe?$AAd?$AA?6?$AA?$AA@ 0000000140015e76     dbg_.-runtime.o
 0002:00003eae       ??_C@_1LG@BJCBGCLK@?$AAW?$AAo?$AAr?$AAk?$AAe?$AAr?$AA?5?$AA?$CF?$AAl?$AAl?$AAd?$AA?5?$AA?$FL?$AAG?$AAP?$AAU?$AA?$FN?$AA?5?$AAh?$AAa?$AAv?$AAe?$AA?5?$AAb?$AAe?$AAe?$AAn?$AA?5?$AAl?$AAo?$AAa?$AAd@ 0000000140015eae     dbg_.-runtime.o
 0002:00003f64       ??_C@_1EC@HLLMLNEL@?$AAE?$AAr?$AAr?$AAo?$AAr?$AA?3?$AA?5?$AAu?$AAn?$AAk?$AAn?$AAo?$AAw?$AAn?$AA?5?$AAh?$AAe?$AAa?$AAd?$AAe?$AAr?$AA?5?$AAt?$AAy?$AAp?$AAe?$AA?5?$AA?$CF?$AAl?$AAl?$AAd?$AA?6@ 0000000140015f64     dbg_.-runtime.o
 0002:00003fa6       ??_C@_1DI@MLNAPEIE@?$AAS?$AAh?$AAe?$AAd?$AAu?$AAl?$AAe?$AAr?$AAI?$AAn?$AAs?$AAt?$AAa?$AAn?$AAc?$AAe?$AA?5?$AAc?$AAo?$AAm?$AAp?$AAl?$AAe?$AAt?$AAe?$AAd?$AA?6?$AA?$AA@ 0000000140015fa6     dbg_.-runtime.o
 0002:00003fde       ??_C@_1EK@KKIKLCHH@?$AAG?$AAp?$AAu?$AA?5?$AAs?$AAu?$AAs?$AAs?$AAy?$AAs?$AAt?$AAe?$AAm?$AA?5?$AAi?$AAn?$AAi?$AAt?$AAi?$AAa?$AAl?$AAi?$AAz?$AAa?$AAt?$AAi?$AAo?$AAn?$AA?5?$AAf?$AAa?$AAi@ 0000000140015fde     dbg_.-runtime.o
 0002:00004028       ??_C@_1CC@DEIAIPBB@?$AA?4?$AA?4?$AA?1?$AA?4?$AA?4?$AA?1?$AA?4?$AA?4?$AA?1?$AAr?$AAe?$AAs?$AA?4?$AAb?$AAi?$AAn?$AA?$AA@ 0000000140016028     dbg_.-runtime.o
 0002:0000404a       ??_C@_1FC@OGJDIOEJ@?$AAE?$AAr?$AAr?$AAo?$AAr?$AA?3?$AA?5?$AAc?$AAa?$AAn?$AA?8?$AAt?$AA?5?$AAo?$AAp?$AAe?$AAn?$AA?5?$AA?4?$AA?4?$AA?1?$AA?4?$AA?4?$AA?1?$AA?4?$AA?4?$AA?1?$AAr?$AAe?$AAs?$AA?4?$AAb@ 000000014001604a     dbg_.-runtime.o
 0002:0000409c       ??_C@_1DA@COAPAANM@?$AAE?$AAr?$AAr?$AAo?$AAr?$AA?3?$AA?5?$AAa?$AAt?$AA?5?$AAl?$AAo?$AAa?$AAd?$AAi?$AAn?$AAg?$AA?5?$AAf?$AAi?$AAl?$AAe?$AA?6?$AA?$AA@ 000000014001609c     dbg_.-runtime.o
 0002:000040cc       ??_C@_1EC@FNPNOOPH@?$AAU?$AAn?$AAk?$AAn?$AAo?$AAw?$AAn?$AA?5?$AAc?$AAm?$AAd?$AAl?$AAi?$AAn?$AAe?$AA?5?$AAp?$AAa?$AAr?$AAa?$AAm?$AAe?$AAt?$AAe?$AAr?$AA?3?$AA?5?$AA?$CF?$AAl?$AAl?$AAd?$AA?6@ 00000001400160cc     dbg_.-runtime.o
 0002:0000410e       ??_C@_1CE@CFOOJILH@?$AAN?$AAU?$AAM?$AA_?$AAT?$AAH?$AAR?$AAE?$AAA?$AAD?$AAS?$AA?$DN?$AA?$CF?$AAl?$AAl?$AAd?$AA?6?$AA?$AA@ 000000014001610e     dbg_.-runtime.o
 0002:00004132       ??_C@_1CG@PNBFEFIC@?$AAR?$AAE?$AAA?$AAD?$AAI?$AAN?$AAG?$AA?5?$AAI?$AAN?$AAP?$AAU?$AAT?$AA?5?$AAA?$AAS?$AA?3?$AA?5?$AA?$AA@ 0000000140016132     dbg_.-runtime.o
 0002:00004158       ??_C@_1M@HLHACGAA@?$AA?$CF?$AAl?$AAl?$AAd?$AA?5?$AA?$AA@ 0000000140016158     dbg_.-runtime.o
 0002:00004164       ??_C@_1CM@PELCBDJ@?$AAE?$AAn?$AAt?$AAr?$AAy?$AA?5?$AAw?$AAo?$AAr?$AAk?$AAe?$AAr?$AA?5?$AAi?$AAd?$AA?$DN?$AA?$CF?$AAl?$AAl?$AAd?$AA?6?$AA?$AA@ 0000000140016164     dbg_.-runtime.o
 0002:00004190       ??_C@_1DA@FBHJAJPI@?$AAr?$AAe?$AAs?$AAu?$AAl?$AAt?$AA?5?$AAp?$AAr?$AAo?$AAm?$AAi?$AAs?$AAe?$AA?5?$AA?$CF?$AAp?$AA?5?$AA?$CF?$AAl?$AAl?$AAd?$AA?6?$AA?$AA@ 0000000140016190     dbg_.-runtime.o
 0002:000041c0       ??_C@_1BI@KEMCAKCM@?$AAR?$AAu?$AAn?$AAn?$AAi?$AAn?$AAg?$AA?4?$AA?4?$AA?4?$AA?6?$AA?$AA@ 00000001400161c0     dbg_.-runtime.o
 0002:000041d8       ??_C@_1KG@MGKLLKBJ@?$AA?9?$AA?9?$AA?9?$AA?9?$AA?9?$AA?9?$AA?9?$AA?9?$AA?9?$AA?9?$AA?9?$AA?9?$AA?9?$AA?9?$AA?9?$AA?9?$AA?9?$AA?9?$AA?9?$AA?9?$AA?9?$AA?9?$AA?9?$AA?9?$AA?9?$AA?9?$AA?9?$AA?9?$AA?9?$AA?9?$AA?9?$AA?9@ 00000001400161d8     dbg_.-runtime.o
 0002:0000427e       ??_C@_1KC@PDECPKAN@?$AA?9?$AA?9?$AA?9?$AA?9?$AA?9?$AA?9?$AA?9?$AA?9?$AA?9?$AA?9?$AA?9?$AA?9?$AA?9?$AA?9?$AA?9?$AA?9?$AA?9?$AA?9?$AA?9?$AA?9?$AA?9?$AA?9?$AA?9?$AA?9?$AA?9?$AA?9?$AA?9?$AA?9?$AA?9?$AA?9?$AA?9?$AA?9@ 000000014001627e     dbg_.-runtime.o
 0002:00004320       ??_C@_1DM@HCILGOPA@?$AAF?$AAa?$AAi?$AAl?$AAe?$AAd?$AA?5?$AAt?$AAo?$AA?5?$AAc?$AAr?$AAe?$AAa?$AAt?$AAe?$AA?5?$AAt?$AAh?$AAr?$AAe?$AAa?$AAd?$AA?5?$AA?$CF?$AAl?$AAl?$AAd?$AA?6?$AA?$AA@ 0000000140016320     dbg_.-runtime.o
 0002:0000435c       ??_C@_1CE@FBEJGOMB@?$AAP?$AAr?$AAo?$AAg?$AAr?$AAa?$AAm?$AA?5?$AAf?$AAi?$AAn?$AAi?$AAs?$AAh?$AAe?$AAd?$AA?6?$AA?$AA@ 000000014001635c     dbg_.-runtime.o
 0002:00004380       ??_C@_1EK@FDFELEEK@?$AAR?$AAe?$AAs?$AAu?$AAl?$AAt?$AA?5?$AAp?$AAr?$AAo?$AAm?$AAi?$AAs?$AAe?$AA?5?$AAn?$AAo?$AAt?$AA?5?$AAf?$AAo?$AAu?$AAn?$AAd?$AA?5?$AAo?$AAn?$AA?5?$AAm?$AAa?$AAc?$AAh@ 0000000140016380     dbg_.-runtime.o
 0002:000043ca       ??_C@_1DO@BFPIHEIA@?$AAP?$AAr?$AAo?$AAg?$AAr?$AAa?$AAm?$AA?5?$AAe?$AAx?$AAi?$AAt?$AAe?$AAd?$AA?5?$AAw?$AAi?$AAt?$AAh?$AA?5?$AAc?$AAo?$AAd?$AAe?$AA?5?$AA?$CF?$AAl?$AAl?$AAx?$AA?6?$AA?$AA@ 00000001400163ca     dbg_.-runtime.o
 0002:00004408       ??_C@_1CK@DKIDNDNE@?$AAP?$AAr?$AAe?$AAs?$AAs?$AA?5?$AAC?$AAt?$AAr?$AAl?$AA?$CL?$AAC?$AA?5?$AAt?$AAo?$AA?5?$AAe?$AAn?$AAd?$AA?6?$AA?$AA@ 0000000140016408     dbg_.-runtime.o
 0002:00004432       ??_C@_1GO@CEANDIOF@?$AAR?$AAe?$AAs?$AAu?$AAl?$AAt?$AA?5?$AAo?$AAf?$AA?5?$AAm?$AAa?$AAi?$AAn?$AA?5?$AAf?$AAu?$AAn?$AAc?$AAt?$AAi?$AAo?$AAn?$AA?5?$AAi?$AAs?$AAn?$AA?8?$AAt?$AA?5?$AAr?$AAe@ 0000000140016432     dbg_.-runtime.o
 0002:000044a0       RtlNtPathSeperatorString   00000001400164a0     ws2_32:indef.obj
 0002:000044b0       ??_C@_13FPGAJAPJ@?$AA?2@   00000001400164b0     ws2_32:indef.obj
 0002:000044b8       RtlDosPathSeperatorsString 00000001400164b8     ws2_32:indef.obj
 0002:000044c8       ??_C@_15MNCACJLI@?$AA?2?$AA?1@ 00000001400164c8     ws2_32:indef.obj
 0002:000044d0       RtlAlternateDosPathSeperatorString 00000001400164d0     ws2_32:indef.obj
 0002:000044e0       ??_C@_13CGOKJPIL@?$AA?1@   00000001400164e0     ws2_32:indef.obj
 0002:000044e4       eui48_broadcast            00000001400164e4     ws2_32:indef.obj
 0002:00004560       scopeid_unspecified        0000000140016560     ws2_32:indef.obj
 0002:00004564       in4addr_any                0000000140016564     ws2_32:indef.obj
 0002:00004568       in4addr_loopback           0000000140016568     ws2_32:indef.obj
 0002:0000456c       in4addr_broadcast          000000014001656c     ws2_32:indef.obj
 0002:00004570       in4addr_allnodesonlink     0000000140016570     ws2_32:indef.obj
 0002:00004574       in4addr_allroutersonlink   0000000140016574     ws2_32:indef.obj
 0002:00004578       in4addr_alligmpv3routersonlink 0000000140016578     ws2_32:indef.obj
 0002:0000457c       in4addr_allteredohostsonlink 000000014001657c     ws2_32:indef.obj
 0002:00004580       in4addr_linklocalprefix    0000000140016580     ws2_32:indef.obj
 0002:00004584       in4addr_multicastprefix    0000000140016584     ws2_32:indef.obj
 0002:00004588       in6addr_any                0000000140016588     ws2_32:indef.obj
 0002:00004598       in6addr_loopback           0000000140016598     ws2_32:indef.obj
 0002:000045a8       in6addr_allnodesonnode     00000001400165a8     ws2_32:indef.obj
 0002:000045b8       in6addr_allnodesonlink     00000001400165b8     ws2_32:indef.obj
 0002:000045c8       in6addr_allroutersonlink   00000001400165c8     ws2_32:indef.obj
 0002:000045d8       in6addr_allmldv2routersonlink 00000001400165d8     ws2_32:indef.obj
 0002:000045e8       in6addr_teredoinitiallinklocaladdress 00000001400165e8     ws2_32:indef.obj
 0002:000045f8       in6addr_linklocalprefix    00000001400165f8     ws2_32:indef.obj
 0002:00004608       in6addr_multicastprefix    0000000140016608     ws2_32:indef.obj
 0002:00004618       in6addr_solicitednodemulticastprefix 0000000140016618     ws2_32:indef.obj
 0002:00004628       in6addr_v4mappedprefix     0000000140016628     ws2_32:indef.obj
 0002:00004638       in6addr_6to4prefix         0000000140016638     ws2_32:indef.obj
 0002:00004648       in6addr_teredoprefix       0000000140016648     ws2_32:indef.obj
 0002:00004658       in6addr_teredoprefix_old   0000000140016658     ws2_32:indef.obj
 0002:00004678       BUGCHECK_EFI_GUID          0000000140016678     ws2_32:indef.obj
 0002:000049d0       __imp_CommandLineToArgvW   00000001400169d0     shell32:SHELL32.dll
 0002:000049e0       __imp_AcquireSRWLockExclusive 00000001400169e0     kernel32:KERNEL32.dll
 0002:000049e8       __imp_AcquireSRWLockShared 00000001400169e8     kernel32:KERNEL32.dll
 0002:000049f0       __imp_CloseHandle          00000001400169f0     kernel32:KERNEL32.dll
 0002:000049f8       __imp_CreateFileW          00000001400169f8     kernel32:KERNEL32.dll
 0002:00004a00       __imp_CreateIoCompletionPort 0000000140016a00     kernel32:KERNEL32.dll
 0002:00004a08       __imp_CreateThread         0000000140016a08     kernel32:KERNEL32.dll
 0002:00004a10       __imp_ExitProcess          0000000140016a10     kernel32:KERNEL32.dll
 0002:00004a18       __imp_FormatMessageW       0000000140016a18     kernel32:KERNEL32.dll
 0002:00004a20       __imp_GetCommandLineW      0000000140016a20     kernel32:KERNEL32.dll
 0002:00004a28       __imp_GetConsoleMode       0000000140016a28     kernel32:KERNEL32.dll
 0002:00004a30       __imp_GetFileSizeEx        0000000140016a30     kernel32:KERNEL32.dll
 0002:00004a38       __imp_GetLastError         0000000140016a38     kernel32:KERNEL32.dll
 0002:00004a40       __imp_GetProcAddress       0000000140016a40     kernel32:KERNEL32.dll
 0002:00004a48       __imp_GetProcessHeap       0000000140016a48     kernel32:KERNEL32.dll
 0002:00004a50       __imp_GetQueuedCompletionStatus 0000000140016a50     kernel32:KERNEL32.dll
 0002:00004a58       __imp_GetStdHandle         0000000140016a58     kernel32:KERNEL32.dll
 0002:00004a60       __imp_HeapAlloc            0000000140016a60     kernel32:KERNEL32.dll
 0002:00004a68       __imp_HeapFree             0000000140016a68     kernel32:KERNEL32.dll
 0002:00004a70       __imp_HeapReAlloc          0000000140016a70     kernel32:KERNEL32.dll
 0002:00004a78       __imp_LoadLibraryA         0000000140016a78     kernel32:KERNEL32.dll
 0002:00004a80       __imp_MultiByteToWideChar  0000000140016a80     kernel32:KERNEL32.dll
 0002:00004a88       __imp_QueryPerformanceCounter 0000000140016a88     kernel32:KERNEL32.dll
 0002:00004a90       __imp_QueryPerformanceFrequency 0000000140016a90     kernel32:KERNEL32.dll
 0002:00004a98       __imp_ReadConsoleW         0000000140016a98     kernel32:KERNEL32.dll
 0002:00004aa0       __imp_ReadFile             0000000140016aa0     kernel32:KERNEL32.dll
 0002:00004aa8       __imp_ReleaseSRWLockExclusive 0000000140016aa8     kernel32:KERNEL32.dll
 0002:00004ab0       __imp_ReleaseSRWLockShared 0000000140016ab0     kernel32:KERNEL32.dll
 0002:00004ab8       __imp_Sleep                0000000140016ab8     kernel32:KERNEL32.dll
 0002:00004ac0       __imp_TlsAlloc             0000000140016ac0     kernel32:KERNEL32.dll
 0002:00004ac8       __imp_TlsFree              0000000140016ac8     kernel32:KERNEL32.dll
 0002:00004ad0       __imp_TlsGetValue          0000000140016ad0     kernel32:KERNEL32.dll
 0002:00004ad8       __imp_TlsSetValue          0000000140016ad8     kernel32:KERNEL32.dll
 0002:00004ae0       __imp_TryAcquireSRWLockExclusive 0000000140016ae0     kernel32:KERNEL32.dll
 0002:00004ae8       __imp_VirtualAlloc         0000000140016ae8     kernel32:KERNEL32.dll
 0002:00004af0       __imp_WaitForMultipleObjects 0000000140016af0     kernel32:KERNEL32.dll
 0002:00004af8       __imp_WriteConsoleW        0000000140016af8     kernel32:KERNEL32.dll
 0002:00004b08       __imp_BCryptGenRandom      0000000140016b08     bcrypt:bcrypt.dll
 0002:00004b18       __imp_WSAGetLastError      0000000140016b18     ws2_32:WS2_32.dll
 0002:00004b20       __imp_WSARecv              0000000140016b20     ws2_32:WS2_32.dll
 0002:00004b28       __imp_WSAStartup           0000000140016b28     ws2_32:WS2_32.dll
 0002:00004b30       __imp_accept               0000000140016b30     ws2_32:WS2_32.dll
 0002:00004b38       __imp_bind                 0000000140016b38     ws2_32:WS2_32.dll
 0002:00004b40       __imp_closesocket          0000000140016b40     ws2_32:WS2_32.dll
 0002:00004b48       __imp_connect              0000000140016b48     ws2_32:WS2_32.dll
 0002:00004b50       __imp_freeaddrinfo         0000000140016b50     ws2_32:WS2_32.dll
 0002:00004b58       __imp_getaddrinfo          0000000140016b58     ws2_32:WS2_32.dll
 0002:00004b60       __imp_getpeername          0000000140016b60     ws2_32:WS2_32.dll
 0002:00004b68       __imp_getsockname          0000000140016b68     ws2_32:WS2_32.dll
 0002:00004b70       __imp_htons                0000000140016b70     ws2_32:WS2_32.dll
 0002:00004b78       __imp_inet_ntop            0000000140016b78     ws2_32:WS2_32.dll
 0002:00004b80       __imp_listen               0000000140016b80     ws2_32:WS2_32.dll
 0002:00004b88       __imp_ntohs                0000000140016b88     ws2_32:WS2_32.dll
 0002:00004b90       __imp_send                 0000000140016b90     ws2_32:WS2_32.dll
 0002:00004b98       __imp_setsockopt           0000000140016b98     ws2_32:WS2_32.dll
 0002:00004ba0       __imp_socket               0000000140016ba0     ws2_32:WS2_32.dll
 0002:00004bb0       __imp_clBuildProgram       0000000140016bb0     OpenCL:OpenCL.dll
 0002:00004bb8       __imp_clCreateBuffer       0000000140016bb8     OpenCL:OpenCL.dll
 0002:00004bc0       __imp_clCreateCommandQueueWithProperties 0000000140016bc0     OpenCL:OpenCL.dll
 0002:00004bc8       __imp_clCreateContext      0000000140016bc8     OpenCL:OpenCL.dll
 0002:00004bd0       __imp_clCreateKernel       0000000140016bd0     OpenCL:OpenCL.dll
 0002:00004bd8       __imp_clCreateProgramWithSource 0000000140016bd8     OpenCL:OpenCL.dll
 0002:00004be0       __imp_clEnqueueNDRangeKernel 0000000140016be0     OpenCL:OpenCL.dll
 0002:00004be8       __imp_clEnqueueReadBuffer  0000000140016be8     OpenCL:OpenCL.dll
 0002:00004bf0       __imp_clEnqueueWriteBuffer 0000000140016bf0     OpenCL:OpenCL.dll
 0002:00004bf8       __imp_clFinish             0000000140016bf8     OpenCL:OpenCL.dll
 0002:00004c00       __imp_clGetDeviceIDs       0000000140016c00     OpenCL:OpenCL.dll
 0002:00004c08       __imp_clGetDeviceInfo      0000000140016c08     OpenCL:OpenCL.dll
 0002:00004c10       __imp_clGetKernelArgInfo   0000000140016c10     OpenCL:OpenCL.dll
 0002:00004c18       __imp_clGetPlatformIDs     0000000140016c18     OpenCL:OpenCL.dll
 0002:00004c20       __imp_clGetPlatformInfo    0000000140016c20     OpenCL:OpenCL.dll
 0002:00004c28       __imp_clGetProgramBuildInfo 0000000140016c28     OpenCL:OpenCL.dll
 0002:00004c30       __imp_clSetKernelArg       0000000140016c30     OpenCL:OpenCL.dll
 0003:00000000       server_port                0000000140018000     dbg_.-remote.o
 0003:00000008       thisServerId               0000000140018008     dbg_.-remote.o
 0003:00000010       NUM_THREADS                0000000140018010     dbg_.-runtime.o
 0003:00000020       Providers                  0000000140018020     dbg_.-runtime.o
 0003:00000080       AddressFamilyInformation   0000000140018080     ws2_32:indef.obj
 0003:000000b0       connections_lock           00000001400180b0     dbg_.-api.o
 0003:000000b8       connections_len            00000001400180b8     dbg_.-api.o
 0003:000000c0       pages_lock                 00000001400180c0     dbg_.-api.o
 0003:000000c8       pages_len                  00000001400180c8     dbg_.-api.o
 0003:000000d0       known_id_broadcasts        00000001400180d0     dbg_.-api.o
 0003:000000f0       known_page_broadcasts      00000001400180f0     dbg_.-api.o
 0003:00000110       known_path_broadcasts      0000000140018110     dbg_.-api.o
 0003:00000130       known_path_id_broadcasts   0000000140018130     dbg_.-api.o
 0003:00000150       local_objects              0000000140018150     dbg_.-api.o
 0003:00000170       known_objects              0000000140018170     dbg_.-api.o
 0003:00000190       query_requests             0000000140018190     dbg_.-api.o
 0003:000001b0       push_requests              00000001400181b0     dbg_.-api.o
 0003:000001d0       known_hives                00000001400181d0     dbg_.-api.o
 0003:000001f0       connections                00000001400181f0     dbg_.-api.o
 0003:000021f0       pages                      000000014001a1f0     dbg_.-api.o
 0003:00002df0       SL_best_platform           000000014001adf0     dbg_.-gpu_subsystem.o
 0003:00002df4       SL_best_platform_value     000000014001adf4     dbg_.-gpu_subsystem.o
 0003:00002df8       SL_platforms_len           000000014001adf8     dbg_.-gpu_subsystem.o
 0003:00002e00       SL_platforms               000000014001ae00     dbg_.-gpu_subsystem.o
 0003:00002e80       SL_devices                 000000014001ae80     dbg_.-gpu_subsystem.o
 0003:00003280       SL_devices_len             000000014001b280     dbg_.-gpu_subsystem.o
 0003:000032c0       SL_main_platform           000000014001b2c0     dbg_.-gpu_subsystem.o
 0003:000032c8       SL_context                 000000014001b2c8     dbg_.-gpu_subsystem.o
 0003:000032d0       SL_queues                  000000014001b2d0     dbg_.-gpu_subsystem.o
 0003:000036d0       SL_queues_len              000000014001b6d0     dbg_.-gpu_subsystem.o
 0003:00003710       queues                     000000014001b710     dbg_.-queue.o
 0003:00003b10       queue_size                 000000014001bb10     dbg_.-queue.o
 0003:00003b20       ServerIdGetLock            000000014001bb20     dbg_.-remote.o
 0003:00003b28       next_local_id              000000014001bb28     dbg_.-remote.o
 0003:00003b30       hIOCP                      000000014001bb30     dbg_.-remote.o
 0003:00004350       hHeap                      000000014001c350     dbg_.-runtime_lib.o
 0003:00004358       hInput                     000000014001c358     dbg_.-runtime_lib.o
 0003:00004360       buf                        000000014001c360     dbg_.-runtime_lib.o
 0003:00014360       hOutput                    000000014002c360     dbg_.-runtime_lib.o
 0003:00014368       frequency                  000000014002c368     dbg_.-runtime_lib.o
 0003:00014370       Workers                    000000014002c370     dbg_.-runtime.o
 0003:00014ff0       wait_list_lock             000000014002cff0     dbg_.-runtime.o
 0003:00014ff8       wait_list_len              000000014002cff8     dbg_.-runtime.o
 0003:00015000       dwTlsIndex                 000000014002d000     dbg_.-runtime.o
 0003:00015010       wait_list                  000000014002d010     dbg_.-runtime.o
 0003:000d8510       defined_arrays             00000001400f0510     dbg_.-runtime.o
 0003:000d8518       ExPoolZeroingNativelySupported 00000001400f0518     ws2_32:indef.obj

 entry point at         0001:0000efd0

 Static symbols

 0001:00003250       GetKnownHiveHash           0000000140004250     dbg_.-api.o
 0001:000071c0       p                          00000001400081c0     dbg_.-queue.o
 0001:00009d90       Worker                     000000014000ad90     dbg_.-remote.o
 0001:0000a340       ConnectionListnerWorker    000000014000b340     dbg_.-remote.o
 0001:0000a560       PagesAllocator             000000014000b560     dbg_.-remote.o
 0001:0000a630       StateSender                000000014000b630     dbg_.-remote.o
 0001:0000a650       HandleApiCall              000000014000b650     dbg_.-remote.o
 0001:0000f6dc       .text                      00000001400106dc     asm_dbg.o
 0002:000044f0       IPSEC_AUTH_TRANSFORM_ID_HMAC_MD5_96 00000001400164f0     ws2_32:indef.obj
 0002:000044f8       IPSEC_AUTH_TRANSFORM_ID_HMAC_SHA_1_96 00000001400164f8     ws2_32:indef.obj
 0002:00004500       IPSEC_AUTH_TRANSFORM_ID_HMAC_SHA_256_128 0000000140016500     ws2_32:indef.obj
 0002:00004508       IPSEC_AUTH_TRANSFORM_ID_GCM_AES_128 0000000140016508     ws2_32:indef.obj
 0002:00004510       IPSEC_AUTH_TRANSFORM_ID_GCM_AES_192 0000000140016510     ws2_32:indef.obj
 0002:00004518       IPSEC_AUTH_TRANSFORM_ID_GCM_AES_256 0000000140016518     ws2_32:indef.obj
 0002:00004520       IPSEC_CIPHER_TRANSFORM_ID_CBC_DES 0000000140016520     ws2_32:indef.obj
 0002:00004528       IPSEC_CIPHER_TRANSFORM_ID_CBC_3DES 0000000140016528     ws2_32:indef.obj
 0002:00004530       IPSEC_CIPHER_TRANSFORM_ID_AES_128 0000000140016530     ws2_32:indef.obj
 0002:00004538       IPSEC_CIPHER_TRANSFORM_ID_AES_192 0000000140016538     ws2_32:indef.obj
 0002:00004540       IPSEC_CIPHER_TRANSFORM_ID_AES_256 0000000140016540     ws2_32:indef.obj
 0002:00004548       IPSEC_CIPHER_TRANSFORM_ID_GCM_AES_128 0000000140016548     ws2_32:indef.obj
 0002:00004550       IPSEC_CIPHER_TRANSFORM_ID_GCM_AES_192 0000000140016550     ws2_32:indef.obj
 0002:00004558       IPSEC_CIPHER_TRANSFORM_ID_GCM_AES_256 0000000140016558     ws2_32:indef.obj
 0002:00004668       BFE_GENERIC_MAPPING        0000000140016668     ws2_32:indef.obj
 0003:00003b40       gai_strerrorW.buff         000000014001bb40     dbg_.-remote.o
 0003:000d8519       WFP_TRACE_NULL_DATA        00000001400f0519     ws2_32:indef.obj
 0004:00000000       .data                      00000001400f1000     asm_dbg.o
