 d

 Timestamp is 697ed850 (Sun Feb  1 07:36:32 2026)

 Preferred load address is 0000000140000000

 Start         Length     Name                   Class
 0001:00000000 0000d24eH .text                   CODE
 0001:0000d24e 00001195H .text$mn                CODE
 0002:00000000 00003338H .rdata                  DATA
 0002:00003336 00000000H .edata                  DATA
 0002:00003338 00000164H .rdata$zzzdbg           DATA
 0003:00000000 00000970H .data                   DATA
 0003:00000970 00107bf6H .bss                    DATA
 0004:00000000 00000360H .idata$5                DATA
 0004:00000360 00000050H .idata$2                DATA
 0004:000003b0 00000018H .idata$3                DATA
 0004:000003c8 00000360H .idata$4                DATA
 0004:00000728 0000045cH .idata$6                DATA

  Address         Publics by Value              Rva+Base               Lib:Object

 0000:00000000       __AbsoluteZero             0000000000000000     <absolute>
 0000:00000000       ___safe_se_handler_count   0000000000000000     <absolute>
 0000:00000000       ___safe_se_handler_table   0000000000000000     <absolute>
 0000:00000000       __arm64x_extra_rfe_table   0000000000000000     <absolute>
 0000:00000000       __arm64x_extra_rfe_table_size 0000000000000000     <absolute>
 0000:00000000       __arm64x_native_entrypoint 0000000000000000     <absolute>
 0000:00000000       __arm64x_redirection_metadata 0000000000000000     <absolute>
 0000:00000000       __arm64x_redirection_metadata_count 0000000000000000     <absolute>
 0000:00000000       __dynamic_value_reloc_table 0000000000000000     <absolute>
 0000:00000000       __enclave_config           0000000000000000     <absolute>
 0000:00000000       __guard_check_icall_a64n_fptr 0000000000000000     <absolute>
 0000:00000000       __guard_eh_cont_count      0000000000000000     <absolute>
 0000:00000000       __guard_eh_cont_table      0000000000000000     <absolute>
 0000:00000000       __guard_fids_count         0000000000000000     <absolute>
 0000:00000000       __guard_fids_table         0000000000000000     <absolute>
 0000:00000000       __guard_iat_count          0000000000000000     <absolute>
 0000:00000000       __guard_iat_table          0000000000000000     <absolute>
 0000:00000000       __guard_longjmp_count      0000000000000000     <absolute>
 0000:00000000       __guard_longjmp_table      0000000000000000     <absolute>
 0000:00000000       __hybrid_auxiliary_delayload_iat 0000000000000000     <absolute>
 0000:00000000       __hybrid_auxiliary_delayload_iat_copy 0000000000000000     <absolute>
 0000:00000000       __hybrid_auxiliary_iat     0000000000000000     <absolute>
 0000:00000000       __hybrid_auxiliary_iat_copy 0000000000000000     <absolute>
 0000:00000000       __hybrid_code_map          0000000000000000     <absolute>
 0000:00000000       __hybrid_code_map_count    0000000000000000     <absolute>
 0000:00000000       __hybrid_image_info_bitfield 0000000000000000     <absolute>
 0000:00000000       __volatile_metadata        0000000000000000     <absolute>
 0000:00000000       __x64_code_ranges_to_entry_points 0000000000000000     <absolute>
 0000:00000000       __x64_code_ranges_to_entry_points_count 0000000000000000     <absolute>
 0000:00000100       __guard_flags              0000000000000100     <absolute>
 0001:000002f0       equal_bytes                00000001400012f0 f   api_dbg.o
 0001:00000380       GetHashtableNoLock         0000000140001380 f   api_dbg.o
 0001:000004b0       SetHashtableNoLock         00000001400014b0 f   api_dbg.o
 0001:000007b0       GetHashtable               00000001400017b0 f   api_dbg.o
 0001:00000810       SetHashtable               0000000140001810 f   api_dbg.o
 0001:00000860       InitInternalStructures     0000000140001860 f   api_dbg.o
 0001:00000dd0       PauseWorker                0000000140001dd0 f   await_worker_dbg.o
 0001:00000ec0       RegisterObjectWithId       0000000140001ec0 f   new_object_dbg.o
 0001:00000ef0       NewObjectUsingPage         0000000140001ef0 f   new_object_dbg.o
 0001:00001360       GetNewObjectId             0000000140002360 f   new_object_dbg.o
 0001:00001450       NewObject                  0000000140002450 f   new_object_dbg.o
 0001:000016e0       UpdateLocalPush            00000001400026e0 f   push_object_dbg.o
 0001:000017b0       PushObject                 00000001400027b0 f   push_object_dbg.o
 0001:00001a20       PushPipe                   0000000140002a20 f   push_object_dbg.o
 0001:00001b40       UpdateFromQueryResult      0000000140002b40 f   query_object_dbg.o
 0001:00001bc0       QueryLocalObject           0000000140002bc0 f   query_object_dbg.o
 0001:00001d20       QueryObject                0000000140002d20 f   query_object_dbg.o
 0001:00001f30       QueryPipe                  0000000140002f30 f   query_object_dbg.o
 0001:00002080       GetConnectionById          0000000140003080 f   remote_dbg.o
 0001:00002110       DumpConnections            0000000140003110 f   remote_dbg.o
 0001:00002460       ConfirmPage                0000000140003460 f   remote_dbg.o
 0001:00002500       ConfirmID                  0000000140003500 f   remote_dbg.o
 0001:00002550       HandleNewConnection        0000000140003550 f   remote_dbg.o
 0001:00002730       UpdateWaitingPush          0000000140003730 f   remote_dbg.o
 0001:000029b0       AnswerPushObject           00000001400039b0 f   remote_dbg.o
 0001:00002a90       SendPageAllocationConfirm  0000000140003a90 f   remote_dbg.o
 0001:00002b20       SendIDConfirm              0000000140003b20 f   remote_dbg.o
 0001:00002bb0       RedirectBroadcastQuery     0000000140003bb0 f   remote_dbg.o
 0001:00002d30       RedirectBroadcastIDQuery   0000000140003d30 f   remote_dbg.o
 0001:00002eb0       ConfirmConnection          0000000140003eb0 f   remote_dbg.o
 0001:00003060       InitiateConnection         0000000140004060 f   remote_dbg.o
 0001:000033d0       RequestMemoryPage          00000001400043d0 f   remote_dbg.o
 0001:000034e0       RequestServerId            00000001400044e0 f   remote_dbg.o
 0001:000035f0       AnswerQueryObject          00000001400045f0 f   remote_dbg.o
 0001:00003730       AnswerRequestObjectPath    0000000140004730 f   remote_dbg.o
 0001:00003870       RequestObjectPathBroadcast 0000000140004870 f   remote_dbg.o
 0001:00003a90       AnswerRequestPathToID      0000000140004a90 f   remote_dbg.o
 0001:00003bd0       RequestPathToIDBroadcast   0000000140004bd0 f   remote_dbg.o
 0001:00003df0       RequestObjectGet           0000000140004df0 f   remote_dbg.o
 0001:00003f10       RequestObjectSet           0000000140004f10 f   remote_dbg.o
 0001:00004110       StartNewWorkerRemote       0000000140005110 f   remote_dbg.o
 0001:00004240       SendHiveState              0000000140005240 f   remote_dbg.o
 0001:00004400       start_remote_subsystem     0000000140005400 f   remote_dbg.o
 0001:00008020       gai_strerrorW              0000000140009020 f i remote_dbg.o
 0001:00008080       memset                     0000000140009080 f   runtime_lib_dbg.o
 0001:000080e0       memcpy                     00000001400090e0 f   runtime_lib_dbg.o
 0001:00008150       myMalloc                   0000000140009150 f   runtime_lib_dbg.o
 0001:000081a0       myPrintf                   00000001400091a0 f   runtime_lib_dbg.o
 0001:000084d0       myFree                     00000001400094d0 f   runtime_lib_dbg.o
 0001:00008510       myAtoll                    0000000140009510 f   runtime_lib_dbg.o
 0001:00008650       get_char                   0000000140009650 f   runtime_lib_dbg.o
 0001:00008730       myScanI64                  0000000140009730 f   runtime_lib_dbg.o
 0001:000087c0       myScanS                    00000001400097c0 f   runtime_lib_dbg.o
 0001:000088c0       PrintI64                   00000001400098c0 f   runtime_lib_dbg.o
 0001:00008990       PrintI64H                  0000000140009990 f   runtime_lib_dbg.o
 0001:00008a30       Print2H                    0000000140009a30 f   runtime_lib_dbg.o
 0001:00008ad0       assertion_failure          0000000140009ad0 f   runtime_lib_dbg.o
 0001:00008b20       myAbs                      0000000140009b20 f   runtime_lib_dbg.o
 0001:00008b50       MicrosecondsToTicks        0000000140009b50 f   runtime_lib_dbg.o
 0001:00008b70       TicksToMicroseconds        0000000140009b70 f   runtime_lib_dbg.o
 0001:00008b90       GetTicks                   0000000140009b90 f   runtime_lib_dbg.o
 0001:00008bb0       SheduleTimeoutFromNow      0000000140009bb0 f   runtime_lib_dbg.o
 0001:00008bf0       init_lib                   0000000140009bf0 f   runtime_lib_dbg.o
 0001:00008f30       PrintObject                0000000140009f30 f   runtime_dbg.o
 0001:00009130       WaitListWorker             000000014000a130 f   runtime_dbg.o
 0001:00009230       EnqueueWorkerFromWaitList  000000014000a230 f   runtime_dbg.o
 0001:000092c0       EnqueueWorker              000000014000a2c0 f   runtime_dbg.o
 0001:00009330       UpdateWaitingWorkers       000000014000a330 f   runtime_dbg.o
 0001:00009700       SheduleWorker              000000014000a700 f   runtime_dbg.o
 0001:00009c20       StartNewWorker             000000014000ac20 f   runtime_dbg.o
 0001:00009f60       CallObject                 000000014000af60 f   runtime_dbg.o
 0001:0000a020       LoadWorker                 000000014000b020 f   runtime_dbg.o
 0001:0000ab30       ShedulerInstance           000000014000bb30 f   runtime_dbg.o
 0001:0000ab90       entry                      000000014000bb90 f   runtime_dbg.o
 0001:0000bba0       fastPushObject             000000014000cba0     asm_dbg.o
 0001:0000bc87       fastPushPipe               000000014000cc87     asm_dbg.o
 0001:0000bd08       fastQueryObject            000000014000cd08     asm_dbg.o
 0001:0000bdf2       fastQueryPipe              000000014000cdf2     asm_dbg.o
 0001:0000be76       fastNewObject              000000014000ce76     asm_dbg.o
 0001:0000beef       fastCallObject             000000014000ceef     asm_dbg.o
 0001:0000bf25       ExecuteWorker              000000014000cf25     asm_dbg.o
 0001:0000bf6c       setjmpUN                   000000014000cf6c     asm_dbg.o
 0001:0000bf9f       longjmpUN                  000000014000cf9f     asm_dbg.o
 0001:0000bfc8       DllCall                    000000014000cfc8     asm_dbg.o
 0001:0000d24e       CommandLineToArgvW         000000014000e24e f   shell32:SHELL32.dll
 0001:0000d254       AcquireSRWLockShared       000000014000e254 f   kernel32:KERNEL32.dll
 0001:0000d25a       ReleaseSRWLockShared       000000014000e25a f   kernel32:KERNEL32.dll
 0001:0000d260       AcquireSRWLockExclusive    000000014000e260 f   kernel32:KERNEL32.dll
 0001:0000d266       ReleaseSRWLockExclusive    000000014000e266 f   kernel32:KERNEL32.dll
 0001:0000d26c       TlsGetValue                000000014000e26c f   kernel32:KERNEL32.dll
 0001:0000d272       ExitProcess                000000014000e272 f   kernel32:KERNEL32.dll
 0001:0000d278       CreateIoCompletionPort     000000014000e278 f   kernel32:KERNEL32.dll
 0001:0000d27e       GetLastError               000000014000e27e f   kernel32:KERNEL32.dll
 0001:0000d284       FormatMessageW             000000014000e284 f   kernel32:KERNEL32.dll
 0001:0000d28a       CreateThread               000000014000e28a f   kernel32:KERNEL32.dll
 0001:0000d290       Sleep                      000000014000e290 f   kernel32:KERNEL32.dll
 0001:0000d296       TryAcquireSRWLockExclusive 000000014000e296 f   kernel32:KERNEL32.dll
 0001:0000d29c       GetQueuedCompletionStatus  000000014000e29c f   kernel32:KERNEL32.dll
 0001:0000d2a2       HeapAlloc                  000000014000e2a2 f   kernel32:KERNEL32.dll
 0001:0000d2a8       MultiByteToWideChar        000000014000e2a8 f   kernel32:KERNEL32.dll
 0001:0000d2ae       WriteConsoleW              000000014000e2ae f   kernel32:KERNEL32.dll
 0001:0000d2b4       HeapFree                   000000014000e2b4 f   kernel32:KERNEL32.dll
 0001:0000d2ba       GetConsoleMode             000000014000e2ba f   kernel32:KERNEL32.dll
 0001:0000d2c0       ReadConsoleW               000000014000e2c0 f   kernel32:KERNEL32.dll
 0001:0000d2c6       ReadFile                   000000014000e2c6 f   kernel32:KERNEL32.dll
 0001:0000d2cc       QueryPerformanceCounter    000000014000e2cc f   kernel32:KERNEL32.dll
 0001:0000d2d2       QueryPerformanceFrequency  000000014000e2d2 f   kernel32:KERNEL32.dll
 0001:0000d2d8       GetStdHandle               000000014000e2d8 f   kernel32:KERNEL32.dll
 0001:0000d2de       GetProcessHeap             000000014000e2de f   kernel32:KERNEL32.dll
 0001:0000d2e4       VirtualAlloc               000000014000e2e4 f   kernel32:KERNEL32.dll
 0001:0000d2ea       LoadLibraryA               000000014000e2ea f   kernel32:KERNEL32.dll
 0001:0000d2f0       GetProcAddress             000000014000e2f0 f   kernel32:KERNEL32.dll
 0001:0000d2f6       TlsSetValue                000000014000e2f6 f   kernel32:KERNEL32.dll
 0001:0000d2fc       TlsAlloc                   000000014000e2fc f   kernel32:KERNEL32.dll
 0001:0000d302       CreateFileW                000000014000e302 f   kernel32:KERNEL32.dll
 0001:0000d308       GetFileSizeEx              000000014000e308 f   kernel32:KERNEL32.dll
 0001:0000d30e       CloseHandle                000000014000e30e f   kernel32:KERNEL32.dll
 0001:0000d314       GetCommandLineW            000000014000e314 f   kernel32:KERNEL32.dll
 0001:0000d31a       WaitForMultipleObjects     000000014000e31a f   kernel32:KERNEL32.dll
 0001:0000d320       TlsFree                    000000014000e320 f   kernel32:KERNEL32.dll
 0001:0000d326       BCryptGenRandom            000000014000e326 f   bcrypt:bcrypt.dll
 0001:0000d32c       getpeername                000000014000e32c f   ws2_32:WS2_32.dll
 0001:0000d332       inet_ntop                  000000014000e332 f   ws2_32:WS2_32.dll
 0001:0000d338       ntohs                      000000014000e338 f   ws2_32:WS2_32.dll
 0001:0000d33e       WSARecv                    000000014000e33e f   ws2_32:WS2_32.dll
 0001:0000d344       send                       000000014000e344 f   ws2_32:WS2_32.dll
 0001:0000d34a       socket                     000000014000e34a f   ws2_32:WS2_32.dll
 0001:0000d350       connect                    000000014000e350 f   ws2_32:WS2_32.dll
 0001:0000d356       closesocket                000000014000e356 f   ws2_32:WS2_32.dll
 0001:0000d35c       getaddrinfo                000000014000e35c f   ws2_32:WS2_32.dll
 0001:0000d362       freeaddrinfo               000000014000e362 f   ws2_32:WS2_32.dll
 0001:0000d368       WSAStartup                 000000014000e368 f   ws2_32:WS2_32.dll
 0001:0000d36e       setsockopt                 000000014000e36e f   ws2_32:WS2_32.dll
 0001:0000d374       htons                      000000014000e374 f   ws2_32:WS2_32.dll
 0001:0000d37a       bind                       000000014000e37a f   ws2_32:WS2_32.dll
 0001:0000d380       getsockname                000000014000e380 f   ws2_32:WS2_32.dll
 0001:0000d386       listen                     000000014000e386 f   ws2_32:WS2_32.dll
 0001:0000d38c       accept                     000000014000e38c f   ws2_32:WS2_32.dll
 0002:00000000       ??_C@_1EC@FMMFNKHC@?$AAP?$AAa?$AAu?$AAs?$AAe?$AAd?$AA?5?$AAw?$AAo?$AAr?$AAk?$AAe?$AAr?$AA?5?$AA?$CF?$AAl?$AAl?$AAd?$AA?5?$AA?$FL?$AAc?$AAa?$AAu?$AAs?$AAe?$AA?5?$AA?$CF?$AAl?$AAl?$AAd?$AA?$FN?$AA?6@ 0000000140010000     await_worker_dbg.o
 0002:00000068       ??_C@_1DM@CKKHLHMJ@?$AAP?$AAi?$AAp?$AAe?$AA?5?$AAf?$AAo?$AAr?$AA?5?$AAs?$AAi?$AAz?$AAe?$AA?5?$AA?$CF?$AAl?$AAl?$AAd?$AA?5?$AAa?$AAl?$AAl?$AAo?$AAc?$AAa?$AAt?$AAe?$AAd?$AA?6?$AA?$AA@ 0000000140010068     new_object_dbg.o
 0002:000000b0       ??_C@_1BG@HIIBALHG@?$AA?$FL?$AAi?$AAd?$AA?$DN?$AA?$CF?$AAl?$AAl?$AAx?$AA?$FN?$AA?6?$AA?$AA@ 00000001400100b0     new_object_dbg.o
 0002:000000ca       ??_C@_1GK@LJBKHIKD@?$AAA?$AAr?$AAr?$AAa?$AAy?$AA?5?$AAo?$AAf?$AA?5?$AA?$CF?$AAl?$AAl?$AAd?$AA?5?$AAb?$AAy?$AAt?$AAe?$AAs?$AA?0?$AA?5?$AAe?$AAl?$AAe?$AAm?$AAe?$AAn?$AAt?$AA?5?$AAo?$AAf?$AA?5@ 00000001400100ca     new_object_dbg.o
 0002:0000014a       ??_C@_1EC@IBADEGPM@?$AAP?$AAr?$AAo?$AAm?$AAi?$AAs?$AAe?$AA?5?$AAf?$AAo?$AAr?$AA?5?$AAs?$AAi?$AAz?$AAe?$AA?5?$AA?$CF?$AAl?$AAl?$AAd?$AA?5?$AAa?$AAl?$AAl?$AAo?$AAc?$AAa?$AAt?$AAe?$AAd?$AA?6@ 000000014001014a     new_object_dbg.o
 0002:0000019a       ??_C@_1DO@OEOJCPLG@?$AAC?$AAl?$AAa?$AAs?$AAs?$AA?5?$AAf?$AAo?$AAr?$AA?5?$AAs?$AAi?$AAz?$AAe?$AA?5?$AA?$CF?$AAl?$AAl?$AAd?$AA?5?$AAa?$AAl?$AAl?$AAo?$AAc?$AAa?$AAt?$AAe?$AAd?$AA?6?$AA?$AA@ 000000014001019a     new_object_dbg.o
 0002:000001e4       ??_C@_1EO@GECEJMLH@?$AAD?$AAe?$AAf?$AAi?$AAn?$AAe?$AAd?$AA?5?$AAa?$AAr?$AAr?$AAa?$AAy?$AA?5?$AAf?$AAo?$AAr?$AA?5?$AAs?$AAi?$AAz?$AAe?$AA?5?$AA?$CF?$AAl?$AAl?$AAd?$AA?5?$AAa?$AAl?$AAl?$AAo@ 00000001400101e4     new_object_dbg.o
 0002:00000242       ??_C@_1M@FHJLFHFE@?$AA?5?$AA?$CF?$AA0?$AA2?$AAx?$AA?$AA@ 0000000140010242     new_object_dbg.o
 0002:00000250       ??_C@_13LBAGMAIH@?$AA?6?$AA?$AA@ 0000000140010250     new_object_dbg.o
 0002:00000254       ??_C@_1DC@NBDPBMKB@?$AAW?$AAr?$AAo?$AAn?$AAg?$AA?5?$AAt?$AAy?$AAp?$AAe?$AA?5?$AAi?$AAn?$AA?5?$AAN?$AAe?$AAw?$AAO?$AAb?$AAj?$AAe?$AAc?$AAt?$AA?6?$AA?$AA@ 0000000140010254     new_object_dbg.o
 0002:000002b6       ??_C@_1CG@FCDGDINM@?$AAp?$AAu?$AAs?$AAh?$AA?5?$AAt?$AAo?$AA?5?$AAp?$AAi?$AAp?$AAe?$AA?5?$AA?$CF?$AAl?$AAl?$AAd?$AA?6?$AA?$AA@ 00000001400102b6     push_object_dbg.o
 0002:000002e4       ??_C@_1CG@NFAKFIFJ@?$AAQ?$AAu?$AAe?$AAr?$AAy?$AA?5?$AAo?$AAb?$AAj?$AAe?$AAc?$AAt?$AA?5?$AA?$CF?$AAl?$AAl?$AAd?$AA?6?$AA?$AA@ 00000001400102e4     query_object_dbg.o
 0002:00000312       ??_C@_1CM@JHEDMDLC@?$AAq?$AAu?$AAe?$AAr?$AAy?$AA?5?$AAf?$AAr?$AAo?$AAm?$AA?5?$AAp?$AAi?$AAp?$AAe?$AA?5?$AA?$CF?$AAl?$AAl?$AAd?$AA?6?$AA?$AA@ 0000000140010312     query_object_dbg.o
 0002:00000346       ??_C@_1DO@NMNBJACC@?$AA?9?$AA?9?$AA?9?$AA?9?$AA?9?$AA?5?$AAt?$AAo?$AAt?$AAa?$AAl?$AA?5?$AA?$CF?$AAl?$AAl?$AAd?$AA?5?$AAc?$AAo?$AAn?$AAn?$AAe?$AAc?$AAt?$AAi?$AAo?$AAn?$AAs?$AA?3?$AA?6?$AA?$AA@ 0000000140010346     remote_dbg.o
 0002:00000390       ??_C@_1EM@BPMELAJO@?$AA?9?$AAc?$AAo?$AAn?$AAn?$AAe?$AAc?$AAt?$AAi?$AAo?$AAn?$AA?5?$AA?$FL?$AA?$CF?$AAp?$AA?$FN?$AA?5?$AA?$CF?$AAl?$AAl?$AAd?$AA?3?$AA?5?$AAl?$AAo?$AAc?$AAa?$AAl?$AA_?$AAi?$AAd?$AA?$DN@ 0000000140010390     remote_dbg.o
 0002:000003ec       ??_C@_1DC@HEOFFPLC@?$AAo?$AAu?$AAt?$AAg?$AAo?$AAi?$AAn?$AAg?$AA?3?$AA?5?$AAN?$AAo?$AA?5?$AAc?$AAo?$AAn?$AAn?$AAe?$AAc?$AAt?$AAi?$AAo?$AAn?$AA?6?$AA?$AA@ 00000001400103ec     remote_dbg.o
 0002:00000428       ??_C@_1DG@HNEHLNLB@?$AAo?$AAu?$AAt?$AAg?$AAo?$AAi?$AAn?$AAg?$AA?3?$AA?5?$AAI?$AAP?$AA?$DN?$AA?$CF?$AAs?$AA?5?$AAP?$AAO?$AAR?$AAT?$AA?$DN?$AA?$CF?$AAl?$AAl?$AAd?$AA?6?$AA?$AA@ 0000000140010428     remote_dbg.o
 0002:00000468       ??_C@_1DI@OKINGPOA@?$AAo?$AAu?$AAt?$AAg?$AAo?$AAi?$AAn?$AAg?$AA?3?$AA?5?$AA?5?$AAI?$AAP?$AA?$DN?$AA?$CF?$AAs?$AA?5?$AAP?$AAO?$AAR?$AAT?$AA?$DN?$AA?$CF?$AAl?$AAl?$AAd?$AA?6?$AA?$AA@ 0000000140010468     remote_dbg.o
 0002:000004ac       ??_C@_1CM@KOFOMBCP@?$AAo?$AAu?$AAt?$AAg?$AAo?$AAi?$AAn?$AAg?$AA?3?$AA?5?$AA?5?$AAC?$AAo?$AAr?$AAr?$AAu?$AAp?$AAt?$AAe?$AAd?$AA?6?$AA?$AA@ 00000001400104ac     remote_dbg.o
 0002:000004e0       ??_C@_1DC@OBBDDNNB@?$AAi?$AAn?$AAc?$AAo?$AAm?$AAi?$AAn?$AAg?$AA?3?$AA?5?$AAN?$AAo?$AA?5?$AAc?$AAo?$AAn?$AAn?$AAe?$AAc?$AAt?$AAi?$AAo?$AAn?$AA?6?$AA?$AA@ 00000001400104e0     remote_dbg.o
 0002:0000051c       ??_C@_1DG@NNAENLOC@?$AAi?$AAn?$AAc?$AAo?$AAm?$AAi?$AAn?$AAg?$AA?3?$AA?5?$AAI?$AAP?$AA?$DN?$AA?$CF?$AAs?$AA?5?$AAP?$AAO?$AAR?$AAT?$AA?$DN?$AA?$CF?$AAl?$AAl?$AAd?$AA?6?$AA?$AA@ 000000014001051c     remote_dbg.o
 0002:0000055c       ??_C@_1DI@NPMKAFFJ@?$AAi?$AAn?$AAc?$AAo?$AAm?$AAi?$AAn?$AAg?$AA?3?$AA?5?$AA?5?$AAI?$AAP?$AA?$DN?$AA?$CF?$AAs?$AA?5?$AAP?$AAO?$AAR?$AAT?$AA?$DN?$AA?$CF?$AAl?$AAl?$AAd?$AA?6?$AA?$AA@ 000000014001055c     remote_dbg.o
 0002:000005a0       ??_C@_1GA@HHMMHPKA@?$AA?$CB?$AA?$CB?$AA?$CB?$AA?$CB?$AA?$CB?$AA?5?$AA?$DO?$AA?$DO?$AA?$DO?$AA?$DO?$AA?$DO?$AA?$DO?$AA?5?$AAP?$AAa?$AAg?$AAe?$AA?5?$AAa?$AAl?$AAl?$AAo?$AAc?$AAa?$AAt?$AAi?$AAo?$AAn?$AA?5?$AAi?$AAd?$AA?$DN@ 00000001400105a0     remote_dbg.o
 0002:00000614       ??_C@_1DE@OFJFJIIH@?$AAS?$AAe?$AAr?$AAv?$AAe?$AAr?$AA?5?$AAi?$AAd?$AA?$DN?$AA?$CF?$AAl?$AAl?$AAd?$AA?5?$AAc?$AAo?$AAn?$AAf?$AAi?$AAr?$AAm?$AAe?$AAd?$AA?6?$AA?$AA@ 0000000140010614     remote_dbg.o
 0002:00000652       ??_C@_1CE@HOGLDJAE@?$AAC?$AAl?$AAi?$AAe?$AAn?$AAt?$AA?5?$AAc?$AAo?$AAn?$AAn?$AAe?$AAc?$AAt?$AAe?$AAd?$AA?6?$AA?$AA@ 0000000140010652     remote_dbg.o
 0002:0000067e       ??_C@_1GO@KIHGLMJK@?$AAS?$AAe?$AAn?$AAd?$AA?5?$AAc?$AAo?$AAn?$AAf?$AAi?$AAr?$AAm?$AAa?$AAt?$AAi?$AAo?$AAn?$AA?5?$AAo?$AAf?$AA?5?$AAp?$AAa?$AAg?$AAe?$AA?5?$AAa?$AAl?$AAl?$AAo?$AAc?$AAa@ 000000014001067e     remote_dbg.o
 0002:00000702       ??_C@_1FC@NJOMCOBI@?$AAR?$AAe?$AAd?$AAi?$AAr?$AAe?$AAc?$AAt?$AAi?$AAn?$AAg?$AA?5?$AAp?$AAa?$AAg?$AAe?$AA?5?$AAq?$AAu?$AAe?$AAr?$AAy?$AA?5?$AAt?$AAo?$AA?5?$AAl?$AAo?$AAc?$AAa?$AAl?$AA_@ 0000000140010702     remote_dbg.o
 0002:00000764       ??_C@_1EO@MLLDILKB@?$AAR?$AAe?$AAd?$AAi?$AAr?$AAe?$AAc?$AAt?$AAi?$AAn?$AAg?$AA?5?$AAi?$AAd?$AA?5?$AAq?$AAu?$AAe?$AAr?$AAy?$AA?5?$AAt?$AAo?$AA?5?$AAl?$AAo?$AAc?$AAa?$AAl?$AA_?$AAi?$AAd@ 0000000140010764     remote_dbg.o
 0002:000007c2       ??_C@_1DM@IBOIDFJO@?$AAs?$AAo?$AAc?$AAk?$AAe?$AAt?$AA?$CI?$AA?$CJ?$AA?5?$AAf?$AAa?$AAi?$AAl?$AAe?$AAd?$AA?5?$AA?$FL?$AAe?$AAr?$AAr?$AAo?$AAr?$AA?$DN?$AA?$CF?$AAl?$AAl?$AAd?$AA?$FN?$AA?6?$AA?$AA@ 00000001400107c2     remote_dbg.o
 0002:0000080a       ??_C@_1CM@FLPDOBBA@?$AAR?$AAe?$AAq?$AAu?$AAe?$AAs?$AAt?$AAi?$AAn?$AAg?$AA?5?$AAp?$AAo?$AAr?$AAt?$AA?5?$AA?$CF?$AAl?$AAl?$AAd?$AA?6?$AA?$AA@ 000000014001080a     remote_dbg.o
 0002:0000083e       ??_C@_1DK@IOCIPHFJ@?$AAc?$AAo?$AAn?$AAn?$AAe?$AAc?$AAt?$AA?5?$AAf?$AAa?$AAi?$AAl?$AAe?$AAd?$AA?5?$AA?$FL?$AAe?$AAr?$AAr?$AAo?$AAr?$AA?$DN?$AA?$CF?$AAl?$AAl?$AAd?$AA?$FN?$AA?6?$AA?$AA@ 000000014001083e     remote_dbg.o
 0002:00000884       ??_C@_1DO@IMGJNCBG@?$AAC?$AAo?$AAn?$AAn?$AAe?$AAc?$AAt?$AAi?$AAo?$AAn?$AA?5?$AAi?$AAs?$AA?5?$AAs?$AAu?$AAc?$AAc?$AAe?$AAs?$AAs?$AAf?$AAu?$AAl?$AA?$CB?$AA?5?$AA?$FL?$AA1?$AA?$FN?$AA?6?$AA?$AA@ 0000000140010884     remote_dbg.o
 0002:0000096a       ??_C@_1GE@BBHPHIKC@?$AAE?$AAr?$AAr?$AAo?$AAr?$AA?5?$AA?9?$AA?5?$AAs?$AAe?$AAr?$AAv?$AAe?$AAr?$AA_?$AAp?$AAo?$AAr?$AAt?$AA?5?$AA?$DN?$AA?$DN?$AA?5?$AA?9?$AA1?$AA?5?$AA?$FL?$AAs?$AAe?$AAr?$AAv?$AAe@ 000000014001096a     remote_dbg.o
 0002:000009e2       ??_C@_1EM@HCGPBNNP@?$AAS?$AAt?$AAa?$AAr?$AAt?$AAi?$AAn?$AAg?$AA?5?$AAn?$AAe?$AAw?$AA?5?$AAc?$AAo?$AAn?$AAn?$AAe?$AAc?$AAt?$AAi?$AAo?$AAn?$AA?5?$AAt?$AAo?$AA?5?$AA?$FL?$AA?$CF?$AAs?$AA?$FN?$AA?5@ 00000001400109e2     remote_dbg.o
 0002:00000a3e       ??_C@_1FE@JKPBPNOM@?$AAE?$AAr?$AAr?$AAo?$AAr?$AA?5?$AAr?$AAe?$AAs?$AAo?$AAl?$AAv?$AAi?$AAn?$AAg?$AA?5?$AAh?$AAo?$AAs?$AAt?$AA?4?$AA?5?$AA?$FL?$AAs?$AAt?$AAa?$AAt?$AAu?$AAs?$AA?$DN?$AA?$CF?$AAl@ 0000000140010a3e     remote_dbg.o
 0002:00000aa2       ??_C@_1DO@COGNFPF@?$AAC?$AAo?$AAn?$AAn?$AAe?$AAc?$AAt?$AAi?$AAo?$AAn?$AA?5?$AAi?$AAs?$AA?5?$AAs?$AAu?$AAc?$AAc?$AAe?$AAs?$AAs?$AAf?$AAu?$AAl?$AA?$CB?$AA?5?$AA?$FL?$AA2?$AA?$FN?$AA?6?$AA?$AA@ 0000000140010aa2     remote_dbg.o
 0002:00000aec       ??_C@_1FK@FPKJOMKP@?$AAE?$AAr?$AAr?$AAo?$AAr?$AA?3?$AA?5?$AAC?$AAo?$AAu?$AAl?$AAd?$AA?5?$AAn?$AAo?$AAt?$AA?5?$AAc?$AAo?$AAn?$AAn?$AAe?$AAc?$AAt?$AA?5?$AAt?$AAo?$AA?5?$AA?$CF?$AAs?$AA?5?$AA?$FL@ 0000000140010aec     remote_dbg.o
 0002:00000b58       ??_C@_1EA@JBNEEBDD@?$AAT?$AAr?$AAy?$AAi?$AAn?$AAg?$AA?5?$AAt?$AAo?$AA?5?$AAg?$AAe?$AAt?$AA?5?$AAm?$AAe?$AAm?$AAo?$AAr?$AAy?$AA?5?$AAp?$AAa?$AAg?$AAe?$AA?5?$AA?$CF?$AAl?$AAl?$AAd?$AA?6?$AA?$AA@ 0000000140010b58     remote_dbg.o
 0002:00000ba4       ??_C@_1EI@BHCKMCLF@?$AAC?$AAr?$AAe?$AAa?$AAt?$AAe?$AAd?$AA?5?$AAb?$AAr?$AAo?$AAa?$AAd?$AAc?$AAa?$AAs?$AAt?$AA?5?$AAw?$AAi?$AAt?$AAh?$AA?5?$AAp?$AAr?$AAe?$AAf?$AAi?$AAx?$AA?$DN?$AA?$CF?$AAl@ 0000000140010ba4     remote_dbg.o
 0002:00000bfa       ??_C@_1DM@MBBJEJBJ@?$AAT?$AAr?$AAy?$AAi?$AAn?$AAg?$AA?5?$AAt?$AAo?$AA?5?$AAg?$AAe?$AAt?$AA?5?$AAs?$AAe?$AAr?$AAv?$AAe?$AAr?$AA?5?$AAi?$AAd?$AA?5?$AA?$CF?$AAl?$AAl?$AAd?$AA?6?$AA?$AA@ 0000000140010bfa     remote_dbg.o
 0002:00000c42       ??_C@_1GK@DMGCKEJF@?$AAA?$AAn?$AAs?$AAw?$AAe?$AAr?$AA?5?$AAP?$AAu?$AAs?$AAh?$AA?5?$AAO?$AAb?$AAj?$AAe?$AAc?$AAt?$AA?5?$AAt?$AAo?$AA?5?$AAl?$AAo?$AAc?$AAa?$AAl?$AAi?$AAd?$AA?$DN?$AA?$CF?$AAl@ 0000000140010c42     remote_dbg.o
 0002:00000cc2       ??_C@_1GM@MICHOCHB@?$AAA?$AAn?$AAs?$AAw?$AAe?$AAr?$AA?5?$AAQ?$AAu?$AAe?$AAr?$AAy?$AA?5?$AAO?$AAb?$AAj?$AAe?$AAc?$AAt?$AA?5?$AAt?$AAo?$AA?5?$AAl?$AAo?$AAc?$AAa?$AAl?$AAi?$AAd?$AA?$DN?$AA?$CF@ 0000000140010cc2     remote_dbg.o
 0002:00000d44       ??_C@_1FK@FHPCFNAH@?$AAs?$AAe?$AAn?$AAd?$AA?5?$AAb?$AAr?$AAo?$AAa?$AAd?$AAc?$AAa?$AAs?$AAt?$AA?5?$AAa?$AAn?$AAs?$AAw?$AAe?$AAr?$AA?5?$AAp?$AAa?$AAt?$AAh?$AA?5?$AAt?$AAo?$AA?5?$AAl?$AAo@ 0000000140010d44     remote_dbg.o
 0002:00000db0       ??_C@_1FM@FIIIPBAA@?$AAs?$AAe?$AAn?$AAd?$AA?5?$AAb?$AAr?$AAo?$AAa?$AAd?$AAc?$AAa?$AAs?$AAt?$AA?5?$AAp?$AAa?$AAt?$AAh?$AA?5?$AAr?$AAe?$AAq?$AAu?$AAe?$AAs?$AAt?$AA?5?$AAt?$AAo?$AA?5?$AAl@ 0000000140010db0     remote_dbg.o
 0002:00000e1e       ??_C@_1GA@MDBOGCGI@?$AAs?$AAe?$AAn?$AAd?$AA?5?$AAb?$AAr?$AAo?$AAa?$AAd?$AAc?$AAa?$AAs?$AAt?$AA?5?$AAa?$AAn?$AAs?$AAw?$AAe?$AAr?$AA?5?$AAi?$AAd?$AA?5?$AAp?$AAa?$AAt?$AAh?$AA?5?$AAt?$AAo@ 0000000140010e1e     remote_dbg.o
 0002:00000e92       ??_C@_1EO@CDOEBIIP@?$AAS?$AAe?$AAn?$AAd?$AAi?$AAn?$AAg?$AA?5?$AAb?$AAr?$AAo?$AAa?$AAd?$AAc?$AAa?$AAs?$AAt?$AA?5?$AAt?$AAo?$AA?5?$AAf?$AAi?$AAn?$AAd?$AA?5?$AAo?$AAb?$AAj?$AAe?$AAc?$AAt@ 0000000140010e92     remote_dbg.o
 0002:00000ef0       ??_C@_1DC@EHBNKHBD@?$AAr?$AAe?$AAq?$AAu?$AAe?$AAs?$AAt?$AA?5?$AAs?$AAe?$AAt?$AA?5?$AAo?$AAb?$AAj?$AAe?$AAc?$AAt?$AA?$DN?$AA?$CF?$AAl?$AAl?$AAd?$AA?6?$AA?$AA@ 0000000140010ef0     remote_dbg.o
 0002:00000f2c       ??_C@_1CO@OBFELGCG@?$AAl?$AAo?$AAc?$AAa?$AAl?$AA?5?$AAo?$AAb?$AAj?$AAe?$AAc?$AAt?$AA?5?$AA?9?$AA?5?$AAa?$AAn?$AAs?$AAw?$AAe?$AAr?$AA?6?$AA?$AA@ 0000000140010f2c     remote_dbg.o
 0002:00000f64       ??_C@_1CC@BJNHGOIA@?$AAd?$AAo?$AAn?$AA?8?$AAt?$AA?5?$AAk?$AAn?$AAo?$AAw?$AA?5?$AAp?$AAa?$AAt?$AAh?$AA?6?$AA?$AA@ 0000000140010f64     remote_dbg.o
 0002:00000f8c       ??_C@_1DA@NHJHHADA@?$AAr?$AAe?$AAq?$AAu?$AAe?$AAs?$AAt?$AA?5?$AAs?$AAe?$AAn?$AAt?$AA?5?$AA?$FL?$AAt?$AAo?$AA?5?$AA?$CF?$AAl?$AAl?$AAd?$AA?$FN?$AA?6?$AA?$AA@ 0000000140010f8c     remote_dbg.o
 0002:00000fc6       ??_C@_1IK@DBMEHLHD@?$AAS?$AAt?$AAa?$AAr?$AAt?$AAi?$AAn?$AAg?$AA?5?$AAn?$AAe?$AAw?$AA?5?$AAR?$AAE?$AAM?$AAO?$AAT?$AAE?$AA?5?$AAw?$AAo?$AAr?$AAk?$AAe?$AAr?$AA?5?$AA?$CF?$AAl?$AAl?$AAd?$AA?5@ 0000000140010fc6     remote_dbg.o
 0002:0000106c       ??_C@_1EK@DLJDAMIC@?$AAs?$AAe?$AAn?$AAd?$AAi?$AAn?$AAg?$AA?5?$AAh?$AAi?$AAv?$AAe?$AA?5?$AAs?$AAt?$AAa?$AAt?$AAe?$AA?5?$AA?$FL?$AA?$CF?$AAl?$AAl?$AAd?$AA?5?$AA?$CF?$AAl?$AAl?$AAd?$AA?5?$AA?$CF?$AAl@ 000000014001106c     remote_dbg.o
 0002:000010c4       ??_C@_1CK@IMAGNILG@?$AAC?$AAo?$AAn?$AAf?$AAi?$AAr?$AAm?$AAe?$AAd?$AA?5?$AAp?$AAo?$AAr?$AAt?$AA?$DN?$AA?$CF?$AAl?$AAl?$AAd?$AA?6?$AA?$AA@ 00000001400110c4     remote_dbg.o
 0002:000010f6       ??_C@_1CE@BDEHPDNE@?$AAG?$AAe?$AAt?$AA?5?$AAc?$AAo?$AAm?$AAm?$AAa?$AAn?$AAd?$AA?5?$AA?$FL?$AA?$CF?$AAs?$AA?$FN?$AA?6?$AA?$AA@ 00000001400110f6     remote_dbg.o
 0002:00001122       ??_C@_1DG@NNMMEGKD@?$AAS?$AAe?$AAl?$AAe?$AAc?$AAt?$AAe?$AAd?$AA?5?$AAc?$AAo?$AAn?$AAn?$AAe?$AAc?$AAt?$AA?5?$AAc?$AAo?$AAm?$AAm?$AAa?$AAn?$AAd?$AA?4?$AA?6?$AA?$AA@ 0000000140011122     remote_dbg.o
 0002:00001162       ??_C@_1CI@KPENLAE@?$AAE?$AAn?$AAt?$AAe?$AAr?$AA?5?$AAI?$AAP?$AA?5?$AAa?$AAn?$AAd?$AA?5?$AAP?$AAO?$AAR?$AAT?$AA?4?$AA?6?$AA?$AA@ 0000000140011162     remote_dbg.o
 0002:00001192       ??_C@_1EG@CAHECGOL@?$AAT?$AAr?$AAy?$AAi?$AAn?$AAg?$AA?5?$AAt?$AAo?$AA?5?$AAc?$AAo?$AAn?$AAn?$AAe?$AAc?$AAt?$AA?5?$AAt?$AAo?$AA?5?$AA?$FL?$AA?$CF?$AAs?$AA?$FN?$AA?5?$AA?$FL?$AA?$CF?$AAs?$AA?$FN?$AA?4?$AA?4@ 0000000140011192     remote_dbg.o
 0002:000011e6       ??_C@_1DG@GLOHHOJG@?$AAT?$AAe?$AAm?$AAp?$AAo?$AAr?$AAa?$AAr?$AAy?$AA?5?$AAl?$AAo?$AAc?$AAa?$AAl?$AA_?$AAi?$AAd?$AA?5?$AA?$DN?$AA?5?$AA?$CF?$AAl?$AAl?$AAd?$AA?6?$AA?$AA@ 00000001400111e6     remote_dbg.o
 0002:00001226       ??_C@_1DC@MOJEJJIM@?$AAC?$AAo?$AAn?$AAf?$AAi?$AAg?$AAu?$AAr?$AAa?$AAt?$AAi?$AAo?$AAn?$AA?5?$AAc?$AAo?$AAn?$AAf?$AAi?$AAr?$AAm?$AAe?$AAd?$AA?6?$AA?$AA@ 0000000140011226     remote_dbg.o
 0002:00001262       ??_C@_1DM@PKIKMHMJ@?$AA?$FL?$AAN?$AAE?$AAT?$AAW?$AAO?$AAR?$AAK?$AA?$FN?$AA?3?$AA?5?$AAP?$AAe?$AAe?$AAr?$AA?5?$AAd?$AAi?$AAs?$AAc?$AAo?$AAn?$AAn?$AAe?$AAc?$AAt?$AAe?$AAd?$AA?6?$AA?$AA@ 0000000140011262     remote_dbg.o
 0002:000012aa       ??_C@_1DG@IHKBKGHO@?$AAG?$AAe?$AAt?$AA?5?$AAm?$AAe?$AAs?$AAs?$AAa?$AAg?$AAe?$AA?5?$AAo?$AAf?$AA?5?$AA?$CF?$AAl?$AAl?$AAd?$AA?5?$AAb?$AAy?$AAt?$AAe?$AAs?$AA?6?$AA?$AA@ 00000001400112aa     remote_dbg.o
 0002:000012ea       ??_C@_1EE@FBAKCJKM@?$AAp?$AAr?$AAo?$AAc?$AAe?$AAs?$AAs?$AA?5?$AAh?$AAe?$AAa?$AAd?$AAe?$AAr?$AA?$FL?$AAo?$AAk?$AA?$FN?$AA?5?$AA?$FL?$AAh?$AAe?$AAa?$AAd?$AAe?$AAr?$AA?$DN?$AA?$CF?$AAl?$AAl?$AAd?$AA?$FN@ 00000001400112ea     remote_dbg.o
 0002:0000133c       ??_C@_1EE@CIFDCIBF@?$AAp?$AAr?$AAo?$AAc?$AAe?$AAs?$AAs?$AA?5?$AAl?$AAe?$AAn?$AAg?$AAt?$AAh?$AA?$FL?$AAo?$AAk?$AA?$FN?$AA?5?$AA?$FL?$AAl?$AAe?$AAn?$AAg?$AAt?$AAh?$AA?$DN?$AA?$CF?$AAl?$AAl?$AAd?$AA?$FN@ 000000014001133c     remote_dbg.o
 0002:0000138e       ??_C@_1CM@JBMABCGC@?$AAp?$AAr?$AAo?$AAc?$AAe?$AAs?$AAs?$AA?5?$AAl?$AAe?$AAn?$AAg?$AAt?$AAh?$AA?$FL?$AAp?$AAa?$AAr?$AAt?$AA?$FN?$AA?6?$AA?$AA@ 000000014001138e     remote_dbg.o
 0002:000013c2       ??_C@_1CE@BMKCCAOL@?$AAp?$AAr?$AAo?$AAc?$AAe?$AAs?$AAs?$AA?5?$AAb?$AAo?$AAd?$AAy?$AA?$FL?$AAo?$AAk?$AA?$FN?$AA?6?$AA?$AA@ 00000001400113c2     remote_dbg.o
 0002:000013ee       ??_C@_1CO@OOHNIMCC@?$AAc?$AAl?$AAo?$AAs?$AAi?$AAn?$AAg?$AA?5?$AAc?$AAo?$AAn?$AAn?$AAe?$AAc?$AAt?$AAi?$AAo?$AAn?$AA?4?$AA?4?$AA?4?$AA?6?$AA?$AA@ 00000001400113ee     remote_dbg.o
 0002:00001426       ??_C@_1CI@LDDDECLE@?$AAp?$AAr?$AAo?$AAc?$AAe?$AAs?$AAs?$AA?5?$AAb?$AAo?$AAd?$AAy?$AA?$FL?$AAp?$AAa?$AAr?$AAt?$AA?$FN?$AA?6?$AA?$AA@ 0000000140011426     remote_dbg.o
 0002:00001456       ??_C@_1FI@DLIHECMG@?$AAG?$AAe?$AAt?$AA?5?$AAa?$AAp?$AAi?$AA?5?$AAc?$AAa?$AAl?$AAl?$AA?5?$AA?$CF?$AAl?$AAl?$AAd?$AA?5?$AAo?$AAf?$AA?5?$AAl?$AAe?$AAn?$AAg?$AAt?$AAh?$AA?3?$AA?5?$AA?$CF?$AAl?$AAl@ 0000000140011456     remote_dbg.o
 0002:000014c0       ??_C@_1EC@IGPNEALA@?$AAA?$AAP?$AAI?$AA_?$AAR?$AAE?$AAQ?$AAU?$AAE?$AAS?$AAT?$AA_?$AAC?$AAO?$AAN?$AAN?$AAE?$AAC?$AAT?$AAI?$AAO?$AAN?$AA?5?$AAa?$AAn?$AAs?$AAw?$AAe?$AAr?$AAe?$AAd?$AA?6@ 00000001400114c0     remote_dbg.o
 0002:00001510       ??_C@_1HI@PFGJBABN@?$AAA?$AAP?$AAI?$AA_?$AAA?$AAN?$AAS?$AAW?$AAE?$AAR?$AA_?$AAR?$AAE?$AAQ?$AAU?$AAE?$AAS?$AAT?$AA_?$AAC?$AAO?$AAN?$AAN?$AAE?$AAC?$AAT?$AAI?$AAO?$AAN?$AA?5?$AAu?$AAp@ 0000000140011510     remote_dbg.o
 0002:000015a0       ??_C@_1EM@NFKPCEGC@?$AAU?$AAp?$AAd?$AAa?$AAt?$AAe?$AAd?$AA?5?$AAu?$AAs?$AAi?$AAn?$AAg?$AA?5?$AA?$FL?$AAc?$AAo?$AAn?$AA?$DN?$AA?$CF?$AAp?$AA?$FN?$AA?5?$AA?$FL?$AAa?$AAn?$AAd?$AA?5?$AAf?$AAr?$AAe?$AAe@ 00000001400115a0     remote_dbg.o
 0002:000015fc       ??_C@_1LA@ICLCBFDH@?$AAE?$AAr?$AAr?$AAo?$AAr?$AA?3?$AA?5?$AAA?$AAP?$AAI?$AA_?$AAA?$AAN?$AAS?$AAW?$AAE?$AAR?$AA_?$AAR?$AAE?$AAQ?$AAU?$AAE?$AAS?$AAT?$AA_?$AAC?$AAO?$AAN?$AAN?$AAE?$AAC@ 00000001400115fc     remote_dbg.o
 0002:000016d0       ??_C@_1FA@NLLPLBEB@?$AAA?$AAP?$AAI?$AA_?$AAR?$AAE?$AAQ?$AAU?$AAE?$AAS?$AAT?$AA_?$AAI?$AAD?$AA?5?$AAp?$AAa?$AAg?$AAe?$AA?$DN?$AA?$CF?$AAl?$AAl?$AAd?$AA?5?$AA?$FL?$AAp?$AAr?$AAe?$AAf?$AAi?$AAx@ 00000001400116d0     remote_dbg.o
 0002:00001730       ??_C@_1BG@IOHEMCP@?$AAR?$AAe?$AAf?$AAu?$AAs?$AAe?$AA?5?$AAi?$AAd?$AA?6?$AA?$AA@ 0000000140011730     remote_dbg.o
 0002:0000174a       ??_C@_1EI@DCLENIAC@?$AAC?$AAo?$AAn?$AAf?$AAi?$AAr?$AAm?$AAe?$AAd?$AA?5?$AAb?$AAe?$AAc?$AAo?$AAu?$AAs?$AAe?$AA?5?$AAl?$AAo?$AAc?$AAa?$AAl?$AA_?$AAi?$AAd?$AA?5?$AAd?$AAi?$AAf?$AAf?$AAe@ 000000014001174a     remote_dbg.o
 0002:000017a0       ??_C@_1EI@GBBOHBKF@?$AAG?$AAe?$AAt?$AA?5?$AAb?$AAr?$AAo?$AAa?$AAd?$AAc?$AAa?$AAs?$AAt?$AA?5?$AAa?$AAn?$AAs?$AAw?$AAe?$AAr?$AA?5?$AA?$FL?$AAp?$AAr?$AAe?$AAf?$AAi?$AAx?$AA?$DN?$AA?$CF?$AAl?$AAl@ 00000001400117a0     remote_dbg.o
 0002:000017f6       ??_C@_1CK@JAOCGICP@?$AAB?$AAr?$AAo?$AAa?$AAd?$AAc?$AAa?$AAs?$AAt?$AA?5?$AAc?$AAo?$AAn?$AAf?$AAi?$AAr?$AAm?$AAe?$AAd?$AA?6?$AA?$AA@ 00000001400117f6     remote_dbg.o
 0002:00001828       ??_C@_1FM@HIELKEO@?$AAA?$AAP?$AAI?$AA_?$AAR?$AAE?$AAQ?$AAU?$AAE?$AAS?$AAT?$AA_?$AAM?$AAE?$AAM?$AA_?$AAP?$AAA?$AAG?$AAE?$AA?5?$AAp?$AAa?$AAg?$AAe?$AA?$DN?$AA?$CF?$AAl?$AAl?$AAd?$AA?5?$AA?$FL@ 0000000140011828     remote_dbg.o
 0002:00001896       ??_C@_1CG@KIALDCLE@?$AAR?$AAe?$AAf?$AAu?$AAs?$AAe?$AA?5?$AAa?$AAl?$AAl?$AAo?$AAc?$AAa?$AAt?$AAi?$AAo?$AAn?$AA?6?$AA?$AA@ 0000000140011896     remote_dbg.o
 0002:000018c4       ??_C@_1CM@IABHOCCE@?$AAg?$AAe?$AAt?$AA?5?$AAp?$AAu?$AAs?$AAh?$AA?5?$AAo?$AAb?$AAj?$AAe?$AAc?$AAt?$AA?5?$AA?$CF?$AAl?$AAl?$AAd?$AA?6?$AA?$AA@ 00000001400118c4     remote_dbg.o
 0002:000018f8       ??_C@_1BM@CKHNEJCK@?$AAl?$AAo?$AAc?$AAa?$AAl?$AA?9?$AAp?$AAu?$AAs?$AAh?$AAe?$AAd?$AA?6?$AA?$AA@ 00000001400118f8     remote_dbg.o
 0002:0000191a       ??_C@_1CG@LACBKCJC@?$AAr?$AAe?$AAm?$AAo?$AAt?$AAe?$AA?9?$AAr?$AAe?$AAd?$AAi?$AAr?$AAe?$AAc?$AAt?$AAe?$AAd?$AA?6?$AA?$AA@ 000000014001191a     remote_dbg.o
 0002:00001948       ??_C@_1GM@LPBCPABN@?$AAU?$AAP?$AAD?$AAA?$AAT?$AAE?$AA?5?$AAP?$AAA?$AAT?$AAH?$AA?5?$AA1?$AA?5?$AAT?$AAO?$AA?5?$AA?$CF?$AAl?$AAl?$AAd?$AA?5?$AA?$FL?$AAd?$AAi?$AAs?$AAt?$AAa?$AAn?$AAc?$AAe?$AA?$DN@ 0000000140011948     remote_dbg.o
 0002:000019ca       ??_C@_1GM@FBBGBBEM@?$AAU?$AAP?$AAD?$AAA?$AAT?$AAE?$AA?5?$AAP?$AAA?$AAT?$AAH?$AA?5?$AA2?$AA?5?$AAT?$AAO?$AA?5?$AA?$CF?$AAl?$AAl?$AAd?$AA?5?$AA?$FL?$AAd?$AAi?$AAs?$AAt?$AAa?$AAn?$AAc?$AAe?$AA?$DN@ 00000001400119ca     remote_dbg.o
 0002:00001a4c       ??_C@_1HC@GFDBDKMJ@?$AAU?$AAP?$AAD?$AAA?$AAT?$AAE?$AA?5?$AAI?$AAD?$AA?5?$AAP?$AAA?$AAT?$AAH?$AA?5?$AA1?$AA?5?$AAT?$AAO?$AA?5?$AA?$CF?$AAl?$AAl?$AAd?$AA?5?$AA?$FL?$AAd?$AAi?$AAs?$AAt?$AAa?$AAn@ 0000000140011a4c     remote_dbg.o
 0002:00001ad4       ??_C@_1HC@ILDFNLJI@?$AAU?$AAP?$AAD?$AAA?$AAT?$AAE?$AA?5?$AAI?$AAD?$AA?5?$AAP?$AAA?$AAT?$AAH?$AA?5?$AA2?$AA?5?$AAT?$AAO?$AA?5?$AA?$CF?$AAl?$AAl?$AAd?$AA?5?$AA?$FL?$AAd?$AAi?$AAs?$AAt?$AAa?$AAn@ 0000000140011ad4     remote_dbg.o
 0002:00001b5c       ??_C@_1HC@IPIJLOJO@?$AAG?$AAe?$AAt?$AA?5?$AAr?$AAe?$AAm?$AAo?$AAt?$AAe?$AA?5?$AAs?$AAt?$AAa?$AAr?$AAt?$AA?5?$AAw?$AAo?$AAr?$AAk?$AAe?$AAr?$AA?5?$AA?$CF?$AAl?$AAl?$AAd?$AA?5?$AAf?$AAr?$AAo@ 0000000140011b5c     remote_dbg.o
 0002:00001be4       ??_C@_1FC@CBJJGKKM@?$AAG?$AAE?$AAT?$AA?5?$AAH?$AAI?$AAV?$AAE?$AA?5?$AAS?$AAT?$AAA?$AAT?$AAE?$AA?3?$AA?5?$AA?$CF?$AAl?$AAl?$AAd?$AA?5?$AA?$CF?$AAl?$AAl?$AAd?$AA?5?$AA?$CF?$AAl?$AAl?$AAd?$AA?5?$AA?$FL@ 0000000140011be4     remote_dbg.o
 0002:00001c46       ??_C@_1CG@PIAFPEME@?$AAS?$AAe?$AAr?$AAv?$AAe?$AAr?$AA?5?$AAs?$AAt?$AAa?$AAr?$AAt?$AAe?$AAd?$AA?4?$AA?4?$AA?4?$AA?6?$AA?$AA@ 0000000140011c46     remote_dbg.o
 0002:00001c74       ??_C@_1DK@EHAPFJND@?$AAs?$AAe?$AAr?$AAv?$AAe?$AAr?$AA?5?$AAs?$AAt?$AAa?$AAr?$AAt?$AAe?$AAd?$AA?5?$AAo?$AAn?$AA?5?$AAp?$AAo?$AAr?$AAt?$AA?5?$AA?$CF?$AAl?$AAl?$AAd?$AA?6?$AA?$AA@ 0000000140011c74     remote_dbg.o
 0002:00001cba       ??_C@_1FA@MICONLJJ@?$AAE?$AAr?$AAr?$AAo?$AAr?$AA?3?$AA?5?$AAf?$AAa?$AAi?$AAl?$AAe?$AAd?$AA?5?$AAt?$AAo?$AA?5?$AAa?$AAl?$AAl?$AAo?$AAc?$AAa?$AAt?$AAe?$AA?5?$AAm?$AAe?$AAm?$AAo?$AAr?$AAy@ 0000000140011cba     runtime_lib_dbg.o
 0002:00001d1a       ??_C@_1EI@DJFGOBAG@?$AAE?$AAr?$AAr?$AAo?$AAr?$AA?3?$AA?5?$AAf?$AAa?$AAi?$AAl?$AAe?$AAd?$AA?5?$AAt?$AAo?$AA?5?$AAf?$AAr?$AAe?$AAe?$AA?5?$AAm?$AAe?$AAm?$AAo?$AAr?$AAy?$AA?3?$AA?5?$AA?$CF?$AAl@ 0000000140011d1a     runtime_lib_dbg.o
 0002:00001d70       ??_C@_1CM@EJGKJCED@?$AAA?$AAs?$AAs?$AAe?$AAr?$AAt?$AAi?$AAo?$AAn?$AA?5?$AAf?$AAa?$AAi?$AAl?$AAe?$AAd?$AA?3?$AA?5?$AA?$CF?$AAs?$AA?6?$AA?$AA@ 0000000140011d70     runtime_lib_dbg.o
 0002:00001da4       ??_C@_1EI@GJCCEHA@?$AAF?$AAi?$AAl?$AAe?$AA?3?$AA?5?$AA?$CF?$AAs?$AA?0?$AA?5?$AAL?$AAi?$AAn?$AAe?$AA?3?$AA?5?$AA?$CF?$AAl?$AAl?$AAd?$AA?0?$AA?5?$AAF?$AAu?$AAn?$AAc?$AAt?$AAi?$AAo?$AAn?$AA?3?$AA?5@ 0000000140011da4     runtime_lib_dbg.o
 0002:00001e96       ??_C@_1DO@CBJEPNAO@?$AAP?$AAr?$AAo?$AAm?$AAi?$AAs?$AAe?$AA?$CI?$AAs?$AAe?$AAt?$AA?$DN?$AA?$CF?$AA0?$AA2?$AAx?$AA?0?$AA?5?$AAf?$AAi?$AAr?$AAs?$AAt?$AA4?$AAb?$AAy?$AAt?$AAe?$AAs?$AA?$DN?$AA?$AA@ 0000000140011e96     runtime_dbg.o
 0002:00001ee0       ??_C@_1M@OMOAGDNC@?$AA?$CF?$AA0?$AA2?$AAx?$AA?5?$AA?$AA@ 0000000140011ee0     runtime_dbg.o
 0002:00001eee       ??_C@_15BCDOKMG@?$AA?$CJ?$AA?6?$AA?$AA@ 0000000140011eee     runtime_dbg.o
 0002:00001ef6       ??_C@_1EO@JIHFKLGM@?$AAA?$AAr?$AAr?$AAa?$AAy?$AA?$CI?$AAl?$AAe?$AAn?$AAg?$AAt?$AAh?$AA?$DN?$AA?$CF?$AAl?$AAl?$AAd?$AA?0?$AA?5?$AAe?$AAl?$AAe?$AAm?$AAe?$AAn?$AAt?$AA_?$AAs?$AAi?$AAz?$AAe?$AA?$DN@ 0000000140011ef6     runtime_dbg.o
 0002:00001f54       ??_C@_15IPOKAMGA@?$AA?$HL?$AA?5?$AA?$AA@ 0000000140011f54     runtime_dbg.o
 0002:00001f5c       ??_C@_13EHOOFIKC@?$AA?$HN?$AA?$AA@ 0000000140011f5c     runtime_dbg.o
 0002:00001f60       ??_C@_15JOGBDECP@?$AA?0?$AA?5?$AA?$AA@ 0000000140011f60     runtime_dbg.o
 0002:00001f68       ??_C@_1CG@OGLIMIIK@?$AAC?$AAl?$AAa?$AAs?$AAs?$AA?$CI?$AAf?$AAi?$AAr?$AAs?$AAt?$AA4?$AAb?$AAy?$AAt?$AAe?$AAs?$AA?$DN?$AA?$AA@ 0000000140011f68     runtime_dbg.o
 0002:00001f96       ??_C@_1DM@HBMDBMCD@?$AAO?$AAb?$AAj?$AAe?$AAc?$AAt?$AA?5?$AAo?$AAf?$AA?5?$AAu?$AAn?$AAk?$AAn?$AAo?$AAw?$AAn?$AA?5?$AAt?$AAy?$AAp?$AAe?$AA?3?$AA?5?$AA?$CF?$AA0?$AA2?$AAx?$AA?6?$AA?$AA@ 0000000140011f96     runtime_dbg.o
 0002:00001fde       ??_C@_1IG@PPHOADHL@?$AAW?$AAo?$AAr?$AAk?$AAe?$AAr?$AA?5?$AAa?$AAd?$AAd?$AA?5?$AAt?$AAo?$AA?5?$AAw?$AAa?$AAi?$AAt?$AA?5?$AAl?$AAi?$AAs?$AAt?$AA?5?$AA?$FL?$AAi?$AAd?$AA?$DN?$AA?$CF?$AAl?$AAl?$AAd@ 0000000140011fde     runtime_dbg.o
 0002:0000207e       ??_C@_1EI@EAJIHCDE@?$AAW?$AAo?$AAr?$AAk?$AAe?$AAr?$AA?5?$AAe?$AAn?$AAq?$AAu?$AAe?$AAu?$AAe?$AAd?$AA?5?$AA?$FL?$AAi?$AAd?$AA?$DN?$AA?$CF?$AAl?$AAl?$AAd?$AA?0?$AA?5?$AAn?$AAe?$AAx?$AAt?$AA?$DN?$AA?$CF@ 000000014001207e     runtime_dbg.o
 0002:000020d4       ??_C@_1CC@OGJGNONI@?$AAw?$AAa?$AAi?$AAt?$AA?5?$AAl?$AAi?$AAs?$AAt?$AA?3?$AA?5?$AA?$CF?$AAl?$AAl?$AAd?$AA?6?$AA?$AA@ 00000001400120d4     runtime_dbg.o
 0002:000020fc       ??_C@_1CG@GBGLFGEJ@?$AAw?$AAa?$AAi?$AAt?$AAi?$AAn?$AAg?$AA?5?$AAt?$AAy?$AAp?$AAe?$AA?5?$AA?$CF?$AAl?$AAl?$AAd?$AA?6?$AA?$AA@ 00000001400120fc     runtime_dbg.o
 0002:0000212a       ??_C@_1EG@IHOMNHMM@?$AAw?$AAa?$AAi?$AAt?$AAi?$AAn?$AAg?$AA?5?$AAf?$AAo?$AAr?$AA?5?$AAr?$AAe?$AAm?$AAo?$AAt?$AAe?$AA?5?$AAp?$AAu?$AAs?$AAh?$AA?5?$AA?$CF?$AAl?$AAl?$AAd?$AA?1?$AA?$CF?$AAl?$AAl@ 000000014001212a     runtime_dbg.o
 0002:0000217e       ??_C@_1EE@IAGMLELE@?$AAE?$AAR?$AAR?$AAO?$AAR?$AA?3?$AA?5?$AAw?$AAa?$AAi?$AAt?$AAi?$AAn?$AAg?$AA?5?$AAf?$AAo?$AAr?$AA?5?$AAp?$AAu?$AAs?$AAh?$AA?5?$AAt?$AAo?$AA?5?$AAl?$AAo?$AAc?$AAa?$AAl@ 000000014001217e     runtime_dbg.o
 0002:000021d0       ??_C@_1EI@HFFKCAJK@?$AAw?$AAa?$AAi?$AAt?$AAi?$AAn?$AAg?$AA?5?$AAf?$AAo?$AAr?$AA?5?$AAr?$AAe?$AAm?$AAo?$AAt?$AAe?$AA?5?$AAq?$AAu?$AAe?$AAr?$AAy?$AA?5?$AA?$CF?$AAl?$AAl?$AAd?$AA?1?$AA?$CF?$AAl@ 00000001400121d0     runtime_dbg.o
 0002:00002226       ??_C@_1DA@GIGBBKL@?$AAw?$AAa?$AAi?$AAt?$AAi?$AAn?$AAg?$AA?5?$AAf?$AAo?$AAr?$AA?5?$AAl?$AAo?$AAc?$AAa?$AAl?$AA?5?$AA?$CF?$AAl?$AAl?$AAd?$AA?6?$AA?$AA@ 0000000140012226     runtime_dbg.o
 0002:00002260       ??_C@_1DO@IALLLPBG@?$AAN?$AAO?$AAT?$AA?5?$AAI?$AAM?$AAP?$AAL?$AAE?$AAM?$AAE?$AAN?$AAT?$AAE?$AAD?$AA?5?$AAW?$AAA?$AAI?$AAT?$AAI?$AAN?$AAG?$AA_?$AAT?$AAI?$AAM?$AAE?$AAR?$AA?6?$AA?$AA@ 0000000140012260     runtime_dbg.o
 0002:000022aa       ??_C@_1GM@IJHLNMBE@?$AAt?$AAh?$AAr?$AAe?$AAa?$AAd?$AA?5?$AA?$CF?$AAl?$AAl?$AAd?$AA?3?$AA?5?$AA?5?$AAW?$AAa?$AAi?$AAt?$AA?$HM?$AAQ?$AAu?$AAe?$AAu?$AAe?$AAd?$AA?5?$AA?$CF?$AAl?$AAl?$AAd?$AA?$HM?$AA?$CF@ 00000001400122aa     runtime_dbg.o
 0002:0000232c       ??_C@_1CO@BAHOKHFI@?$AA?6?$AAS?$AAh?$AAe?$AAd?$AAu?$AAl?$AAi?$AAn?$AAg?$AA?5?$AAn?$AAe?$AAw?$AA?5?$AAw?$AAo?$AAr?$AAk?$AAe?$AAr?$AA?6?$AA?$AA@ 000000014001232c     runtime_dbg.o
 0002:00002364       ??_C@_1HO@HICANDHJ@?$AAC?$AAo?$AAn?$AAt?$AAi?$AAn?$AAu?$AAe?$AA?5?$AAw?$AAo?$AAr?$AAk?$AAe?$AAr?$AA?5?$AA?$CF?$AAl?$AAl?$AAd?$AA?5?$AAf?$AAr?$AAo?$AAm?$AA?5?$AA?$CF?$AAp?$AA?5?$AA?$FL?$AAr?$AAd@ 0000000140012364     runtime_dbg.o
 0002:000023fc       ??_C@_1CK@NBHIMJGA@?$AAc?$AAa?$AAl?$AAl?$AAi?$AAn?$AAg?$AA?5?$AAw?$AAo?$AAr?$AAk?$AAe?$AAr?$AA?5?$AA?$CF?$AAl?$AAl?$AAd?$AA?6?$AA?$AA@ 00000001400123fc     runtime_dbg.o
 0002:0000242e       ??_C@_1CE@FDGKEBHI@?$AAA?$AAR?$AAG?$AA?$FL?$AA?$CF?$AAl?$AAl?$AAd?$AA?$FN?$AA?5?$AA?$DN?$AA?5?$AA?$CF?$AAl?$AAl?$AAd?$AA?6?$AA?$AA@ 000000014001242e     runtime_dbg.o
 0002:0000245a       ??_C@_1EE@IHBKLDNM@?$AAo?$AAu?$AAt?$AAp?$AAu?$AAt?$AA?5?$AAi?$AAs?$AA?5?$AA?$CF?$AAp?$AA?5?$AA?$FL?$AA?9?$AA?$DO?$AAt?$AAo?$AA?5?$AAp?$AAr?$AAo?$AAm?$AAi?$AAs?$AAe?$AA?5?$AA?$CF?$AAl?$AAl?$AAd?$AA?$FN@ 000000014001245a     runtime_dbg.o
 0002:000024ac       ??_C@_1CO@MGEJJCCL@?$AAr?$AAe?$AAt?$AAu?$AAr?$AAn?$AAe?$AAd?$AA?5?$AA?$CL?$AA?5?$AAE?$AAr?$AAr?$AAo?$AAr?$AA?$DN?$AA?$CF?$AAl?$AAl?$AAd?$AA?6?$AA?$AA@ 00000001400124ac     runtime_dbg.o
 0002:000024e4       ??_C@_1FE@PPKJADDP@?$AAW?$AAa?$AAn?$AAt?$AA?5?$AAr?$AAu?$AAn?$AA?5?$AAr?$AAe?$AAm?$AAo?$AAt?$AAe?$AA?0?$AA?5?$AAb?$AAu?$AAt?$AA?3?$AA?5?$AA?$CF?$AAl?$AAl?$AAd?$AA?5?$AA?$CF?$AAl?$AAl?$AAd?$AA?5@ 00000001400124e4     runtime_dbg.o
 0002:00002548       ??_C@_1GC@JGFAAALF@?$AAS?$AAt?$AAa?$AAr?$AAt?$AAi?$AAn?$AAg?$AA?5?$AAn?$AAe?$AAw?$AA?5?$AAl?$AAo?$AAc?$AAa?$AAl?$AA?5?$AAw?$AAo?$AAr?$AAk?$AAe?$AAr?$AA?5?$AA?$CF?$AAl?$AAl?$AAd?$AA?5?$AA?$FL@ 0000000140012548     runtime_dbg.o
 0002:000025be       ??_C@_1FC@NMNADHLK@?$AAC?$AAa?$AAl?$AAl?$AAi?$AAn?$AAg?$AA?5?$AAw?$AAo?$AAr?$AAk?$AAe?$AAr?$AA?5?$AA?$CF?$AAl?$AAl?$AAd?$AA?5?$AA?$FL?$AAd?$AAa?$AAt?$AAa?$AA?$DN?$AA?$CF?$AAp?$AA?0?$AA?5?$AAm?$AAo@ 00000001400125be     runtime_dbg.o
 0002:00002620       ??_C@_1BC@GMOKLPI@?$AAT?$AAa?$AAb?$AAl?$AAe?$AA?5?$AA?$DN?$AA?5?$AA?$AA@ 0000000140012620     runtime_dbg.o
 0002:00002636       ??_C@_1EG@KLACJNPC@?$AAE?$AAr?$AAr?$AAo?$AAr?$AA?3?$AA?5?$AAt?$AAh?$AAi?$AAs?$AA?5?$AAi?$AAs?$AAn?$AA?8?$AAt?$AA?5?$AAh?$AAi?$AAv?$AAe?$AA?5?$AAe?$AAx?$AAe?$AAc?$AAu?$AAt?$AAa?$AAb?$AAl@ 0000000140012636     runtime_dbg.o
 0002:0000268a       ??_C@_1GG@OIFEBPCL@?$AAE?$AAr?$AAr?$AAo?$AAr?$AA?3?$AA?5?$AAt?$AAh?$AAi?$AAs?$AA?5?$AAi?$AAs?$AA?5?$AAe?$AAx?$AAe?$AAc?$AAu?$AAt?$AAa?$AAb?$AAl?$AAe?$AA?5?$AAo?$AAf?$AA?5?$AAn?$AAo?$AAt@ 000000014001268a     runtime_dbg.o
 0002:00002704       ??_C@_1DC@FFLNADD@?$AAE?$AAr?$AAr?$AAo?$AAr?$AA?3?$AA?5?$AAw?$AAi?$AAn?$AAa?$AAp?$AAi?$AA?5?$AAe?$AAr?$AAr?$AAo?$AAr?$AA?5?$AA?$CF?$AAl?$AAd?$AA?6?$AA?$AA@ 0000000140012704     runtime_dbg.o
 0002:00002740       ??_C@_1BK@JJBOCJJN@?$AAs?$AAe?$AAt?$AA?5?$AAt?$AAo?$AA?5?$AA?$CF?$AAl?$AAl?$AAd?$AA?5?$AA?$AA@ 0000000140012740     runtime_dbg.o
 0002:00002760       ??_C@_1BA@LPJEKMJJ@?$AAp?$AAt?$AAr?$AA?$DN?$AA?$CF?$AAp?$AA?6?$AA?$AA@ 0000000140012760     runtime_dbg.o
 0002:00002774       ??_C@_1IG@FGNNCHGH@?$AAw?$AAo?$AAr?$AAk?$AAe?$AAr?$AA?5?$AA?$CF?$AAl?$AAl?$AAd?$AA?5?$AAi?$AAs?$AA?5?$AAd?$AAl?$AAl?$AA?5?$AAc?$AAa?$AAl?$AAl?$AA?5?$AAo?$AAf?$AA?5?$AAl?$AAi?$AAb?$AAr?$AAa@ 0000000140012774     runtime_dbg.o
 0002:00002814       ??_C@_1CG@BIKDCCPC@?$AAs?$AAt?$AAa?$AAc?$AAk?$AA?5?$AAu?$AAs?$AAa?$AAg?$AAe?$AA?3?$AA?5?$AA?$CF?$AAl?$AAl?$AAd?$AA?6?$AA?$AA@ 0000000140012814     runtime_dbg.o
 0002:00002842       ??_C@_1GK@IGPNAPLE@?$AAo?$AAu?$AAt?$AAp?$AAu?$AAt?$AA?5?$AAh?$AAa?$AAv?$AAe?$AA?5?$AAs?$AAi?$AAz?$AAe?$AA?5?$AA?$CF?$AAl?$AAl?$AAd?$AA?5?$AA?$FL?$AAa?$AAn?$AAd?$AA?5?$AAa?$AAr?$AAg?$AAs?$AA?5@ 0000000140012842     runtime_dbg.o
 0002:000028c2       ??_C@_1DM@EEDFDKOL@?$AAa?$AAr?$AAg?$AAu?$AAm?$AAe?$AAn?$AAt?$AA?5?$AA?$CF?$AAl?$AAl?$AAd?$AA?5?$AAh?$AAa?$AAv?$AAe?$AA?5?$AAs?$AAi?$AAz?$AAe?$AA?5?$AA?$CF?$AAl?$AAl?$AAd?$AA?6?$AA?$AA@ 00000001400128c2     runtime_dbg.o
 0002:0000290a       ??_C@_1KA@EGEHPIHI@?$AAW?$AAo?$AAr?$AAk?$AAe?$AAr?$AA?5?$AA?$CF?$AAl?$AAl?$AAd?$AA?5?$AAh?$AAa?$AAv?$AAe?$AA?5?$AAb?$AAe?$AAe?$AAn?$AA?5?$AAl?$AAo?$AAa?$AAd?$AAe?$AAd?$AA?5?$AAt?$AAo?$AA?5@ 000000014001290a     runtime_dbg.o
 0002:000029ca       ??_C@_1HI@GNCDLKLI@?$AAE?$AAr?$AAr?$AAo?$AAr?$AA?3?$AA?5?$AAr?$AAu?$AAn?$AAt?$AAi?$AAm?$AAe?$AA?5?$AAd?$AAo?$AAe?$AAs?$AAn?$AA?8?$AAt?$AA?5?$AAs?$AAu?$AAp?$AAp?$AAo?$AAr?$AAt?$AA?5?$AAs@ 00000001400129ca     runtime_dbg.o
 0002:00002a5a       ??_C@_1EC@HLLMLNEL@?$AAE?$AAr?$AAr?$AAo?$AAr?$AA?3?$AA?5?$AAu?$AAn?$AAk?$AAn?$AAo?$AAw?$AAn?$AA?5?$AAh?$AAe?$AAa?$AAd?$AAe?$AAr?$AA?5?$AAt?$AAy?$AAp?$AAe?$AA?5?$AA?$CF?$AAl?$AAl?$AAd?$AA?6@ 0000000140012a5a     runtime_dbg.o
 0002:00002aaa       ??_C@_1CC@DEIAIPBB@?$AA?4?$AA?4?$AA?1?$AA?4?$AA?4?$AA?1?$AA?4?$AA?4?$AA?1?$AAr?$AAe?$AAs?$AA?4?$AAb?$AAi?$AAn?$AA?$AA@ 0000000140012aaa     runtime_dbg.o
 0002:00002ad2       ??_C@_1FC@OGJDIOEJ@?$AAE?$AAr?$AAr?$AAo?$AAr?$AA?3?$AA?5?$AAc?$AAa?$AAn?$AA?8?$AAt?$AA?5?$AAo?$AAp?$AAe?$AAn?$AA?5?$AA?4?$AA?4?$AA?1?$AA?4?$AA?4?$AA?1?$AA?4?$AA?4?$AA?1?$AAr?$AAe?$AAs?$AA?4?$AAb@ 0000000140012ad2     runtime_dbg.o
 0002:00002b34       ??_C@_1DA@COAPAANM@?$AAE?$AAr?$AAr?$AAo?$AAr?$AA?3?$AA?5?$AAa?$AAt?$AA?5?$AAl?$AAo?$AAa?$AAd?$AAi?$AAn?$AAg?$AA?5?$AAf?$AAi?$AAl?$AAe?$AA?6?$AA?$AA@ 0000000140012b34     runtime_dbg.o
 0002:00002b6e       ??_C@_1DM@FEOJJAHB@?$AAS?$AAt?$AAa?$AAr?$AAt?$AAi?$AAn?$AAg?$AA?5?$AAw?$AAi?$AAt?$AAh?$AAo?$AAu?$AAt?$AA?5?$AAa?$AAn?$AAy?$AA?5?$AAw?$AAo?$AAr?$AAk?$AAe?$AAr?$AAs?$AA?6?$AA?$AA@ 0000000140012b6e     runtime_dbg.o
 0002:00002bb6       ??_C@_1CG@PNBFEFIC@?$AAR?$AAE?$AAA?$AAD?$AAI?$AAN?$AAG?$AA?5?$AAI?$AAN?$AAP?$AAU?$AAT?$AA?5?$AAA?$AAS?$AA?3?$AA?5?$AA?$AA@ 0000000140012bb6     runtime_dbg.o
 0002:00002be4       ??_C@_1M@HLHACGAA@?$AA?$CF?$AAl?$AAl?$AAd?$AA?5?$AA?$AA@ 0000000140012be4     runtime_dbg.o
 0002:00002bf2       ??_C@_1CO@DCKAPNAK@?$AAw?$AAa?$AAi?$AAt?$AAi?$AAn?$AAg?$AA?5?$AAs?$AAt?$AAa?$AAr?$AAt?$AAu?$AAp?$AA?5?$AAp?$AAa?$AAg?$AAe?$AAs?$AA?6?$AA?$AA@ 0000000140012bf2     runtime_dbg.o
 0002:00002c2a       ??_C@_1EI@OLFKDNEP@?$AAE?$AAr?$AAr?$AAo?$AAr?$AA?3?$AA?5?$AAa?$AAl?$AAl?$AAo?$AAc?$AAa?$AAt?$AAe?$AAd?$AA?5?$AAa?$AAr?$AAr?$AAa?$AAy?$AA?5?$AAi?$AAs?$AAn?$AA?8?$AAt?$AA?5?$AAl?$AAo?$AAc@ 0000000140012c2a     runtime_dbg.o
 0002:00002c80       ??_C@_1BM@MGOLOELI@?$AAr?$AAe?$AAs?$AAC?$AAo?$AAd?$AAe?$AAI?$AAd?$AA?$DN?$AA?$CF?$AAp?$AA?6?$AA?$AA@ 0000000140012c80     runtime_dbg.o
 0002:00002ca2       ??_C@_1BI@KEMCAKCM@?$AAR?$AAu?$AAn?$AAn?$AAi?$AAn?$AAg?$AA?4?$AA?4?$AA?4?$AA?6?$AA?$AA@ 0000000140012ca2     runtime_dbg.o
 0002:00002cbe       ??_C@_1DM@HCILGOPA@?$AAF?$AAa?$AAi?$AAl?$AAe?$AAd?$AA?5?$AAt?$AAo?$AA?5?$AAc?$AAr?$AAe?$AAa?$AAt?$AAe?$AA?5?$AAt?$AAh?$AAr?$AAe?$AAa?$AAd?$AA?5?$AA?$CF?$AAl?$AAl?$AAd?$AA?6?$AA?$AA@ 0000000140012cbe     runtime_dbg.o
 0002:00002d06       ??_C@_1CE@FBEJGOMB@?$AAP?$AAr?$AAo?$AAg?$AAr?$AAa?$AAm?$AA?5?$AAf?$AAi?$AAn?$AAi?$AAs?$AAh?$AAe?$AAd?$AA?6?$AA?$AA@ 0000000140012d06     runtime_dbg.o
 0002:00002d32       ??_C@_1EK@FDFELEEK@?$AAR?$AAe?$AAs?$AAu?$AAl?$AAt?$AA?5?$AAp?$AAr?$AAo?$AAm?$AAi?$AAs?$AAe?$AA?5?$AAn?$AAo?$AAt?$AA?5?$AAf?$AAo?$AAu?$AAn?$AAd?$AA?5?$AAo?$AAn?$AA?5?$AAm?$AAa?$AAc?$AAh@ 0000000140012d32     runtime_dbg.o
 0002:00002d8a       ??_C@_1DO@BFPIHEIA@?$AAP?$AAr?$AAo?$AAg?$AAr?$AAa?$AAm?$AA?5?$AAe?$AAx?$AAi?$AAt?$AAe?$AAd?$AA?5?$AAw?$AAi?$AAt?$AAh?$AA?5?$AAc?$AAo?$AAd?$AAe?$AA?5?$AA?$CF?$AAl?$AAl?$AAx?$AA?6?$AA?$AA@ 0000000140012d8a     runtime_dbg.o
 0002:00002dd4       ??_C@_1CK@DKIDNDNE@?$AAP?$AAr?$AAe?$AAs?$AAs?$AA?5?$AAC?$AAt?$AAr?$AAl?$AA?$CL?$AAC?$AA?5?$AAt?$AAo?$AA?5?$AAe?$AAn?$AAd?$AA?6?$AA?$AA@ 0000000140012dd4     runtime_dbg.o
 0002:00002e06       ??_C@_1GO@CEANDIOF@?$AAR?$AAe?$AAs?$AAu?$AAl?$AAt?$AA?5?$AAo?$AAf?$AA?5?$AAm?$AAa?$AAi?$AAn?$AA?5?$AAf?$AAu?$AAn?$AAc?$AAt?$AAi?$AAo?$AAn?$AA?5?$AAi?$AAs?$AAn?$AA?8?$AAt?$AA?5?$AAr?$AAe@ 0000000140012e06     runtime_dbg.o
 0002:00002e90       RtlNtPathSeperatorString   0000000140012e90     ws2_32:indef.obj
 0002:00002ea4       ??_C@_13FPGAJAPJ@?$AA?2@   0000000140012ea4     ws2_32:indef.obj
 0002:00002ea8       RtlDosPathSeperatorsString 0000000140012ea8     ws2_32:indef.obj
 0002:00002ebc       ??_C@_15MNCACJLI@?$AA?2?$AA?1@ 0000000140012ebc     ws2_32:indef.obj
 0002:00002ec8       RtlAlternateDosPathSeperatorString 0000000140012ec8     ws2_32:indef.obj
 0002:00002edc       ??_C@_13CGOKJPIL@?$AA?1@   0000000140012edc     ws2_32:indef.obj
 0002:00002ef4       eui48_broadcast            0000000140012ef4     ws2_32:indef.obj
 0002:00002efc       scopeid_unspecified        0000000140012efc     ws2_32:indef.obj
 0002:00002f00       in4addr_any                0000000140012f00     ws2_32:indef.obj
 0002:00002f04       in4addr_loopback           0000000140012f04     ws2_32:indef.obj
 0002:00002f08       in4addr_broadcast          0000000140012f08     ws2_32:indef.obj
 0002:00002f0c       in4addr_allnodesonlink     0000000140012f0c     ws2_32:indef.obj
 0002:00002f10       in4addr_allroutersonlink   0000000140012f10     ws2_32:indef.obj
 0002:00002f14       in4addr_alligmpv3routersonlink 0000000140012f14     ws2_32:indef.obj
 0002:00002f18       in4addr_allteredohostsonlink 0000000140012f18     ws2_32:indef.obj
 0002:00002f1c       in4addr_linklocalprefix    0000000140012f1c     ws2_32:indef.obj
 0002:00002f20       in4addr_multicastprefix    0000000140012f20     ws2_32:indef.obj
 0002:00002f28       in6addr_any                0000000140012f28     ws2_32:indef.obj
 0002:00002f40       in6addr_loopback           0000000140012f40     ws2_32:indef.obj
 0002:00002f58       in6addr_allnodesonnode     0000000140012f58     ws2_32:indef.obj
 0002:00002f70       in6addr_allnodesonlink     0000000140012f70     ws2_32:indef.obj
 0002:00002f88       in6addr_allroutersonlink   0000000140012f88     ws2_32:indef.obj
 0002:00002fa0       in6addr_allmldv2routersonlink 0000000140012fa0     ws2_32:indef.obj
 0002:00002fb8       in6addr_teredoinitiallinklocaladdress 0000000140012fb8     ws2_32:indef.obj
 0002:00002fd0       in6addr_linklocalprefix    0000000140012fd0     ws2_32:indef.obj
 0002:00002fe8       in6addr_multicastprefix    0000000140012fe8     ws2_32:indef.obj
 0002:00003000       in6addr_solicitednodemulticastprefix 0000000140013000     ws2_32:indef.obj
 0002:00003018       in6addr_v4mappedprefix     0000000140013018     ws2_32:indef.obj
 0002:00003030       in6addr_6to4prefix         0000000140013030     ws2_32:indef.obj
 0002:00003048       in6addr_teredoprefix       0000000140013048     ws2_32:indef.obj
 0002:00003060       in6addr_teredoprefix_old   0000000140013060     ws2_32:indef.obj
 0002:00003078       BUGCHECK_EFI_GUID          0000000140013078     ws2_32:indef.obj
 0003:00000000       server_port                0000000140014000     remote_dbg.o
 0003:00000008       thisServerId               0000000140014008     remote_dbg.o
 0003:00000440       context                    0000000140014440     asm_dbg.o
 0003:00000838       AddressFamilyInformation   0000000140014838     ws2_32:indef.obj
 0003:00000970       connections_lock           0000000140014970     api_dbg.o
 0003:00000978       connections_len            0000000140014978     api_dbg.o
 0003:00000980       pages_lock                 0000000140014980     api_dbg.o
 0003:00000988       pages_len                  0000000140014988     api_dbg.o
 0003:00000990       known_id_broadcasts        0000000140014990     api_dbg.o
 0003:000009b0       known_page_broadcasts      00000001400149b0     api_dbg.o
 0003:000009d0       known_path_broadcasts      00000001400149d0     api_dbg.o
 0003:000009f0       known_path_id_broadcasts   00000001400149f0     api_dbg.o
 0003:00000a10       local_objects              0000000140014a10     api_dbg.o
 0003:00000a30       known_objects              0000000140014a30     api_dbg.o
 0003:00000a50       query_requests             0000000140014a50     api_dbg.o
 0003:00000a70       push_requests              0000000140014a70     api_dbg.o
 0003:00000a90       known_hives                0000000140014a90     api_dbg.o
 0003:00000ab0       connections                0000000140014ab0     api_dbg.o
 0003:00002ab0       pages                      0000000140016ab0     api_dbg.o
 0003:00003fc0       ServerIdGetLock            0000000140017fc0     remote_dbg.o
 0003:00003fc8       next_local_id              0000000140017fc8     remote_dbg.o
 0003:00003fd0       hIOCP                      0000000140017fd0     remote_dbg.o
 0003:00004990       hHeap                      0000000140018990     runtime_lib_dbg.o
 0003:00004998       hInput                     0000000140018998     runtime_lib_dbg.o
 0003:000049a0       buf                        00000001400189a0     runtime_lib_dbg.o
 0003:000059a0       hOutput                    00000001400199a0     runtime_lib_dbg.o
 0003:000059a8       frequency                  00000001400199a8     runtime_lib_dbg.o
 0003:00005cf0       Workers                    0000000140019cf0     runtime_dbg.o
 0003:00006650       wait_list_lock             000000014001a650     runtime_dbg.o
 0003:00006658       wait_list_len              000000014001a658     runtime_dbg.o
 0003:00006660       queue_lock                 000000014001a660     runtime_dbg.o
 0003:00006668       queue_len                  000000014001a668     runtime_dbg.o
 0003:00006670       wait_list                  000000014001a670     runtime_dbg.o
 0003:000c9b70       queue                      00000001400ddb70     runtime_dbg.o
 0003:000dd3f0       defined_arrays             00000001400f13f0     runtime_dbg.o
 0003:000dd3f8       dwTlsIndex                 00000001400f13f8     runtime_dbg.o
 0003:00108565       ExPoolZeroingNativelySupported 000000014011c565     ws2_32:indef.obj
 0004:00000000       __imp_TlsSetValue          000000014011d000     kernel32:KERNEL32.dll
 0004:00000008       __imp_WaitForMultipleObjects 000000014011d008     kernel32:KERNEL32.dll
 0004:00000010       __imp_AcquireSRWLockShared 000000014011d010     kernel32:KERNEL32.dll
 0004:00000018       __imp_ReleaseSRWLockShared 000000014011d018     kernel32:KERNEL32.dll
 0004:00000020       __imp_AcquireSRWLockExclusive 000000014011d020     kernel32:KERNEL32.dll
 0004:00000028       __imp_ReleaseSRWLockExclusive 000000014011d028     kernel32:KERNEL32.dll
 0004:00000030       __imp_TlsGetValue          000000014011d030     kernel32:KERNEL32.dll
 0004:00000038       __imp_ExitProcess          000000014011d038     kernel32:KERNEL32.dll
 0004:00000040       __imp_CreateIoCompletionPort 000000014011d040     kernel32:KERNEL32.dll
 0004:00000048       __imp_GetLastError         000000014011d048     kernel32:KERNEL32.dll
 0004:00000050       __imp_FormatMessageW       000000014011d050     kernel32:KERNEL32.dll
 0004:00000058       __imp_CreateThread         000000014011d058     kernel32:KERNEL32.dll
 0004:00000060       __imp_Sleep                000000014011d060     kernel32:KERNEL32.dll
 0004:00000068       __imp_TryAcquireSRWLockExclusive 000000014011d068     kernel32:KERNEL32.dll
 0004:00000070       __imp_GetQueuedCompletionStatus 000000014011d070     kernel32:KERNEL32.dll
 0004:00000078       __imp_HeapAlloc            000000014011d078     kernel32:KERNEL32.dll
 0004:00000080       __imp_MultiByteToWideChar  000000014011d080     kernel32:KERNEL32.dll
 0004:00000088       __imp_WriteConsoleW        000000014011d088     kernel32:KERNEL32.dll
 0004:00000090       __imp_HeapFree             000000014011d090     kernel32:KERNEL32.dll
 0004:00000098       __imp_GetConsoleMode       000000014011d098     kernel32:KERNEL32.dll
 0004:000000a0       __imp_ReadConsoleW         000000014011d0a0     kernel32:KERNEL32.dll
 0004:000000a8       __imp_ReadFile             000000014011d0a8     kernel32:KERNEL32.dll
 0004:000000b0       __imp_QueryPerformanceCounter 000000014011d0b0     kernel32:KERNEL32.dll
 0004:000000b8       __imp_QueryPerformanceFrequency 000000014011d0b8     kernel32:KERNEL32.dll
 0004:000000c0       __imp_GetStdHandle         000000014011d0c0     kernel32:KERNEL32.dll
 0004:000000c8       __imp_GetProcessHeap       000000014011d0c8     kernel32:KERNEL32.dll
 0004:000000d0       __imp_VirtualAlloc         000000014011d0d0     kernel32:KERNEL32.dll
 0004:000000d8       __imp_LoadLibraryA         000000014011d0d8     kernel32:KERNEL32.dll
 0004:000000e0       __imp_GetProcAddress       000000014011d0e0     kernel32:KERNEL32.dll
 0004:000000e8       __imp_GetCommandLineW      000000014011d0e8     kernel32:KERNEL32.dll
 0004:000000f0       __imp_TlsAlloc             000000014011d0f0     kernel32:KERNEL32.dll
 0004:000000f8       __imp_CreateFileW          000000014011d0f8     kernel32:KERNEL32.dll
 0004:00000100       __imp_GetFileSizeEx        000000014011d100     kernel32:KERNEL32.dll
 0004:00000108       __imp_CloseHandle          000000014011d108     kernel32:KERNEL32.dll
 0004:00000110       __imp_TlsFree              000000014011d110     kernel32:KERNEL32.dll
 0004:00000118       \177KERNEL32_NULL_THUNK_DATA 000000014011d118     kernel32:KERNEL32.dll
 0004:000001a8       __imp_CommandLineToArgvW   000000014011d1a8     shell32:SHELL32.dll
 0004:000001b0       \177SHELL32_NULL_THUNK_DATA 000000014011d1b0     shell32:SHELL32.dll
 0004:00000208       __imp_accept               000000014011d208     ws2_32:WS2_32.dll
 0004:00000210       __imp_listen               000000014011d210     ws2_32:WS2_32.dll
 0004:00000218       __imp_getpeername          000000014011d218     ws2_32:WS2_32.dll
 0004:00000220       __imp_inet_ntop            000000014011d220     ws2_32:WS2_32.dll
 0004:00000228       __imp_ntohs                000000014011d228     ws2_32:WS2_32.dll
 0004:00000230       __imp_WSARecv              000000014011d230     ws2_32:WS2_32.dll
 0004:00000238       __imp_send                 000000014011d238     ws2_32:WS2_32.dll
 0004:00000240       __imp_socket               000000014011d240     ws2_32:WS2_32.dll
 0004:00000248       __imp_connect              000000014011d248     ws2_32:WS2_32.dll
 0004:00000250       __imp_closesocket          000000014011d250     ws2_32:WS2_32.dll
 0004:00000258       __imp_getaddrinfo          000000014011d258     ws2_32:WS2_32.dll
 0004:00000260       __imp_freeaddrinfo         000000014011d260     ws2_32:WS2_32.dll
 0004:00000268       __imp_WSAStartup           000000014011d268     ws2_32:WS2_32.dll
 0004:00000270       __imp_setsockopt           000000014011d270     ws2_32:WS2_32.dll
 0004:00000278       __imp_htons                000000014011d278     ws2_32:WS2_32.dll
 0004:00000280       __imp_bind                 000000014011d280     ws2_32:WS2_32.dll
 0004:00000288       __imp_getsockname          000000014011d288     ws2_32:WS2_32.dll
 0004:00000290       \177WS2_32_NULL_THUNK_DATA 000000014011d290     ws2_32:WS2_32.dll
 0004:00000300       __imp_BCryptGenRandom      000000014011d300     bcrypt:bcrypt.dll
 0004:00000308       \177bcrypt_NULL_THUNK_DATA 000000014011d308     bcrypt:bcrypt.dll
 0004:00000360       __IMPORT_DESCRIPTOR_SHELL32 000000014011d360     shell32:SHELL32.dll
 0004:00000374       __IMPORT_DESCRIPTOR_KERNEL32 000000014011d374     kernel32:KERNEL32.dll
 0004:00000388       __IMPORT_DESCRIPTOR_bcrypt 000000014011d388     bcrypt:bcrypt.dll
 0004:0000039c       __IMPORT_DESCRIPTOR_WS2_32 000000014011d39c     ws2_32:WS2_32.dll
 0004:000003b0       __NULL_IMPORT_DESCRIPTOR   000000014011d3b0     shell32:SHELL32.dll

 entry point at        0001:00000014

 Static symbols

 0000:ffee2000       .debug$S                   0000000140000000     bcrypt:bcrypt.dll
 0000:ffee2000       .debug$S                   0000000140000000     kernel32:KERNEL32.dll
 0000:ffee2000       .debug$S                   0000000140000000     kernel32:KERNEL32.dll
 0000:ffee2000       .debug$S                   0000000140000000     kernel32:KERNEL32.dll
 0000:ffee2000       .debug$S                   0000000140000000     kernel32:KERNEL32.dll
 0000:ffee2000       .debug$S                   0000000140000000     kernel32:KERNEL32.dll
 0000:ffee2000       .debug$S                   0000000140000000     kernel32:KERNEL32.dll
 0000:ffee2000       .debug$S                   0000000140000000     kernel32:KERNEL32.dll
 0000:ffee2000       .debug$S                   0000000140000000     kernel32:KERNEL32.dll
 0000:ffee2000       .debug$S                   0000000140000000     kernel32:KERNEL32.dll
 0000:ffee2000       .debug$S                   0000000140000000     kernel32:KERNEL32.dll
 0000:ffee2000       .debug$S                   0000000140000000     kernel32:KERNEL32.dll
 0000:ffee2000       .debug$S                   0000000140000000     kernel32:KERNEL32.dll
 0000:ffee2000       .debug$S                   0000000140000000     kernel32:KERNEL32.dll
 0000:ffee2000       .debug$S                   0000000140000000     kernel32:KERNEL32.dll
 0000:ffee2000       .debug$S                   0000000140000000     kernel32:KERNEL32.dll
 0000:ffee2000       .debug$S                   0000000140000000     kernel32:KERNEL32.dll
 0000:ffee2000       .debug$S                   0000000140000000     kernel32:KERNEL32.dll
 0000:ffee2000       .debug$S                   0000000140000000     kernel32:KERNEL32.dll
 0000:ffee2000       .debug$S                   0000000140000000     kernel32:KERNEL32.dll
 0000:ffee2000       .debug$S                   0000000140000000     kernel32:KERNEL32.dll
 0000:ffee2000       .debug$S                   0000000140000000     kernel32:KERNEL32.dll
 0000:ffee2000       .debug$S                   0000000140000000     kernel32:KERNEL32.dll
 0000:ffee2000       .debug$S                   0000000140000000     kernel32:KERNEL32.dll
 0000:ffee2000       .debug$S                   0000000140000000     kernel32:KERNEL32.dll
 0000:ffee2000       .debug$S                   0000000140000000     kernel32:KERNEL32.dll
 0000:ffee2000       .debug$S                   0000000140000000     kernel32:KERNEL32.dll
 0000:ffee2000       .debug$S                   0000000140000000     kernel32:KERNEL32.dll
 0000:ffee2000       .debug$S                   0000000140000000     kernel32:KERNEL32.dll
 0000:ffee2000       .debug$S                   0000000140000000     kernel32:KERNEL32.dll
 0000:ffee2000       .debug$S                   0000000140000000     kernel32:KERNEL32.dll
 0000:ffee2000       .debug$S                   0000000140000000     kernel32:KERNEL32.dll
 0000:ffee2000       .debug$S                   0000000140000000     kernel32:KERNEL32.dll
 0000:ffee2000       .debug$S                   0000000140000000     kernel32:KERNEL32.dll
 0000:ffee2000       .debug$S                   0000000140000000     kernel32:KERNEL32.dll
 0000:ffee2000       .debug$S                   0000000140000000     kernel32:KERNEL32.dll
 0000:ffee2000       .debug$S                   0000000140000000     shell32:SHELL32.dll
 0000:ffee2000       .debug$S                   0000000140000000     ws2_32:WS2_32.dll
 0000:ffee2000       .debug$S                   0000000140000000     ws2_32:WS2_32.dll
 0000:ffee2000       .debug$S                   0000000140000000     ws2_32:WS2_32.dll
 0000:ffee2000       .debug$S                   0000000140000000     ws2_32:WS2_32.dll
 0000:ffee2000       .debug$S                   0000000140000000     ws2_32:WS2_32.dll
 0000:ffee2000       .debug$S                   0000000140000000     ws2_32:WS2_32.dll
 0000:ffee2000       .debug$S                   0000000140000000     ws2_32:WS2_32.dll
 0000:ffee2000       .debug$S                   0000000140000000     ws2_32:WS2_32.dll
 0000:ffee2000       .debug$S                   0000000140000000     ws2_32:WS2_32.dll
 0000:ffee2000       .debug$S                   0000000140000000     ws2_32:WS2_32.dll
 0000:ffee2000       .debug$S                   0000000140000000     ws2_32:WS2_32.dll
 0000:ffee2000       .debug$S                   0000000140000000     ws2_32:WS2_32.dll
 0000:ffee2000       .debug$S                   0000000140000000     ws2_32:WS2_32.dll
 0000:ffee2000       .debug$S                   0000000140000000     ws2_32:WS2_32.dll
 0000:ffee2000       .debug$S                   0000000140000000     ws2_32:WS2_32.dll
 0000:ffee2000       .debug$S                   0000000140000000     ws2_32:WS2_32.dll
 0000:ffee2000       .debug$S                   0000000140000000     ws2_32:WS2_32.dll
 0001:00000450       GetKnownHiveHash           0000000140001450 f   api_dbg.o
 0001:00004740       Worker                     0000000140005740 f   remote_dbg.o
 0001:00004ce0       ConnectionListnerWorker    0000000140005ce0 f   remote_dbg.o
 0001:00004eb0       PagesAllocator             0000000140005eb0 f   remote_dbg.o
 0001:00004f70       StateSender                0000000140005f70 f   remote_dbg.o
 0001:00004f90       HandleApiCall              0000000140005f90 f   remote_dbg.o
 0001:0000bba0       .text                      000000014000cba0     asm_dbg.o
 0002:00002ee0       BFE_GENERIC_MAPPING        0000000140012ee0     ws2_32:indef.obj
 0002:00003090       IPSEC_AUTH_TRANSFORM_ID_HMAC_MD5_96 0000000140013090     ws2_32:indef.obj
 0002:000030a0       IPSEC_AUTH_TRANSFORM_ID_HMAC_SHA_1_96 00000001400130a0     ws2_32:indef.obj
 0002:000030b0       IPSEC_AUTH_TRANSFORM_ID_HMAC_SHA_256_128 00000001400130b0     ws2_32:indef.obj
 0002:000030c0       IPSEC_AUTH_TRANSFORM_ID_GCM_AES_128 00000001400130c0     ws2_32:indef.obj
 0002:000030d0       IPSEC_AUTH_TRANSFORM_ID_GCM_AES_192 00000001400130d0     ws2_32:indef.obj
 0002:000030e0       IPSEC_AUTH_TRANSFORM_ID_GCM_AES_256 00000001400130e0     ws2_32:indef.obj
 0002:000030f0       IPSEC_CIPHER_TRANSFORM_ID_CBC_DES 00000001400130f0     ws2_32:indef.obj
 0002:00003100       IPSEC_CIPHER_TRANSFORM_ID_CBC_3DES 0000000140013100     ws2_32:indef.obj
 0002:00003110       IPSEC_CIPHER_TRANSFORM_ID_AES_128 0000000140013110     ws2_32:indef.obj
 0002:00003120       IPSEC_CIPHER_TRANSFORM_ID_AES_192 0000000140013120     ws2_32:indef.obj
 0002:00003130       IPSEC_CIPHER_TRANSFORM_ID_AES_256 0000000140013130     ws2_32:indef.obj
 0002:00003140       IPSEC_CIPHER_TRANSFORM_ID_GCM_AES_128 0000000140013140     ws2_32:indef.obj
 0002:00003150       IPSEC_CIPHER_TRANSFORM_ID_GCM_AES_192 0000000140013150     ws2_32:indef.obj
 0002:00003160       IPSEC_CIPHER_TRANSFORM_ID_GCM_AES_256 0000000140013160     ws2_32:indef.obj
 0003:00000040       .data                      0000000140014040     asm_dbg.o
 0003:00003fe0       gai_strerrorW.buff         0000000140017fe0     remote_dbg.o
 0003:00108564       WFP_TRACE_NULL_DATA        000000014011c564     ws2_32:indef.obj
 0004:0000073e       .idata$6                   000000014011d73e     shell32:SHELL32.dll
 0004:000009ca       .idata$6                   000000014011d9ca     kernel32:KERNEL32.dll
 0004:000009ea       .idata$6                   000000014011d9ea     bcrypt:bcrypt.dll
 0004:00000a2a       .idata$6                   000000014011da2a     ws2_32:WS2_32.dll
