 d

 Timestamp is 6989347d (Mon Feb  9 04:12:29 2026)

 Preferred load address is 0000000140000000

 Start         Length     Name                   Class
 0001:00000000 0001385eH .text                   CODE
 0001:0001385e 0000121cH .text$mn                CODE
 0002:00000000 00005244H .rdata                  DATA
 0002:00005243 00000000H .edata                  DATA
 0002:00005244 00000164H .rdata$zzzdbg           DATA
 0003:00000000 00000420H .data                   DATA
 0003:00000420 00108705H .bss                    DATA
 0004:00000000 00000460H .idata$5                DATA
 0004:00000460 00000064H .idata$2                DATA
 0004:000004c4 00000014H .idata$3                DATA
 0004:000004d8 00000460H .idata$4                DATA
 0004:00000938 00000607H .idata$6                DATA

  Address         Publics by Value              Rva+Base               Lib:Object

 0000:00000000       __AbsoluteZero             0000000000000000     <absolute>
 0000:00000000       ___safe_se_handler_count   0000000000000000     <absolute>
 0000:00000000       ___safe_se_handler_table   0000000000000000     <absolute>
 0000:00000000       __arm64x_extra_rfe_table   0000000000000000     <absolute>
 0000:00000000       __arm64x_extra_rfe_table_size 0000000000000000     <absolute>
 0000:00000000       __arm64x_native_entrypoint 0000000000000000     <absolute>
 0000:00000000       __arm64x_redirection_metadata 0000000000000000     <absolute>
 0000:00000000       __arm64x_redirection_metadata_count 0000000000000000     <absolute>
 0000:00000000       __dynamic_value_reloc_table 0000000000000000     <absolute>
 0000:00000000       __enclave_config           0000000000000000     <absolute>
 0000:00000000       __guard_check_icall_a64n_fptr 0000000000000000     <absolute>
 0000:00000000       __guard_eh_cont_count      0000000000000000     <absolute>
 0000:00000000       __guard_eh_cont_table      0000000000000000     <absolute>
 0000:00000000       __guard_fids_count         0000000000000000     <absolute>
 0000:00000000       __guard_fids_table         0000000000000000     <absolute>
 0000:00000000       __guard_iat_count          0000000000000000     <absolute>
 0000:00000000       __guard_iat_table          0000000000000000     <absolute>
 0000:00000000       __guard_longjmp_count      0000000000000000     <absolute>
 0000:00000000       __guard_longjmp_table      0000000000000000     <absolute>
 0000:00000000       __hybrid_auxiliary_delayload_iat 0000000000000000     <absolute>
 0000:00000000       __hybrid_auxiliary_delayload_iat_copy 0000000000000000     <absolute>
 0000:00000000       __hybrid_auxiliary_iat     0000000000000000     <absolute>
 0000:00000000       __hybrid_auxiliary_iat_copy 0000000000000000     <absolute>
 0000:00000000       __hybrid_code_map          0000000000000000     <absolute>
 0000:00000000       __hybrid_code_map_count    0000000000000000     <absolute>
 0000:00000000       __hybrid_image_info_bitfield 0000000000000000     <absolute>
 0000:00000000       __volatile_metadata        0000000000000000     <absolute>
 0000:00000000       __x64_code_ranges_to_entry_points 0000000000000000     <absolute>
 0000:00000000       __x64_code_ranges_to_entry_points_count 0000000000000000     <absolute>
 0000:00000100       __guard_flags              0000000000000100     <absolute>
 0001:00000420       dllPauseWorker             0000000140001420 f   dbg_.-dll-await_worker.o
 0001:00000520       dllCallObject              0000000140001520 f   dbg_.-dll-call_object.o
 0001:00000620       dllExecuteWorker           0000000140001620 f   dbg_.-dll-execute_worker.o
 0001:00001220       gpuPauseWorker             0000000140002220 f   dbg_.-gpu-await_worker.o
 0001:00001320       gpuCallObject              0000000140002320 f   dbg_.-gpu-call_object.o
 0001:00001420       gpuExecuteWorker           0000000140002420 f   dbg_.-gpu-execute_worker.o
 0001:00001a40       gpuNewObjectUsingPage      0000000140002a40 f   dbg_.-gpu-new_object.o
 0001:00001b70       gpuNewObject               0000000140002b70 f   dbg_.-gpu-new_object.o
 0001:00001c20       gpuPushObject              0000000140002c20 f   dbg_.-gpu-push_object.o
 0001:00001c60       gpuPushPipe                0000000140002c60 f   dbg_.-gpu-push_object.o
 0001:00001cb0       gpuQueryObject             0000000140002cb0 f   dbg_.-gpu-query_object.o
 0001:00001cf0       gpuQueryPipe               0000000140002cf0 f   dbg_.-gpu-query_object.o
 0001:00001d50       x64PauseWorker             0000000140002d50 f   dbg_.-x64-await_worker.o
 0001:00001e50       x64CallObject              0000000140002e50 f   dbg_.-x64-call_object.o
 0001:00001f50       x64ExecuteWorker           0000000140002f50 f   dbg_.-x64-execute_worker.o
 0001:00001fd0       x64NewObjectUsingPage      0000000140002fd0 f   dbg_.-x64-new_object.o
 0001:00002540       x64NewObjectStates         0000000140003540 f   dbg_.-x64-new_object.o
 0001:000025d0       x64NewObject               00000001400035d0 f   dbg_.-x64-new_object.o
 0001:00002880       x64UpdateLocalPush         0000000140003880 f   dbg_.-x64-push_object.o
 0001:00002970       x64OnPushObject            0000000140003970 f   dbg_.-x64-push_object.o
 0001:00002a00       x64PushObjectStates        0000000140003a00 f   dbg_.-x64-push_object.o
 0001:00002b00       x64PushObject              0000000140003b00 f   dbg_.-x64-push_object.o
 0001:00002d60       x64PushPipe                0000000140003d60 f   dbg_.-x64-push_object.o
 0001:00002ef0       x64QueryLocalObject        0000000140003ef0 f   dbg_.-x64-query_object.o
 0001:00003050       x64OnQueryObject           0000000140004050 f   dbg_.-x64-query_object.o
 0001:00003120       x64QueryObjectStates       0000000140004120 f   dbg_.-x64-query_object.o
 0001:00003240       x64QueryObject             0000000140004240 f   dbg_.-x64-query_object.o
 0001:00003440       x64QueryPipe               0000000140004440 f   dbg_.-x64-query_object.o
 0001:000035e0       equal_bytes                00000001400045e0 f   dbg_.-api.o
 0001:00003670       GetHashtableNoLock         0000000140004670 f   dbg_.-api.o
 0001:000037a0       SetHashtableNoLock         00000001400047a0 f   dbg_.-api.o
 0001:00003aa0       GetHashtable               0000000140004aa0 f   dbg_.-api.o
 0001:00003b00       SetHashtable               0000000140004b00 f   dbg_.-api.o
 0001:00003b50       InitInternalStructures     0000000140004b50 f   dbg_.-api.o
 0001:000040c0       castOnQueryObject          00000001400050c0 f   dbg_.-cast_provider.o
 0001:00004280       anyCastStates              0000000140005280 f   dbg_.-cast_provider.o
 0001:00005330       anyCastProvider            0000000140006330 f   dbg_.-cast_provider.o
 0001:00005a30       init_gpu_subsystem         0000000140006a30 f   dbg_.-gpu_subsystem.o
 0001:000074e0       gpuBuildFromText           00000001400084e0 f   dbg_.-gpu_subsystem.o
 0001:000077c0       gpuAlloc                   00000001400087c0 f   dbg_.-gpu_subsystem.o
 0001:00007800       gpuRun                     0000000140008800 f   dbg_.-gpu_subsystem.o
 0001:000078b0       gpuFinishQueuesOnPlatform  00000001400088b0 f   dbg_.-gpu_subsystem.o
 0001:00007930       gpuFinishQueue             0000000140008930 f   dbg_.-gpu_subsystem.o
 0001:00008130       StartInitialProcess        0000000140009130 f   dbg_.-hive_entry.o
 0001:000083d0       GetConnectionById          00000001400093d0 f   dbg_.-remote.o
 0001:00008460       DumpConnections            0000000140009460 f   dbg_.-remote.o
 0001:000087b0       ConfirmPage                00000001400097b0 f   dbg_.-remote.o
 0001:00008850       ConfirmID                  0000000140009850 f   dbg_.-remote.o
 0001:000088a0       HandleNewConnection        00000001400098a0 f   dbg_.-remote.o
 0001:00008a80       UpdateWaitingPush          0000000140009a80 f   dbg_.-remote.o
 0001:00008cc0       AnswerPushObject           0000000140009cc0 f   dbg_.-remote.o
 0001:00008da0       SendPageAllocationConfirm  0000000140009da0 f   dbg_.-remote.o
 0001:00008e30       SendIDConfirm              0000000140009e30 f   dbg_.-remote.o
 0001:00008ec0       RedirectBroadcastQuery     0000000140009ec0 f   dbg_.-remote.o
 0001:00009040       RedirectBroadcastIDQuery   000000014000a040 f   dbg_.-remote.o
 0001:000091c0       ConfirmConnection          000000014000a1c0 f   dbg_.-remote.o
 0001:00009370       InitiateConnection         000000014000a370 f   dbg_.-remote.o
 0001:000096e0       RequestMemoryPage          000000014000a6e0 f   dbg_.-remote.o
 0001:000097f0       RequestServerId            000000014000a7f0 f   dbg_.-remote.o
 0001:00009900       AnswerQueryObject          000000014000a900 f   dbg_.-remote.o
 0001:00009a40       AnswerRequestObjectPath    000000014000aa40 f   dbg_.-remote.o
 0001:00009b80       RequestObjectPathBroadcast 000000014000ab80 f   dbg_.-remote.o
 0001:00009da0       AnswerRequestPathToID      000000014000ada0 f   dbg_.-remote.o
 0001:00009ee0       RequestPathToIDBroadcast   000000014000aee0 f   dbg_.-remote.o
 0001:0000a100       RequestObjectGet           000000014000b100 f   dbg_.-remote.o
 0001:0000a220       RequestObjectSet           000000014000b220 f   dbg_.-remote.o
 0001:0000a420       StartNewWorkerRemote       000000014000b420 f   dbg_.-remote.o
 0001:0000a550       SendHiveState              000000014000b550 f   dbg_.-remote.o
 0001:0000a710       start_remote_subsystem     000000014000b710 f   dbg_.-remote.o
 0001:0000e330       gai_strerrorW              000000014000f330 f i dbg_.-remote.o
 0001:0000e390       memset                     000000014000f390 f   dbg_.-runtime_lib.o
 0001:0000e3f0       memcpy                     000000014000f3f0 f   dbg_.-runtime_lib.o
 0001:0000e460       myMalloc                   000000014000f460 f   dbg_.-runtime_lib.o
 0001:0000e4b0       myPrintf                   000000014000f4b0 f   dbg_.-runtime_lib.o
 0001:0000e7e0       myRealloc                  000000014000f7e0 f   dbg_.-runtime_lib.o
 0001:0000e840       myFree                     000000014000f840 f   dbg_.-runtime_lib.o
 0001:0000e880       myAtoll                    000000014000f880 f   dbg_.-runtime_lib.o
 0001:0000e9c0       get_char                   000000014000f9c0 f   dbg_.-runtime_lib.o
 0001:0000eaa0       myScanI64                  000000014000faa0 f   dbg_.-runtime_lib.o
 0001:0000eb30       myScanS                    000000014000fb30 f   dbg_.-runtime_lib.o
 0001:0000ec30       PrintI64                   000000014000fc30 f   dbg_.-runtime_lib.o
 0001:0000ed00       PrintI64H                  000000014000fd00 f   dbg_.-runtime_lib.o
 0001:0000eda0       Print2H                    000000014000fda0 f   dbg_.-runtime_lib.o
 0001:0000ee40       assertion_failure          000000014000fe40 f   dbg_.-runtime_lib.o
 0001:0000ee90       myAbs                      000000014000fe90 f   dbg_.-runtime_lib.o
 0001:0000eec0       MicrosecondsToTicks        000000014000fec0 f   dbg_.-runtime_lib.o
 0001:0000eee0       TicksToMicroseconds        000000014000fee0 f   dbg_.-runtime_lib.o
 0001:0000ef00       GetTicks                   000000014000ff00 f   dbg_.-runtime_lib.o
 0001:0000ef20       SheduleTimeoutFromNow      000000014000ff20 f   dbg_.-runtime_lib.o
 0001:0000ef60       init_lib                   000000014000ff60 f   dbg_.-runtime_lib.o
 0001:0000f2b0       RegisterObjectWithId       00000001400102b0 f   dbg_.-runtime.o
 0001:0000f2e0       GetNewObjectId             00000001400102e0 f   dbg_.-runtime.o
 0001:0000f3d0       universalPauseWorker       00000001400103d0 f   dbg_.-runtime.o
 0001:0000f470       universalUpdateLocalPush   0000000140010470 f   dbg_.-runtime.o
 0001:0000f4d0       UpdateFromQueryResult      00000001400104d0 f   dbg_.-runtime.o
 0001:0000f550       PrintObject                0000000140010550 f   dbg_.-runtime.o
 0001:0000f750       WaitListWorker             0000000140010750 f   dbg_.-runtime.o
 0001:0000f7c0       EnqueueWorkerFromWaitList  00000001400107c0 f   dbg_.-runtime.o
 0001:0000f850       EnqueueWorker              0000000140010850 f   dbg_.-runtime.o
 0001:0000f8c0       UpdateWaitingWorkers       00000001400108c0 f   dbg_.-runtime.o
 0001:0000fa50       SheduleWorker              0000000140010a50 f   dbg_.-runtime.o
 0001:0000fc00       StartNewWorker             0000000140010c00 f   dbg_.-runtime.o
 0001:0000ff40       LoadWorker                 0000000140010f40 f   dbg_.-runtime.o
 0001:00010fc0       ShedulerInstance           0000000140011fc0 f   dbg_.-runtime.o
 0001:000110b0       entry                      00000001400120b0 f   dbg_.-runtime.o
 0001:00011fa0       x64_fastPushObject         0000000140012fa0     asm_dbg.o
 0001:0001201c       x64_fastQueryObject        000000014001301c     asm_dbg.o
 0001:00012098       x64_fastNewObject          0000000140013098     asm_dbg.o
 0001:00012114       x64_fastCallObject         0000000140013114     asm_dbg.o
 0001:00012190       x64_fastPushPipe           0000000140013190     asm_dbg.o
 0001:0001220c       x64_fastQueryPipe          000000014001320c     asm_dbg.o
 0001:00012288       gpu_fastNewObject          0000000140013288     asm_dbg.o
 0001:00012304       gpu_fastCallObject         0000000140013304     asm_dbg.o
 0001:00012380       dll_fastCallObject         0000000140013380     asm_dbg.o
 0001:000123fc       any_fastCastProvider       00000001400133fc     asm_dbg.o
 0001:00012478       x64AsmExecuteWorker        0000000140013478     asm_dbg.o
 0001:000124bf       setjmpUN                   00000001400134bf     asm_dbg.o
 0001:000124f2       longjmpUN                  00000001400134f2     asm_dbg.o
 0001:0001251b       DllCall                    000000014001351b     asm_dbg.o
 0001:0001385e       CommandLineToArgvW         000000014001485e f   shell32:SHELL32.dll
 0001:00013864       TlsGetValue                0000000140014864 f   kernel32:KERNEL32.dll
 0001:0001386a       GetLastError               000000014001486a f   kernel32:KERNEL32.dll
 0001:00013870       AcquireSRWLockExclusive    0000000140014870 f   kernel32:KERNEL32.dll
 0001:00013876       ReleaseSRWLockExclusive    0000000140014876 f   kernel32:KERNEL32.dll
 0001:0001387c       ExitProcess                000000014001487c f   kernel32:KERNEL32.dll
 0001:00013882       AcquireSRWLockShared       0000000140014882 f   kernel32:KERNEL32.dll
 0001:00013888       ReleaseSRWLockShared       0000000140014888 f   kernel32:KERNEL32.dll
 0001:0001388e       Sleep                      000000014001488e f   kernel32:KERNEL32.dll
 0001:00013894       CreateIoCompletionPort     0000000140014894 f   kernel32:KERNEL32.dll
 0001:0001389a       FormatMessageW             000000014001489a f   kernel32:KERNEL32.dll
 0001:000138a0       CreateThread               00000001400148a0 f   kernel32:KERNEL32.dll
 0001:000138a6       TryAcquireSRWLockExclusive 00000001400148a6 f   kernel32:KERNEL32.dll
 0001:000138ac       GetQueuedCompletionStatus  00000001400148ac f   kernel32:KERNEL32.dll
 0001:000138b2       HeapAlloc                  00000001400148b2 f   kernel32:KERNEL32.dll
 0001:000138b8       MultiByteToWideChar        00000001400148b8 f   kernel32:KERNEL32.dll
 0001:000138be       WriteConsoleW              00000001400148be f   kernel32:KERNEL32.dll
 0001:000138c4       HeapReAlloc                00000001400148c4 f   kernel32:KERNEL32.dll
 0001:000138ca       HeapFree                   00000001400148ca f   kernel32:KERNEL32.dll
 0001:000138d0       GetConsoleMode             00000001400148d0 f   kernel32:KERNEL32.dll
 0001:000138d6       ReadConsoleW               00000001400148d6 f   kernel32:KERNEL32.dll
 0001:000138dc       ReadFile                   00000001400148dc f   kernel32:KERNEL32.dll
 0001:000138e2       QueryPerformanceCounter    00000001400148e2 f   kernel32:KERNEL32.dll
 0001:000138e8       QueryPerformanceFrequency  00000001400148e8 f   kernel32:KERNEL32.dll
 0001:000138ee       GetStdHandle               00000001400148ee f   kernel32:KERNEL32.dll
 0001:000138f4       GetProcessHeap             00000001400148f4 f   kernel32:KERNEL32.dll
 0001:000138fa       VirtualAlloc               00000001400148fa f   kernel32:KERNEL32.dll
 0001:00013900       LoadLibraryA               0000000140014900 f   kernel32:KERNEL32.dll
 0001:00013906       GetProcAddress             0000000140014906 f   kernel32:KERNEL32.dll
 0001:0001390c       TlsSetValue                000000014001490c f   kernel32:KERNEL32.dll
 0001:00013912       TlsAlloc                   0000000140014912 f   kernel32:KERNEL32.dll
 0001:00013918       CreateFileW                0000000140014918 f   kernel32:KERNEL32.dll
 0001:0001391e       GetFileSizeEx              000000014001491e f   kernel32:KERNEL32.dll
 0001:00013924       CloseHandle                0000000140014924 f   kernel32:KERNEL32.dll
 0001:0001392a       GetCommandLineW            000000014001492a f   kernel32:KERNEL32.dll
 0001:00013930       WaitForMultipleObjects     0000000140014930 f   kernel32:KERNEL32.dll
 0001:00013936       TlsFree                    0000000140014936 f   kernel32:KERNEL32.dll
 0001:0001393c       BCryptGenRandom            000000014001493c f   bcrypt:bcrypt.dll
 0001:00013942       getpeername                0000000140014942 f   ws2_32:WS2_32.dll
 0001:00013948       inet_ntop                  0000000140014948 f   ws2_32:WS2_32.dll
 0001:0001394e       ntohs                      000000014001494e f   ws2_32:WS2_32.dll
 0001:00013954       WSARecv                    0000000140014954 f   ws2_32:WS2_32.dll
 0001:0001395a       send                       000000014001495a f   ws2_32:WS2_32.dll
 0001:00013960       socket                     0000000140014960 f   ws2_32:WS2_32.dll
 0001:00013966       connect                    0000000140014966 f   ws2_32:WS2_32.dll
 0001:0001396c       closesocket                000000014001496c f   ws2_32:WS2_32.dll
 0001:00013972       getaddrinfo                0000000140014972 f   ws2_32:WS2_32.dll
 0001:00013978       freeaddrinfo               0000000140014978 f   ws2_32:WS2_32.dll
 0001:0001397e       WSAStartup                 000000014001497e f   ws2_32:WS2_32.dll
 0001:00013984       setsockopt                 0000000140014984 f   ws2_32:WS2_32.dll
 0001:0001398a       htons                      000000014001498a f   ws2_32:WS2_32.dll
 0001:00013990       bind                       0000000140014990 f   ws2_32:WS2_32.dll
 0001:00013996       getsockname                0000000140014996 f   ws2_32:WS2_32.dll
 0001:0001399c       listen                     000000014001499c f   ws2_32:WS2_32.dll
 0001:000139a2       accept                     00000001400149a2 f   ws2_32:WS2_32.dll
 0001:000139a8       clGetKernelArgInfo         00000001400149a8 f   OpenCL:OpenCL.dll
 0001:000139ae       clSetKernelArg             00000001400149ae f   OpenCL:OpenCL.dll
 0001:000139b4       clEnqueueNDRangeKernel     00000001400149b4 f   OpenCL:OpenCL.dll
 0001:000139ba       clEnqueueReadBuffer        00000001400149ba f   OpenCL:OpenCL.dll
 0001:000139c0       clEnqueueWriteBuffer       00000001400149c0 f   OpenCL:OpenCL.dll
 0001:000139c6       clGetPlatformIDs           00000001400149c6 f   OpenCL:OpenCL.dll
 0001:000139cc       clGetPlatformInfo          00000001400149cc f   OpenCL:OpenCL.dll
 0001:000139d2       clGetDeviceIDs             00000001400149d2 f   OpenCL:OpenCL.dll
 0001:000139d8       clGetDeviceInfo            00000001400149d8 f   OpenCL:OpenCL.dll
 0001:000139de       clCreateContext            00000001400149de f   OpenCL:OpenCL.dll
 0001:000139e4       clCreateCommandQueueWithProperties 00000001400149e4 f   OpenCL:OpenCL.dll
 0001:000139ea       clCreateProgramWithSource  00000001400149ea f   OpenCL:OpenCL.dll
 0001:000139f0       clBuildProgram             00000001400149f0 f   OpenCL:OpenCL.dll
 0001:000139f6       clGetProgramBuildInfo      00000001400149f6 f   OpenCL:OpenCL.dll
 0001:000139fc       clCreateKernel             00000001400149fc f   OpenCL:OpenCL.dll
 0001:00013a02       clCreateBuffer             0000000140014a02 f   OpenCL:OpenCL.dll
 0001:00013a08       clFinish                   0000000140014a08 f   OpenCL:OpenCL.dll
 0002:00000000       ??_C@_1EK@HCHIHAJJ@?$AAP?$AAa?$AAu?$AAs?$AAe?$AAd?$AA?5?$AAw?$AAo?$AAr?$AAk?$AAe?$AAr?$AA?5?$AAD?$AAL?$AAL?$AA?5?$AA?$CF?$AAl?$AAl?$AAd?$AA?5?$AA?$FL?$AAc?$AAa?$AAu?$AAs?$AAe?$AA?5?$AA?$CF?$AAl@ 0000000140016000     dbg_.-dll-await_worker.o
 0002:00000058       ??_C@_1GG@GJHNDGHH@?$AAC?$AAa?$AAl?$AAl?$AAi?$AAn?$AAg?$AA?5?$AAd?$AAl?$AAl?$AAi?$AAm?$AAp?$AAo?$AAr?$AAt?$AA?5?$AAw?$AAo?$AAr?$AAk?$AAe?$AAr?$AA?5?$AA?$CF?$AAl?$AAl?$AAd?$AA?5?$AA?$FL?$AAd@ 0000000140016058     dbg_.-dll-call_object.o
 0002:000000d2       ??_C@_1BC@GMOKLPI@?$AAT?$AAa?$AAb?$AAl?$AAe?$AA?5?$AA?$DN?$AA?5?$AA?$AA@ 00000001400160d2     dbg_.-dll-call_object.o
 0002:000000e8       ??_C@_1M@OMOAGDNC@?$AA?$CF?$AA0?$AA2?$AAx?$AA?5?$AA?$AA@ 00000001400160e8     dbg_.-dll-call_object.o
 0002:000000f6       ??_C@_13LBAGMAIH@?$AA?6?$AA?$AA@ 00000001400160f6     dbg_.-dll-call_object.o
 0002:00000114       ??_C@_1DC@PJLFFJJC@?$AAR?$AAU?$AAN?$AA?5?$AAd?$AAl?$AAl?$AAi?$AAm?$AAp?$AAo?$AAr?$AAt?$AA?5?$AAw?$AAo?$AAr?$AAk?$AAe?$AAr?$AA?$DN?$AA?$CF?$AAp?$AA?6?$AA?$AA@ 0000000140016114     dbg_.-dll-execute_worker.o
 0002:00000150       ??_C@_1CM@LINKHLDO@?$AAw?$AAo?$AAr?$AAk?$AAe?$AAr?$AA?5?$AAi?$AAd?$AA?$DN?$AA?$CF?$AAl?$AAl?$AAd?$AA?5?$AA?$FL?$AAd?$AAl?$AAl?$AA?$FN?$AA?6?$AA?$AA@ 0000000140016150     dbg_.-dll-execute_worker.o
 0002:00000184       ??_C@_1CO@MJDCEOJE@?$AAR?$AAe?$AAq?$AAu?$AAe?$AAs?$AAt?$AAi?$AAn?$AAg?$AA?5?$AA?$CF?$AAl?$AAl?$AAd?$AA?5?$AAb?$AAy?$AAt?$AAe?$AAs?$AA?6?$AA?$AA@ 0000000140016184     dbg_.-dll-execute_worker.o
 0002:000001bc       ??_C@_1EA@NLGJANLO@?$AAA?$AAr?$AAg?$AAu?$AAm?$AAe?$AAn?$AAt?$AA?5?$AA?$CF?$AAl?$AAl?$AAd?$AA?3?$AA?5?$AA?$FL?$AA?$CF?$AA0?$AA2?$AAx?$AA?$FN?$AA?5?$AA?$FL?$AAt?$AAo?$AA?9?$AA?$DO?$AA?$CF?$AAp?$AA?$FN?$AA?6?$AA?$AA@ 00000001400161bc     dbg_.-dll-execute_worker.o
 0002:00000208       ??_C@_1DI@KIDLNDBO@?$AA?5?$AA?5?$AA?5?$AA?5?$AA?5?$AA?5?$AA?5?$AA?5?$AA?5?$AAo?$AAf?$AA?5?$AAs?$AAi?$AAz?$AAe?$AA?5?$AA?$CF?$AAl?$AAl?$AAd?$AA?$DL?$AA?5?$AA?$DN?$AA?$CF?$AAp?$AA?6?$AA?$AA@ 0000000140016208     dbg_.-dll-execute_worker.o
 0002:0000024c       ??_C@_1DE@HPIEKKI@?$AAc?$AAa?$AAl?$AAl?$AAi?$AAn?$AAg?$AA?5?$AAd?$AAl?$AAl?$AAi?$AAm?$AAp?$AAo?$AAr?$AAt?$AA?5?$AAw?$AAo?$AAr?$AAk?$AAe?$AAr?$AA?6?$AA?$AA@ 000000014001624c     dbg_.-dll-execute_worker.o
 0002:0000028a       ??_C@_1CE@FDGKEBHI@?$AAA?$AAR?$AAG?$AA?$FL?$AA?$CF?$AAl?$AAl?$AAd?$AA?$FN?$AA?5?$AA?$DN?$AA?5?$AA?$CF?$AAl?$AAl?$AAd?$AA?6?$AA?$AA@ 000000014001628a     dbg_.-dll-execute_worker.o
 0002:000002b6       ??_C@_1EE@IHBKLDNM@?$AAo?$AAu?$AAt?$AAp?$AAu?$AAt?$AA?5?$AAi?$AAs?$AA?5?$AA?$CF?$AAp?$AA?5?$AA?$FL?$AA?9?$AA?$DO?$AAt?$AAo?$AA?5?$AAp?$AAr?$AAo?$AAm?$AAi?$AAs?$AAe?$AA?5?$AA?$CF?$AAl?$AAl?$AAd?$AA?$FN@ 00000001400162b6     dbg_.-dll-execute_worker.o
 0002:00000308       ??_C@_1CO@MGEJJCCL@?$AAr?$AAe?$AAt?$AAu?$AAr?$AAn?$AAe?$AAd?$AA?5?$AA?$CL?$AA?5?$AAE?$AAr?$AAr?$AAo?$AAr?$AA?$DN?$AA?$CF?$AAl?$AAl?$AAd?$AA?6?$AA?$AA@ 0000000140016308     dbg_.-dll-execute_worker.o
 0002:00000340       ??_C@_1EK@KEDGKNCB@?$AAP?$AAa?$AAu?$AAs?$AAe?$AAd?$AA?5?$AAw?$AAo?$AAr?$AAk?$AAe?$AAr?$AA?5?$AAG?$AAP?$AAU?$AA?5?$AA?$CF?$AAl?$AAl?$AAd?$AA?5?$AA?$FL?$AAc?$AAa?$AAu?$AAs?$AAe?$AA?5?$AA?$CF?$AAl@ 0000000140016340     dbg_.-gpu-await_worker.o
 0002:00000398       ??_C@_1FC@NMNADHLK@?$AAC?$AAa?$AAl?$AAl?$AAi?$AAn?$AAg?$AA?5?$AAw?$AAo?$AAr?$AAk?$AAe?$AAr?$AA?5?$AA?$CF?$AAl?$AAl?$AAd?$AA?5?$AA?$FL?$AAd?$AAa?$AAt?$AAa?$AA?$DN?$AA?$CF?$AAp?$AA?0?$AA?5?$AAm?$AAo@ 0000000140016398     dbg_.-gpu-call_object.o
 0002:000003fa       ??_C@_1CG@CCFDEFBF@?$AAR?$AAU?$AAN?$AA?5?$AAG?$AAP?$AAU?$AA?5?$AAw?$AAo?$AAr?$AAk?$AAe?$AAr?$AA?$DN?$AA?$CF?$AAp?$AA?6?$AA?$AA@ 00000001400163fa     dbg_.-gpu-execute_worker.o
 0002:00000428       ??_C@_1DO@MBJBKNM@?$AAE?$AAr?$AAr?$AAo?$AAr?$AA?3?$AA?5?$AAa?$AAt?$AA?5?$AAc?$AAl?$AAS?$AAe?$AAt?$AAK?$AAe?$AAr?$AAn?$AAe?$AAl?$AAA?$AAr?$AAg?$AA?5?$AA?$CF?$AAl?$AAl?$AAd?$AA?6?$AA?$AA@ 0000000140016428     dbg_.-gpu-execute_worker.o
 0002:00000472       ??_C@_1CO@BOPILBOM@?$AAC?$AAO?$AAN?$AAF?$AAI?$AAG?$AAU?$AAR?$AAE?$AAD?$AA?3?$AA?5?$AAd?$AAi?$AAm?$AAs?$AA?$DN?$AA?$CF?$AAl?$AAl?$AAd?$AA?6?$AA?$AA@ 0000000140016472     dbg_.-gpu-execute_worker.o
 0002:000004aa       ??_C@_1EO@KIFHHFHO@?$AAE?$AAr?$AAr?$AAo?$AAr?$AA?3?$AA?5?$AAa?$AAt?$AA?5?$AAc?$AAl?$AAE?$AAn?$AAq?$AAu?$AAe?$AAu?$AAe?$AAN?$AAD?$AAR?$AAa?$AAn?$AAg?$AAe?$AAK?$AAe?$AAr?$AAn?$AAe?$AAl@ 00000001400164aa     dbg_.-gpu-execute_worker.o
 0002:00000508       ??_C@_1FG@NKPPHDDL@?$AAA?$AAl?$AAl?$AAo?$AAc?$AAa?$AAt?$AAi?$AAn?$AAg?$AA?5?$AAb?$AAu?$AAf?$AAf?$AAe?$AAr?$AA?5?$AAo?$AAf?$AA?5?$AAs?$AAi?$AAz?$AAe?$AA?5?$AA?$CF?$AAl?$AAl?$AAd?$AA?5?$AAp@ 0000000140016508     dbg_.-gpu-new_object.o
 0002:00000570       ??_C@_1DO@PIAGAENK@?$AAE?$AAR?$AAR?$AAO?$AAR?$AA?3?$AA?5?$AAg?$AAp?$AAu?$AAA?$AAl?$AAl?$AAo?$AAc?$AA?5?$AAf?$AAa?$AAi?$AAl?$AAe?$AAd?$AA?5?$AA?$FL?$AA?$CF?$AAl?$AAl?$AAd?$AA?$FN?$AA?6?$AA?$AA@ 0000000140016570     dbg_.-gpu-new_object.o
 0002:000005ba       ??_C@_1BG@LMPFNDF@?$AAr?$AAe?$AAs?$AAu?$AAl?$AAt?$AA?5?$AA?$CF?$AAp?$AA?6?$AA?$AA@ 00000001400165ba     dbg_.-gpu-new_object.o
 0002:000005d4       ??_C@_1FM@LBBNKNII@?$AAE?$AAR?$AAR?$AAO?$AAR?$AA?3?$AA?5?$AAP?$AAi?$AAp?$AAe?$AAs?$AA?5?$AAa?$AAr?$AAe?$AA?5?$AAu?$AAn?$AAs?$AAu?$AAp?$AAp?$AAo?$AAr?$AAt?$AAe?$AAd?$AA?5?$AAo?$AAn?$AA?5@ 00000001400165d4     dbg_.-gpu-new_object.o
 0002:00000642       ??_C@_1EA@PKIDLDBK@?$AAo?$AAb?$AAj?$AAe?$AAc?$AAt?$AA?5?$AAf?$AAo?$AAr?$AA?5?$AAs?$AAi?$AAz?$AAe?$AA?5?$AA?$CF?$AAl?$AAl?$AAd?$AA?5?$AAa?$AAl?$AAl?$AAo?$AAc?$AAa?$AAt?$AAe?$AAd?$AA?6?$AA?$AA@ 0000000140016642     dbg_.-gpu-new_object.o
 0002:0000068e       ??_C@_1GM@BNFAKJM@?$AAE?$AAR?$AAR?$AAO?$AAR?$AA?3?$AA?5?$AAP?$AAi?$AAp?$AAe?$AAs?$AA?5?$AAa?$AAr?$AAe?$AA?5?$AAu?$AAn?$AAs?$AAu?$AAp?$AAp?$AAo?$AAr?$AAt?$AAe?$AAd?$AA?5?$AAo?$AAn?$AA?5@ 000000014001668e     dbg_.-gpu-new_object.o
 0002:00000710       ??_C@_1DC@NBDPBMKB@?$AAW?$AAr?$AAo?$AAn?$AAg?$AA?5?$AAt?$AAy?$AAp?$AAe?$AA?5?$AAi?$AAn?$AA?5?$AAN?$AAe?$AAw?$AAO?$AAb?$AAj?$AAe?$AAc?$AAt?$AA?6?$AA?$AA@ 0000000140016710     dbg_.-gpu-new_object.o
 0002:0000074c       ??_C@_1EG@FBJBJMFK@?$AAN?$AAO?$AAT?$AA?5?$AAS?$AAU?$AAP?$AAP?$AAO?$AAR?$AAT?$AAE?$AAD?$AA?3?$AA?5?$AAp?$AAu?$AAs?$AAh?$AA?5?$AAi?$AAn?$AA?5?$AAg?$AAp?$AAu?$AA?5?$AAo?$AAb?$AAj?$AAe?$AAc@ 000000014001674c     dbg_.-gpu-push_object.o
 0002:000007a0       ??_C@_1FE@GJLEMBH@?$AAN?$AAO?$AAT?$AA?5?$AAS?$AAU?$AAP?$AAP?$AAO?$AAR?$AAT?$AAE?$AAD?$AA?3?$AA?5?$AAp?$AAu?$AAs?$AAh?$AA?5?$AAi?$AAn?$AA?5?$AAg?$AAp?$AAu?$AA?5?$AAo?$AAb?$AAj?$AAe?$AAc@ 00000001400167a0     dbg_.-gpu-push_object.o
 0002:00000804       ??_C@_1EI@EPHKLIAN@?$AAN?$AAO?$AAT?$AA?5?$AAS?$AAU?$AAP?$AAP?$AAO?$AAR?$AAT?$AAE?$AAD?$AA?3?$AA?5?$AAq?$AAu?$AAe?$AAr?$AAy?$AA?5?$AAi?$AAn?$AA?5?$AAg?$AAp?$AAu?$AA?5?$AAo?$AAb?$AAj?$AAe@ 0000000140016804     dbg_.-gpu-query_object.o
 0002:0000085a       ??_C@_1FG@PCBNEEAC@?$AAN?$AAO?$AAT?$AA?5?$AAS?$AAU?$AAP?$AAP?$AAO?$AAR?$AAT?$AAE?$AAD?$AA?3?$AA?5?$AAq?$AAu?$AAe?$AAr?$AAy?$AA?5?$AAi?$AAn?$AA?5?$AAg?$AAp?$AAu?$AA?5?$AAo?$AAb?$AAj?$AAe@ 000000014001685a     dbg_.-gpu-query_object.o
 0002:000008c2       ??_C@_1EC@FMMFNKHC@?$AAP?$AAa?$AAu?$AAs?$AAe?$AAd?$AA?5?$AAw?$AAo?$AAr?$AAk?$AAe?$AAr?$AA?5?$AA?$CF?$AAl?$AAl?$AAd?$AA?5?$AA?$FL?$AAc?$AAa?$AAu?$AAs?$AAe?$AA?5?$AA?$CF?$AAl?$AAl?$AAd?$AA?$FN?$AA?6@ 00000001400168c2     dbg_.-x64-await_worker.o
 0002:00000912       ??_C@_1BG@KNJPCEOH@?$AAw?$AAo?$AAr?$AAk?$AAe?$AAr?$AA?$DN?$AA?$CF?$AAp?$AA?6?$AA?$AA@ 0000000140016912     dbg_.-x64-execute_worker.o
 0002:0000092c       ??_C@_1CA@OGMELJBB@?$AAw?$AAo?$AAr?$AAk?$AAe?$AAr?$AA?5?$AAi?$AAd?$AA?$DN?$AA?$CF?$AAl?$AAl?$AAd?$AA?6?$AA?$AA@ 000000014001692c     dbg_.-x64-execute_worker.o
 0002:0000096c       ??_C@_1DM@CKKHLHMJ@?$AAP?$AAi?$AAp?$AAe?$AA?5?$AAf?$AAo?$AAr?$AA?5?$AAs?$AAi?$AAz?$AAe?$AA?5?$AA?$CF?$AAl?$AAl?$AAd?$AA?5?$AAa?$AAl?$AAl?$AAo?$AAc?$AAa?$AAt?$AAe?$AAd?$AA?6?$AA?$AA@ 000000014001696c     dbg_.-x64-new_object.o
 0002:000009b4       ??_C@_1BG@HIIBALHG@?$AA?$FL?$AAi?$AAd?$AA?$DN?$AA?$CF?$AAl?$AAl?$AAx?$AA?$FN?$AA?6?$AA?$AA@ 00000001400169b4     dbg_.-x64-new_object.o
 0002:000009ce       ??_C@_1GK@LJBKHIKD@?$AAA?$AAr?$AAr?$AAa?$AAy?$AA?5?$AAo?$AAf?$AA?5?$AA?$CF?$AAl?$AAl?$AAd?$AA?5?$AAb?$AAy?$AAt?$AAe?$AAs?$AA?0?$AA?5?$AAe?$AAl?$AAe?$AAm?$AAe?$AAn?$AAt?$AA?5?$AAo?$AAf?$AA?5@ 00000001400169ce     dbg_.-x64-new_object.o
 0002:00000a4e       ??_C@_1EC@IBADEGPM@?$AAP?$AAr?$AAo?$AAm?$AAi?$AAs?$AAe?$AA?5?$AAf?$AAo?$AAr?$AA?5?$AAs?$AAi?$AAz?$AAe?$AA?5?$AA?$CF?$AAl?$AAl?$AAd?$AA?5?$AAa?$AAl?$AAl?$AAo?$AAc?$AAa?$AAt?$AAe?$AAd?$AA?6@ 0000000140016a4e     dbg_.-x64-new_object.o
 0002:00000a9e       ??_C@_1DO@OEOJCPLG@?$AAC?$AAl?$AAa?$AAs?$AAs?$AA?5?$AAf?$AAo?$AAr?$AA?5?$AAs?$AAi?$AAz?$AAe?$AA?5?$AA?$CF?$AAl?$AAl?$AAd?$AA?5?$AAa?$AAl?$AAl?$AAo?$AAc?$AAa?$AAt?$AAe?$AAd?$AA?6?$AA?$AA@ 0000000140016a9e     dbg_.-x64-new_object.o
 0002:00000ae8       ??_C@_1EO@GECEJMLH@?$AAD?$AAe?$AAf?$AAi?$AAn?$AAe?$AAd?$AA?5?$AAa?$AAr?$AAr?$AAa?$AAy?$AA?5?$AAf?$AAo?$AAr?$AA?5?$AAs?$AAi?$AAz?$AAe?$AA?5?$AA?$CF?$AAl?$AAl?$AAd?$AA?5?$AAa?$AAl?$AAl?$AAo@ 0000000140016ae8     dbg_.-x64-new_object.o
 0002:00000b46       ??_C@_1M@FHJLFHFE@?$AA?5?$AA?$CF?$AA0?$AA2?$AAx?$AA?$AA@ 0000000140016b46     dbg_.-x64-new_object.o
 0002:00000b54       ??_C@_1CO@JBEOLKLD@?$AA?$FL?$AAi?$AAd?$AA?$DN?$AA?$CF?$AAl?$AAl?$AAx?$AA?$FN?$AA?5?$AA?$FL?$AAs?$AAi?$AAz?$AAe?$AA?$DN?$AA?$CF?$AAl?$AAl?$AAd?$AA?$FN?$AA?6?$AA?$AA@ 0000000140016b54     dbg_.-x64-new_object.o
 0002:00000bb2       ??_C@_1EG@IHOMNHMM@?$AAw?$AAa?$AAi?$AAt?$AAi?$AAn?$AAg?$AA?5?$AAf?$AAo?$AAr?$AA?5?$AAr?$AAe?$AAm?$AAo?$AAt?$AAe?$AA?5?$AAp?$AAu?$AAs?$AAh?$AA?5?$AA?$CF?$AAl?$AAl?$AAd?$AA?1?$AA?$CF?$AAl?$AAl@ 0000000140016bb2     dbg_.-x64-push_object.o
 0002:00000c06       ??_C@_1CG@JJBKNCBO@?$AAp?$AAu?$AAs?$AAh?$AA?5?$AAt?$AAo?$AA?5?$AAo?$AAb?$AAj?$AAe?$AAc?$AAt?$AA?5?$AA?$CF?$AAp?$AA?6?$AA?$AA@ 0000000140016c06     dbg_.-x64-push_object.o
 0002:00000c34       ??_C@_1CG@FCDGDINM@?$AAp?$AAu?$AAs?$AAh?$AA?5?$AAt?$AAo?$AA?5?$AAp?$AAi?$AAp?$AAe?$AA?5?$AA?$CF?$AAl?$AAl?$AAd?$AA?6?$AA?$AA@ 0000000140016c34     dbg_.-x64-push_object.o
 0002:00000c62       ??_C@_1EI@HFFKCAJK@?$AAw?$AAa?$AAi?$AAt?$AAi?$AAn?$AAg?$AA?5?$AAf?$AAo?$AAr?$AA?5?$AAr?$AAe?$AAm?$AAo?$AAt?$AAe?$AA?5?$AAq?$AAu?$AAe?$AAr?$AAy?$AA?5?$AA?$CF?$AAl?$AAl?$AAd?$AA?1?$AA?$CF?$AAl@ 0000000140016c62     dbg_.-x64-query_object.o
 0002:00000cb8       ??_C@_1CG@NFAKFIFJ@?$AAQ?$AAu?$AAe?$AAr?$AAy?$AA?5?$AAo?$AAb?$AAj?$AAe?$AAc?$AAt?$AA?5?$AA?$CF?$AAl?$AAl?$AAd?$AA?6?$AA?$AA@ 0000000140016cb8     dbg_.-x64-query_object.o
 0002:00000ce6       ??_C@_1CM@JHEDMDLC@?$AAq?$AAu?$AAe?$AAr?$AAy?$AA?5?$AAf?$AAr?$AAo?$AAm?$AA?5?$AAp?$AAi?$AAp?$AAe?$AA?5?$AA?$CF?$AAl?$AAl?$AAd?$AA?6?$AA?$AA@ 0000000140016ce6     dbg_.-x64-query_object.o
 0002:00000d48       ??_C@_1CM@EKFGKDGG@?$AAG?$AAe?$AAt?$AA?5?$AAo?$AAb?$AAj?$AAe?$AAc?$AAt?$AA?5?$AAi?$AAd?$AA?5?$AA?$DN?$AA?5?$AA?$CF?$AAl?$AAl?$AAd?$AA?6?$AA?$AA@ 0000000140016d48     dbg_.-cast_provider.o
 0002:00000d7c       ??_C@_1FE@BCAGMINK@?$AAE?$AAr?$AAr?$AAo?$AAr?$AA?3?$AA?5?$AAn?$AAo?$AA?5?$AAk?$AAn?$AAo?$AAw?$AAn?$AA?5?$AAs?$AAi?$AAz?$AAe?$AA?5?$AAf?$AAo?$AAr?$AA?5?$AAn?$AAo?$AAt?$AA?5?$AAa?$AAr?$AAr@ 0000000140016d7c     dbg_.-cast_provider.o
 0002:00000de0       ??_C@_1CO@MKKBGDMJ@?$AAg?$AAo?$AAt?$AA?5?$AAl?$AAo?$AAc?$AAa?$AAl?$AA?5?$AAs?$AAi?$AAz?$AAe?$AA?5?$AAa?$AAn?$AAs?$AAw?$AAe?$AAr?$AA?6?$AA?$AA@ 0000000140016de0     dbg_.-cast_provider.o
 0002:00000e18       ??_C@_1DM@MLLOPCOA@?$AAQ?$AAu?$AAe?$AAr?$AAy?$AAi?$AAn?$AAg?$AA?5?$AAo?$AAb?$AAj?$AAe?$AAc?$AAt?$AA?5?$AAs?$AAi?$AAz?$AAe?$AA?5?$AAo?$AAf?$AA?5?$AA?$CF?$AAl?$AAl?$AAd?$AA?6?$AA?$AA@ 0000000140016e18     dbg_.-cast_provider.o
 0002:00000e60       ??_C@_1DA@NCDJBGNA@?$AAg?$AAo?$AAt?$AA?5?$AAr?$AAe?$AAm?$AAo?$AAt?$AAe?$AA?5?$AAs?$AAi?$AAz?$AAe?$AA?5?$AAa?$AAn?$AAs?$AAw?$AAe?$AAr?$AA?6?$AA?$AA@ 0000000140016e60     dbg_.-cast_provider.o
 0002:00000e9a       ??_C@_1DK@MHAKINPM@?$AAK?$AAn?$AAo?$AAw?$AA?5?$AAs?$AAi?$AAz?$AAe?$AA?$DN?$AA?$CF?$AAl?$AAl?$AAd?$AA?5?$AA?$FL?$AAp?$AAa?$AAr?$AAa?$AAm?$AA?$DN?$AA?$CF?$AAl?$AAl?$AAd?$AA?$FN?$AA?6?$AA?$AA@ 0000000140016e9a     dbg_.-cast_provider.o
 0002:00000ee0       ??_C@_1FK@KDAFABDO@?$AAE?$AAr?$AAr?$AAo?$AAr?$AA?3?$AA?5?$AAl?$AAo?$AAc?$AAa?$AAl?$AA?5?$AAo?$AAb?$AAj?$AAe?$AAc?$AAt?$AA?5?$AAw?$AAa?$AAs?$AA?5?$AAr?$AAe?$AAm?$AAo?$AAv?$AAe?$AAd?$AA?5@ 0000000140016ee0     dbg_.-cast_provider.o
 0002:00000f4c       ??_C@_1FO@HMOHPFHI@?$AAE?$AAr?$AAr?$AAo?$AAr?$AA?5?$AAh?$AAa?$AAp?$AAp?$AAe?$AAn?$AA?5?$AAw?$AAh?$AAi?$AAl?$AAe?$AA?5?$AAc?$AAl?$AAE?$AAn?$AAq?$AAu?$AAe?$AAu?$AAe?$AAR?$AAe?$AAa?$AAd@ 0000000140016f4c     dbg_.-cast_provider.o
 0002:00000fbc       ??_C@_1EE@JNODMKEN@?$AAS?$AAu?$AAc?$AAc?$AAe?$AAs?$AAs?$AAi?$AAf?$AAu?$AAl?$AAl?$AAy?$AA?5?$AAc?$AAo?$AAn?$AAv?$AAe?$AAr?$AAt?$AAe?$AAd?$AA?5?$AAg?$AAp?$AAu?$AA?9?$AA?$DO?$AAc?$AAp?$AAu@ 0000000140016fbc     dbg_.-cast_provider.o
 0002:0000100e       ??_C@_1GA@EEKPNAGK@?$AAE?$AAr?$AAr?$AAo?$AAr?$AA?5?$AAh?$AAa?$AAp?$AAp?$AAe?$AAn?$AA?5?$AAw?$AAh?$AAi?$AAl?$AAe?$AA?5?$AAc?$AAl?$AAE?$AAn?$AAq?$AAu?$AAe?$AAu?$AAe?$AAW?$AAr?$AAi?$AAt@ 000000014001700e     dbg_.-cast_provider.o
 0002:00001082       ??_C@_1EE@NKOFIBGO@?$AAS?$AAu?$AAc?$AAc?$AAe?$AAs?$AAs?$AAi?$AAf?$AAu?$AAl?$AAl?$AAy?$AA?5?$AAc?$AAo?$AAn?$AAv?$AAe?$AAr?$AAt?$AAe?$AAd?$AA?5?$AAc?$AAp?$AAu?$AA?9?$AA?$DO?$AAg?$AAp?$AAu@ 0000000140017082     dbg_.-cast_provider.o
 0002:000010d4       ??_C@_1BM@OBHKMKPP@?$AAR?$AAe?$AAt?$AAu?$AAr?$AAn?$AA?3?$AA?5?$AA?$CF?$AAl?$AAl?$AAd?$AA?6?$AA?$AA@ 00000001400170d4     dbg_.-cast_provider.o
 0002:000010f6       ??_C@_1EC@IPADNJOO@?$AAc?$AAo?$AAn?$AAv?$AAe?$AAr?$AAt?$AA?5?$AA?$CF?$AAp?$AA?5?$AA?$FL?$AAt?$AAy?$AAp?$AAe?$AAs?$AA?5?$AA?$CF?$AAl?$AAl?$AAd?$AA?5?$AA?9?$AA?$DO?$AA?5?$AA?$CF?$AAl?$AAl?$AAd?$AA?$FN?$AA?6@ 00000001400170f6     dbg_.-cast_provider.o
 0002:00001146       ??_C@_1IA@HIJJNPCH@?$AAE?$AAR?$AAR?$AAO?$AAR?$AA?3?$AA?5?$AAn?$AAo?$AAt?$AA?5?$AAs?$AAu?$AAp?$AAp?$AAo?$AAr?$AAt?$AAe?$AAd?$AA?5?$AAc?$AAo?$AAn?$AAv?$AAe?$AAr?$AAs?$AAi?$AAo?$AAn?$AA?5@ 0000000140017146     dbg_.-cast_provider.o
 0002:000011e0       ??_C@_1DK@FINICEEJ@?$AAG?$AAo?$AAt?$AA?5?$AAa?$AAt?$AA?5?$AAl?$AAe?$AAa?$AAs?$AAt?$AA?5?$AA?$CF?$AAl?$AAl?$AAd?$AA?5?$AAp?$AAl?$AAa?$AAt?$AAf?$AAo?$AAr?$AAm?$AAs?$AA?6?$AA?$AA@ 00000001400171e0     dbg_.-gpu_subsystem.o
 0002:00001226       ??_C@_1CA@OOAPHHDP@?$AAP?$AAl?$AAa?$AAt?$AAf?$AAo?$AAr?$AAm?$AA?5?$AA?$CF?$AAl?$AAl?$AAd?$AA?3?$AA?6?$AA?$AA@ 0000000140017226     dbg_.-gpu_subsystem.o
 0002:0000124c       ??_C@_1DK@CFKCPDLH@?$AA?7?$AA?$CF?$AAl?$AAl?$AAd?$AA?4?$AAN?$AAa?$AAm?$AAe?$AA?5?$AA?5?$AA?5?$AA?5?$AA?5?$AA?5?$AA?5?$AA?5?$AA?5?$AA?5?$AA?5?$AA?5?$AA?5?$AA?3?$AA?5?$AA?$CF?$AAs?$AA?6?$AA?$AA@ 000000014001724c     dbg_.-gpu_subsystem.o
 0002:00001292       ??_C@_1DK@PKNJPDCN@?$AA?7?$AA?$CF?$AAl?$AAl?$AAd?$AA?4?$AAV?$AAe?$AAn?$AAd?$AAo?$AAr?$AA?5?$AA?5?$AA?5?$AA?5?$AA?5?$AA?5?$AA?5?$AA?5?$AA?5?$AA?5?$AA?5?$AA?3?$AA?5?$AA?$CF?$AAs?$AA?6?$AA?$AA@ 0000000140017292     dbg_.-gpu_subsystem.o
 0002:000012d8       ??_C@_1DK@BCHMBHFB@?$AA?7?$AA?$CF?$AAl?$AAl?$AAd?$AA?4?$AAV?$AAe?$AAr?$AAs?$AAi?$AAo?$AAn?$AA?5?$AA?5?$AA?5?$AA?5?$AA?5?$AA?5?$AA?5?$AA?5?$AA?5?$AA?5?$AA?3?$AA?5?$AA?$CF?$AAs?$AA?6?$AA?$AA@ 00000001400172d8     dbg_.-gpu_subsystem.o
 0002:0000131e       ??_C@_1DK@PPLGHIMI@?$AA?7?$AA?$CF?$AAl?$AAl?$AAd?$AA?4?$AAP?$AAr?$AAo?$AAf?$AAi?$AAl?$AAe?$AA?5?$AA?5?$AA?5?$AA?5?$AA?5?$AA?5?$AA?5?$AA?5?$AA?5?$AA?5?$AA?3?$AA?5?$AA?$CF?$AAs?$AA?6?$AA?$AA@ 000000014001731e     dbg_.-gpu_subsystem.o
 0002:00001364       ??_C@_1DK@KGLDJAGB@?$AA?7?$AA?$CF?$AAl?$AAl?$AAd?$AA?4?$AAE?$AAx?$AAt?$AAe?$AAn?$AAs?$AAi?$AAo?$AAn?$AAs?$AA?5?$AA?5?$AA?5?$AA?5?$AA?5?$AA?5?$AA?5?$AA?3?$AA?5?$AA?$CF?$AAs?$AA?6?$AA?$AA@ 0000000140017364     dbg_.-gpu_subsystem.o
 0002:000013aa       ??_C@_1DO@JAHGICMH@?$AA?7?$AA?$CF?$AAl?$AAl?$AAd?$AA?4?$AAT?$AAi?$AAm?$AAe?$AAr?$AA?5?$AAR?$AAe?$AAs?$AAo?$AAl?$AAu?$AAt?$AAi?$AAo?$AAn?$AA?5?$AA?3?$AA?5?$AA?$CF?$AAl?$AAl?$AAd?$AA?6?$AA?$AA@ 00000001400173aa     dbg_.-gpu_subsystem.o
 0002:000013f4       ??_C@_1FE@GFHOHNKH@?$AAp?$AAl?$AAa?$AAt?$AAf?$AAo?$AAr?$AAm?$AA?5?$AA?$CF?$AAl?$AAl?$AAd?$AA?3?$AA?5?$AAG?$AAo?$AAt?$AA?5?$AAa?$AAt?$AA?5?$AAl?$AAe?$AAa?$AAs?$AAt?$AA?5?$AA?$CF?$AAl?$AAl?$AAd@ 00000001400173f4     dbg_.-gpu_subsystem.o
 0002:00001458       ??_C@_1BM@MMFNNAKO@?$AAD?$AAe?$AAv?$AAi?$AAc?$AAe?$AA?5?$AA?$CF?$AAl?$AAl?$AAd?$AA?3?$AA?6?$AA?$AA@ 0000000140017458     dbg_.-gpu_subsystem.o
 0002:0000147a       ??_C@_1FG@GKDLJBIA@?$AA?7?$AA?$CF?$AAl?$AAl?$AAd?$AA?4?$AA?$CF?$AAl?$AAl?$AAd?$AA?4?$AAN?$AAa?$AAm?$AAe?$AA?5?$AA?5?$AA?5?$AA?5?$AA?5?$AA?5?$AA?5?$AA?5?$AA?5?$AA?5?$AA?5?$AA?5?$AA?5?$AA?5?$AA?5?$AA?5?$AA?5@ 000000014001747a     dbg_.-gpu_subsystem.o
 0002:000014e2       ??_C@_1FK@JCGLFMHC@?$AA?7?$AA?$CF?$AAl?$AAl?$AAd?$AA?4?$AA?$CF?$AAl?$AAl?$AAd?$AA?4?$AAA?$AAv?$AAa?$AAi?$AAl?$AAa?$AAb?$AAl?$AAe?$AA?5?$AA?5?$AA?5?$AA?5?$AA?5?$AA?5?$AA?5?$AA?5?$AA?5?$AA?5?$AA?5?$AA?5@ 00000001400174e2     dbg_.-gpu_subsystem.o
 0002:0000154e       ??_C@_1FK@PNFJMFNM@?$AA?7?$AA?$CF?$AAl?$AAl?$AAd?$AA?4?$AA?$CF?$AAl?$AAl?$AAd?$AA?4?$AAT?$AAy?$AAp?$AAe?$AA?5?$AA?5?$AA?5?$AA?5?$AA?5?$AA?5?$AA?5?$AA?5?$AA?5?$AA?5?$AA?5?$AA?5?$AA?5?$AA?5?$AA?5?$AA?5?$AA?5@ 000000014001754e     dbg_.-gpu_subsystem.o
 0002:000015ba       ??_C@_1FG@OJFNKBCG@?$AA?7?$AA?$CF?$AAl?$AAl?$AAd?$AA?4?$AA?$CF?$AAl?$AAl?$AAd?$AA?4?$AAV?$AAe?$AAn?$AAd?$AAo?$AAr?$AA?5?$AA?5?$AA?5?$AA?5?$AA?5?$AA?5?$AA?5?$AA?5?$AA?5?$AA?5?$AA?5?$AA?5?$AA?5?$AA?5?$AA?5@ 00000001400175ba     dbg_.-gpu_subsystem.o
 0002:00001622       ??_C@_1FG@LICMMOCB@?$AA?7?$AA?$CF?$AAl?$AAl?$AAd?$AA?4?$AA?$CF?$AAl?$AAl?$AAd?$AA?4?$AAD?$AAr?$AAi?$AAv?$AAe?$AAr?$AA?5?$AAV?$AAe?$AAr?$AAs?$AAi?$AAo?$AAn?$AA?5?$AA?5?$AA?5?$AA?5?$AA?5?$AA?5?$AA?5@ 0000000140017622     dbg_.-gpu_subsystem.o
 0002:0000168a       ??_C@_1FG@GEMKEAJB@?$AA?7?$AA?$CF?$AAl?$AAl?$AAd?$AA?4?$AA?$CF?$AAl?$AAl?$AAd?$AA?4?$AAD?$AAe?$AAv?$AAi?$AAc?$AAe?$AA?5?$AAV?$AAe?$AAr?$AAs?$AAi?$AAo?$AAn?$AA?5?$AA?5?$AA?5?$AA?5?$AA?5?$AA?5?$AA?5@ 000000014001768a     dbg_.-gpu_subsystem.o
 0002:000016f2       ??_C@_1FG@MPCNGFNE@?$AA?7?$AA?$CF?$AAl?$AAl?$AAd?$AA?4?$AA?$CF?$AAl?$AAl?$AAd?$AA?4?$AAP?$AAr?$AAo?$AAf?$AAi?$AAl?$AAe?$AA?5?$AA?5?$AA?5?$AA?5?$AA?5?$AA?5?$AA?5?$AA?5?$AA?5?$AA?5?$AA?5?$AA?5?$AA?5?$AA?5@ 00000001400176f2     dbg_.-gpu_subsystem.o
 0002:0000175a       ??_C@_1FG@GJMINOLL@?$AA?7?$AA?$CF?$AAl?$AAl?$AAd?$AA?4?$AA?$CF?$AAl?$AAl?$AAd?$AA?4?$AAE?$AAx?$AAt?$AAe?$AAn?$AAs?$AAi?$AAo?$AAn?$AAs?$AA?5?$AA?5?$AA?5?$AA?5?$AA?5?$AA?5?$AA?5?$AA?5?$AA?5?$AA?5?$AA?5@ 000000014001775a     dbg_.-gpu_subsystem.o
 0002:000017c2       ??_C@_1FK@NKJEPLPJ@?$AA?7?$AA?$CF?$AAl?$AAl?$AAd?$AA?4?$AA?$CF?$AAl?$AAl?$AAd?$AA?4?$AAM?$AAa?$AAx?$AA?5?$AAC?$AAo?$AAm?$AAp?$AAu?$AAt?$AAe?$AA?5?$AAU?$AAn?$AAi?$AAt?$AAs?$AA?5?$AA?5?$AA?5?$AA?5@ 00000001400177c2     dbg_.-gpu_subsystem.o
 0002:0000182e       ??_C@_1FK@OLFGCCPL@?$AA?7?$AA?$CF?$AAl?$AAl?$AAd?$AA?4?$AA?$CF?$AAl?$AAl?$AAd?$AA?4?$AAM?$AAa?$AAx?$AA?5?$AAI?$AAt?$AAe?$AAm?$AA?5?$AAD?$AAi?$AAm?$AAe?$AAn?$AAs?$AAi?$AAo?$AAn?$AAs?$AA?5?$AA?5@ 000000014001782e     dbg_.-gpu_subsystem.o
 0002:0000189a       ??_C@_1FK@CMFPDFMJ@?$AA?7?$AA?$CF?$AAl?$AAl?$AAd?$AA?4?$AA?$CF?$AAl?$AAl?$AAd?$AA?4?$AAM?$AAa?$AAx?$AA?5?$AAG?$AAr?$AAo?$AAu?$AAp?$AA?5?$AAS?$AAi?$AAz?$AAe?$AA?5?$AA?5?$AA?5?$AA?5?$AA?5?$AA?5?$AA?5@ 000000014001789a     dbg_.-gpu_subsystem.o
 0002:00001906       ??_C@_1GA@OFJKKJHL@?$AA?7?$AA?7?$AA?$CF?$AAl?$AAl?$AAd?$AA?4?$AA?$CF?$AAl?$AAl?$AAd?$AA?4?$AAM?$AAa?$AAx?$AA?5?$AAI?$AAt?$AAe?$AAm?$AA?5?$AAS?$AAi?$AAz?$AAe?$AAs?$AA?$FL?$AA?$CF?$AAl?$AAl?$AAd?$AA?$FN@ 0000000140017906     dbg_.-gpu_subsystem.o
 0002:0000197a       ??_C@_1FK@PBEPJBHG@?$AA?7?$AA?$CF?$AAl?$AAl?$AAd?$AA?4?$AA?$CF?$AAl?$AAl?$AAd?$AA?4?$AAM?$AAa?$AAx?$AA?5?$AAC?$AAl?$AAo?$AAc?$AAk?$AA?5?$AAF?$AAr?$AAe?$AAq?$AAu?$AAe?$AAn?$AAc?$AAy?$AA?5?$AA?5@ 000000014001797a     dbg_.-gpu_subsystem.o
 0002:000019e6       ??_C@_1FK@EGKKPFNE@?$AA?7?$AA?$CF?$AAl?$AAl?$AAd?$AA?4?$AA?$CF?$AAl?$AAl?$AAd?$AA?4?$AAM?$AAa?$AAx?$AA?5?$AAM?$AAe?$AAm?$AA?5?$AAA?$AAl?$AAl?$AAo?$AAc?$AA?5?$AAS?$AAi?$AAz?$AAe?$AA?5?$AA?5?$AA?5@ 00000001400179e6     dbg_.-gpu_subsystem.o
 0002:00001a52       ??_C@_1FK@NMMFNGJN@?$AA?7?$AA?$CF?$AAl?$AAl?$AAd?$AA?4?$AA?$CF?$AAl?$AAl?$AAd?$AA?4?$AAG?$AAl?$AAo?$AAb?$AAa?$AAl?$AA?5?$AAM?$AAe?$AAm?$AA?5?$AAC?$AAa?$AAc?$AAh?$AAe?$AAl?$AAi?$AAn?$AAe?$AA?5@ 0000000140017a52     dbg_.-gpu_subsystem.o
 0002:00001abe       ??_C@_1FK@NMHJFOBI@?$AA?7?$AA?$CF?$AAl?$AAl?$AAd?$AA?4?$AA?$CF?$AAl?$AAl?$AAd?$AA?4?$AAG?$AAl?$AAo?$AAb?$AAa?$AAl?$AA?5?$AAM?$AAe?$AAm?$AA?5?$AAC?$AAa?$AAc?$AAh?$AAe?$AA?5?$AAS?$AAi?$AAz?$AAe@ 0000000140017abe     dbg_.-gpu_subsystem.o
 0002:00001b2a       ??_C@_1FK@KEPOBMOJ@?$AA?7?$AA?$CF?$AAl?$AAl?$AAd?$AA?4?$AA?$CF?$AAl?$AAl?$AAd?$AA?4?$AAG?$AAl?$AAo?$AAb?$AAa?$AAl?$AA?5?$AAM?$AAe?$AAm?$AA?5?$AAS?$AAi?$AAz?$AAe?$AA?5?$AA?5?$AA?5?$AA?5?$AA?5?$AA?5@ 0000000140017b2a     dbg_.-gpu_subsystem.o
 0002:00001b96       ??_C@_1FK@BEKCEBKI@?$AA?7?$AA?$CF?$AAl?$AAl?$AAd?$AA?4?$AA?$CF?$AAl?$AAl?$AAd?$AA?4?$AAL?$AAo?$AAc?$AAa?$AAl?$AA?5?$AAM?$AAe?$AAm?$AA?5?$AAS?$AAi?$AAz?$AAe?$AA?5?$AA?5?$AA?5?$AA?5?$AA?5?$AA?5?$AA?5@ 0000000140017b96     dbg_.-gpu_subsystem.o
 0002:00001c02       ??_C@_1DG@HHDGLCMF@?$AAA?$AAt?$AA?5?$AAe?$AAn?$AAd?$AA?5?$AAh?$AAa?$AAv?$AAe?$AA?5?$AA?$CF?$AAl?$AAl?$AAd?$AA?5?$AAd?$AAe?$AAv?$AAi?$AAc?$AAe?$AAs?$AA?4?$AA?6?$AA?$AA@ 0000000140017c02     dbg_.-gpu_subsystem.o
 0002:00001c42       ??_C@_1FC@JJNHHFIJ@?$AAI?$AAn?$AAi?$AAt?$AA?5?$AAf?$AAo?$AAr?$AAm?$AA?5?$AAp?$AAl?$AAa?$AAt?$AAf?$AAo?$AAr?$AAm?$AA?5?$AA?$CF?$AAl?$AAl?$AAd?$AA?5?$AA?$FL?$AAa?$AAu?$AAt?$AAo?$AA?5?$AAs?$AAe@ 0000000140017c42     dbg_.-gpu_subsystem.o
 0002:00001ca4       ??_C@_1EC@CFAEGHOO@?$AAE?$AAr?$AAr?$AAo?$AAr?$AA?5?$AAa?$AAt?$AA?5?$AAc?$AAl?$AAC?$AAr?$AAe?$AAa?$AAt?$AAe?$AAC?$AAo?$AAn?$AAt?$AAe?$AAx?$AAt?$AA?5?$AA?$FL?$AA?$CF?$AAl?$AAl?$AAd?$AA?$FN?$AA?6@ 0000000140017ca4     dbg_.-gpu_subsystem.o
 0002:00001cf4       ??_C@_1GI@JODPKPLM@?$AAE?$AAr?$AAr?$AAo?$AAr?$AA?5?$AAa?$AAt?$AA?5?$AAc?$AAl?$AAC?$AAr?$AAe?$AAa?$AAt?$AAe?$AAC?$AAo?$AAm?$AAm?$AAa?$AAn?$AAd?$AAQ?$AAu?$AAe?$AAu?$AAe?$AAW?$AAi?$AAt@ 0000000140017cf4     dbg_.-gpu_subsystem.o
 0002:00001d70       ??_C@_0FA@OKGFDHAO@?9cl?9single?9precision?9constant?5?9c@ 0000000140017d70     dbg_.-gpu_subsystem.o
 0002:00001dd0       ??_C@_1DE@FJCPKFIJ@?$AAB?$AAu?$AAi?$AAl?$AAd?$AAP?$AAr?$AAo?$AAg?$AAr?$AAa?$AAm?$AA?5?$AAE?$AAr?$AAr?$AAo?$AAr?$AA?3?$AA?5?$AA?$CF?$AAl?$AAl?$AAd?$AA?6?$AA?$AA@ 0000000140017dd0     dbg_.-gpu_subsystem.o
 0002:00001e0e       ??_C@_1CO@HIIDKPPP@?$AAB?$AAu?$AAi?$AAl?$AAd?$AAI?$AAn?$AAf?$AAo?$AA?5?$AAE?$AAr?$AAr?$AAo?$AAr?$AA?3?$AA?5?$AA?$CF?$AAl?$AAl?$AAd?$AA?6?$AA?$AA@ 0000000140017e0e     dbg_.-gpu_subsystem.o
 0002:00001e46       ??_C@_1DA@GJKLKGNM@?$AAB?$AAu?$AAi?$AAl?$AAd?$AAI?$AAn?$AAf?$AAo?$AA2?$AA?5?$AAE?$AAr?$AAr?$AAo?$AAr?$AA?3?$AA?5?$AA?$CF?$AAl?$AAl?$AAd?$AA?6?$AA?$AA@ 0000000140017e46     dbg_.-gpu_subsystem.o
 0002:00001e80       ??_C@_1EA@DAHNIOPF@?$AAE?$AAr?$AAr?$AAo?$AAr?$AA?5?$AAI?$AAn?$AAf?$AAo?$AA?3?$AA?5?$AAc?$AAo?$AAd?$AAe?$AA?$DN?$AA?$CF?$AAl?$AAl?$AAd?$AA?3?$AA?5?$AAi?$AAn?$AAf?$AAo?$AA?$DN?$AA?$CF?$AAs?$AA?6?$AA?$AA@ 0000000140017e80     dbg_.-gpu_subsystem.o
 0002:00001ecc       ??_C@_1CO@DCKAPNAK@?$AAw?$AAa?$AAi?$AAt?$AAi?$AAn?$AAg?$AA?5?$AAs?$AAt?$AAa?$AAr?$AAt?$AAu?$AAp?$AA?5?$AAp?$AAa?$AAg?$AAe?$AAs?$AA?6?$AA?$AA@ 0000000140017ecc     dbg_.-hive_entry.o
 0002:00001f04       ??_C@_1EI@OLFKDNEP@?$AAE?$AAr?$AAr?$AAo?$AAr?$AA?3?$AA?5?$AAa?$AAl?$AAl?$AAo?$AAc?$AAa?$AAt?$AAe?$AAd?$AA?5?$AAa?$AAr?$AAr?$AAa?$AAy?$AA?5?$AAi?$AAs?$AAn?$AA?8?$AAt?$AA?5?$AAl?$AAo?$AAc@ 0000000140017f04     dbg_.-hive_entry.o
 0002:00001f5a       ??_C@_1BM@MGOLOELI@?$AAr?$AAe?$AAs?$AAC?$AAo?$AAd?$AAe?$AAI?$AAd?$AA?$DN?$AA?$CF?$AAp?$AA?6?$AA?$AA@ 0000000140017f5a     dbg_.-hive_entry.o
 0002:00001f7c       ??_C@_1DO@NMNBJACC@?$AA?9?$AA?9?$AA?9?$AA?9?$AA?9?$AA?5?$AAt?$AAo?$AAt?$AAa?$AAl?$AA?5?$AA?$CF?$AAl?$AAl?$AAd?$AA?5?$AAc?$AAo?$AAn?$AAn?$AAe?$AAc?$AAt?$AAi?$AAo?$AAn?$AAs?$AA?3?$AA?6?$AA?$AA@ 0000000140017f7c     dbg_.-remote.o
 0002:00001fc6       ??_C@_1EM@BPMELAJO@?$AA?9?$AAc?$AAo?$AAn?$AAn?$AAe?$AAc?$AAt?$AAi?$AAo?$AAn?$AA?5?$AA?$FL?$AA?$CF?$AAp?$AA?$FN?$AA?5?$AA?$CF?$AAl?$AAl?$AAd?$AA?3?$AA?5?$AAl?$AAo?$AAc?$AAa?$AAl?$AA_?$AAi?$AAd?$AA?$DN@ 0000000140017fc6     dbg_.-remote.o
 0002:00002022       ??_C@_1DC@HEOFFPLC@?$AAo?$AAu?$AAt?$AAg?$AAo?$AAi?$AAn?$AAg?$AA?3?$AA?5?$AAN?$AAo?$AA?5?$AAc?$AAo?$AAn?$AAn?$AAe?$AAc?$AAt?$AAi?$AAo?$AAn?$AA?6?$AA?$AA@ 0000000140018022     dbg_.-remote.o
 0002:0000205e       ??_C@_1DG@HNEHLNLB@?$AAo?$AAu?$AAt?$AAg?$AAo?$AAi?$AAn?$AAg?$AA?3?$AA?5?$AAI?$AAP?$AA?$DN?$AA?$CF?$AAs?$AA?5?$AAP?$AAO?$AAR?$AAT?$AA?$DN?$AA?$CF?$AAl?$AAl?$AAd?$AA?6?$AA?$AA@ 000000014001805e     dbg_.-remote.o
 0002:0000209e       ??_C@_1DI@OKINGPOA@?$AAo?$AAu?$AAt?$AAg?$AAo?$AAi?$AAn?$AAg?$AA?3?$AA?5?$AA?5?$AAI?$AAP?$AA?$DN?$AA?$CF?$AAs?$AA?5?$AAP?$AAO?$AAR?$AAT?$AA?$DN?$AA?$CF?$AAl?$AAl?$AAd?$AA?6?$AA?$AA@ 000000014001809e     dbg_.-remote.o
 0002:000020e2       ??_C@_1CM@KOFOMBCP@?$AAo?$AAu?$AAt?$AAg?$AAo?$AAi?$AAn?$AAg?$AA?3?$AA?5?$AA?5?$AAC?$AAo?$AAr?$AAr?$AAu?$AAp?$AAt?$AAe?$AAd?$AA?6?$AA?$AA@ 00000001400180e2     dbg_.-remote.o
 0002:00002116       ??_C@_1DC@OBBDDNNB@?$AAi?$AAn?$AAc?$AAo?$AAm?$AAi?$AAn?$AAg?$AA?3?$AA?5?$AAN?$AAo?$AA?5?$AAc?$AAo?$AAn?$AAn?$AAe?$AAc?$AAt?$AAi?$AAo?$AAn?$AA?6?$AA?$AA@ 0000000140018116     dbg_.-remote.o
 0002:00002152       ??_C@_1DG@NNAENLOC@?$AAi?$AAn?$AAc?$AAo?$AAm?$AAi?$AAn?$AAg?$AA?3?$AA?5?$AAI?$AAP?$AA?$DN?$AA?$CF?$AAs?$AA?5?$AAP?$AAO?$AAR?$AAT?$AA?$DN?$AA?$CF?$AAl?$AAl?$AAd?$AA?6?$AA?$AA@ 0000000140018152     dbg_.-remote.o
 0002:00002192       ??_C@_1DI@NPMKAFFJ@?$AAi?$AAn?$AAc?$AAo?$AAm?$AAi?$AAn?$AAg?$AA?3?$AA?5?$AA?5?$AAI?$AAP?$AA?$DN?$AA?$CF?$AAs?$AA?5?$AAP?$AAO?$AAR?$AAT?$AA?$DN?$AA?$CF?$AAl?$AAl?$AAd?$AA?6?$AA?$AA@ 0000000140018192     dbg_.-remote.o
 0002:000021d6       ??_C@_1GA@HHMMHPKA@?$AA?$CB?$AA?$CB?$AA?$CB?$AA?$CB?$AA?$CB?$AA?5?$AA?$DO?$AA?$DO?$AA?$DO?$AA?$DO?$AA?$DO?$AA?$DO?$AA?5?$AAP?$AAa?$AAg?$AAe?$AA?5?$AAa?$AAl?$AAl?$AAo?$AAc?$AAa?$AAt?$AAi?$AAo?$AAn?$AA?5?$AAi?$AAd?$AA?$DN@ 00000001400181d6     dbg_.-remote.o
 0002:0000224a       ??_C@_1DE@OFJFJIIH@?$AAS?$AAe?$AAr?$AAv?$AAe?$AAr?$AA?5?$AAi?$AAd?$AA?$DN?$AA?$CF?$AAl?$AAl?$AAd?$AA?5?$AAc?$AAo?$AAn?$AAf?$AAi?$AAr?$AAm?$AAe?$AAd?$AA?6?$AA?$AA@ 000000014001824a     dbg_.-remote.o
 0002:00002288       ??_C@_1CE@HOGLDJAE@?$AAC?$AAl?$AAi?$AAe?$AAn?$AAt?$AA?5?$AAc?$AAo?$AAn?$AAn?$AAe?$AAc?$AAt?$AAe?$AAd?$AA?6?$AA?$AA@ 0000000140018288     dbg_.-remote.o
 0002:000022b4       ??_C@_1GO@KIHGLMJK@?$AAS?$AAe?$AAn?$AAd?$AA?5?$AAc?$AAo?$AAn?$AAf?$AAi?$AAr?$AAm?$AAa?$AAt?$AAi?$AAo?$AAn?$AA?5?$AAo?$AAf?$AA?5?$AAp?$AAa?$AAg?$AAe?$AA?5?$AAa?$AAl?$AAl?$AAo?$AAc?$AAa@ 00000001400182b4     dbg_.-remote.o
 0002:00002338       ??_C@_1FC@NJOMCOBI@?$AAR?$AAe?$AAd?$AAi?$AAr?$AAe?$AAc?$AAt?$AAi?$AAn?$AAg?$AA?5?$AAp?$AAa?$AAg?$AAe?$AA?5?$AAq?$AAu?$AAe?$AAr?$AAy?$AA?5?$AAt?$AAo?$AA?5?$AAl?$AAo?$AAc?$AAa?$AAl?$AA_@ 0000000140018338     dbg_.-remote.o
 0002:0000239a       ??_C@_1EO@MLLDILKB@?$AAR?$AAe?$AAd?$AAi?$AAr?$AAe?$AAc?$AAt?$AAi?$AAn?$AAg?$AA?5?$AAi?$AAd?$AA?5?$AAq?$AAu?$AAe?$AAr?$AAy?$AA?5?$AAt?$AAo?$AA?5?$AAl?$AAo?$AAc?$AAa?$AAl?$AA_?$AAi?$AAd@ 000000014001839a     dbg_.-remote.o
 0002:000023f8       ??_C@_1DM@IBOIDFJO@?$AAs?$AAo?$AAc?$AAk?$AAe?$AAt?$AA?$CI?$AA?$CJ?$AA?5?$AAf?$AAa?$AAi?$AAl?$AAe?$AAd?$AA?5?$AA?$FL?$AAe?$AAr?$AAr?$AAo?$AAr?$AA?$DN?$AA?$CF?$AAl?$AAl?$AAd?$AA?$FN?$AA?6?$AA?$AA@ 00000001400183f8     dbg_.-remote.o
 0002:00002440       ??_C@_1CM@FLPDOBBA@?$AAR?$AAe?$AAq?$AAu?$AAe?$AAs?$AAt?$AAi?$AAn?$AAg?$AA?5?$AAp?$AAo?$AAr?$AAt?$AA?5?$AA?$CF?$AAl?$AAl?$AAd?$AA?6?$AA?$AA@ 0000000140018440     dbg_.-remote.o
 0002:00002474       ??_C@_1DK@IOCIPHFJ@?$AAc?$AAo?$AAn?$AAn?$AAe?$AAc?$AAt?$AA?5?$AAf?$AAa?$AAi?$AAl?$AAe?$AAd?$AA?5?$AA?$FL?$AAe?$AAr?$AAr?$AAo?$AAr?$AA?$DN?$AA?$CF?$AAl?$AAl?$AAd?$AA?$FN?$AA?6?$AA?$AA@ 0000000140018474     dbg_.-remote.o
 0002:000024ba       ??_C@_1DO@IMGJNCBG@?$AAC?$AAo?$AAn?$AAn?$AAe?$AAc?$AAt?$AAi?$AAo?$AAn?$AA?5?$AAi?$AAs?$AA?5?$AAs?$AAu?$AAc?$AAc?$AAe?$AAs?$AAs?$AAf?$AAu?$AAl?$AA?$CB?$AA?5?$AA?$FL?$AA1?$AA?$FN?$AA?6?$AA?$AA@ 00000001400184ba     dbg_.-remote.o
 0002:000025aa       ??_C@_1GE@BBHPHIKC@?$AAE?$AAr?$AAr?$AAo?$AAr?$AA?5?$AA?9?$AA?5?$AAs?$AAe?$AAr?$AAv?$AAe?$AAr?$AA_?$AAp?$AAo?$AAr?$AAt?$AA?5?$AA?$DN?$AA?$DN?$AA?5?$AA?9?$AA1?$AA?5?$AA?$FL?$AAs?$AAe?$AAr?$AAv?$AAe@ 00000001400185aa     dbg_.-remote.o
 0002:00002622       ??_C@_1EM@HCGPBNNP@?$AAS?$AAt?$AAa?$AAr?$AAt?$AAi?$AAn?$AAg?$AA?5?$AAn?$AAe?$AAw?$AA?5?$AAc?$AAo?$AAn?$AAn?$AAe?$AAc?$AAt?$AAi?$AAo?$AAn?$AA?5?$AAt?$AAo?$AA?5?$AA?$FL?$AA?$CF?$AAs?$AA?$FN?$AA?5@ 0000000140018622     dbg_.-remote.o
 0002:0000267e       ??_C@_1FE@JKPBPNOM@?$AAE?$AAr?$AAr?$AAo?$AAr?$AA?5?$AAr?$AAe?$AAs?$AAo?$AAl?$AAv?$AAi?$AAn?$AAg?$AA?5?$AAh?$AAo?$AAs?$AAt?$AA?4?$AA?5?$AA?$FL?$AAs?$AAt?$AAa?$AAt?$AAu?$AAs?$AA?$DN?$AA?$CF?$AAl@ 000000014001867e     dbg_.-remote.o
 0002:000026e2       ??_C@_1DO@COGNFPF@?$AAC?$AAo?$AAn?$AAn?$AAe?$AAc?$AAt?$AAi?$AAo?$AAn?$AA?5?$AAi?$AAs?$AA?5?$AAs?$AAu?$AAc?$AAc?$AAe?$AAs?$AAs?$AAf?$AAu?$AAl?$AA?$CB?$AA?5?$AA?$FL?$AA2?$AA?$FN?$AA?6?$AA?$AA@ 00000001400186e2     dbg_.-remote.o
 0002:0000272c       ??_C@_1FK@FPKJOMKP@?$AAE?$AAr?$AAr?$AAo?$AAr?$AA?3?$AA?5?$AAC?$AAo?$AAu?$AAl?$AAd?$AA?5?$AAn?$AAo?$AAt?$AA?5?$AAc?$AAo?$AAn?$AAn?$AAe?$AAc?$AAt?$AA?5?$AAt?$AAo?$AA?5?$AA?$CF?$AAs?$AA?5?$AA?$FL@ 000000014001872c     dbg_.-remote.o
 0002:00002798       ??_C@_1EA@JBNEEBDD@?$AAT?$AAr?$AAy?$AAi?$AAn?$AAg?$AA?5?$AAt?$AAo?$AA?5?$AAg?$AAe?$AAt?$AA?5?$AAm?$AAe?$AAm?$AAo?$AAr?$AAy?$AA?5?$AAp?$AAa?$AAg?$AAe?$AA?5?$AA?$CF?$AAl?$AAl?$AAd?$AA?6?$AA?$AA@ 0000000140018798     dbg_.-remote.o
 0002:000027e4       ??_C@_1EI@BHCKMCLF@?$AAC?$AAr?$AAe?$AAa?$AAt?$AAe?$AAd?$AA?5?$AAb?$AAr?$AAo?$AAa?$AAd?$AAc?$AAa?$AAs?$AAt?$AA?5?$AAw?$AAi?$AAt?$AAh?$AA?5?$AAp?$AAr?$AAe?$AAf?$AAi?$AAx?$AA?$DN?$AA?$CF?$AAl@ 00000001400187e4     dbg_.-remote.o
 0002:0000283a       ??_C@_1DM@MBBJEJBJ@?$AAT?$AAr?$AAy?$AAi?$AAn?$AAg?$AA?5?$AAt?$AAo?$AA?5?$AAg?$AAe?$AAt?$AA?5?$AAs?$AAe?$AAr?$AAv?$AAe?$AAr?$AA?5?$AAi?$AAd?$AA?5?$AA?$CF?$AAl?$AAl?$AAd?$AA?6?$AA?$AA@ 000000014001883a     dbg_.-remote.o
 0002:00002882       ??_C@_1GK@DMGCKEJF@?$AAA?$AAn?$AAs?$AAw?$AAe?$AAr?$AA?5?$AAP?$AAu?$AAs?$AAh?$AA?5?$AAO?$AAb?$AAj?$AAe?$AAc?$AAt?$AA?5?$AAt?$AAo?$AA?5?$AAl?$AAo?$AAc?$AAa?$AAl?$AAi?$AAd?$AA?$DN?$AA?$CF?$AAl@ 0000000140018882     dbg_.-remote.o
 0002:00002902       ??_C@_1GM@MICHOCHB@?$AAA?$AAn?$AAs?$AAw?$AAe?$AAr?$AA?5?$AAQ?$AAu?$AAe?$AAr?$AAy?$AA?5?$AAO?$AAb?$AAj?$AAe?$AAc?$AAt?$AA?5?$AAt?$AAo?$AA?5?$AAl?$AAo?$AAc?$AAa?$AAl?$AAi?$AAd?$AA?$DN?$AA?$CF@ 0000000140018902     dbg_.-remote.o
 0002:00002984       ??_C@_1FK@FHPCFNAH@?$AAs?$AAe?$AAn?$AAd?$AA?5?$AAb?$AAr?$AAo?$AAa?$AAd?$AAc?$AAa?$AAs?$AAt?$AA?5?$AAa?$AAn?$AAs?$AAw?$AAe?$AAr?$AA?5?$AAp?$AAa?$AAt?$AAh?$AA?5?$AAt?$AAo?$AA?5?$AAl?$AAo@ 0000000140018984     dbg_.-remote.o
 0002:000029f0       ??_C@_1FM@FIIIPBAA@?$AAs?$AAe?$AAn?$AAd?$AA?5?$AAb?$AAr?$AAo?$AAa?$AAd?$AAc?$AAa?$AAs?$AAt?$AA?5?$AAp?$AAa?$AAt?$AAh?$AA?5?$AAr?$AAe?$AAq?$AAu?$AAe?$AAs?$AAt?$AA?5?$AAt?$AAo?$AA?5?$AAl@ 00000001400189f0     dbg_.-remote.o
 0002:00002a5e       ??_C@_1GA@MDBOGCGI@?$AAs?$AAe?$AAn?$AAd?$AA?5?$AAb?$AAr?$AAo?$AAa?$AAd?$AAc?$AAa?$AAs?$AAt?$AA?5?$AAa?$AAn?$AAs?$AAw?$AAe?$AAr?$AA?5?$AAi?$AAd?$AA?5?$AAp?$AAa?$AAt?$AAh?$AA?5?$AAt?$AAo@ 0000000140018a5e     dbg_.-remote.o
 0002:00002ad2       ??_C@_1EO@CDOEBIIP@?$AAS?$AAe?$AAn?$AAd?$AAi?$AAn?$AAg?$AA?5?$AAb?$AAr?$AAo?$AAa?$AAd?$AAc?$AAa?$AAs?$AAt?$AA?5?$AAt?$AAo?$AA?5?$AAf?$AAi?$AAn?$AAd?$AA?5?$AAo?$AAb?$AAj?$AAe?$AAc?$AAt@ 0000000140018ad2     dbg_.-remote.o
 0002:00002b30       ??_C@_1DC@EHBNKHBD@?$AAr?$AAe?$AAq?$AAu?$AAe?$AAs?$AAt?$AA?5?$AAs?$AAe?$AAt?$AA?5?$AAo?$AAb?$AAj?$AAe?$AAc?$AAt?$AA?$DN?$AA?$CF?$AAl?$AAl?$AAd?$AA?6?$AA?$AA@ 0000000140018b30     dbg_.-remote.o
 0002:00002b6c       ??_C@_1CO@OBFELGCG@?$AAl?$AAo?$AAc?$AAa?$AAl?$AA?5?$AAo?$AAb?$AAj?$AAe?$AAc?$AAt?$AA?5?$AA?9?$AA?5?$AAa?$AAn?$AAs?$AAw?$AAe?$AAr?$AA?6?$AA?$AA@ 0000000140018b6c     dbg_.-remote.o
 0002:00002ba4       ??_C@_1CC@BJNHGOIA@?$AAd?$AAo?$AAn?$AA?8?$AAt?$AA?5?$AAk?$AAn?$AAo?$AAw?$AA?5?$AAp?$AAa?$AAt?$AAh?$AA?6?$AA?$AA@ 0000000140018ba4     dbg_.-remote.o
 0002:00002bcc       ??_C@_1DA@NHJHHADA@?$AAr?$AAe?$AAq?$AAu?$AAe?$AAs?$AAt?$AA?5?$AAs?$AAe?$AAn?$AAt?$AA?5?$AA?$FL?$AAt?$AAo?$AA?5?$AA?$CF?$AAl?$AAl?$AAd?$AA?$FN?$AA?6?$AA?$AA@ 0000000140018bcc     dbg_.-remote.o
 0002:00002c06       ??_C@_1IK@DBMEHLHD@?$AAS?$AAt?$AAa?$AAr?$AAt?$AAi?$AAn?$AAg?$AA?5?$AAn?$AAe?$AAw?$AA?5?$AAR?$AAE?$AAM?$AAO?$AAT?$AAE?$AA?5?$AAw?$AAo?$AAr?$AAk?$AAe?$AAr?$AA?5?$AA?$CF?$AAl?$AAl?$AAd?$AA?5@ 0000000140018c06     dbg_.-remote.o
 0002:00002cac       ??_C@_1EK@DLJDAMIC@?$AAs?$AAe?$AAn?$AAd?$AAi?$AAn?$AAg?$AA?5?$AAh?$AAi?$AAv?$AAe?$AA?5?$AAs?$AAt?$AAa?$AAt?$AAe?$AA?5?$AA?$FL?$AA?$CF?$AAl?$AAl?$AAd?$AA?5?$AA?$CF?$AAl?$AAl?$AAd?$AA?5?$AA?$CF?$AAl@ 0000000140018cac     dbg_.-remote.o
 0002:00002d04       ??_C@_1CK@IMAGNILG@?$AAC?$AAo?$AAn?$AAf?$AAi?$AAr?$AAm?$AAe?$AAd?$AA?5?$AAp?$AAo?$AAr?$AAt?$AA?$DN?$AA?$CF?$AAl?$AAl?$AAd?$AA?6?$AA?$AA@ 0000000140018d04     dbg_.-remote.o
 0002:00002d36       ??_C@_1CE@BDEHPDNE@?$AAG?$AAe?$AAt?$AA?5?$AAc?$AAo?$AAm?$AAm?$AAa?$AAn?$AAd?$AA?5?$AA?$FL?$AA?$CF?$AAs?$AA?$FN?$AA?6?$AA?$AA@ 0000000140018d36     dbg_.-remote.o
 0002:00002d62       ??_C@_1DG@NNMMEGKD@?$AAS?$AAe?$AAl?$AAe?$AAc?$AAt?$AAe?$AAd?$AA?5?$AAc?$AAo?$AAn?$AAn?$AAe?$AAc?$AAt?$AA?5?$AAc?$AAo?$AAm?$AAm?$AAa?$AAn?$AAd?$AA?4?$AA?6?$AA?$AA@ 0000000140018d62     dbg_.-remote.o
 0002:00002da2       ??_C@_1CI@KPENLAE@?$AAE?$AAn?$AAt?$AAe?$AAr?$AA?5?$AAI?$AAP?$AA?5?$AAa?$AAn?$AAd?$AA?5?$AAP?$AAO?$AAR?$AAT?$AA?4?$AA?6?$AA?$AA@ 0000000140018da2     dbg_.-remote.o
 0002:00002dd2       ??_C@_1EG@CAHECGOL@?$AAT?$AAr?$AAy?$AAi?$AAn?$AAg?$AA?5?$AAt?$AAo?$AA?5?$AAc?$AAo?$AAn?$AAn?$AAe?$AAc?$AAt?$AA?5?$AAt?$AAo?$AA?5?$AA?$FL?$AA?$CF?$AAs?$AA?$FN?$AA?5?$AA?$FL?$AA?$CF?$AAs?$AA?$FN?$AA?4?$AA?4@ 0000000140018dd2     dbg_.-remote.o
 0002:00002e26       ??_C@_1DG@GLOHHOJG@?$AAT?$AAe?$AAm?$AAp?$AAo?$AAr?$AAa?$AAr?$AAy?$AA?5?$AAl?$AAo?$AAc?$AAa?$AAl?$AA_?$AAi?$AAd?$AA?5?$AA?$DN?$AA?5?$AA?$CF?$AAl?$AAl?$AAd?$AA?6?$AA?$AA@ 0000000140018e26     dbg_.-remote.o
 0002:00002e66       ??_C@_1DC@MOJEJJIM@?$AAC?$AAo?$AAn?$AAf?$AAi?$AAg?$AAu?$AAr?$AAa?$AAt?$AAi?$AAo?$AAn?$AA?5?$AAc?$AAo?$AAn?$AAf?$AAi?$AAr?$AAm?$AAe?$AAd?$AA?6?$AA?$AA@ 0000000140018e66     dbg_.-remote.o
 0002:00002ea2       ??_C@_1DM@PKIKMHMJ@?$AA?$FL?$AAN?$AAE?$AAT?$AAW?$AAO?$AAR?$AAK?$AA?$FN?$AA?3?$AA?5?$AAP?$AAe?$AAe?$AAr?$AA?5?$AAd?$AAi?$AAs?$AAc?$AAo?$AAn?$AAn?$AAe?$AAc?$AAt?$AAe?$AAd?$AA?6?$AA?$AA@ 0000000140018ea2     dbg_.-remote.o
 0002:00002eea       ??_C@_1DG@IHKBKGHO@?$AAG?$AAe?$AAt?$AA?5?$AAm?$AAe?$AAs?$AAs?$AAa?$AAg?$AAe?$AA?5?$AAo?$AAf?$AA?5?$AA?$CF?$AAl?$AAl?$AAd?$AA?5?$AAb?$AAy?$AAt?$AAe?$AAs?$AA?6?$AA?$AA@ 0000000140018eea     dbg_.-remote.o
 0002:00002f2a       ??_C@_1EE@FBAKCJKM@?$AAp?$AAr?$AAo?$AAc?$AAe?$AAs?$AAs?$AA?5?$AAh?$AAe?$AAa?$AAd?$AAe?$AAr?$AA?$FL?$AAo?$AAk?$AA?$FN?$AA?5?$AA?$FL?$AAh?$AAe?$AAa?$AAd?$AAe?$AAr?$AA?$DN?$AA?$CF?$AAl?$AAl?$AAd?$AA?$FN@ 0000000140018f2a     dbg_.-remote.o
 0002:00002f7c       ??_C@_1EE@CIFDCIBF@?$AAp?$AAr?$AAo?$AAc?$AAe?$AAs?$AAs?$AA?5?$AAl?$AAe?$AAn?$AAg?$AAt?$AAh?$AA?$FL?$AAo?$AAk?$AA?$FN?$AA?5?$AA?$FL?$AAl?$AAe?$AAn?$AAg?$AAt?$AAh?$AA?$DN?$AA?$CF?$AAl?$AAl?$AAd?$AA?$FN@ 0000000140018f7c     dbg_.-remote.o
 0002:00002fce       ??_C@_1CM@JBMABCGC@?$AAp?$AAr?$AAo?$AAc?$AAe?$AAs?$AAs?$AA?5?$AAl?$AAe?$AAn?$AAg?$AAt?$AAh?$AA?$FL?$AAp?$AAa?$AAr?$AAt?$AA?$FN?$AA?6?$AA?$AA@ 0000000140018fce     dbg_.-remote.o
 0002:00003002       ??_C@_1CE@BMKCCAOL@?$AAp?$AAr?$AAo?$AAc?$AAe?$AAs?$AAs?$AA?5?$AAb?$AAo?$AAd?$AAy?$AA?$FL?$AAo?$AAk?$AA?$FN?$AA?6?$AA?$AA@ 0000000140019002     dbg_.-remote.o
 0002:0000302e       ??_C@_1CO@OOHNIMCC@?$AAc?$AAl?$AAo?$AAs?$AAi?$AAn?$AAg?$AA?5?$AAc?$AAo?$AAn?$AAn?$AAe?$AAc?$AAt?$AAi?$AAo?$AAn?$AA?4?$AA?4?$AA?4?$AA?6?$AA?$AA@ 000000014001902e     dbg_.-remote.o
 0002:00003066       ??_C@_1CI@LDDDECLE@?$AAp?$AAr?$AAo?$AAc?$AAe?$AAs?$AAs?$AA?5?$AAb?$AAo?$AAd?$AAy?$AA?$FL?$AAp?$AAa?$AAr?$AAt?$AA?$FN?$AA?6?$AA?$AA@ 0000000140019066     dbg_.-remote.o
 0002:00003096       ??_C@_1FI@DLIHECMG@?$AAG?$AAe?$AAt?$AA?5?$AAa?$AAp?$AAi?$AA?5?$AAc?$AAa?$AAl?$AAl?$AA?5?$AA?$CF?$AAl?$AAl?$AAd?$AA?5?$AAo?$AAf?$AA?5?$AAl?$AAe?$AAn?$AAg?$AAt?$AAh?$AA?3?$AA?5?$AA?$CF?$AAl?$AAl@ 0000000140019096     dbg_.-remote.o
 0002:00003100       ??_C@_1EC@IGPNEALA@?$AAA?$AAP?$AAI?$AA_?$AAR?$AAE?$AAQ?$AAU?$AAE?$AAS?$AAT?$AA_?$AAC?$AAO?$AAN?$AAN?$AAE?$AAC?$AAT?$AAI?$AAO?$AAN?$AA?5?$AAa?$AAn?$AAs?$AAw?$AAe?$AAr?$AAe?$AAd?$AA?6@ 0000000140019100     dbg_.-remote.o
 0002:00003150       ??_C@_1HI@PFGJBABN@?$AAA?$AAP?$AAI?$AA_?$AAA?$AAN?$AAS?$AAW?$AAE?$AAR?$AA_?$AAR?$AAE?$AAQ?$AAU?$AAE?$AAS?$AAT?$AA_?$AAC?$AAO?$AAN?$AAN?$AAE?$AAC?$AAT?$AAI?$AAO?$AAN?$AA?5?$AAu?$AAp@ 0000000140019150     dbg_.-remote.o
 0002:000031e0       ??_C@_1EM@NFKPCEGC@?$AAU?$AAp?$AAd?$AAa?$AAt?$AAe?$AAd?$AA?5?$AAu?$AAs?$AAi?$AAn?$AAg?$AA?5?$AA?$FL?$AAc?$AAo?$AAn?$AA?$DN?$AA?$CF?$AAp?$AA?$FN?$AA?5?$AA?$FL?$AAa?$AAn?$AAd?$AA?5?$AAf?$AAr?$AAe?$AAe@ 00000001400191e0     dbg_.-remote.o
 0002:0000323c       ??_C@_1LA@ICLCBFDH@?$AAE?$AAr?$AAr?$AAo?$AAr?$AA?3?$AA?5?$AAA?$AAP?$AAI?$AA_?$AAA?$AAN?$AAS?$AAW?$AAE?$AAR?$AA_?$AAR?$AAE?$AAQ?$AAU?$AAE?$AAS?$AAT?$AA_?$AAC?$AAO?$AAN?$AAN?$AAE?$AAC@ 000000014001923c     dbg_.-remote.o
 0002:00003310       ??_C@_1FA@NLLPLBEB@?$AAA?$AAP?$AAI?$AA_?$AAR?$AAE?$AAQ?$AAU?$AAE?$AAS?$AAT?$AA_?$AAI?$AAD?$AA?5?$AAp?$AAa?$AAg?$AAe?$AA?$DN?$AA?$CF?$AAl?$AAl?$AAd?$AA?5?$AA?$FL?$AAp?$AAr?$AAe?$AAf?$AAi?$AAx@ 0000000140019310     dbg_.-remote.o
 0002:00003370       ??_C@_1BG@IOHEMCP@?$AAR?$AAe?$AAf?$AAu?$AAs?$AAe?$AA?5?$AAi?$AAd?$AA?6?$AA?$AA@ 0000000140019370     dbg_.-remote.o
 0002:0000338a       ??_C@_1EI@DCLENIAC@?$AAC?$AAo?$AAn?$AAf?$AAi?$AAr?$AAm?$AAe?$AAd?$AA?5?$AAb?$AAe?$AAc?$AAo?$AAu?$AAs?$AAe?$AA?5?$AAl?$AAo?$AAc?$AAa?$AAl?$AA_?$AAi?$AAd?$AA?5?$AAd?$AAi?$AAf?$AAf?$AAe@ 000000014001938a     dbg_.-remote.o
 0002:000033e0       ??_C@_1EI@GBBOHBKF@?$AAG?$AAe?$AAt?$AA?5?$AAb?$AAr?$AAo?$AAa?$AAd?$AAc?$AAa?$AAs?$AAt?$AA?5?$AAa?$AAn?$AAs?$AAw?$AAe?$AAr?$AA?5?$AA?$FL?$AAp?$AAr?$AAe?$AAf?$AAi?$AAx?$AA?$DN?$AA?$CF?$AAl?$AAl@ 00000001400193e0     dbg_.-remote.o
 0002:00003436       ??_C@_1CK@JAOCGICP@?$AAB?$AAr?$AAo?$AAa?$AAd?$AAc?$AAa?$AAs?$AAt?$AA?5?$AAc?$AAo?$AAn?$AAf?$AAi?$AAr?$AAm?$AAe?$AAd?$AA?6?$AA?$AA@ 0000000140019436     dbg_.-remote.o
 0002:00003468       ??_C@_1FM@HIELKEO@?$AAA?$AAP?$AAI?$AA_?$AAR?$AAE?$AAQ?$AAU?$AAE?$AAS?$AAT?$AA_?$AAM?$AAE?$AAM?$AA_?$AAP?$AAA?$AAG?$AAE?$AA?5?$AAp?$AAa?$AAg?$AAe?$AA?$DN?$AA?$CF?$AAl?$AAl?$AAd?$AA?5?$AA?$FL@ 0000000140019468     dbg_.-remote.o
 0002:000034d6       ??_C@_1CG@KIALDCLE@?$AAR?$AAe?$AAf?$AAu?$AAs?$AAe?$AA?5?$AAa?$AAl?$AAl?$AAo?$AAc?$AAa?$AAt?$AAi?$AAo?$AAn?$AA?6?$AA?$AA@ 00000001400194d6     dbg_.-remote.o
 0002:00003504       ??_C@_1CM@IABHOCCE@?$AAg?$AAe?$AAt?$AA?5?$AAp?$AAu?$AAs?$AAh?$AA?5?$AAo?$AAb?$AAj?$AAe?$AAc?$AAt?$AA?5?$AA?$CF?$AAl?$AAl?$AAd?$AA?6?$AA?$AA@ 0000000140019504     dbg_.-remote.o
 0002:00003538       ??_C@_1BM@CKHNEJCK@?$AAl?$AAo?$AAc?$AAa?$AAl?$AA?9?$AAp?$AAu?$AAs?$AAh?$AAe?$AAd?$AA?6?$AA?$AA@ 0000000140019538     dbg_.-remote.o
 0002:0000355a       ??_C@_1CG@LACBKCJC@?$AAr?$AAe?$AAm?$AAo?$AAt?$AAe?$AA?9?$AAr?$AAe?$AAd?$AAi?$AAr?$AAe?$AAc?$AAt?$AAe?$AAd?$AA?6?$AA?$AA@ 000000014001955a     dbg_.-remote.o
 0002:00003588       ??_C@_1GM@LPBCPABN@?$AAU?$AAP?$AAD?$AAA?$AAT?$AAE?$AA?5?$AAP?$AAA?$AAT?$AAH?$AA?5?$AA1?$AA?5?$AAT?$AAO?$AA?5?$AA?$CF?$AAl?$AAl?$AAd?$AA?5?$AA?$FL?$AAd?$AAi?$AAs?$AAt?$AAa?$AAn?$AAc?$AAe?$AA?$DN@ 0000000140019588     dbg_.-remote.o
 0002:0000360a       ??_C@_1GM@FBBGBBEM@?$AAU?$AAP?$AAD?$AAA?$AAT?$AAE?$AA?5?$AAP?$AAA?$AAT?$AAH?$AA?5?$AA2?$AA?5?$AAT?$AAO?$AA?5?$AA?$CF?$AAl?$AAl?$AAd?$AA?5?$AA?$FL?$AAd?$AAi?$AAs?$AAt?$AAa?$AAn?$AAc?$AAe?$AA?$DN@ 000000014001960a     dbg_.-remote.o
 0002:0000368c       ??_C@_1HC@GFDBDKMJ@?$AAU?$AAP?$AAD?$AAA?$AAT?$AAE?$AA?5?$AAI?$AAD?$AA?5?$AAP?$AAA?$AAT?$AAH?$AA?5?$AA1?$AA?5?$AAT?$AAO?$AA?5?$AA?$CF?$AAl?$AAl?$AAd?$AA?5?$AA?$FL?$AAd?$AAi?$AAs?$AAt?$AAa?$AAn@ 000000014001968c     dbg_.-remote.o
 0002:00003714       ??_C@_1HC@ILDFNLJI@?$AAU?$AAP?$AAD?$AAA?$AAT?$AAE?$AA?5?$AAI?$AAD?$AA?5?$AAP?$AAA?$AAT?$AAH?$AA?5?$AA2?$AA?5?$AAT?$AAO?$AA?5?$AA?$CF?$AAl?$AAl?$AAd?$AA?5?$AA?$FL?$AAd?$AAi?$AAs?$AAt?$AAa?$AAn@ 0000000140019714     dbg_.-remote.o
 0002:0000379c       ??_C@_1HC@IPIJLOJO@?$AAG?$AAe?$AAt?$AA?5?$AAr?$AAe?$AAm?$AAo?$AAt?$AAe?$AA?5?$AAs?$AAt?$AAa?$AAr?$AAt?$AA?5?$AAw?$AAo?$AAr?$AAk?$AAe?$AAr?$AA?5?$AA?$CF?$AAl?$AAl?$AAd?$AA?5?$AAf?$AAr?$AAo@ 000000014001979c     dbg_.-remote.o
 0002:00003824       ??_C@_1FC@CBJJGKKM@?$AAG?$AAE?$AAT?$AA?5?$AAH?$AAI?$AAV?$AAE?$AA?5?$AAS?$AAT?$AAA?$AAT?$AAE?$AA?3?$AA?5?$AA?$CF?$AAl?$AAl?$AAd?$AA?5?$AA?$CF?$AAl?$AAl?$AAd?$AA?5?$AA?$CF?$AAl?$AAl?$AAd?$AA?5?$AA?$FL@ 0000000140019824     dbg_.-remote.o
 0002:00003886       ??_C@_1CG@PIAFPEME@?$AAS?$AAe?$AAr?$AAv?$AAe?$AAr?$AA?5?$AAs?$AAt?$AAa?$AAr?$AAt?$AAe?$AAd?$AA?4?$AA?4?$AA?4?$AA?6?$AA?$AA@ 0000000140019886     dbg_.-remote.o
 0002:000038b4       ??_C@_1DK@EHAPFJND@?$AAs?$AAe?$AAr?$AAv?$AAe?$AAr?$AA?5?$AAs?$AAt?$AAa?$AAr?$AAt?$AAe?$AAd?$AA?5?$AAo?$AAn?$AA?5?$AAp?$AAo?$AAr?$AAt?$AA?5?$AA?$CF?$AAl?$AAl?$AAd?$AA?6?$AA?$AA@ 00000001400198b4     dbg_.-remote.o
 0002:000038fa       ??_C@_1FA@MICONLJJ@?$AAE?$AAr?$AAr?$AAo?$AAr?$AA?3?$AA?5?$AAf?$AAa?$AAi?$AAl?$AAe?$AAd?$AA?5?$AAt?$AAo?$AA?5?$AAa?$AAl?$AAl?$AAo?$AAc?$AAa?$AAt?$AAe?$AA?5?$AAm?$AAe?$AAm?$AAo?$AAr?$AAy@ 00000001400198fa     dbg_.-runtime_lib.o
 0002:0000395a       ??_C@_1FE@CPMEHOGL@?$AAE?$AAr?$AAr?$AAo?$AAr?$AA?3?$AA?5?$AAf?$AAa?$AAi?$AAl?$AAe?$AAd?$AA?5?$AAt?$AAo?$AA?5?$AAr?$AAe?$AAa?$AAl?$AAl?$AAo?$AAc?$AAa?$AAt?$AAe?$AA?5?$AAm?$AAe?$AAm?$AAo@ 000000014001995a     dbg_.-runtime_lib.o
 0002:000039be       ??_C@_1EI@DJFGOBAG@?$AAE?$AAr?$AAr?$AAo?$AAr?$AA?3?$AA?5?$AAf?$AAa?$AAi?$AAl?$AAe?$AAd?$AA?5?$AAt?$AAo?$AA?5?$AAf?$AAr?$AAe?$AAe?$AA?5?$AAm?$AAe?$AAm?$AAo?$AAr?$AAy?$AA?3?$AA?5?$AA?$CF?$AAl@ 00000001400199be     dbg_.-runtime_lib.o
 0002:00003a14       ??_C@_1CM@EJGKJCED@?$AAA?$AAs?$AAs?$AAe?$AAr?$AAt?$AAi?$AAo?$AAn?$AA?5?$AAf?$AAa?$AAi?$AAl?$AAe?$AAd?$AA?3?$AA?5?$AA?$CF?$AAs?$AA?6?$AA?$AA@ 0000000140019a14     dbg_.-runtime_lib.o
 0002:00003a48       ??_C@_1EI@GJCCEHA@?$AAF?$AAi?$AAl?$AAe?$AA?3?$AA?5?$AA?$CF?$AAs?$AA?0?$AA?5?$AAL?$AAi?$AAn?$AAe?$AA?3?$AA?5?$AA?$CF?$AAl?$AAl?$AAd?$AA?0?$AA?5?$AAF?$AAu?$AAn?$AAc?$AAt?$AAi?$AAo?$AAn?$AA?3?$AA?5@ 0000000140019a48     dbg_.-runtime_lib.o
 0002:00003cee       ??_C@_1GE@NIGCAFOK@?$AAE?$AAr?$AAr?$AAo?$AAr?$AA?3?$AA?5?$AAg?$AAp?$AAu?$AA?5?$AAw?$AAo?$AAr?$AAk?$AAe?$AAr?$AA?5?$AAd?$AAo?$AAe?$AAn?$AA?8?$AAt?$AA?5?$AAs?$AAu?$AAp?$AAp?$AAo?$AAr?$AAt@ 0000000140019cee     dbg_.-runtime.o
 0002:00003d66       ??_C@_1DO@CBJEPNAO@?$AAP?$AAr?$AAo?$AAm?$AAi?$AAs?$AAe?$AA?$CI?$AAs?$AAe?$AAt?$AA?$DN?$AA?$CF?$AA0?$AA2?$AAx?$AA?0?$AA?5?$AAf?$AAi?$AAr?$AAs?$AAt?$AA4?$AAb?$AAy?$AAt?$AAe?$AAs?$AA?$DN?$AA?$AA@ 0000000140019d66     dbg_.-runtime.o
 0002:00003db0       ??_C@_15BCDOKMG@?$AA?$CJ?$AA?6?$AA?$AA@ 0000000140019db0     dbg_.-runtime.o
 0002:00003db8       ??_C@_1EO@JIHFKLGM@?$AAA?$AAr?$AAr?$AAa?$AAy?$AA?$CI?$AAl?$AAe?$AAn?$AAg?$AAt?$AAh?$AA?$DN?$AA?$CF?$AAl?$AAl?$AAd?$AA?0?$AA?5?$AAe?$AAl?$AAe?$AAm?$AAe?$AAn?$AAt?$AA_?$AAs?$AAi?$AAz?$AAe?$AA?$DN@ 0000000140019db8     dbg_.-runtime.o
 0002:00003e16       ??_C@_15IPOKAMGA@?$AA?$HL?$AA?5?$AA?$AA@ 0000000140019e16     dbg_.-runtime.o
 0002:00003e1e       ??_C@_13EHOOFIKC@?$AA?$HN?$AA?$AA@ 0000000140019e1e     dbg_.-runtime.o
 0002:00003e22       ??_C@_15JOGBDECP@?$AA?0?$AA?5?$AA?$AA@ 0000000140019e22     dbg_.-runtime.o
 0002:00003e2a       ??_C@_1CG@OGLIMIIK@?$AAC?$AAl?$AAa?$AAs?$AAs?$AA?$CI?$AAf?$AAi?$AAr?$AAs?$AAt?$AA4?$AAb?$AAy?$AAt?$AAe?$AAs?$AA?$DN?$AA?$AA@ 0000000140019e2a     dbg_.-runtime.o
 0002:00003e58       ??_C@_1DM@HBMDBMCD@?$AAO?$AAb?$AAj?$AAe?$AAc?$AAt?$AA?5?$AAo?$AAf?$AA?5?$AAu?$AAn?$AAk?$AAn?$AAo?$AAw?$AAn?$AA?5?$AAt?$AAy?$AAp?$AAe?$AA?3?$AA?5?$AA?$CF?$AA0?$AA2?$AAx?$AA?6?$AA?$AA@ 0000000140019e58     dbg_.-runtime.o
 0002:00003ea0       ??_C@_1FG@HBFKKPHD@?$AAW?$AAo?$AAr?$AAk?$AAe?$AAr?$AA?5?$AAa?$AAd?$AAd?$AA?5?$AAt?$AAo?$AA?5?$AAw?$AAa?$AAi?$AAt?$AA?5?$AAl?$AAi?$AAs?$AAt?$AA?5?$AA?$FL?$AAi?$AAd?$AA?$DN?$AA?$CF?$AAl?$AAl?$AAd@ 0000000140019ea0     dbg_.-runtime.o
 0002:00003f08       ??_C@_1EI@FJBGIEMF@?$AAW?$AAo?$AAr?$AAk?$AAe?$AAr?$AA?5?$AAe?$AAn?$AAq?$AAu?$AAe?$AAu?$AAe?$AAd?$AA?5?$AA?$FL?$AAi?$AAd?$AA?$DN?$AA?$CF?$AAl?$AAl?$AAd?$AA?0?$AA?5?$AAd?$AAa?$AAt?$AAa?$AA?$DN?$AA?$CF@ 0000000140019f08     dbg_.-runtime.o
 0002:00003f5e       ??_C@_1CC@OGJGNONI@?$AAw?$AAa?$AAi?$AAt?$AA?5?$AAl?$AAi?$AAs?$AAt?$AA?3?$AA?5?$AA?$CF?$AAl?$AAl?$AAd?$AA?6?$AA?$AA@ 0000000140019f5e     dbg_.-runtime.o
 0002:00003f86       ??_C@_1GM@IJHLNMBE@?$AAt?$AAh?$AAr?$AAe?$AAa?$AAd?$AA?5?$AA?$CF?$AAl?$AAl?$AAd?$AA?3?$AA?5?$AA?5?$AAW?$AAa?$AAi?$AAt?$AA?$HM?$AAQ?$AAu?$AAe?$AAu?$AAe?$AAd?$AA?5?$AA?$CF?$AAl?$AAl?$AAd?$AA?$HM?$AA?$CF@ 0000000140019f86     dbg_.-runtime.o
 0002:00004008       ??_C@_1CO@BAHOKHFI@?$AA?6?$AAS?$AAh?$AAe?$AAd?$AAu?$AAl?$AAi?$AAn?$AAg?$AA?5?$AAn?$AAe?$AAw?$AA?5?$AAw?$AAo?$AAr?$AAk?$AAe?$AAr?$AA?6?$AA?$AA@ 000000014001a008     dbg_.-runtime.o
 0002:00004040       ??_C@_1II@BKKMGADK@?$AAC?$AAo?$AAn?$AAt?$AAi?$AAn?$AAu?$AAe?$AA?5?$AAw?$AAo?$AAr?$AAk?$AAe?$AAr?$AA?5?$AA?$CF?$AAl?$AAl?$AAd?$AA?5?$AAf?$AAr?$AAo?$AAm?$AA?5?$AAd?$AAa?$AAt?$AAa?$AA?$DN?$AA?$CF@ 000000014001a040     dbg_.-runtime.o
 0002:000040e4       ??_C@_1DC@OKNAINOC@?$AAc?$AAo?$AAp?$AAy?$AA?$CI?$AA?$CF?$AAp?$AA?$CJ?$AA?$DN?$AAq?$AAu?$AAe?$AAu?$AAe?$AA?$FL?$AA?$CF?$AAl?$AAl?$AAd?$AA?$FN?$AA?$DN?$AA?$CF?$AAp?$AA?6?$AA?$AA@ 000000014001a0e4     dbg_.-runtime.o
 0002:00004120       ??_C@_1FE@PPKJADDP@?$AAW?$AAa?$AAn?$AAt?$AA?5?$AAr?$AAu?$AAn?$AA?5?$AAr?$AAe?$AAm?$AAo?$AAt?$AAe?$AA?0?$AA?5?$AAb?$AAu?$AAt?$AA?3?$AA?5?$AA?$CF?$AAl?$AAl?$AAd?$AA?5?$AA?$CF?$AAl?$AAl?$AAd?$AA?5@ 000000014001a120     dbg_.-runtime.o
 0002:00004184       ??_C@_1GC@JGFAAALF@?$AAS?$AAt?$AAa?$AAr?$AAt?$AAi?$AAn?$AAg?$AA?5?$AAn?$AAe?$AAw?$AA?5?$AAl?$AAo?$AAc?$AAa?$AAl?$AA?5?$AAw?$AAo?$AAr?$AAk?$AAe?$AAr?$AA?5?$AA?$CF?$AAl?$AAl?$AAd?$AA?5?$AA?$FL@ 000000014001a184     dbg_.-runtime.o
 0002:000041fa       ??_C@_1EG@KLACJNPC@?$AAE?$AAr?$AAr?$AAo?$AAr?$AA?3?$AA?5?$AAt?$AAh?$AAi?$AAs?$AA?5?$AAi?$AAs?$AAn?$AA?8?$AAt?$AA?5?$AAh?$AAi?$AAv?$AAe?$AA?5?$AAe?$AAx?$AAe?$AAc?$AAu?$AAt?$AAa?$AAb?$AAl@ 000000014001a1fa     dbg_.-runtime.o
 0002:0000424e       ??_C@_1GG@OIFEBPCL@?$AAE?$AAr?$AAr?$AAo?$AAr?$AA?3?$AA?5?$AAt?$AAh?$AAi?$AAs?$AA?5?$AAi?$AAs?$AA?5?$AAe?$AAx?$AAe?$AAc?$AAu?$AAt?$AAa?$AAb?$AAl?$AAe?$AA?5?$AAo?$AAf?$AA?5?$AAn?$AAo?$AAt@ 000000014001a24e     dbg_.-runtime.o
 0002:000042c8       ??_C@_1DC@FFLNADD@?$AAE?$AAr?$AAr?$AAo?$AAr?$AA?3?$AA?5?$AAw?$AAi?$AAn?$AAa?$AAp?$AAi?$AA?5?$AAe?$AAr?$AAr?$AAo?$AAr?$AA?5?$AA?$CF?$AAl?$AAd?$AA?6?$AA?$AA@ 000000014001a2c8     dbg_.-runtime.o
 0002:00004304       ??_C@_1DE@BIGGJJBN@?$AAh?$AAe?$AAa?$AAd?$AAe?$AAr?$AA?5?$AA?$CF?$AAl?$AAl?$AAd?$AA?5?$AAo?$AAf?$AA?5?$AAs?$AAi?$AAz?$AAe?$AA?5?$AA?$CF?$AAl?$AAl?$AAd?$AA?6?$AA?$AA@ 000000014001a304     dbg_.-runtime.o
 0002:00004342       ??_C@_1BK@JJBOCJJN@?$AAs?$AAe?$AAt?$AA?5?$AAt?$AAo?$AA?5?$AA?$CF?$AAl?$AAl?$AAd?$AA?5?$AA?$AA@ 000000014001a342     dbg_.-runtime.o
 0002:00004362       ??_C@_1JE@CPFCJBNI@?$AAE?$AAR?$AAR?$AAO?$AAR?$AA?3?$AA?5?$AAR?$AAu?$AAn?$AAt?$AAi?$AAm?$AAe?$AA?5?$AAe?$AAn?$AAd?$AAp?$AAo?$AAi?$AAn?$AAt?$AA?5?$AA?$CF?$AAl?$AAl?$AAd?$AA?5?$AAd?$AAo?$AAe@ 000000014001a362     dbg_.-runtime.o
 0002:00004414       ??_C@_1BA@LPJEKMJJ@?$AAp?$AAt?$AAr?$AA?$DN?$AA?$CF?$AAp?$AA?6?$AA?$AA@ 000000014001a414     dbg_.-runtime.o
 0002:00004428       ??_C@_1IG@FGNNCHGH@?$AAw?$AAo?$AAr?$AAk?$AAe?$AAr?$AA?5?$AA?$CF?$AAl?$AAl?$AAd?$AA?5?$AAi?$AAs?$AA?5?$AAd?$AAl?$AAl?$AA?5?$AAc?$AAa?$AAl?$AAl?$AA?5?$AAo?$AAf?$AA?5?$AAl?$AAi?$AAb?$AAr?$AAa@ 000000014001a428     dbg_.-runtime.o
 0002:000044c8       ??_C@_1CG@BIKDCCPC@?$AAs?$AAt?$AAa?$AAc?$AAk?$AA?5?$AAu?$AAs?$AAa?$AAg?$AAe?$AA?3?$AA?5?$AA?$CF?$AAl?$AAl?$AAd?$AA?6?$AA?$AA@ 000000014001a4c8     dbg_.-runtime.o
 0002:000044f6       ??_C@_1GK@IGPNAPLE@?$AAo?$AAu?$AAt?$AAp?$AAu?$AAt?$AA?5?$AAh?$AAa?$AAv?$AAe?$AA?5?$AAs?$AAi?$AAz?$AAe?$AA?5?$AA?$CF?$AAl?$AAl?$AAd?$AA?5?$AA?$FL?$AAa?$AAn?$AAd?$AA?5?$AAa?$AAr?$AAg?$AAs?$AA?5@ 000000014001a4f6     dbg_.-runtime.o
 0002:00004576       ??_C@_1FE@ENHKIDEL@?$AAa?$AAr?$AAg?$AAu?$AAm?$AAe?$AAn?$AAt?$AA?5?$AA?$CF?$AAl?$AAl?$AAd?$AA?5?$AAh?$AAa?$AAv?$AAe?$AA?5?$AAs?$AAi?$AAz?$AAe?$AA?5?$AA?$CF?$AAl?$AAl?$AAd?$AA?5?$AA?$FL?$AAt?$AAy@ 000000014001a576     dbg_.-runtime.o
 0002:000045da       ??_C@_1KM@JOOLBIFF@?$AAW?$AAo?$AAr?$AAk?$AAe?$AAr?$AA?5?$AA?$CF?$AAl?$AAl?$AAd?$AA?5?$AA?$FL?$AAx?$AA6?$AA4?$AA?$FN?$AA?5?$AAh?$AAa?$AAv?$AAe?$AA?5?$AAb?$AAe?$AAe?$AAn?$AA?5?$AAl?$AAo?$AAa?$AAd@ 000000014001a5da     dbg_.-runtime.o
 0002:000046a8       ??_C@_1BM@EIGFADGI@?$AAR?$AAE?$AAA?$AAD?$AA?5?$AAS?$AAT?$AAR?$AAI?$AAN?$AAG?$AA?3?$AA?6?$AA?$AA@ 000000014001a6a8     dbg_.-runtime.o
 0002:000046ca       ??_C@_1HI@GNCDLKLI@?$AAE?$AAr?$AAr?$AAo?$AAr?$AA?3?$AA?5?$AAr?$AAu?$AAn?$AAt?$AAi?$AAm?$AAe?$AA?5?$AAd?$AAo?$AAe?$AAs?$AAn?$AA?8?$AAt?$AA?5?$AAs?$AAu?$AAp?$AAp?$AAo?$AAr?$AAt?$AA?5?$AAs@ 000000014001a6ca     dbg_.-runtime.o
 0002:0000475a       ??_C@_1CI@PHCDEMOE@?$AAb?$AAu?$AAi?$AAl?$AAd?$AAi?$AAn?$AAg?$AA?5?$AAk?$AAe?$AAr?$AAn?$AAe?$AAl?$AA?4?$AA?4?$AA?4?$AA?6?$AA?$AA@ 000000014001a75a     dbg_.-runtime.o
 0002:0000478a       ??_C@_17MJEANDKP@?$AA?$CF?$AAs?$AA?6?$AA?$AA@ 000000014001a78a     dbg_.-runtime.o
 0002:00004793       ??_C@_04JNAIOECI@krnl?$AA@ 000000014001a793     dbg_.-runtime.o
 0002:0000479a       ??_C@_1DI@MMAOAOLJ@?$AAE?$AAr?$AAr?$AAo?$AAr?$AA?3?$AA?5?$AAk?$AAe?$AAr?$AAn?$AAe?$AAl?$AA?5?$AAb?$AAu?$AAi?$AAl?$AAd?$AA?5?$AAf?$AAa?$AAi?$AAl?$AAe?$AAd?$AA?6?$AA?$AA@ 000000014001a79a     dbg_.-runtime.o
 0002:000047de       ??_C@_1LG@BJCBGCLK@?$AAW?$AAo?$AAr?$AAk?$AAe?$AAr?$AA?5?$AA?$CF?$AAl?$AAl?$AAd?$AA?5?$AA?$FL?$AAG?$AAP?$AAU?$AA?$FN?$AA?5?$AAh?$AAa?$AAv?$AAe?$AA?5?$AAb?$AAe?$AAe?$AAn?$AA?5?$AAl?$AAo?$AAa?$AAd@ 000000014001a7de     dbg_.-runtime.o
 0002:000048b8       ??_C@_1EC@HLLMLNEL@?$AAE?$AAr?$AAr?$AAo?$AAr?$AA?3?$AA?5?$AAu?$AAn?$AAk?$AAn?$AAo?$AAw?$AAn?$AA?5?$AAh?$AAe?$AAa?$AAd?$AAe?$AAr?$AA?5?$AAt?$AAy?$AAp?$AAe?$AA?5?$AA?$CF?$AAl?$AAl?$AAd?$AA?6@ 000000014001a8b8     dbg_.-runtime.o
 0002:00004908       ??_C@_1DI@MLNAPEIE@?$AAS?$AAh?$AAe?$AAd?$AAu?$AAl?$AAe?$AAr?$AAI?$AAn?$AAs?$AAt?$AAa?$AAn?$AAc?$AAe?$AA?5?$AAc?$AAo?$AAm?$AAp?$AAl?$AAe?$AAt?$AAe?$AAd?$AA?6?$AA?$AA@ 000000014001a908     dbg_.-runtime.o
 0002:0000494c       ??_C@_1CG@NNOPFBAI@?$AAp?$AAr?$AAo?$AAm?$AAi?$AAs?$AAe?$AA?5?$AAn?$AAo?$AAt?$AA?5?$AAf?$AAo?$AAu?$AAn?$AAd?$AA?6?$AA?$AA@ 000000014001a94c     dbg_.-runtime.o
 0002:0000497a       ??_C@_1EK@KKIKLCHH@?$AAG?$AAp?$AAu?$AA?5?$AAs?$AAu?$AAs?$AAs?$AAy?$AAs?$AAt?$AAe?$AAm?$AA?5?$AAi?$AAn?$AAi?$AAt?$AAi?$AAa?$AAl?$AAi?$AAz?$AAa?$AAt?$AAi?$AAo?$AAn?$AA?5?$AAf?$AAa?$AAi@ 000000014001a97a     dbg_.-runtime.o
 0002:000049d2       ??_C@_1CC@DEIAIPBB@?$AA?4?$AA?4?$AA?1?$AA?4?$AA?4?$AA?1?$AA?4?$AA?4?$AA?1?$AAr?$AAe?$AAs?$AA?4?$AAb?$AAi?$AAn?$AA?$AA@ 000000014001a9d2     dbg_.-runtime.o
 0002:000049fa       ??_C@_1FC@OGJDIOEJ@?$AAE?$AAr?$AAr?$AAo?$AAr?$AA?3?$AA?5?$AAc?$AAa?$AAn?$AA?8?$AAt?$AA?5?$AAo?$AAp?$AAe?$AAn?$AA?5?$AA?4?$AA?4?$AA?1?$AA?4?$AA?4?$AA?1?$AA?4?$AA?4?$AA?1?$AAr?$AAe?$AAs?$AA?4?$AAb@ 000000014001a9fa     dbg_.-runtime.o
 0002:00004a5c       ??_C@_1DA@COAPAANM@?$AAE?$AAr?$AAr?$AAo?$AAr?$AA?3?$AA?5?$AAa?$AAt?$AA?5?$AAl?$AAo?$AAa?$AAd?$AAi?$AAn?$AAg?$AA?5?$AAf?$AAi?$AAl?$AAe?$AA?6?$AA?$AA@ 000000014001aa5c     dbg_.-runtime.o
 0002:00004a96       ??_C@_1DM@FEOJJAHB@?$AAS?$AAt?$AAa?$AAr?$AAt?$AAi?$AAn?$AAg?$AA?5?$AAw?$AAi?$AAt?$AAh?$AAo?$AAu?$AAt?$AA?5?$AAa?$AAn?$AAy?$AA?5?$AAw?$AAo?$AAr?$AAk?$AAe?$AAr?$AAs?$AA?6?$AA?$AA@ 000000014001aa96     dbg_.-runtime.o
 0002:00004ade       ??_C@_1CG@PNBFEFIC@?$AAR?$AAE?$AAA?$AAD?$AAI?$AAN?$AAG?$AA?5?$AAI?$AAN?$AAP?$AAU?$AAT?$AA?5?$AAA?$AAS?$AA?3?$AA?5?$AA?$AA@ 000000014001aade     dbg_.-runtime.o
 0002:00004b0c       ??_C@_1M@HLHACGAA@?$AA?$CF?$AAl?$AAl?$AAd?$AA?5?$AA?$AA@ 000000014001ab0c     dbg_.-runtime.o
 0002:00004b1a       ??_C@_1CM@PELCBDJ@?$AAE?$AAn?$AAt?$AAr?$AAy?$AA?5?$AAw?$AAo?$AAr?$AAk?$AAe?$AAr?$AA?5?$AAi?$AAd?$AA?$DN?$AA?$CF?$AAl?$AAl?$AAd?$AA?6?$AA?$AA@ 000000014001ab1a     dbg_.-runtime.o
 0002:00004b4e       ??_C@_1DA@FBHJAJPI@?$AAr?$AAe?$AAs?$AAu?$AAl?$AAt?$AA?5?$AAp?$AAr?$AAo?$AAm?$AAi?$AAs?$AAe?$AA?5?$AA?$CF?$AAp?$AA?5?$AA?$CF?$AAl?$AAl?$AAd?$AA?6?$AA?$AA@ 000000014001ab4e     dbg_.-runtime.o
 0002:00004b88       ??_C@_1BI@KEMCAKCM@?$AAR?$AAu?$AAn?$AAn?$AAi?$AAn?$AAg?$AA?4?$AA?4?$AA?4?$AA?6?$AA?$AA@ 000000014001ab88     dbg_.-runtime.o
 0002:00004ba4       ??_C@_1DM@HCILGOPA@?$AAF?$AAa?$AAi?$AAl?$AAe?$AAd?$AA?5?$AAt?$AAo?$AA?5?$AAc?$AAr?$AAe?$AAa?$AAt?$AAe?$AA?5?$AAt?$AAh?$AAr?$AAe?$AAa?$AAd?$AA?5?$AA?$CF?$AAl?$AAl?$AAd?$AA?6?$AA?$AA@ 000000014001aba4     dbg_.-runtime.o
 0002:00004bec       ??_C@_1CE@FBEJGOMB@?$AAP?$AAr?$AAo?$AAg?$AAr?$AAa?$AAm?$AA?5?$AAf?$AAi?$AAn?$AAi?$AAs?$AAh?$AAe?$AAd?$AA?6?$AA?$AA@ 000000014001abec     dbg_.-runtime.o
 0002:00004c18       ??_C@_1EK@FDFELEEK@?$AAR?$AAe?$AAs?$AAu?$AAl?$AAt?$AA?5?$AAp?$AAr?$AAo?$AAm?$AAi?$AAs?$AAe?$AA?5?$AAn?$AAo?$AAt?$AA?5?$AAf?$AAo?$AAu?$AAn?$AAd?$AA?5?$AAo?$AAn?$AA?5?$AAm?$AAa?$AAc?$AAh@ 000000014001ac18     dbg_.-runtime.o
 0002:00004c70       ??_C@_1DO@BFPIHEIA@?$AAP?$AAr?$AAo?$AAg?$AAr?$AAa?$AAm?$AA?5?$AAe?$AAx?$AAi?$AAt?$AAe?$AAd?$AA?5?$AAw?$AAi?$AAt?$AAh?$AA?5?$AAc?$AAo?$AAd?$AAe?$AA?5?$AA?$CF?$AAl?$AAl?$AAx?$AA?6?$AA?$AA@ 000000014001ac70     dbg_.-runtime.o
 0002:00004cba       ??_C@_1CK@DKIDNDNE@?$AAP?$AAr?$AAe?$AAs?$AAs?$AA?5?$AAC?$AAt?$AAr?$AAl?$AA?$CL?$AAC?$AA?5?$AAt?$AAo?$AA?5?$AAe?$AAn?$AAd?$AA?6?$AA?$AA@ 000000014001acba     dbg_.-runtime.o
 0002:00004cec       ??_C@_1GO@CEANDIOF@?$AAR?$AAe?$AAs?$AAu?$AAl?$AAt?$AA?5?$AAo?$AAf?$AA?5?$AAm?$AAa?$AAi?$AAn?$AA?5?$AAf?$AAu?$AAn?$AAc?$AAt?$AAi?$AAo?$AAn?$AA?5?$AAi?$AAs?$AAn?$AA?8?$AAt?$AA?5?$AAr?$AAe@ 000000014001acec     dbg_.-runtime.o
 0002:00004d70       RtlNtPathSeperatorString   000000014001ad70     ws2_32:indef.obj
 0002:00004d84       ??_C@_13FPGAJAPJ@?$AA?2@   000000014001ad84     ws2_32:indef.obj
 0002:00004d88       RtlDosPathSeperatorsString 000000014001ad88     ws2_32:indef.obj
 0002:00004d9c       ??_C@_15MNCACJLI@?$AA?2?$AA?1@ 000000014001ad9c     ws2_32:indef.obj
 0002:00004da8       RtlAlternateDosPathSeperatorString 000000014001ada8     ws2_32:indef.obj
 0002:00004dbc       ??_C@_13CGOKJPIL@?$AA?1@   000000014001adbc     ws2_32:indef.obj
 0002:00004dd4       eui48_broadcast            000000014001add4     ws2_32:indef.obj
 0002:00004ddc       scopeid_unspecified        000000014001addc     ws2_32:indef.obj
 0002:00004de0       in4addr_any                000000014001ade0     ws2_32:indef.obj
 0002:00004de4       in4addr_loopback           000000014001ade4     ws2_32:indef.obj
 0002:00004de8       in4addr_broadcast          000000014001ade8     ws2_32:indef.obj
 0002:00004dec       in4addr_allnodesonlink     000000014001adec     ws2_32:indef.obj
 0002:00004df0       in4addr_allroutersonlink   000000014001adf0     ws2_32:indef.obj
 0002:00004df4       in4addr_alligmpv3routersonlink 000000014001adf4     ws2_32:indef.obj
 0002:00004df8       in4addr_allteredohostsonlink 000000014001adf8     ws2_32:indef.obj
 0002:00004dfc       in4addr_linklocalprefix    000000014001adfc     ws2_32:indef.obj
 0002:00004e00       in4addr_multicastprefix    000000014001ae00     ws2_32:indef.obj
 0002:00004e08       in6addr_any                000000014001ae08     ws2_32:indef.obj
 0002:00004e20       in6addr_loopback           000000014001ae20     ws2_32:indef.obj
 0002:00004e38       in6addr_allnodesonnode     000000014001ae38     ws2_32:indef.obj
 0002:00004e50       in6addr_allnodesonlink     000000014001ae50     ws2_32:indef.obj
 0002:00004e68       in6addr_allroutersonlink   000000014001ae68     ws2_32:indef.obj
 0002:00004e80       in6addr_allmldv2routersonlink 000000014001ae80     ws2_32:indef.obj
 0002:00004e98       in6addr_teredoinitiallinklocaladdress 000000014001ae98     ws2_32:indef.obj
 0002:00004eb0       in6addr_linklocalprefix    000000014001aeb0     ws2_32:indef.obj
 0002:00004ec8       in6addr_multicastprefix    000000014001aec8     ws2_32:indef.obj
 0002:00004ee0       in6addr_solicitednodemulticastprefix 000000014001aee0     ws2_32:indef.obj
 0002:00004ef8       in6addr_v4mappedprefix     000000014001aef8     ws2_32:indef.obj
 0002:00004f10       in6addr_6to4prefix         000000014001af10     ws2_32:indef.obj
 0002:00004f28       in6addr_teredoprefix       000000014001af28     ws2_32:indef.obj
 0002:00004f40       in6addr_teredoprefix_old   000000014001af40     ws2_32:indef.obj
 0002:00004f58       BUGCHECK_EFI_GUID          000000014001af58     ws2_32:indef.obj
 0003:00000000       server_port                000000014001c000     dbg_.-remote.o
 0003:00000008       thisServerId               000000014001c008     dbg_.-remote.o
 0003:00000020       Providers                  000000014001c020     dbg_.-runtime.o
 0003:00000080       context                    000000014001c080     asm_dbg.o
 0003:000002e8       AddressFamilyInformation   000000014001c2e8     ws2_32:indef.obj
 0003:00000420       connections_lock           000000014001c420     dbg_.-api.o
 0003:00000428       connections_len            000000014001c428     dbg_.-api.o
 0003:00000430       pages_lock                 000000014001c430     dbg_.-api.o
 0003:00000438       pages_len                  000000014001c438     dbg_.-api.o
 0003:00000440       known_id_broadcasts        000000014001c440     dbg_.-api.o
 0003:00000460       known_page_broadcasts      000000014001c460     dbg_.-api.o
 0003:00000480       known_path_broadcasts      000000014001c480     dbg_.-api.o
 0003:000004a0       known_path_id_broadcasts   000000014001c4a0     dbg_.-api.o
 0003:000004c0       local_objects              000000014001c4c0     dbg_.-api.o
 0003:000004e0       known_objects              000000014001c4e0     dbg_.-api.o
 0003:00000500       query_requests             000000014001c500     dbg_.-api.o
 0003:00000520       push_requests              000000014001c520     dbg_.-api.o
 0003:00000540       known_hives                000000014001c540     dbg_.-api.o
 0003:00000560       connections                000000014001c560     dbg_.-api.o
 0003:00002560       pages                      000000014001e560     dbg_.-api.o
 0003:00003a70       SL_best_platform           000000014001fa70     dbg_.-gpu_subsystem.o
 0003:00003a74       SL_best_platform_value     000000014001fa74     dbg_.-gpu_subsystem.o
 0003:00003a78       SL_platforms_len           000000014001fa78     dbg_.-gpu_subsystem.o
 0003:00003a80       SL_platforms               000000014001fa80     dbg_.-gpu_subsystem.o
 0003:00003b00       SL_devices                 000000014001fb00     dbg_.-gpu_subsystem.o
 0003:00003f00       SL_devices_len             000000014001ff00     dbg_.-gpu_subsystem.o
 0003:00003f40       SL_main_platform           000000014001ff40     dbg_.-gpu_subsystem.o
 0003:00003f48       SL_context                 000000014001ff48     dbg_.-gpu_subsystem.o
 0003:00003f50       SL_queues                  000000014001ff50     dbg_.-gpu_subsystem.o
 0003:00004350       SL_queues_len              0000000140020350     dbg_.-gpu_subsystem.o
 0003:00004570       ServerIdGetLock            0000000140020570     dbg_.-remote.o
 0003:00004578       next_local_id              0000000140020578     dbg_.-remote.o
 0003:00004580       hIOCP                      0000000140020580     dbg_.-remote.o
 0003:00004f40       hHeap                      0000000140020f40     dbg_.-runtime_lib.o
 0003:00004f48       hInput                     0000000140020f48     dbg_.-runtime_lib.o
 0003:00004f50       buf                        0000000140020f50     dbg_.-runtime_lib.o
 0003:00005f50       hOutput                    0000000140021f50     dbg_.-runtime_lib.o
 0003:00005f58       frequency                  0000000140021f58     dbg_.-runtime_lib.o
 0003:000062a0       Workers                    00000001400222a0     dbg_.-runtime.o
 0003:00006c00       wait_list_lock             0000000140022c00     dbg_.-runtime.o
 0003:00006c08       wait_list_len              0000000140022c08     dbg_.-runtime.o
 0003:00006c10       queue_lock                 0000000140022c10     dbg_.-runtime.o
 0003:00006c18       queue_len                  0000000140022c18     dbg_.-runtime.o
 0003:00006c20       dwTlsIndex                 0000000140022c20     dbg_.-runtime.o
 0003:00006c30       wait_list                  0000000140022c30     dbg_.-runtime.o
 0003:000ca130       queue                      00000001400e6130     dbg_.-runtime.o
 0003:000dd9b0       defined_arrays             00000001400f99b0     dbg_.-runtime.o
 0003:00108b24       ExPoolZeroingNativelySupported 0000000140124b24     ws2_32:indef.obj
 0004:00000000       __imp_VirtualAlloc         0000000140125000     kernel32:KERNEL32.dll
 0004:00000008       __imp_TlsFree              0000000140125008     kernel32:KERNEL32.dll
 0004:00000010       __imp_TlsGetValue          0000000140125010     kernel32:KERNEL32.dll
 0004:00000018       __imp_GetLastError         0000000140125018     kernel32:KERNEL32.dll
 0004:00000020       __imp_AcquireSRWLockExclusive 0000000140125020     kernel32:KERNEL32.dll
 0004:00000028       __imp_ReleaseSRWLockExclusive 0000000140125028     kernel32:KERNEL32.dll
 0004:00000030       __imp_ExitProcess          0000000140125030     kernel32:KERNEL32.dll
 0004:00000038       __imp_AcquireSRWLockShared 0000000140125038     kernel32:KERNEL32.dll
 0004:00000040       __imp_ReleaseSRWLockShared 0000000140125040     kernel32:KERNEL32.dll
 0004:00000048       __imp_Sleep                0000000140125048     kernel32:KERNEL32.dll
 0004:00000050       __imp_CreateIoCompletionPort 0000000140125050     kernel32:KERNEL32.dll
 0004:00000058       __imp_FormatMessageW       0000000140125058     kernel32:KERNEL32.dll
 0004:00000060       __imp_CreateThread         0000000140125060     kernel32:KERNEL32.dll
 0004:00000068       __imp_TryAcquireSRWLockExclusive 0000000140125068     kernel32:KERNEL32.dll
 0004:00000070       __imp_GetQueuedCompletionStatus 0000000140125070     kernel32:KERNEL32.dll
 0004:00000078       __imp_HeapAlloc            0000000140125078     kernel32:KERNEL32.dll
 0004:00000080       __imp_MultiByteToWideChar  0000000140125080     kernel32:KERNEL32.dll
 0004:00000088       __imp_WriteConsoleW        0000000140125088     kernel32:KERNEL32.dll
 0004:00000090       __imp_HeapReAlloc          0000000140125090     kernel32:KERNEL32.dll
 0004:00000098       __imp_HeapFree             0000000140125098     kernel32:KERNEL32.dll
 0004:000000a0       __imp_GetConsoleMode       00000001401250a0     kernel32:KERNEL32.dll
 0004:000000a8       __imp_ReadConsoleW         00000001401250a8     kernel32:KERNEL32.dll
 0004:000000b0       __imp_ReadFile             00000001401250b0     kernel32:KERNEL32.dll
 0004:000000b8       __imp_QueryPerformanceCounter 00000001401250b8     kernel32:KERNEL32.dll
 0004:000000c0       __imp_QueryPerformanceFrequency 00000001401250c0     kernel32:KERNEL32.dll
 0004:000000c8       __imp_GetStdHandle         00000001401250c8     kernel32:KERNEL32.dll
 0004:000000d0       __imp_GetProcessHeap       00000001401250d0     kernel32:KERNEL32.dll
 0004:000000d8       __imp_GetCommandLineW      00000001401250d8     kernel32:KERNEL32.dll
 0004:000000e0       __imp_LoadLibraryA         00000001401250e0     kernel32:KERNEL32.dll
 0004:000000e8       __imp_GetProcAddress       00000001401250e8     kernel32:KERNEL32.dll
 0004:000000f0       __imp_TlsSetValue          00000001401250f0     kernel32:KERNEL32.dll
 0004:000000f8       __imp_TlsAlloc             00000001401250f8     kernel32:KERNEL32.dll
 0004:00000100       __imp_CreateFileW          0000000140125100     kernel32:KERNEL32.dll
 0004:00000108       __imp_GetFileSizeEx        0000000140125108     kernel32:KERNEL32.dll
 0004:00000110       __imp_CloseHandle          0000000140125110     kernel32:KERNEL32.dll
 0004:00000118       __imp_WaitForMultipleObjects 0000000140125118     kernel32:KERNEL32.dll
 0004:00000120       \177KERNEL32_NULL_THUNK_DATA 0000000140125120     kernel32:KERNEL32.dll
 0004:000001b0       __imp_clFinish             00000001401251b0     OpenCL:OpenCL.dll
 0004:000001b8       __imp_clSetKernelArg       00000001401251b8     OpenCL:OpenCL.dll
 0004:000001c0       __imp_clCreateBuffer       00000001401251c0     OpenCL:OpenCL.dll
 0004:000001c8       __imp_clCreateKernel       00000001401251c8     OpenCL:OpenCL.dll
 0004:000001d0       __imp_clGetProgramBuildInfo 00000001401251d0     OpenCL:OpenCL.dll
 0004:000001d8       __imp_clBuildProgram       00000001401251d8     OpenCL:OpenCL.dll
 0004:000001e0       __imp_clCreateProgramWithSource 00000001401251e0     OpenCL:OpenCL.dll
 0004:000001e8       __imp_clCreateCommandQueueWithProperties 00000001401251e8     OpenCL:OpenCL.dll
 0004:000001f0       __imp_clCreateContext      00000001401251f0     OpenCL:OpenCL.dll
 0004:000001f8       __imp_clGetDeviceInfo      00000001401251f8     OpenCL:OpenCL.dll
 0004:00000200       __imp_clGetDeviceIDs       0000000140125200     OpenCL:OpenCL.dll
 0004:00000208       __imp_clGetPlatformInfo    0000000140125208     OpenCL:OpenCL.dll
 0004:00000210       __imp_clGetPlatformIDs     0000000140125210     OpenCL:OpenCL.dll
 0004:00000218       __imp_clEnqueueWriteBuffer 0000000140125218     OpenCL:OpenCL.dll
 0004:00000220       __imp_clEnqueueReadBuffer  0000000140125220     OpenCL:OpenCL.dll
 0004:00000228       __imp_clEnqueueNDRangeKernel 0000000140125228     OpenCL:OpenCL.dll
 0004:00000230       __imp_clGetKernelArgInfo   0000000140125230     OpenCL:OpenCL.dll
 0004:00000238       \177OpenCL_NULL_THUNK_DATA 0000000140125238     OpenCL:OpenCL.dll
 0004:000002a8       __imp_CommandLineToArgvW   00000001401252a8     shell32:SHELL32.dll
 0004:000002b0       \177SHELL32_NULL_THUNK_DATA 00000001401252b0     shell32:SHELL32.dll
 0004:00000308       __imp_accept               0000000140125308     ws2_32:WS2_32.dll
 0004:00000310       __imp_listen               0000000140125310     ws2_32:WS2_32.dll
 0004:00000318       __imp_bind                 0000000140125318     ws2_32:WS2_32.dll
 0004:00000320       __imp_htons                0000000140125320     ws2_32:WS2_32.dll
 0004:00000328       __imp_setsockopt           0000000140125328     ws2_32:WS2_32.dll
 0004:00000330       __imp_WSAStartup           0000000140125330     ws2_32:WS2_32.dll
 0004:00000338       __imp_freeaddrinfo         0000000140125338     ws2_32:WS2_32.dll
 0004:00000340       __imp_getaddrinfo          0000000140125340     ws2_32:WS2_32.dll
 0004:00000348       __imp_closesocket          0000000140125348     ws2_32:WS2_32.dll
 0004:00000350       __imp_connect              0000000140125350     ws2_32:WS2_32.dll
 0004:00000358       __imp_socket               0000000140125358     ws2_32:WS2_32.dll
 0004:00000360       __imp_send                 0000000140125360     ws2_32:WS2_32.dll
 0004:00000368       __imp_WSARecv              0000000140125368     ws2_32:WS2_32.dll
 0004:00000370       __imp_ntohs                0000000140125370     ws2_32:WS2_32.dll
 0004:00000378       __imp_inet_ntop            0000000140125378     ws2_32:WS2_32.dll
 0004:00000380       __imp_getpeername          0000000140125380     ws2_32:WS2_32.dll
 0004:00000388       __imp_getsockname          0000000140125388     ws2_32:WS2_32.dll
 0004:00000390       \177WS2_32_NULL_THUNK_DATA 0000000140125390     ws2_32:WS2_32.dll
 0004:00000400       __imp_BCryptGenRandom      0000000140125400     bcrypt:bcrypt.dll
 0004:00000408       \177bcrypt_NULL_THUNK_DATA 0000000140125408     bcrypt:bcrypt.dll
 0004:00000460       __IMPORT_DESCRIPTOR_SHELL32 0000000140125460     shell32:SHELL32.dll
 0004:00000474       __IMPORT_DESCRIPTOR_KERNEL32 0000000140125474     kernel32:KERNEL32.dll
 0004:00000488       __IMPORT_DESCRIPTOR_bcrypt 0000000140125488     bcrypt:bcrypt.dll
 0004:0000049c       __IMPORT_DESCRIPTOR_WS2_32 000000014012549c     ws2_32:WS2_32.dll
 0004:000004b0       __IMPORT_DESCRIPTOR_OpenCL 00000001401254b0     OpenCL:OpenCL.dll
 0004:000004c4       __NULL_IMPORT_DESCRIPTOR   00000001401254c4     shell32:SHELL32.dll

 entry point at        0001:00000014

 Static symbols

 0000:ffeda000       .debug$S                   0000000140000000     bcrypt:bcrypt.dll
 0000:ffeda000       .debug$S                   0000000140000000     kernel32:KERNEL32.dll
 0000:ffeda000       .debug$S                   0000000140000000     kernel32:KERNEL32.dll
 0000:ffeda000       .debug$S                   0000000140000000     kernel32:KERNEL32.dll
 0000:ffeda000       .debug$S                   0000000140000000     kernel32:KERNEL32.dll
 0000:ffeda000       .debug$S                   0000000140000000     kernel32:KERNEL32.dll
 0000:ffeda000       .debug$S                   0000000140000000     kernel32:KERNEL32.dll
 0000:ffeda000       .debug$S                   0000000140000000     kernel32:KERNEL32.dll
 0000:ffeda000       .debug$S                   0000000140000000     kernel32:KERNEL32.dll
 0000:ffeda000       .debug$S                   0000000140000000     kernel32:KERNEL32.dll
 0000:ffeda000       .debug$S                   0000000140000000     kernel32:KERNEL32.dll
 0000:ffeda000       .debug$S                   0000000140000000     kernel32:KERNEL32.dll
 0000:ffeda000       .debug$S                   0000000140000000     kernel32:KERNEL32.dll
 0000:ffeda000       .debug$S                   0000000140000000     kernel32:KERNEL32.dll
 0000:ffeda000       .debug$S                   0000000140000000     kernel32:KERNEL32.dll
 0000:ffeda000       .debug$S                   0000000140000000     kernel32:KERNEL32.dll
 0000:ffeda000       .debug$S                   0000000140000000     kernel32:KERNEL32.dll
 0000:ffeda000       .debug$S                   0000000140000000     kernel32:KERNEL32.dll
 0000:ffeda000       .debug$S                   0000000140000000     kernel32:KERNEL32.dll
 0000:ffeda000       .debug$S                   0000000140000000     kernel32:KERNEL32.dll
 0000:ffeda000       .debug$S                   0000000140000000     kernel32:KERNEL32.dll
 0000:ffeda000       .debug$S                   0000000140000000     kernel32:KERNEL32.dll
 0000:ffeda000       .debug$S                   0000000140000000     kernel32:KERNEL32.dll
 0000:ffeda000       .debug$S                   0000000140000000     kernel32:KERNEL32.dll
 0000:ffeda000       .debug$S                   0000000140000000     kernel32:KERNEL32.dll
 0000:ffeda000       .debug$S                   0000000140000000     kernel32:KERNEL32.dll
 0000:ffeda000       .debug$S                   0000000140000000     kernel32:KERNEL32.dll
 0000:ffeda000       .debug$S                   0000000140000000     kernel32:KERNEL32.dll
 0000:ffeda000       .debug$S                   0000000140000000     kernel32:KERNEL32.dll
 0000:ffeda000       .debug$S                   0000000140000000     kernel32:KERNEL32.dll
 0000:ffeda000       .debug$S                   0000000140000000     kernel32:KERNEL32.dll
 0000:ffeda000       .debug$S                   0000000140000000     kernel32:KERNEL32.dll
 0000:ffeda000       .debug$S                   0000000140000000     kernel32:KERNEL32.dll
 0000:ffeda000       .debug$S                   0000000140000000     kernel32:KERNEL32.dll
 0000:ffeda000       .debug$S                   0000000140000000     kernel32:KERNEL32.dll
 0000:ffeda000       .debug$S                   0000000140000000     kernel32:KERNEL32.dll
 0000:ffeda000       .debug$S                   0000000140000000     kernel32:KERNEL32.dll
 0000:ffeda000       .debug$S                   0000000140000000     shell32:SHELL32.dll
 0000:ffeda000       .debug$S                   0000000140000000     ws2_32:WS2_32.dll
 0000:ffeda000       .debug$S                   0000000140000000     ws2_32:WS2_32.dll
 0000:ffeda000       .debug$S                   0000000140000000     ws2_32:WS2_32.dll
 0000:ffeda000       .debug$S                   0000000140000000     ws2_32:WS2_32.dll
 0000:ffeda000       .debug$S                   0000000140000000     ws2_32:WS2_32.dll
 0000:ffeda000       .debug$S                   0000000140000000     ws2_32:WS2_32.dll
 0000:ffeda000       .debug$S                   0000000140000000     ws2_32:WS2_32.dll
 0000:ffeda000       .debug$S                   0000000140000000     ws2_32:WS2_32.dll
 0000:ffeda000       .debug$S                   0000000140000000     ws2_32:WS2_32.dll
 0000:ffeda000       .debug$S                   0000000140000000     ws2_32:WS2_32.dll
 0000:ffeda000       .debug$S                   0000000140000000     ws2_32:WS2_32.dll
 0000:ffeda000       .debug$S                   0000000140000000     ws2_32:WS2_32.dll
 0000:ffeda000       .debug$S                   0000000140000000     ws2_32:WS2_32.dll
 0000:ffeda000       .debug$S                   0000000140000000     ws2_32:WS2_32.dll
 0000:ffeda000       .debug$S                   0000000140000000     ws2_32:WS2_32.dll
 0000:ffeda000       .debug$S                   0000000140000000     ws2_32:WS2_32.dll
 0000:ffeda000       .debug$S                   0000000140000000     ws2_32:WS2_32.dll
 0000:ffeda000       .debug$S                   0000000140000000     OpenCL:OpenCL.dll
 0000:ffeda000       .debug$S                   0000000140000000     OpenCL:OpenCL.dll
 0000:ffeda000       .debug$S                   0000000140000000     OpenCL:OpenCL.dll
 0000:ffeda000       .debug$S                   0000000140000000     OpenCL:OpenCL.dll
 0000:ffeda000       .debug$S                   0000000140000000     OpenCL:OpenCL.dll
 0000:ffeda000       .debug$S                   0000000140000000     OpenCL:OpenCL.dll
 0000:ffeda000       .debug$S                   0000000140000000     OpenCL:OpenCL.dll
 0000:ffeda000       .debug$S                   0000000140000000     OpenCL:OpenCL.dll
 0000:ffeda000       .debug$S                   0000000140000000     OpenCL:OpenCL.dll
 0000:ffeda000       .debug$S                   0000000140000000     OpenCL:OpenCL.dll
 0000:ffeda000       .debug$S                   0000000140000000     OpenCL:OpenCL.dll
 0000:ffeda000       .debug$S                   0000000140000000     OpenCL:OpenCL.dll
 0000:ffeda000       .debug$S                   0000000140000000     OpenCL:OpenCL.dll
 0000:ffeda000       .debug$S                   0000000140000000     OpenCL:OpenCL.dll
 0000:ffeda000       .debug$S                   0000000140000000     OpenCL:OpenCL.dll
 0000:ffeda000       .debug$S                   0000000140000000     OpenCL:OpenCL.dll
 0000:ffeda000       .debug$S                   0000000140000000     OpenCL:OpenCL.dll
 0001:00003740       GetKnownHiveHash           0000000140004740 f   dbg_.-api.o
 0001:0000aa50       Worker                     000000014000ba50 f   dbg_.-remote.o
 0001:0000aff0       ConnectionListnerWorker    000000014000bff0 f   dbg_.-remote.o
 0001:0000b1c0       PagesAllocator             000000014000c1c0 f   dbg_.-remote.o
 0001:0000b290       StateSender                000000014000c290 f   dbg_.-remote.o
 0001:0000b2b0       HandleApiCall              000000014000c2b0 f   dbg_.-remote.o
 0001:00011fa0       .text                      0000000140012fa0     asm_dbg.o
 0002:00004dc0       BFE_GENERIC_MAPPING        000000014001adc0     ws2_32:indef.obj
 0002:00004f70       IPSEC_AUTH_TRANSFORM_ID_HMAC_MD5_96 000000014001af70     ws2_32:indef.obj
 0002:00004f80       IPSEC_AUTH_TRANSFORM_ID_HMAC_SHA_1_96 000000014001af80     ws2_32:indef.obj
 0002:00004f90       IPSEC_AUTH_TRANSFORM_ID_HMAC_SHA_256_128 000000014001af90     ws2_32:indef.obj
 0002:00004fa0       IPSEC_AUTH_TRANSFORM_ID_GCM_AES_128 000000014001afa0     ws2_32:indef.obj
 0002:00004fb0       IPSEC_AUTH_TRANSFORM_ID_GCM_AES_192 000000014001afb0     ws2_32:indef.obj
 0002:00004fc0       IPSEC_AUTH_TRANSFORM_ID_GCM_AES_256 000000014001afc0     ws2_32:indef.obj
 0002:00004fd0       IPSEC_CIPHER_TRANSFORM_ID_CBC_DES 000000014001afd0     ws2_32:indef.obj
 0002:00004fe0       IPSEC_CIPHER_TRANSFORM_ID_CBC_3DES 000000014001afe0     ws2_32:indef.obj
 0002:00004ff0       IPSEC_CIPHER_TRANSFORM_ID_AES_128 000000014001aff0     ws2_32:indef.obj
 0002:00005000       IPSEC_CIPHER_TRANSFORM_ID_AES_192 000000014001b000     ws2_32:indef.obj
 0002:00005010       IPSEC_CIPHER_TRANSFORM_ID_AES_256 000000014001b010     ws2_32:indef.obj
 0002:00005020       IPSEC_CIPHER_TRANSFORM_ID_GCM_AES_128 000000014001b020     ws2_32:indef.obj
 0002:00005030       IPSEC_CIPHER_TRANSFORM_ID_GCM_AES_192 000000014001b030     ws2_32:indef.obj
 0002:00005040       IPSEC_CIPHER_TRANSFORM_ID_GCM_AES_256 000000014001b040     ws2_32:indef.obj
 0003:00000080       .data                      000000014001c080     asm_dbg.o
 0003:00004590       gai_strerrorW.buff         0000000140020590     dbg_.-remote.o
 0003:00108b23       WFP_TRACE_NULL_DATA        0000000140124b23     ws2_32:indef.obj
 0004:0000094e       .idata$6                   000000014012594e     shell32:SHELL32.dll
 0004:00000be8       .idata$6                   0000000140125be8     kernel32:KERNEL32.dll
 0004:00000c08       .idata$6                   0000000140125c08     bcrypt:bcrypt.dll
 0004:00000c48       .idata$6                   0000000140125c48     ws2_32:WS2_32.dll
 0004:00000dbe       .idata$6                   0000000140125dbe     OpenCL:OpenCL.dll
