 d

 Timestamp is 69d9a43a (Sat Apr 11 04:30:34 2026)

 Preferred load address is 0000000140000000

 Start         Length     Name                   Class
 0001:00000000 00018b7eH .text                   CODE
 0001:00018b7e 0000125fH .text$mn                CODE
 0002:00000000 000060c4H .rdata                  DATA
 0002:000060c1 00000000H .edata                  DATA
 0002:000060c4 00000164H .rdata$zzzdbg           DATA
 0003:00000000 000004d0H .data                   DATA
 0003:000004d0 00018dddH .bss                    DATA
 0004:00000000 00000508H .idata$5                DATA
 0004:00000508 00000078H .idata$2                DATA
 0004:00000580 00000018H .idata$3                DATA
 0004:00000598 00000508H .idata$4                DATA
 0004:00000aa0 000006aeH .idata$6                DATA

  Address         Publics by Value              Rva+Base               Lib:Object

 0000:00000000       __AbsoluteZero             0000000000000000     <absolute>
 0000:00000000       ___safe_se_handler_count   0000000000000000     <absolute>
 0000:00000000       ___safe_se_handler_table   0000000000000000     <absolute>
 0000:00000000       __arm64x_extra_rfe_table   0000000000000000     <absolute>
 0000:00000000       __arm64x_extra_rfe_table_size 0000000000000000     <absolute>
 0000:00000000       __arm64x_native_entrypoint 0000000000000000     <absolute>
 0000:00000000       __arm64x_redirection_metadata 0000000000000000     <absolute>
 0000:00000000       __arm64x_redirection_metadata_count 0000000000000000     <absolute>
 0000:00000000       __dynamic_value_reloc_table 0000000000000000     <absolute>
 0000:00000000       __enclave_config           0000000000000000     <absolute>
 0000:00000000       __guard_check_icall_a64n_fptr 0000000000000000     <absolute>
 0000:00000000       __guard_eh_cont_count      0000000000000000     <absolute>
 0000:00000000       __guard_eh_cont_table      0000000000000000     <absolute>
 0000:00000000       __guard_fids_count         0000000000000000     <absolute>
 0000:00000000       __guard_fids_table         0000000000000000     <absolute>
 0000:00000000       __guard_iat_count          0000000000000000     <absolute>
 0000:00000000       __guard_iat_table          0000000000000000     <absolute>
 0000:00000000       __guard_longjmp_count      0000000000000000     <absolute>
 0000:00000000       __guard_longjmp_table      0000000000000000     <absolute>
 0000:00000000       __hybrid_auxiliary_delayload_iat 0000000000000000     <absolute>
 0000:00000000       __hybrid_auxiliary_delayload_iat_copy 0000000000000000     <absolute>
 0000:00000000       __hybrid_auxiliary_iat     0000000000000000     <absolute>
 0000:00000000       __hybrid_auxiliary_iat_copy 0000000000000000     <absolute>
 0000:00000000       __hybrid_code_map          0000000000000000     <absolute>
 0000:00000000       __hybrid_code_map_count    0000000000000000     <absolute>
 0000:00000000       __hybrid_image_info_bitfield 0000000000000000     <absolute>
 0000:00000000       __volatile_metadata        0000000000000000     <absolute>
 0000:00000000       __x64_code_ranges_to_entry_points 0000000000000000     <absolute>
 0000:00000000       __x64_code_ranges_to_entry_points_count 0000000000000000     <absolute>
 0000:00000100       __guard_flags              0000000000000100     <absolute>
 0001:00000520       memset                     0000000140001520 f   dbg_.-runtime_lib.o
 0001:00000580       memcpy                     0000000140001580 f   dbg_.-runtime_lib.o
 0001:00000690       myMalloc                   0000000140001690 f   dbg_.-runtime_lib.o
 0001:000006f0       myPrintf                   00000001400016f0 f   dbg_.-runtime_lib.o
 0001:00000c60       myRealloc                  0000000140001c60 f   dbg_.-runtime_lib.o
 0001:00000cc0       myFree                     0000000140001cc0 f   dbg_.-runtime_lib.o
 0001:00000d00       myAtoll                    0000000140001d00 f   dbg_.-runtime_lib.o
 0001:00000e40       get_char                   0000000140001e40 f   dbg_.-runtime_lib.o
 0001:00000f20       myScanI64                  0000000140001f20 f   dbg_.-runtime_lib.o
 0001:00000fb0       myScanS                    0000000140001fb0 f   dbg_.-runtime_lib.o
 0001:000010b0       PrintI64                   00000001400020b0 f   dbg_.-runtime_lib.o
 0001:00001180       PrintI64H                  0000000140002180 f   dbg_.-runtime_lib.o
 0001:00001220       Print2H                    0000000140002220 f   dbg_.-runtime_lib.o
 0001:000012c0       assertion_failure          00000001400022c0 f   dbg_.-runtime_lib.o
 0001:00001310       myAbs                      0000000140002310 f   dbg_.-runtime_lib.o
 0001:00001340       MicrosecondsToTicks        0000000140002340 f   dbg_.-runtime_lib.o
 0001:00001360       TicksToMicroseconds        0000000140002360 f   dbg_.-runtime_lib.o
 0001:00001380       GetTicks                   0000000140002380 f   dbg_.-runtime_lib.o
 0001:000013a0       SheduleTimeoutFromNow      00000001400023a0 f   dbg_.-runtime_lib.o
 0001:000013e0       init_lib                   00000001400023e0 f   dbg_.-runtime_lib.o
 0001:000017f0       dllPauseWorker             00000001400027f0 f   dbg_..-common-dll-await_worker.o
 0001:000018e0       dllCallObject              00000001400028e0 f   dbg_..-common-dll-call_object.o
 0001:000019b0       dllStartNewLocalWorker     00000001400029b0 f   dbg_..-common-dll-call_object.o
 0001:00001b80       dllExecuteWorker           0000000140002b80 f   dbg_..-common-dll-execute_worker.o
 0001:00002c30       gpuPauseWorker             0000000140003c30 f   dbg_..-common-gpu-await_worker.o
 0001:00002d20       gpuCallObject              0000000140003d20 f   dbg_..-common-gpu-call_object.o
 0001:00002df0       gpuStartNewLocalWorker     0000000140003df0 f   dbg_..-common-gpu-call_object.o
 0001:00002fc0       gpuExecuteWorker           0000000140003fc0 f   dbg_..-common-gpu-execute_worker.o
 0001:00003680       gpuNewObjectUsingPage      0000000140004680 f   dbg_..-common-gpu-new_object.o
 0001:000037b0       gpuNewObject               00000001400047b0 f   dbg_..-common-gpu-new_object.o
 0001:00003860       gpuPushObject              0000000140004860 f   dbg_..-common-gpu-push_object.o
 0001:000038a0       gpuPushPipe                00000001400048a0 f   dbg_..-common-gpu-push_object.o
 0001:000038f0       gpuQueryObject             00000001400048f0 f   dbg_..-common-gpu-query_object.o
 0001:00003930       gpuQueryPipe               0000000140004930 f   dbg_..-common-gpu-query_object.o
 0001:00003990       locNewObjectUsingPage      0000000140004990 f   dbg_..-common-loc-new_object.o
 0001:00003e90       locNewObject               0000000140004e90 f   dbg_..-common-loc-new_object.o
 0001:00004030       locUpdateLocalPush         0000000140005030 f   dbg_..-common-loc-push_object.o
 0001:00004150       locQueryLocalObject        0000000140005150 f   dbg_..-common-loc-query_object.o
 0001:00004310       x64PauseWorker             0000000140005310 f   dbg_..-common-x64-await_worker.o
 0001:00004430       x64CallObject              0000000140005430 f   dbg_..-common-x64-call_object.o
 0001:00004500       x64StartNewLocalWorker     0000000140005500 f   dbg_..-common-x64-call_object.o
 0001:000046d0       x64ExecuteWorker           00000001400056d0 f   dbg_..-common-x64-execute_worker.o
 0001:00004720       x64TryStallWorker          0000000140005720 f   dbg_..-common-x64-execute_worker.o
 0001:00004ae0       x64NewObjectUsingPage      0000000140005ae0 f   dbg_..-common-x64-new_object.o
 0001:00005050       x64NewObjectStates         0000000140006050 f   dbg_..-common-x64-new_object.o
 0001:00005110       x64NewObject               0000000140006110 f   dbg_..-common-x64-new_object.o
 0001:000053d0       x64UpdateLocalPush         00000001400063d0 f   dbg_..-common-x64-push_object.o
 0001:000054c0       x64OnPushObject            00000001400064c0 f   dbg_..-common-x64-push_object.o
 0001:00005580       x64PushObjectStates        0000000140006580 f   dbg_..-common-x64-push_object.o
 0001:000056f0       x64PushObject              00000001400066f0 f   dbg_..-common-x64-push_object.o
 0001:00005980       x64PushPipe                0000000140006980 f   dbg_..-common-x64-push_object.o
 0001:00005b40       x64QueryLocalObject        0000000140006b40 f   dbg_..-common-x64-query_object.o
 0001:00005ca0       x64OnQueryObject           0000000140006ca0 f   dbg_..-common-x64-query_object.o
 0001:00005db0       x64QueryObjectStates       0000000140006db0 f   dbg_..-common-x64-query_object.o
 0001:00005f10       x64QueryObject             0000000140006f10 f   dbg_..-common-x64-query_object.o
 0001:00006120       x64QueryPipe               0000000140007120 f   dbg_..-common-x64-query_object.o
 0001:000062f0       x64SleepStates             00000001400072f0 f   dbg_..-common-x64-sleep.o
 0001:00006380       x64Sleep                   0000000140007380 f   dbg_..-common-x64-sleep.o
 0001:00006480       equal_bytes                0000000140007480 f   dbg_..-common-api.o
 0001:00006580       GetHashtableNoLock         0000000140007580 f   dbg_..-common-api.o
 0001:00006750       SetHashtableNoLock         0000000140007750 f   dbg_..-common-api.o
 0001:00006a50       GetHashtable               0000000140007a50 f   dbg_..-common-api.o
 0001:00006ab0       SetHashtable               0000000140007ab0 f   dbg_..-common-api.o
 0001:00006b00       i64_get                    0000000140007b00 f   dbg_..-common-api.o
 0001:00006fc0       i64GetHashtableNoLock      0000000140007fc0 f   dbg_..-common-api.o
 0001:00007000       i64SetHashtableNoLock      0000000140008000 f   dbg_..-common-api.o
 0001:00007190       i64GetHashtable            0000000140008190 f   dbg_..-common-api.o
 0001:000071c0       i64SetHashtable            00000001400081c0 f   dbg_..-common-api.o
 0001:000071f0       InitInternalStructures     00000001400081f0 f   dbg_..-common-api.o
 0001:000079c0       castOnQueryObject          00000001400089c0 f   dbg_..-common-cast_provider.o
 0001:00007b80       anyCastStates              0000000140008b80 f   dbg_..-common-cast_provider.o
 0001:00008c90       anyCastProvider            0000000140009c90 f   dbg_..-common-cast_provider.o
 0001:000093b0       init_gpu_subsystem         000000014000a3b0 f   dbg_..-common-gpu_subsystem.o
 0001:0000ae60       gpuBuildFromText           000000014000be60 f   dbg_..-common-gpu_subsystem.o
 0001:0000b1b0       gpuAlloc                   000000014000c1b0 f   dbg_..-common-gpu_subsystem.o
 0001:0000b1f0       gpuRun                     000000014000c1f0 f   dbg_..-common-gpu_subsystem.o
 0001:0000b2a0       gpuFinishQueuesOnPlatform  000000014000c2a0 f   dbg_..-common-gpu_subsystem.o
 0001:0000b320       gpuFinishQueue             000000014000c320 f   dbg_..-common-gpu_subsystem.o
 0001:0000bb40       StartInitialProcess        000000014000cb40 f   dbg_..-common-hive_entry.o
 0001:0000be50       scheduler_init             000000014000ce50 f   dbg_..-common-queue.o
 0001:0000bf50       scheduler_enqueue_with_affinity 000000014000cf50 f   dbg_..-common-queue.o
 0001:0000c0f0       scheduler_enqueue          000000014000d0f0 f   dbg_..-common-queue.o
 0001:0000c2d0       scheduler_dequeue          000000014000d2d0 f   dbg_..-common-queue.o
 0001:0000c9e0       b_send                     000000014000d9e0 f   dbg_..-common-remote.o
 0001:0000cb00       b_flush                    000000014000db00 f   dbg_..-common-remote.o
 0001:0000cb50       GetConnectionById          000000014000db50 f   dbg_..-common-remote.o
 0001:0000cbe0       DumpConnections            000000014000dbe0 f   dbg_..-common-remote.o
 0001:0000cf40       ConfirmPage                000000014000df40 f   dbg_..-common-remote.o
 0001:0000cfe0       ConfirmID                  000000014000dfe0 f   dbg_..-common-remote.o
 0001:0000d030       HandleNewConnection        000000014000e030 f   dbg_..-common-remote.o
 0001:0000d2c0       UpdateWaitingPush          000000014000e2c0 f   dbg_..-common-remote.o
 0001:0000d510       AnswerPushObject           000000014000e510 f   dbg_..-common-remote.o
 0001:0000d600       SendPageAllocationConfirm  000000014000e600 f   dbg_..-common-remote.o
 0001:0000d6a0       SendIDConfirm              000000014000e6a0 f   dbg_..-common-remote.o
 0001:0000d740       RedirectBroadcastQuery     000000014000e740 f   dbg_..-common-remote.o
 0001:0000d8d0       RedirectBroadcastIDQuery   000000014000e8d0 f   dbg_..-common-remote.o
 0001:0000da60       ConfirmConnection          000000014000ea60 f   dbg_..-common-remote.o
 0001:0000dd00       InitiateConnection         000000014000ed00 f   dbg_..-common-remote.o
 0001:0000e190       RequestMemoryPage          000000014000f190 f   dbg_..-common-remote.o
 0001:0000e2b0       RequestServerId            000000014000f2b0 f   dbg_..-common-remote.o
 0001:0000e3c0       AnswerQueryObject          000000014000f3c0 f   dbg_..-common-remote.o
 0001:0000e500       AnswerRequestObjectPath    000000014000f500 f   dbg_..-common-remote.o
 0001:0000e650       RequestObjectPathBroadcast 000000014000f650 f   dbg_..-common-remote.o
 0001:0000e870       AnswerRequestPathToID      000000014000f870 f   dbg_..-common-remote.o
 0001:0000e9c0       RequestPathToIDBroadcast   000000014000f9c0 f   dbg_..-common-remote.o
 0001:0000ebe0       RequestObjectGet           000000014000fbe0 f   dbg_..-common-remote.o
 0001:0000ed20       RequestObjectSet           000000014000fd20 f   dbg_..-common-remote.o
 0001:0000f070       StartNewWorkerRemote       0000000140010070 f   dbg_..-common-remote.o
 0001:0000f1b0       SendHiveState              00000001400101b0 f   dbg_..-common-remote.o
 0001:0000f330       start_remote_subsystem     0000000140010330 f   dbg_..-common-remote.o
 0001:00013350       gai_strerrorW              0000000140014350 f i dbg_..-common-remote.o
 0001:000133b0       RegisterObjectWithId       00000001400143b0 f   dbg_..-common-runtime.o
 0001:000133e0       GetNewObjectId             00000001400143e0 f   dbg_..-common-runtime.o
 0001:000134d0       universalPauseWorker       00000001400144d0 f   dbg_..-common-runtime.o
 0001:00013550       universalUpdateLocalPush   0000000140014550 f   dbg_..-common-runtime.o
 0001:000135b0       UpdateFromQueryResult      00000001400145b0 f   dbg_..-common-runtime.o
 0001:00013630       PrintObject                0000000140014630 f   dbg_..-common-runtime.o
 0001:00013830       WaitListNode               0000000140014830 f   dbg_..-common-runtime.o
 0001:000138d0       WaitListWorker             00000001400148d0 f   dbg_..-common-runtime.o
 0001:00013930       EnqueueWorkerFromWaitList  0000000140014930 f   dbg_..-common-runtime.o
 0001:00013a50       UpdateWaitingWorkers       0000000140014a50 f   dbg_..-common-runtime.o
 0001:00013cc0       StartNewWorker             0000000140014cc0 f   dbg_..-common-runtime.o
 0001:00013fc0       LoadWorker                 0000000140014fc0 f   dbg_..-common-runtime.o
 0001:00015250       entry                      0000000140016250 f   dbg_..-common-runtime.o
 0001:000163c0       WaitListUpdateWorker       00000001400173c0 f   dbg_..-common-sheduler.o
 0001:00016400       SheduleWorker              0000000140017400 f   dbg_..-common-sheduler.o
 0001:00016590       ShedulerInstance           0000000140017590 f   dbg_..-common-sheduler.o
 0001:00016640       TryStallSheduler           0000000140017640 f   dbg_..-common-sheduler.o
 0001:00016710       MasterSheduler             0000000140017710 f   dbg_..-common-sheduler.o
 0001:00016c80       ShedulerStart              0000000140017c80 f   dbg_..-common-sheduler.o
 0001:00017234       x64_fastPushObject         0000000140018234     asm_dbg.o
 0001:0001729d       x64_fastQueryObject        000000014001829d     asm_dbg.o
 0001:00017306       x64_fastNewObject          0000000140018306     asm_dbg.o
 0001:0001736f       x64_fastCallObject         000000014001836f     asm_dbg.o
 0001:000173d8       x64_fastPushPipe           00000001400183d8     asm_dbg.o
 0001:00017441       x64_fastQueryPipe          0000000140018441     asm_dbg.o
 0001:000174aa       x64_fastSleep              00000001400184aa     asm_dbg.o
 0001:00017513       gpu_fastNewObject          0000000140018513     asm_dbg.o
 0001:0001757c       gpu_fastCallObject         000000014001857c     asm_dbg.o
 0001:000175e5       loc_fastNewObject          00000001400185e5     asm_dbg.o
 0001:0001764e       dll_fastCallObject         000000014001864e     asm_dbg.o
 0001:000176b7       any_fastCastProvider       00000001400186b7     asm_dbg.o
 0001:00017720       x64AsmExecuteWorker        0000000140018720     asm_dbg.o
 0001:00017782       setjmpUN                   0000000140018782     asm_dbg.o
 0001:000177b5       longjmpUN                  00000001400187b5     asm_dbg.o
 0001:000177de       DllCall                    00000001400187de     asm_dbg.o
 0001:00018b7e       GdiSetBatchLimit           0000000140019b7e f   gdi32:GDI32.dll
 0001:00018b84       CommandLineToArgvW         0000000140019b84 f   shell32:SHELL32.dll
 0001:00018b8a       HeapAlloc                  0000000140019b8a f   kernel32:KERNEL32.dll
 0001:00018b90       GetLastError               0000000140019b90 f   kernel32:KERNEL32.dll
 0001:00018b96       MultiByteToWideChar        0000000140019b96 f   kernel32:KERNEL32.dll
 0001:00018b9c       WriteConsoleW              0000000140019b9c f   kernel32:KERNEL32.dll
 0001:00018ba2       HeapReAlloc                0000000140019ba2 f   kernel32:KERNEL32.dll
 0001:00018ba8       HeapFree                   0000000140019ba8 f   kernel32:KERNEL32.dll
 0001:00018bae       GetConsoleMode             0000000140019bae f   kernel32:KERNEL32.dll
 0001:00018bb4       ReadConsoleW               0000000140019bb4 f   kernel32:KERNEL32.dll
 0001:00018bba       ReadFile                   0000000140019bba f   kernel32:KERNEL32.dll
 0001:00018bc0       ExitProcess                0000000140019bc0 f   kernel32:KERNEL32.dll
 0001:00018bc6       QueryPerformanceCounter    0000000140019bc6 f   kernel32:KERNEL32.dll
 0001:00018bcc       QueryPerformanceFrequency  0000000140019bcc f   kernel32:KERNEL32.dll
 0001:00018bd2       GetStdHandle               0000000140019bd2 f   kernel32:KERNEL32.dll
 0001:00018bd8       GetProcessHeap             0000000140019bd8 f   kernel32:KERNEL32.dll
 0001:00018bde       TlsGetValue                0000000140019bde f   kernel32:KERNEL32.dll
 0001:00018be4       AcquireSRWLockExclusive    0000000140019be4 f   kernel32:KERNEL32.dll
 0001:00018bea       ReleaseSRWLockExclusive    0000000140019bea f   kernel32:KERNEL32.dll
 0001:00018bf0       GetThreadContext           0000000140019bf0 f   kernel32:KERNEL32.dll
 0001:00018bf6       SetThreadContext           0000000140019bf6 f   kernel32:KERNEL32.dll
 0001:00018bfc       AcquireSRWLockShared       0000000140019bfc f   kernel32:KERNEL32.dll
 0001:00018c02       ReleaseSRWLockShared       0000000140019c02 f   kernel32:KERNEL32.dll
 0001:00018c08       Sleep                      0000000140019c08 f   kernel32:KERNEL32.dll
 0001:00018c0e       CreateIoCompletionPort     0000000140019c0e f   kernel32:KERNEL32.dll
 0001:00018c14       FormatMessageW             0000000140019c14 f   kernel32:KERNEL32.dll
 0001:00018c1a       CreateThread               0000000140019c1a f   kernel32:KERNEL32.dll
 0001:00018c20       TryAcquireSRWLockExclusive 0000000140019c20 f   kernel32:KERNEL32.dll
 0001:00018c26       GetQueuedCompletionStatus  0000000140019c26 f   kernel32:KERNEL32.dll
 0001:00018c2c       VirtualAlloc               0000000140019c2c f   kernel32:KERNEL32.dll
 0001:00018c32       LoadLibraryA               0000000140019c32 f   kernel32:KERNEL32.dll
 0001:00018c38       GetProcAddress             0000000140019c38 f   kernel32:KERNEL32.dll
 0001:00018c3e       TlsAlloc                   0000000140019c3e f   kernel32:KERNEL32.dll
 0001:00018c44       CreateFileW                0000000140019c44 f   kernel32:KERNEL32.dll
 0001:00018c4a       GetFileSizeEx              0000000140019c4a f   kernel32:KERNEL32.dll
 0001:00018c50       CloseHandle                0000000140019c50 f   kernel32:KERNEL32.dll
 0001:00018c56       GetCommandLineW            0000000140019c56 f   kernel32:KERNEL32.dll
 0001:00018c5c       TlsFree                    0000000140019c5c f   kernel32:KERNEL32.dll
 0001:00018c62       TlsSetValue                0000000140019c62 f   kernel32:KERNEL32.dll
 0001:00018c68       SetEvent                   0000000140019c68 f   kernel32:KERNEL32.dll
 0001:00018c6e       SuspendThread              0000000140019c6e f   kernel32:KERNEL32.dll
 0001:00018c74       ResumeThread               0000000140019c74 f   kernel32:KERNEL32.dll
 0001:00018c7a       CreateEventW               0000000140019c7a f   kernel32:KERNEL32.dll
 0001:00018c80       WaitForSingleObject        0000000140019c80 f   kernel32:KERNEL32.dll
 0001:00018c86       WaitForMultipleObjects     0000000140019c86 f   kernel32:KERNEL32.dll
 0001:00018c8c       BCryptGenRandom            0000000140019c8c f   bcrypt:bcrypt.dll
 0001:00018c92       send                       0000000140019c92 f   ws2_32:WS2_32.dll
 0001:00018c98       getpeername                0000000140019c98 f   ws2_32:WS2_32.dll
 0001:00018c9e       inet_ntop                  0000000140019c9e f   ws2_32:WS2_32.dll
 0001:00018ca4       ntohs                      0000000140019ca4 f   ws2_32:WS2_32.dll
 0001:00018caa       WSARecv                    0000000140019caa f   ws2_32:WS2_32.dll
 0001:00018cb0       socket                     0000000140019cb0 f   ws2_32:WS2_32.dll
 0001:00018cb6       connect                    0000000140019cb6 f   ws2_32:WS2_32.dll
 0001:00018cbc       closesocket                0000000140019cbc f   ws2_32:WS2_32.dll
 0001:00018cc2       setsockopt                 0000000140019cc2 f   ws2_32:WS2_32.dll
 0001:00018cc8       getaddrinfo                0000000140019cc8 f   ws2_32:WS2_32.dll
 0001:00018cce       freeaddrinfo               0000000140019cce f   ws2_32:WS2_32.dll
 0001:00018cd4       WSAStartup                 0000000140019cd4 f   ws2_32:WS2_32.dll
 0001:00018cda       htons                      0000000140019cda f   ws2_32:WS2_32.dll
 0001:00018ce0       bind                       0000000140019ce0 f   ws2_32:WS2_32.dll
 0001:00018ce6       getsockname                0000000140019ce6 f   ws2_32:WS2_32.dll
 0001:00018cec       WSAGetLastError            0000000140019cec f   ws2_32:WS2_32.dll
 0001:00018cf2       listen                     0000000140019cf2 f   ws2_32:WS2_32.dll
 0001:00018cf8       accept                     0000000140019cf8 f   ws2_32:WS2_32.dll
 0001:00018cfe       clGetKernelArgInfo         0000000140019cfe f   OpenCL:OpenCL.dll
 0001:00018d04       clSetKernelArg             0000000140019d04 f   OpenCL:OpenCL.dll
 0001:00018d0a       clEnqueueNDRangeKernel     0000000140019d0a f   OpenCL:OpenCL.dll
 0001:00018d10       clEnqueueReadBuffer        0000000140019d10 f   OpenCL:OpenCL.dll
 0001:00018d16       clEnqueueWriteBuffer       0000000140019d16 f   OpenCL:OpenCL.dll
 0001:00018d1c       clGetPlatformIDs           0000000140019d1c f   OpenCL:OpenCL.dll
 0001:00018d22       clGetPlatformInfo          0000000140019d22 f   OpenCL:OpenCL.dll
 0001:00018d28       clGetDeviceIDs             0000000140019d28 f   OpenCL:OpenCL.dll
 0001:00018d2e       clGetDeviceInfo            0000000140019d2e f   OpenCL:OpenCL.dll
 0001:00018d34       clCreateContext            0000000140019d34 f   OpenCL:OpenCL.dll
 0001:00018d3a       clCreateCommandQueueWithProperties 0000000140019d3a f   OpenCL:OpenCL.dll
 0001:00018d40       clCreateProgramWithSource  0000000140019d40 f   OpenCL:OpenCL.dll
 0001:00018d46       clBuildProgram             0000000140019d46 f   OpenCL:OpenCL.dll
 0001:00018d4c       clGetProgramBuildInfo      0000000140019d4c f   OpenCL:OpenCL.dll
 0001:00018d52       clCreateKernel             0000000140019d52 f   OpenCL:OpenCL.dll
 0001:00018d58       clCreateBuffer             0000000140019d58 f   OpenCL:OpenCL.dll
 0001:00018d5e       clFinish                   0000000140019d5e f   OpenCL:OpenCL.dll
 0002:00000000       ??_C@_1GM@IPHLEIPK@?$AAE?$AAr?$AAr?$AAo?$AAr?$AA?3?$AA?5?$AAf?$AAa?$AAi?$AAl?$AAe?$AAd?$AA?5?$AAt?$AAo?$AA?5?$AAa?$AAl?$AAl?$AAo?$AAc?$AAa?$AAt?$AAe?$AA?5?$AA?$CF?$AAl?$AAl?$AAd?$AA?5?$AAb@ 000000014001b000     dbg_.-runtime_lib.o
 0002:00000082       ??_C@_1HA@KLDBOMN@?$AAE?$AAr?$AAr?$AAo?$AAr?$AA?3?$AA?5?$AAf?$AAa?$AAi?$AAl?$AAe?$AAd?$AA?5?$AAt?$AAo?$AA?5?$AAr?$AAe?$AAa?$AAl?$AAl?$AAo?$AAc?$AAa?$AAt?$AAe?$AA?5?$AA?$CF?$AAl?$AAl?$AAd@ 000000014001b082     dbg_.-runtime_lib.o
 0002:00000108       ??_C@_1EI@DJFGOBAG@?$AAE?$AAr?$AAr?$AAo?$AAr?$AA?3?$AA?5?$AAf?$AAa?$AAi?$AAl?$AAe?$AAd?$AA?5?$AAt?$AAo?$AA?5?$AAf?$AAr?$AAe?$AAe?$AA?5?$AAm?$AAe?$AAm?$AAo?$AAr?$AAy?$AA?3?$AA?5?$AA?$CF?$AAl@ 000000014001b108     dbg_.-runtime_lib.o
 0002:0000015e       ??_C@_1CM@EJGKJCED@?$AAA?$AAs?$AAs?$AAe?$AAr?$AAt?$AAi?$AAo?$AAn?$AA?5?$AAf?$AAa?$AAi?$AAl?$AAe?$AAd?$AA?3?$AA?5?$AA?$CF?$AAs?$AA?6?$AA?$AA@ 000000014001b15e     dbg_.-runtime_lib.o
 0002:00000192       ??_C@_1EI@GJCCEHA@?$AAF?$AAi?$AAl?$AAe?$AA?3?$AA?5?$AA?$CF?$AAs?$AA?0?$AA?5?$AAL?$AAi?$AAn?$AAe?$AA?3?$AA?5?$AA?$CF?$AAl?$AAl?$AAd?$AA?0?$AA?5?$AAF?$AAu?$AAn?$AAc?$AAt?$AAi?$AAo?$AAn?$AA?3?$AA?5@ 000000014001b192     dbg_.-runtime_lib.o
 0002:000001e8       ??_C@_1EK@HCHIHAJJ@?$AAP?$AAa?$AAu?$AAs?$AAe?$AAd?$AA?5?$AAw?$AAo?$AAr?$AAk?$AAe?$AAr?$AA?5?$AAD?$AAL?$AAL?$AA?5?$AA?$CF?$AAl?$AAl?$AAd?$AA?5?$AA?$FL?$AAc?$AAa?$AAu?$AAs?$AAe?$AA?5?$AA?$CF?$AAl@ 000000014001b1e8     dbg_..-common-dll-await_worker.o
 0002:00000240       ??_C@_1GG@GJHNDGHH@?$AAC?$AAa?$AAl?$AAl?$AAi?$AAn?$AAg?$AA?5?$AAd?$AAl?$AAl?$AAi?$AAm?$AAp?$AAo?$AAr?$AAt?$AA?5?$AAw?$AAo?$AAr?$AAk?$AAe?$AAr?$AA?5?$AA?$CF?$AAl?$AAl?$AAd?$AA?5?$AA?$FL?$AAd@ 000000014001b240     dbg_..-common-dll-call_object.o
 0002:000002ba       ??_C@_1BC@GMOKLPI@?$AAT?$AAa?$AAb?$AAl?$AAe?$AA?5?$AA?$DN?$AA?5?$AA?$AA@ 000000014001b2ba     dbg_..-common-dll-call_object.o
 0002:000002d0       ??_C@_1M@OMOAGDNC@?$AA?$CF?$AA0?$AA2?$AAx?$AA?5?$AA?$AA@ 000000014001b2d0     dbg_..-common-dll-call_object.o
 0002:000002de       ??_C@_13LBAGMAIH@?$AA?6?$AA?$AA@ 000000014001b2de     dbg_..-common-dll-call_object.o
 0002:000002fc       ??_C@_1DC@PJLFFJJC@?$AAR?$AAU?$AAN?$AA?5?$AAd?$AAl?$AAl?$AAi?$AAm?$AAp?$AAo?$AAr?$AAt?$AA?5?$AAw?$AAo?$AAr?$AAk?$AAe?$AAr?$AA?$DN?$AA?$CF?$AAp?$AA?6?$AA?$AA@ 000000014001b2fc     dbg_..-common-dll-execute_worker.o
 0002:00000338       ??_C@_1FE@MNCEKKEL@?$AAE?$AAr?$AAr?$AAo?$AAr?$AA?3?$AA?5?$AAU?$AAN?$AAK?$AAN?$AAO?$AAW?$AAN?$AA?5?$AAp?$AAr?$AAo?$AAv?$AAi?$AAd?$AAe?$AAr?$AA?5?$AA?$CF?$AAl?$AAl?$AAd?$AA?5?$AAi?$AAn?$AA?5@ 000000014001b338     dbg_..-common-dll-execute_worker.o
 0002:0000039c       ??_C@_1CO@MJDCEOJE@?$AAR?$AAe?$AAq?$AAu?$AAe?$AAs?$AAt?$AAi?$AAn?$AAg?$AA?5?$AA?$CF?$AAl?$AAl?$AAd?$AA?5?$AAb?$AAy?$AAt?$AAe?$AAs?$AA?6?$AA?$AA@ 000000014001b39c     dbg_..-common-dll-execute_worker.o
 0002:000003d4       ??_C@_1EA@NLGJANLO@?$AAA?$AAr?$AAg?$AAu?$AAm?$AAe?$AAn?$AAt?$AA?5?$AA?$CF?$AAl?$AAl?$AAd?$AA?3?$AA?5?$AA?$FL?$AA?$CF?$AA0?$AA2?$AAx?$AA?$FN?$AA?5?$AA?$FL?$AAt?$AAo?$AA?9?$AA?$DO?$AA?$CF?$AAp?$AA?$FN?$AA?6?$AA?$AA@ 000000014001b3d4     dbg_..-common-dll-execute_worker.o
 0002:00000420       ??_C@_1DI@KIDLNDBO@?$AA?5?$AA?5?$AA?5?$AA?5?$AA?5?$AA?5?$AA?5?$AA?5?$AA?5?$AAo?$AAf?$AA?5?$AAs?$AAi?$AAz?$AAe?$AA?5?$AA?$CF?$AAl?$AAl?$AAd?$AA?$DL?$AA?5?$AA?$DN?$AA?$CF?$AAp?$AA?6?$AA?$AA@ 000000014001b420     dbg_..-common-dll-execute_worker.o
 0002:00000464       ??_C@_1DE@HPIEKKI@?$AAc?$AAa?$AAl?$AAl?$AAi?$AAn?$AAg?$AA?5?$AAd?$AAl?$AAl?$AAi?$AAm?$AAp?$AAo?$AAr?$AAt?$AA?5?$AAw?$AAo?$AAr?$AAk?$AAe?$AAr?$AA?6?$AA?$AA@ 000000014001b464     dbg_..-common-dll-execute_worker.o
 0002:000004a2       ??_C@_1CE@FDGKEBHI@?$AAA?$AAR?$AAG?$AA?$FL?$AA?$CF?$AAl?$AAl?$AAd?$AA?$FN?$AA?5?$AA?$DN?$AA?5?$AA?$CF?$AAl?$AAl?$AAd?$AA?6?$AA?$AA@ 000000014001b4a2     dbg_..-common-dll-execute_worker.o
 0002:000004ce       ??_C@_1EE@IHBKLDNM@?$AAo?$AAu?$AAt?$AAp?$AAu?$AAt?$AA?5?$AAi?$AAs?$AA?5?$AA?$CF?$AAp?$AA?5?$AA?$FL?$AA?9?$AA?$DO?$AAt?$AAo?$AA?5?$AAp?$AAr?$AAo?$AAm?$AAi?$AAs?$AAe?$AA?5?$AA?$CF?$AAl?$AAl?$AAd?$AA?$FN@ 000000014001b4ce     dbg_..-common-dll-execute_worker.o
 0002:00000520       ??_C@_1HO@GIMLMCLD@?$AAr?$AAe?$AAt?$AAu?$AAr?$AAn?$AAe?$AAd?$AA?5?$AA?$CL?$AA?5?$AAE?$AAr?$AAr?$AAo?$AAr?$AA?$DN?$AA?$CF?$AAl?$AAl?$AAd?$AA?5?$AA?$FL?$AAb?$AAe?$AAf?$AAo?$AAr?$AAe?$AA?5?$AAc?$AAa@ 000000014001b520     dbg_..-common-dll-execute_worker.o
 0002:000005b8       ??_C@_1EK@KEDGKNCB@?$AAP?$AAa?$AAu?$AAs?$AAe?$AAd?$AA?5?$AAw?$AAo?$AAr?$AAk?$AAe?$AAr?$AA?5?$AAG?$AAP?$AAU?$AA?5?$AA?$CF?$AAl?$AAl?$AAd?$AA?5?$AA?$FL?$AAc?$AAa?$AAu?$AAs?$AAe?$AA?5?$AA?$CF?$AAl@ 000000014001b5b8     dbg_..-common-gpu-await_worker.o
 0002:00000610       ??_C@_1FC@NMNADHLK@?$AAC?$AAa?$AAl?$AAl?$AAi?$AAn?$AAg?$AA?5?$AAw?$AAo?$AAr?$AAk?$AAe?$AAr?$AA?5?$AA?$CF?$AAl?$AAl?$AAd?$AA?5?$AA?$FL?$AAd?$AAa?$AAt?$AAa?$AA?$DN?$AA?$CF?$AAp?$AA?0?$AA?5?$AAm?$AAo@ 000000014001b610     dbg_..-common-gpu-call_object.o
 0002:00000672       ??_C@_1CG@CCFDEFBF@?$AAR?$AAU?$AAN?$AA?5?$AAG?$AAP?$AAU?$AA?5?$AAw?$AAo?$AAr?$AAk?$AAe?$AAr?$AA?$DN?$AA?$CF?$AAp?$AA?6?$AA?$AA@ 000000014001b672     dbg_..-common-gpu-execute_worker.o
 0002:000006a0       ??_C@_1CM@IKJLFGHA@?$AAS?$AAi?$AAz?$AAe?$AA?5?$AAd?$AAi?$AAm?$AA?5?$AA?$CF?$AAl?$AAl?$AAd?$AA?5?$AA?$DN?$AA?5?$AA?$CF?$AAl?$AAl?$AAd?$AA?6?$AA?$AA@ 000000014001b6a0     dbg_..-common-gpu-execute_worker.o
 0002:000006d4       ??_C@_1DA@NMEBJCAH@?$AAO?$AAf?$AAf?$AAs?$AAe?$AAt?$AA?5?$AAd?$AAi?$AAm?$AA?5?$AA?$CF?$AAl?$AAl?$AAd?$AA?5?$AA?$DN?$AA?5?$AA?$CF?$AAl?$AAl?$AAd?$AA?6?$AA?$AA@ 000000014001b6d4     dbg_..-common-gpu-execute_worker.o
 0002:0000070e       ??_C@_1DO@MBJBKNM@?$AAE?$AAr?$AAr?$AAo?$AAr?$AA?3?$AA?5?$AAa?$AAt?$AA?5?$AAc?$AAl?$AAS?$AAe?$AAt?$AAK?$AAe?$AAr?$AAn?$AAe?$AAl?$AAA?$AAr?$AAg?$AA?5?$AA?$CF?$AAl?$AAl?$AAd?$AA?6?$AA?$AA@ 000000014001b70e     dbg_..-common-gpu-execute_worker.o
 0002:00000758       ??_C@_1CO@BOPILBOM@?$AAC?$AAO?$AAN?$AAF?$AAI?$AAG?$AAU?$AAR?$AAE?$AAD?$AA?3?$AA?5?$AAd?$AAi?$AAm?$AAs?$AA?$DN?$AA?$CF?$AAl?$AAl?$AAd?$AA?6?$AA?$AA@ 000000014001b758     dbg_..-common-gpu-execute_worker.o
 0002:00000790       ??_C@_1EO@KIFHHFHO@?$AAE?$AAr?$AAr?$AAo?$AAr?$AA?3?$AA?5?$AAa?$AAt?$AA?5?$AAc?$AAl?$AAE?$AAn?$AAq?$AAu?$AAe?$AAu?$AAe?$AAN?$AAD?$AAR?$AAa?$AAn?$AAg?$AAe?$AAK?$AAe?$AAr?$AAn?$AAe?$AAl@ 000000014001b790     dbg_..-common-gpu-execute_worker.o
 0002:000007ee       ??_C@_1FG@NKPPHDDL@?$AAA?$AAl?$AAl?$AAo?$AAc?$AAa?$AAt?$AAi?$AAn?$AAg?$AA?5?$AAb?$AAu?$AAf?$AAf?$AAe?$AAr?$AA?5?$AAo?$AAf?$AA?5?$AAs?$AAi?$AAz?$AAe?$AA?5?$AA?$CF?$AAl?$AAl?$AAd?$AA?5?$AAp@ 000000014001b7ee     dbg_..-common-gpu-new_object.o
 0002:00000856       ??_C@_1DO@PIAGAENK@?$AAE?$AAR?$AAR?$AAO?$AAR?$AA?3?$AA?5?$AAg?$AAp?$AAu?$AAA?$AAl?$AAl?$AAo?$AAc?$AA?5?$AAf?$AAa?$AAi?$AAl?$AAe?$AAd?$AA?5?$AA?$FL?$AA?$CF?$AAl?$AAl?$AAd?$AA?$FN?$AA?6?$AA?$AA@ 000000014001b856     dbg_..-common-gpu-new_object.o
 0002:000008a0       ??_C@_1BG@LMPFNDF@?$AAr?$AAe?$AAs?$AAu?$AAl?$AAt?$AA?5?$AA?$CF?$AAp?$AA?6?$AA?$AA@ 000000014001b8a0     dbg_..-common-gpu-new_object.o
 0002:000008ba       ??_C@_1FM@LBBNKNII@?$AAE?$AAR?$AAR?$AAO?$AAR?$AA?3?$AA?5?$AAP?$AAi?$AAp?$AAe?$AAs?$AA?5?$AAa?$AAr?$AAe?$AA?5?$AAu?$AAn?$AAs?$AAu?$AAp?$AAp?$AAo?$AAr?$AAt?$AAe?$AAd?$AA?5?$AAo?$AAn?$AA?5@ 000000014001b8ba     dbg_..-common-gpu-new_object.o
 0002:00000928       ??_C@_1EA@PKIDLDBK@?$AAo?$AAb?$AAj?$AAe?$AAc?$AAt?$AA?5?$AAf?$AAo?$AAr?$AA?5?$AAs?$AAi?$AAz?$AAe?$AA?5?$AA?$CF?$AAl?$AAl?$AAd?$AA?5?$AAa?$AAl?$AAl?$AAo?$AAc?$AAa?$AAt?$AAe?$AAd?$AA?6?$AA?$AA@ 000000014001b928     dbg_..-common-gpu-new_object.o
 0002:00000974       ??_C@_1GM@BNFAKJM@?$AAE?$AAR?$AAR?$AAO?$AAR?$AA?3?$AA?5?$AAP?$AAi?$AAp?$AAe?$AAs?$AA?5?$AAa?$AAr?$AAe?$AA?5?$AAu?$AAn?$AAs?$AAu?$AAp?$AAp?$AAo?$AAr?$AAt?$AAe?$AAd?$AA?5?$AAo?$AAn?$AA?5@ 000000014001b974     dbg_..-common-gpu-new_object.o
 0002:000009f6       ??_C@_1DC@NBDPBMKB@?$AAW?$AAr?$AAo?$AAn?$AAg?$AA?5?$AAt?$AAy?$AAp?$AAe?$AA?5?$AAi?$AAn?$AA?5?$AAN?$AAe?$AAw?$AAO?$AAb?$AAj?$AAe?$AAc?$AAt?$AA?6?$AA?$AA@ 000000014001b9f6     dbg_..-common-gpu-new_object.o
 0002:00000a32       ??_C@_1EG@FBJBJMFK@?$AAN?$AAO?$AAT?$AA?5?$AAS?$AAU?$AAP?$AAP?$AAO?$AAR?$AAT?$AAE?$AAD?$AA?3?$AA?5?$AAp?$AAu?$AAs?$AAh?$AA?5?$AAi?$AAn?$AA?5?$AAg?$AAp?$AAu?$AA?5?$AAo?$AAb?$AAj?$AAe?$AAc@ 000000014001ba32     dbg_..-common-gpu-push_object.o
 0002:00000a86       ??_C@_1FE@GJLEMBH@?$AAN?$AAO?$AAT?$AA?5?$AAS?$AAU?$AAP?$AAP?$AAO?$AAR?$AAT?$AAE?$AAD?$AA?3?$AA?5?$AAp?$AAu?$AAs?$AAh?$AA?5?$AAi?$AAn?$AA?5?$AAg?$AAp?$AAu?$AA?5?$AAo?$AAb?$AAj?$AAe?$AAc@ 000000014001ba86     dbg_..-common-gpu-push_object.o
 0002:00000aea       ??_C@_1EI@EPHKLIAN@?$AAN?$AAO?$AAT?$AA?5?$AAS?$AAU?$AAP?$AAP?$AAO?$AAR?$AAT?$AAE?$AAD?$AA?3?$AA?5?$AAq?$AAu?$AAe?$AAr?$AAy?$AA?5?$AAi?$AAn?$AA?5?$AAg?$AAp?$AAu?$AA?5?$AAo?$AAb?$AAj?$AAe@ 000000014001baea     dbg_..-common-gpu-query_object.o
 0002:00000b40       ??_C@_1FG@PCBNEEAC@?$AAN?$AAO?$AAT?$AA?5?$AAS?$AAU?$AAP?$AAP?$AAO?$AAR?$AAT?$AAE?$AAD?$AA?3?$AA?5?$AAq?$AAu?$AAe?$AAr?$AAy?$AA?5?$AAi?$AAn?$AA?5?$AAg?$AAp?$AAu?$AA?5?$AAo?$AAb?$AAj?$AAe@ 000000014001bb40     dbg_..-common-gpu-query_object.o
 0002:00000bc0       ??_C@_1DM@CKKHLHMJ@?$AAP?$AAi?$AAp?$AAe?$AA?5?$AAf?$AAo?$AAr?$AA?5?$AAs?$AAi?$AAz?$AAe?$AA?5?$AA?$CF?$AAl?$AAl?$AAd?$AA?5?$AAa?$AAl?$AAl?$AAo?$AAc?$AAa?$AAt?$AAe?$AAd?$AA?6?$AA?$AA@ 000000014001bbc0     dbg_..-common-loc-new_object.o
 0002:00000c08       ??_C@_1GK@LJBKHIKD@?$AAA?$AAr?$AAr?$AAa?$AAy?$AA?5?$AAo?$AAf?$AA?5?$AA?$CF?$AAl?$AAl?$AAd?$AA?5?$AAb?$AAy?$AAt?$AAe?$AAs?$AA?0?$AA?5?$AAe?$AAl?$AAe?$AAm?$AAe?$AAn?$AAt?$AA?5?$AAo?$AAf?$AA?5@ 000000014001bc08     dbg_..-common-loc-new_object.o
 0002:00000c88       ??_C@_1EC@IBADEGPM@?$AAP?$AAr?$AAo?$AAm?$AAi?$AAs?$AAe?$AA?5?$AAf?$AAo?$AAr?$AA?5?$AAs?$AAi?$AAz?$AAe?$AA?5?$AA?$CF?$AAl?$AAl?$AAd?$AA?5?$AAa?$AAl?$AAl?$AAo?$AAc?$AAa?$AAt?$AAe?$AAd?$AA?6@ 000000014001bc88     dbg_..-common-loc-new_object.o
 0002:00000cd8       ??_C@_1DO@OEOJCPLG@?$AAC?$AAl?$AAa?$AAs?$AAs?$AA?5?$AAf?$AAo?$AAr?$AA?5?$AAs?$AAi?$AAz?$AAe?$AA?5?$AA?$CF?$AAl?$AAl?$AAd?$AA?5?$AAa?$AAl?$AAl?$AAo?$AAc?$AAa?$AAt?$AAe?$AAd?$AA?6?$AA?$AA@ 000000014001bcd8     dbg_..-common-loc-new_object.o
 0002:00000d22       ??_C@_1EO@GECEJMLH@?$AAD?$AAe?$AAf?$AAi?$AAn?$AAe?$AAd?$AA?5?$AAa?$AAr?$AAr?$AAa?$AAy?$AA?5?$AAf?$AAo?$AAr?$AA?5?$AAs?$AAi?$AAz?$AAe?$AA?5?$AA?$CF?$AAl?$AAl?$AAd?$AA?5?$AAa?$AAl?$AAl?$AAo@ 000000014001bd22     dbg_..-common-loc-new_object.o
 0002:00000d80       ??_C@_1M@FHJLFHFE@?$AA?5?$AA?$CF?$AA0?$AA2?$AAx?$AA?$AA@ 000000014001bd80     dbg_..-common-loc-new_object.o
 0002:00000d8e       ??_C@_1CO@JBEOLKLD@?$AA?$FL?$AAi?$AAd?$AA?$DN?$AA?$CF?$AAl?$AAl?$AAx?$AA?$FN?$AA?5?$AA?$FL?$AAs?$AAi?$AAz?$AAe?$AA?$DN?$AA?$CF?$AAl?$AAl?$AAd?$AA?$FN?$AA?6?$AA?$AA@ 000000014001bd8e     dbg_..-common-loc-new_object.o
 0002:00000dee       ??_C@_1EC@FMMFNKHC@?$AAP?$AAa?$AAu?$AAs?$AAe?$AAd?$AA?5?$AAw?$AAo?$AAr?$AAk?$AAe?$AAr?$AA?5?$AA?$CF?$AAl?$AAl?$AAd?$AA?5?$AA?$FL?$AAc?$AAa?$AAu?$AAs?$AAe?$AA?5?$AA?$CF?$AAl?$AAl?$AAd?$AA?$FN?$AA?6@ 000000014001bdee     dbg_..-common-x64-await_worker.o
 0002:00000e3e       ??_C@_1BG@KNJPCEOH@?$AAw?$AAo?$AAr?$AAk?$AAe?$AAr?$AA?$DN?$AA?$CF?$AAp?$AA?6?$AA?$AA@ 000000014001be3e     dbg_..-common-x64-execute_worker.o
 0002:00000e58       ??_C@_1DM@GFFHBIOC@?$AAS?$AAt?$AAa?$AAl?$AAl?$AAi?$AAn?$AAg?$AA?5?$AAw?$AAo?$AAr?$AAk?$AAe?$AAr?$AA?5?$AAa?$AAt?$AA?5?$AAt?$AAh?$AAr?$AAe?$AAa?$AAd?$AA?5?$AA?$CF?$AAp?$AA?6?$AA?$AA@ 000000014001be58     dbg_..-common-x64-execute_worker.o
 0002:00000ea0       ??_C@_1BC@BLBJHNOB@?$AAS?$AAu?$AAc?$AAc?$AAe?$AAs?$AAs?$AA?6?$AA?$AA@ 000000014001bea0     dbg_..-common-x64-execute_worker.o
 0002:00000eb6       ??_C@_1HE@BGCEENEB@?$AAP?$AAa?$AAu?$AAs?$AAe?$AAd?$AA?5?$AAw?$AAo?$AAr?$AAk?$AAe?$AAr?$AA?5?$AA?$CF?$AAl?$AAl?$AAd?$AA?5?$AA?$FL?$AAs?$AAt?$AAa?$AAl?$AAl?$AA?$FN?$AA?3?$AA?5?$AAn?$AAe?$AAx?$AAt@ 000000014001beb6     dbg_..-common-x64-execute_worker.o
 0002:00000f5c       ??_C@_1BG@HIIBALHG@?$AA?$FL?$AAi?$AAd?$AA?$DN?$AA?$CF?$AAl?$AAl?$AAx?$AA?$FN?$AA?6?$AA?$AA@ 000000014001bf5c     dbg_..-common-x64-new_object.o
 0002:00000f76       ??_C@_0CD@DKCLGKLJ@NULL?5?$DN?$DN?5?$CCThis?5is?5unreachable?5cod@ 000000014001bf76     dbg_..-common-x64-new_object.o
 0002:00000fa0       ??_C@_0BD@INEGNPMF@x64NewObjectStates?$AA@ 000000014001bfa0     dbg_..-common-x64-new_object.o
 0002:00000fb6       ??_C@_0DD@OGMEDPCJ@D?3?2mipt?2lang3?2runtimes?20?43?2commo@ 000000014001bfb6     dbg_..-common-x64-new_object.o
 0002:0000101a       ??_C@_0BA@DDLBAAIJ@x64OnPushObject?$AA@ 000000014001c01a     dbg_..-common-x64-push_object.o
 0002:0000102d       ??_C@_0DE@HDIHJJAI@D?3?2mipt?2lang3?2runtimes?20?43?2commo@ 000000014001c02d     dbg_..-common-x64-push_object.o
 0002:0000106c       ??_C@_1GA@KFMLACKM@?$AAw?$AAa?$AAi?$AAt?$AAi?$AAn?$AAg?$AA?5?$AAf?$AAo?$AAr?$AA?5?$AAr?$AAe?$AAm?$AAo?$AAt?$AAe?$AA?5?$AAp?$AAu?$AAs?$AAh?$AA?5?$AA?$CF?$AAl?$AAl?$AAd?$AA?1?$AA?$CF?$AAl?$AAl@ 000000014001c06c     dbg_..-common-x64-push_object.o
 0002:000010df       ??_C@_0BE@CLLDEMCI@x64PushObjectStates?$AA@ 000000014001c0df     dbg_..-common-x64-push_object.o
 0002:000010f8       ??_C@_1CG@JJBKNCBO@?$AAp?$AAu?$AAs?$AAh?$AA?5?$AAt?$AAo?$AA?5?$AAo?$AAb?$AAj?$AAe?$AAc?$AAt?$AA?5?$AA?$CF?$AAp?$AA?6?$AA?$AA@ 000000014001c0f8     dbg_..-common-x64-push_object.o
 0002:00001126       ??_C@_1CG@FCDGDINM@?$AAp?$AAu?$AAs?$AAh?$AA?5?$AAt?$AAo?$AA?5?$AAp?$AAi?$AAp?$AAe?$AA?5?$AA?$CF?$AAl?$AAl?$AAd?$AA?6?$AA?$AA@ 000000014001c126     dbg_..-common-x64-push_object.o
 0002:00001153       ??_C@_0BB@OIDGLOGK@x64OnQueryObject?$AA@ 000000014001c153     dbg_..-common-x64-query_object.o
 0002:00001167       ??_C@_0DF@BBNICMA@D?3?2mipt?2lang3?2runtimes?20?43?2commo@ 000000014001c167     dbg_..-common-x64-query_object.o
 0002:000011a6       ??_C@_1EI@HFFKCAJK@?$AAw?$AAa?$AAi?$AAt?$AAi?$AAn?$AAg?$AA?5?$AAf?$AAo?$AAr?$AA?5?$AAr?$AAe?$AAm?$AAo?$AAt?$AAe?$AA?5?$AAq?$AAu?$AAe?$AAr?$AAy?$AA?5?$AA?$CF?$AAl?$AAl?$AAd?$AA?1?$AA?$CF?$AAl@ 000000014001c1a6     dbg_..-common-x64-query_object.o
 0002:000011fc       ??_C@_0BF@ENLEMDLA@x64QueryObjectStates?$AA@ 000000014001c1fc     dbg_..-common-x64-query_object.o
 0002:00001216       ??_C@_1CG@NFAKFIFJ@?$AAQ?$AAu?$AAe?$AAr?$AAy?$AA?5?$AAo?$AAb?$AAj?$AAe?$AAc?$AAt?$AA?5?$AA?$CF?$AAl?$AAl?$AAd?$AA?6?$AA?$AA@ 000000014001c216     dbg_..-common-x64-query_object.o
 0002:00001244       ??_C@_1CM@JHEDMDLC@?$AAq?$AAu?$AAe?$AAr?$AAy?$AA?5?$AAf?$AAr?$AAo?$AAm?$AA?5?$AAp?$AAi?$AAp?$AAe?$AA?5?$AA?$CF?$AAl?$AAl?$AAd?$AA?6?$AA?$AA@ 000000014001c244     dbg_..-common-x64-query_object.o
 0002:00001278       ??_C@_0P@GBODICPB@x64SleepStates?$AA@ 000000014001c278     dbg_..-common-x64-sleep.o
 0002:0000128a       ??_C@_0CO@EELGNBNM@D?3?2mipt?2lang3?2runtimes?20?43?2commo@ 000000014001c28a     dbg_..-common-x64-sleep.o
 0002:000012c2       ??_C@_1CC@KCDEA@?$AAS?$AAl?$AAe?$AAe?$AAp?$AA?5?$AAt?$AAi?$AAm?$AAe?$AA?5?$AA?$CF?$AAl?$AAl?$AAd?$AA?6?$AA?$AA@ 000000014001c2c2     dbg_..-common-x64-sleep.o
 0002:0000131c       ??_C@_1CM@EKFGKDGG@?$AAG?$AAe?$AAt?$AA?5?$AAo?$AAb?$AAj?$AAe?$AAc?$AAt?$AA?5?$AAi?$AAd?$AA?5?$AA?$DN?$AA?5?$AA?$CF?$AAl?$AAl?$AAd?$AA?6?$AA?$AA@ 000000014001c31c     dbg_..-common-cast_provider.o
 0002:00001350       ??_C@_1FE@BCAGMINK@?$AAE?$AAr?$AAr?$AAo?$AAr?$AA?3?$AA?5?$AAn?$AAo?$AA?5?$AAk?$AAn?$AAo?$AAw?$AAn?$AA?5?$AAs?$AAi?$AAz?$AAe?$AA?5?$AAf?$AAo?$AAr?$AA?5?$AAn?$AAo?$AAt?$AA?5?$AAa?$AAr?$AAr@ 000000014001c350     dbg_..-common-cast_provider.o
 0002:000013b4       ??_C@_1CO@MKKBGDMJ@?$AAg?$AAo?$AAt?$AA?5?$AAl?$AAo?$AAc?$AAa?$AAl?$AA?5?$AAs?$AAi?$AAz?$AAe?$AA?5?$AAa?$AAn?$AAs?$AAw?$AAe?$AAr?$AA?6?$AA?$AA@ 000000014001c3b4     dbg_..-common-cast_provider.o
 0002:000013ec       ??_C@_1DM@MLLOPCOA@?$AAQ?$AAu?$AAe?$AAr?$AAy?$AAi?$AAn?$AAg?$AA?5?$AAo?$AAb?$AAj?$AAe?$AAc?$AAt?$AA?5?$AAs?$AAi?$AAz?$AAe?$AA?5?$AAo?$AAf?$AA?5?$AA?$CF?$AAl?$AAl?$AAd?$AA?6?$AA?$AA@ 000000014001c3ec     dbg_..-common-cast_provider.o
 0002:00001434       ??_C@_1DA@NCDJBGNA@?$AAg?$AAo?$AAt?$AA?5?$AAr?$AAe?$AAm?$AAo?$AAt?$AAe?$AA?5?$AAs?$AAi?$AAz?$AAe?$AA?5?$AAa?$AAn?$AAs?$AAw?$AAe?$AAr?$AA?6?$AA?$AA@ 000000014001c434     dbg_..-common-cast_provider.o
 0002:0000146e       ??_C@_1EO@EEOKBBBD@?$AAK?$AAn?$AAo?$AAw?$AA?5?$AAs?$AAi?$AAz?$AAe?$AA?$DN?$AA?$CF?$AAl?$AAl?$AAd?$AA?5?$AA?$FL?$AAp?$AAa?$AAr?$AAa?$AAm?$AA?$DN?$AA?$CF?$AAl?$AAl?$AAd?$AA?$FN?$AA?5?$AA?9?$AA?5?$AAi?$AAd@ 000000014001c46e     dbg_..-common-cast_provider.o
 0002:000014cc       ??_C@_1FK@KDAFABDO@?$AAE?$AAr?$AAr?$AAo?$AAr?$AA?3?$AA?5?$AAl?$AAo?$AAc?$AAa?$AAl?$AA?5?$AAo?$AAb?$AAj?$AAe?$AAc?$AAt?$AA?5?$AAw?$AAa?$AAs?$AA?5?$AAr?$AAe?$AAm?$AAo?$AAv?$AAe?$AAd?$AA?5@ 000000014001c4cc     dbg_..-common-cast_provider.o
 0002:00001538       ??_C@_1FO@HMOHPFHI@?$AAE?$AAr?$AAr?$AAo?$AAr?$AA?5?$AAh?$AAa?$AAp?$AAp?$AAe?$AAn?$AA?5?$AAw?$AAh?$AAi?$AAl?$AAe?$AA?5?$AAc?$AAl?$AAE?$AAn?$AAq?$AAu?$AAe?$AAu?$AAe?$AAR?$AAe?$AAa?$AAd@ 000000014001c538     dbg_..-common-cast_provider.o
 0002:000015a8       ??_C@_1EE@JNODMKEN@?$AAS?$AAu?$AAc?$AAc?$AAe?$AAs?$AAs?$AAi?$AAf?$AAu?$AAl?$AAl?$AAy?$AA?5?$AAc?$AAo?$AAn?$AAv?$AAe?$AAr?$AAt?$AAe?$AAd?$AA?5?$AAg?$AAp?$AAu?$AA?9?$AA?$DO?$AAc?$AAp?$AAu@ 000000014001c5a8     dbg_..-common-cast_provider.o
 0002:000015fa       ??_C@_1GA@EEKPNAGK@?$AAE?$AAr?$AAr?$AAo?$AAr?$AA?5?$AAh?$AAa?$AAp?$AAp?$AAe?$AAn?$AA?5?$AAw?$AAh?$AAi?$AAl?$AAe?$AA?5?$AAc?$AAl?$AAE?$AAn?$AAq?$AAu?$AAe?$AAu?$AAe?$AAW?$AAr?$AAi?$AAt@ 000000014001c5fa     dbg_..-common-cast_provider.o
 0002:0000166e       ??_C@_1EE@NKOFIBGO@?$AAS?$AAu?$AAc?$AAc?$AAe?$AAs?$AAs?$AAi?$AAf?$AAu?$AAl?$AAl?$AAy?$AA?5?$AAc?$AAo?$AAn?$AAv?$AAe?$AAr?$AAt?$AAe?$AAd?$AA?5?$AAc?$AAp?$AAu?$AA?9?$AA?$DO?$AAg?$AAp?$AAu@ 000000014001c66e     dbg_..-common-cast_provider.o
 0002:000016c0       ??_C@_1BM@OBHKMKPP@?$AAR?$AAe?$AAt?$AAu?$AAr?$AAn?$AA?3?$AA?5?$AA?$CF?$AAl?$AAl?$AAd?$AA?6?$AA?$AA@ 000000014001c6c0     dbg_..-common-cast_provider.o
 0002:000016e1       ??_C@_0O@GKFEADAD@anyCastStates?$AA@ 000000014001c6e1     dbg_..-common-cast_provider.o
 0002:000016f1       ??_C@_0DC@BICAIPCF@D?3?2mipt?2lang3?2runtimes?20?43?2commo@ 000000014001c6f1     dbg_..-common-cast_provider.o
 0002:0000172e       ??_C@_1EC@IPADNJOO@?$AAc?$AAo?$AAn?$AAv?$AAe?$AAr?$AAt?$AA?5?$AA?$CF?$AAp?$AA?5?$AA?$FL?$AAt?$AAy?$AAp?$AAe?$AAs?$AA?5?$AA?$CF?$AAl?$AAl?$AAd?$AA?5?$AA?9?$AA?$DO?$AA?5?$AA?$CF?$AAl?$AAl?$AAd?$AA?$FN?$AA?6@ 000000014001c72e     dbg_..-common-cast_provider.o
 0002:0000177e       ??_C@_1IA@HIJJNPCH@?$AAE?$AAR?$AAR?$AAO?$AAR?$AA?3?$AA?5?$AAn?$AAo?$AAt?$AA?5?$AAs?$AAu?$AAp?$AAp?$AAo?$AAr?$AAt?$AAe?$AAd?$AA?5?$AAc?$AAo?$AAn?$AAv?$AAe?$AAr?$AAs?$AAi?$AAo?$AAn?$AA?5@ 000000014001c77e     dbg_..-common-cast_provider.o
 0002:00001818       ??_C@_1DK@FINICEEJ@?$AAG?$AAo?$AAt?$AA?5?$AAa?$AAt?$AA?5?$AAl?$AAe?$AAa?$AAs?$AAt?$AA?5?$AA?$CF?$AAl?$AAl?$AAd?$AA?5?$AAp?$AAl?$AAa?$AAt?$AAf?$AAo?$AAr?$AAm?$AAs?$AA?6?$AA?$AA@ 000000014001c818     dbg_..-common-gpu_subsystem.o
 0002:0000185e       ??_C@_1CA@OOAPHHDP@?$AAP?$AAl?$AAa?$AAt?$AAf?$AAo?$AAr?$AAm?$AA?5?$AA?$CF?$AAl?$AAl?$AAd?$AA?3?$AA?6?$AA?$AA@ 000000014001c85e     dbg_..-common-gpu_subsystem.o
 0002:00001884       ??_C@_1DK@CFKCPDLH@?$AA?7?$AA?$CF?$AAl?$AAl?$AAd?$AA?4?$AAN?$AAa?$AAm?$AAe?$AA?5?$AA?5?$AA?5?$AA?5?$AA?5?$AA?5?$AA?5?$AA?5?$AA?5?$AA?5?$AA?5?$AA?5?$AA?5?$AA?3?$AA?5?$AA?$CF?$AAs?$AA?6?$AA?$AA@ 000000014001c884     dbg_..-common-gpu_subsystem.o
 0002:000018ca       ??_C@_1DK@PKNJPDCN@?$AA?7?$AA?$CF?$AAl?$AAl?$AAd?$AA?4?$AAV?$AAe?$AAn?$AAd?$AAo?$AAr?$AA?5?$AA?5?$AA?5?$AA?5?$AA?5?$AA?5?$AA?5?$AA?5?$AA?5?$AA?5?$AA?5?$AA?3?$AA?5?$AA?$CF?$AAs?$AA?6?$AA?$AA@ 000000014001c8ca     dbg_..-common-gpu_subsystem.o
 0002:00001910       ??_C@_1DK@BCHMBHFB@?$AA?7?$AA?$CF?$AAl?$AAl?$AAd?$AA?4?$AAV?$AAe?$AAr?$AAs?$AAi?$AAo?$AAn?$AA?5?$AA?5?$AA?5?$AA?5?$AA?5?$AA?5?$AA?5?$AA?5?$AA?5?$AA?5?$AA?3?$AA?5?$AA?$CF?$AAs?$AA?6?$AA?$AA@ 000000014001c910     dbg_..-common-gpu_subsystem.o
 0002:00001956       ??_C@_1DK@PPLGHIMI@?$AA?7?$AA?$CF?$AAl?$AAl?$AAd?$AA?4?$AAP?$AAr?$AAo?$AAf?$AAi?$AAl?$AAe?$AA?5?$AA?5?$AA?5?$AA?5?$AA?5?$AA?5?$AA?5?$AA?5?$AA?5?$AA?5?$AA?3?$AA?5?$AA?$CF?$AAs?$AA?6?$AA?$AA@ 000000014001c956     dbg_..-common-gpu_subsystem.o
 0002:0000199c       ??_C@_1DK@KGLDJAGB@?$AA?7?$AA?$CF?$AAl?$AAl?$AAd?$AA?4?$AAE?$AAx?$AAt?$AAe?$AAn?$AAs?$AAi?$AAo?$AAn?$AAs?$AA?5?$AA?5?$AA?5?$AA?5?$AA?5?$AA?5?$AA?5?$AA?3?$AA?5?$AA?$CF?$AAs?$AA?6?$AA?$AA@ 000000014001c99c     dbg_..-common-gpu_subsystem.o
 0002:000019e2       ??_C@_1DO@JAHGICMH@?$AA?7?$AA?$CF?$AAl?$AAl?$AAd?$AA?4?$AAT?$AAi?$AAm?$AAe?$AAr?$AA?5?$AAR?$AAe?$AAs?$AAo?$AAl?$AAu?$AAt?$AAi?$AAo?$AAn?$AA?5?$AA?3?$AA?5?$AA?$CF?$AAl?$AAl?$AAd?$AA?6?$AA?$AA@ 000000014001c9e2     dbg_..-common-gpu_subsystem.o
 0002:00001a2c       ??_C@_1FE@GFHOHNKH@?$AAp?$AAl?$AAa?$AAt?$AAf?$AAo?$AAr?$AAm?$AA?5?$AA?$CF?$AAl?$AAl?$AAd?$AA?3?$AA?5?$AAG?$AAo?$AAt?$AA?5?$AAa?$AAt?$AA?5?$AAl?$AAe?$AAa?$AAs?$AAt?$AA?5?$AA?$CF?$AAl?$AAl?$AAd@ 000000014001ca2c     dbg_..-common-gpu_subsystem.o
 0002:00001a90       ??_C@_1BM@MMFNNAKO@?$AAD?$AAe?$AAv?$AAi?$AAc?$AAe?$AA?5?$AA?$CF?$AAl?$AAl?$AAd?$AA?3?$AA?6?$AA?$AA@ 000000014001ca90     dbg_..-common-gpu_subsystem.o
 0002:00001ab2       ??_C@_1FG@GKDLJBIA@?$AA?7?$AA?$CF?$AAl?$AAl?$AAd?$AA?4?$AA?$CF?$AAl?$AAl?$AAd?$AA?4?$AAN?$AAa?$AAm?$AAe?$AA?5?$AA?5?$AA?5?$AA?5?$AA?5?$AA?5?$AA?5?$AA?5?$AA?5?$AA?5?$AA?5?$AA?5?$AA?5?$AA?5?$AA?5?$AA?5?$AA?5@ 000000014001cab2     dbg_..-common-gpu_subsystem.o
 0002:00001b1a       ??_C@_1FK@JCGLFMHC@?$AA?7?$AA?$CF?$AAl?$AAl?$AAd?$AA?4?$AA?$CF?$AAl?$AAl?$AAd?$AA?4?$AAA?$AAv?$AAa?$AAi?$AAl?$AAa?$AAb?$AAl?$AAe?$AA?5?$AA?5?$AA?5?$AA?5?$AA?5?$AA?5?$AA?5?$AA?5?$AA?5?$AA?5?$AA?5?$AA?5@ 000000014001cb1a     dbg_..-common-gpu_subsystem.o
 0002:00001b86       ??_C@_1FK@PNFJMFNM@?$AA?7?$AA?$CF?$AAl?$AAl?$AAd?$AA?4?$AA?$CF?$AAl?$AAl?$AAd?$AA?4?$AAT?$AAy?$AAp?$AAe?$AA?5?$AA?5?$AA?5?$AA?5?$AA?5?$AA?5?$AA?5?$AA?5?$AA?5?$AA?5?$AA?5?$AA?5?$AA?5?$AA?5?$AA?5?$AA?5?$AA?5@ 000000014001cb86     dbg_..-common-gpu_subsystem.o
 0002:00001bf2       ??_C@_1FG@OJFNKBCG@?$AA?7?$AA?$CF?$AAl?$AAl?$AAd?$AA?4?$AA?$CF?$AAl?$AAl?$AAd?$AA?4?$AAV?$AAe?$AAn?$AAd?$AAo?$AAr?$AA?5?$AA?5?$AA?5?$AA?5?$AA?5?$AA?5?$AA?5?$AA?5?$AA?5?$AA?5?$AA?5?$AA?5?$AA?5?$AA?5?$AA?5@ 000000014001cbf2     dbg_..-common-gpu_subsystem.o
 0002:00001c5a       ??_C@_1FG@LICMMOCB@?$AA?7?$AA?$CF?$AAl?$AAl?$AAd?$AA?4?$AA?$CF?$AAl?$AAl?$AAd?$AA?4?$AAD?$AAr?$AAi?$AAv?$AAe?$AAr?$AA?5?$AAV?$AAe?$AAr?$AAs?$AAi?$AAo?$AAn?$AA?5?$AA?5?$AA?5?$AA?5?$AA?5?$AA?5?$AA?5@ 000000014001cc5a     dbg_..-common-gpu_subsystem.o
 0002:00001cc2       ??_C@_1FG@GEMKEAJB@?$AA?7?$AA?$CF?$AAl?$AAl?$AAd?$AA?4?$AA?$CF?$AAl?$AAl?$AAd?$AA?4?$AAD?$AAe?$AAv?$AAi?$AAc?$AAe?$AA?5?$AAV?$AAe?$AAr?$AAs?$AAi?$AAo?$AAn?$AA?5?$AA?5?$AA?5?$AA?5?$AA?5?$AA?5?$AA?5@ 000000014001ccc2     dbg_..-common-gpu_subsystem.o
 0002:00001d2a       ??_C@_1FG@MPCNGFNE@?$AA?7?$AA?$CF?$AAl?$AAl?$AAd?$AA?4?$AA?$CF?$AAl?$AAl?$AAd?$AA?4?$AAP?$AAr?$AAo?$AAf?$AAi?$AAl?$AAe?$AA?5?$AA?5?$AA?5?$AA?5?$AA?5?$AA?5?$AA?5?$AA?5?$AA?5?$AA?5?$AA?5?$AA?5?$AA?5?$AA?5@ 000000014001cd2a     dbg_..-common-gpu_subsystem.o
 0002:00001d92       ??_C@_1FG@GJMINOLL@?$AA?7?$AA?$CF?$AAl?$AAl?$AAd?$AA?4?$AA?$CF?$AAl?$AAl?$AAd?$AA?4?$AAE?$AAx?$AAt?$AAe?$AAn?$AAs?$AAi?$AAo?$AAn?$AAs?$AA?5?$AA?5?$AA?5?$AA?5?$AA?5?$AA?5?$AA?5?$AA?5?$AA?5?$AA?5?$AA?5@ 000000014001cd92     dbg_..-common-gpu_subsystem.o
 0002:00001dfa       ??_C@_1FK@NKJEPLPJ@?$AA?7?$AA?$CF?$AAl?$AAl?$AAd?$AA?4?$AA?$CF?$AAl?$AAl?$AAd?$AA?4?$AAM?$AAa?$AAx?$AA?5?$AAC?$AAo?$AAm?$AAp?$AAu?$AAt?$AAe?$AA?5?$AAU?$AAn?$AAi?$AAt?$AAs?$AA?5?$AA?5?$AA?5?$AA?5@ 000000014001cdfa     dbg_..-common-gpu_subsystem.o
 0002:00001e66       ??_C@_1FK@OLFGCCPL@?$AA?7?$AA?$CF?$AAl?$AAl?$AAd?$AA?4?$AA?$CF?$AAl?$AAl?$AAd?$AA?4?$AAM?$AAa?$AAx?$AA?5?$AAI?$AAt?$AAe?$AAm?$AA?5?$AAD?$AAi?$AAm?$AAe?$AAn?$AAs?$AAi?$AAo?$AAn?$AAs?$AA?5?$AA?5@ 000000014001ce66     dbg_..-common-gpu_subsystem.o
 0002:00001ed2       ??_C@_1FK@CMFPDFMJ@?$AA?7?$AA?$CF?$AAl?$AAl?$AAd?$AA?4?$AA?$CF?$AAl?$AAl?$AAd?$AA?4?$AAM?$AAa?$AAx?$AA?5?$AAG?$AAr?$AAo?$AAu?$AAp?$AA?5?$AAS?$AAi?$AAz?$AAe?$AA?5?$AA?5?$AA?5?$AA?5?$AA?5?$AA?5?$AA?5@ 000000014001ced2     dbg_..-common-gpu_subsystem.o
 0002:00001f3e       ??_C@_1GA@OFJKKJHL@?$AA?7?$AA?7?$AA?$CF?$AAl?$AAl?$AAd?$AA?4?$AA?$CF?$AAl?$AAl?$AAd?$AA?4?$AAM?$AAa?$AAx?$AA?5?$AAI?$AAt?$AAe?$AAm?$AA?5?$AAS?$AAi?$AAz?$AAe?$AAs?$AA?$FL?$AA?$CF?$AAl?$AAl?$AAd?$AA?$FN@ 000000014001cf3e     dbg_..-common-gpu_subsystem.o
 0002:00001fb2       ??_C@_1FK@PBEPJBHG@?$AA?7?$AA?$CF?$AAl?$AAl?$AAd?$AA?4?$AA?$CF?$AAl?$AAl?$AAd?$AA?4?$AAM?$AAa?$AAx?$AA?5?$AAC?$AAl?$AAo?$AAc?$AAk?$AA?5?$AAF?$AAr?$AAe?$AAq?$AAu?$AAe?$AAn?$AAc?$AAy?$AA?5?$AA?5@ 000000014001cfb2     dbg_..-common-gpu_subsystem.o
 0002:0000201e       ??_C@_1FK@EGKKPFNE@?$AA?7?$AA?$CF?$AAl?$AAl?$AAd?$AA?4?$AA?$CF?$AAl?$AAl?$AAd?$AA?4?$AAM?$AAa?$AAx?$AA?5?$AAM?$AAe?$AAm?$AA?5?$AAA?$AAl?$AAl?$AAo?$AAc?$AA?5?$AAS?$AAi?$AAz?$AAe?$AA?5?$AA?5?$AA?5@ 000000014001d01e     dbg_..-common-gpu_subsystem.o
 0002:0000208a       ??_C@_1FK@NMMFNGJN@?$AA?7?$AA?$CF?$AAl?$AAl?$AAd?$AA?4?$AA?$CF?$AAl?$AAl?$AAd?$AA?4?$AAG?$AAl?$AAo?$AAb?$AAa?$AAl?$AA?5?$AAM?$AAe?$AAm?$AA?5?$AAC?$AAa?$AAc?$AAh?$AAe?$AAl?$AAi?$AAn?$AAe?$AA?5@ 000000014001d08a     dbg_..-common-gpu_subsystem.o
 0002:000020f6       ??_C@_1FK@NMHJFOBI@?$AA?7?$AA?$CF?$AAl?$AAl?$AAd?$AA?4?$AA?$CF?$AAl?$AAl?$AAd?$AA?4?$AAG?$AAl?$AAo?$AAb?$AAa?$AAl?$AA?5?$AAM?$AAe?$AAm?$AA?5?$AAC?$AAa?$AAc?$AAh?$AAe?$AA?5?$AAS?$AAi?$AAz?$AAe@ 000000014001d0f6     dbg_..-common-gpu_subsystem.o
 0002:00002162       ??_C@_1FK@KEPOBMOJ@?$AA?7?$AA?$CF?$AAl?$AAl?$AAd?$AA?4?$AA?$CF?$AAl?$AAl?$AAd?$AA?4?$AAG?$AAl?$AAo?$AAb?$AAa?$AAl?$AA?5?$AAM?$AAe?$AAm?$AA?5?$AAS?$AAi?$AAz?$AAe?$AA?5?$AA?5?$AA?5?$AA?5?$AA?5?$AA?5@ 000000014001d162     dbg_..-common-gpu_subsystem.o
 0002:000021ce       ??_C@_1FK@BEKCEBKI@?$AA?7?$AA?$CF?$AAl?$AAl?$AAd?$AA?4?$AA?$CF?$AAl?$AAl?$AAd?$AA?4?$AAL?$AAo?$AAc?$AAa?$AAl?$AA?5?$AAM?$AAe?$AAm?$AA?5?$AAS?$AAi?$AAz?$AAe?$AA?5?$AA?5?$AA?5?$AA?5?$AA?5?$AA?5?$AA?5@ 000000014001d1ce     dbg_..-common-gpu_subsystem.o
 0002:0000223a       ??_C@_1DG@HHDGLCMF@?$AAA?$AAt?$AA?5?$AAe?$AAn?$AAd?$AA?5?$AAh?$AAa?$AAv?$AAe?$AA?5?$AA?$CF?$AAl?$AAl?$AAd?$AA?5?$AAd?$AAe?$AAv?$AAi?$AAc?$AAe?$AAs?$AA?4?$AA?6?$AA?$AA@ 000000014001d23a     dbg_..-common-gpu_subsystem.o
 0002:0000227a       ??_C@_1FC@JJNHHFIJ@?$AAI?$AAn?$AAi?$AAt?$AA?5?$AAf?$AAo?$AAr?$AAm?$AA?5?$AAp?$AAl?$AAa?$AAt?$AAf?$AAo?$AAr?$AAm?$AA?5?$AA?$CF?$AAl?$AAl?$AAd?$AA?5?$AA?$FL?$AAa?$AAu?$AAt?$AAo?$AA?5?$AAs?$AAe@ 000000014001d27a     dbg_..-common-gpu_subsystem.o
 0002:000022dc       ??_C@_1EC@CFAEGHOO@?$AAE?$AAr?$AAr?$AAo?$AAr?$AA?5?$AAa?$AAt?$AA?5?$AAc?$AAl?$AAC?$AAr?$AAe?$AAa?$AAt?$AAe?$AAC?$AAo?$AAn?$AAt?$AAe?$AAx?$AAt?$AA?5?$AA?$FL?$AA?$CF?$AAl?$AAl?$AAd?$AA?$FN?$AA?6@ 000000014001d2dc     dbg_..-common-gpu_subsystem.o
 0002:0000232c       ??_C@_1GI@JODPKPLM@?$AAE?$AAr?$AAr?$AAo?$AAr?$AA?5?$AAa?$AAt?$AA?5?$AAc?$AAl?$AAC?$AAr?$AAe?$AAa?$AAt?$AAe?$AAC?$AAo?$AAm?$AAm?$AAa?$AAn?$AAd?$AAQ?$AAu?$AAe?$AAu?$AAe?$AAW?$AAi?$AAt@ 000000014001d32c     dbg_..-common-gpu_subsystem.o
 0002:000023a8       ??_C@_0FA@OKGFDHAO@?9cl?9single?9precision?9constant?5?9c@ 000000014001d3a8     dbg_..-common-gpu_subsystem.o
 0002:00002408       ??_C@_1DE@FJCPKFIJ@?$AAB?$AAu?$AAi?$AAl?$AAd?$AAP?$AAr?$AAo?$AAg?$AAr?$AAa?$AAm?$AA?5?$AAE?$AAr?$AAr?$AAo?$AAr?$AA?3?$AA?5?$AA?$CF?$AAl?$AAl?$AAd?$AA?6?$AA?$AA@ 000000014001d408     dbg_..-common-gpu_subsystem.o
 0002:00002446       ??_C@_19PDAGFAKM@?$AA?4?$AA?4?$AA?4?$AA?6?$AA?$AA@ 000000014001d446     dbg_..-common-gpu_subsystem.o
 0002:00002452       ??_C@_1CO@HIIDKPPP@?$AAB?$AAu?$AAi?$AAl?$AAd?$AAI?$AAn?$AAf?$AAo?$AA?5?$AAE?$AAr?$AAr?$AAo?$AAr?$AA?3?$AA?5?$AA?$CF?$AAl?$AAl?$AAd?$AA?6?$AA?$AA@ 000000014001d452     dbg_..-common-gpu_subsystem.o
 0002:0000248a       ??_C@_1DA@GJKLKGNM@?$AAB?$AAu?$AAi?$AAl?$AAd?$AAI?$AAn?$AAf?$AAo?$AA2?$AA?5?$AAE?$AAr?$AAr?$AAo?$AAr?$AA?3?$AA?5?$AA?$CF?$AAl?$AAl?$AAd?$AA?6?$AA?$AA@ 000000014001d48a     dbg_..-common-gpu_subsystem.o
 0002:000024c4       ??_C@_1DA@CBNNMJJB@?$AAE?$AAr?$AAr?$AAo?$AAr?$AA?5?$AAI?$AAn?$AAf?$AAo?$AA?3?$AA?5?$AAc?$AAo?$AAd?$AAe?$AA?$DN?$AA?$CF?$AAl?$AAl?$AAd?$AA?3?$AA?6?$AA?$AA@ 000000014001d4c4     dbg_..-common-gpu_subsystem.o
 0002:000024fe       ??_C@_1CA@CAEDKLHA@?$AA?$CF?$AA0?$AA2?$AAx?$AA?5?$AA?$CF?$AA0?$AA2?$AAx?$AA?5?$AA?$CF?$AA0?$AA2?$AAx?$AA?6?$AA?$AA@ 000000014001d4fe     dbg_..-common-gpu_subsystem.o
 0002:00002524       ??_C@_17MJEANDKP@?$AA?$CF?$AAs?$AA?6?$AA?$AA@ 000000014001d524     dbg_..-common-gpu_subsystem.o
 0002:0000252e       ??_C@_1CO@DCKAPNAK@?$AAw?$AAa?$AAi?$AAt?$AAi?$AAn?$AAg?$AA?5?$AAs?$AAt?$AAa?$AAr?$AAt?$AAu?$AAp?$AA?5?$AAp?$AAa?$AAg?$AAe?$AAs?$AA?6?$AA?$AA@ 000000014001d52e     dbg_..-common-hive_entry.o
 0002:00002566       ??_C@_1EI@OLFKDNEP@?$AAE?$AAr?$AAr?$AAo?$AAr?$AA?3?$AA?5?$AAa?$AAl?$AAl?$AAo?$AAc?$AAa?$AAt?$AAe?$AAd?$AA?5?$AAa?$AAr?$AAr?$AAa?$AAy?$AA?5?$AAi?$AAs?$AAn?$AA?8?$AAt?$AA?5?$AAl?$AAo?$AAc@ 000000014001d566     dbg_..-common-hive_entry.o
 0002:000025bc       ??_C@_1BM@MGOLOELI@?$AAr?$AAe?$AAs?$AAC?$AAo?$AAd?$AAe?$AAI?$AAd?$AA?$DN?$AA?$CF?$AAp?$AA?6?$AA?$AA@ 000000014001d5bc     dbg_..-common-hive_entry.o
 0002:000025dd       ??_C@_0CA@HOHIFIDM@priority?5?$DO?$DN?50?5?$CG?$CG?5priority?5?$DM?$DN?564?$AA@ 000000014001d5dd     dbg_..-common-queue.o
 0002:00002603       ??_C@_0BF@JFMHIIOD@scheduler_queue_push?$AA@ 000000014001d603     dbg_..-common-queue.o
 0002:0000261c       ??_C@_0CK@DIBJHMME@D?3?2mipt?2lang3?2runtimes?20?43?2commo@ 000000014001d61c     dbg_..-common-queue.o
 0002:0000264e       ??_C@_04PJOLNDGD@data?$AA@ 000000014001d64e     dbg_..-common-queue.o
 0002:00002654       ??_C@_1DO@NMNBJACC@?$AA?9?$AA?9?$AA?9?$AA?9?$AA?9?$AA?5?$AAt?$AAo?$AAt?$AAa?$AAl?$AA?5?$AA?$CF?$AAl?$AAl?$AAd?$AA?5?$AAc?$AAo?$AAn?$AAn?$AAe?$AAc?$AAt?$AAi?$AAo?$AAn?$AAs?$AA?3?$AA?6?$AA?$AA@ 000000014001d654     dbg_..-common-remote.o
 0002:0000269e       ??_C@_1EM@BPMELAJO@?$AA?9?$AAc?$AAo?$AAn?$AAn?$AAe?$AAc?$AAt?$AAi?$AAo?$AAn?$AA?5?$AA?$FL?$AA?$CF?$AAp?$AA?$FN?$AA?5?$AA?$CF?$AAl?$AAl?$AAd?$AA?3?$AA?5?$AAl?$AAo?$AAc?$AAa?$AAl?$AA_?$AAi?$AAd?$AA?$DN@ 000000014001d69e     dbg_..-common-remote.o
 0002:000026fa       ??_C@_1DC@HEOFFPLC@?$AAo?$AAu?$AAt?$AAg?$AAo?$AAi?$AAn?$AAg?$AA?3?$AA?5?$AAN?$AAo?$AA?5?$AAc?$AAo?$AAn?$AAn?$AAe?$AAc?$AAt?$AAi?$AAo?$AAn?$AA?6?$AA?$AA@ 000000014001d6fa     dbg_..-common-remote.o
 0002:00002736       ??_C@_1DG@HNEHLNLB@?$AAo?$AAu?$AAt?$AAg?$AAo?$AAi?$AAn?$AAg?$AA?3?$AA?5?$AAI?$AAP?$AA?$DN?$AA?$CF?$AAs?$AA?5?$AAP?$AAO?$AAR?$AAT?$AA?$DN?$AA?$CF?$AAl?$AAl?$AAd?$AA?6?$AA?$AA@ 000000014001d736     dbg_..-common-remote.o
 0002:00002776       ??_C@_1DI@OKINGPOA@?$AAo?$AAu?$AAt?$AAg?$AAo?$AAi?$AAn?$AAg?$AA?3?$AA?5?$AA?5?$AAI?$AAP?$AA?$DN?$AA?$CF?$AAs?$AA?5?$AAP?$AAO?$AAR?$AAT?$AA?$DN?$AA?$CF?$AAl?$AAl?$AAd?$AA?6?$AA?$AA@ 000000014001d776     dbg_..-common-remote.o
 0002:000027ba       ??_C@_1CM@KOFOMBCP@?$AAo?$AAu?$AAt?$AAg?$AAo?$AAi?$AAn?$AAg?$AA?3?$AA?5?$AA?5?$AAC?$AAo?$AAr?$AAr?$AAu?$AAp?$AAt?$AAe?$AAd?$AA?6?$AA?$AA@ 000000014001d7ba     dbg_..-common-remote.o
 0002:000027ee       ??_C@_1DC@OBBDDNNB@?$AAi?$AAn?$AAc?$AAo?$AAm?$AAi?$AAn?$AAg?$AA?3?$AA?5?$AAN?$AAo?$AA?5?$AAc?$AAo?$AAn?$AAn?$AAe?$AAc?$AAt?$AAi?$AAo?$AAn?$AA?6?$AA?$AA@ 000000014001d7ee     dbg_..-common-remote.o
 0002:0000282a       ??_C@_1DG@NNAENLOC@?$AAi?$AAn?$AAc?$AAo?$AAm?$AAi?$AAn?$AAg?$AA?3?$AA?5?$AAI?$AAP?$AA?$DN?$AA?$CF?$AAs?$AA?5?$AAP?$AAO?$AAR?$AAT?$AA?$DN?$AA?$CF?$AAl?$AAl?$AAd?$AA?6?$AA?$AA@ 000000014001d82a     dbg_..-common-remote.o
 0002:0000286a       ??_C@_1DI@NPMKAFFJ@?$AAi?$AAn?$AAc?$AAo?$AAm?$AAi?$AAn?$AAg?$AA?3?$AA?5?$AA?5?$AAI?$AAP?$AA?$DN?$AA?$CF?$AAs?$AA?5?$AAP?$AAO?$AAR?$AAT?$AA?$DN?$AA?$CF?$AAl?$AAl?$AAd?$AA?6?$AA?$AA@ 000000014001d86a     dbg_..-common-remote.o
 0002:000028ae       ??_C@_1GA@HHMMHPKA@?$AA?$CB?$AA?$CB?$AA?$CB?$AA?$CB?$AA?$CB?$AA?5?$AA?$DO?$AA?$DO?$AA?$DO?$AA?$DO?$AA?$DO?$AA?$DO?$AA?5?$AAP?$AAa?$AAg?$AAe?$AA?5?$AAa?$AAl?$AAl?$AAo?$AAc?$AAa?$AAt?$AAi?$AAo?$AAn?$AA?5?$AAi?$AAd?$AA?$DN@ 000000014001d8ae     dbg_..-common-remote.o
 0002:00002922       ??_C@_1DE@OFJFJIIH@?$AAS?$AAe?$AAr?$AAv?$AAe?$AAr?$AA?5?$AAi?$AAd?$AA?$DN?$AA?$CF?$AAl?$AAl?$AAd?$AA?5?$AAc?$AAo?$AAn?$AAf?$AAi?$AAr?$AAm?$AAe?$AAd?$AA?6?$AA?$AA@ 000000014001d922     dbg_..-common-remote.o
 0002:00002960       ??_C@_1CG@DJLPCGPG@?$AAC?$AAl?$AAi?$AAe?$AAn?$AAt?$AA?5?$AAc?$AAo?$AAn?$AAn?$AAe?$AAc?$AAt?$AAe?$AAd?$AA?$CB?$AA?6?$AA?$AA@ 000000014001d960     dbg_..-common-remote.o
 0002:0000298e       ??_C@_1GO@KIHGLMJK@?$AAS?$AAe?$AAn?$AAd?$AA?5?$AAc?$AAo?$AAn?$AAf?$AAi?$AAr?$AAm?$AAa?$AAt?$AAi?$AAo?$AAn?$AA?5?$AAo?$AAf?$AA?5?$AAp?$AAa?$AAg?$AAe?$AA?5?$AAa?$AAl?$AAl?$AAo?$AAc?$AAa@ 000000014001d98e     dbg_..-common-remote.o
 0002:00002a12       ??_C@_1FC@NJOMCOBI@?$AAR?$AAe?$AAd?$AAi?$AAr?$AAe?$AAc?$AAt?$AAi?$AAn?$AAg?$AA?5?$AAp?$AAa?$AAg?$AAe?$AA?5?$AAq?$AAu?$AAe?$AAr?$AAy?$AA?5?$AAt?$AAo?$AA?5?$AAl?$AAo?$AAc?$AAa?$AAl?$AA_@ 000000014001da12     dbg_..-common-remote.o
 0002:00002a74       ??_C@_1EO@MLLDILKB@?$AAR?$AAe?$AAd?$AAi?$AAr?$AAe?$AAc?$AAt?$AAi?$AAn?$AAg?$AA?5?$AAi?$AAd?$AA?5?$AAq?$AAu?$AAe?$AAr?$AAy?$AA?5?$AAt?$AAo?$AA?5?$AAl?$AAo?$AAc?$AAa?$AAl?$AA_?$AAi?$AAd@ 000000014001da74     dbg_..-common-remote.o
 0002:00002ad2       ??_C@_1DM@IBOIDFJO@?$AAs?$AAo?$AAc?$AAk?$AAe?$AAt?$AA?$CI?$AA?$CJ?$AA?5?$AAf?$AAa?$AAi?$AAl?$AAe?$AAd?$AA?5?$AA?$FL?$AAe?$AAr?$AAr?$AAo?$AAr?$AA?$DN?$AA?$CF?$AAl?$AAl?$AAd?$AA?$FN?$AA?6?$AA?$AA@ 000000014001dad2     dbg_..-common-remote.o
 0002:00002b1a       ??_C@_1CM@FLPDOBBA@?$AAR?$AAe?$AAq?$AAu?$AAe?$AAs?$AAt?$AAi?$AAn?$AAg?$AA?5?$AAp?$AAo?$AAr?$AAt?$AA?5?$AA?$CF?$AAl?$AAl?$AAd?$AA?6?$AA?$AA@ 000000014001db1a     dbg_..-common-remote.o
 0002:00002b4e       ??_C@_1DK@IOCIPHFJ@?$AAc?$AAo?$AAn?$AAn?$AAe?$AAc?$AAt?$AA?5?$AAf?$AAa?$AAi?$AAl?$AAe?$AAd?$AA?5?$AA?$FL?$AAe?$AAr?$AAr?$AAo?$AAr?$AA?$DN?$AA?$CF?$AAl?$AAl?$AAd?$AA?$FN?$AA?6?$AA?$AA@ 000000014001db4e     dbg_..-common-remote.o
 0002:00002b94       ??_C@_1DO@IMGJNCBG@?$AAC?$AAo?$AAn?$AAn?$AAe?$AAc?$AAt?$AAi?$AAo?$AAn?$AA?5?$AAi?$AAs?$AA?5?$AAs?$AAu?$AAc?$AAc?$AAe?$AAs?$AAs?$AAf?$AAu?$AAl?$AA?$CB?$AA?5?$AA?$FL?$AA1?$AA?$FN?$AA?6?$AA?$AA@ 000000014001db94     dbg_..-common-remote.o
 0002:00002c7a       ??_C@_1GE@BBHPHIKC@?$AAE?$AAr?$AAr?$AAo?$AAr?$AA?5?$AA?9?$AA?5?$AAs?$AAe?$AAr?$AAv?$AAe?$AAr?$AA_?$AAp?$AAo?$AAr?$AAt?$AA?5?$AA?$DN?$AA?$DN?$AA?5?$AA?9?$AA1?$AA?5?$AA?$FL?$AAs?$AAe?$AAr?$AAv?$AAe@ 000000014001dc7a     dbg_..-common-remote.o
 0002:00002cf2       ??_C@_1EM@HCGPBNNP@?$AAS?$AAt?$AAa?$AAr?$AAt?$AAi?$AAn?$AAg?$AA?5?$AAn?$AAe?$AAw?$AA?5?$AAc?$AAo?$AAn?$AAn?$AAe?$AAc?$AAt?$AAi?$AAo?$AAn?$AA?5?$AAt?$AAo?$AA?5?$AA?$FL?$AA?$CF?$AAs?$AA?$FN?$AA?5@ 000000014001dcf2     dbg_..-common-remote.o
 0002:00002d4e       ??_C@_1FE@JKPBPNOM@?$AAE?$AAr?$AAr?$AAo?$AAr?$AA?5?$AAr?$AAe?$AAs?$AAo?$AAl?$AAv?$AAi?$AAn?$AAg?$AA?5?$AAh?$AAo?$AAs?$AAt?$AA?4?$AA?5?$AA?$FL?$AAs?$AAt?$AAa?$AAt?$AAu?$AAs?$AA?$DN?$AA?$CF?$AAl@ 000000014001dd4e     dbg_..-common-remote.o
 0002:00002db2       ??_C@_1DO@COGNFPF@?$AAC?$AAo?$AAn?$AAn?$AAe?$AAc?$AAt?$AAi?$AAo?$AAn?$AA?5?$AAi?$AAs?$AA?5?$AAs?$AAu?$AAc?$AAc?$AAe?$AAs?$AAs?$AAf?$AAu?$AAl?$AA?$CB?$AA?5?$AA?$FL?$AA2?$AA?$FN?$AA?6?$AA?$AA@ 000000014001ddb2     dbg_..-common-remote.o
 0002:00002dfc       ??_C@_1FK@FPKJOMKP@?$AAE?$AAr?$AAr?$AAo?$AAr?$AA?3?$AA?5?$AAC?$AAo?$AAu?$AAl?$AAd?$AA?5?$AAn?$AAo?$AAt?$AA?5?$AAc?$AAo?$AAn?$AAn?$AAe?$AAc?$AAt?$AA?5?$AAt?$AAo?$AA?5?$AA?$CF?$AAs?$AA?5?$AA?$FL@ 000000014001ddfc     dbg_..-common-remote.o
 0002:00002e68       ??_C@_1EA@JBNEEBDD@?$AAT?$AAr?$AAy?$AAi?$AAn?$AAg?$AA?5?$AAt?$AAo?$AA?5?$AAg?$AAe?$AAt?$AA?5?$AAm?$AAe?$AAm?$AAo?$AAr?$AAy?$AA?5?$AAp?$AAa?$AAg?$AAe?$AA?5?$AA?$CF?$AAl?$AAl?$AAd?$AA?6?$AA?$AA@ 000000014001de68     dbg_..-common-remote.o
 0002:00002eb4       ??_C@_1EI@BHCKMCLF@?$AAC?$AAr?$AAe?$AAa?$AAt?$AAe?$AAd?$AA?5?$AAb?$AAr?$AAo?$AAa?$AAd?$AAc?$AAa?$AAs?$AAt?$AA?5?$AAw?$AAi?$AAt?$AAh?$AA?5?$AAp?$AAr?$AAe?$AAf?$AAi?$AAx?$AA?$DN?$AA?$CF?$AAl@ 000000014001deb4     dbg_..-common-remote.o
 0002:00002f0a       ??_C@_1DM@MBBJEJBJ@?$AAT?$AAr?$AAy?$AAi?$AAn?$AAg?$AA?5?$AAt?$AAo?$AA?5?$AAg?$AAe?$AAt?$AA?5?$AAs?$AAe?$AAr?$AAv?$AAe?$AAr?$AA?5?$AAi?$AAd?$AA?5?$AA?$CF?$AAl?$AAl?$AAd?$AA?6?$AA?$AA@ 000000014001df0a     dbg_..-common-remote.o
 0002:00002f52       ??_C@_1GK@DMGCKEJF@?$AAA?$AAn?$AAs?$AAw?$AAe?$AAr?$AA?5?$AAP?$AAu?$AAs?$AAh?$AA?5?$AAO?$AAb?$AAj?$AAe?$AAc?$AAt?$AA?5?$AAt?$AAo?$AA?5?$AAl?$AAo?$AAc?$AAa?$AAl?$AAi?$AAd?$AA?$DN?$AA?$CF?$AAl@ 000000014001df52     dbg_..-common-remote.o
 0002:00002fd2       ??_C@_1GM@MICHOCHB@?$AAA?$AAn?$AAs?$AAw?$AAe?$AAr?$AA?5?$AAQ?$AAu?$AAe?$AAr?$AAy?$AA?5?$AAO?$AAb?$AAj?$AAe?$AAc?$AAt?$AA?5?$AAt?$AAo?$AA?5?$AAl?$AAo?$AAc?$AAa?$AAl?$AAi?$AAd?$AA?$DN?$AA?$CF@ 000000014001dfd2     dbg_..-common-remote.o
 0002:00003054       ??_C@_1FK@FHPCFNAH@?$AAs?$AAe?$AAn?$AAd?$AA?5?$AAb?$AAr?$AAo?$AAa?$AAd?$AAc?$AAa?$AAs?$AAt?$AA?5?$AAa?$AAn?$AAs?$AAw?$AAe?$AAr?$AA?5?$AAp?$AAa?$AAt?$AAh?$AA?5?$AAt?$AAo?$AA?5?$AAl?$AAo@ 000000014001e054     dbg_..-common-remote.o
 0002:000030c0       ??_C@_1FM@FIIIPBAA@?$AAs?$AAe?$AAn?$AAd?$AA?5?$AAb?$AAr?$AAo?$AAa?$AAd?$AAc?$AAa?$AAs?$AAt?$AA?5?$AAp?$AAa?$AAt?$AAh?$AA?5?$AAr?$AAe?$AAq?$AAu?$AAe?$AAs?$AAt?$AA?5?$AAt?$AAo?$AA?5?$AAl@ 000000014001e0c0     dbg_..-common-remote.o
 0002:0000312e       ??_C@_1GA@MDBOGCGI@?$AAs?$AAe?$AAn?$AAd?$AA?5?$AAb?$AAr?$AAo?$AAa?$AAd?$AAc?$AAa?$AAs?$AAt?$AA?5?$AAa?$AAn?$AAs?$AAw?$AAe?$AAr?$AA?5?$AAi?$AAd?$AA?5?$AAp?$AAa?$AAt?$AAh?$AA?5?$AAt?$AAo@ 000000014001e12e     dbg_..-common-remote.o
 0002:000031a2       ??_C@_1EO@CDOEBIIP@?$AAS?$AAe?$AAn?$AAd?$AAi?$AAn?$AAg?$AA?5?$AAb?$AAr?$AAo?$AAa?$AAd?$AAc?$AAa?$AAs?$AAt?$AA?5?$AAt?$AAo?$AA?5?$AAf?$AAi?$AAn?$AAd?$AA?5?$AAo?$AAb?$AAj?$AAe?$AAc?$AAt@ 000000014001e1a2     dbg_..-common-remote.o
 0002:00003200       ??_C@_1DC@EHBNKHBD@?$AAr?$AAe?$AAq?$AAu?$AAe?$AAs?$AAt?$AA?5?$AAs?$AAe?$AAt?$AA?5?$AAo?$AAb?$AAj?$AAe?$AAc?$AAt?$AA?$DN?$AA?$CF?$AAl?$AAl?$AAd?$AA?6?$AA?$AA@ 000000014001e200     dbg_..-common-remote.o
 0002:0000323c       ??_C@_1CO@OBFELGCG@?$AAl?$AAo?$AAc?$AAa?$AAl?$AA?5?$AAo?$AAb?$AAj?$AAe?$AAc?$AAt?$AA?5?$AA?9?$AA?5?$AAa?$AAn?$AAs?$AAw?$AAe?$AAr?$AA?6?$AA?$AA@ 000000014001e23c     dbg_..-common-remote.o
 0002:00003274       ??_C@_1CC@BJNHGOIA@?$AAd?$AAo?$AAn?$AA?8?$AAt?$AA?5?$AAk?$AAn?$AAo?$AAw?$AA?5?$AAp?$AAa?$AAt?$AAh?$AA?6?$AA?$AA@ 000000014001e274     dbg_..-common-remote.o
 0002:0000329c       ??_C@_1DA@NHJHHADA@?$AAr?$AAe?$AAq?$AAu?$AAe?$AAs?$AAt?$AA?5?$AAs?$AAe?$AAn?$AAt?$AA?5?$AA?$FL?$AAt?$AAo?$AA?5?$AA?$CF?$AAl?$AAl?$AAd?$AA?$FN?$AA?6?$AA?$AA@ 000000014001e29c     dbg_..-common-remote.o
 0002:000032d6       ??_C@_1IK@DBMEHLHD@?$AAS?$AAt?$AAa?$AAr?$AAt?$AAi?$AAn?$AAg?$AA?5?$AAn?$AAe?$AAw?$AA?5?$AAR?$AAE?$AAM?$AAO?$AAT?$AAE?$AA?5?$AAw?$AAo?$AAr?$AAk?$AAe?$AAr?$AA?5?$AA?$CF?$AAl?$AAl?$AAd?$AA?5@ 000000014001e2d6     dbg_..-common-remote.o
 0002:0000337c       ??_C@_1EK@DLJDAMIC@?$AAs?$AAe?$AAn?$AAd?$AAi?$AAn?$AAg?$AA?5?$AAh?$AAi?$AAv?$AAe?$AA?5?$AAs?$AAt?$AAa?$AAt?$AAe?$AA?5?$AA?$FL?$AA?$CF?$AAl?$AAl?$AAd?$AA?5?$AA?$CF?$AAl?$AAl?$AAd?$AA?5?$AA?$CF?$AAl@ 000000014001e37c     dbg_..-common-remote.o
 0002:000033d4       ??_C@_1DG@PIHIFHIB@?$AAi?$AAn?$AAt?$AAi?$AAi?$AAa?$AAl?$AAi?$AAz?$AAa?$AAt?$AAi?$AAn?$AAg?$AA?5?$AAn?$AAe?$AAt?$AAw?$AAo?$AAr?$AAk?$AA?4?$AA?4?$AA?4?$AA?6?$AA?$AA@ 000000014001e3d4     dbg_..-common-remote.o
 0002:00003414       ??_C@_1LE@PPGJDLMH@?$AA?$FL?$AAp?$AA?5?$AA?$DM?$AAp?$AAo?$AAr?$AAt?$AA?$DO?$AA?$FN?$AA?5?$AAt?$AAo?$AA?5?$AAs?$AAe?$AAl?$AAe?$AAc?$AAt?$AA?5?$AAp?$AAo?$AAr?$AAt?$AA?5?$AA?$FL?$AAc?$AA?5?$AA?$DM?$AAi?$AAp@ 000000014001e414     dbg_..-common-remote.o
 0002:000034ec       ??_C@_1BO@BCIJKPCC@?$AAE?$AAn?$AAt?$AAe?$AAr?$AA?5?$AAc?$AAo?$AAm?$AAm?$AAa?$AAn?$AAd?$AA?$DO?$AA?$AA@ 000000014001e4ec     dbg_..-common-remote.o
 0002:00003510       ??_C@_1CK@IMAGNILG@?$AAC?$AAo?$AAn?$AAf?$AAi?$AAr?$AAm?$AAe?$AAd?$AA?5?$AAp?$AAo?$AAr?$AAt?$AA?$DN?$AA?$CF?$AAl?$AAl?$AAd?$AA?6?$AA?$AA@ 000000014001e510     dbg_..-common-remote.o
 0002:00003542       ??_C@_1CE@BDEHPDNE@?$AAG?$AAe?$AAt?$AA?5?$AAc?$AAo?$AAm?$AAm?$AAa?$AAn?$AAd?$AA?5?$AA?$FL?$AA?$CF?$AAs?$AA?$FN?$AA?6?$AA?$AA@ 000000014001e542     dbg_..-common-remote.o
 0002:0000356e       ??_C@_1DG@NNMMEGKD@?$AAS?$AAe?$AAl?$AAe?$AAc?$AAt?$AAe?$AAd?$AA?5?$AAc?$AAo?$AAn?$AAn?$AAe?$AAc?$AAt?$AA?5?$AAc?$AAo?$AAm?$AAm?$AAa?$AAn?$AAd?$AA?4?$AA?6?$AA?$AA@ 000000014001e56e     dbg_..-common-remote.o
 0002:000035ae       ??_C@_1CI@KPENLAE@?$AAE?$AAn?$AAt?$AAe?$AAr?$AA?5?$AAI?$AAP?$AA?5?$AAa?$AAn?$AAd?$AA?5?$AAP?$AAO?$AAR?$AAT?$AA?4?$AA?6?$AA?$AA@ 000000014001e5ae     dbg_..-common-remote.o
 0002:000035de       ??_C@_1EG@CAHECGOL@?$AAT?$AAr?$AAy?$AAi?$AAn?$AAg?$AA?5?$AAt?$AAo?$AA?5?$AAc?$AAo?$AAn?$AAn?$AAe?$AAc?$AAt?$AA?5?$AAt?$AAo?$AA?5?$AA?$FL?$AA?$CF?$AAs?$AA?$FN?$AA?5?$AA?$FL?$AA?$CF?$AAs?$AA?$FN?$AA?4?$AA?4@ 000000014001e5de     dbg_..-common-remote.o
 0002:00003632       ??_C@_1DG@GLOHHOJG@?$AAT?$AAe?$AAm?$AAp?$AAo?$AAr?$AAa?$AAr?$AAy?$AA?5?$AAl?$AAo?$AAc?$AAa?$AAl?$AA_?$AAi?$AAd?$AA?5?$AA?$DN?$AA?5?$AA?$CF?$AAl?$AAl?$AAd?$AA?6?$AA?$AA@ 000000014001e632     dbg_..-common-remote.o
 0002:00003672       ??_C@_1DC@MOJEJJIM@?$AAC?$AAo?$AAn?$AAf?$AAi?$AAg?$AAu?$AAr?$AAa?$AAt?$AAi?$AAo?$AAn?$AA?5?$AAc?$AAo?$AAn?$AAf?$AAi?$AAr?$AAm?$AAe?$AAd?$AA?6?$AA?$AA@ 000000014001e672     dbg_..-common-remote.o
 0002:000036ae       ??_C@_1BA@IEOPIPPP@?$AAg?$AAe?$AAt?$AA?5?$AAi?$AAd?$AA?6?$AA?$AA@ 000000014001e6ae     dbg_..-common-remote.o
 0002:000036c2       ??_C@_1BE@JGIALBEO@?$AAs?$AAl?$AAe?$AAe?$AAp?$AAi?$AAn?$AAg?$AA?6?$AA?$AA@ 000000014001e6c2     dbg_..-common-remote.o
 0002:000036da       ??_C@_1CC@DLADIFA@?$AAr?$AAu?$AAn?$AAn?$AAi?$AAn?$AAg?$AA?5?$AAt?$AAh?$AAr?$AAe?$AAa?$AAd?$AAs?$AA?6?$AA?$AA@ 000000014001e6da     dbg_..-common-remote.o
 0002:00003702       ??_C@_1CO@OPIMELJM@?$AAn?$AAe?$AAt?$AAw?$AAo?$AAr?$AAk?$AA?5?$AAi?$AAn?$AAi?$AAt?$AAi?$AAa?$AAl?$AAi?$AAz?$AAa?$AAt?$AAe?$AAd?$AA?6?$AA?$AA@ 000000014001e702     dbg_..-common-remote.o
 0002:0000373a       ??_C@_1DM@PKIKMHMJ@?$AA?$FL?$AAN?$AAE?$AAT?$AAW?$AAO?$AAR?$AAK?$AA?$FN?$AA?3?$AA?5?$AAP?$AAe?$AAe?$AAr?$AA?5?$AAd?$AAi?$AAs?$AAc?$AAo?$AAn?$AAn?$AAe?$AAc?$AAt?$AAe?$AAd?$AA?6?$AA?$AA@ 000000014001e73a     dbg_..-common-remote.o
 0002:00003782       ??_C@_1DG@IHKBKGHO@?$AAG?$AAe?$AAt?$AA?5?$AAm?$AAe?$AAs?$AAs?$AAa?$AAg?$AAe?$AA?5?$AAo?$AAf?$AA?5?$AA?$CF?$AAl?$AAl?$AAd?$AA?5?$AAb?$AAy?$AAt?$AAe?$AAs?$AA?6?$AA?$AA@ 000000014001e782     dbg_..-common-remote.o
 0002:000037c2       ??_C@_1EE@FBAKCJKM@?$AAp?$AAr?$AAo?$AAc?$AAe?$AAs?$AAs?$AA?5?$AAh?$AAe?$AAa?$AAd?$AAe?$AAr?$AA?$FL?$AAo?$AAk?$AA?$FN?$AA?5?$AA?$FL?$AAh?$AAe?$AAa?$AAd?$AAe?$AAr?$AA?$DN?$AA?$CF?$AAl?$AAl?$AAd?$AA?$FN@ 000000014001e7c2     dbg_..-common-remote.o
 0002:00003814       ??_C@_1EE@CIFDCIBF@?$AAp?$AAr?$AAo?$AAc?$AAe?$AAs?$AAs?$AA?5?$AAl?$AAe?$AAn?$AAg?$AAt?$AAh?$AA?$FL?$AAo?$AAk?$AA?$FN?$AA?5?$AA?$FL?$AAl?$AAe?$AAn?$AAg?$AAt?$AAh?$AA?$DN?$AA?$CF?$AAl?$AAl?$AAd?$AA?$FN@ 000000014001e814     dbg_..-common-remote.o
 0002:00003866       ??_C@_1CM@JBMABCGC@?$AAp?$AAr?$AAo?$AAc?$AAe?$AAs?$AAs?$AA?5?$AAl?$AAe?$AAn?$AAg?$AAt?$AAh?$AA?$FL?$AAp?$AAa?$AAr?$AAt?$AA?$FN?$AA?6?$AA?$AA@ 000000014001e866     dbg_..-common-remote.o
 0002:0000389a       ??_C@_1CE@BMKCCAOL@?$AAp?$AAr?$AAo?$AAc?$AAe?$AAs?$AAs?$AA?5?$AAb?$AAo?$AAd?$AAy?$AA?$FL?$AAo?$AAk?$AA?$FN?$AA?6?$AA?$AA@ 000000014001e89a     dbg_..-common-remote.o
 0002:000038c6       ??_C@_1FE@JBHEOMDM@?$AAc?$AAo?$AAn?$AAn?$AAe?$AAc?$AAt?$AAi?$AAo?$AAn?$AA?5?$AAw?$AAa?$AAs?$AA?5?$AAc?$AAl?$AAo?$AAs?$AAe?$AAd?$AA?4?$AA?5?$AA?$FL?$AAl?$AAo?$AAc?$AAa?$AAl?$AA_?$AAi?$AAd@ 000000014001e8c6     dbg_..-common-remote.o
 0002:0000392a       ??_C@_1CI@LDDDECLE@?$AAp?$AAr?$AAo?$AAc?$AAe?$AAs?$AAs?$AA?5?$AAb?$AAo?$AAd?$AAy?$AA?$FL?$AAp?$AAa?$AAr?$AAt?$AA?$FN?$AA?6?$AA?$AA@ 000000014001e92a     dbg_..-common-remote.o
 0002:0000395a       ??_C@_1FI@DLIHECMG@?$AAG?$AAe?$AAt?$AA?5?$AAa?$AAp?$AAi?$AA?5?$AAc?$AAa?$AAl?$AAl?$AA?5?$AA?$CF?$AAl?$AAl?$AAd?$AA?5?$AAo?$AAf?$AA?5?$AAl?$AAe?$AAn?$AAg?$AAt?$AAh?$AA?3?$AA?5?$AA?$CF?$AAl?$AAl@ 000000014001e95a     dbg_..-common-remote.o
 0002:000039c4       ??_C@_1EC@IGPNEALA@?$AAA?$AAP?$AAI?$AA_?$AAR?$AAE?$AAQ?$AAU?$AAE?$AAS?$AAT?$AA_?$AAC?$AAO?$AAN?$AAN?$AAE?$AAC?$AAT?$AAI?$AAO?$AAN?$AA?5?$AAa?$AAn?$AAs?$AAw?$AAe?$AAr?$AAe?$AAd?$AA?6@ 000000014001e9c4     dbg_..-common-remote.o
 0002:00003a14       ??_C@_1HI@PFGJBABN@?$AAA?$AAP?$AAI?$AA_?$AAA?$AAN?$AAS?$AAW?$AAE?$AAR?$AA_?$AAR?$AAE?$AAQ?$AAU?$AAE?$AAS?$AAT?$AA_?$AAC?$AAO?$AAN?$AAN?$AAE?$AAC?$AAT?$AAI?$AAO?$AAN?$AA?5?$AAu?$AAp@ 000000014001ea14     dbg_..-common-remote.o
 0002:00003aa4       ??_C@_1EM@NFKPCEGC@?$AAU?$AAp?$AAd?$AAa?$AAt?$AAe?$AAd?$AA?5?$AAu?$AAs?$AAi?$AAn?$AAg?$AA?5?$AA?$FL?$AAc?$AAo?$AAn?$AA?$DN?$AA?$CF?$AAp?$AA?$FN?$AA?5?$AA?$FL?$AAa?$AAn?$AAd?$AA?5?$AAf?$AAr?$AAe?$AAe@ 000000014001eaa4     dbg_..-common-remote.o
 0002:00003b00       ??_C@_1LA@ICLCBFDH@?$AAE?$AAr?$AAr?$AAo?$AAr?$AA?3?$AA?5?$AAA?$AAP?$AAI?$AA_?$AAA?$AAN?$AAS?$AAW?$AAE?$AAR?$AA_?$AAR?$AAE?$AAQ?$AAU?$AAE?$AAS?$AAT?$AA_?$AAC?$AAO?$AAN?$AAN?$AAE?$AAC@ 000000014001eb00     dbg_..-common-remote.o
 0002:00003bd4       ??_C@_1FA@NLLPLBEB@?$AAA?$AAP?$AAI?$AA_?$AAR?$AAE?$AAQ?$AAU?$AAE?$AAS?$AAT?$AA_?$AAI?$AAD?$AA?5?$AAp?$AAa?$AAg?$AAe?$AA?$DN?$AA?$CF?$AAl?$AAl?$AAd?$AA?5?$AA?$FL?$AAp?$AAr?$AAe?$AAf?$AAi?$AAx@ 000000014001ebd4     dbg_..-common-remote.o
 0002:00003c34       ??_C@_1BG@IOHEMCP@?$AAR?$AAe?$AAf?$AAu?$AAs?$AAe?$AA?5?$AAi?$AAd?$AA?6?$AA?$AA@ 000000014001ec34     dbg_..-common-remote.o
 0002:00003c4e       ??_C@_1EI@DCLENIAC@?$AAC?$AAo?$AAn?$AAf?$AAi?$AAr?$AAm?$AAe?$AAd?$AA?5?$AAb?$AAe?$AAc?$AAo?$AAu?$AAs?$AAe?$AA?5?$AAl?$AAo?$AAc?$AAa?$AAl?$AA_?$AAi?$AAd?$AA?5?$AAd?$AAi?$AAf?$AAf?$AAe@ 000000014001ec4e     dbg_..-common-remote.o
 0002:00003ca4       ??_C@_1EI@GBBOHBKF@?$AAG?$AAe?$AAt?$AA?5?$AAb?$AAr?$AAo?$AAa?$AAd?$AAc?$AAa?$AAs?$AAt?$AA?5?$AAa?$AAn?$AAs?$AAw?$AAe?$AAr?$AA?5?$AA?$FL?$AAp?$AAr?$AAe?$AAf?$AAi?$AAx?$AA?$DN?$AA?$CF?$AAl?$AAl@ 000000014001eca4     dbg_..-common-remote.o
 0002:00003cfa       ??_C@_1CK@JAOCGICP@?$AAB?$AAr?$AAo?$AAa?$AAd?$AAc?$AAa?$AAs?$AAt?$AA?5?$AAc?$AAo?$AAn?$AAf?$AAi?$AAr?$AAm?$AAe?$AAd?$AA?6?$AA?$AA@ 000000014001ecfa     dbg_..-common-remote.o
 0002:00003d2c       ??_C@_1FM@HIELKEO@?$AAA?$AAP?$AAI?$AA_?$AAR?$AAE?$AAQ?$AAU?$AAE?$AAS?$AAT?$AA_?$AAM?$AAE?$AAM?$AA_?$AAP?$AAA?$AAG?$AAE?$AA?5?$AAp?$AAa?$AAg?$AAe?$AA?$DN?$AA?$CF?$AAl?$AAl?$AAd?$AA?5?$AA?$FL@ 000000014001ed2c     dbg_..-common-remote.o
 0002:00003d9a       ??_C@_1CG@KIALDCLE@?$AAR?$AAe?$AAf?$AAu?$AAs?$AAe?$AA?5?$AAa?$AAl?$AAl?$AAo?$AAc?$AAa?$AAt?$AAi?$AAo?$AAn?$AA?6?$AA?$AA@ 000000014001ed9a     dbg_..-common-remote.o
 0002:00003dc8       ??_C@_1CM@IABHOCCE@?$AAg?$AAe?$AAt?$AA?5?$AAp?$AAu?$AAs?$AAh?$AA?5?$AAo?$AAb?$AAj?$AAe?$AAc?$AAt?$AA?5?$AA?$CF?$AAl?$AAl?$AAd?$AA?6?$AA?$AA@ 000000014001edc8     dbg_..-common-remote.o
 0002:00003dfc       ??_C@_1BM@CKHNEJCK@?$AAl?$AAo?$AAc?$AAa?$AAl?$AA?9?$AAp?$AAu?$AAs?$AAh?$AAe?$AAd?$AA?6?$AA?$AA@ 000000014001edfc     dbg_..-common-remote.o
 0002:00003e1e       ??_C@_1CG@LACBKCJC@?$AAr?$AAe?$AAm?$AAo?$AAt?$AAe?$AA?9?$AAr?$AAe?$AAd?$AAi?$AAr?$AAe?$AAc?$AAt?$AAe?$AAd?$AA?6?$AA?$AA@ 000000014001ee1e     dbg_..-common-remote.o
 0002:00003e4c       ??_C@_1GM@LPBCPABN@?$AAU?$AAP?$AAD?$AAA?$AAT?$AAE?$AA?5?$AAP?$AAA?$AAT?$AAH?$AA?5?$AA1?$AA?5?$AAT?$AAO?$AA?5?$AA?$CF?$AAl?$AAl?$AAd?$AA?5?$AA?$FL?$AAd?$AAi?$AAs?$AAt?$AAa?$AAn?$AAc?$AAe?$AA?$DN@ 000000014001ee4c     dbg_..-common-remote.o
 0002:00003ece       ??_C@_1GM@FBBGBBEM@?$AAU?$AAP?$AAD?$AAA?$AAT?$AAE?$AA?5?$AAP?$AAA?$AAT?$AAH?$AA?5?$AA2?$AA?5?$AAT?$AAO?$AA?5?$AA?$CF?$AAl?$AAl?$AAd?$AA?5?$AA?$FL?$AAd?$AAi?$AAs?$AAt?$AAa?$AAn?$AAc?$AAe?$AA?$DN@ 000000014001eece     dbg_..-common-remote.o
 0002:00003f50       ??_C@_1HC@GFDBDKMJ@?$AAU?$AAP?$AAD?$AAA?$AAT?$AAE?$AA?5?$AAI?$AAD?$AA?5?$AAP?$AAA?$AAT?$AAH?$AA?5?$AA1?$AA?5?$AAT?$AAO?$AA?5?$AA?$CF?$AAl?$AAl?$AAd?$AA?5?$AA?$FL?$AAd?$AAi?$AAs?$AAt?$AAa?$AAn@ 000000014001ef50     dbg_..-common-remote.o
 0002:00003fd8       ??_C@_1HC@ILDFNLJI@?$AAU?$AAP?$AAD?$AAA?$AAT?$AAE?$AA?5?$AAI?$AAD?$AA?5?$AAP?$AAA?$AAT?$AAH?$AA?5?$AA2?$AA?5?$AAT?$AAO?$AA?5?$AA?$CF?$AAl?$AAl?$AAd?$AA?5?$AA?$FL?$AAd?$AAi?$AAs?$AAt?$AAa?$AAn@ 000000014001efd8     dbg_..-common-remote.o
 0002:00004060       ??_C@_1HC@IPIJLOJO@?$AAG?$AAe?$AAt?$AA?5?$AAr?$AAe?$AAm?$AAo?$AAt?$AAe?$AA?5?$AAs?$AAt?$AAa?$AAr?$AAt?$AA?5?$AAw?$AAo?$AAr?$AAk?$AAe?$AAr?$AA?5?$AA?$CF?$AAl?$AAl?$AAd?$AA?5?$AAf?$AAr?$AAo@ 000000014001f060     dbg_..-common-remote.o
 0002:000040e8       ??_C@_1FC@CBJJGKKM@?$AAG?$AAE?$AAT?$AA?5?$AAH?$AAI?$AAV?$AAE?$AA?5?$AAS?$AAT?$AAA?$AAT?$AAE?$AA?3?$AA?5?$AA?$CF?$AAl?$AAl?$AAd?$AA?5?$AA?$CF?$AAl?$AAl?$AAd?$AA?5?$AA?$CF?$AAl?$AAl?$AAd?$AA?5?$AA?$FL@ 000000014001f0e8     dbg_..-common-remote.o
 0002:0000414a       ??_C@_1CG@PIAFPEME@?$AAS?$AAe?$AAr?$AAv?$AAe?$AAr?$AA?5?$AAs?$AAt?$AAa?$AAr?$AAt?$AAe?$AAd?$AA?4?$AA?4?$AA?4?$AA?6?$AA?$AA@ 000000014001f14a     dbg_..-common-remote.o
 0002:00004178       ??_C@_1BI@HLOPLBKF@?$AAb?$AAi?$AAn?$AAd?$AAi?$AAn?$AAg?$AA?4?$AA?4?$AA?4?$AA?6?$AA?$AA@ 000000014001f178     dbg_..-common-remote.o
 0002:00004194       ??_C@_1CA@GONFBJEC@?$AAS?$AAo?$AAc?$AAk?$AAe?$AAt?$AA?5?$AAc?$AAr?$AAe?$AAa?$AAt?$AAe?$AAd?$AA?6?$AA?$AA@ 000000014001f194     dbg_..-common-remote.o
 0002:000041ba       ??_C@_1DK@EHAPFJND@?$AAs?$AAe?$AAr?$AAv?$AAe?$AAr?$AA?5?$AAs?$AAt?$AAa?$AAr?$AAt?$AAe?$AAd?$AA?5?$AAo?$AAn?$AA?5?$AAp?$AAo?$AAr?$AAt?$AA?5?$AA?$CF?$AAl?$AAl?$AAd?$AA?6?$AA?$AA@ 000000014001f1ba     dbg_..-common-remote.o
 0002:00004200       ??_C@_1CM@OOKLEHNG@?$AAg?$AAe?$AAt?$AA?5?$AAn?$AAa?$AAm?$AAe?$AA?5?$AAf?$AAa?$AAi?$AAl?$AAe?$AAd?$AA?5?$AA?$CF?$AAl?$AAl?$AAd?$AA?6?$AA?$AA@ 000000014001f200     dbg_..-common-remote.o
 0002:00004234       ??_C@_1CG@NGNGJBNB@?$AAE?$AAr?$AAr?$AAo?$AAr?$AA?5?$AAh?$AAa?$AAp?$AAp?$AAe?$AAn?$AA?5?$AA?$CF?$AAl?$AAl?$AAd?$AA?6?$AA?$AA@ 000000014001f234     dbg_..-common-remote.o
 0002:00004508       ??_C@_1GG@FCHEHEMI@?$AAE?$AAr?$AAr?$AAo?$AAr?$AA?3?$AA?5?$AAt?$AAh?$AAi?$AAs?$AA?5?$AAw?$AAo?$AAr?$AAk?$AAe?$AAr?$AA?5?$AAd?$AAo?$AAe?$AAn?$AA?8?$AAt?$AA?5?$AAs?$AAu?$AAp?$AAp?$AAo?$AAr@ 000000014001f508     dbg_..-common-runtime.o
 0002:00004582       ??_C@_1DO@CBJEPNAO@?$AAP?$AAr?$AAo?$AAm?$AAi?$AAs?$AAe?$AA?$CI?$AAs?$AAe?$AAt?$AA?$DN?$AA?$CF?$AA0?$AA2?$AAx?$AA?0?$AA?5?$AAf?$AAi?$AAr?$AAs?$AAt?$AA4?$AAb?$AAy?$AAt?$AAe?$AAs?$AA?$DN?$AA?$AA@ 000000014001f582     dbg_..-common-runtime.o
 0002:000045cc       ??_C@_15BCDOKMG@?$AA?$CJ?$AA?6?$AA?$AA@ 000000014001f5cc     dbg_..-common-runtime.o
 0002:000045d4       ??_C@_1EO@JIHFKLGM@?$AAA?$AAr?$AAr?$AAa?$AAy?$AA?$CI?$AAl?$AAe?$AAn?$AAg?$AAt?$AAh?$AA?$DN?$AA?$CF?$AAl?$AAl?$AAd?$AA?0?$AA?5?$AAe?$AAl?$AAe?$AAm?$AAe?$AAn?$AAt?$AA_?$AAs?$AAi?$AAz?$AAe?$AA?$DN@ 000000014001f5d4     dbg_..-common-runtime.o
 0002:00004632       ??_C@_15IPOKAMGA@?$AA?$HL?$AA?5?$AA?$AA@ 000000014001f632     dbg_..-common-runtime.o
 0002:0000463a       ??_C@_13EHOOFIKC@?$AA?$HN?$AA?$AA@ 000000014001f63a     dbg_..-common-runtime.o
 0002:0000463e       ??_C@_15JOGBDECP@?$AA?0?$AA?5?$AA?$AA@ 000000014001f63e     dbg_..-common-runtime.o
 0002:00004646       ??_C@_1CG@OGLIMIIK@?$AAC?$AAl?$AAa?$AAs?$AAs?$AA?$CI?$AAf?$AAi?$AAr?$AAs?$AAt?$AA4?$AAb?$AAy?$AAt?$AAe?$AAs?$AA?$DN?$AA?$AA@ 000000014001f646     dbg_..-common-runtime.o
 0002:00004674       ??_C@_1DM@HBMDBMCD@?$AAO?$AAb?$AAj?$AAe?$AAc?$AAt?$AA?5?$AAo?$AAf?$AA?5?$AAu?$AAn?$AAk?$AAn?$AAo?$AAw?$AAn?$AA?5?$AAt?$AAy?$AAp?$AAe?$AA?3?$AA?5?$AA?$CF?$AA0?$AA2?$AAx?$AA?6?$AA?$AA@ 000000014001f674     dbg_..-common-runtime.o
 0002:000046bc       ??_C@_1FG@HBFKKPHD@?$AAW?$AAo?$AAr?$AAk?$AAe?$AAr?$AA?5?$AAa?$AAd?$AAd?$AA?5?$AAt?$AAo?$AA?5?$AAw?$AAa?$AAi?$AAt?$AA?5?$AAl?$AAi?$AAs?$AAt?$AA?5?$AA?$FL?$AAi?$AAd?$AA?$DN?$AA?$CF?$AAl?$AAl?$AAd@ 000000014001f6bc     dbg_..-common-runtime.o
 0002:00004724       ??_C@_1EI@FJBGIEMF@?$AAW?$AAo?$AAr?$AAk?$AAe?$AAr?$AA?5?$AAe?$AAn?$AAq?$AAu?$AAe?$AAu?$AAe?$AAd?$AA?5?$AA?$FL?$AAi?$AAd?$AA?$DN?$AA?$CF?$AAl?$AAl?$AAd?$AA?0?$AA?5?$AAd?$AAa?$AAt?$AAa?$AA?$DN?$AA?$CF@ 000000014001f724     dbg_..-common-runtime.o
 0002:0000477a       ??_C@_1FE@PPKJADDP@?$AAW?$AAa?$AAn?$AAt?$AA?5?$AAr?$AAu?$AAn?$AA?5?$AAr?$AAe?$AAm?$AAo?$AAt?$AAe?$AA?0?$AA?5?$AAb?$AAu?$AAt?$AA?3?$AA?5?$AA?$CF?$AAl?$AAl?$AAd?$AA?5?$AA?$CF?$AAl?$AAl?$AAd?$AA?5@ 000000014001f77a     dbg_..-common-runtime.o
 0002:000047de       ??_C@_1IE@FHIKABLD@?$AAE?$AAr?$AAr?$AAo?$AAr?$AA?3?$AA?5?$AAc?$AAa?$AAn?$AA?8?$AAt?$AA?5?$AAr?$AAu?$AAn?$AA?5?$AAr?$AAe?$AAm?$AAo?$AAt?$AAe?$AA?5?$AAw?$AAo?$AAr?$AAk?$AAe?$AAr?$AA?5?$AA?$CF@ 000000014001f7de     dbg_..-common-runtime.o
 0002:0000487c       ??_C@_1GC@JGFAAALF@?$AAS?$AAt?$AAa?$AAr?$AAt?$AAi?$AAn?$AAg?$AA?5?$AAn?$AAe?$AAw?$AA?5?$AAl?$AAo?$AAc?$AAa?$AAl?$AA?5?$AAw?$AAo?$AAr?$AAk?$AAe?$AAr?$AA?5?$AA?$CF?$AAl?$AAl?$AAd?$AA?5?$AA?$FL@ 000000014001f87c     dbg_..-common-runtime.o
 0002:000048f2       ??_C@_1HE@GOIHIEDE@?$AAE?$AAr?$AAr?$AAo?$AAr?$AA?3?$AA?5?$AAp?$AAr?$AAo?$AAv?$AAi?$AAd?$AAe?$AAr?$AA?5?$AA?$CF?$AAl?$AAl?$AAd?$AA?5?$AAd?$AAo?$AAe?$AAs?$AAn?$AA?8?$AAt?$AA?5?$AAs?$AAu?$AAp@ 000000014001f8f2     dbg_..-common-runtime.o
 0002:0000497e       ??_C@_1EG@KLACJNPC@?$AAE?$AAr?$AAr?$AAo?$AAr?$AA?3?$AA?5?$AAt?$AAh?$AAi?$AAs?$AA?5?$AAi?$AAs?$AAn?$AA?8?$AAt?$AA?5?$AAh?$AAi?$AAv?$AAe?$AA?5?$AAe?$AAx?$AAe?$AAc?$AAu?$AAt?$AAa?$AAb?$AAl@ 000000014001f97e     dbg_..-common-runtime.o
 0002:000049d2       ??_C@_1GG@OIFEBPCL@?$AAE?$AAr?$AAr?$AAo?$AAr?$AA?3?$AA?5?$AAt?$AAh?$AAi?$AAs?$AA?5?$AAi?$AAs?$AA?5?$AAe?$AAx?$AAe?$AAc?$AAu?$AAt?$AAa?$AAb?$AAl?$AAe?$AA?5?$AAo?$AAf?$AA?5?$AAn?$AAo?$AAt@ 000000014001f9d2     dbg_..-common-runtime.o
 0002:00004a4c       ??_C@_1DC@FFLNADD@?$AAE?$AAr?$AAr?$AAo?$AAr?$AA?3?$AA?5?$AAw?$AAi?$AAn?$AAa?$AAp?$AAi?$AA?5?$AAe?$AAr?$AAr?$AAo?$AAr?$AA?5?$AA?$CF?$AAl?$AAd?$AA?6?$AA?$AA@ 000000014001fa4c     dbg_..-common-runtime.o
 0002:00004a88       ??_C@_1DE@BIGGJJBN@?$AAh?$AAe?$AAa?$AAd?$AAe?$AAr?$AA?5?$AA?$CF?$AAl?$AAl?$AAd?$AA?5?$AAo?$AAf?$AA?5?$AAs?$AAi?$AAz?$AAe?$AA?5?$AA?$CF?$AAl?$AAl?$AAd?$AA?6?$AA?$AA@ 000000014001fa88     dbg_..-common-runtime.o
 0002:00004ac6       ??_C@_1BK@JJBOCJJN@?$AAs?$AAe?$AAt?$AA?5?$AAt?$AAo?$AA?5?$AA?$CF?$AAl?$AAl?$AAd?$AA?5?$AA?$AA@ 000000014001fac6     dbg_..-common-runtime.o
 0002:00004ae6       ??_C@_1JE@CPFCJBNI@?$AAE?$AAR?$AAR?$AAO?$AAR?$AA?3?$AA?5?$AAR?$AAu?$AAn?$AAt?$AAi?$AAm?$AAe?$AA?5?$AAe?$AAn?$AAd?$AAp?$AAo?$AAi?$AAn?$AAt?$AA?5?$AA?$CF?$AAl?$AAl?$AAd?$AA?5?$AAd?$AAo?$AAe@ 000000014001fae6     dbg_..-common-runtime.o
 0002:00004b98       ??_C@_1BA@LPJEKMJJ@?$AAp?$AAt?$AAr?$AA?$DN?$AA?$CF?$AAp?$AA?6?$AA?$AA@ 000000014001fb98     dbg_..-common-runtime.o
 0002:00004bac       ??_C@_1IG@FGNNCHGH@?$AAw?$AAo?$AAr?$AAk?$AAe?$AAr?$AA?5?$AA?$CF?$AAl?$AAl?$AAd?$AA?5?$AAi?$AAs?$AA?5?$AAd?$AAl?$AAl?$AA?5?$AAc?$AAa?$AAl?$AAl?$AA?5?$AAo?$AAf?$AA?5?$AAl?$AAi?$AAb?$AAr?$AAa@ 000000014001fbac     dbg_..-common-runtime.o
 0002:00004c4c       ??_C@_1CG@BIKDCCPC@?$AAs?$AAt?$AAa?$AAc?$AAk?$AA?5?$AAu?$AAs?$AAa?$AAg?$AAe?$AA?3?$AA?5?$AA?$CF?$AAl?$AAl?$AAd?$AA?6?$AA?$AA@ 000000014001fc4c     dbg_..-common-runtime.o
 0002:00004c7a       ??_C@_1GK@IGPNAPLE@?$AAo?$AAu?$AAt?$AAp?$AAu?$AAt?$AA?5?$AAh?$AAa?$AAv?$AAe?$AA?5?$AAs?$AAi?$AAz?$AAe?$AA?5?$AA?$CF?$AAl?$AAl?$AAd?$AA?5?$AA?$FL?$AAa?$AAn?$AAd?$AA?5?$AAa?$AAr?$AAg?$AAs?$AA?5@ 000000014001fc7a     dbg_..-common-runtime.o
 0002:00004cfa       ??_C@_1FE@ENHKIDEL@?$AAa?$AAr?$AAg?$AAu?$AAm?$AAe?$AAn?$AAt?$AA?5?$AA?$CF?$AAl?$AAl?$AAd?$AA?5?$AAh?$AAa?$AAv?$AAe?$AA?5?$AAs?$AAi?$AAz?$AAe?$AA?5?$AA?$CF?$AAl?$AAl?$AAd?$AA?5?$AA?$FL?$AAt?$AAy@ 000000014001fcfa     dbg_..-common-runtime.o
 0002:00004d5e       ??_C@_1KM@JOOLBIFF@?$AAW?$AAo?$AAr?$AAk?$AAe?$AAr?$AA?5?$AA?$CF?$AAl?$AAl?$AAd?$AA?5?$AA?$FL?$AAx?$AA6?$AA4?$AA?$FN?$AA?5?$AAh?$AAa?$AAv?$AAe?$AA?5?$AAb?$AAe?$AAe?$AAn?$AA?5?$AAl?$AAo?$AAa?$AAd@ 000000014001fd5e     dbg_..-common-runtime.o
[...]
 0003:00018ff0       wait_list                  000000014003aff0     dbg_..-common-runtime.o
 0003:00018ff8       wait_list_len              000000014003aff8     dbg_..-common-runtime.o
 0003:00019000       dwTlsIndex                 000000014003b000     dbg_..-common-runtime.o
 0003:00019008       defined_arrays             000000014003b008     dbg_..-common-runtime.o
 0003:00019298       hContinueEvent             000000014003b298     dbg_..-common-sheduler.o
 0003:000192a0       glbMasterInfo              000000014003b2a0     dbg_..-common-sheduler.o
 0003:000192ac       ExPoolZeroingNativelySupported 000000014003b2ac     ws2_32:indef.obj
 0004:00000000       __imp_GdiSetBatchLimit     000000014003c000     gdi32:GDI32.dll
 0004:00000008       \177GDI32_NULL_THUNK_DATA  000000014003c008     gdi32:GDI32.dll
 0004:00000060       __imp_WaitForMultipleObjects 000000014003c060     kernel32:KERNEL32.dll
 0004:00000068       __imp_WaitForSingleObject  000000014003c068     kernel32:KERNEL32.dll
 0004:00000070       __imp_HeapAlloc            000000014003c070     kernel32:KERNEL32.dll
 0004:00000078       __imp_GetLastError         000000014003c078     kernel32:KERNEL32.dll
 0004:00000080       __imp_MultiByteToWideChar  000000014003c080     kernel32:KERNEL32.dll
 0004:00000088       __imp_WriteConsoleW        000000014003c088     kernel32:KERNEL32.dll
 0004:00000090       __imp_HeapReAlloc          000000014003c090     kernel32:KERNEL32.dll
 0004:00000098       __imp_HeapFree             000000014003c098     kernel32:KERNEL32.dll
 0004:000000a0       __imp_GetConsoleMode       000000014003c0a0     kernel32:KERNEL32.dll
 0004:000000a8       __imp_ReadConsoleW         000000014003c0a8     kernel32:KERNEL32.dll
 0004:000000b0       __imp_ReadFile             000000014003c0b0     kernel32:KERNEL32.dll
 0004:000000b8       __imp_ExitProcess          000000014003c0b8     kernel32:KERNEL32.dll
 0004:000000c0       __imp_QueryPerformanceCounter 000000014003c0c0     kernel32:KERNEL32.dll
 0004:000000c8       __imp_QueryPerformanceFrequency 000000014003c0c8     kernel32:KERNEL32.dll
 0004:000000d0       __imp_GetStdHandle         000000014003c0d0     kernel32:KERNEL32.dll
 0004:000000d8       __imp_GetProcessHeap       000000014003c0d8     kernel32:KERNEL32.dll
 0004:000000e0       __imp_TlsGetValue          000000014003c0e0     kernel32:KERNEL32.dll
 0004:000000e8       __imp_AcquireSRWLockExclusive 000000014003c0e8     kernel32:KERNEL32.dll
 0004:000000f0       __imp_ReleaseSRWLockExclusive 000000014003c0f0     kernel32:KERNEL32.dll
 0004:000000f8       __imp_GetThreadContext     000000014003c0f8     kernel32:KERNEL32.dll
 0004:00000100       __imp_SetThreadContext     000000014003c100     kernel32:KERNEL32.dll
 0004:00000108       __imp_AcquireSRWLockShared 000000014003c108     kernel32:KERNEL32.dll
 0004:00000110       __imp_ReleaseSRWLockShared 000000014003c110     kernel32:KERNEL32.dll
 0004:00000118       __imp_Sleep                000000014003c118     kernel32:KERNEL32.dll
 0004:00000120       __imp_CreateIoCompletionPort 000000014003c120     kernel32:KERNEL32.dll
 0004:00000128       __imp_FormatMessageW       000000014003c128     kernel32:KERNEL32.dll
 0004:00000130       __imp_CreateThread         000000014003c130     kernel32:KERNEL32.dll
 0004:00000138       __imp_TryAcquireSRWLockExclusive 000000014003c138     kernel32:KERNEL32.dll
 0004:00000140       __imp_GetQueuedCompletionStatus 000000014003c140     kernel32:KERNEL32.dll
 0004:00000148       __imp_VirtualAlloc         000000014003c148     kernel32:KERNEL32.dll
 0004:00000150       __imp_LoadLibraryA         000000014003c150     kernel32:KERNEL32.dll
 0004:00000158       __imp_GetProcAddress       000000014003c158     kernel32:KERNEL32.dll
 0004:00000160       __imp_TlsAlloc             000000014003c160     kernel32:KERNEL32.dll
 0004:00000168       __imp_CreateFileW          000000014003c168     kernel32:KERNEL32.dll
 0004:00000170       __imp_GetFileSizeEx        000000014003c170     kernel32:KERNEL32.dll
 0004:00000178       __imp_CloseHandle          000000014003c178     kernel32:KERNEL32.dll
 0004:00000180       __imp_GetCommandLineW      000000014003c180     kernel32:KERNEL32.dll
 0004:00000188       __imp_TlsFree              000000014003c188     kernel32:KERNEL32.dll
 0004:00000190       __imp_TlsSetValue          000000014003c190     kernel32:KERNEL32.dll
 0004:00000198       __imp_SetEvent             000000014003c198     kernel32:KERNEL32.dll
 0004:000001a0       __imp_SuspendThread        000000014003c1a0     kernel32:KERNEL32.dll
 0004:000001a8       __imp_ResumeThread         000000014003c1a8     kernel32:KERNEL32.dll
 0004:000001b0       __imp_CreateEventW         000000014003c1b0     kernel32:KERNEL32.dll
 0004:000001b8       \177KERNEL32_NULL_THUNK_DATA 000000014003c1b8     kernel32:KERNEL32.dll
 0004:00000250       __imp_clSetKernelArg       000000014003c250     OpenCL:OpenCL.dll
 0004:00000258       __imp_clCreateContext      000000014003c258     OpenCL:OpenCL.dll
 0004:00000260       __imp_clFinish             000000014003c260     OpenCL:OpenCL.dll
 0004:00000268       __imp_clCreateBuffer       000000014003c268     OpenCL:OpenCL.dll
 0004:00000270       __imp_clCreateKernel       000000014003c270     OpenCL:OpenCL.dll
 0004:00000278       __imp_clGetProgramBuildInfo 000000014003c278     OpenCL:OpenCL.dll
 0004:00000280       __imp_clBuildProgram       000000014003c280     OpenCL:OpenCL.dll
 0004:00000288       __imp_clCreateProgramWithSource 000000014003c288     OpenCL:OpenCL.dll
 0004:00000290       __imp_clCreateCommandQueueWithProperties 000000014003c290     OpenCL:OpenCL.dll
 0004:00000298       __imp_clGetKernelArgInfo   000000014003c298     OpenCL:OpenCL.dll
 0004:000002a0       __imp_clGetDeviceInfo      000000014003c2a0     OpenCL:OpenCL.dll
 0004:000002a8       __imp_clGetDeviceIDs       000000014003c2a8     OpenCL:OpenCL.dll
 0004:000002b0       __imp_clGetPlatformInfo    000000014003c2b0     OpenCL:OpenCL.dll
 0004:000002b8       __imp_clGetPlatformIDs     000000014003c2b8     OpenCL:OpenCL.dll
 0004:000002c0       __imp_clEnqueueWriteBuffer 000000014003c2c0     OpenCL:OpenCL.dll
 0004:000002c8       __imp_clEnqueueReadBuffer  000000014003c2c8     OpenCL:OpenCL.dll
 0004:000002d0       __imp_clEnqueueNDRangeKernel 000000014003c2d0     OpenCL:OpenCL.dll
 0004:000002d8       \177OpenCL_NULL_THUNK_DATA 000000014003c2d8     OpenCL:OpenCL.dll
 0004:00000348       __imp_CommandLineToArgvW   000000014003c348     shell32:SHELL32.dll
 0004:00000350       \177SHELL32_NULL_THUNK_DATA 000000014003c350     shell32:SHELL32.dll
 0004:000003a8       __imp_WSAGetLastError      000000014003c3a8     ws2_32:WS2_32.dll
 0004:000003b0       __imp_accept               000000014003c3b0     ws2_32:WS2_32.dll
 0004:000003b8       __imp_send                 000000014003c3b8     ws2_32:WS2_32.dll
 0004:000003c0       __imp_getsockname          000000014003c3c0     ws2_32:WS2_32.dll
 0004:000003c8       __imp_bind                 000000014003c3c8     ws2_32:WS2_32.dll
 0004:000003d0       __imp_htons                000000014003c3d0     ws2_32:WS2_32.dll
 0004:000003d8       __imp_WSAStartup           000000014003c3d8     ws2_32:WS2_32.dll
 0004:000003e0       __imp_freeaddrinfo         000000014003c3e0     ws2_32:WS2_32.dll
 0004:000003e8       __imp_getaddrinfo          000000014003c3e8     ws2_32:WS2_32.dll
 0004:000003f0       __imp_setsockopt           000000014003c3f0     ws2_32:WS2_32.dll
 0004:000003f8       __imp_closesocket          000000014003c3f8     ws2_32:WS2_32.dll
 0004:00000400       __imp_connect              000000014003c400     ws2_32:WS2_32.dll
 0004:00000408       __imp_socket               000000014003c408     ws2_32:WS2_32.dll
 0004:00000410       __imp_WSARecv              000000014003c410     ws2_32:WS2_32.dll
 0004:00000418       __imp_ntohs                000000014003c418     ws2_32:WS2_32.dll
 0004:00000420       __imp_inet_ntop            000000014003c420     ws2_32:WS2_32.dll
 0004:00000428       __imp_getpeername          000000014003c428     ws2_32:WS2_32.dll
 0004:00000430       __imp_listen               000000014003c430     ws2_32:WS2_32.dll
 0004:00000438       \177WS2_32_NULL_THUNK_DATA 000000014003c438     ws2_32:WS2_32.dll
 0004:000004a8       __imp_BCryptGenRandom      000000014003c4a8     bcrypt:bcrypt.dll
 0004:000004b0       \177bcrypt_NULL_THUNK_DATA 000000014003c4b0     bcrypt:bcrypt.dll
 0004:00000508       __IMPORT_DESCRIPTOR_GDI32  000000014003c508     gdi32:GDI32.dll
 0004:0000051c       __IMPORT_DESCRIPTOR_SHELL32 000000014003c51c     shell32:SHELL32.dll
 0004:00000530       __IMPORT_DESCRIPTOR_KERNEL32 000000014003c530     kernel32:KERNEL32.dll
 0004:00000544       __IMPORT_DESCRIPTOR_bcrypt 000000014003c544     bcrypt:bcrypt.dll
 0004:00000558       __IMPORT_DESCRIPTOR_WS2_32 000000014003c558     ws2_32:WS2_32.dll
 0004:0000056c       __IMPORT_DESCRIPTOR_OpenCL 000000014003c56c     OpenCL:OpenCL.dll
 0004:00000580       __NULL_IMPORT_DESCRIPTOR   000000014003c580     gdi32:GDI32.dll

 entry point at        0001:0000001e

 Static symbols

 0000:fffc2000       .debug$S                   0000000140000000     bcrypt:bcrypt.dll
 0000:fffc2000       .debug$S                   0000000140000000     gdi32:GDI32.dll
 0000:fffc2000       .debug$S                   0000000140000000     kernel32:KERNEL32.dll
 0000:fffc2000       .debug$S                   0000000140000000     kernel32:KERNEL32.dll
 0000:fffc2000       .debug$S                   0000000140000000     kernel32:KERNEL32.dll
 0000:fffc2000       .debug$S                   0000000140000000     kernel32:KERNEL32.dll
 0000:fffc2000       .debug$S                   0000000140000000     kernel32:KERNEL32.dll
 0000:fffc2000       .debug$S                   0000000140000000     kernel32:KERNEL32.dll
 0000:fffc2000       .debug$S                   0000000140000000     kernel32:KERNEL32.dll
 0000:fffc2000       .debug$S                   0000000140000000     kernel32:KERNEL32.dll
 0000:fffc2000       .debug$S                   0000000140000000     kernel32:KERNEL32.dll
 0000:fffc2000       .debug$S                   0000000140000000     kernel32:KERNEL32.dll
 0000:fffc2000       .debug$S                   0000000140000000     kernel32:KERNEL32.dll
 0000:fffc2000       .debug$S                   0000000140000000     kernel32:KERNEL32.dll
 0000:fffc2000       .debug$S                   0000000140000000     kernel32:KERNEL32.dll
 0000:fffc2000       .debug$S                   0000000140000000     kernel32:KERNEL32.dll
 0000:fffc2000       .debug$S                   0000000140000000     kernel32:KERNEL32.dll
 0000:fffc2000       .debug$S                   0000000140000000     kernel32:KERNEL32.dll
 0000:fffc2000       .debug$S                   0000000140000000     kernel32:KERNEL32.dll
 0000:fffc2000       .debug$S                   0000000140000000     kernel32:KERNEL32.dll
 0000:fffc2000       .debug$S                   0000000140000000     kernel32:KERNEL32.dll
 0000:fffc2000       .debug$S                   0000000140000000     kernel32:KERNEL32.dll
 0000:fffc2000       .debug$S                   0000000140000000     kernel32:KERNEL32.dll
 0000:fffc2000       .debug$S                   0000000140000000     kernel32:KERNEL32.dll
 0000:fffc2000       .debug$S                   0000000140000000     kernel32:KERNEL32.dll
 0000:fffc2000       .debug$S                   0000000140000000     kernel32:KERNEL32.dll
 0000:fffc2000       .debug$S                   0000000140000000     kernel32:KERNEL32.dll
 0000:fffc2000       .debug$S                   0000000140000000     kernel32:KERNEL32.dll
 0000:fffc2000       .debug$S                   0000000140000000     kernel32:KERNEL32.dll
 0000:fffc2000       .debug$S                   0000000140000000     kernel32:KERNEL32.dll
 0000:fffc2000       .debug$S                   0000000140000000     kernel32:KERNEL32.dll
 0000:fffc2000       .debug$S                   0000000140000000     kernel32:KERNEL32.dll
 0000:fffc2000       .debug$S                   0000000140000000     kernel32:KERNEL32.dll
 0000:fffc2000       .debug$S                   0000000140000000     kernel32:KERNEL32.dll
 0000:fffc2000       .debug$S                   0000000140000000     kernel32:KERNEL32.dll
 0000:fffc2000       .debug$S                   0000000140000000     kernel32:KERNEL32.dll
 0000:fffc2000       .debug$S                   0000000140000000     kernel32:KERNEL32.dll
 0000:fffc2000       .debug$S                   0000000140000000     kernel32:KERNEL32.dll
 0000:fffc2000       .debug$S                   0000000140000000     kernel32:KERNEL32.dll
 0000:fffc2000       .debug$S                   0000000140000000     kernel32:KERNEL32.dll
 0000:fffc2000       .debug$S                   0000000140000000     kernel32:KERNEL32.dll
 0000:fffc2000       .debug$S                   0000000140000000     kernel32:KERNEL32.dll
 0000:fffc2000       .debug$S                   0000000140000000     kernel32:KERNEL32.dll
 0000:fffc2000       .debug$S                   0000000140000000     kernel32:KERNEL32.dll
 0000:fffc2000       .debug$S                   0000000140000000     kernel32:KERNEL32.dll
 0000:fffc2000       .debug$S                   0000000140000000     shell32:SHELL32.dll
 0000:fffc2000       .debug$S                   0000000140000000     ws2_32:WS2_32.dll
 0000:fffc2000       .debug$S                   0000000140000000     ws2_32:WS2_32.dll
 0000:fffc2000       .debug$S                   0000000140000000     ws2_32:WS2_32.dll
 0000:fffc2000       .debug$S                   0000000140000000     ws2_32:WS2_32.dll
 0000:fffc2000       .debug$S                   0000000140000000     ws2_32:WS2_32.dll
 0000:fffc2000       .debug$S                   0000000140000000     ws2_32:WS2_32.dll
 0000:fffc2000       .debug$S                   0000000140000000     ws2_32:WS2_32.dll
 0000:fffc2000       .debug$S                   0000000140000000     ws2_32:WS2_32.dll
 0000:fffc2000       .debug$S                   0000000140000000     ws2_32:WS2_32.dll
 0000:fffc2000       .debug$S                   0000000140000000     ws2_32:WS2_32.dll
 0000:fffc2000       .debug$S                   0000000140000000     ws2_32:WS2_32.dll
 0000:fffc2000       .debug$S                   0000000140000000     ws2_32:WS2_32.dll
 0000:fffc2000       .debug$S                   0000000140000000     ws2_32:WS2_32.dll
 0000:fffc2000       .debug$S                   0000000140000000     ws2_32:WS2_32.dll
 0000:fffc2000       .debug$S                   0000000140000000     ws2_32:WS2_32.dll
 0000:fffc2000       .debug$S                   0000000140000000     ws2_32:WS2_32.dll
 0000:fffc2000       .debug$S                   0000000140000000     ws2_32:WS2_32.dll
 0000:fffc2000       .debug$S                   0000000140000000     ws2_32:WS2_32.dll
 0000:fffc2000       .debug$S                   0000000140000000     OpenCL:OpenCL.dll
 0000:fffc2000       .debug$S                   0000000140000000     OpenCL:OpenCL.dll
 0000:fffc2000       .debug$S                   0000000140000000     OpenCL:OpenCL.dll
 0000:fffc2000       .debug$S                   0000000140000000     OpenCL:OpenCL.dll
 0000:fffc2000       .debug$S                   0000000140000000     OpenCL:OpenCL.dll
 0000:fffc2000       .debug$S                   0000000140000000     OpenCL:OpenCL.dll
 0000:fffc2000       .debug$S                   0000000140000000     OpenCL:OpenCL.dll
 0000:fffc2000       .debug$S                   0000000140000000     OpenCL:OpenCL.dll
 0000:fffc2000       .debug$S                   0000000140000000     OpenCL:OpenCL.dll
 0000:fffc2000       .debug$S                   0000000140000000     OpenCL:OpenCL.dll
 0000:fffc2000       .debug$S                   0000000140000000     OpenCL:OpenCL.dll
 0000:fffc2000       .debug$S                   0000000140000000     OpenCL:OpenCL.dll
 0000:fffc2000       .debug$S                   0000000140000000     OpenCL:OpenCL.dll
 0000:fffc2000       .debug$S                   0000000140000000     OpenCL:OpenCL.dll
 0000:fffc2000       .debug$S                   0000000140000000     OpenCL:OpenCL.dll
 0000:fffc2000       .debug$S                   0000000140000000     OpenCL:OpenCL.dll
 0000:fffc2000       .debug$S                   0000000140000000     OpenCL:OpenCL.dll
 0001:00006650       GetKnownHiveHash           0000000140007650 f   dbg_..-common-api.o
 0001:00006ca0       i64GetKnownHiveHash        0000000140007ca0 f   dbg_..-common-api.o
 0001:00006d10       i64_raw_update             0000000140007d10 f   dbg_..-common-api.o
 0001:0000bef0       scheduler_queue_init       000000014000cef0 f   dbg_..-common-queue.o
 0001:0000bfc0       scheduler_queue_push       000000014000cfc0 f   dbg_..-common-queue.o
 0001:0000c270       scheduler_rnd              000000014000d270 f   dbg_..-common-queue.o
 0001:0000c410       scheduler_queue_pop        000000014000d410 f   dbg_..-common-queue.o
 0001:0000c5c0       queue_init                 000000014000d5c0 f   dbg_..-common-queue.o
 0001:0000c610       queue_push                 000000014000d610 f   dbg_..-common-queue.o
 0001:0000c670       queue_pop                  000000014000d670 f   dbg_..-common-queue.o
 0001:0000f700       Worker                     0000000140010700 f   dbg_..-common-remote.o
 0001:0000fcb0       ConnectionListnerWorker    0000000140010cb0 f   dbg_..-common-remote.o
 0001:0000fed0       PagesAllocator             0000000140010ed0 f   dbg_..-common-remote.o
 0001:0000ffa0       StateSender                0000000140010fa0 f   dbg_..-common-remote.o
 0001:00010010       HandleApiCall              0000000140011010 f   dbg_..-common-remote.o
 0001:00017234       .text                      0000000140018234     asm_dbg.o
 0002:00005c28       BFE_GENERIC_MAPPING        0000000140020c28     ws2_32:indef.obj
 0002:00005dd8       IPSEC_AUTH_TRANSFORM_ID_HMAC_MD5_96 0000000140020dd8     ws2_32:indef.obj
 0002:00005de8       IPSEC_AUTH_TRANSFORM_ID_HMAC_SHA_1_96 0000000140020de8     ws2_32:indef.obj
 0002:00005df8       IPSEC_AUTH_TRANSFORM_ID_HMAC_SHA_256_128 0000000140020df8     ws2_32:indef.obj
 0002:00005e08       IPSEC_AUTH_TRANSFORM_ID_GCM_AES_128 0000000140020e08     ws2_32:indef.obj
 0002:00005e18       IPSEC_AUTH_TRANSFORM_ID_GCM_AES_192 0000000140020e18     ws2_32:indef.obj
 0002:00005e28       IPSEC_AUTH_TRANSFORM_ID_GCM_AES_256 0000000140020e28     ws2_32:indef.obj
 0002:00005e38       IPSEC_CIPHER_TRANSFORM_ID_CBC_DES 0000000140020e38     ws2_32:indef.obj
 0002:00005e48       IPSEC_CIPHER_TRANSFORM_ID_CBC_3DES 0000000140020e48     ws2_32:indef.obj
 0002:00005e58       IPSEC_CIPHER_TRANSFORM_ID_AES_128 0000000140020e58     ws2_32:indef.obj
 0002:00005e68       IPSEC_CIPHER_TRANSFORM_ID_AES_192 0000000140020e68     ws2_32:indef.obj
 0002:00005e78       IPSEC_CIPHER_TRANSFORM_ID_AES_256 0000000140020e78     ws2_32:indef.obj
 0002:00005e88       IPSEC_CIPHER_TRANSFORM_ID_GCM_AES_128 0000000140020e88     ws2_32:indef.obj
 0002:00005e98       IPSEC_CIPHER_TRANSFORM_ID_GCM_AES_192 0000000140020e98     ws2_32:indef.obj
 0002:00005ea8       IPSEC_CIPHER_TRANSFORM_ID_GCM_AES_256 0000000140020ea8     ws2_32:indef.obj
 0003:00000100       .data                      0000000140022100     asm_dbg.o
 0003:000179c0       gai_strerrorW.buff         00000001400399c0     dbg_..-common-remote.o
 0003:000192ab       WFP_TRACE_NULL_DATA        000000014003b2ab     ws2_32:indef.obj
 0004:00000ab4       .idata$6                   000000014003cab4     gdi32:GDI32.dll
 0004:00000ad4       .idata$6                   000000014003cad4     shell32:SHELL32.dll
 0004:00000de8       .idata$6                   000000014003cde8     kernel32:KERNEL32.dll
 0004:00000e08       .idata$6                   000000014003ce08     bcrypt:bcrypt.dll
 0004:00000e48       .idata$6                   000000014003ce48     ws2_32:WS2_32.dll
 0004:00000fbe       .idata$6                   000000014003cfbe     OpenCL:OpenCL.dll
