 d

 Timestamp is 69dfdb1b (Wed Apr 15 21:38:19 2026)

 Preferred load address is 0000000140000000

 Start         Length     Name                   Class
 0001:00000000 00019265H .text                   CODE
 0001:00019265 0000125fH .text$mn                CODE
 0002:00000000 000063c0H .rdata                  DATA
 0002:000063be 00000000H .edata                  DATA
 0002:000063c0 00000164H .rdata$zzzdbg           DATA
 0003:00000000 00000510H .data                   DATA
 0003:00000510 00018dddH .bss                    DATA
 0004:00000000 00000508H .idata$5                DATA
 0004:00000508 00000078H .idata$2                DATA
 0004:00000580 00000018H .idata$3                DATA
 0004:00000598 00000508H .idata$4                DATA
 0004:00000aa0 000006aeH .idata$6                DATA

  Address         Publics by Value              Rva+Base               Lib:Object

 0000:00000000       __AbsoluteZero             0000000000000000     <absolute>
 0000:00000000       ___safe_se_handler_count   0000000000000000     <absolute>
 0000:00000000       ___safe_se_handler_table   0000000000000000     <absolute>
 0000:00000000       __arm64x_extra_rfe_table   0000000000000000     <absolute>
 0000:00000000       __arm64x_extra_rfe_table_size 0000000000000000     <absolute>
 0000:00000000       __arm64x_native_entrypoint 0000000000000000     <absolute>
 0000:00000000       __arm64x_redirection_metadata 0000000000000000     <absolute>
 0000:00000000       __arm64x_redirection_metadata_count 0000000000000000     <absolute>
 0000:00000000       __dynamic_value_reloc_table 0000000000000000     <absolute>
 0000:00000000       __enclave_config           0000000000000000     <absolute>
 0000:00000000       __guard_check_icall_a64n_fptr 0000000000000000     <absolute>
 0000:00000000       __guard_eh_cont_count      0000000000000000     <absolute>
 0000:00000000       __guard_eh_cont_table      0000000000000000     <absolute>
 0000:00000000       __guard_fids_count         0000000000000000     <absolute>
 0000:00000000       __guard_fids_table         0000000000000000     <absolute>
 0000:00000000       __guard_iat_count          0000000000000000     <absolute>
 0000:00000000       __guard_iat_table          0000000000000000     <absolute>
 0000:00000000       __guard_longjmp_count      0000000000000000     <absolute>
 0000:00000000       __guard_longjmp_table      0000000000000000     <absolute>
 0000:00000000       __hybrid_auxiliary_delayload_iat 0000000000000000     <absolute>
 0000:00000000       __hybrid_auxiliary_delayload_iat_copy 0000000000000000     <absolute>
 0000:00000000       __hybrid_auxiliary_iat     0000000000000000     <absolute>
 0000:00000000       __hybrid_auxiliary_iat_copy 0000000000000000     <absolute>
 0000:00000000       __hybrid_code_map          0000000000000000     <absolute>
 0000:00000000       __hybrid_code_map_count    0000000000000000     <absolute>
 0000:00000000       __hybrid_image_info_bitfield 0000000000000000     <absolute>
 0000:00000000       __volatile_metadata        0000000000000000     <absolute>
 0000:00000000       __x64_code_ranges_to_entry_points 0000000000000000     <absolute>
 0000:00000000       __x64_code_ranges_to_entry_points_count 0000000000000000     <absolute>
 0000:00000100       __guard_flags              0000000000000100     <absolute>
 0001:00000530       dllPauseWorker             0000000140001530 f   dbg_.-dll-await_worker.o
 0001:00000620       dllCallObject              0000000140001620 f   dbg_.-dll-call_object.o
 0001:000006f0       dllStartNewLocalWorker     00000001400016f0 f   dbg_.-dll-call_object.o
 0001:000008c0       dllExecuteWorker           00000001400018c0 f   dbg_.-dll-execute_worker.o
 0001:00001970       memset                     0000000140002970 f   dbg_.-runtime_lib.o
 0001:000019d0       memcpy                     00000001400029d0 f   dbg_.-runtime_lib.o
 0001:00001ae0       myMalloc                   0000000140002ae0 f   dbg_.-runtime_lib.o
 0001:00001b40       myPrintf                   0000000140002b40 f   dbg_.-runtime_lib.o
 0001:000020b0       myRealloc                  00000001400030b0 f   dbg_.-runtime_lib.o
 0001:00002110       myFree                     0000000140003110 f   dbg_.-runtime_lib.o
 0001:00002150       myAtoll                    0000000140003150 f   dbg_.-runtime_lib.o
 0001:00002290       get_char                   0000000140003290 f   dbg_.-runtime_lib.o
 0001:00002370       myScanI64                  0000000140003370 f   dbg_.-runtime_lib.o
 0001:00002400       myScanS                    0000000140003400 f   dbg_.-runtime_lib.o
 0001:00002500       PrintI64                   0000000140003500 f   dbg_.-runtime_lib.o
 0001:000025d0       PrintI64H                  00000001400035d0 f   dbg_.-runtime_lib.o
 0001:00002670       Print2H                    0000000140003670 f   dbg_.-runtime_lib.o
 0001:00002710       assertion_failure          0000000140003710 f   dbg_.-runtime_lib.o
 0001:00002760       myAbs                      0000000140003760 f   dbg_.-runtime_lib.o
 0001:00002790       MicrosecondsToTicks        0000000140003790 f   dbg_.-runtime_lib.o
 0001:000027b0       TicksToMicroseconds        00000001400037b0 f   dbg_.-runtime_lib.o
 0001:000027d0       GetTicks                   00000001400037d0 f   dbg_.-runtime_lib.o
 0001:000027f0       SheduleTimeoutFromNow      00000001400037f0 f   dbg_.-runtime_lib.o
 0001:00002830       init_lib                   0000000140003830 f   dbg_.-runtime_lib.o
 0001:00002c40       gpuPauseWorker             0000000140003c40 f   dbg_..-common-gpu-await_worker.o
 0001:00002d30       gpuCallObject              0000000140003d30 f   dbg_..-common-gpu-call_object.o
 0001:00002e00       gpuStartNewLocalWorker     0000000140003e00 f   dbg_..-common-gpu-call_object.o
 0001:00002fd0       gpuExecuteWorker           0000000140003fd0 f   dbg_..-common-gpu-execute_worker.o
 0001:00003690       gpuNewObjectUsingPage      0000000140004690 f   dbg_..-common-gpu-new_object.o
 0001:000037c0       gpuNewObject               00000001400047c0 f   dbg_..-common-gpu-new_object.o
 0001:00003870       gpuPushObject              0000000140004870 f   dbg_..-common-gpu-push_object.o
 0001:000038b0       gpuPushPipe                00000001400048b0 f   dbg_..-common-gpu-push_object.o
 0001:00003900       gpuQueryObject             0000000140004900 f   dbg_..-common-gpu-query_object.o
 0001:00003940       gpuQueryPipe               0000000140004940 f   dbg_..-common-gpu-query_object.o
 0001:000039a0       locNewObjectUsingPage      00000001400049a0 f   dbg_..-common-loc-new_object.o
 0001:00003ea0       locNewObject               0000000140004ea0 f   dbg_..-common-loc-new_object.o
 0001:00004040       locUpdateLocalPush         0000000140005040 f   dbg_..-common-loc-push_object.o
 0001:00004160       locQueryLocalObject        0000000140005160 f   dbg_..-common-loc-query_object.o
 0001:00004320       x64PauseWorker             0000000140005320 f   dbg_..-common-x64-await_worker.o
 0001:00004440       x64CallObject              0000000140005440 f   dbg_..-common-x64-call_object.o
 0001:00004510       x64StartNewLocalWorker     0000000140005510 f   dbg_..-common-x64-call_object.o
 0001:000046e0       x64ExecuteWorker           00000001400056e0 f   dbg_..-common-x64-execute_worker.o
 0001:00004730       x64TryStallWorker          0000000140005730 f   dbg_..-common-x64-execute_worker.o
 0001:00004af0       x64NewObjectUsingPage      0000000140005af0 f   dbg_..-common-x64-new_object.o
 0001:00005060       x64NewObjectStates         0000000140006060 f   dbg_..-common-x64-new_object.o
 0001:00005130       x64NewObject               0000000140006130 f   dbg_..-common-x64-new_object.o
 0001:000053f0       x64UpdateLocalPush         00000001400063f0 f   dbg_..-common-x64-push_object.o
 0001:000054e0       x64OnPushObject            00000001400064e0 f   dbg_..-common-x64-push_object.o
 0001:000055a0       x64PushObjectStates        00000001400065a0 f   dbg_..-common-x64-push_object.o
 0001:00005720       x64PushObject              0000000140006720 f   dbg_..-common-x64-push_object.o
 0001:000059b0       x64PushPipe                00000001400069b0 f   dbg_..-common-x64-push_object.o
 0001:00005b70       x64QueryLocalObject        0000000140006b70 f   dbg_..-common-x64-query_object.o
 0001:00005cd0       x64OnQueryObject           0000000140006cd0 f   dbg_..-common-x64-query_object.o
 0001:00005de0       x64QueryObjectStates       0000000140006de0 f   dbg_..-common-x64-query_object.o
 0001:00005f60       x64QueryObject             0000000140006f60 f   dbg_..-common-x64-query_object.o
 0001:00006190       x64QueryPipe               0000000140007190 f   dbg_..-common-x64-query_object.o
 0001:00006370       x64SleepStates             0000000140007370 f   dbg_..-common-x64-sleep.o
 0001:00006410       x64Sleep                   0000000140007410 f   dbg_..-common-x64-sleep.o
 0001:00006510       equal_bytes                0000000140007510 f   dbg_..-common-api.o
 0001:00006610       GetHashtableNoLock         0000000140007610 f   dbg_..-common-api.o
 0001:000067e0       SetHashtableNoLock         00000001400077e0 f   dbg_..-common-api.o
 0001:00006ae0       GetHashtable               0000000140007ae0 f   dbg_..-common-api.o
 0001:00006b40       SetHashtable               0000000140007b40 f   dbg_..-common-api.o
 0001:00006b90       i64_get                    0000000140007b90 f   dbg_..-common-api.o
 0001:00007050       i64GetHashtableNoLock      0000000140008050 f   dbg_..-common-api.o
 0001:00007090       i64SetHashtableNoLock      0000000140008090 f   dbg_..-common-api.o
 0001:00007220       i64GetHashtable            0000000140008220 f   dbg_..-common-api.o
 0001:00007250       i64SetHashtable            0000000140008250 f   dbg_..-common-api.o
 0001:00007280       InitInternalStructures     0000000140008280 f   dbg_..-common-api.o
 0001:00007a50       castOnQueryObject          0000000140008a50 f   dbg_..-common-cast_provider.o
 0001:00007c10       anyCastStates              0000000140008c10 f   dbg_..-common-cast_provider.o
 0001:00008e00       anyCastProvider            0000000140009e00 f   dbg_..-common-cast_provider.o
 0001:00009550       init_gpu_subsystem         000000014000a550 f   dbg_..-common-gpu_subsystem.o
 0001:0000b000       gpuBuildFromText           000000014000c000 f   dbg_..-common-gpu_subsystem.o
 0001:0000b350       gpuAlloc                   000000014000c350 f   dbg_..-common-gpu_subsystem.o
 0001:0000b390       gpuRun                     000000014000c390 f   dbg_..-common-gpu_subsystem.o
 0001:0000b440       gpuFinishQueuesOnPlatform  000000014000c440 f   dbg_..-common-gpu_subsystem.o
 0001:0000b4c0       gpuFinishQueue             000000014000c4c0 f   dbg_..-common-gpu_subsystem.o
 0001:0000bce0       StartInitialProcess        000000014000cce0 f   dbg_..-common-hive_entry.o
 0001:0000bff0       scheduler_init             000000014000cff0 f   dbg_..-common-queue.o
 0001:0000c0f0       scheduler_enqueue_with_affinity 000000014000d0f0 f   dbg_..-common-queue.o
 0001:0000c290       scheduler_enqueue          000000014000d290 f   dbg_..-common-queue.o
 0001:0000c470       scheduler_dequeue          000000014000d470 f   dbg_..-common-queue.o
 0001:0000cb80       b_send                     000000014000db80 f   dbg_..-common-remote.o
 0001:0000cca0       b_flush                    000000014000dca0 f   dbg_..-common-remote.o
 0001:0000ccf0       GetConnectionById          000000014000dcf0 f   dbg_..-common-remote.o
 0001:0000cd80       DumpConnections            000000014000dd80 f   dbg_..-common-remote.o
 0001:0000d0e0       ConfirmPage                000000014000e0e0 f   dbg_..-common-remote.o
 0001:0000d180       ConfirmID                  000000014000e180 f   dbg_..-common-remote.o
 0001:0000d1d0       HandleNewConnection        000000014000e1d0 f   dbg_..-common-remote.o
 0001:0000d460       UpdateWaitingQuery         000000014000e460 f   dbg_..-common-remote.o
 0001:0000d790       AnswerQueryObject          000000014000e790 f   dbg_..-common-remote.o
 0001:0000d8d0       UpdateWaitingPush          000000014000e8d0 f   dbg_..-common-remote.o
 0001:0000db60       AnswerPushObject           000000014000eb60 f   dbg_..-common-remote.o
 0001:0000dc50       SendPageAllocationConfirm  000000014000ec50 f   dbg_..-common-remote.o
 0001:0000dcf0       SendIDConfirm              000000014000ecf0 f   dbg_..-common-remote.o
 0001:0000dd90       RedirectBroadcastQuery     000000014000ed90 f   dbg_..-common-remote.o
 0001:0000df20       RedirectBroadcastIDQuery   000000014000ef20 f   dbg_..-common-remote.o
 0001:0000e0b0       ConfirmConnection          000000014000f0b0 f   dbg_..-common-remote.o
 0001:0000e350       InitiateConnection         000000014000f350 f   dbg_..-common-remote.o
 0001:0000e7e0       RequestMemoryPage          000000014000f7e0 f   dbg_..-common-remote.o
 0001:0000e900       RequestServerId            000000014000f900 f   dbg_..-common-remote.o
 0001:0000ea10       AnswerRequestObjectPath    000000014000fa10 f   dbg_..-common-remote.o
 0001:0000eb60       RequestObjectPathBroadcast 000000014000fb60 f   dbg_..-common-remote.o
 0001:0000ed80       AnswerRequestPathToID      000000014000fd80 f   dbg_..-common-remote.o
 0001:0000eed0       RequestPathToIDBroadcast   000000014000fed0 f   dbg_..-common-remote.o
 0001:0000f0f0       RequestObjectGet           00000001400100f0 f   dbg_..-common-remote.o
 0001:0000f3d0       RequestObjectSet           00000001400103d0 f   dbg_..-common-remote.o
 0001:0000f7b0       StartNewWorkerRemote       00000001400107b0 f   dbg_..-common-remote.o
 0001:0000f8f0       SendHiveState              00000001400108f0 f   dbg_..-common-remote.o
 0001:0000fa70       start_remote_subsystem     0000000140010a70 f   dbg_..-common-remote.o
 0001:00013940       gai_strerrorW              0000000140014940 f i dbg_..-common-remote.o
 0001:000139a0       RegisterObjectWithId       00000001400149a0 f   dbg_..-common-runtime.o
 0001:000139d0       GetNewObjectId             00000001400149d0 f   dbg_..-common-runtime.o
 0001:00013ac0       universalPauseWorker       0000000140014ac0 f   dbg_..-common-runtime.o
 0001:00013b40       universalUpdateLocalPush   0000000140014b40 f   dbg_..-common-runtime.o
 0001:00013ba0       UpdateFromQueryResult      0000000140014ba0 f   dbg_..-common-runtime.o
 0001:00013c20       PrintObject                0000000140014c20 f   dbg_..-common-runtime.o
 0001:00013e20       WaitListNode               0000000140014e20 f   dbg_..-common-runtime.o
 0001:00013ed0       WaitListWorker             0000000140014ed0 f   dbg_..-common-runtime.o
 0001:00013f30       EnqueueWorkerFromWaitList  0000000140014f30 f   dbg_..-common-runtime.o
 0001:00014050       UpdateWaitingWorkers       0000000140015050 f   dbg_..-common-runtime.o
 0001:00014300       StartNewWorker             0000000140015300 f   dbg_..-common-runtime.o
 0001:00014600       LoadWorker                 0000000140015600 f   dbg_..-common-runtime.o
 0001:000158c0       entry                      00000001400168c0 f   dbg_..-common-runtime.o
 0001:00016a80       WaitListUpdateWorker       0000000140017a80 f   dbg_..-common-sheduler.o
 0001:00016ac0       SheduleWorker              0000000140017ac0 f   dbg_..-common-sheduler.o
 0001:00016c50       ShedulerInstance           0000000140017c50 f   dbg_..-common-sheduler.o
 0001:00016d00       TryStallSheduler           0000000140017d00 f   dbg_..-common-sheduler.o
 0001:00016dd0       MasterSheduler             0000000140017dd0 f   dbg_..-common-sheduler.o
 0001:00017350       ShedulerStart              0000000140018350 f   dbg_..-common-sheduler.o
 0001:0001791c       x64_fastPushObject         000000014001891c     asm_dbg.o
 0001:00017985       x64_fastQueryObject        0000000140018985     asm_dbg.o
 0001:000179ee       x64_fastNewObject          00000001400189ee     asm_dbg.o
 0001:00017a57       x64_fastCallObject         0000000140018a57     asm_dbg.o
 0001:00017ac0       x64_fastPushPipe           0000000140018ac0     asm_dbg.o
 0001:00017b29       x64_fastQueryPipe          0000000140018b29     asm_dbg.o
 0001:00017b92       x64_fastSleep              0000000140018b92     asm_dbg.o
 0001:00017bfb       gpu_fastNewObject          0000000140018bfb     asm_dbg.o
 0001:00017c64       gpu_fastCallObject         0000000140018c64     asm_dbg.o
 0001:00017ccd       loc_fastNewObject          0000000140018ccd     asm_dbg.o
 0001:00017d36       dll_fastCallObject         0000000140018d36     asm_dbg.o
 0001:00017d9f       any_fastCastProvider       0000000140018d9f     asm_dbg.o
 0001:00017e08       x64AsmExecuteWorker        0000000140018e08     asm_dbg.o
 0001:00017e6a       setjmpUN                   0000000140018e6a     asm_dbg.o
 0001:00017e9d       longjmpUN                  0000000140018e9d     asm_dbg.o
 0001:00017ec6       DllCall                    0000000140018ec6     asm_dbg.o
 0001:00019265       GdiSetBatchLimit           000000014001a265 f   gdi32:GDI32.dll
 0001:0001926b       CommandLineToArgvW         000000014001a26b f   shell32:SHELL32.dll
 0001:00019271       TlsGetValue                000000014001a271 f   kernel32:KERNEL32.dll
 0001:00019277       GetLastError               000000014001a277 f   kernel32:KERNEL32.dll
 0001:0001927d       HeapAlloc                  000000014001a27d f   kernel32:KERNEL32.dll
 0001:00019283       MultiByteToWideChar        000000014001a283 f   kernel32:KERNEL32.dll
 0001:00019289       WriteConsoleW              000000014001a289 f   kernel32:KERNEL32.dll
 0001:0001928f       HeapReAlloc                000000014001a28f f   kernel32:KERNEL32.dll
 0001:00019295       HeapFree                   000000014001a295 f   kernel32:KERNEL32.dll
 0001:0001929b       GetConsoleMode             000000014001a29b f   kernel32:KERNEL32.dll
 0001:000192a1       ReadConsoleW               000000014001a2a1 f   kernel32:KERNEL32.dll
 0001:000192a7       ReadFile                   000000014001a2a7 f   kernel32:KERNEL32.dll
 0001:000192ad       ExitProcess                000000014001a2ad f   kernel32:KERNEL32.dll
 0001:000192b3       QueryPerformanceCounter    000000014001a2b3 f   kernel32:KERNEL32.dll
 0001:000192b9       QueryPerformanceFrequency  000000014001a2b9 f   kernel32:KERNEL32.dll
 0001:000192bf       GetStdHandle               000000014001a2bf f   kernel32:KERNEL32.dll
 0001:000192c5       GetProcessHeap             000000014001a2c5 f   kernel32:KERNEL32.dll
 0001:000192cb       AcquireSRWLockExclusive    000000014001a2cb f   kernel32:KERNEL32.dll
 0001:000192d1       ReleaseSRWLockExclusive    000000014001a2d1 f   kernel32:KERNEL32.dll
 0001:000192d7       GetThreadContext           000000014001a2d7 f   kernel32:KERNEL32.dll
 0001:000192dd       SetThreadContext           000000014001a2dd f   kernel32:KERNEL32.dll
 0001:000192e3       AcquireSRWLockShared       000000014001a2e3 f   kernel32:KERNEL32.dll
 0001:000192e9       ReleaseSRWLockShared       000000014001a2e9 f   kernel32:KERNEL32.dll
 0001:000192ef       Sleep                      000000014001a2ef f   kernel32:KERNEL32.dll
 0001:000192f5       CreateIoCompletionPort     000000014001a2f5 f   kernel32:KERNEL32.dll
 0001:000192fb       FormatMessageW             000000014001a2fb f   kernel32:KERNEL32.dll
 0001:00019301       CreateThread               000000014001a301 f   kernel32:KERNEL32.dll
 0001:00019307       TryAcquireSRWLockExclusive 000000014001a307 f   kernel32:KERNEL32.dll
 0001:0001930d       GetQueuedCompletionStatus  000000014001a30d f   kernel32:KERNEL32.dll
 0001:00019313       VirtualAlloc               000000014001a313 f   kernel32:KERNEL32.dll
 0001:00019319       LoadLibraryA               000000014001a319 f   kernel32:KERNEL32.dll
 0001:0001931f       GetProcAddress             000000014001a31f f   kernel32:KERNEL32.dll
 0001:00019325       TlsAlloc                   000000014001a325 f   kernel32:KERNEL32.dll
 0001:0001932b       CreateFileW                000000014001a32b f   kernel32:KERNEL32.dll
 0001:00019331       GetFileSizeEx              000000014001a331 f   kernel32:KERNEL32.dll
 0001:00019337       CloseHandle                000000014001a337 f   kernel32:KERNEL32.dll
 0001:0001933d       GetCommandLineW            000000014001a33d f   kernel32:KERNEL32.dll
 0001:00019343       TlsFree                    000000014001a343 f   kernel32:KERNEL32.dll
 0001:00019349       TlsSetValue                000000014001a349 f   kernel32:KERNEL32.dll
 0001:0001934f       SetEvent                   000000014001a34f f   kernel32:KERNEL32.dll
 0001:00019355       SuspendThread              000000014001a355 f   kernel32:KERNEL32.dll
 0001:0001935b       ResumeThread               000000014001a35b f   kernel32:KERNEL32.dll
 0001:00019361       CreateEventW               000000014001a361 f   kernel32:KERNEL32.dll
 0001:00019367       WaitForSingleObject        000000014001a367 f   kernel32:KERNEL32.dll
 0001:0001936d       WaitForMultipleObjects     000000014001a36d f   kernel32:KERNEL32.dll
 0001:00019373       BCryptGenRandom            000000014001a373 f   bcrypt:bcrypt.dll
 0001:00019379       send                       000000014001a379 f   ws2_32:WS2_32.dll
 0001:0001937f       getpeername                000000014001a37f f   ws2_32:WS2_32.dll
 0001:00019385       inet_ntop                  000000014001a385 f   ws2_32:WS2_32.dll
 0001:0001938b       ntohs                      000000014001a38b f   ws2_32:WS2_32.dll
 0001:00019391       WSARecv                    000000014001a391 f   ws2_32:WS2_32.dll
 0001:00019397       socket                     000000014001a397 f   ws2_32:WS2_32.dll
 0001:0001939d       connect                    000000014001a39d f   ws2_32:WS2_32.dll
 0001:000193a3       closesocket                000000014001a3a3 f   ws2_32:WS2_32.dll
 0001:000193a9       setsockopt                 000000014001a3a9 f   ws2_32:WS2_32.dll
 0001:000193af       getaddrinfo                000000014001a3af f   ws2_32:WS2_32.dll
 0001:000193b5       freeaddrinfo               000000014001a3b5 f   ws2_32:WS2_32.dll
 0001:000193bb       WSAStartup                 000000014001a3bb f   ws2_32:WS2_32.dll
 0001:000193c1       htons                      000000014001a3c1 f   ws2_32:WS2_32.dll
 0001:000193c7       bind                       000000014001a3c7 f   ws2_32:WS2_32.dll
 0001:000193cd       getsockname                000000014001a3cd f   ws2_32:WS2_32.dll
 0001:000193d3       WSAGetLastError            000000014001a3d3 f   ws2_32:WS2_32.dll
 0001:000193d9       listen                     000000014001a3d9 f   ws2_32:WS2_32.dll
 0001:000193df       accept                     000000014001a3df f   ws2_32:WS2_32.dll
 0001:000193e5       clGetKernelArgInfo         000000014001a3e5 f   OpenCL:OpenCL.dll
 0001:000193eb       clSetKernelArg             000000014001a3eb f   OpenCL:OpenCL.dll
 0001:000193f1       clEnqueueNDRangeKernel     000000014001a3f1 f   OpenCL:OpenCL.dll
 0001:000193f7       clEnqueueReadBuffer        000000014001a3f7 f   OpenCL:OpenCL.dll
 0001:000193fd       clEnqueueWriteBuffer       000000014001a3fd f   OpenCL:OpenCL.dll
 0001:00019403       clGetPlatformIDs           000000014001a403 f   OpenCL:OpenCL.dll
 0001:00019409       clGetPlatformInfo          000000014001a409 f   OpenCL:OpenCL.dll
 0001:0001940f       clGetDeviceIDs             000000014001a40f f   OpenCL:OpenCL.dll
 0001:00019415       clGetDeviceInfo            000000014001a415 f   OpenCL:OpenCL.dll
 0001:0001941b       clCreateContext            000000014001a41b f   OpenCL:OpenCL.dll
 0001:00019421       clCreateCommandQueueWithProperties 000000014001a421 f   OpenCL:OpenCL.dll
 0001:00019427       clCreateProgramWithSource  000000014001a427 f   OpenCL:OpenCL.dll
 0001:0001942d       clBuildProgram             000000014001a42d f   OpenCL:OpenCL.dll
 0001:00019433       clGetProgramBuildInfo      000000014001a433 f   OpenCL:OpenCL.dll
 0001:00019439       clCreateKernel             000000014001a439 f   OpenCL:OpenCL.dll
 0001:0001943f       clCreateBuffer             000000014001a43f f   OpenCL:OpenCL.dll
 0001:00019445       clFinish                   000000014001a445 f   OpenCL:OpenCL.dll
 0002:00000000       ??_C@_1EK@HCHIHAJJ@?$AAP?$AAa?$AAu?$AAs?$AAe?$AAd?$AA?5?$AAw?$AAo?$AAr?$AAk?$AAe?$AAr?$AA?5?$AAD?$AAL?$AAL?$AA?5?$AA?$CF?$AAl?$AAl?$AAd?$AA?5?$AA?$FL?$AAc?$AAa?$AAu?$AAs?$AAe?$AA?5?$AA?$CF?$AAl@ 000000014001c000     dbg_.-dll-await_worker.o
 0002:00000058       ??_C@_1GG@GJHNDGHH@?$AAC?$AAa?$AAl?$AAl?$AAi?$AAn?$AAg?$AA?5?$AAd?$AAl?$AAl?$AAi?$AAm?$AAp?$AAo?$AAr?$AAt?$AA?5?$AAw?$AAo?$AAr?$AAk?$AAe?$AAr?$AA?5?$AA?$CF?$AAl?$AAl?$AAd?$AA?5?$AA?$FL?$AAd@ 000000014001c058     dbg_.-dll-call_object.o
 0002:000000d2       ??_C@_1BC@GMOKLPI@?$AAT?$AAa?$AAb?$AAl?$AAe?$AA?5?$AA?$DN?$AA?5?$AA?$AA@ 000000014001c0d2     dbg_.-dll-call_object.o
 0002:000000e8       ??_C@_1M@OMOAGDNC@?$AA?$CF?$AA0?$AA2?$AAx?$AA?5?$AA?$AA@ 000000014001c0e8     dbg_.-dll-call_object.o
 0002:000000f6       ??_C@_13LBAGMAIH@?$AA?6?$AA?$AA@ 000000014001c0f6     dbg_.-dll-call_object.o
 0002:00000114       ??_C@_1DC@PJLFFJJC@?$AAR?$AAU?$AAN?$AA?5?$AAd?$AAl?$AAl?$AAi?$AAm?$AAp?$AAo?$AAr?$AAt?$AA?5?$AAw?$AAo?$AAr?$AAk?$AAe?$AAr?$AA?$DN?$AA?$CF?$AAp?$AA?6?$AA?$AA@ 000000014001c114     dbg_.-dll-execute_worker.o
 0002:00000150       ??_C@_1FE@MNCEKKEL@?$AAE?$AAr?$AAr?$AAo?$AAr?$AA?3?$AA?5?$AAU?$AAN?$AAK?$AAN?$AAO?$AAW?$AAN?$AA?5?$AAp?$AAr?$AAo?$AAv?$AAi?$AAd?$AAe?$AAr?$AA?5?$AA?$CF?$AAl?$AAl?$AAd?$AA?5?$AAi?$AAn?$AA?5@ 000000014001c150     dbg_.-dll-execute_worker.o
 0002:000001b4       ??_C@_1CO@MJDCEOJE@?$AAR?$AAe?$AAq?$AAu?$AAe?$AAs?$AAt?$AAi?$AAn?$AAg?$AA?5?$AA?$CF?$AAl?$AAl?$AAd?$AA?5?$AAb?$AAy?$AAt?$AAe?$AAs?$AA?6?$AA?$AA@ 000000014001c1b4     dbg_.-dll-execute_worker.o
 0002:000001ec       ??_C@_1EA@NLGJANLO@?$AAA?$AAr?$AAg?$AAu?$AAm?$AAe?$AAn?$AAt?$AA?5?$AA?$CF?$AAl?$AAl?$AAd?$AA?3?$AA?5?$AA?$FL?$AA?$CF?$AA0?$AA2?$AAx?$AA?$FN?$AA?5?$AA?$FL?$AAt?$AAo?$AA?9?$AA?$DO?$AA?$CF?$AAp?$AA?$FN?$AA?6?$AA?$AA@ 000000014001c1ec     dbg_.-dll-execute_worker.o
 0002:00000238       ??_C@_1DI@KIDLNDBO@?$AA?5?$AA?5?$AA?5?$AA?5?$AA?5?$AA?5?$AA?5?$AA?5?$AA?5?$AAo?$AAf?$AA?5?$AAs?$AAi?$AAz?$AAe?$AA?5?$AA?$CF?$AAl?$AAl?$AAd?$AA?$DL?$AA?5?$AA?$DN?$AA?$CF?$AAp?$AA?6?$AA?$AA@ 000000014001c238     dbg_.-dll-execute_worker.o
 0002:0000027c       ??_C@_1DE@HPIEKKI@?$AAc?$AAa?$AAl?$AAl?$AAi?$AAn?$AAg?$AA?5?$AAd?$AAl?$AAl?$AAi?$AAm?$AAp?$AAo?$AAr?$AAt?$AA?5?$AAw?$AAo?$AAr?$AAk?$AAe?$AAr?$AA?6?$AA?$AA@ 000000014001c27c     dbg_.-dll-execute_worker.o
 0002:000002ba       ??_C@_1CE@FDGKEBHI@?$AAA?$AAR?$AAG?$AA?$FL?$AA?$CF?$AAl?$AAl?$AAd?$AA?$FN?$AA?5?$AA?$DN?$AA?5?$AA?$CF?$AAl?$AAl?$AAd?$AA?6?$AA?$AA@ 000000014001c2ba     dbg_.-dll-execute_worker.o
 0002:000002e6       ??_C@_1EE@IHBKLDNM@?$AAo?$AAu?$AAt?$AAp?$AAu?$AAt?$AA?5?$AAi?$AAs?$AA?5?$AA?$CF?$AAp?$AA?5?$AA?$FL?$AA?9?$AA?$DO?$AAt?$AAo?$AA?5?$AAp?$AAr?$AAo?$AAm?$AAi?$AAs?$AAe?$AA?5?$AA?$CF?$AAl?$AAl?$AAd?$AA?$FN@ 000000014001c2e6     dbg_.-dll-execute_worker.o
 0002:00000338       ??_C@_1HO@GIMLMCLD@?$AAr?$AAe?$AAt?$AAu?$AAr?$AAn?$AAe?$AAd?$AA?5?$AA?$CL?$AA?5?$AAE?$AAr?$AAr?$AAo?$AAr?$AA?$DN?$AA?$CF?$AAl?$AAl?$AAd?$AA?5?$AA?$FL?$AAb?$AAe?$AAf?$AAo?$AAr?$AAe?$AA?5?$AAc?$AAa@ 000000014001c338     dbg_.-dll-execute_worker.o
 0002:000003d0       ??_C@_1GM@IPHLEIPK@?$AAE?$AAr?$AAr?$AAo?$AAr?$AA?3?$AA?5?$AAf?$AAa?$AAi?$AAl?$AAe?$AAd?$AA?5?$AAt?$AAo?$AA?5?$AAa?$AAl?$AAl?$AAo?$AAc?$AAa?$AAt?$AAe?$AA?5?$AA?$CF?$AAl?$AAl?$AAd?$AA?5?$AAb@ 000000014001c3d0     dbg_.-runtime_lib.o
 0002:00000452       ??_C@_1HA@KLDBOMN@?$AAE?$AAr?$AAr?$AAo?$AAr?$AA?3?$AA?5?$AAf?$AAa?$AAi?$AAl?$AAe?$AAd?$AA?5?$AAt?$AAo?$AA?5?$AAr?$AAe?$AAa?$AAl?$AAl?$AAo?$AAc?$AAa?$AAt?$AAe?$AA?5?$AA?$CF?$AAl?$AAl?$AAd@ 000000014001c452     dbg_.-runtime_lib.o
 0002:000004d8       ??_C@_1EI@DJFGOBAG@?$AAE?$AAr?$AAr?$AAo?$AAr?$AA?3?$AA?5?$AAf?$AAa?$AAi?$AAl?$AAe?$AAd?$AA?5?$AAt?$AAo?$AA?5?$AAf?$AAr?$AAe?$AAe?$AA?5?$AAm?$AAe?$AAm?$AAo?$AAr?$AAy?$AA?3?$AA?5?$AA?$CF?$AAl@ 000000014001c4d8     dbg_.-runtime_lib.o
 0002:0000052e       ??_C@_1CM@EJGKJCED@?$AAA?$AAs?$AAs?$AAe?$AAr?$AAt?$AAi?$AAo?$AAn?$AA?5?$AAf?$AAa?$AAi?$AAl?$AAe?$AAd?$AA?3?$AA?5?$AA?$CF?$AAs?$AA?6?$AA?$AA@ 000000014001c52e     dbg_.-runtime_lib.o
 0002:00000562       ??_C@_1EI@GJCCEHA@?$AAF?$AAi?$AAl?$AAe?$AA?3?$AA?5?$AA?$CF?$AAs?$AA?0?$AA?5?$AAL?$AAi?$AAn?$AAe?$AA?3?$AA?5?$AA?$CF?$AAl?$AAl?$AAd?$AA?0?$AA?5?$AAF?$AAu?$AAn?$AAc?$AAt?$AAi?$AAo?$AAn?$AA?3?$AA?5@ 000000014001c562     dbg_.-runtime_lib.o
 0002:000005b8       ??_C@_1EK@KEDGKNCB@?$AAP?$AAa?$AAu?$AAs?$AAe?$AAd?$AA?5?$AAw?$AAo?$AAr?$AAk?$AAe?$AAr?$AA?5?$AAG?$AAP?$AAU?$AA?5?$AA?$CF?$AAl?$AAl?$AAd?$AA?5?$AA?$FL?$AAc?$AAa?$AAu?$AAs?$AAe?$AA?5?$AA?$CF?$AAl@ 000000014001c5b8     dbg_..-common-gpu-await_worker.o
 0002:00000610       ??_C@_1FC@NMNADHLK@?$AAC?$AAa?$AAl?$AAl?$AAi?$AAn?$AAg?$AA?5?$AAw?$AAo?$AAr?$AAk?$AAe?$AAr?$AA?5?$AA?$CF?$AAl?$AAl?$AAd?$AA?5?$AA?$FL?$AAd?$AAa?$AAt?$AAa?$AA?$DN?$AA?$CF?$AAp?$AA?0?$AA?5?$AAm?$AAo@ 000000014001c610     dbg_..-common-gpu-call_object.o
 0002:00000672       ??_C@_1CG@CCFDEFBF@?$AAR?$AAU?$AAN?$AA?5?$AAG?$AAP?$AAU?$AA?5?$AAw?$AAo?$AAr?$AAk?$AAe?$AAr?$AA?$DN?$AA?$CF?$AAp?$AA?6?$AA?$AA@ 000000014001c672     dbg_..-common-gpu-execute_worker.o
 0002:000006a0       ??_C@_1CM@IKJLFGHA@?$AAS?$AAi?$AAz?$AAe?$AA?5?$AAd?$AAi?$AAm?$AA?5?$AA?$CF?$AAl?$AAl?$AAd?$AA?5?$AA?$DN?$AA?5?$AA?$CF?$AAl?$AAl?$AAd?$AA?6?$AA?$AA@ 000000014001c6a0     dbg_..-common-gpu-execute_worker.o
 0002:000006d4       ??_C@_1DA@NMEBJCAH@?$AAO?$AAf?$AAf?$AAs?$AAe?$AAt?$AA?5?$AAd?$AAi?$AAm?$AA?5?$AA?$CF?$AAl?$AAl?$AAd?$AA?5?$AA?$DN?$AA?5?$AA?$CF?$AAl?$AAl?$AAd?$AA?6?$AA?$AA@ 000000014001c6d4     dbg_..-common-gpu-execute_worker.o
 0002:0000070e       ??_C@_1DO@MBJBKNM@?$AAE?$AAr?$AAr?$AAo?$AAr?$AA?3?$AA?5?$AAa?$AAt?$AA?5?$AAc?$AAl?$AAS?$AAe?$AAt?$AAK?$AAe?$AAr?$AAn?$AAe?$AAl?$AAA?$AAr?$AAg?$AA?5?$AA?$CF?$AAl?$AAl?$AAd?$AA?6?$AA?$AA@ 000000014001c70e     dbg_..-common-gpu-execute_worker.o
 0002:00000758       ??_C@_1CO@BOPILBOM@?$AAC?$AAO?$AAN?$AAF?$AAI?$AAG?$AAU?$AAR?$AAE?$AAD?$AA?3?$AA?5?$AAd?$AAi?$AAm?$AAs?$AA?$DN?$AA?$CF?$AAl?$AAl?$AAd?$AA?6?$AA?$AA@ 000000014001c758     dbg_..-common-gpu-execute_worker.o
 0002:00000790       ??_C@_1EO@KIFHHFHO@?$AAE?$AAr?$AAr?$AAo?$AAr?$AA?3?$AA?5?$AAa?$AAt?$AA?5?$AAc?$AAl?$AAE?$AAn?$AAq?$AAu?$AAe?$AAu?$AAe?$AAN?$AAD?$AAR?$AAa?$AAn?$AAg?$AAe?$AAK?$AAe?$AAr?$AAn?$AAe?$AAl@ 000000014001c790     dbg_..-common-gpu-execute_worker.o
 0002:000007ee       ??_C@_1FG@NKPPHDDL@?$AAA?$AAl?$AAl?$AAo?$AAc?$AAa?$AAt?$AAi?$AAn?$AAg?$AA?5?$AAb?$AAu?$AAf?$AAf?$AAe?$AAr?$AA?5?$AAo?$AAf?$AA?5?$AAs?$AAi?$AAz?$AAe?$AA?5?$AA?$CF?$AAl?$AAl?$AAd?$AA?5?$AAp@ 000000014001c7ee     dbg_..-common-gpu-new_object.o
 0002:00000856       ??_C@_1DO@PIAGAENK@?$AAE?$AAR?$AAR?$AAO?$AAR?$AA?3?$AA?5?$AAg?$AAp?$AAu?$AAA?$AAl?$AAl?$AAo?$AAc?$AA?5?$AAf?$AAa?$AAi?$AAl?$AAe?$AAd?$AA?5?$AA?$FL?$AA?$CF?$AAl?$AAl?$AAd?$AA?$FN?$AA?6?$AA?$AA@ 000000014001c856     dbg_..-common-gpu-new_object.o
 0002:000008a0       ??_C@_1BG@LMPFNDF@?$AAr?$AAe?$AAs?$AAu?$AAl?$AAt?$AA?5?$AA?$CF?$AAp?$AA?6?$AA?$AA@ 000000014001c8a0     dbg_..-common-gpu-new_object.o
 0002:000008ba       ??_C@_1FM@LBBNKNII@?$AAE?$AAR?$AAR?$AAO?$AAR?$AA?3?$AA?5?$AAP?$AAi?$AAp?$AAe?$AAs?$AA?5?$AAa?$AAr?$AAe?$AA?5?$AAu?$AAn?$AAs?$AAu?$AAp?$AAp?$AAo?$AAr?$AAt?$AAe?$AAd?$AA?5?$AAo?$AAn?$AA?5@ 000000014001c8ba     dbg_..-common-gpu-new_object.o
 0002:00000928       ??_C@_1EA@PKIDLDBK@?$AAo?$AAb?$AAj?$AAe?$AAc?$AAt?$AA?5?$AAf?$AAo?$AAr?$AA?5?$AAs?$AAi?$AAz?$AAe?$AA?5?$AA?$CF?$AAl?$AAl?$AAd?$AA?5?$AAa?$AAl?$AAl?$AAo?$AAc?$AAa?$AAt?$AAe?$AAd?$AA?6?$AA?$AA@ 000000014001c928     dbg_..-common-gpu-new_object.o
 0002:00000974       ??_C@_1GM@BNFAKJM@?$AAE?$AAR?$AAR?$AAO?$AAR?$AA?3?$AA?5?$AAP?$AAi?$AAp?$AAe?$AAs?$AA?5?$AAa?$AAr?$AAe?$AA?5?$AAu?$AAn?$AAs?$AAu?$AAp?$AAp?$AAo?$AAr?$AAt?$AAe?$AAd?$AA?5?$AAo?$AAn?$AA?5@ 000000014001c974     dbg_..-common-gpu-new_object.o
 0002:000009f6       ??_C@_1DC@NBDPBMKB@?$AAW?$AAr?$AAo?$AAn?$AAg?$AA?5?$AAt?$AAy?$AAp?$AAe?$AA?5?$AAi?$AAn?$AA?5?$AAN?$AAe?$AAw?$AAO?$AAb?$AAj?$AAe?$AAc?$AAt?$AA?6?$AA?$AA@ 000000014001c9f6     dbg_..-common-gpu-new_object.o
 0002:00000a32       ??_C@_1EG@FBJBJMFK@?$AAN?$AAO?$AAT?$AA?5?$AAS?$AAU?$AAP?$AAP?$AAO?$AAR?$AAT?$AAE?$AAD?$AA?3?$AA?5?$AAp?$AAu?$AAs?$AAh?$AA?5?$AAi?$AAn?$AA?5?$AAg?$AAp?$AAu?$AA?5?$AAo?$AAb?$AAj?$AAe?$AAc@ 000000014001ca32     dbg_..-common-gpu-push_object.o
 0002:00000a86       ??_C@_1FE@GJLEMBH@?$AAN?$AAO?$AAT?$AA?5?$AAS?$AAU?$AAP?$AAP?$AAO?$AAR?$AAT?$AAE?$AAD?$AA?3?$AA?5?$AAp?$AAu?$AAs?$AAh?$AA?5?$AAi?$AAn?$AA?5?$AAg?$AAp?$AAu?$AA?5?$AAo?$AAb?$AAj?$AAe?$AAc@ 000000014001ca86     dbg_..-common-gpu-push_object.o
 0002:00000aea       ??_C@_1EI@EPHKLIAN@?$AAN?$AAO?$AAT?$AA?5?$AAS?$AAU?$AAP?$AAP?$AAO?$AAR?$AAT?$AAE?$AAD?$AA?3?$AA?5?$AAq?$AAu?$AAe?$AAr?$AAy?$AA?5?$AAi?$AAn?$AA?5?$AAg?$AAp?$AAu?$AA?5?$AAo?$AAb?$AAj?$AAe@ 000000014001caea     dbg_..-common-gpu-query_object.o
 0002:00000b40       ??_C@_1FG@PCBNEEAC@?$AAN?$AAO?$AAT?$AA?5?$AAS?$AAU?$AAP?$AAP?$AAO?$AAR?$AAT?$AAE?$AAD?$AA?3?$AA?5?$AAq?$AAu?$AAe?$AAr?$AAy?$AA?5?$AAi?$AAn?$AA?5?$AAg?$AAp?$AAu?$AA?5?$AAo?$AAb?$AAj?$AAe@ 000000014001cb40     dbg_..-common-gpu-query_object.o
 0002:00000bc0       ??_C@_1DM@CKKHLHMJ@?$AAP?$AAi?$AAp?$AAe?$AA?5?$AAf?$AAo?$AAr?$AA?5?$AAs?$AAi?$AAz?$AAe?$AA?5?$AA?$CF?$AAl?$AAl?$AAd?$AA?5?$AAa?$AAl?$AAl?$AAo?$AAc?$AAa?$AAt?$AAe?$AAd?$AA?6?$AA?$AA@ 000000014001cbc0     dbg_..-common-loc-new_object.o
 0002:00000c08       ??_C@_1GK@LJBKHIKD@?$AAA?$AAr?$AAr?$AAa?$AAy?$AA?5?$AAo?$AAf?$AA?5?$AA?$CF?$AAl?$AAl?$AAd?$AA?5?$AAb?$AAy?$AAt?$AAe?$AAs?$AA?0?$AA?5?$AAe?$AAl?$AAe?$AAm?$AAe?$AAn?$AAt?$AA?5?$AAo?$AAf?$AA?5@ 000000014001cc08     dbg_..-common-loc-new_object.o
 0002:00000c88       ??_C@_1EC@IBADEGPM@?$AAP?$AAr?$AAo?$AAm?$AAi?$AAs?$AAe?$AA?5?$AAf?$AAo?$AAr?$AA?5?$AAs?$AAi?$AAz?$AAe?$AA?5?$AA?$CF?$AAl?$AAl?$AAd?$AA?5?$AAa?$AAl?$AAl?$AAo?$AAc?$AAa?$AAt?$AAe?$AAd?$AA?6@ 000000014001cc88     dbg_..-common-loc-new_object.o
 0002:00000cd8       ??_C@_1DO@OEOJCPLG@?$AAC?$AAl?$AAa?$AAs?$AAs?$AA?5?$AAf?$AAo?$AAr?$AA?5?$AAs?$AAi?$AAz?$AAe?$AA?5?$AA?$CF?$AAl?$AAl?$AAd?$AA?5?$AAa?$AAl?$AAl?$AAo?$AAc?$AAa?$AAt?$AAe?$AAd?$AA?6?$AA?$AA@ 000000014001ccd8     dbg_..-common-loc-new_object.o
 0002:00000d22       ??_C@_1EO@GECEJMLH@?$AAD?$AAe?$AAf?$AAi?$AAn?$AAe?$AAd?$AA?5?$AAa?$AAr?$AAr?$AAa?$AAy?$AA?5?$AAf?$AAo?$AAr?$AA?5?$AAs?$AAi?$AAz?$AAe?$AA?5?$AA?$CF?$AAl?$AAl?$AAd?$AA?5?$AAa?$AAl?$AAl?$AAo@ 000000014001cd22     dbg_..-common-loc-new_object.o
 0002:00000d80       ??_C@_1M@FHJLFHFE@?$AA?5?$AA?$CF?$AA0?$AA2?$AAx?$AA?$AA@ 000000014001cd80     dbg_..-common-loc-new_object.o
 0002:00000d8e       ??_C@_1CO@JBEOLKLD@?$AA?$FL?$AAi?$AAd?$AA?$DN?$AA?$CF?$AAl?$AAl?$AAx?$AA?$FN?$AA?5?$AA?$FL?$AAs?$AAi?$AAz?$AAe?$AA?$DN?$AA?$CF?$AAl?$AAl?$AAd?$AA?$FN?$AA?6?$AA?$AA@ 000000014001cd8e     dbg_..-common-loc-new_object.o
 0002:00000dee       ??_C@_1EC@FMMFNKHC@?$AAP?$AAa?$AAu?$AAs?$AAe?$AAd?$AA?5?$AAw?$AAo?$AAr?$AAk?$AAe?$AAr?$AA?5?$AA?$CF?$AAl?$AAl?$AAd?$AA?5?$AA?$FL?$AAc?$AAa?$AAu?$AAs?$AAe?$AA?5?$AA?$CF?$AAl?$AAl?$AAd?$AA?$FN?$AA?6@ 000000014001cdee     dbg_..-common-x64-await_worker.o
 0002:00000e3e       ??_C@_1BG@KNJPCEOH@?$AAw?$AAo?$AAr?$AAk?$AAe?$AAr?$AA?$DN?$AA?$CF?$AAp?$AA?6?$AA?$AA@ 000000014001ce3e     dbg_..-common-x64-execute_worker.o
 0002:00000e58       ??_C@_1DM@GFFHBIOC@?$AAS?$AAt?$AAa?$AAl?$AAl?$AAi?$AAn?$AAg?$AA?5?$AAw?$AAo?$AAr?$AAk?$AAe?$AAr?$AA?5?$AAa?$AAt?$AA?5?$AAt?$AAh?$AAr?$AAe?$AAa?$AAd?$AA?5?$AA?$CF?$AAp?$AA?6?$AA?$AA@ 000000014001ce58     dbg_..-common-x64-execute_worker.o
 0002:00000ea0       ??_C@_1BC@BLBJHNOB@?$AAS?$AAu?$AAc?$AAc?$AAe?$AAs?$AAs?$AA?6?$AA?$AA@ 000000014001cea0     dbg_..-common-x64-execute_worker.o
 0002:00000eb6       ??_C@_1HE@BGCEENEB@?$AAP?$AAa?$AAu?$AAs?$AAe?$AAd?$AA?5?$AAw?$AAo?$AAr?$AAk?$AAe?$AAr?$AA?5?$AA?$CF?$AAl?$AAl?$AAd?$AA?5?$AA?$FL?$AAs?$AAt?$AAa?$AAl?$AAl?$AA?$FN?$AA?3?$AA?5?$AAn?$AAe?$AAx?$AAt@ 000000014001ceb6     dbg_..-common-x64-execute_worker.o
 0002:00000f5c       ??_C@_1BG@HIIBALHG@?$AA?$FL?$AAi?$AAd?$AA?$DN?$AA?$CF?$AAl?$AAl?$AAx?$AA?$FN?$AA?6?$AA?$AA@ 000000014001cf5c     dbg_..-common-x64-new_object.o
 0002:00000f76       ??_C@_0CD@DKCLGKLJ@NULL?5?$DN?$DN?5?$CCThis?5is?5unreachable?5cod@ 000000014001cf76     dbg_..-common-x64-new_object.o
 0002:00000fa0       ??_C@_0BD@INEGNPMF@x64NewObjectStates?$AA@ 000000014001cfa0     dbg_..-common-x64-new_object.o
 0002:00000fb6       ??_C@_0DD@OGMEDPCJ@D?3?2mipt?2lang3?2runtimes?20?43?2commo@ 000000014001cfb6     dbg_..-common-x64-new_object.o
 0002:0000101a       ??_C@_0BA@DDLBAAIJ@x64OnPushObject?$AA@ 000000014001d01a     dbg_..-common-x64-push_object.o
 0002:0000102d       ??_C@_0DE@HDIHJJAI@D?3?2mipt?2lang3?2runtimes?20?43?2commo@ 000000014001d02d     dbg_..-common-x64-push_object.o
 0002:0000106c       ??_C@_1GA@KFMLACKM@?$AAw?$AAa?$AAi?$AAt?$AAi?$AAn?$AAg?$AA?5?$AAf?$AAo?$AAr?$AA?5?$AAr?$AAe?$AAm?$AAo?$AAt?$AAe?$AA?5?$AAp?$AAu?$AAs?$AAh?$AA?5?$AA?$CF?$AAl?$AAl?$AAd?$AA?1?$AA?$CF?$AAl?$AAl@ 000000014001d06c     dbg_..-common-x64-push_object.o
 0002:000010df       ??_C@_0BE@CLLDEMCI@x64PushObjectStates?$AA@ 000000014001d0df     dbg_..-common-x64-push_object.o
 0002:000010f8       ??_C@_1CG@JJBKNCBO@?$AAp?$AAu?$AAs?$AAh?$AA?5?$AAt?$AAo?$AA?5?$AAo?$AAb?$AAj?$AAe?$AAc?$AAt?$AA?5?$AA?$CF?$AAp?$AA?6?$AA?$AA@ 000000014001d0f8     dbg_..-common-x64-push_object.o
 0002:00001126       ??_C@_1CG@FCDGDINM@?$AAp?$AAu?$AAs?$AAh?$AA?5?$AAt?$AAo?$AA?5?$AAp?$AAi?$AAp?$AAe?$AA?5?$AA?$CF?$AAl?$AAl?$AAd?$AA?6?$AA?$AA@ 000000014001d126     dbg_..-common-x64-push_object.o
 0002:00001153       ??_C@_0BB@OIDGLOGK@x64OnQueryObject?$AA@ 000000014001d153     dbg_..-common-x64-query_object.o
 0002:00001167       ??_C@_0DF@BBNICMA@D?3?2mipt?2lang3?2runtimes?20?43?2commo@ 000000014001d167     dbg_..-common-x64-query_object.o
 0002:000011a6       ??_C@_1EI@HFFKCAJK@?$AAw?$AAa?$AAi?$AAt?$AAi?$AAn?$AAg?$AA?5?$AAf?$AAo?$AAr?$AA?5?$AAr?$AAe?$AAm?$AAo?$AAt?$AAe?$AA?5?$AAq?$AAu?$AAe?$AAr?$AAy?$AA?5?$AA?$CF?$AAl?$AAl?$AAd?$AA?1?$AA?$CF?$AAl@ 000000014001d1a6     dbg_..-common-x64-query_object.o
 0002:000011fc       ??_C@_0BF@ENLEMDLA@x64QueryObjectStates?$AA@ 000000014001d1fc     dbg_..-common-x64-query_object.o
 0002:00001216       ??_C@_1CG@NFAKFIFJ@?$AAQ?$AAu?$AAe?$AAr?$AAy?$AA?5?$AAo?$AAb?$AAj?$AAe?$AAc?$AAt?$AA?5?$AA?$CF?$AAl?$AAl?$AAd?$AA?6?$AA?$AA@ 000000014001d216     dbg_..-common-x64-query_object.o
 0002:00001244       ??_C@_1CM@JHEDMDLC@?$AAq?$AAu?$AAe?$AAr?$AAy?$AA?5?$AAf?$AAr?$AAo?$AAm?$AA?5?$AAp?$AAi?$AAp?$AAe?$AA?5?$AA?$CF?$AAl?$AAl?$AAd?$AA?6?$AA?$AA@ 000000014001d244     dbg_..-common-x64-query_object.o
 0002:00001278       ??_C@_0P@GBODICPB@x64SleepStates?$AA@ 000000014001d278     dbg_..-common-x64-sleep.o
 0002:0000128a       ??_C@_0CO@EELGNBNM@D?3?2mipt?2lang3?2runtimes?20?43?2commo@ 000000014001d28a     dbg_..-common-x64-sleep.o
 0002:000012c2       ??_C@_1CC@KCDEA@?$AAS?$AAl?$AAe?$AAe?$AAp?$AA?5?$AAt?$AAi?$AAm?$AAe?$AA?5?$AA?$CF?$AAl?$AAl?$AAd?$AA?6?$AA?$AA@ 000000014001d2c2     dbg_..-common-x64-sleep.o
 0002:0000131c       ??_C@_1CM@EKFGKDGG@?$AAG?$AAe?$AAt?$AA?5?$AAo?$AAb?$AAj?$AAe?$AAc?$AAt?$AA?5?$AAi?$AAd?$AA?5?$AA?$DN?$AA?5?$AA?$CF?$AAl?$AAl?$AAd?$AA?6?$AA?$AA@ 000000014001d31c     dbg_..-common-cast_provider.o
 0002:00001350       ??_C@_1FE@BCAGMINK@?$AAE?$AAr?$AAr?$AAo?$AAr?$AA?3?$AA?5?$AAn?$AAo?$AA?5?$AAk?$AAn?$AAo?$AAw?$AAn?$AA?5?$AAs?$AAi?$AAz?$AAe?$AA?5?$AAf?$AAo?$AAr?$AA?5?$AAn?$AAo?$AAt?$AA?5?$AAa?$AAr?$AAr@ 000000014001d350     dbg_..-common-cast_provider.o
 0002:000013b4       ??_C@_1CO@MKKBGDMJ@?$AAg?$AAo?$AAt?$AA?5?$AAl?$AAo?$AAc?$AAa?$AAl?$AA?5?$AAs?$AAi?$AAz?$AAe?$AA?5?$AAa?$AAn?$AAs?$AAw?$AAe?$AAr?$AA?6?$AA?$AA@ 000000014001d3b4     dbg_..-common-cast_provider.o
 0002:000013ec       ??_C@_1DM@MLLOPCOA@?$AAQ?$AAu?$AAe?$AAr?$AAy?$AAi?$AAn?$AAg?$AA?5?$AAo?$AAb?$AAj?$AAe?$AAc?$AAt?$AA?5?$AAs?$AAi?$AAz?$AAe?$AA?5?$AAo?$AAf?$AA?5?$AA?$CF?$AAl?$AAl?$AAd?$AA?6?$AA?$AA@ 000000014001d3ec     dbg_..-common-cast_provider.o
 0002:00001434       ??_C@_1DA@NCDJBGNA@?$AAg?$AAo?$AAt?$AA?5?$AAr?$AAe?$AAm?$AAo?$AAt?$AAe?$AA?5?$AAs?$AAi?$AAz?$AAe?$AA?5?$AAa?$AAn?$AAs?$AAw?$AAe?$AAr?$AA?6?$AA?$AA@ 000000014001d434     dbg_..-common-cast_provider.o
 0002:0000146e       ??_C@_1EO@EEOKBBBD@?$AAK?$AAn?$AAo?$AAw?$AA?5?$AAs?$AAi?$AAz?$AAe?$AA?$DN?$AA?$CF?$AAl?$AAl?$AAd?$AA?5?$AA?$FL?$AAp?$AAa?$AAr?$AAa?$AAm?$AA?$DN?$AA?$CF?$AAl?$AAl?$AAd?$AA?$FN?$AA?5?$AA?9?$AA?5?$AAi?$AAd@ 000000014001d46e     dbg_..-common-cast_provider.o
 0002:000014cc       ??_C@_1FK@KDAFABDO@?$AAE?$AAr?$AAr?$AAo?$AAr?$AA?3?$AA?5?$AAl?$AAo?$AAc?$AAa?$AAl?$AA?5?$AAo?$AAb?$AAj?$AAe?$AAc?$AAt?$AA?5?$AAw?$AAa?$AAs?$AA?5?$AAr?$AAe?$AAm?$AAo?$AAv?$AAe?$AAd?$AA?5@ 000000014001d4cc     dbg_..-common-cast_provider.o
 0002:00001538       ??_C@_1FO@HMOHPFHI@?$AAE?$AAr?$AAr?$AAo?$AAr?$AA?5?$AAh?$AAa?$AAp?$AAp?$AAe?$AAn?$AA?5?$AAw?$AAh?$AAi?$AAl?$AAe?$AA?5?$AAc?$AAl?$AAE?$AAn?$AAq?$AAu?$AAe?$AAu?$AAe?$AAR?$AAe?$AAa?$AAd@ 000000014001d538     dbg_..-common-cast_provider.o
 0002:000015a8       ??_C@_1EE@JNODMKEN@?$AAS?$AAu?$AAc?$AAc?$AAe?$AAs?$AAs?$AAi?$AAf?$AAu?$AAl?$AAl?$AAy?$AA?5?$AAc?$AAo?$AAn?$AAv?$AAe?$AAr?$AAt?$AAe?$AAd?$AA?5?$AAg?$AAp?$AAu?$AA?9?$AA?$DO?$AAc?$AAp?$AAu@ 000000014001d5a8     dbg_..-common-cast_provider.o
 0002:000015fa       ??_C@_1GA@EEKPNAGK@?$AAE?$AAr?$AAr?$AAo?$AAr?$AA?5?$AAh?$AAa?$AAp?$AAp?$AAe?$AAn?$AA?5?$AAw?$AAh?$AAi?$AAl?$AAe?$AA?5?$AAc?$AAl?$AAE?$AAn?$AAq?$AAu?$AAe?$AAu?$AAe?$AAW?$AAr?$AAi?$AAt@ 000000014001d5fa     dbg_..-common-cast_provider.o
 0002:0000166e       ??_C@_1EE@NKOFIBGO@?$AAS?$AAu?$AAc?$AAc?$AAe?$AAs?$AAs?$AAi?$AAf?$AAu?$AAl?$AAl?$AAy?$AA?5?$AAc?$AAo?$AAn?$AAv?$AAe?$AAr?$AAt?$AAe?$AAd?$AA?5?$AAc?$AAp?$AAu?$AA?9?$AA?$DO?$AAg?$AAp?$AAu@ 000000014001d66e     dbg_..-common-cast_provider.o
 0002:000016c0       ??_C@_1BM@OBHKMKPP@?$AAR?$AAe?$AAt?$AAu?$AAr?$AAn?$AA?3?$AA?5?$AA?$CF?$AAl?$AAl?$AAd?$AA?6?$AA?$AA@ 000000014001d6c0     dbg_..-common-cast_provider.o
 0002:000016e2       ??_C@_1CK@FKMGPMBC@?$AA?9?$AA?5?$AAg?$AAo?$AAt?$AA?5?$AAi?$AAn?$AA?5?$AAs?$AAt?$AAa?$AAt?$AAe?$AA?5?$AA?$CF?$AAl?$AAl?$AAd?$AA?6?$AA?$AA@ 000000014001d6e2     dbg_..-common-cast_provider.o
 0002:00001714       ??_C@_0O@GKFEADAD@anyCastStates?$AA@ 000000014001d714     dbg_..-common-cast_provider.o
 0002:00001724       ??_C@_0DC@BICAIPCF@D?3?2mipt?2lang3?2runtimes?20?43?2commo@ 000000014001d724     dbg_..-common-cast_provider.o
 0002:00001760       ??_C@_1EC@IPADNJOO@?$AAc?$AAo?$AAn?$AAv?$AAe?$AAr?$AAt?$AA?5?$AA?$CF?$AAp?$AA?5?$AA?$FL?$AAt?$AAy?$AAp?$AAe?$AAs?$AA?5?$AA?$CF?$AAl?$AAl?$AAd?$AA?5?$AA?9?$AA?$DO?$AA?5?$AA?$CF?$AAl?$AAl?$AAd?$AA?$FN?$AA?6@ 000000014001d760     dbg_..-common-cast_provider.o
 0002:000017b0       ??_C@_1IA@HIJJNPCH@?$AAE?$AAR?$AAR?$AAO?$AAR?$AA?3?$AA?5?$AAn?$AAo?$AAt?$AA?5?$AAs?$AAu?$AAp?$AAp?$AAo?$AAr?$AAt?$AAe?$AAd?$AA?5?$AAc?$AAo?$AAn?$AAv?$AAe?$AAr?$AAs?$AAi?$AAo?$AAn?$AA?5@ 000000014001d7b0     dbg_..-common-cast_provider.o
 0002:0000184a       ??_C@_1DK@FINICEEJ@?$AAG?$AAo?$AAt?$AA?5?$AAa?$AAt?$AA?5?$AAl?$AAe?$AAa?$AAs?$AAt?$AA?5?$AA?$CF?$AAl?$AAl?$AAd?$AA?5?$AAp?$AAl?$AAa?$AAt?$AAf?$AAo?$AAr?$AAm?$AAs?$AA?6?$AA?$AA@ 000000014001d84a     dbg_..-common-gpu_subsystem.o
 0002:00001890       ??_C@_1CA@OOAPHHDP@?$AAP?$AAl?$AAa?$AAt?$AAf?$AAo?$AAr?$AAm?$AA?5?$AA?$CF?$AAl?$AAl?$AAd?$AA?3?$AA?6?$AA?$AA@ 000000014001d890     dbg_..-common-gpu_subsystem.o
 0002:000018b6       ??_C@_1DK@CFKCPDLH@?$AA?7?$AA?$CF?$AAl?$AAl?$AAd?$AA?4?$AAN?$AAa?$AAm?$AAe?$AA?5?$AA?5?$AA?5?$AA?5?$AA?5?$AA?5?$AA?5?$AA?5?$AA?5?$AA?5?$AA?5?$AA?5?$AA?5?$AA?3?$AA?5?$AA?$CF?$AAs?$AA?6?$AA?$AA@ 000000014001d8b6     dbg_..-common-gpu_subsystem.o
 0002:000018fc       ??_C@_1DK@PKNJPDCN@?$AA?7?$AA?$CF?$AAl?$AAl?$AAd?$AA?4?$AAV?$AAe?$AAn?$AAd?$AAo?$AAr?$AA?5?$AA?5?$AA?5?$AA?5?$AA?5?$AA?5?$AA?5?$AA?5?$AA?5?$AA?5?$AA?5?$AA?3?$AA?5?$AA?$CF?$AAs?$AA?6?$AA?$AA@ 000000014001d8fc     dbg_..-common-gpu_subsystem.o
 0002:00001942       ??_C@_1DK@BCHMBHFB@?$AA?7?$AA?$CF?$AAl?$AAl?$AAd?$AA?4?$AAV?$AAe?$AAr?$AAs?$AAi?$AAo?$AAn?$AA?5?$AA?5?$AA?5?$AA?5?$AA?5?$AA?5?$AA?5?$AA?5?$AA?5?$AA?5?$AA?3?$AA?5?$AA?$CF?$AAs?$AA?6?$AA?$AA@ 000000014001d942     dbg_..-common-gpu_subsystem.o
 0002:00001988       ??_C@_1DK@PPLGHIMI@?$AA?7?$AA?$CF?$AAl?$AAl?$AAd?$AA?4?$AAP?$AAr?$AAo?$AAf?$AAi?$AAl?$AAe?$AA?5?$AA?5?$AA?5?$AA?5?$AA?5?$AA?5?$AA?5?$AA?5?$AA?5?$AA?5?$AA?3?$AA?5?$AA?$CF?$AAs?$AA?6?$AA?$AA@ 000000014001d988     dbg_..-common-gpu_subsystem.o
 0002:000019ce       ??_C@_1DK@KGLDJAGB@?$AA?7?$AA?$CF?$AAl?$AAl?$AAd?$AA?4?$AAE?$AAx?$AAt?$AAe?$AAn?$AAs?$AAi?$AAo?$AAn?$AAs?$AA?5?$AA?5?$AA?5?$AA?5?$AA?5?$AA?5?$AA?5?$AA?3?$AA?5?$AA?$CF?$AAs?$AA?6?$AA?$AA@ 000000014001d9ce     dbg_..-common-gpu_subsystem.o
 0002:00001a14       ??_C@_1DO@JAHGICMH@?$AA?7?$AA?$CF?$AAl?$AAl?$AAd?$AA?4?$AAT?$AAi?$AAm?$AAe?$AAr?$AA?5?$AAR?$AAe?$AAs?$AAo?$AAl?$AAu?$AAt?$AAi?$AAo?$AAn?$AA?5?$AA?3?$AA?5?$AA?$CF?$AAl?$AAl?$AAd?$AA?6?$AA?$AA@ 000000014001da14     dbg_..-common-gpu_subsystem.o
 0002:00001a5e       ??_C@_1FE@GFHOHNKH@?$AAp?$AAl?$AAa?$AAt?$AAf?$AAo?$AAr?$AAm?$AA?5?$AA?$CF?$AAl?$AAl?$AAd?$AA?3?$AA?5?$AAG?$AAo?$AAt?$AA?5?$AAa?$AAt?$AA?5?$AAl?$AAe?$AAa?$AAs?$AAt?$AA?5?$AA?$CF?$AAl?$AAl?$AAd@ 000000014001da5e     dbg_..-common-gpu_subsystem.o
 0002:00001ac2       ??_C@_1BM@MMFNNAKO@?$AAD?$AAe?$AAv?$AAi?$AAc?$AAe?$AA?5?$AA?$CF?$AAl?$AAl?$AAd?$AA?3?$AA?6?$AA?$AA@ 000000014001dac2     dbg_..-common-gpu_subsystem.o
 0002:00001ae4       ??_C@_1FG@GKDLJBIA@?$AA?7?$AA?$CF?$AAl?$AAl?$AAd?$AA?4?$AA?$CF?$AAl?$AAl?$AAd?$AA?4?$AAN?$AAa?$AAm?$AAe?$AA?5?$AA?5?$AA?5?$AA?5?$AA?5?$AA?5?$AA?5?$AA?5?$AA?5?$AA?5?$AA?5?$AA?5?$AA?5?$AA?5?$AA?5?$AA?5?$AA?5@ 000000014001dae4     dbg_..-common-gpu_subsystem.o
 0002:00001b4c       ??_C@_1FK@JCGLFMHC@?$AA?7?$AA?$CF?$AAl?$AAl?$AAd?$AA?4?$AA?$CF?$AAl?$AAl?$AAd?$AA?4?$AAA?$AAv?$AAa?$AAi?$AAl?$AAa?$AAb?$AAl?$AAe?$AA?5?$AA?5?$AA?5?$AA?5?$AA?5?$AA?5?$AA?5?$AA?5?$AA?5?$AA?5?$AA?5?$AA?5@ 000000014001db4c     dbg_..-common-gpu_subsystem.o
 0002:00001bb8       ??_C@_1FK@PNFJMFNM@?$AA?7?$AA?$CF?$AAl?$AAl?$AAd?$AA?4?$AA?$CF?$AAl?$AAl?$AAd?$AA?4?$AAT?$AAy?$AAp?$AAe?$AA?5?$AA?5?$AA?5?$AA?5?$AA?5?$AA?5?$AA?5?$AA?5?$AA?5?$AA?5?$AA?5?$AA?5?$AA?5?$AA?5?$AA?5?$AA?5?$AA?5@ 000000014001dbb8     dbg_..-common-gpu_subsystem.o
 0002:00001c24       ??_C@_1FG@OJFNKBCG@?$AA?7?$AA?$CF?$AAl?$AAl?$AAd?$AA?4?$AA?$CF?$AAl?$AAl?$AAd?$AA?4?$AAV?$AAe?$AAn?$AAd?$AAo?$AAr?$AA?5?$AA?5?$AA?5?$AA?5?$AA?5?$AA?5?$AA?5?$AA?5?$AA?5?$AA?5?$AA?5?$AA?5?$AA?5?$AA?5?$AA?5@ 000000014001dc24     dbg_..-common-gpu_subsystem.o
 0002:00001c8c       ??_C@_1FG@LICMMOCB@?$AA?7?$AA?$CF?$AAl?$AAl?$AAd?$AA?4?$AA?$CF?$AAl?$AAl?$AAd?$AA?4?$AAD?$AAr?$AAi?$AAv?$AAe?$AAr?$AA?5?$AAV?$AAe?$AAr?$AAs?$AAi?$AAo?$AAn?$AA?5?$AA?5?$AA?5?$AA?5?$AA?5?$AA?5?$AA?5@ 000000014001dc8c     dbg_..-common-gpu_subsystem.o
 0002:00001cf4       ??_C@_1FG@GEMKEAJB@?$AA?7?$AA?$CF?$AAl?$AAl?$AAd?$AA?4?$AA?$CF?$AAl?$AAl?$AAd?$AA?4?$AAD?$AAe?$AAv?$AAi?$AAc?$AAe?$AA?5?$AAV?$AAe?$AAr?$AAs?$AAi?$AAo?$AAn?$AA?5?$AA?5?$AA?5?$AA?5?$AA?5?$AA?5?$AA?5@ 000000014001dcf4     dbg_..-common-gpu_subsystem.o
 0002:00001d5c       ??_C@_1FG@MPCNGFNE@?$AA?7?$AA?$CF?$AAl?$AAl?$AAd?$AA?4?$AA?$CF?$AAl?$AAl?$AAd?$AA?4?$AAP?$AAr?$AAo?$AAf?$AAi?$AAl?$AAe?$AA?5?$AA?5?$AA?5?$AA?5?$AA?5?$AA?5?$AA?5?$AA?5?$AA?5?$AA?5?$AA?5?$AA?5?$AA?5?$AA?5@ 000000014001dd5c     dbg_..-common-gpu_subsystem.o
 0002:00001dc4       ??_C@_1FG@GJMINOLL@?$AA?7?$AA?$CF?$AAl?$AAl?$AAd?$AA?4?$AA?$CF?$AAl?$AAl?$AAd?$AA?4?$AAE?$AAx?$AAt?$AAe?$AAn?$AAs?$AAi?$AAo?$AAn?$AAs?$AA?5?$AA?5?$AA?5?$AA?5?$AA?5?$AA?5?$AA?5?$AA?5?$AA?5?$AA?5?$AA?5@ 000000014001ddc4     dbg_..-common-gpu_subsystem.o
 0002:00001e2c       ??_C@_1FK@NKJEPLPJ@?$AA?7?$AA?$CF?$AAl?$AAl?$AAd?$AA?4?$AA?$CF?$AAl?$AAl?$AAd?$AA?4?$AAM?$AAa?$AAx?$AA?5?$AAC?$AAo?$AAm?$AAp?$AAu?$AAt?$AAe?$AA?5?$AAU?$AAn?$AAi?$AAt?$AAs?$AA?5?$AA?5?$AA?5?$AA?5@ 000000014001de2c     dbg_..-common-gpu_subsystem.o
 0002:00001e98       ??_C@_1FK@OLFGCCPL@?$AA?7?$AA?$CF?$AAl?$AAl?$AAd?$AA?4?$AA?$CF?$AAl?$AAl?$AAd?$AA?4?$AAM?$AAa?$AAx?$AA?5?$AAI?$AAt?$AAe?$AAm?$AA?5?$AAD?$AAi?$AAm?$AAe?$AAn?$AAs?$AAi?$AAo?$AAn?$AAs?$AA?5?$AA?5@ 000000014001de98     dbg_..-common-gpu_subsystem.o
 0002:00001f04       ??_C@_1FK@CMFPDFMJ@?$AA?7?$AA?$CF?$AAl?$AAl?$AAd?$AA?4?$AA?$CF?$AAl?$AAl?$AAd?$AA?4?$AAM?$AAa?$AAx?$AA?5?$AAG?$AAr?$AAo?$AAu?$AAp?$AA?5?$AAS?$AAi?$AAz?$AAe?$AA?5?$AA?5?$AA?5?$AA?5?$AA?5?$AA?5?$AA?5@ 000000014001df04     dbg_..-common-gpu_subsystem.o
 0002:00001f70       ??_C@_1GA@OFJKKJHL@?$AA?7?$AA?7?$AA?$CF?$AAl?$AAl?$AAd?$AA?4?$AA?$CF?$AAl?$AAl?$AAd?$AA?4?$AAM?$AAa?$AAx?$AA?5?$AAI?$AAt?$AAe?$AAm?$AA?5?$AAS?$AAi?$AAz?$AAe?$AAs?$AA?$FL?$AA?$CF?$AAl?$AAl?$AAd?$AA?$FN@ 000000014001df70     dbg_..-common-gpu_subsystem.o
 0002:00001fe4       ??_C@_1FK@PBEPJBHG@?$AA?7?$AA?$CF?$AAl?$AAl?$AAd?$AA?4?$AA?$CF?$AAl?$AAl?$AAd?$AA?4?$AAM?$AAa?$AAx?$AA?5?$AAC?$AAl?$AAo?$AAc?$AAk?$AA?5?$AAF?$AAr?$AAe?$AAq?$AAu?$AAe?$AAn?$AAc?$AAy?$AA?5?$AA?5@ 000000014001dfe4     dbg_..-common-gpu_subsystem.o
 0002:00002050       ??_C@_1FK@EGKKPFNE@?$AA?7?$AA?$CF?$AAl?$AAl?$AAd?$AA?4?$AA?$CF?$AAl?$AAl?$AAd?$AA?4?$AAM?$AAa?$AAx?$AA?5?$AAM?$AAe?$AAm?$AA?5?$AAA?$AAl?$AAl?$AAo?$AAc?$AA?5?$AAS?$AAi?$AAz?$AAe?$AA?5?$AA?5?$AA?5@ 000000014001e050     dbg_..-common-gpu_subsystem.o
 0002:000020bc       ??_C@_1FK@NMMFNGJN@?$AA?7?$AA?$CF?$AAl?$AAl?$AAd?$AA?4?$AA?$CF?$AAl?$AAl?$AAd?$AA?4?$AAG?$AAl?$AAo?$AAb?$AAa?$AAl?$AA?5?$AAM?$AAe?$AAm?$AA?5?$AAC?$AAa?$AAc?$AAh?$AAe?$AAl?$AAi?$AAn?$AAe?$AA?5@ 000000014001e0bc     dbg_..-common-gpu_subsystem.o
 0002:00002128       ??_C@_1FK@NMHJFOBI@?$AA?7?$AA?$CF?$AAl?$AAl?$AAd?$AA?4?$AA?$CF?$AAl?$AAl?$AAd?$AA?4?$AAG?$AAl?$AAo?$AAb?$AAa?$AAl?$AA?5?$AAM?$AAe?$AAm?$AA?5?$AAC?$AAa?$AAc?$AAh?$AAe?$AA?5?$AAS?$AAi?$AAz?$AAe@ 000000014001e128     dbg_..-common-gpu_subsystem.o
 0002:00002194       ??_C@_1FK@KEPOBMOJ@?$AA?7?$AA?$CF?$AAl?$AAl?$AAd?$AA?4?$AA?$CF?$AAl?$AAl?$AAd?$AA?4?$AAG?$AAl?$AAo?$AAb?$AAa?$AAl?$AA?5?$AAM?$AAe?$AAm?$AA?5?$AAS?$AAi?$AAz?$AAe?$AA?5?$AA?5?$AA?5?$AA?5?$AA?5?$AA?5@ 000000014001e194     dbg_..-common-gpu_subsystem.o
 0002:00002200       ??_C@_1FK@BEKCEBKI@?$AA?7?$AA?$CF?$AAl?$AAl?$AAd?$AA?4?$AA?$CF?$AAl?$AAl?$AAd?$AA?4?$AAL?$AAo?$AAc?$AAa?$AAl?$AA?5?$AAM?$AAe?$AAm?$AA?5?$AAS?$AAi?$AAz?$AAe?$AA?5?$AA?5?$AA?5?$AA?5?$AA?5?$AA?5?$AA?5@ 000000014001e200     dbg_..-common-gpu_subsystem.o
 0002:0000226c       ??_C@_1DG@HHDGLCMF@?$AAA?$AAt?$AA?5?$AAe?$AAn?$AAd?$AA?5?$AAh?$AAa?$AAv?$AAe?$AA?5?$AA?$CF?$AAl?$AAl?$AAd?$AA?5?$AAd?$AAe?$AAv?$AAi?$AAc?$AAe?$AAs?$AA?4?$AA?6?$AA?$AA@ 000000014001e26c     dbg_..-common-gpu_subsystem.o
 0002:000022ac       ??_C@_1FC@JJNHHFIJ@?$AAI?$AAn?$AAi?$AAt?$AA?5?$AAf?$AAo?$AAr?$AAm?$AA?5?$AAp?$AAl?$AAa?$AAt?$AAf?$AAo?$AAr?$AAm?$AA?5?$AA?$CF?$AAl?$AAl?$AAd?$AA?5?$AA?$FL?$AAa?$AAu?$AAt?$AAo?$AA?5?$AAs?$AAe@ 000000014001e2ac     dbg_..-common-gpu_subsystem.o
 0002:0000230e       ??_C@_1EC@CFAEGHOO@?$AAE?$AAr?$AAr?$AAo?$AAr?$AA?5?$AAa?$AAt?$AA?5?$AAc?$AAl?$AAC?$AAr?$AAe?$AAa?$AAt?$AAe?$AAC?$AAo?$AAn?$AAt?$AAe?$AAx?$AAt?$AA?5?$AA?$FL?$AA?$CF?$AAl?$AAl?$AAd?$AA?$FN?$AA?6@ 000000014001e30e     dbg_..-common-gpu_subsystem.o
 0002:0000235e       ??_C@_1GI@JODPKPLM@?$AAE?$AAr?$AAr?$AAo?$AAr?$AA?5?$AAa?$AAt?$AA?5?$AAc?$AAl?$AAC?$AAr?$AAe?$AAa?$AAt?$AAe?$AAC?$AAo?$AAm?$AAm?$AAa?$AAn?$AAd?$AAQ?$AAu?$AAe?$AAu?$AAe?$AAW?$AAi?$AAt@ 000000014001e35e     dbg_..-common-gpu_subsystem.o
 0002:000023da       ??_C@_0FA@OKGFDHAO@?9cl?9single?9precision?9constant?5?9c@ 000000014001e3da     dbg_..-common-gpu_subsystem.o
 0002:0000243a       ??_C@_1DE@FJCPKFIJ@?$AAB?$AAu?$AAi?$AAl?$AAd?$AAP?$AAr?$AAo?$AAg?$AAr?$AAa?$AAm?$AA?5?$AAE?$AAr?$AAr?$AAo?$AAr?$AA?3?$AA?5?$AA?$CF?$AAl?$AAl?$AAd?$AA?6?$AA?$AA@ 000000014001e43a     dbg_..-common-gpu_subsystem.o
 0002:00002478       ??_C@_19PDAGFAKM@?$AA?4?$AA?4?$AA?4?$AA?6?$AA?$AA@ 000000014001e478     dbg_..-common-gpu_subsystem.o
 0002:00002484       ??_C@_1CO@HIIDKPPP@?$AAB?$AAu?$AAi?$AAl?$AAd?$AAI?$AAn?$AAf?$AAo?$AA?5?$AAE?$AAr?$AAr?$AAo?$AAr?$AA?3?$AA?5?$AA?$CF?$AAl?$AAl?$AAd?$AA?6?$AA?$AA@ 000000014001e484     dbg_..-common-gpu_subsystem.o
 0002:000024bc       ??_C@_1DA@GJKLKGNM@?$AAB?$AAu?$AAi?$AAl?$AAd?$AAI?$AAn?$AAf?$AAo?$AA2?$AA?5?$AAE?$AAr?$AAr?$AAo?$AAr?$AA?3?$AA?5?$AA?$CF?$AAl?$AAl?$AAd?$AA?6?$AA?$AA@ 000000014001e4bc     dbg_..-common-gpu_subsystem.o
 0002:000024f6       ??_C@_1DA@CBNNMJJB@?$AAE?$AAr?$AAr?$AAo?$AAr?$AA?5?$AAI?$AAn?$AAf?$AAo?$AA?3?$AA?5?$AAc?$AAo?$AAd?$AAe?$AA?$DN?$AA?$CF?$AAl?$AAl?$AAd?$AA?3?$AA?6?$AA?$AA@ 000000014001e4f6     dbg_..-common-gpu_subsystem.o
 0002:00002530       ??_C@_1CA@CAEDKLHA@?$AA?$CF?$AA0?$AA2?$AAx?$AA?5?$AA?$CF?$AA0?$AA2?$AAx?$AA?5?$AA?$CF?$AA0?$AA2?$AAx?$AA?6?$AA?$AA@ 000000014001e530     dbg_..-common-gpu_subsystem.o
 0002:00002556       ??_C@_17MJEANDKP@?$AA?$CF?$AAs?$AA?6?$AA?$AA@ 000000014001e556     dbg_..-common-gpu_subsystem.o
 0002:00002560       ??_C@_1CO@DCKAPNAK@?$AAw?$AAa?$AAi?$AAt?$AAi?$AAn?$AAg?$AA?5?$AAs?$AAt?$AAa?$AAr?$AAt?$AAu?$AAp?$AA?5?$AAp?$AAa?$AAg?$AAe?$AAs?$AA?6?$AA?$AA@ 000000014001e560     dbg_..-common-hive_entry.o
 0002:00002598       ??_C@_1EI@OLFKDNEP@?$AAE?$AAr?$AAr?$AAo?$AAr?$AA?3?$AA?5?$AAa?$AAl?$AAl?$AAo?$AAc?$AAa?$AAt?$AAe?$AAd?$AA?5?$AAa?$AAr?$AAr?$AAa?$AAy?$AA?5?$AAi?$AAs?$AAn?$AA?8?$AAt?$AA?5?$AAl?$AAo?$AAc@ 000000014001e598     dbg_..-common-hive_entry.o
 0002:000025ee       ??_C@_1BM@MGOLOELI@?$AAr?$AAe?$AAs?$AAC?$AAo?$AAd?$AAe?$AAI?$AAd?$AA?$DN?$AA?$CF?$AAp?$AA?6?$AA?$AA@ 000000014001e5ee     dbg_..-common-hive_entry.o
 0002:0000260f       ??_C@_0CA@HOHIFIDM@priority?5?$DO?$DN?50?5?$CG?$CG?5priority?5?$DM?$DN?564?$AA@ 000000014001e60f     dbg_..-common-queue.o
 0002:00002635       ??_C@_0BF@JFMHIIOD@scheduler_queue_push?$AA@ 000000014001e635     dbg_..-common-queue.o
 0002:0000264e       ??_C@_0CK@DIBJHMME@D?3?2mipt?2lang3?2runtimes?20?43?2commo@ 000000014001e64e     dbg_..-common-queue.o
 0002:00002680       ??_C@_04PJOLNDGD@data?$AA@ 000000014001e680     dbg_..-common-queue.o
 0002:00002686       ??_C@_1DO@NMNBJACC@?$AA?9?$AA?9?$AA?9?$AA?9?$AA?9?$AA?5?$AAt?$AAo?$AAt?$AAa?$AAl?$AA?5?$AA?$CF?$AAl?$AAl?$AAd?$AA?5?$AAc?$AAo?$AAn?$AAn?$AAe?$AAc?$AAt?$AAi?$AAo?$AAn?$AAs?$AA?3?$AA?6?$AA?$AA@ 000000014001e686     dbg_..-common-remote.o
 0002:000026d0       ??_C@_1EM@BPMELAJO@?$AA?9?$AAc?$AAo?$AAn?$AAn?$AAe?$AAc?$AAt?$AAi?$AAo?$AAn?$AA?5?$AA?$FL?$AA?$CF?$AAp?$AA?$FN?$AA?5?$AA?$CF?$AAl?$AAl?$AAd?$AA?3?$AA?5?$AAl?$AAo?$AAc?$AAa?$AAl?$AA_?$AAi?$AAd?$AA?$DN@ 000000014001e6d0     dbg_..-common-remote.o
 0002:0000272c       ??_C@_1DC@HEOFFPLC@?$AAo?$AAu?$AAt?$AAg?$AAo?$AAi?$AAn?$AAg?$AA?3?$AA?5?$AAN?$AAo?$AA?5?$AAc?$AAo?$AAn?$AAn?$AAe?$AAc?$AAt?$AAi?$AAo?$AAn?$AA?6?$AA?$AA@ 000000014001e72c     dbg_..-common-remote.o
 0002:00002768       ??_C@_1DG@HNEHLNLB@?$AAo?$AAu?$AAt?$AAg?$AAo?$AAi?$AAn?$AAg?$AA?3?$AA?5?$AAI?$AAP?$AA?$DN?$AA?$CF?$AAs?$AA?5?$AAP?$AAO?$AAR?$AAT?$AA?$DN?$AA?$CF?$AAl?$AAl?$AAd?$AA?6?$AA?$AA@ 000000014001e768     dbg_..-common-remote.o
 0002:000027a8       ??_C@_1DI@OKINGPOA@?$AAo?$AAu?$AAt?$AAg?$AAo?$AAi?$AAn?$AAg?$AA?3?$AA?5?$AA?5?$AAI?$AAP?$AA?$DN?$AA?$CF?$AAs?$AA?5?$AAP?$AAO?$AAR?$AAT?$AA?$DN?$AA?$CF?$AAl?$AAl?$AAd?$AA?6?$AA?$AA@ 000000014001e7a8     dbg_..-common-remote.o
 0002:000027ec       ??_C@_1CM@KOFOMBCP@?$AAo?$AAu?$AAt?$AAg?$AAo?$AAi?$AAn?$AAg?$AA?3?$AA?5?$AA?5?$AAC?$AAo?$AAr?$AAr?$AAu?$AAp?$AAt?$AAe?$AAd?$AA?6?$AA?$AA@ 000000014001e7ec     dbg_..-common-remote.o
 0002:00002820       ??_C@_1DC@OBBDDNNB@?$AAi?$AAn?$AAc?$AAo?$AAm?$AAi?$AAn?$AAg?$AA?3?$AA?5?$AAN?$AAo?$AA?5?$AAc?$AAo?$AAn?$AAn?$AAe?$AAc?$AAt?$AAi?$AAo?$AAn?$AA?6?$AA?$AA@ 000000014001e820     dbg_..-common-remote.o
 0002:0000285c       ??_C@_1DG@NNAENLOC@?$AAi?$AAn?$AAc?$AAo?$AAm?$AAi?$AAn?$AAg?$AA?3?$AA?5?$AAI?$AAP?$AA?$DN?$AA?$CF?$AAs?$AA?5?$AAP?$AAO?$AAR?$AAT?$AA?$DN?$AA?$CF?$AAl?$AAl?$AAd?$AA?6?$AA?$AA@ 000000014001e85c     dbg_..-common-remote.o
 0002:0000289c       ??_C@_1DI@NPMKAFFJ@?$AAi?$AAn?$AAc?$AAo?$AAm?$AAi?$AAn?$AAg?$AA?3?$AA?5?$AA?5?$AAI?$AAP?$AA?$DN?$AA?$CF?$AAs?$AA?5?$AAP?$AAO?$AAR?$AAT?$AA?$DN?$AA?$CF?$AAl?$AAl?$AAd?$AA?6?$AA?$AA@ 000000014001e89c     dbg_..-common-remote.o
 0002:000028e0       ??_C@_1GA@HHMMHPKA@?$AA?$CB?$AA?$CB?$AA?$CB?$AA?$CB?$AA?$CB?$AA?5?$AA?$DO?$AA?$DO?$AA?$DO?$AA?$DO?$AA?$DO?$AA?$DO?$AA?5?$AAP?$AAa?$AAg?$AAe?$AA?5?$AAa?$AAl?$AAl?$AAo?$AAc?$AAa?$AAt?$AAi?$AAo?$AAn?$AA?5?$AAi?$AAd?$AA?$DN@ 000000014001e8e0     dbg_..-common-remote.o
 0002:00002954       ??_C@_1DE@OFJFJIIH@?$AAS?$AAe?$AAr?$AAv?$AAe?$AAr?$AA?5?$AAi?$AAd?$AA?$DN?$AA?$CF?$AAl?$AAl?$AAd?$AA?5?$AAc?$AAo?$AAn?$AAf?$AAi?$AAr?$AAm?$AAe?$AAd?$AA?6?$AA?$AA@ 000000014001e954     dbg_..-common-remote.o
 0002:00002992       ??_C@_1CG@DJLPCGPG@?$AAC?$AAl?$AAi?$AAe?$AAn?$AAt?$AA?5?$AAc?$AAo?$AAn?$AAn?$AAe?$AAc?$AAt?$AAe?$AAd?$AA?$CB?$AA?6?$AA?$AA@ 000000014001e992     dbg_..-common-remote.o
 0002:000029c0       ??_C@_1CG@KFFFIMLK@?$AAu?$AAp?$AAd?$AAa?$AAt?$AAe?$AA?5?$AAw?$AAo?$AAr?$AAk?$AAe?$AAr?$AA?3?$AA?5?$AA?$CF?$AAp?$AA?6?$AA?$AA@ 000000014001e9c0     dbg_..-common-remote.o
 0002:000029ee       ??_C@_1GO@KIHGLMJK@?$AAS?$AAe?$AAn?$AAd?$AA?5?$AAc?$AAo?$AAn?$AAf?$AAi?$AAr?$AAm?$AAa?$AAt?$AAi?$AAo?$AAn?$AA?5?$AAo?$AAf?$AA?5?$AAp?$AAa?$AAg?$AAe?$AA?5?$AAa?$AAl?$AAl?$AAo?$AAc?$AAa@ 000000014001e9ee     dbg_..-common-remote.o
 0002:00002a72       ??_C@_1FC@NJOMCOBI@?$AAR?$AAe?$AAd?$AAi?$AAr?$AAe?$AAc?$AAt?$AAi?$AAn?$AAg?$AA?5?$AAp?$AAa?$AAg?$AAe?$AA?5?$AAq?$AAu?$AAe?$AAr?$AAy?$AA?5?$AAt?$AAo?$AA?5?$AAl?$AAo?$AAc?$AAa?$AAl?$AA_@ 000000014001ea72     dbg_..-common-remote.o
 0002:00002ad4       ??_C@_1EO@MLLDILKB@?$AAR?$AAe?$AAd?$AAi?$AAr?$AAe?$AAc?$AAt?$AAi?$AAn?$AAg?$AA?5?$AAi?$AAd?$AA?5?$AAq?$AAu?$AAe?$AAr?$AAy?$AA?5?$AAt?$AAo?$AA?5?$AAl?$AAo?$AAc?$AAa?$AAl?$AA_?$AAi?$AAd@ 000000014001ead4     dbg_..-common-remote.o
 0002:00002b32       ??_C@_1DM@IBOIDFJO@?$AAs?$AAo?$AAc?$AAk?$AAe?$AAt?$AA?$CI?$AA?$CJ?$AA?5?$AAf?$AAa?$AAi?$AAl?$AAe?$AAd?$AA?5?$AA?$FL?$AAe?$AAr?$AAr?$AAo?$AAr?$AA?$DN?$AA?$CF?$AAl?$AAl?$AAd?$AA?$FN?$AA?6?$AA?$AA@ 000000014001eb32     dbg_..-common-remote.o
 0002:00002b7a       ??_C@_1CM@FLPDOBBA@?$AAR?$AAe?$AAq?$AAu?$AAe?$AAs?$AAt?$AAi?$AAn?$AAg?$AA?5?$AAp?$AAo?$AAr?$AAt?$AA?5?$AA?$CF?$AAl?$AAl?$AAd?$AA?6?$AA?$AA@ 000000014001eb7a     dbg_..-common-remote.o
 0002:00002bae       ??_C@_1DK@IOCIPHFJ@?$AAc?$AAo?$AAn?$AAn?$AAe?$AAc?$AAt?$AA?5?$AAf?$AAa?$AAi?$AAl?$AAe?$AAd?$AA?5?$AA?$FL?$AAe?$AAr?$AAr?$AAo?$AAr?$AA?$DN?$AA?$CF?$AAl?$AAl?$AAd?$AA?$FN?$AA?6?$AA?$AA@ 000000014001ebae     dbg_..-common-remote.o
 0002:00002bf4       ??_C@_1DO@IMGJNCBG@?$AAC?$AAo?$AAn?$AAn?$AAe?$AAc?$AAt?$AAi?$AAo?$AAn?$AA?5?$AAi?$AAs?$AA?5?$AAs?$AAu?$AAc?$AAc?$AAe?$AAs?$AAs?$AAf?$AAu?$AAl?$AA?$CB?$AA?5?$AA?$FL?$AA1?$AA?$FN?$AA?6?$AA?$AA@ 000000014001ebf4     dbg_..-common-remote.o
 0002:00002cda       ??_C@_1GE@BBHPHIKC@?$AAE?$AAr?$AAr?$AAo?$AAr?$AA?5?$AA?9?$AA?5?$AAs?$AAe?$AAr?$AAv?$AAe?$AAr?$AA_?$AAp?$AAo?$AAr?$AAt?$AA?5?$AA?$DN?$AA?$DN?$AA?5?$AA?9?$AA1?$AA?5?$AA?$FL?$AAs?$AAe?$AAr?$AAv?$AAe@ 000000014001ecda     dbg_..-common-remote.o
 0002:00002d52       ??_C@_1EM@HCGPBNNP@?$AAS?$AAt?$AAa?$AAr?$AAt?$AAi?$AAn?$AAg?$AA?5?$AAn?$AAe?$AAw?$AA?5?$AAc?$AAo?$AAn?$AAn?$AAe?$AAc?$AAt?$AAi?$AAo?$AAn?$AA?5?$AAt?$AAo?$AA?5?$AA?$FL?$AA?$CF?$AAs?$AA?$FN?$AA?5@ 000000014001ed52     dbg_..-common-remote.o
 0002:00002dae       ??_C@_1FE@JKPBPNOM@?$AAE?$AAr?$AAr?$AAo?$AAr?$AA?5?$AAr?$AAe?$AAs?$AAo?$AAl?$AAv?$AAi?$AAn?$AAg?$AA?5?$AAh?$AAo?$AAs?$AAt?$AA?4?$AA?5?$AA?$FL?$AAs?$AAt?$AAa?$AAt?$AAu?$AAs?$AA?$DN?$AA?$CF?$AAl@ 000000014001edae     dbg_..-common-remote.o
 0002:00002e12       ??_C@_1DO@COGNFPF@?$AAC?$AAo?$AAn?$AAn?$AAe?$AAc?$AAt?$AAi?$AAo?$AAn?$AA?5?$AAi?$AAs?$AA?5?$AAs?$AAu?$AAc?$AAc?$AAe?$AAs?$AAs?$AAf?$AAu?$AAl?$AA?$CB?$AA?5?$AA?$FL?$AA2?$AA?$FN?$AA?6?$AA?$AA@ 000000014001ee12     dbg_..-common-remote.o
 0002:00002e5c       ??_C@_1FK@FPKJOMKP@?$AAE?$AAr?$AAr?$AAo?$AAr?$AA?3?$AA?5?$AAC?$AAo?$AAu?$AAl?$AAd?$AA?5?$AAn?$AAo?$AAt?$AA?5?$AAc?$AAo?$AAn?$AAn?$AAe?$AAc?$AAt?$AA?5?$AAt?$AAo?$AA?5?$AA?$CF?$AAs?$AA?5?$AA?$FL@ 000000014001ee5c     dbg_..-common-remote.o
 0002:00002ec8       ??_C@_1EA@JBNEEBDD@?$AAT?$AAr?$AAy?$AAi?$AAn?$AAg?$AA?5?$AAt?$AAo?$AA?5?$AAg?$AAe?$AAt?$AA?5?$AAm?$AAe?$AAm?$AAo?$AAr?$AAy?$AA?5?$AAp?$AAa?$AAg?$AAe?$AA?5?$AA?$CF?$AAl?$AAl?$AAd?$AA?6?$AA?$AA@ 000000014001eec8     dbg_..-common-remote.o
 0002:00002f14       ??_C@_1EI@BHCKMCLF@?$AAC?$AAr?$AAe?$AAa?$AAt?$AAe?$AAd?$AA?5?$AAb?$AAr?$AAo?$AAa?$AAd?$AAc?$AAa?$AAs?$AAt?$AA?5?$AAw?$AAi?$AAt?$AAh?$AA?5?$AAp?$AAr?$AAe?$AAf?$AAi?$AAx?$AA?$DN?$AA?$CF?$AAl@ 000000014001ef14     dbg_..-common-remote.o
 0002:00002f6a       ??_C@_1DM@MBBJEJBJ@?$AAT?$AAr?$AAy?$AAi?$AAn?$AAg?$AA?5?$AAt?$AAo?$AA?5?$AAg?$AAe?$AAt?$AA?5?$AAs?$AAe?$AAr?$AAv?$AAe?$AAr?$AA?5?$AAi?$AAd?$AA?5?$AA?$CF?$AAl?$AAl?$AAd?$AA?6?$AA?$AA@ 000000014001ef6a     dbg_..-common-remote.o
 0002:00002fb2       ??_C@_1GK@DMGCKEJF@?$AAA?$AAn?$AAs?$AAw?$AAe?$AAr?$AA?5?$AAP?$AAu?$AAs?$AAh?$AA?5?$AAO?$AAb?$AAj?$AAe?$AAc?$AAt?$AA?5?$AAt?$AAo?$AA?5?$AAl?$AAo?$AAc?$AAa?$AAl?$AAi?$AAd?$AA?$DN?$AA?$CF?$AAl@ 000000014001efb2     dbg_..-common-remote.o
 0002:00003032       ??_C@_1GM@MICHOCHB@?$AAA?$AAn?$AAs?$AAw?$AAe?$AAr?$AA?5?$AAQ?$AAu?$AAe?$AAr?$AAy?$AA?5?$AAO?$AAb?$AAj?$AAe?$AAc?$AAt?$AA?5?$AAt?$AAo?$AA?5?$AAl?$AAo?$AAc?$AAa?$AAl?$AAi?$AAd?$AA?$DN?$AA?$CF@ 000000014001f032     dbg_..-common-remote.o
 0002:000030b4       ??_C@_1FK@FHPCFNAH@?$AAs?$AAe?$AAn?$AAd?$AA?5?$AAb?$AAr?$AAo?$AAa?$AAd?$AAc?$AAa?$AAs?$AAt?$AA?5?$AAa?$AAn?$AAs?$AAw?$AAe?$AAr?$AA?5?$AAp?$AAa?$AAt?$AAh?$AA?5?$AAt?$AAo?$AA?5?$AAl?$AAo@ 000000014001f0b4     dbg_..-common-remote.o
 0002:00003120       ??_C@_1FM@FIIIPBAA@?$AAs?$AAe?$AAn?$AAd?$AA?5?$AAb?$AAr?$AAo?$AAa?$AAd?$AAc?$AAa?$AAs?$AAt?$AA?5?$AAp?$AAa?$AAt?$AAh?$AA?5?$AAr?$AAe?$AAq?$AAu?$AAe?$AAs?$AAt?$AA?5?$AAt?$AAo?$AA?5?$AAl@ 000000014001f120     dbg_..-common-remote.o
 0002:0000318e       ??_C@_1GA@MDBOGCGI@?$AAs?$AAe?$AAn?$AAd?$AA?5?$AAb?$AAr?$AAo?$AAa?$AAd?$AAc?$AAa?$AAs?$AAt?$AA?5?$AAa?$AAn?$AAs?$AAw?$AAe?$AAr?$AA?5?$AAi?$AAd?$AA?5?$AAp?$AAa?$AAt?$AAh?$AA?5?$AAt?$AAo@ 000000014001f18e     dbg_..-common-remote.o
 0002:00003202       ??_C@_1EO@CDOEBIIP@?$AAS?$AAe?$AAn?$AAd?$AAi?$AAn?$AAg?$AA?5?$AAb?$AAr?$AAo?$AAa?$AAd?$AAc?$AAa?$AAs?$AAt?$AA?5?$AAt?$AAo?$AA?5?$AAf?$AAi?$AAn?$AAd?$AA?5?$AAo?$AAb?$AAj?$AAe?$AAc?$AAt@ 000000014001f202     dbg_..-common-remote.o
 0002:00003260       ??_C@_1FK@MAACIFFG@?$AAW?$AAa?$AAi?$AAt?$AA?5?$AAh?$AAa?$AAs?$AAh?$AAt?$AAa?$AAb?$AAl?$AAe?$AA?5?$AAl?$AAi?$AAs?$AAt?$AA?5?$AAi?$AAn?$AAs?$AAe?$AAr?$AAt?$AA?5?$AA?$CF?$AAp?$AA?5?$AAw?$AAo@ 000000014001f260     dbg_..-common-remote.o
 0002:000032cc       ??_C@_1DC@EHBNKHBD@?$AAr?$AAe?$AAq?$AAu?$AAe?$AAs?$AAt?$AA?5?$AAs?$AAe?$AAt?$AA?5?$AAo?$AAb?$AAj?$AAe?$AAc?$AAt?$AA?$DN?$AA?$CF?$AAl?$AAl?$AAd?$AA?6?$AA?$AA@ 000000014001f2cc     dbg_..-common-remote.o
 0002:00003308       ??_C@_1CO@OBFELGCG@?$AAl?$AAo?$AAc?$AAa?$AAl?$AA?5?$AAo?$AAb?$AAj?$AAe?$AAc?$AAt?$AA?5?$AA?9?$AA?5?$AAa?$AAn?$AAs?$AAw?$AAe?$AAr?$AA?6?$AA?$AA@ 000000014001f308     dbg_..-common-remote.o
 0002:00003340       ??_C@_1FM@BKJGBDA@?$AAW?$AAa?$AAi?$AAt?$AA?5?$AAh?$AAa?$AAs?$AAh?$AAt?$AAa?$AAb?$AAl?$AAe?$AA?5?$AAl?$AAi?$AAs?$AAt?$AA?5?$AAi?$AAn?$AAs?$AAe?$AAr?$AAt?$AA?5?$AA?$CF?$AAp?$AA?5?$AAw?$AAo@ 000000014001f340     dbg_..-common-remote.o
 0002:000033ae       ??_C@_1CC@BJNHGOIA@?$AAd?$AAo?$AAn?$AA?8?$AAt?$AA?5?$AAk?$AAn?$AAo?$AAw?$AA?5?$AAp?$AAa?$AAt?$AAh?$AA?6?$AA?$AA@ 000000014001f3ae     dbg_..-common-remote.o
 0002:000033d6       ??_C@_1DA@NHJHHADA@?$AAr?$AAe?$AAq?$AAu?$AAe?$AAs?$AAt?$AA?5?$AAs?$AAe?$AAn?$AAt?$AA?5?$AA?$FL?$AAt?$AAo?$AA?5?$AA?$CF?$AAl?$AAl?$AAd?$AA?$FN?$AA?6?$AA?$AA@ 000000014001f3d6     dbg_..-common-remote.o
 0002:00003410       ??_C@_1IK@DBMEHLHD@?$AAS?$AAt?$AAa?$AAr?$AAt?$AAi?$AAn?$AAg?$AA?5?$AAn?$AAe?$AAw?$AA?5?$AAR?$AAE?$AAM?$AAO?$AAT?$AAE?$AA?5?$AAw?$AAo?$AAr?$AAk?$AAe?$AAr?$AA?5?$AA?$CF?$AAl?$AAl?$AAd?$AA?5@ 000000014001f410     dbg_..-common-remote.o
 0002:000034b6       ??_C@_1EK@DLJDAMIC@?$AAs?$AAe?$AAn?$AAd?$AAi?$AAn?$AAg?$AA?5?$AAh?$AAi?$AAv?$AAe?$AA?5?$AAs?$AAt?$AAa?$AAt?$AAe?$AA?5?$AA?$FL?$AA?$CF?$AAl?$AAl?$AAd?$AA?5?$AA?$CF?$AAl?$AAl?$AAd?$AA?5?$AA?$CF?$AAl@ 000000014001f4b6     dbg_..-common-remote.o
 0002:0000350e       ??_C@_1DG@PIHIFHIB@?$AAi?$AAn?$AAt?$AAi?$AAi?$AAa?$AAl?$AAi?$AAz?$AAa?$AAt?$AAi?$AAn?$AAg?$AA?5?$AAn?$AAe?$AAt?$AAw?$AAo?$AAr?$AAk?$AA?4?$AA?4?$AA?4?$AA?6?$AA?$AA@ 000000014001f50e     dbg_..-common-remote.o
 0002:0000354e       ??_C@_1LE@PPGJDLMH@?$AA?$FL?$AAp?$AA?5?$AA?$DM?$AAp?$AAo?$AAr?$AAt?$AA?$DO?$AA?$FN?$AA?5?$AAt?$AAo?$AA?5?$AAs?$AAe?$AAl?$AAe?$AAc?$AAt?$AA?5?$AAp?$AAo?$AAr?$AAt?$AA?5?$AA?$FL?$AAc?$AA?5?$AA?$DM?$AAi?$AAp@ 000000014001f54e     dbg_..-common-remote.o
 0002:00003626       ??_C@_1BO@BCIJKPCC@?$AAE?$AAn?$AAt?$AAe?$AAr?$AA?5?$AAc?$AAo?$AAm?$AAm?$AAa?$AAn?$AAd?$AA?$DO?$AA?$AA@ 000000014001f626     dbg_..-common-remote.o
 0002:0000364a       ??_C@_1CK@IMAGNILG@?$AAC?$AAo?$AAn?$AAf?$AAi?$AAr?$AAm?$AAe?$AAd?$AA?5?$AAp?$AAo?$AAr?$AAt?$AA?$DN?$AA?$CF?$AAl?$AAl?$AAd?$AA?6?$AA?$AA@ 000000014001f64a     dbg_..-common-remote.o
 0002:0000367c       ??_C@_1CE@BDEHPDNE@?$AAG?$AAe?$AAt?$AA?5?$AAc?$AAo?$AAm?$AAm?$AAa?$AAn?$AAd?$AA?5?$AA?$FL?$AA?$CF?$AAs?$AA?$FN?$AA?6?$AA?$AA@ 000000014001f67c     dbg_..-common-remote.o
 0002:000036a8       ??_C@_1DG@NNMMEGKD@?$AAS?$AAe?$AAl?$AAe?$AAc?$AAt?$AAe?$AAd?$AA?5?$AAc?$AAo?$AAn?$AAn?$AAe?$AAc?$AAt?$AA?5?$AAc?$AAo?$AAm?$AAm?$AAa?$AAn?$AAd?$AA?4?$AA?6?$AA?$AA@ 000000014001f6a8     dbg_..-common-remote.o
 0002:000036e8       ??_C@_1CI@KPENLAE@?$AAE?$AAn?$AAt?$AAe?$AAr?$AA?5?$AAI?$AAP?$AA?5?$AAa?$AAn?$AAd?$AA?5?$AAP?$AAO?$AAR?$AAT?$AA?4?$AA?6?$AA?$AA@ 000000014001f6e8     dbg_..-common-remote.o
 0002:00003718       ??_C@_1EG@CAHECGOL@?$AAT?$AAr?$AAy?$AAi?$AAn?$AAg?$AA?5?$AAt?$AAo?$AA?5?$AAc?$AAo?$AAn?$AAn?$AAe?$AAc?$AAt?$AA?5?$AAt?$AAo?$AA?5?$AA?$FL?$AA?$CF?$AAs?$AA?$FN?$AA?5?$AA?$FL?$AA?$CF?$AAs?$AA?$FN?$AA?4?$AA?4@ 000000014001f718     dbg_..-common-remote.o
 0002:0000376c       ??_C@_1DG@GLOHHOJG@?$AAT?$AAe?$AAm?$AAp?$AAo?$AAr?$AAa?$AAr?$AAy?$AA?5?$AAl?$AAo?$AAc?$AAa?$AAl?$AA_?$AAi?$AAd?$AA?5?$AA?$DN?$AA?5?$AA?$CF?$AAl?$AAl?$AAd?$AA?6?$AA?$AA@ 000000014001f76c     dbg_..-common-remote.o
 0002:000037ac       ??_C@_1DC@MOJEJJIM@?$AAC?$AAo?$AAn?$AAf?$AAi?$AAg?$AAu?$AAr?$AAa?$AAt?$AAi?$AAo?$AAn?$AA?5?$AAc?$AAo?$AAn?$AAf?$AAi?$AAr?$AAm?$AAe?$AAd?$AA?6?$AA?$AA@ 000000014001f7ac     dbg_..-common-remote.o
 0002:000037e8       ??_C@_1BA@IEOPIPPP@?$AAg?$AAe?$AAt?$AA?5?$AAi?$AAd?$AA?6?$AA?$AA@ 000000014001f7e8     dbg_..-common-remote.o
 0002:000037fc       ??_C@_1BE@JGIALBEO@?$AAs?$AAl?$AAe?$AAe?$AAp?$AAi?$AAn?$AAg?$AA?6?$AA?$AA@ 000000014001f7fc     dbg_..-common-remote.o
 0002:00003814       ??_C@_1CC@DLADIFA@?$AAr?$AAu?$AAn?$AAn?$AAi?$AAn?$AAg?$AA?5?$AAt?$AAh?$AAr?$AAe?$AAa?$AAd?$AAs?$AA?6?$AA?$AA@ 000000014001f814     dbg_..-common-remote.o
 0002:0000383c       ??_C@_1CO@OPIMELJM@?$AAn?$AAe?$AAt?$AAw?$AAo?$AAr?$AAk?$AA?5?$AAi?$AAn?$AAi?$AAt?$AAi?$AAa?$AAl?$AAi?$AAz?$AAa?$AAt?$AAe?$AAd?$AA?6?$AA?$AA@ 000000014001f83c     dbg_..-common-remote.o
 0002:00003874       ??_C@_1DM@PKIKMHMJ@?$AA?$FL?$AAN?$AAE?$AAT?$AAW?$AAO?$AAR?$AAK?$AA?$FN?$AA?3?$AA?5?$AAP?$AAe?$AAe?$AAr?$AA?5?$AAd?$AAi?$AAs?$AAc?$AAo?$AAn?$AAn?$AAe?$AAc?$AAt?$AAe?$AAd?$AA?6?$AA?$AA@ 000000014001f874     dbg_..-common-remote.o
 0002:000038bc       ??_C@_1DG@IHKBKGHO@?$AAG?$AAe?$AAt?$AA?5?$AAm?$AAe?$AAs?$AAs?$AAa?$AAg?$AAe?$AA?5?$AAo?$AAf?$AA?5?$AA?$CF?$AAl?$AAl?$AAd?$AA?5?$AAb?$AAy?$AAt?$AAe?$AAs?$AA?6?$AA?$AA@ 000000014001f8bc     dbg_..-common-remote.o
 0002:000038fc       ??_C@_1EE@FBAKCJKM@?$AAp?$AAr?$AAo?$AAc?$AAe?$AAs?$AAs?$AA?5?$AAh?$AAe?$AAa?$AAd?$AAe?$AAr?$AA?$FL?$AAo?$AAk?$AA?$FN?$AA?5?$AA?$FL?$AAh?$AAe?$AAa?$AAd?$AAe?$AAr?$AA?$DN?$AA?$CF?$AAl?$AAl?$AAd?$AA?$FN@ 000000014001f8fc     dbg_..-common-remote.o
 0002:0000394e       ??_C@_1EE@CIFDCIBF@?$AAp?$AAr?$AAo?$AAc?$AAe?$AAs?$AAs?$AA?5?$AAl?$AAe?$AAn?$AAg?$AAt?$AAh?$AA?$FL?$AAo?$AAk?$AA?$FN?$AA?5?$AA?$FL?$AAl?$AAe?$AAn?$AAg?$AAt?$AAh?$AA?$DN?$AA?$CF?$AAl?$AAl?$AAd?$AA?$FN@ 000000014001f94e     dbg_..-common-remote.o
 0002:000039a0       ??_C@_1CM@JBMABCGC@?$AAp?$AAr?$AAo?$AAc?$AAe?$AAs?$AAs?$AA?5?$AAl?$AAe?$AAn?$AAg?$AAt?$AAh?$AA?$FL?$AAp?$AAa?$AAr?$AAt?$AA?$FN?$AA?6?$AA?$AA@ 000000014001f9a0     dbg_..-common-remote.o
 0002:000039d4       ??_C@_1CE@BMKCCAOL@?$AAp?$AAr?$AAo?$AAc?$AAe?$AAs?$AAs?$AA?5?$AAb?$AAo?$AAd?$AAy?$AA?$FL?$AAo?$AAk?$AA?$FN?$AA?6?$AA?$AA@ 000000014001f9d4     dbg_..-common-remote.o
 0002:00003a00       ??_C@_1FE@JBHEOMDM@?$AAc?$AAo?$AAn?$AAn?$AAe?$AAc?$AAt?$AAi?$AAo?$AAn?$AA?5?$AAw?$AAa?$AAs?$AA?5?$AAc?$AAl?$AAo?$AAs?$AAe?$AAd?$AA?4?$AA?5?$AA?$FL?$AAl?$AAo?$AAc?$AAa?$AAl?$AA_?$AAi?$AAd@ 000000014001fa00     dbg_..-common-remote.o
 0002:00003a64       ??_C@_1CI@LDDDECLE@?$AAp?$AAr?$AAo?$AAc?$AAe?$AAs?$AAs?$AA?5?$AAb?$AAo?$AAd?$AAy?$AA?$FL?$AAp?$AAa?$AAr?$AAt?$AA?$FN?$AA?6?$AA?$AA@ 000000014001fa64     dbg_..-common-remote.o
 0002:00003a94       ??_C@_1FI@DLIHECMG@?$AAG?$AAe?$AAt?$AA?5?$AAa?$AAp?$AAi?$AA?5?$AAc?$AAa?$AAl?$AAl?$AA?5?$AA?$CF?$AAl?$AAl?$AAd?$AA?5?$AAo?$AAf?$AA?5?$AAl?$AAe?$AAn?$AAg?$AAt?$AAh?$AA?3?$AA?5?$AA?$CF?$AAl?$AAl@ 000000014001fa94     dbg_..-common-remote.o
 0002:00003afe       ??_C@_1EC@IGPNEALA@?$AAA?$AAP?$AAI?$AA_?$AAR?$AAE?$AAQ?$AAU?$AAE?$AAS?$AAT?$AA_?$AAC?$AAO?$AAN?$AAN?$AAE?$AAC?$AAT?$AAI?$AAO?$AAN?$AA?5?$AAa?$AAn?$AAs?$AAw?$AAe?$AAr?$AAe?$AAd?$AA?6@ 000000014001fafe     dbg_..-common-remote.o
 0002:00003b4e       ??_C@_1HI@PFGJBABN@?$AAA?$AAP?$AAI?$AA_?$AAA?$AAN?$AAS?$AAW?$AAE?$AAR?$AA_?$AAR?$AAE?$AAQ?$AAU?$AAE?$AAS?$AAT?$AA_?$AAC?$AAO?$AAN?$AAN?$AAE?$AAC?$AAT?$AAI?$AAO?$AAN?$AA?5?$AAu?$AAp@ 000000014001fb4e     dbg_..-common-remote.o
 0002:00003bde       ??_C@_1EM@NFKPCEGC@?$AAU?$AAp?$AAd?$AAa?$AAt?$AAe?$AAd?$AA?5?$AAu?$AAs?$AAi?$AAn?$AAg?$AA?5?$AA?$FL?$AAc?$AAo?$AAn?$AA?$DN?$AA?$CF?$AAp?$AA?$FN?$AA?5?$AA?$FL?$AAa?$AAn?$AAd?$AA?5?$AAf?$AAr?$AAe?$AAe@ 000000014001fbde     dbg_..-common-remote.o
 0002:00003c3a       ??_C@_1LA@ICLCBFDH@?$AAE?$AAr?$AAr?$AAo?$AAr?$AA?3?$AA?5?$AAA?$AAP?$AAI?$AA_?$AAA?$AAN?$AAS?$AAW?$AAE?$AAR?$AA_?$AAR?$AAE?$AAQ?$AAU?$AAE?$AAS?$AAT?$AA_?$AAC?$AAO?$AAN?$AAN?$AAE?$AAC@ 000000014001fc3a     dbg_..-common-remote.o
 0002:00003d0e       ??_C@_1FA@NLLPLBEB@?$AAA?$AAP?$AAI?$AA_?$AAR?$AAE?$AAQ?$AAU?$AAE?$AAS?$AAT?$AA_?$AAI?$AAD?$AA?5?$AAp?$AAa?$AAg?$AAe?$AA?$DN?$AA?$CF?$AAl?$AAl?$AAd?$AA?5?$AA?$FL?$AAp?$AAr?$AAe?$AAf?$AAi?$AAx@ 000000014001fd0e     dbg_..-common-remote.o
 0002:00003d6e       ??_C@_1BG@IOHEMCP@?$AAR?$AAe?$AAf?$AAu?$AAs?$AAe?$AA?5?$AAi?$AAd?$AA?6?$AA?$AA@ 000000014001fd6e     dbg_..-common-remote.o
 0002:00003d88       ??_C@_1EI@DCLENIAC@?$AAC?$AAo?$AAn?$AAf?$AAi?$AAr?$AAm?$AAe?$AAd?$AA?5?$AAb?$AAe?$AAc?$AAo?$AAu?$AAs?$AAe?$AA?5?$AAl?$AAo?$AAc?$AAa?$AAl?$AA_?$AAi?$AAd?$AA?5?$AAd?$AAi?$AAf?$AAf?$AAe@ 000000014001fd88     dbg_..-common-remote.o
 0002:00003dde       ??_C@_1EI@GBBOHBKF@?$AAG?$AAe?$AAt?$AA?5?$AAb?$AAr?$AAo?$AAa?$AAd?$AAc?$AAa?$AAs?$AAt?$AA?5?$AAa?$AAn?$AAs?$AAw?$AAe?$AAr?$AA?5?$AA?$FL?$AAp?$AAr?$AAe?$AAf?$AAi?$AAx?$AA?$DN?$AA?$CF?$AAl?$AAl@ 000000014001fdde     dbg_..-common-remote.o
 0002:00003e34       ??_C@_1CK@JAOCGICP@?$AAB?$AAr?$AAo?$AAa?$AAd?$AAc?$AAa?$AAs?$AAt?$AA?5?$AAc?$AAo?$AAn?$AAf?$AAi?$AAr?$AAm?$AAe?$AAd?$AA?6?$AA?$AA@ 000000014001fe34     dbg_..-common-remote.o
 0002:00003e66       ??_C@_1FM@HIELKEO@?$AAA?$AAP?$AAI?$AA_?$AAR?$AAE?$AAQ?$AAU?$AAE?$AAS?$AAT?$AA_?$AAM?$AAE?$AAM?$AA_?$AAP?$AAA?$AAG?$AAE?$AA?5?$AAp?$AAa?$AAg?$AAe?$AA?$DN?$AA?$CF?$AAl?$AAl?$AAd?$AA?5?$AA?$FL@ 000000014001fe66     dbg_..-common-remote.o
 0002:00003ed4       ??_C@_1CG@KIALDCLE@?$AAR?$AAe?$AAf?$AAu?$AAs?$AAe?$AA?5?$AAa?$AAl?$AAl?$AAo?$AAc?$AAa?$AAt?$AAi?$AAo?$AAn?$AA?6?$AA?$AA@ 000000014001fed4     dbg_..-common-remote.o
 0002:00003f02       ??_C@_1CM@IABHOCCE@?$AAg?$AAe?$AAt?$AA?5?$AAp?$AAu?$AAs?$AAh?$AA?5?$AAo?$AAb?$AAj?$AAe?$AAc?$AAt?$AA?5?$AA?$CF?$AAl?$AAl?$AAd?$AA?6?$AA?$AA@ 000000014001ff02     dbg_..-common-remote.o
 0002:00003f36       ??_C@_1BM@CKHNEJCK@?$AAl?$AAo?$AAc?$AAa?$AAl?$AA?9?$AAp?$AAu?$AAs?$AAh?$AAe?$AAd?$AA?6?$AA?$AA@ 000000014001ff36     dbg_..-common-remote.o
 0002:00003f58       ??_C@_1CG@LACBKCJC@?$AAr?$AAe?$AAm?$AAo?$AAt?$AAe?$AA?9?$AAr?$AAe?$AAd?$AAi?$AAr?$AAe?$AAc?$AAt?$AAe?$AAd?$AA?6?$AA?$AA@ 000000014001ff58     dbg_..-common-remote.o
 0002:00003f86       ??_C@_1GM@LPBCPABN@?$AAU?$AAP?$AAD?$AAA?$AAT?$AAE?$AA?5?$AAP?$AAA?$AAT?$AAH?$AA?5?$AA1?$AA?5?$AAT?$AAO?$AA?5?$AA?$CF?$AAl?$AAl?$AAd?$AA?5?$AA?$FL?$AAd?$AAi?$AAs?$AAt?$AAa?$AAn?$AAc?$AAe?$AA?$DN@ 000000014001ff86     dbg_..-common-remote.o
 0002:00004008       ??_C@_1GM@FBBGBBEM@?$AAU?$AAP?$AAD?$AAA?$AAT?$AAE?$AA?5?$AAP?$AAA?$AAT?$AAH?$AA?5?$AA2?$AA?5?$AAT?$AAO?$AA?5?$AA?$CF?$AAl?$AAl?$AAd?$AA?5?$AA?$FL?$AAd?$AAi?$AAs?$AAt?$AAa?$AAn?$AAc?$AAe?$AA?$DN@ 0000000140020008     dbg_..-common-remote.o
 0002:0000408a       ??_C@_1HC@GFDBDKMJ@?$AAU?$AAP?$AAD?$AAA?$AAT?$AAE?$AA?5?$AAI?$AAD?$AA?5?$AAP?$AAA?$AAT?$AAH?$AA?5?$AA1?$AA?5?$AAT?$AAO?$AA?5?$AA?$CF?$AAl?$AAl?$AAd?$AA?5?$AA?$FL?$AAd?$AAi?$AAs?$AAt?$AAa?$AAn@ 000000014002008a     dbg_..-common-remote.o
 0002:00004112       ??_C@_1HC@ILDFNLJI@?$AAU?$AAP?$AAD?$AAA?$AAT?$AAE?$AA?5?$AAI?$AAD?$AA?5?$AAP?$AAA?$AAT?$AAH?$AA?5?$AA2?$AA?5?$AAT?$AAO?$AA?5?$AA?$CF?$AAl?$AAl?$AAd?$AA?5?$AA?$FL?$AAd?$AAi?$AAs?$AAt?$AAa?$AAn@ 0000000140020112     dbg_..-common-remote.o
 0002:0000419a       ??_C@_1HC@IPIJLOJO@?$AAG?$AAe?$AAt?$AA?5?$AAr?$AAe?$AAm?$AAo?$AAt?$AAe?$AA?5?$AAs?$AAt?$AAa?$AAr?$AAt?$AA?5?$AAw?$AAo?$AAr?$AAk?$AAe?$AAr?$AA?5?$AA?$CF?$AAl?$AAl?$AAd?$AA?5?$AAf?$AAr?$AAo@ 000000014002019a     dbg_..-common-remote.o
 0002:00004222       ??_C@_1FC@CBJJGKKM@?$AAG?$AAE?$AAT?$AA?5?$AAH?$AAI?$AAV?$AAE?$AA?5?$AAS?$AAT?$AAA?$AAT?$AAE?$AA?3?$AA?5?$AA?$CF?$AAl?$AAl?$AAd?$AA?5?$AA?$CF?$AAl?$AAl?$AAd?$AA?5?$AA?$CF?$AAl?$AAl?$AAd?$AA?5?$AA?$FL@ 0000000140020222     dbg_..-common-remote.o
 0002:00004284       ??_C@_1CG@PIAFPEME@?$AAS?$AAe?$AAr?$AAv?$AAe?$AAr?$AA?5?$AAs?$AAt?$AAa?$AAr?$AAt?$AAe?$AAd?$AA?4?$AA?4?$AA?4?$AA?6?$AA?$AA@ 0000000140020284     dbg_..-common-remote.o
 0002:000042b2       ??_C@_1BI@HLOPLBKF@?$AAb?$AAi?$AAn?$AAd?$AAi?$AAn?$AAg?$AA?4?$AA?4?$AA?4?$AA?6?$AA?$AA@ 00000001400202b2     dbg_..-common-remote.o
 0002:000042ce       ??_C@_1CA@GONFBJEC@?$AAS?$AAo?$AAc?$AAk?$AAe?$AAt?$AA?5?$AAc?$AAr?$AAe?$AAa?$AAt?$AAe?$AAd?$AA?6?$AA?$AA@ 00000001400202ce     dbg_..-common-remote.o
 0002:000042f4       ??_C@_1DK@EHAPFJND@?$AAs?$AAe?$AAr?$AAv?$AAe?$AAr?$AA?5?$AAs?$AAt?$AAa?$AAr?$AAt?$AAe?$AAd?$AA?5?$AAo?$AAn?$AA?5?$AAp?$AAo?$AAr?$AAt?$AA?5?$AA?$CF?$AAl?$AAl?$AAd?$AA?6?$AA?$AA@ 00000001400202f4     dbg_..-common-remote.o
 0002:0000433a       ??_C@_1CM@OOKLEHNG@?$AAg?$AAe?$AAt?$AA?5?$AAn?$AAa?$AAm?$AAe?$AA?5?$AAf?$AAa?$AAi?$AAl?$AAe?$AAd?$AA?5?$AA?$CF?$AAl?$AAl?$AAd?$AA?6?$AA?$AA@ 000000014002033a     dbg_..-common-remote.o
 0002:0000436e       ??_C@_1CG@NGNGJBNB@?$AAE?$AAr?$AAr?$AAo?$AAr?$AA?5?$AAh?$AAa?$AAp?$AAp?$AAe?$AAn?$AA?5?$AA?$CF?$AAl?$AAl?$AAd?$AA?6?$AA?$AA@ 000000014002036e     dbg_..-common-remote.o
 0002:000045d0       ??_C@_1CO@BAHOKHFI@?$AA?6?$AAS?$AAh?$AAe?$AAd?$AAu?$AAl?$AAi?$AAn?$AAg?$AA?5?$AAn?$AAe?$AAw?$AA?5?$AAw?$AAo?$AAr?$AAk?$AAe?$AAr?$AA?6?$AA?$AA@ 00000001400205d0     dbg_..-common-sheduler.o
 0002:000045fe       ??_C@_1DE@BFFMGPEH@?$AA?5?$AA?5?$AA?5?$AA?5?$AA?5?$AA?5?$AA?5?$AAt?$AAh?$AAr?$AAe?$AAa?$AAd?$AA?5?$AA?$CF?$AA0?$AA2?$AAx?$AA?5?$AA?5?$AA?5?$AA?5?$AA?5?$AA?5?$AA?$HM?$AA?$AA@ 00000001400205fe     dbg_..-common-sheduler.o
 0002:00004640       ??_C@_1GG@FCHEHEMI@?$AAE?$AAr?$AAr?$AAo?$AAr?$AA?3?$AA?5?$AAt?$AAh?$AAi?$AAs?$AA?5?$AAw?$AAo?$AAr?$AAk?$AAe?$AAr?$AA?5?$AAd?$AAo?$AAe?$AAn?$AA?8?$AAt?$AA?5?$AAs?$AAu?$AAp?$AAp?$AAo?$AAr@ 0000000140020640     dbg_..-common-runtime.o
 0002:000046ba       ??_C@_1DO@CBJEPNAO@?$AAP?$AAr?$AAo?$AAm?$AAi?$AAs?$AAe?$AA?$CI?$AAs?$AAe?$AAt?$AA?$DN?$AA?$CF?$AA0?$AA2?$AAx?$AA?0?$AA?5?$AAf?$AAi?$AAr?$AAs?$AAt?$AA4?$AAb?$AAy?$AAt?$AAe?$AAs?$AA?$DN?$AA?$AA@ 00000001400206ba     dbg_..-common-runtime.o
 0002:00004704       ??_C@_15BCDOKMG@?$AA?$CJ?$AA?6?$AA?$AA@ 0000000140020704     dbg_..-common-runtime.o
 0002:0000470c       ??_C@_1EO@JIHFKLGM@?$AAA?$AAr?$AAr?$AAa?$AAy?$AA?$CI?$AAl?$AAe?$AAn?$AAg?$AAt?$AAh?$AA?$DN?$AA?$CF?$AAl?$AAl?$AAd?$AA?0?$AA?5?$AAe?$AAl?$AAe?$AAm?$AAe?$AAn?$AAt?$AA_?$AAs?$AAi?$AAz?$AAe?$AA?$DN@ 000000014002070c     dbg_..-common-runtime.o
 0002:0000476a       ??_C@_15IPOKAMGA@?$AA?$HL?$AA?5?$AA?$AA@ 000000014002076a     dbg_..-common-runtime.o
 0002:00004772       ??_C@_13EHOOFIKC@?$AA?$HN?$AA?$AA@ 0000000140020772     dbg_..-common-runtime.o
 0002:00004776       ??_C@_15JOGBDECP@?$AA?0?$AA?5?$AA?$AA@ 0000000140020776     dbg_..-common-runtime.o
 0002:0000477e       ??_C@_1CG@OGLIMIIK@?$AAC?$AAl?$AAa?$AAs?$AAs?$AA?$CI?$AAf?$AAi?$AAr?$AAs?$AAt?$AA4?$AAb?$AAy?$AAt?$AAe?$AAs?$AA?$DN?$AA?$AA@ 000000014002077e     dbg_..-common-runtime.o
 0002:000047ac       ??_C@_1DM@HBMDBMCD@?$AAO?$AAb?$AAj?$AAe?$AAc?$AAt?$AA?5?$AAo?$AAf?$AA?5?$AAu?$AAn?$AAk?$AAn?$AAo?$AAw?$AAn?$AA?5?$AAt?$AAy?$AAp?$AAe?$AA?3?$AA?5?$AA?$CF?$AA0?$AA2?$AAx?$AA?6?$AA?$AA@ 00000001400207ac     dbg_..-common-runtime.o
 0002:000047f4       ??_C@_1FG@HBFKKPHD@?$AAW?$AAo?$AAr?$AAk?$AAe?$AAr?$AA?5?$AAa?$AAd?$AAd?$AA?5?$AAt?$AAo?$AA?5?$AAw?$AAa?$AAi?$AAt?$AA?5?$AAl?$AAi?$AAs?$AAt?$AA?5?$AA?$FL?$AAi?$AAd?$AA?$DN?$AA?$CF?$AAl?$AAl?$AAd@ 00000001400207f4     dbg_..-common-runtime.o
 0002:0000485c       ??_C@_1EI@FJBGIEMF@?$AAW?$AAo?$AAr?$AAk?$AAe?$AAr?$AA?5?$AAe?$AAn?$AAq?$AAu?$AAe?$AAu?$AAe?$AAd?$AA?5?$AA?$FL?$AAi?$AAd?$AA?$DN?$AA?$CF?$AAl?$AAl?$AAd?$AA?0?$AA?5?$AAd?$AAa?$AAt?$AAa?$AA?$DN?$AA?$CF@ 000000014002085c     dbg_..-common-runtime.o
 0002:000048b2       ??_C@_1DA@BGFPOGFP@?$AAU?$AAp?$AAd?$AAa?$AAt?$AAe?$AA?5?$AAw?$AAa?$AAi?$AAt?$AAi?$AAn?$AAg?$AA?5?$AAw?$AAo?$AAr?$AAk?$AAe?$AAr?$AAs?$AA?6?$AA?$AA@ 00000001400208b2     dbg_..-common-runtime.o
 0002:000048ec       ??_C@_1DI@DKKAGENF@?$AAG?$AAo?$AAt?$AA?5?$AA?$CF?$AAl?$AAl?$AAd?$AA?5?$AAw?$AAo?$AAr?$AAk?$AAe?$AAr?$AAs?$AA?5?$AAt?$AAo?$AA?5?$AAu?$AAp?$AAd?$AAa?$AAt?$AAe?$AA?6?$AA?$AA@ 00000001400208ec     dbg_..-common-runtime.o
 0002:00004930       ??_C@_1EC@DIBFBAPA@?$AAw?$AAo?$AAr?$AAk?$AAe?$AAr?$AA?5?$AA?$FL?$AAd?$AAa?$AAt?$AAa?$AA?$DN?$AA?$CF?$AAp?$AA?$FN?$AA?3?$AA?5?$AAw?$AAa?$AAi?$AAt?$AA?5?$AAf?$AAo?$AAr?$AA?5?$AA?$CF?$AAl?$AAl?$AAd?$AA?6@ 0000000140020930     dbg_..-common-runtime.o
 0002:00004980       ??_C@_1FE@PPKJADDP@?$AAW?$AAa?$AAn?$AAt?$AA?5?$AAr?$AAu?$AAn?$AA?5?$AAr?$AAe?$AAm?$AAo?$AAt?$AAe?$AA?0?$AA?5?$AAb?$AAu?$AAt?$AA?3?$AA?5?$AA?$CF?$AAl?$AAl?$AAd?$AA?5?$AA?$CF?$AAl?$AAl?$AAd?$AA?5@ 0000000140020980     dbg_..-common-runtime.o
 0002:000049e4       ??_C@_1IE@FHIKABLD@?$AAE?$AAr?$AAr?$AAo?$AAr?$AA?3?$AA?5?$AAc?$AAa?$AAn?$AA?8?$AAt?$AA?5?$AAr?$AAu?$AAn?$AA?5?$AAr?$AAe?$AAm?$AAo?$AAt?$AAe?$AA?5?$AAw?$AAo?$AAr?$AAk?$AAe?$AAr?$AA?5?$AA?$CF@ 00000001400209e4     dbg_..-common-runtime.o
 0002:00004a82       ??_C@_1GC@JGFAAALF@?$AAS?$AAt?$AAa?$AAr?$AAt?$AAi?$AAn?$AAg?$AA?5?$AAn?$AAe?$AAw?$AA?5?$AAl?$AAo?$AAc?$AAa?$AAl?$AA?5?$AAw?$AAo?$AAr?$AAk?$AAe?$AAr?$AA?5?$AA?$CF?$AAl?$AAl?$AAd?$AA?5?$AA?$FL@ 0000000140020a82     dbg_..-common-runtime.o
 0002:00004af8       ??_C@_1HE@GOIHIEDE@?$AAE?$AAr?$AAr?$AAo?$AAr?$AA?3?$AA?5?$AAp?$AAr?$AAo?$AAv?$AAi?$AAd?$AAe?$AAr?$AA?5?$AA?$CF?$AAl?$AAl?$AAd?$AA?5?$AAd?$AAo?$AAe?$AAs?$AAn?$AA?8?$AAt?$AA?5?$AAs?$AAu?$AAp@ 0000000140020af8     dbg_..-common-runtime.o
 0002:00004b84       ??_C@_1EG@KLACJNPC@?$AAE?$AAr?$AAr?$AAo?$AAr?$AA?3?$AA?5?$AAt?$AAh?$AAi?$AAs?$AA?5?$AAi?$AAs?$AAn?$AA?8?$AAt?$AA?5?$AAh?$AAi?$AAv?$AAe?$AA?5?$AAe?$AAx?$AAe?$AAc?$AAu?$AAt?$AAa?$AAb?$AAl@ 0000000140020b84     dbg_..-common-runtime.o
 0002:00004bd8       ??_C@_1GG@OIFEBPCL@?$AAE?$AAr?$AAr?$AAo?$AAr?$AA?3?$AA?5?$AAt?$AAh?$AAi?$AAs?$AA?5?$AAi?$AAs?$AA?5?$AAe?$AAx?$AAe?$AAc?$AAu?$AAt?$AAa?$AAb?$AAl?$AAe?$AA?5?$AAo?$AAf?$AA?5?$AAn?$AAo?$AAt@ 0000000140020bd8     dbg_..-common-runtime.o
 0002:00004c52       ??_C@_1DC@FFLNADD@?$AAE?$AAr?$AAr?$AAo?$AAr?$AA?3?$AA?5?$AAw?$AAi?$AAn?$AAa?$AAp?$AAi?$AA?5?$AAe?$AAr?$AAr?$AAo?$AAr?$AA?5?$AA?$CF?$AAl?$AAd?$AA?6?$AA?$AA@ 0000000140020c52     dbg_..-common-runtime.o
[...]
 0003:00019030       wait_list                  000000014003c030     dbg_..-common-runtime.o
 0003:00019038       wait_list_len              000000014003c038     dbg_..-common-runtime.o
 0003:00019040       dwTlsIndex                 000000014003c040     dbg_..-common-runtime.o
 0003:00019048       defined_arrays             000000014003c048     dbg_..-common-runtime.o
 0003:000192d8       hContinueEvent             000000014003c2d8     dbg_..-common-sheduler.o
 0003:000192e0       glbMasterInfo              000000014003c2e0     dbg_..-common-sheduler.o
 0003:000192ec       ExPoolZeroingNativelySupported 000000014003c2ec     ws2_32:indef.obj
 0004:00000000       __imp_GdiSetBatchLimit     000000014003d000     gdi32:GDI32.dll
 0004:00000008       \177GDI32_NULL_THUNK_DATA  000000014003d008     gdi32:GDI32.dll
 0004:00000060       __imp_WaitForMultipleObjects 000000014003d060     kernel32:KERNEL32.dll
 0004:00000068       __imp_WaitForSingleObject  000000014003d068     kernel32:KERNEL32.dll
 0004:00000070       __imp_TlsGetValue          000000014003d070     kernel32:KERNEL32.dll
 0004:00000078       __imp_GetLastError         000000014003d078     kernel32:KERNEL32.dll
 0004:00000080       __imp_HeapAlloc            000000014003d080     kernel32:KERNEL32.dll
 0004:00000088       __imp_MultiByteToWideChar  000000014003d088     kernel32:KERNEL32.dll
 0004:00000090       __imp_WriteConsoleW        000000014003d090     kernel32:KERNEL32.dll
 0004:00000098       __imp_HeapReAlloc          000000014003d098     kernel32:KERNEL32.dll
 0004:000000a0       __imp_HeapFree             000000014003d0a0     kernel32:KERNEL32.dll
 0004:000000a8       __imp_GetConsoleMode       000000014003d0a8     kernel32:KERNEL32.dll
 0004:000000b0       __imp_ReadConsoleW         000000014003d0b0     kernel32:KERNEL32.dll
 0004:000000b8       __imp_ReadFile             000000014003d0b8     kernel32:KERNEL32.dll
 0004:000000c0       __imp_ExitProcess          000000014003d0c0     kernel32:KERNEL32.dll
 0004:000000c8       __imp_QueryPerformanceCounter 000000014003d0c8     kernel32:KERNEL32.dll
 0004:000000d0       __imp_QueryPerformanceFrequency 000000014003d0d0     kernel32:KERNEL32.dll
 0004:000000d8       __imp_GetStdHandle         000000014003d0d8     kernel32:KERNEL32.dll
 0004:000000e0       __imp_GetProcessHeap       000000014003d0e0     kernel32:KERNEL32.dll
 0004:000000e8       __imp_AcquireSRWLockExclusive 000000014003d0e8     kernel32:KERNEL32.dll
 0004:000000f0       __imp_ReleaseSRWLockExclusive 000000014003d0f0     kernel32:KERNEL32.dll
 0004:000000f8       __imp_GetThreadContext     000000014003d0f8     kernel32:KERNEL32.dll
 0004:00000100       __imp_SetThreadContext     000000014003d100     kernel32:KERNEL32.dll
 0004:00000108       __imp_AcquireSRWLockShared 000000014003d108     kernel32:KERNEL32.dll
 0004:00000110       __imp_ReleaseSRWLockShared 000000014003d110     kernel32:KERNEL32.dll
 0004:00000118       __imp_Sleep                000000014003d118     kernel32:KERNEL32.dll
 0004:00000120       __imp_CreateIoCompletionPort 000000014003d120     kernel32:KERNEL32.dll
 0004:00000128       __imp_FormatMessageW       000000014003d128     kernel32:KERNEL32.dll
 0004:00000130       __imp_CreateThread         000000014003d130     kernel32:KERNEL32.dll
 0004:00000138       __imp_TryAcquireSRWLockExclusive 000000014003d138     kernel32:KERNEL32.dll
 0004:00000140       __imp_GetQueuedCompletionStatus 000000014003d140     kernel32:KERNEL32.dll
 0004:00000148       __imp_VirtualAlloc         000000014003d148     kernel32:KERNEL32.dll
 0004:00000150       __imp_LoadLibraryA         000000014003d150     kernel32:KERNEL32.dll
 0004:00000158       __imp_GetProcAddress       000000014003d158     kernel32:KERNEL32.dll
 0004:00000160       __imp_TlsAlloc             000000014003d160     kernel32:KERNEL32.dll
 0004:00000168       __imp_CreateFileW          000000014003d168     kernel32:KERNEL32.dll
 0004:00000170       __imp_GetFileSizeEx        000000014003d170     kernel32:KERNEL32.dll
 0004:00000178       __imp_CloseHandle          000000014003d178     kernel32:KERNEL32.dll
 0004:00000180       __imp_GetCommandLineW      000000014003d180     kernel32:KERNEL32.dll
 0004:00000188       __imp_TlsFree              000000014003d188     kernel32:KERNEL32.dll
 0004:00000190       __imp_TlsSetValue          000000014003d190     kernel32:KERNEL32.dll
 0004:00000198       __imp_SetEvent             000000014003d198     kernel32:KERNEL32.dll
 0004:000001a0       __imp_SuspendThread        000000014003d1a0     kernel32:KERNEL32.dll
 0004:000001a8       __imp_ResumeThread         000000014003d1a8     kernel32:KERNEL32.dll
 0004:000001b0       __imp_CreateEventW         000000014003d1b0     kernel32:KERNEL32.dll
 0004:000001b8       \177KERNEL32_NULL_THUNK_DATA 000000014003d1b8     kernel32:KERNEL32.dll
 0004:00000250       __imp_clSetKernelArg       000000014003d250     OpenCL:OpenCL.dll
 0004:00000258       __imp_clCreateContext      000000014003d258     OpenCL:OpenCL.dll
 0004:00000260       __imp_clFinish             000000014003d260     OpenCL:OpenCL.dll
 0004:00000268       __imp_clCreateBuffer       000000014003d268     OpenCL:OpenCL.dll
 0004:00000270       __imp_clCreateKernel       000000014003d270     OpenCL:OpenCL.dll
 0004:00000278       __imp_clGetProgramBuildInfo 000000014003d278     OpenCL:OpenCL.dll
 0004:00000280       __imp_clBuildProgram       000000014003d280     OpenCL:OpenCL.dll
 0004:00000288       __imp_clCreateProgramWithSource 000000014003d288     OpenCL:OpenCL.dll
 0004:00000290       __imp_clCreateCommandQueueWithProperties 000000014003d290     OpenCL:OpenCL.dll
 0004:00000298       __imp_clGetKernelArgInfo   000000014003d298     OpenCL:OpenCL.dll
 0004:000002a0       __imp_clGetDeviceInfo      000000014003d2a0     OpenCL:OpenCL.dll
 0004:000002a8       __imp_clGetDeviceIDs       000000014003d2a8     OpenCL:OpenCL.dll
 0004:000002b0       __imp_clGetPlatformInfo    000000014003d2b0     OpenCL:OpenCL.dll
 0004:000002b8       __imp_clGetPlatformIDs     000000014003d2b8     OpenCL:OpenCL.dll
 0004:000002c0       __imp_clEnqueueWriteBuffer 000000014003d2c0     OpenCL:OpenCL.dll
 0004:000002c8       __imp_clEnqueueReadBuffer  000000014003d2c8     OpenCL:OpenCL.dll
 0004:000002d0       __imp_clEnqueueNDRangeKernel 000000014003d2d0     OpenCL:OpenCL.dll
 0004:000002d8       \177OpenCL_NULL_THUNK_DATA 000000014003d2d8     OpenCL:OpenCL.dll
 0004:00000348       __imp_CommandLineToArgvW   000000014003d348     shell32:SHELL32.dll
 0004:00000350       \177SHELL32_NULL_THUNK_DATA 000000014003d350     shell32:SHELL32.dll
 0004:000003a8       __imp_WSAGetLastError      000000014003d3a8     ws2_32:WS2_32.dll
 0004:000003b0       __imp_accept               000000014003d3b0     ws2_32:WS2_32.dll
 0004:000003b8       __imp_send                 000000014003d3b8     ws2_32:WS2_32.dll
 0004:000003c0       __imp_getsockname          000000014003d3c0     ws2_32:WS2_32.dll
 0004:000003c8       __imp_bind                 000000014003d3c8     ws2_32:WS2_32.dll
 0004:000003d0       __imp_htons                000000014003d3d0     ws2_32:WS2_32.dll
 0004:000003d8       __imp_WSAStartup           000000014003d3d8     ws2_32:WS2_32.dll
 0004:000003e0       __imp_freeaddrinfo         000000014003d3e0     ws2_32:WS2_32.dll
 0004:000003e8       __imp_getaddrinfo          000000014003d3e8     ws2_32:WS2_32.dll
 0004:000003f0       __imp_setsockopt           000000014003d3f0     ws2_32:WS2_32.dll
 0004:000003f8       __imp_closesocket          000000014003d3f8     ws2_32:WS2_32.dll
 0004:00000400       __imp_connect              000000014003d400     ws2_32:WS2_32.dll
 0004:00000408       __imp_socket               000000014003d408     ws2_32:WS2_32.dll
 0004:00000410       __imp_WSARecv              000000014003d410     ws2_32:WS2_32.dll
 0004:00000418       __imp_ntohs                000000014003d418     ws2_32:WS2_32.dll
 0004:00000420       __imp_inet_ntop            000000014003d420     ws2_32:WS2_32.dll
 0004:00000428       __imp_getpeername          000000014003d428     ws2_32:WS2_32.dll
 0004:00000430       __imp_listen               000000014003d430     ws2_32:WS2_32.dll
 0004:00000438       \177WS2_32_NULL_THUNK_DATA 000000014003d438     ws2_32:WS2_32.dll
 0004:000004a8       __imp_BCryptGenRandom      000000014003d4a8     bcrypt:bcrypt.dll
 0004:000004b0       \177bcrypt_NULL_THUNK_DATA 000000014003d4b0     bcrypt:bcrypt.dll
 0004:00000508       __IMPORT_DESCRIPTOR_GDI32  000000014003d508     gdi32:GDI32.dll
 0004:0000051c       __IMPORT_DESCRIPTOR_SHELL32 000000014003d51c     shell32:SHELL32.dll
 0004:00000530       __IMPORT_DESCRIPTOR_KERNEL32 000000014003d530     kernel32:KERNEL32.dll
 0004:00000544       __IMPORT_DESCRIPTOR_bcrypt 000000014003d544     bcrypt:bcrypt.dll
 0004:00000558       __IMPORT_DESCRIPTOR_WS2_32 000000014003d558     ws2_32:WS2_32.dll
 0004:0000056c       __IMPORT_DESCRIPTOR_OpenCL 000000014003d56c     OpenCL:OpenCL.dll
 0004:00000580       __NULL_IMPORT_DESCRIPTOR   000000014003d580     gdi32:GDI32.dll

 entry point at        0001:00000023

 Static symbols

 0000:fffc1000       .debug$S                   0000000140000000     bcrypt:bcrypt.dll
 0000:fffc1000       .debug$S                   0000000140000000     gdi32:GDI32.dll
 0000:fffc1000       .debug$S                   0000000140000000     kernel32:KERNEL32.dll
 0000:fffc1000       .debug$S                   0000000140000000     kernel32:KERNEL32.dll
 0000:fffc1000       .debug$S                   0000000140000000     kernel32:KERNEL32.dll
 0000:fffc1000       .debug$S                   0000000140000000     kernel32:KERNEL32.dll
 0000:fffc1000       .debug$S                   0000000140000000     kernel32:KERNEL32.dll
 0000:fffc1000       .debug$S                   0000000140000000     kernel32:KERNEL32.dll
 0000:fffc1000       .debug$S                   0000000140000000     kernel32:KERNEL32.dll
 0000:fffc1000       .debug$S                   0000000140000000     kernel32:KERNEL32.dll
 0000:fffc1000       .debug$S                   0000000140000000     kernel32:KERNEL32.dll
 0000:fffc1000       .debug$S                   0000000140000000     kernel32:KERNEL32.dll
 0000:fffc1000       .debug$S                   0000000140000000     kernel32:KERNEL32.dll
 0000:fffc1000       .debug$S                   0000000140000000     kernel32:KERNEL32.dll
 0000:fffc1000       .debug$S                   0000000140000000     kernel32:KERNEL32.dll
 0000:fffc1000       .debug$S                   0000000140000000     kernel32:KERNEL32.dll
 0000:fffc1000       .debug$S                   0000000140000000     kernel32:KERNEL32.dll
 0000:fffc1000       .debug$S                   0000000140000000     kernel32:KERNEL32.dll
 0000:fffc1000       .debug$S                   0000000140000000     kernel32:KERNEL32.dll
 0000:fffc1000       .debug$S                   0000000140000000     kernel32:KERNEL32.dll
 0000:fffc1000       .debug$S                   0000000140000000     kernel32:KERNEL32.dll
 0000:fffc1000       .debug$S                   0000000140000000     kernel32:KERNEL32.dll
 0000:fffc1000       .debug$S                   0000000140000000     kernel32:KERNEL32.dll
 0000:fffc1000       .debug$S                   0000000140000000     kernel32:KERNEL32.dll
 0000:fffc1000       .debug$S                   0000000140000000     kernel32:KERNEL32.dll
 0000:fffc1000       .debug$S                   0000000140000000     kernel32:KERNEL32.dll
 0000:fffc1000       .debug$S                   0000000140000000     kernel32:KERNEL32.dll
 0000:fffc1000       .debug$S                   0000000140000000     kernel32:KERNEL32.dll
 0000:fffc1000       .debug$S                   0000000140000000     kernel32:KERNEL32.dll
 0000:fffc1000       .debug$S                   0000000140000000     kernel32:KERNEL32.dll
 0000:fffc1000       .debug$S                   0000000140000000     kernel32:KERNEL32.dll
 0000:fffc1000       .debug$S                   0000000140000000     kernel32:KERNEL32.dll
 0000:fffc1000       .debug$S                   0000000140000000     kernel32:KERNEL32.dll
 0000:fffc1000       .debug$S                   0000000140000000     kernel32:KERNEL32.dll
 0000:fffc1000       .debug$S                   0000000140000000     kernel32:KERNEL32.dll
 0000:fffc1000       .debug$S                   0000000140000000     kernel32:KERNEL32.dll
 0000:fffc1000       .debug$S                   0000000140000000     kernel32:KERNEL32.dll
 0000:fffc1000       .debug$S                   0000000140000000     kernel32:KERNEL32.dll
 0000:fffc1000       .debug$S                   0000000140000000     kernel32:KERNEL32.dll
 0000:fffc1000       .debug$S                   0000000140000000     kernel32:KERNEL32.dll
 0000:fffc1000       .debug$S                   0000000140000000     kernel32:KERNEL32.dll
 0000:fffc1000       .debug$S                   0000000140000000     kernel32:KERNEL32.dll
 0000:fffc1000       .debug$S                   0000000140000000     kernel32:KERNEL32.dll
 0000:fffc1000       .debug$S                   0000000140000000     kernel32:KERNEL32.dll
 0000:fffc1000       .debug$S                   0000000140000000     kernel32:KERNEL32.dll
 0000:fffc1000       .debug$S                   0000000140000000     shell32:SHELL32.dll
 0000:fffc1000       .debug$S                   0000000140000000     ws2_32:WS2_32.dll
 0000:fffc1000       .debug$S                   0000000140000000     ws2_32:WS2_32.dll
 0000:fffc1000       .debug$S                   0000000140000000     ws2_32:WS2_32.dll
 0000:fffc1000       .debug$S                   0000000140000000     ws2_32:WS2_32.dll
 0000:fffc1000       .debug$S                   0000000140000000     ws2_32:WS2_32.dll
 0000:fffc1000       .debug$S                   0000000140000000     ws2_32:WS2_32.dll
 0000:fffc1000       .debug$S                   0000000140000000     ws2_32:WS2_32.dll
 0000:fffc1000       .debug$S                   0000000140000000     ws2_32:WS2_32.dll
 0000:fffc1000       .debug$S                   0000000140000000     ws2_32:WS2_32.dll
 0000:fffc1000       .debug$S                   0000000140000000     ws2_32:WS2_32.dll
 0000:fffc1000       .debug$S                   0000000140000000     ws2_32:WS2_32.dll
 0000:fffc1000       .debug$S                   0000000140000000     ws2_32:WS2_32.dll
 0000:fffc1000       .debug$S                   0000000140000000     ws2_32:WS2_32.dll
 0000:fffc1000       .debug$S                   0000000140000000     ws2_32:WS2_32.dll
 0000:fffc1000       .debug$S                   0000000140000000     ws2_32:WS2_32.dll
 0000:fffc1000       .debug$S                   0000000140000000     ws2_32:WS2_32.dll
 0000:fffc1000       .debug$S                   0000000140000000     ws2_32:WS2_32.dll
 0000:fffc1000       .debug$S                   0000000140000000     ws2_32:WS2_32.dll
 0000:fffc1000       .debug$S                   0000000140000000     OpenCL:OpenCL.dll
 0000:fffc1000       .debug$S                   0000000140000000     OpenCL:OpenCL.dll
 0000:fffc1000       .debug$S                   0000000140000000     OpenCL:OpenCL.dll
 0000:fffc1000       .debug$S                   0000000140000000     OpenCL:OpenCL.dll
 0000:fffc1000       .debug$S                   0000000140000000     OpenCL:OpenCL.dll
 0000:fffc1000       .debug$S                   0000000140000000     OpenCL:OpenCL.dll
 0000:fffc1000       .debug$S                   0000000140000000     OpenCL:OpenCL.dll
 0000:fffc1000       .debug$S                   0000000140000000     OpenCL:OpenCL.dll
 0000:fffc1000       .debug$S                   0000000140000000     OpenCL:OpenCL.dll
 0000:fffc1000       .debug$S                   0000000140000000     OpenCL:OpenCL.dll
 0000:fffc1000       .debug$S                   0000000140000000     OpenCL:OpenCL.dll
 0000:fffc1000       .debug$S                   0000000140000000     OpenCL:OpenCL.dll
 0000:fffc1000       .debug$S                   0000000140000000     OpenCL:OpenCL.dll
 0000:fffc1000       .debug$S                   0000000140000000     OpenCL:OpenCL.dll
 0000:fffc1000       .debug$S                   0000000140000000     OpenCL:OpenCL.dll
 0000:fffc1000       .debug$S                   0000000140000000     OpenCL:OpenCL.dll
 0000:fffc1000       .debug$S                   0000000140000000     OpenCL:OpenCL.dll
 0001:000066e0       GetKnownHiveHash           00000001400076e0 f   dbg_..-common-api.o
 0001:00006d30       i64GetKnownHiveHash        0000000140007d30 f   dbg_..-common-api.o
 0001:00006da0       i64_raw_update             0000000140007da0 f   dbg_..-common-api.o
 0001:0000c090       scheduler_queue_init       000000014000d090 f   dbg_..-common-queue.o
 0001:0000c160       scheduler_queue_push       000000014000d160 f   dbg_..-common-queue.o
 0001:0000c410       scheduler_rnd              000000014000d410 f   dbg_..-common-queue.o
 0001:0000c5b0       scheduler_queue_pop        000000014000d5b0 f   dbg_..-common-queue.o
 0001:0000c760       queue_init                 000000014000d760 f   dbg_..-common-queue.o
 0001:0000c7b0       queue_push                 000000014000d7b0 f   dbg_..-common-queue.o
 0001:0000c810       queue_pop                  000000014000d810 f   dbg_..-common-queue.o
 0001:0000fe40       Worker                     0000000140010e40 f   dbg_..-common-remote.o
 0001:000103f0       ConnectionListnerWorker    00000001400113f0 f   dbg_..-common-remote.o
 0001:00010610       PagesAllocator             0000000140011610 f   dbg_..-common-remote.o
 0001:000106e0       StateSender                00000001400116e0 f   dbg_..-common-remote.o
 0001:00010750       HandleApiCall              0000000140011750 f   dbg_..-common-remote.o
 0001:0001791c       .text                      000000014001891c     asm_dbg.o
 0002:00005f20       BFE_GENERIC_MAPPING        0000000140021f20     ws2_32:indef.obj
 0002:000060d0       IPSEC_AUTH_TRANSFORM_ID_HMAC_MD5_96 00000001400220d0     ws2_32:indef.obj
 0002:000060e0       IPSEC_AUTH_TRANSFORM_ID_HMAC_SHA_1_96 00000001400220e0     ws2_32:indef.obj
 0002:000060f0       IPSEC_AUTH_TRANSFORM_ID_HMAC_SHA_256_128 00000001400220f0     ws2_32:indef.obj
 0002:00006100       IPSEC_AUTH_TRANSFORM_ID_GCM_AES_128 0000000140022100     ws2_32:indef.obj
 0002:00006110       IPSEC_AUTH_TRANSFORM_ID_GCM_AES_192 0000000140022110     ws2_32:indef.obj
 0002:00006120       IPSEC_AUTH_TRANSFORM_ID_GCM_AES_256 0000000140022120     ws2_32:indef.obj
 0002:00006130       IPSEC_CIPHER_TRANSFORM_ID_CBC_DES 0000000140022130     ws2_32:indef.obj
 0002:00006140       IPSEC_CIPHER_TRANSFORM_ID_CBC_3DES 0000000140022140     ws2_32:indef.obj
 0002:00006150       IPSEC_CIPHER_TRANSFORM_ID_AES_128 0000000140022150     ws2_32:indef.obj
 0002:00006160       IPSEC_CIPHER_TRANSFORM_ID_AES_192 0000000140022160     ws2_32:indef.obj
 0002:00006170       IPSEC_CIPHER_TRANSFORM_ID_AES_256 0000000140022170     ws2_32:indef.obj
 0002:00006180       IPSEC_CIPHER_TRANSFORM_ID_GCM_AES_128 0000000140022180     ws2_32:indef.obj
 0002:00006190       IPSEC_CIPHER_TRANSFORM_ID_GCM_AES_192 0000000140022190     ws2_32:indef.obj
 0002:000061a0       IPSEC_CIPHER_TRANSFORM_ID_GCM_AES_256 00000001400221a0     ws2_32:indef.obj
 0003:00000140       .data                      0000000140023140     asm_dbg.o
 0003:00017a00       gai_strerrorW.buff         000000014003aa00     dbg_..-common-remote.o
 0003:000192eb       WFP_TRACE_NULL_DATA        000000014003c2eb     ws2_32:indef.obj
 0004:00000ab4       .idata$6                   000000014003dab4     gdi32:GDI32.dll
 0004:00000ad4       .idata$6                   000000014003dad4     shell32:SHELL32.dll
 0004:00000de8       .idata$6                   000000014003dde8     kernel32:KERNEL32.dll
 0004:00000e08       .idata$6                   000000014003de08     bcrypt:bcrypt.dll
 0004:00000e48       .idata$6                   000000014003de48     ws2_32:WS2_32.dll
 0004:00000fbe       .idata$6                   000000014003dfbe     OpenCL:OpenCL.dll
