 d

 Timestamp is 6988be5c (Sun Feb  8 19:48:28 2026)

 Preferred load address is 0000000140000000

 Start         Length     Name                   Class
 0001:00000000 00012889H .text                   CODE
 0001:00012889 0000121cH .text$mn                CODE
 0002:00000000 00004ed0H .rdata                  DATA
 0002:00004ece 00000000H .edata                  DATA
 0002:00004ed0 00000164H .rdata$zzzdbg           DATA
 0003:00000000 00000420H .data                   DATA
 0003:00000420 0010870eH .bss                    DATA
 0004:00000000 00000460H .idata$5                DATA
 0004:00000460 00000064H .idata$2                DATA
 0004:000004c4 00000014H .idata$3                DATA
 0004:000004d8 00000460H .idata$4                DATA
 0004:00000938 00000607H .idata$6                DATA

  Address         Publics by Value              Rva+Base               Lib:Object

 0000:00000000       __AbsoluteZero             0000000000000000     <absolute>
 0000:00000000       ___safe_se_handler_count   0000000000000000     <absolute>
 0000:00000000       ___safe_se_handler_table   0000000000000000     <absolute>
 0000:00000000       __arm64x_extra_rfe_table   0000000000000000     <absolute>
 0000:00000000       __arm64x_extra_rfe_table_size 0000000000000000     <absolute>
 0000:00000000       __arm64x_native_entrypoint 0000000000000000     <absolute>
 0000:00000000       __arm64x_redirection_metadata 0000000000000000     <absolute>
 0000:00000000       __arm64x_redirection_metadata_count 0000000000000000     <absolute>
 0000:00000000       __dynamic_value_reloc_table 0000000000000000     <absolute>
 0000:00000000       __enclave_config           0000000000000000     <absolute>
 0000:00000000       __guard_check_icall_a64n_fptr 0000000000000000     <absolute>
 0000:00000000       __guard_eh_cont_count      0000000000000000     <absolute>
 0000:00000000       __guard_eh_cont_table      0000000000000000     <absolute>
 0000:00000000       __guard_fids_count         0000000000000000     <absolute>
 0000:00000000       __guard_fids_table         0000000000000000     <absolute>
 0000:00000000       __guard_iat_count          0000000000000000     <absolute>
 0000:00000000       __guard_iat_table          0000000000000000     <absolute>
 0000:00000000       __guard_longjmp_count      0000000000000000     <absolute>
 0000:00000000       __guard_longjmp_table      0000000000000000     <absolute>
 0000:00000000       __hybrid_auxiliary_delayload_iat 0000000000000000     <absolute>
 0000:00000000       __hybrid_auxiliary_delayload_iat_copy 0000000000000000     <absolute>
 0000:00000000       __hybrid_auxiliary_iat     0000000000000000     <absolute>
 0000:00000000       __hybrid_auxiliary_iat_copy 0000000000000000     <absolute>
 0000:00000000       __hybrid_code_map          0000000000000000     <absolute>
 0000:00000000       __hybrid_code_map_count    0000000000000000     <absolute>
 0000:00000000       __hybrid_image_info_bitfield 0000000000000000     <absolute>
 0000:00000000       __volatile_metadata        0000000000000000     <absolute>
 0000:00000000       __x64_code_ranges_to_entry_points 0000000000000000     <absolute>
 0000:00000000       __x64_code_ranges_to_entry_points_count 0000000000000000     <absolute>
 0000:00000100       __guard_flags              0000000000000100     <absolute>
 0001:00000410       gpuPauseWorker             0000000140001410 f   dbg_.-gpu-await_worker.o
 0001:00000510       gpuCallObject              0000000140001510 f   dbg_.-gpu-call_object.o
 0001:00000610       gpuExecuteWorker           0000000140001610 f   dbg_.-gpu-execute_worker.o
 0001:00000c70       gpuNewObjectUsingPage      0000000140001c70 f   dbg_.-gpu-new_object.o
 0001:00000da0       gpuNewObject               0000000140001da0 f   dbg_.-gpu-new_object.o
 0001:00000e50       gpuPushObject              0000000140001e50 f   dbg_.-gpu-push_object.o
 0001:00000e90       gpuPushPipe                0000000140001e90 f   dbg_.-gpu-push_object.o
 0001:00000ee0       gpuQueryObject             0000000140001ee0 f   dbg_.-gpu-query_object.o
 0001:00000f20       gpuQueryPipe               0000000140001f20 f   dbg_.-gpu-query_object.o
 0001:00000f80       x64PauseWorker             0000000140001f80 f   dbg_.-x64-await_worker.o
 0001:00001080       x64CallObject              0000000140002080 f   dbg_.-x64-call_object.o
 0001:00001180       x64ExecuteWorker           0000000140002180 f   dbg_.-x64-execute_worker.o
 0001:000011e0       x64NewObjectUsingPage      00000001400021e0 f   dbg_.-x64-new_object.o
 0001:000016e0       x64NewObjectStates         00000001400026e0 f   dbg_.-x64-new_object.o
 0001:00001770       x64NewObject               0000000140002770 f   dbg_.-x64-new_object.o
 0001:00001a00       x64UpdateLocalPush         0000000140002a00 f   dbg_.-x64-push_object.o
 0001:00001af0       x64OnPushObject            0000000140002af0 f   dbg_.-x64-push_object.o
 0001:00001b80       x64PushObjectStates        0000000140002b80 f   dbg_.-x64-push_object.o
 0001:00001c80       x64PushObject              0000000140002c80 f   dbg_.-x64-push_object.o
 0001:00001ee0       x64PushPipe                0000000140002ee0 f   dbg_.-x64-push_object.o
 0001:00002070       x64QueryLocalObject        0000000140003070 f   dbg_.-x64-query_object.o
 0001:000021d0       x64OnQueryObject           00000001400031d0 f   dbg_.-x64-query_object.o
 0001:000022a0       x64QueryObjectStates       00000001400032a0 f   dbg_.-x64-query_object.o
 0001:000023c0       x64QueryObject             00000001400033c0 f   dbg_.-x64-query_object.o
 0001:000025c0       x64QueryPipe               00000001400035c0 f   dbg_.-x64-query_object.o
 0001:00002760       equal_bytes                0000000140003760 f   dbg_.-api.o
 0001:000027f0       GetHashtableNoLock         00000001400037f0 f   dbg_.-api.o
 0001:00002920       SetHashtableNoLock         0000000140003920 f   dbg_.-api.o
 0001:00002c20       GetHashtable               0000000140003c20 f   dbg_.-api.o
 0001:00002c80       SetHashtable               0000000140003c80 f   dbg_.-api.o
 0001:00002cd0       InitInternalStructures     0000000140003cd0 f   dbg_.-api.o
 0001:00003240       castOnQueryObject          0000000140004240 f   dbg_.-cast_provider.o
 0001:00003400       anyCastStates              0000000140004400 f   dbg_.-cast_provider.o
 0001:000044b0       anyCastProvider            00000001400054b0 f   dbg_.-cast_provider.o
 0001:00004bb0       init_gpu_subsystem         0000000140005bb0 f   dbg_.-gpu_subsystem.o
 0001:00006660       gpuBuildFromText           0000000140007660 f   dbg_.-gpu_subsystem.o
 0001:00006940       gpuAlloc                   0000000140007940 f   dbg_.-gpu_subsystem.o
 0001:00006980       gpuRun                     0000000140007980 f   dbg_.-gpu_subsystem.o
 0001:00006a30       gpuFinishQueuesOnPlatform  0000000140007a30 f   dbg_.-gpu_subsystem.o
 0001:00006ab0       gpuFinishQueue             0000000140007ab0 f   dbg_.-gpu_subsystem.o
 0001:000072b0       StartInitialProcess        00000001400082b0 f   dbg_.-hive_entry.o
 0001:00007550       GetConnectionById          0000000140008550 f   dbg_.-remote.o
 0001:000075e0       DumpConnections            00000001400085e0 f   dbg_.-remote.o
 0001:00007930       ConfirmPage                0000000140008930 f   dbg_.-remote.o
 0001:000079d0       ConfirmID                  00000001400089d0 f   dbg_.-remote.o
 0001:00007a20       HandleNewConnection        0000000140008a20 f   dbg_.-remote.o
 0001:00007c00       UpdateWaitingPush          0000000140008c00 f   dbg_.-remote.o
 0001:00007e40       AnswerPushObject           0000000140008e40 f   dbg_.-remote.o
 0001:00007f20       SendPageAllocationConfirm  0000000140008f20 f   dbg_.-remote.o
 0001:00007fb0       SendIDConfirm              0000000140008fb0 f   dbg_.-remote.o
 0001:00008040       RedirectBroadcastQuery     0000000140009040 f   dbg_.-remote.o
 0001:000081c0       RedirectBroadcastIDQuery   00000001400091c0 f   dbg_.-remote.o
 0001:00008340       ConfirmConnection          0000000140009340 f   dbg_.-remote.o
 0001:000084f0       InitiateConnection         00000001400094f0 f   dbg_.-remote.o
 0001:00008860       RequestMemoryPage          0000000140009860 f   dbg_.-remote.o
 0001:00008970       RequestServerId            0000000140009970 f   dbg_.-remote.o
 0001:00008a80       AnswerQueryObject          0000000140009a80 f   dbg_.-remote.o
 0001:00008bc0       AnswerRequestObjectPath    0000000140009bc0 f   dbg_.-remote.o
 0001:00008d00       RequestObjectPathBroadcast 0000000140009d00 f   dbg_.-remote.o
 0001:00008f20       AnswerRequestPathToID      0000000140009f20 f   dbg_.-remote.o
 0001:00009060       RequestPathToIDBroadcast   000000014000a060 f   dbg_.-remote.o
 0001:00009280       RequestObjectGet           000000014000a280 f   dbg_.-remote.o
 0001:000093a0       RequestObjectSet           000000014000a3a0 f   dbg_.-remote.o
 0001:000095a0       StartNewWorkerRemote       000000014000a5a0 f   dbg_.-remote.o
 0001:000096d0       SendHiveState              000000014000a6d0 f   dbg_.-remote.o
 0001:00009890       start_remote_subsystem     000000014000a890 f   dbg_.-remote.o
 0001:0000d4b0       gai_strerrorW              000000014000e4b0 f i dbg_.-remote.o
 0001:0000d510       memset                     000000014000e510 f   dbg_.-runtime_lib.o
 0001:0000d570       memcpy                     000000014000e570 f   dbg_.-runtime_lib.o
 0001:0000d5e0       myMalloc                   000000014000e5e0 f   dbg_.-runtime_lib.o
 0001:0000d630       myPrintf                   000000014000e630 f   dbg_.-runtime_lib.o
 0001:0000d960       myRealloc                  000000014000e960 f   dbg_.-runtime_lib.o
 0001:0000d9c0       myFree                     000000014000e9c0 f   dbg_.-runtime_lib.o
 0001:0000da00       myAtoll                    000000014000ea00 f   dbg_.-runtime_lib.o
 0001:0000db40       get_char                   000000014000eb40 f   dbg_.-runtime_lib.o
 0001:0000dc20       myScanI64                  000000014000ec20 f   dbg_.-runtime_lib.o
 0001:0000dcb0       myScanS                    000000014000ecb0 f   dbg_.-runtime_lib.o
 0001:0000ddb0       PrintI64                   000000014000edb0 f   dbg_.-runtime_lib.o
 0001:0000de80       PrintI64H                  000000014000ee80 f   dbg_.-runtime_lib.o
 0001:0000df20       Print2H                    000000014000ef20 f   dbg_.-runtime_lib.o
 0001:0000dfc0       assertion_failure          000000014000efc0 f   dbg_.-runtime_lib.o
 0001:0000e010       myAbs                      000000014000f010 f   dbg_.-runtime_lib.o
 0001:0000e040       MicrosecondsToTicks        000000014000f040 f   dbg_.-runtime_lib.o
 0001:0000e060       TicksToMicroseconds        000000014000f060 f   dbg_.-runtime_lib.o
 0001:0000e080       GetTicks                   000000014000f080 f   dbg_.-runtime_lib.o
 0001:0000e0a0       SheduleTimeoutFromNow      000000014000f0a0 f   dbg_.-runtime_lib.o
 0001:0000e0e0       init_lib                   000000014000f0e0 f   dbg_.-runtime_lib.o
 0001:0000e430       RegisterObjectWithId       000000014000f430 f   dbg_.-runtime.o
 0001:0000e460       GetNewObjectId             000000014000f460 f   dbg_.-runtime.o
 0001:0000e550       universalPauseWorker       000000014000f550 f   dbg_.-runtime.o
 0001:0000e5f0       universalUpdateLocalPush   000000014000f5f0 f   dbg_.-runtime.o
 0001:0000e650       UpdateFromQueryResult      000000014000f650 f   dbg_.-runtime.o
 0001:0000e6d0       PrintObject                000000014000f6d0 f   dbg_.-runtime.o
 0001:0000e8d0       WaitListWorker             000000014000f8d0 f   dbg_.-runtime.o
 0001:0000e940       EnqueueWorkerFromWaitList  000000014000f940 f   dbg_.-runtime.o
 0001:0000e9d0       EnqueueWorker              000000014000f9d0 f   dbg_.-runtime.o
 0001:0000ea40       UpdateWaitingWorkers       000000014000fa40 f   dbg_.-runtime.o
 0001:0000ec00       SheduleWorker              000000014000fc00 f   dbg_.-runtime.o
 0001:0000edb0       StartNewWorker             000000014000fdb0 f   dbg_.-runtime.o
 0001:0000f0f0       LoadWorker                 00000001400100f0 f   dbg_.-runtime.o
 0001:000100a0       ShedulerInstance           00000001400110a0 f   dbg_.-runtime.o
 0001:000101a0       entry                      00000001400111a0 f   dbg_.-runtime.o
 0001:0001106c       x64_fastPushObject         000000014001206c     asm_dbg.o
 0001:000110e8       x64_fastQueryObject        00000001400120e8     asm_dbg.o
 0001:00011164       x64_fastNewObject          0000000140012164     asm_dbg.o
 0001:000111e0       x64_fastCallObject         00000001400121e0     asm_dbg.o
 0001:0001125c       x64_fastPushPipe           000000014001225c     asm_dbg.o
 0001:000112d8       x64_fastQueryPipe          00000001400122d8     asm_dbg.o
 0001:00011354       gpu_fastNewObject          0000000140012354     asm_dbg.o
 0001:000113d0       gpu_fastCallObject         00000001400123d0     asm_dbg.o
 0001:0001144c       any_fastCastProvider       000000014001244c     asm_dbg.o
 0001:000114c8       x64AsmExecuteWorker        00000001400124c8     asm_dbg.o
 0001:0001150f       setjmpUN                   000000014001250f     asm_dbg.o
 0001:00011542       longjmpUN                  0000000140012542     asm_dbg.o
 0001:0001156b       DllCall                    000000014001256b     asm_dbg.o
 0001:00012889       CommandLineToArgvW         0000000140013889 f   shell32:SHELL32.dll
 0001:0001288f       TlsGetValue                000000014001388f f   kernel32:KERNEL32.dll
 0001:00012895       AcquireSRWLockExclusive    0000000140013895 f   kernel32:KERNEL32.dll
 0001:0001289b       ReleaseSRWLockExclusive    000000014001389b f   kernel32:KERNEL32.dll
 0001:000128a1       ExitProcess                00000001400138a1 f   kernel32:KERNEL32.dll
 0001:000128a7       AcquireSRWLockShared       00000001400138a7 f   kernel32:KERNEL32.dll
 0001:000128ad       ReleaseSRWLockShared       00000001400138ad f   kernel32:KERNEL32.dll
 0001:000128b3       Sleep                      00000001400138b3 f   kernel32:KERNEL32.dll
 0001:000128b9       CreateIoCompletionPort     00000001400138b9 f   kernel32:KERNEL32.dll
 0001:000128bf       GetLastError               00000001400138bf f   kernel32:KERNEL32.dll
 0001:000128c5       FormatMessageW             00000001400138c5 f   kernel32:KERNEL32.dll
 0001:000128cb       CreateThread               00000001400138cb f   kernel32:KERNEL32.dll
 0001:000128d1       TryAcquireSRWLockExclusive 00000001400138d1 f   kernel32:KERNEL32.dll
 0001:000128d7       GetQueuedCompletionStatus  00000001400138d7 f   kernel32:KERNEL32.dll
 0001:000128dd       HeapAlloc                  00000001400138dd f   kernel32:KERNEL32.dll
 0001:000128e3       MultiByteToWideChar        00000001400138e3 f   kernel32:KERNEL32.dll
 0001:000128e9       WriteConsoleW              00000001400138e9 f   kernel32:KERNEL32.dll
 0001:000128ef       HeapReAlloc                00000001400138ef f   kernel32:KERNEL32.dll
 0001:000128f5       HeapFree                   00000001400138f5 f   kernel32:KERNEL32.dll
 0001:000128fb       GetConsoleMode             00000001400138fb f   kernel32:KERNEL32.dll
 0001:00012901       ReadConsoleW               0000000140013901 f   kernel32:KERNEL32.dll
 0001:00012907       ReadFile                   0000000140013907 f   kernel32:KERNEL32.dll
 0001:0001290d       QueryPerformanceCounter    000000014001390d f   kernel32:KERNEL32.dll
 0001:00012913       QueryPerformanceFrequency  0000000140013913 f   kernel32:KERNEL32.dll
 0001:00012919       GetStdHandle               0000000140013919 f   kernel32:KERNEL32.dll
 0001:0001291f       GetProcessHeap             000000014001391f f   kernel32:KERNEL32.dll
 0001:00012925       VirtualAlloc               0000000140013925 f   kernel32:KERNEL32.dll
 0001:0001292b       LoadLibraryA               000000014001392b f   kernel32:KERNEL32.dll
 0001:00012931       GetProcAddress             0000000140013931 f   kernel32:KERNEL32.dll
 0001:00012937       TlsSetValue                0000000140013937 f   kernel32:KERNEL32.dll
 0001:0001293d       TlsAlloc                   000000014001393d f   kernel32:KERNEL32.dll
 0001:00012943       CreateFileW                0000000140013943 f   kernel32:KERNEL32.dll
 0001:00012949       GetFileSizeEx              0000000140013949 f   kernel32:KERNEL32.dll
 0001:0001294f       CloseHandle                000000014001394f f   kernel32:KERNEL32.dll
 0001:00012955       GetCommandLineW            0000000140013955 f   kernel32:KERNEL32.dll
 0001:0001295b       WaitForMultipleObjects     000000014001395b f   kernel32:KERNEL32.dll
 0001:00012961       TlsFree                    0000000140013961 f   kernel32:KERNEL32.dll
 0001:00012967       BCryptGenRandom            0000000140013967 f   bcrypt:bcrypt.dll
 0001:0001296d       getpeername                000000014001396d f   ws2_32:WS2_32.dll
 0001:00012973       inet_ntop                  0000000140013973 f   ws2_32:WS2_32.dll
 0001:00012979       ntohs                      0000000140013979 f   ws2_32:WS2_32.dll
 0001:0001297f       WSARecv                    000000014001397f f   ws2_32:WS2_32.dll
 0001:00012985       send                       0000000140013985 f   ws2_32:WS2_32.dll
 0001:0001298b       socket                     000000014001398b f   ws2_32:WS2_32.dll
 0001:00012991       connect                    0000000140013991 f   ws2_32:WS2_32.dll
 0001:00012997       closesocket                0000000140013997 f   ws2_32:WS2_32.dll
 0001:0001299d       getaddrinfo                000000014001399d f   ws2_32:WS2_32.dll
 0001:000129a3       freeaddrinfo               00000001400139a3 f   ws2_32:WS2_32.dll
 0001:000129a9       WSAStartup                 00000001400139a9 f   ws2_32:WS2_32.dll
 0001:000129af       setsockopt                 00000001400139af f   ws2_32:WS2_32.dll
 0001:000129b5       htons                      00000001400139b5 f   ws2_32:WS2_32.dll
 0001:000129bb       bind                       00000001400139bb f   ws2_32:WS2_32.dll
 0001:000129c1       getsockname                00000001400139c1 f   ws2_32:WS2_32.dll
 0001:000129c7       listen                     00000001400139c7 f   ws2_32:WS2_32.dll
 0001:000129cd       accept                     00000001400139cd f   ws2_32:WS2_32.dll
 0001:000129d3       clGetKernelArgInfo         00000001400139d3 f   OpenCL:OpenCL.dll
 0001:000129d9       clSetKernelArg             00000001400139d9 f   OpenCL:OpenCL.dll
 0001:000129df       clEnqueueNDRangeKernel     00000001400139df f   OpenCL:OpenCL.dll
 0001:000129e5       clEnqueueReadBuffer        00000001400139e5 f   OpenCL:OpenCL.dll
 0001:000129eb       clEnqueueWriteBuffer       00000001400139eb f   OpenCL:OpenCL.dll
 0001:000129f1       clGetPlatformIDs           00000001400139f1 f   OpenCL:OpenCL.dll
 0001:000129f7       clGetPlatformInfo          00000001400139f7 f   OpenCL:OpenCL.dll
 0001:000129fd       clGetDeviceIDs             00000001400139fd f   OpenCL:OpenCL.dll
 0001:00012a03       clGetDeviceInfo            0000000140013a03 f   OpenCL:OpenCL.dll
 0001:00012a09       clCreateContext            0000000140013a09 f   OpenCL:OpenCL.dll
 0001:00012a0f       clCreateCommandQueueWithProperties 0000000140013a0f f   OpenCL:OpenCL.dll
 0001:00012a15       clCreateProgramWithSource  0000000140013a15 f   OpenCL:OpenCL.dll
 0001:00012a1b       clBuildProgram             0000000140013a1b f   OpenCL:OpenCL.dll
 0001:00012a21       clGetProgramBuildInfo      0000000140013a21 f   OpenCL:OpenCL.dll
 0001:00012a27       clCreateKernel             0000000140013a27 f   OpenCL:OpenCL.dll
 0001:00012a2d       clCreateBuffer             0000000140013a2d f   OpenCL:OpenCL.dll
 0001:00012a33       clFinish                   0000000140013a33 f   OpenCL:OpenCL.dll
 0002:00000000       ??_C@_1EK@KEDGKNCB@?$AAP?$AAa?$AAu?$AAs?$AAe?$AAd?$AA?5?$AAw?$AAo?$AAr?$AAk?$AAe?$AAr?$AA?5?$AAG?$AAP?$AAU?$AA?5?$AA?$CF?$AAl?$AAl?$AAd?$AA?5?$AA?$FL?$AAc?$AAa?$AAu?$AAs?$AAe?$AA?5?$AA?$CF?$AAl@ 0000000140015000     dbg_.-gpu-await_worker.o
 0002:00000058       ??_C@_1FC@NMNADHLK@?$AAC?$AAa?$AAl?$AAl?$AAi?$AAn?$AAg?$AA?5?$AAw?$AAo?$AAr?$AAk?$AAe?$AAr?$AA?5?$AA?$CF?$AAl?$AAl?$AAd?$AA?5?$AA?$FL?$AAd?$AAa?$AAt?$AAa?$AA?$DN?$AA?$CF?$AAp?$AA?0?$AA?5?$AAm?$AAo@ 0000000140015058     dbg_.-gpu-call_object.o
 0002:000000ba       ??_C@_1BC@GMOKLPI@?$AAT?$AAa?$AAb?$AAl?$AAe?$AA?5?$AA?$DN?$AA?5?$AA?$AA@ 00000001400150ba     dbg_.-gpu-call_object.o
 0002:000000d0       ??_C@_1M@OMOAGDNC@?$AA?$CF?$AA0?$AA2?$AAx?$AA?5?$AA?$AA@ 00000001400150d0     dbg_.-gpu-call_object.o
 0002:000000de       ??_C@_13LBAGMAIH@?$AA?6?$AA?$AA@ 00000001400150de     dbg_.-gpu-call_object.o
 0002:000000e2       ??_C@_1CG@CCFDEFBF@?$AAR?$AAU?$AAN?$AA?5?$AAG?$AAP?$AAU?$AA?5?$AAw?$AAo?$AAr?$AAk?$AAe?$AAr?$AA?$DN?$AA?$CF?$AAp?$AA?6?$AA?$AA@ 00000001400150e2     dbg_.-gpu-execute_worker.o
 0002:00000110       ??_C@_1BI@JNLCKLDN@?$AAA?$AAA?$AAA?$AA?5?$AA?$FL?$AA?$CF?$AAl?$AAl?$AAd?$AA?$FN?$AA?6?$AA?$AA@ 0000000140015110     dbg_.-gpu-execute_worker.o
 0002:0000012c       ??_C@_19MAKPMOIH@?$AAB?$AAB?$AAB?$AA?6?$AA?$AA@ 000000014001512c     dbg_.-gpu-execute_worker.o
 0002:00000138       ??_C@_1DO@MBJBKNM@?$AAE?$AAr?$AAr?$AAo?$AAr?$AA?3?$AA?5?$AAa?$AAt?$AA?5?$AAc?$AAl?$AAS?$AAe?$AAt?$AAK?$AAe?$AAr?$AAn?$AAe?$AAl?$AAA?$AAr?$AAg?$AA?5?$AA?$CF?$AAl?$AAl?$AAd?$AA?6?$AA?$AA@ 0000000140015138     dbg_.-gpu-execute_worker.o
 0002:00000182       ??_C@_1O@ECLOLCME@?$AAo?$AAk?$AA?4?$AA?4?$AA?4?$AA?6?$AA?$AA@ 0000000140015182     dbg_.-gpu-execute_worker.o
 0002:00000192       ??_C@_1CO@BOPILBOM@?$AAC?$AAO?$AAN?$AAF?$AAI?$AAG?$AAU?$AAR?$AAE?$AAD?$AA?3?$AA?5?$AAd?$AAi?$AAm?$AAs?$AA?$DN?$AA?$CF?$AAl?$AAl?$AAd?$AA?6?$AA?$AA@ 0000000140015192     dbg_.-gpu-execute_worker.o
 0002:000001ca       ??_C@_1EO@KIFHHFHO@?$AAE?$AAr?$AAr?$AAo?$AAr?$AA?3?$AA?5?$AAa?$AAt?$AA?5?$AAc?$AAl?$AAE?$AAn?$AAq?$AAu?$AAe?$AAu?$AAe?$AAN?$AAD?$AAR?$AAa?$AAn?$AAg?$AAe?$AAK?$AAe?$AAr?$AAn?$AAe?$AAl@ 00000001400151ca     dbg_.-gpu-execute_worker.o
 0002:00000228       ??_C@_1FG@NKPPHDDL@?$AAA?$AAl?$AAl?$AAo?$AAc?$AAa?$AAt?$AAi?$AAn?$AAg?$AA?5?$AAb?$AAu?$AAf?$AAf?$AAe?$AAr?$AA?5?$AAo?$AAf?$AA?5?$AAs?$AAi?$AAz?$AAe?$AA?5?$AA?$CF?$AAl?$AAl?$AAd?$AA?5?$AAp@ 0000000140015228     dbg_.-gpu-new_object.o
 0002:00000290       ??_C@_1DO@PIAGAENK@?$AAE?$AAR?$AAR?$AAO?$AAR?$AA?3?$AA?5?$AAg?$AAp?$AAu?$AAA?$AAl?$AAl?$AAo?$AAc?$AA?5?$AAf?$AAa?$AAi?$AAl?$AAe?$AAd?$AA?5?$AA?$FL?$AA?$CF?$AAl?$AAl?$AAd?$AA?$FN?$AA?6?$AA?$AA@ 0000000140015290     dbg_.-gpu-new_object.o
 0002:000002da       ??_C@_1BG@LMPFNDF@?$AAr?$AAe?$AAs?$AAu?$AAl?$AAt?$AA?5?$AA?$CF?$AAp?$AA?6?$AA?$AA@ 00000001400152da     dbg_.-gpu-new_object.o
 0002:000002f4       ??_C@_1FM@LBBNKNII@?$AAE?$AAR?$AAR?$AAO?$AAR?$AA?3?$AA?5?$AAP?$AAi?$AAp?$AAe?$AAs?$AA?5?$AAa?$AAr?$AAe?$AA?5?$AAu?$AAn?$AAs?$AAu?$AAp?$AAp?$AAo?$AAr?$AAt?$AAe?$AAd?$AA?5?$AAo?$AAn?$AA?5@ 00000001400152f4     dbg_.-gpu-new_object.o
 0002:00000362       ??_C@_1EA@PKIDLDBK@?$AAo?$AAb?$AAj?$AAe?$AAc?$AAt?$AA?5?$AAf?$AAo?$AAr?$AA?5?$AAs?$AAi?$AAz?$AAe?$AA?5?$AA?$CF?$AAl?$AAl?$AAd?$AA?5?$AAa?$AAl?$AAl?$AAo?$AAc?$AAa?$AAt?$AAe?$AAd?$AA?6?$AA?$AA@ 0000000140015362     dbg_.-gpu-new_object.o
 0002:000003ae       ??_C@_1GM@BNFAKJM@?$AAE?$AAR?$AAR?$AAO?$AAR?$AA?3?$AA?5?$AAP?$AAi?$AAp?$AAe?$AAs?$AA?5?$AAa?$AAr?$AAe?$AA?5?$AAu?$AAn?$AAs?$AAu?$AAp?$AAp?$AAo?$AAr?$AAt?$AAe?$AAd?$AA?5?$AAo?$AAn?$AA?5@ 00000001400153ae     dbg_.-gpu-new_object.o
 0002:00000430       ??_C@_1DC@NBDPBMKB@?$AAW?$AAr?$AAo?$AAn?$AAg?$AA?5?$AAt?$AAy?$AAp?$AAe?$AA?5?$AAi?$AAn?$AA?5?$AAN?$AAe?$AAw?$AAO?$AAb?$AAj?$AAe?$AAc?$AAt?$AA?6?$AA?$AA@ 0000000140015430     dbg_.-gpu-new_object.o
 0002:0000046c       ??_C@_1EG@FBJBJMFK@?$AAN?$AAO?$AAT?$AA?5?$AAS?$AAU?$AAP?$AAP?$AAO?$AAR?$AAT?$AAE?$AAD?$AA?3?$AA?5?$AAp?$AAu?$AAs?$AAh?$AA?5?$AAi?$AAn?$AA?5?$AAg?$AAp?$AAu?$AA?5?$AAo?$AAb?$AAj?$AAe?$AAc@ 000000014001546c     dbg_.-gpu-push_object.o
 0002:000004c0       ??_C@_1FE@GJLEMBH@?$AAN?$AAO?$AAT?$AA?5?$AAS?$AAU?$AAP?$AAP?$AAO?$AAR?$AAT?$AAE?$AAD?$AA?3?$AA?5?$AAp?$AAu?$AAs?$AAh?$AA?5?$AAi?$AAn?$AA?5?$AAg?$AAp?$AAu?$AA?5?$AAo?$AAb?$AAj?$AAe?$AAc@ 00000001400154c0     dbg_.-gpu-push_object.o
 0002:00000524       ??_C@_1EI@EPHKLIAN@?$AAN?$AAO?$AAT?$AA?5?$AAS?$AAU?$AAP?$AAP?$AAO?$AAR?$AAT?$AAE?$AAD?$AA?3?$AA?5?$AAq?$AAu?$AAe?$AAr?$AAy?$AA?5?$AAi?$AAn?$AA?5?$AAg?$AAp?$AAu?$AA?5?$AAo?$AAb?$AAj?$AAe@ 0000000140015524     dbg_.-gpu-query_object.o
 0002:0000057a       ??_C@_1FG@PCBNEEAC@?$AAN?$AAO?$AAT?$AA?5?$AAS?$AAU?$AAP?$AAP?$AAO?$AAR?$AAT?$AAE?$AAD?$AA?3?$AA?5?$AAq?$AAu?$AAe?$AAr?$AAy?$AA?5?$AAi?$AAn?$AA?5?$AAg?$AAp?$AAu?$AA?5?$AAo?$AAb?$AAj?$AAe@ 000000014001557a     dbg_.-gpu-query_object.o
 0002:000005e2       ??_C@_1EC@FMMFNKHC@?$AAP?$AAa?$AAu?$AAs?$AAe?$AAd?$AA?5?$AAw?$AAo?$AAr?$AAk?$AAe?$AAr?$AA?5?$AA?$CF?$AAl?$AAl?$AAd?$AA?5?$AA?$FL?$AAc?$AAa?$AAu?$AAs?$AAe?$AA?5?$AA?$CF?$AAl?$AAl?$AAd?$AA?$FN?$AA?6@ 00000001400155e2     dbg_.-x64-await_worker.o
 0002:00000632       ??_C@_1BG@KNJPCEOH@?$AAw?$AAo?$AAr?$AAk?$AAe?$AAr?$AA?$DN?$AA?$CF?$AAp?$AA?6?$AA?$AA@ 0000000140015632     dbg_.-x64-execute_worker.o
 0002:00000664       ??_C@_1DM@CKKHLHMJ@?$AAP?$AAi?$AAp?$AAe?$AA?5?$AAf?$AAo?$AAr?$AA?5?$AAs?$AAi?$AAz?$AAe?$AA?5?$AA?$CF?$AAl?$AAl?$AAd?$AA?5?$AAa?$AAl?$AAl?$AAo?$AAc?$AAa?$AAt?$AAe?$AAd?$AA?6?$AA?$AA@ 0000000140015664     dbg_.-x64-new_object.o
 0002:000006ac       ??_C@_1BG@HIIBALHG@?$AA?$FL?$AAi?$AAd?$AA?$DN?$AA?$CF?$AAl?$AAl?$AAx?$AA?$FN?$AA?6?$AA?$AA@ 00000001400156ac     dbg_.-x64-new_object.o
 0002:000006c6       ??_C@_1GK@LJBKHIKD@?$AAA?$AAr?$AAr?$AAa?$AAy?$AA?5?$AAo?$AAf?$AA?5?$AA?$CF?$AAl?$AAl?$AAd?$AA?5?$AAb?$AAy?$AAt?$AAe?$AAs?$AA?0?$AA?5?$AAe?$AAl?$AAe?$AAm?$AAe?$AAn?$AAt?$AA?5?$AAo?$AAf?$AA?5@ 00000001400156c6     dbg_.-x64-new_object.o
 0002:00000746       ??_C@_1EC@IBADEGPM@?$AAP?$AAr?$AAo?$AAm?$AAi?$AAs?$AAe?$AA?5?$AAf?$AAo?$AAr?$AA?5?$AAs?$AAi?$AAz?$AAe?$AA?5?$AA?$CF?$AAl?$AAl?$AAd?$AA?5?$AAa?$AAl?$AAl?$AAo?$AAc?$AAa?$AAt?$AAe?$AAd?$AA?6@ 0000000140015746     dbg_.-x64-new_object.o
 0002:00000796       ??_C@_1DO@OEOJCPLG@?$AAC?$AAl?$AAa?$AAs?$AAs?$AA?5?$AAf?$AAo?$AAr?$AA?5?$AAs?$AAi?$AAz?$AAe?$AA?5?$AA?$CF?$AAl?$AAl?$AAd?$AA?5?$AAa?$AAl?$AAl?$AAo?$AAc?$AAa?$AAt?$AAe?$AAd?$AA?6?$AA?$AA@ 0000000140015796     dbg_.-x64-new_object.o
 0002:000007e0       ??_C@_1EO@GECEJMLH@?$AAD?$AAe?$AAf?$AAi?$AAn?$AAe?$AAd?$AA?5?$AAa?$AAr?$AAr?$AAa?$AAy?$AA?5?$AAf?$AAo?$AAr?$AA?5?$AAs?$AAi?$AAz?$AAe?$AA?5?$AA?$CF?$AAl?$AAl?$AAd?$AA?5?$AAa?$AAl?$AAl?$AAo@ 00000001400157e0     dbg_.-x64-new_object.o
 0002:0000083e       ??_C@_1M@FHJLFHFE@?$AA?5?$AA?$CF?$AA0?$AA2?$AAx?$AA?$AA@ 000000014001583e     dbg_.-x64-new_object.o
 0002:00000872       ??_C@_1EG@IHOMNHMM@?$AAw?$AAa?$AAi?$AAt?$AAi?$AAn?$AAg?$AA?5?$AAf?$AAo?$AAr?$AA?5?$AAr?$AAe?$AAm?$AAo?$AAt?$AAe?$AA?5?$AAp?$AAu?$AAs?$AAh?$AA?5?$AA?$CF?$AAl?$AAl?$AAd?$AA?1?$AA?$CF?$AAl?$AAl@ 0000000140015872     dbg_.-x64-push_object.o
 0002:000008c6       ??_C@_1CG@JJBKNCBO@?$AAp?$AAu?$AAs?$AAh?$AA?5?$AAt?$AAo?$AA?5?$AAo?$AAb?$AAj?$AAe?$AAc?$AAt?$AA?5?$AA?$CF?$AAp?$AA?6?$AA?$AA@ 00000001400158c6     dbg_.-x64-push_object.o
 0002:000008f4       ??_C@_1CG@FCDGDINM@?$AAp?$AAu?$AAs?$AAh?$AA?5?$AAt?$AAo?$AA?5?$AAp?$AAi?$AAp?$AAe?$AA?5?$AA?$CF?$AAl?$AAl?$AAd?$AA?6?$AA?$AA@ 00000001400158f4     dbg_.-x64-push_object.o
 0002:00000922       ??_C@_1EI@HFFKCAJK@?$AAw?$AAa?$AAi?$AAt?$AAi?$AAn?$AAg?$AA?5?$AAf?$AAo?$AAr?$AA?5?$AAr?$AAe?$AAm?$AAo?$AAt?$AAe?$AA?5?$AAq?$AAu?$AAe?$AAr?$AAy?$AA?5?$AA?$CF?$AAl?$AAl?$AAd?$AA?1?$AA?$CF?$AAl@ 0000000140015922     dbg_.-x64-query_object.o
 0002:00000978       ??_C@_1CG@NFAKFIFJ@?$AAQ?$AAu?$AAe?$AAr?$AAy?$AA?5?$AAo?$AAb?$AAj?$AAe?$AAc?$AAt?$AA?5?$AA?$CF?$AAl?$AAl?$AAd?$AA?6?$AA?$AA@ 0000000140015978     dbg_.-x64-query_object.o
 0002:000009a6       ??_C@_1CM@JHEDMDLC@?$AAq?$AAu?$AAe?$AAr?$AAy?$AA?5?$AAf?$AAr?$AAo?$AAm?$AA?5?$AAp?$AAi?$AAp?$AAe?$AA?5?$AA?$CF?$AAl?$AAl?$AAd?$AA?6?$AA?$AA@ 00000001400159a6     dbg_.-x64-query_object.o
 0002:00000a08       ??_C@_1CM@EKFGKDGG@?$AAG?$AAe?$AAt?$AA?5?$AAo?$AAb?$AAj?$AAe?$AAc?$AAt?$AA?5?$AAi?$AAd?$AA?5?$AA?$DN?$AA?5?$AA?$CF?$AAl?$AAl?$AAd?$AA?6?$AA?$AA@ 0000000140015a08     dbg_.-cast_provider.o
 0002:00000a3c       ??_C@_1FE@BCAGMINK@?$AAE?$AAr?$AAr?$AAo?$AAr?$AA?3?$AA?5?$AAn?$AAo?$AA?5?$AAk?$AAn?$AAo?$AAw?$AAn?$AA?5?$AAs?$AAi?$AAz?$AAe?$AA?5?$AAf?$AAo?$AAr?$AA?5?$AAn?$AAo?$AAt?$AA?5?$AAa?$AAr?$AAr@ 0000000140015a3c     dbg_.-cast_provider.o
 0002:00000aa0       ??_C@_1CO@MKKBGDMJ@?$AAg?$AAo?$AAt?$AA?5?$AAl?$AAo?$AAc?$AAa?$AAl?$AA?5?$AAs?$AAi?$AAz?$AAe?$AA?5?$AAa?$AAn?$AAs?$AAw?$AAe?$AAr?$AA?6?$AA?$AA@ 0000000140015aa0     dbg_.-cast_provider.o
 0002:00000ad8       ??_C@_1DM@MLLOPCOA@?$AAQ?$AAu?$AAe?$AAr?$AAy?$AAi?$AAn?$AAg?$AA?5?$AAo?$AAb?$AAj?$AAe?$AAc?$AAt?$AA?5?$AAs?$AAi?$AAz?$AAe?$AA?5?$AAo?$AAf?$AA?5?$AA?$CF?$AAl?$AAl?$AAd?$AA?6?$AA?$AA@ 0000000140015ad8     dbg_.-cast_provider.o
 0002:00000b20       ??_C@_1DA@NCDJBGNA@?$AAg?$AAo?$AAt?$AA?5?$AAr?$AAe?$AAm?$AAo?$AAt?$AAe?$AA?5?$AAs?$AAi?$AAz?$AAe?$AA?5?$AAa?$AAn?$AAs?$AAw?$AAe?$AAr?$AA?6?$AA?$AA@ 0000000140015b20     dbg_.-cast_provider.o
 0002:00000b5a       ??_C@_1DK@MHAKINPM@?$AAK?$AAn?$AAo?$AAw?$AA?5?$AAs?$AAi?$AAz?$AAe?$AA?$DN?$AA?$CF?$AAl?$AAl?$AAd?$AA?5?$AA?$FL?$AAp?$AAa?$AAr?$AAa?$AAm?$AA?$DN?$AA?$CF?$AAl?$AAl?$AAd?$AA?$FN?$AA?6?$AA?$AA@ 0000000140015b5a     dbg_.-cast_provider.o
 0002:00000ba0       ??_C@_1FK@KDAFABDO@?$AAE?$AAr?$AAr?$AAo?$AAr?$AA?3?$AA?5?$AAl?$AAo?$AAc?$AAa?$AAl?$AA?5?$AAo?$AAb?$AAj?$AAe?$AAc?$AAt?$AA?5?$AAw?$AAa?$AAs?$AA?5?$AAr?$AAe?$AAm?$AAo?$AAv?$AAe?$AAd?$AA?5@ 0000000140015ba0     dbg_.-cast_provider.o
 0002:00000c0c       ??_C@_1FO@HMOHPFHI@?$AAE?$AAr?$AAr?$AAo?$AAr?$AA?5?$AAh?$AAa?$AAp?$AAp?$AAe?$AAn?$AA?5?$AAw?$AAh?$AAi?$AAl?$AAe?$AA?5?$AAc?$AAl?$AAE?$AAn?$AAq?$AAu?$AAe?$AAu?$AAe?$AAR?$AAe?$AAa?$AAd@ 0000000140015c0c     dbg_.-cast_provider.o
 0002:00000c7c       ??_C@_1EE@JNODMKEN@?$AAS?$AAu?$AAc?$AAc?$AAe?$AAs?$AAs?$AAi?$AAf?$AAu?$AAl?$AAl?$AAy?$AA?5?$AAc?$AAo?$AAn?$AAv?$AAe?$AAr?$AAt?$AAe?$AAd?$AA?5?$AAg?$AAp?$AAu?$AA?9?$AA?$DO?$AAc?$AAp?$AAu@ 0000000140015c7c     dbg_.-cast_provider.o
 0002:00000cce       ??_C@_1GA@EEKPNAGK@?$AAE?$AAr?$AAr?$AAo?$AAr?$AA?5?$AAh?$AAa?$AAp?$AAp?$AAe?$AAn?$AA?5?$AAw?$AAh?$AAi?$AAl?$AAe?$AA?5?$AAc?$AAl?$AAE?$AAn?$AAq?$AAu?$AAe?$AAu?$AAe?$AAW?$AAr?$AAi?$AAt@ 0000000140015cce     dbg_.-cast_provider.o
 0002:00000d42       ??_C@_1EE@NKOFIBGO@?$AAS?$AAu?$AAc?$AAc?$AAe?$AAs?$AAs?$AAi?$AAf?$AAu?$AAl?$AAl?$AAy?$AA?5?$AAc?$AAo?$AAn?$AAv?$AAe?$AAr?$AAt?$AAe?$AAd?$AA?5?$AAc?$AAp?$AAu?$AA?9?$AA?$DO?$AAg?$AAp?$AAu@ 0000000140015d42     dbg_.-cast_provider.o
 0002:00000d94       ??_C@_1BM@OBHKMKPP@?$AAR?$AAe?$AAt?$AAu?$AAr?$AAn?$AA?3?$AA?5?$AA?$CF?$AAl?$AAl?$AAd?$AA?6?$AA?$AA@ 0000000140015d94     dbg_.-cast_provider.o
 0002:00000db6       ??_C@_1EC@IPADNJOO@?$AAc?$AAo?$AAn?$AAv?$AAe?$AAr?$AAt?$AA?5?$AA?$CF?$AAp?$AA?5?$AA?$FL?$AAt?$AAy?$AAp?$AAe?$AAs?$AA?5?$AA?$CF?$AAl?$AAl?$AAd?$AA?5?$AA?9?$AA?$DO?$AA?5?$AA?$CF?$AAl?$AAl?$AAd?$AA?$FN?$AA?6@ 0000000140015db6     dbg_.-cast_provider.o
 0002:00000e06       ??_C@_1IA@HIJJNPCH@?$AAE?$AAR?$AAR?$AAO?$AAR?$AA?3?$AA?5?$AAn?$AAo?$AAt?$AA?5?$AAs?$AAu?$AAp?$AAp?$AAo?$AAr?$AAt?$AAe?$AAd?$AA?5?$AAc?$AAo?$AAn?$AAv?$AAe?$AAr?$AAs?$AAi?$AAo?$AAn?$AA?5@ 0000000140015e06     dbg_.-cast_provider.o
 0002:00000ea0       ??_C@_1DK@FINICEEJ@?$AAG?$AAo?$AAt?$AA?5?$AAa?$AAt?$AA?5?$AAl?$AAe?$AAa?$AAs?$AAt?$AA?5?$AA?$CF?$AAl?$AAl?$AAd?$AA?5?$AAp?$AAl?$AAa?$AAt?$AAf?$AAo?$AAr?$AAm?$AAs?$AA?6?$AA?$AA@ 0000000140015ea0     dbg_.-gpu_subsystem.o
 0002:00000ee6       ??_C@_1CA@OOAPHHDP@?$AAP?$AAl?$AAa?$AAt?$AAf?$AAo?$AAr?$AAm?$AA?5?$AA?$CF?$AAl?$AAl?$AAd?$AA?3?$AA?6?$AA?$AA@ 0000000140015ee6     dbg_.-gpu_subsystem.o
 0002:00000f0c       ??_C@_1DK@CFKCPDLH@?$AA?7?$AA?$CF?$AAl?$AAl?$AAd?$AA?4?$AAN?$AAa?$AAm?$AAe?$AA?5?$AA?5?$AA?5?$AA?5?$AA?5?$AA?5?$AA?5?$AA?5?$AA?5?$AA?5?$AA?5?$AA?5?$AA?5?$AA?3?$AA?5?$AA?$CF?$AAs?$AA?6?$AA?$AA@ 0000000140015f0c     dbg_.-gpu_subsystem.o
 0002:00000f52       ??_C@_1DK@PKNJPDCN@?$AA?7?$AA?$CF?$AAl?$AAl?$AAd?$AA?4?$AAV?$AAe?$AAn?$AAd?$AAo?$AAr?$AA?5?$AA?5?$AA?5?$AA?5?$AA?5?$AA?5?$AA?5?$AA?5?$AA?5?$AA?5?$AA?5?$AA?3?$AA?5?$AA?$CF?$AAs?$AA?6?$AA?$AA@ 0000000140015f52     dbg_.-gpu_subsystem.o
 0002:00000f98       ??_C@_1DK@BCHMBHFB@?$AA?7?$AA?$CF?$AAl?$AAl?$AAd?$AA?4?$AAV?$AAe?$AAr?$AAs?$AAi?$AAo?$AAn?$AA?5?$AA?5?$AA?5?$AA?5?$AA?5?$AA?5?$AA?5?$AA?5?$AA?5?$AA?5?$AA?3?$AA?5?$AA?$CF?$AAs?$AA?6?$AA?$AA@ 0000000140015f98     dbg_.-gpu_subsystem.o
 0002:00000fde       ??_C@_1DK@PPLGHIMI@?$AA?7?$AA?$CF?$AAl?$AAl?$AAd?$AA?4?$AAP?$AAr?$AAo?$AAf?$AAi?$AAl?$AAe?$AA?5?$AA?5?$AA?5?$AA?5?$AA?5?$AA?5?$AA?5?$AA?5?$AA?5?$AA?5?$AA?3?$AA?5?$AA?$CF?$AAs?$AA?6?$AA?$AA@ 0000000140015fde     dbg_.-gpu_subsystem.o
 0002:00001024       ??_C@_1DK@KGLDJAGB@?$AA?7?$AA?$CF?$AAl?$AAl?$AAd?$AA?4?$AAE?$AAx?$AAt?$AAe?$AAn?$AAs?$AAi?$AAo?$AAn?$AAs?$AA?5?$AA?5?$AA?5?$AA?5?$AA?5?$AA?5?$AA?5?$AA?3?$AA?5?$AA?$CF?$AAs?$AA?6?$AA?$AA@ 0000000140016024     dbg_.-gpu_subsystem.o
 0002:0000106a       ??_C@_1DO@JAHGICMH@?$AA?7?$AA?$CF?$AAl?$AAl?$AAd?$AA?4?$AAT?$AAi?$AAm?$AAe?$AAr?$AA?5?$AAR?$AAe?$AAs?$AAo?$AAl?$AAu?$AAt?$AAi?$AAo?$AAn?$AA?5?$AA?3?$AA?5?$AA?$CF?$AAl?$AAl?$AAd?$AA?6?$AA?$AA@ 000000014001606a     dbg_.-gpu_subsystem.o
 0002:000010b4       ??_C@_1FE@GFHOHNKH@?$AAp?$AAl?$AAa?$AAt?$AAf?$AAo?$AAr?$AAm?$AA?5?$AA?$CF?$AAl?$AAl?$AAd?$AA?3?$AA?5?$AAG?$AAo?$AAt?$AA?5?$AAa?$AAt?$AA?5?$AAl?$AAe?$AAa?$AAs?$AAt?$AA?5?$AA?$CF?$AAl?$AAl?$AAd@ 00000001400160b4     dbg_.-gpu_subsystem.o
 0002:00001118       ??_C@_1BM@MMFNNAKO@?$AAD?$AAe?$AAv?$AAi?$AAc?$AAe?$AA?5?$AA?$CF?$AAl?$AAl?$AAd?$AA?3?$AA?6?$AA?$AA@ 0000000140016118     dbg_.-gpu_subsystem.o
 0002:0000113a       ??_C@_1FG@GKDLJBIA@?$AA?7?$AA?$CF?$AAl?$AAl?$AAd?$AA?4?$AA?$CF?$AAl?$AAl?$AAd?$AA?4?$AAN?$AAa?$AAm?$AAe?$AA?5?$AA?5?$AA?5?$AA?5?$AA?5?$AA?5?$AA?5?$AA?5?$AA?5?$AA?5?$AA?5?$AA?5?$AA?5?$AA?5?$AA?5?$AA?5?$AA?5@ 000000014001613a     dbg_.-gpu_subsystem.o
 0002:000011a2       ??_C@_1FK@JCGLFMHC@?$AA?7?$AA?$CF?$AAl?$AAl?$AAd?$AA?4?$AA?$CF?$AAl?$AAl?$AAd?$AA?4?$AAA?$AAv?$AAa?$AAi?$AAl?$AAa?$AAb?$AAl?$AAe?$AA?5?$AA?5?$AA?5?$AA?5?$AA?5?$AA?5?$AA?5?$AA?5?$AA?5?$AA?5?$AA?5?$AA?5@ 00000001400161a2     dbg_.-gpu_subsystem.o
 0002:0000120e       ??_C@_1FK@PNFJMFNM@?$AA?7?$AA?$CF?$AAl?$AAl?$AAd?$AA?4?$AA?$CF?$AAl?$AAl?$AAd?$AA?4?$AAT?$AAy?$AAp?$AAe?$AA?5?$AA?5?$AA?5?$AA?5?$AA?5?$AA?5?$AA?5?$AA?5?$AA?5?$AA?5?$AA?5?$AA?5?$AA?5?$AA?5?$AA?5?$AA?5?$AA?5@ 000000014001620e     dbg_.-gpu_subsystem.o
 0002:0000127a       ??_C@_1FG@OJFNKBCG@?$AA?7?$AA?$CF?$AAl?$AAl?$AAd?$AA?4?$AA?$CF?$AAl?$AAl?$AAd?$AA?4?$AAV?$AAe?$AAn?$AAd?$AAo?$AAr?$AA?5?$AA?5?$AA?5?$AA?5?$AA?5?$AA?5?$AA?5?$AA?5?$AA?5?$AA?5?$AA?5?$AA?5?$AA?5?$AA?5?$AA?5@ 000000014001627a     dbg_.-gpu_subsystem.o
 0002:000012e2       ??_C@_1FG@LICMMOCB@?$AA?7?$AA?$CF?$AAl?$AAl?$AAd?$AA?4?$AA?$CF?$AAl?$AAl?$AAd?$AA?4?$AAD?$AAr?$AAi?$AAv?$AAe?$AAr?$AA?5?$AAV?$AAe?$AAr?$AAs?$AAi?$AAo?$AAn?$AA?5?$AA?5?$AA?5?$AA?5?$AA?5?$AA?5?$AA?5@ 00000001400162e2     dbg_.-gpu_subsystem.o
 0002:0000134a       ??_C@_1FG@GEMKEAJB@?$AA?7?$AA?$CF?$AAl?$AAl?$AAd?$AA?4?$AA?$CF?$AAl?$AAl?$AAd?$AA?4?$AAD?$AAe?$AAv?$AAi?$AAc?$AAe?$AA?5?$AAV?$AAe?$AAr?$AAs?$AAi?$AAo?$AAn?$AA?5?$AA?5?$AA?5?$AA?5?$AA?5?$AA?5?$AA?5@ 000000014001634a     dbg_.-gpu_subsystem.o
 0002:000013b2       ??_C@_1FG@MPCNGFNE@?$AA?7?$AA?$CF?$AAl?$AAl?$AAd?$AA?4?$AA?$CF?$AAl?$AAl?$AAd?$AA?4?$AAP?$AAr?$AAo?$AAf?$AAi?$AAl?$AAe?$AA?5?$AA?5?$AA?5?$AA?5?$AA?5?$AA?5?$AA?5?$AA?5?$AA?5?$AA?5?$AA?5?$AA?5?$AA?5?$AA?5@ 00000001400163b2     dbg_.-gpu_subsystem.o
 0002:0000141a       ??_C@_1FG@GJMINOLL@?$AA?7?$AA?$CF?$AAl?$AAl?$AAd?$AA?4?$AA?$CF?$AAl?$AAl?$AAd?$AA?4?$AAE?$AAx?$AAt?$AAe?$AAn?$AAs?$AAi?$AAo?$AAn?$AAs?$AA?5?$AA?5?$AA?5?$AA?5?$AA?5?$AA?5?$AA?5?$AA?5?$AA?5?$AA?5?$AA?5@ 000000014001641a     dbg_.-gpu_subsystem.o
 0002:00001482       ??_C@_1FK@NKJEPLPJ@?$AA?7?$AA?$CF?$AAl?$AAl?$AAd?$AA?4?$AA?$CF?$AAl?$AAl?$AAd?$AA?4?$AAM?$AAa?$AAx?$AA?5?$AAC?$AAo?$AAm?$AAp?$AAu?$AAt?$AAe?$AA?5?$AAU?$AAn?$AAi?$AAt?$AAs?$AA?5?$AA?5?$AA?5?$AA?5@ 0000000140016482     dbg_.-gpu_subsystem.o
 0002:000014ee       ??_C@_1FK@OLFGCCPL@?$AA?7?$AA?$CF?$AAl?$AAl?$AAd?$AA?4?$AA?$CF?$AAl?$AAl?$AAd?$AA?4?$AAM?$AAa?$AAx?$AA?5?$AAI?$AAt?$AAe?$AAm?$AA?5?$AAD?$AAi?$AAm?$AAe?$AAn?$AAs?$AAi?$AAo?$AAn?$AAs?$AA?5?$AA?5@ 00000001400164ee     dbg_.-gpu_subsystem.o
 0002:0000155a       ??_C@_1FK@CMFPDFMJ@?$AA?7?$AA?$CF?$AAl?$AAl?$AAd?$AA?4?$AA?$CF?$AAl?$AAl?$AAd?$AA?4?$AAM?$AAa?$AAx?$AA?5?$AAG?$AAr?$AAo?$AAu?$AAp?$AA?5?$AAS?$AAi?$AAz?$AAe?$AA?5?$AA?5?$AA?5?$AA?5?$AA?5?$AA?5?$AA?5@ 000000014001655a     dbg_.-gpu_subsystem.o
 0002:000015c6       ??_C@_1GA@OFJKKJHL@?$AA?7?$AA?7?$AA?$CF?$AAl?$AAl?$AAd?$AA?4?$AA?$CF?$AAl?$AAl?$AAd?$AA?4?$AAM?$AAa?$AAx?$AA?5?$AAI?$AAt?$AAe?$AAm?$AA?5?$AAS?$AAi?$AAz?$AAe?$AAs?$AA?$FL?$AA?$CF?$AAl?$AAl?$AAd?$AA?$FN@ 00000001400165c6     dbg_.-gpu_subsystem.o
 0002:0000163a       ??_C@_1FK@PBEPJBHG@?$AA?7?$AA?$CF?$AAl?$AAl?$AAd?$AA?4?$AA?$CF?$AAl?$AAl?$AAd?$AA?4?$AAM?$AAa?$AAx?$AA?5?$AAC?$AAl?$AAo?$AAc?$AAk?$AA?5?$AAF?$AAr?$AAe?$AAq?$AAu?$AAe?$AAn?$AAc?$AAy?$AA?5?$AA?5@ 000000014001663a     dbg_.-gpu_subsystem.o
 0002:000016a6       ??_C@_1FK@EGKKPFNE@?$AA?7?$AA?$CF?$AAl?$AAl?$AAd?$AA?4?$AA?$CF?$AAl?$AAl?$AAd?$AA?4?$AAM?$AAa?$AAx?$AA?5?$AAM?$AAe?$AAm?$AA?5?$AAA?$AAl?$AAl?$AAo?$AAc?$AA?5?$AAS?$AAi?$AAz?$AAe?$AA?5?$AA?5?$AA?5@ 00000001400166a6     dbg_.-gpu_subsystem.o
 0002:00001712       ??_C@_1FK@NMMFNGJN@?$AA?7?$AA?$CF?$AAl?$AAl?$AAd?$AA?4?$AA?$CF?$AAl?$AAl?$AAd?$AA?4?$AAG?$AAl?$AAo?$AAb?$AAa?$AAl?$AA?5?$AAM?$AAe?$AAm?$AA?5?$AAC?$AAa?$AAc?$AAh?$AAe?$AAl?$AAi?$AAn?$AAe?$AA?5@ 0000000140016712     dbg_.-gpu_subsystem.o
 0002:0000177e       ??_C@_1FK@NMHJFOBI@?$AA?7?$AA?$CF?$AAl?$AAl?$AAd?$AA?4?$AA?$CF?$AAl?$AAl?$AAd?$AA?4?$AAG?$AAl?$AAo?$AAb?$AAa?$AAl?$AA?5?$AAM?$AAe?$AAm?$AA?5?$AAC?$AAa?$AAc?$AAh?$AAe?$AA?5?$AAS?$AAi?$AAz?$AAe@ 000000014001677e     dbg_.-gpu_subsystem.o
 0002:000017ea       ??_C@_1FK@KEPOBMOJ@?$AA?7?$AA?$CF?$AAl?$AAl?$AAd?$AA?4?$AA?$CF?$AAl?$AAl?$AAd?$AA?4?$AAG?$AAl?$AAo?$AAb?$AAa?$AAl?$AA?5?$AAM?$AAe?$AAm?$AA?5?$AAS?$AAi?$AAz?$AAe?$AA?5?$AA?5?$AA?5?$AA?5?$AA?5?$AA?5@ 00000001400167ea     dbg_.-gpu_subsystem.o
 0002:00001856       ??_C@_1FK@BEKCEBKI@?$AA?7?$AA?$CF?$AAl?$AAl?$AAd?$AA?4?$AA?$CF?$AAl?$AAl?$AAd?$AA?4?$AAL?$AAo?$AAc?$AAa?$AAl?$AA?5?$AAM?$AAe?$AAm?$AA?5?$AAS?$AAi?$AAz?$AAe?$AA?5?$AA?5?$AA?5?$AA?5?$AA?5?$AA?5?$AA?5@ 0000000140016856     dbg_.-gpu_subsystem.o
 0002:000018c2       ??_C@_1DG@HHDGLCMF@?$AAA?$AAt?$AA?5?$AAe?$AAn?$AAd?$AA?5?$AAh?$AAa?$AAv?$AAe?$AA?5?$AA?$CF?$AAl?$AAl?$AAd?$AA?5?$AAd?$AAe?$AAv?$AAi?$AAc?$AAe?$AAs?$AA?4?$AA?6?$AA?$AA@ 00000001400168c2     dbg_.-gpu_subsystem.o
 0002:00001902       ??_C@_1FC@JJNHHFIJ@?$AAI?$AAn?$AAi?$AAt?$AA?5?$AAf?$AAo?$AAr?$AAm?$AA?5?$AAp?$AAl?$AAa?$AAt?$AAf?$AAo?$AAr?$AAm?$AA?5?$AA?$CF?$AAl?$AAl?$AAd?$AA?5?$AA?$FL?$AAa?$AAu?$AAt?$AAo?$AA?5?$AAs?$AAe@ 0000000140016902     dbg_.-gpu_subsystem.o
 0002:00001964       ??_C@_1EC@CFAEGHOO@?$AAE?$AAr?$AAr?$AAo?$AAr?$AA?5?$AAa?$AAt?$AA?5?$AAc?$AAl?$AAC?$AAr?$AAe?$AAa?$AAt?$AAe?$AAC?$AAo?$AAn?$AAt?$AAe?$AAx?$AAt?$AA?5?$AA?$FL?$AA?$CF?$AAl?$AAl?$AAd?$AA?$FN?$AA?6@ 0000000140016964     dbg_.-gpu_subsystem.o
 0002:000019b4       ??_C@_1GI@JODPKPLM@?$AAE?$AAr?$AAr?$AAo?$AAr?$AA?5?$AAa?$AAt?$AA?5?$AAc?$AAl?$AAC?$AAr?$AAe?$AAa?$AAt?$AAe?$AAC?$AAo?$AAm?$AAm?$AAa?$AAn?$AAd?$AAQ?$AAu?$AAe?$AAu?$AAe?$AAW?$AAi?$AAt@ 00000001400169b4     dbg_.-gpu_subsystem.o
 0002:00001a30       ??_C@_0FA@OKGFDHAO@?9cl?9single?9precision?9constant?5?9c@ 0000000140016a30     dbg_.-gpu_subsystem.o
 0002:00001a90       ??_C@_1DE@FJCPKFIJ@?$AAB?$AAu?$AAi?$AAl?$AAd?$AAP?$AAr?$AAo?$AAg?$AAr?$AAa?$AAm?$AA?5?$AAE?$AAr?$AAr?$AAo?$AAr?$AA?3?$AA?5?$AA?$CF?$AAl?$AAl?$AAd?$AA?6?$AA?$AA@ 0000000140016a90     dbg_.-gpu_subsystem.o
 0002:00001ace       ??_C@_1CO@HIIDKPPP@?$AAB?$AAu?$AAi?$AAl?$AAd?$AAI?$AAn?$AAf?$AAo?$AA?5?$AAE?$AAr?$AAr?$AAo?$AAr?$AA?3?$AA?5?$AA?$CF?$AAl?$AAl?$AAd?$AA?6?$AA?$AA@ 0000000140016ace     dbg_.-gpu_subsystem.o
 0002:00001b06       ??_C@_1DA@GJKLKGNM@?$AAB?$AAu?$AAi?$AAl?$AAd?$AAI?$AAn?$AAf?$AAo?$AA2?$AA?5?$AAE?$AAr?$AAr?$AAo?$AAr?$AA?3?$AA?5?$AA?$CF?$AAl?$AAl?$AAd?$AA?6?$AA?$AA@ 0000000140016b06     dbg_.-gpu_subsystem.o
 0002:00001b40       ??_C@_1EA@DAHNIOPF@?$AAE?$AAr?$AAr?$AAo?$AAr?$AA?5?$AAI?$AAn?$AAf?$AAo?$AA?3?$AA?5?$AAc?$AAo?$AAd?$AAe?$AA?$DN?$AA?$CF?$AAl?$AAl?$AAd?$AA?3?$AA?5?$AAi?$AAn?$AAf?$AAo?$AA?$DN?$AA?$CF?$AAs?$AA?6?$AA?$AA@ 0000000140016b40     dbg_.-gpu_subsystem.o
 0002:00001b8c       ??_C@_1CO@DCKAPNAK@?$AAw?$AAa?$AAi?$AAt?$AAi?$AAn?$AAg?$AA?5?$AAs?$AAt?$AAa?$AAr?$AAt?$AAu?$AAp?$AA?5?$AAp?$AAa?$AAg?$AAe?$AAs?$AA?6?$AA?$AA@ 0000000140016b8c     dbg_.-hive_entry.o
 0002:00001bc4       ??_C@_1EI@OLFKDNEP@?$AAE?$AAr?$AAr?$AAo?$AAr?$AA?3?$AA?5?$AAa?$AAl?$AAl?$AAo?$AAc?$AAa?$AAt?$AAe?$AAd?$AA?5?$AAa?$AAr?$AAr?$AAa?$AAy?$AA?5?$AAi?$AAs?$AAn?$AA?8?$AAt?$AA?5?$AAl?$AAo?$AAc@ 0000000140016bc4     dbg_.-hive_entry.o
 0002:00001c1a       ??_C@_1BM@MGOLOELI@?$AAr?$AAe?$AAs?$AAC?$AAo?$AAd?$AAe?$AAI?$AAd?$AA?$DN?$AA?$CF?$AAp?$AA?6?$AA?$AA@ 0000000140016c1a     dbg_.-hive_entry.o
 0002:00001c3c       ??_C@_1DO@NMNBJACC@?$AA?9?$AA?9?$AA?9?$AA?9?$AA?9?$AA?5?$AAt?$AAo?$AAt?$AAa?$AAl?$AA?5?$AA?$CF?$AAl?$AAl?$AAd?$AA?5?$AAc?$AAo?$AAn?$AAn?$AAe?$AAc?$AAt?$AAi?$AAo?$AAn?$AAs?$AA?3?$AA?6?$AA?$AA@ 0000000140016c3c     dbg_.-remote.o
 0002:00001c86       ??_C@_1EM@BPMELAJO@?$AA?9?$AAc?$AAo?$AAn?$AAn?$AAe?$AAc?$AAt?$AAi?$AAo?$AAn?$AA?5?$AA?$FL?$AA?$CF?$AAp?$AA?$FN?$AA?5?$AA?$CF?$AAl?$AAl?$AAd?$AA?3?$AA?5?$AAl?$AAo?$AAc?$AAa?$AAl?$AA_?$AAi?$AAd?$AA?$DN@ 0000000140016c86     dbg_.-remote.o
 0002:00001ce2       ??_C@_1DC@HEOFFPLC@?$AAo?$AAu?$AAt?$AAg?$AAo?$AAi?$AAn?$AAg?$AA?3?$AA?5?$AAN?$AAo?$AA?5?$AAc?$AAo?$AAn?$AAn?$AAe?$AAc?$AAt?$AAi?$AAo?$AAn?$AA?6?$AA?$AA@ 0000000140016ce2     dbg_.-remote.o
 0002:00001d1e       ??_C@_1DG@HNEHLNLB@?$AAo?$AAu?$AAt?$AAg?$AAo?$AAi?$AAn?$AAg?$AA?3?$AA?5?$AAI?$AAP?$AA?$DN?$AA?$CF?$AAs?$AA?5?$AAP?$AAO?$AAR?$AAT?$AA?$DN?$AA?$CF?$AAl?$AAl?$AAd?$AA?6?$AA?$AA@ 0000000140016d1e     dbg_.-remote.o
 0002:00001d5e       ??_C@_1DI@OKINGPOA@?$AAo?$AAu?$AAt?$AAg?$AAo?$AAi?$AAn?$AAg?$AA?3?$AA?5?$AA?5?$AAI?$AAP?$AA?$DN?$AA?$CF?$AAs?$AA?5?$AAP?$AAO?$AAR?$AAT?$AA?$DN?$AA?$CF?$AAl?$AAl?$AAd?$AA?6?$AA?$AA@ 0000000140016d5e     dbg_.-remote.o
 0002:00001da2       ??_C@_1CM@KOFOMBCP@?$AAo?$AAu?$AAt?$AAg?$AAo?$AAi?$AAn?$AAg?$AA?3?$AA?5?$AA?5?$AAC?$AAo?$AAr?$AAr?$AAu?$AAp?$AAt?$AAe?$AAd?$AA?6?$AA?$AA@ 0000000140016da2     dbg_.-remote.o
 0002:00001dd6       ??_C@_1DC@OBBDDNNB@?$AAi?$AAn?$AAc?$AAo?$AAm?$AAi?$AAn?$AAg?$AA?3?$AA?5?$AAN?$AAo?$AA?5?$AAc?$AAo?$AAn?$AAn?$AAe?$AAc?$AAt?$AAi?$AAo?$AAn?$AA?6?$AA?$AA@ 0000000140016dd6     dbg_.-remote.o
 0002:00001e12       ??_C@_1DG@NNAENLOC@?$AAi?$AAn?$AAc?$AAo?$AAm?$AAi?$AAn?$AAg?$AA?3?$AA?5?$AAI?$AAP?$AA?$DN?$AA?$CF?$AAs?$AA?5?$AAP?$AAO?$AAR?$AAT?$AA?$DN?$AA?$CF?$AAl?$AAl?$AAd?$AA?6?$AA?$AA@ 0000000140016e12     dbg_.-remote.o
 0002:00001e52       ??_C@_1DI@NPMKAFFJ@?$AAi?$AAn?$AAc?$AAo?$AAm?$AAi?$AAn?$AAg?$AA?3?$AA?5?$AA?5?$AAI?$AAP?$AA?$DN?$AA?$CF?$AAs?$AA?5?$AAP?$AAO?$AAR?$AAT?$AA?$DN?$AA?$CF?$AAl?$AAl?$AAd?$AA?6?$AA?$AA@ 0000000140016e52     dbg_.-remote.o
 0002:00001e96       ??_C@_1GA@HHMMHPKA@?$AA?$CB?$AA?$CB?$AA?$CB?$AA?$CB?$AA?$CB?$AA?5?$AA?$DO?$AA?$DO?$AA?$DO?$AA?$DO?$AA?$DO?$AA?$DO?$AA?5?$AAP?$AAa?$AAg?$AAe?$AA?5?$AAa?$AAl?$AAl?$AAo?$AAc?$AAa?$AAt?$AAi?$AAo?$AAn?$AA?5?$AAi?$AAd?$AA?$DN@ 0000000140016e96     dbg_.-remote.o
 0002:00001f0a       ??_C@_1DE@OFJFJIIH@?$AAS?$AAe?$AAr?$AAv?$AAe?$AAr?$AA?5?$AAi?$AAd?$AA?$DN?$AA?$CF?$AAl?$AAl?$AAd?$AA?5?$AAc?$AAo?$AAn?$AAf?$AAi?$AAr?$AAm?$AAe?$AAd?$AA?6?$AA?$AA@ 0000000140016f0a     dbg_.-remote.o
 0002:00001f48       ??_C@_1CE@HOGLDJAE@?$AAC?$AAl?$AAi?$AAe?$AAn?$AAt?$AA?5?$AAc?$AAo?$AAn?$AAn?$AAe?$AAc?$AAt?$AAe?$AAd?$AA?6?$AA?$AA@ 0000000140016f48     dbg_.-remote.o
 0002:00001f74       ??_C@_1GO@KIHGLMJK@?$AAS?$AAe?$AAn?$AAd?$AA?5?$AAc?$AAo?$AAn?$AAf?$AAi?$AAr?$AAm?$AAa?$AAt?$AAi?$AAo?$AAn?$AA?5?$AAo?$AAf?$AA?5?$AAp?$AAa?$AAg?$AAe?$AA?5?$AAa?$AAl?$AAl?$AAo?$AAc?$AAa@ 0000000140016f74     dbg_.-remote.o
 0002:00001ff8       ??_C@_1FC@NJOMCOBI@?$AAR?$AAe?$AAd?$AAi?$AAr?$AAe?$AAc?$AAt?$AAi?$AAn?$AAg?$AA?5?$AAp?$AAa?$AAg?$AAe?$AA?5?$AAq?$AAu?$AAe?$AAr?$AAy?$AA?5?$AAt?$AAo?$AA?5?$AAl?$AAo?$AAc?$AAa?$AAl?$AA_@ 0000000140016ff8     dbg_.-remote.o
 0002:0000205a       ??_C@_1EO@MLLDILKB@?$AAR?$AAe?$AAd?$AAi?$AAr?$AAe?$AAc?$AAt?$AAi?$AAn?$AAg?$AA?5?$AAi?$AAd?$AA?5?$AAq?$AAu?$AAe?$AAr?$AAy?$AA?5?$AAt?$AAo?$AA?5?$AAl?$AAo?$AAc?$AAa?$AAl?$AA_?$AAi?$AAd@ 000000014001705a     dbg_.-remote.o
 0002:000020b8       ??_C@_1DM@IBOIDFJO@?$AAs?$AAo?$AAc?$AAk?$AAe?$AAt?$AA?$CI?$AA?$CJ?$AA?5?$AAf?$AAa?$AAi?$AAl?$AAe?$AAd?$AA?5?$AA?$FL?$AAe?$AAr?$AAr?$AAo?$AAr?$AA?$DN?$AA?$CF?$AAl?$AAl?$AAd?$AA?$FN?$AA?6?$AA?$AA@ 00000001400170b8     dbg_.-remote.o
 0002:00002100       ??_C@_1CM@FLPDOBBA@?$AAR?$AAe?$AAq?$AAu?$AAe?$AAs?$AAt?$AAi?$AAn?$AAg?$AA?5?$AAp?$AAo?$AAr?$AAt?$AA?5?$AA?$CF?$AAl?$AAl?$AAd?$AA?6?$AA?$AA@ 0000000140017100     dbg_.-remote.o
 0002:00002134       ??_C@_1DK@IOCIPHFJ@?$AAc?$AAo?$AAn?$AAn?$AAe?$AAc?$AAt?$AA?5?$AAf?$AAa?$AAi?$AAl?$AAe?$AAd?$AA?5?$AA?$FL?$AAe?$AAr?$AAr?$AAo?$AAr?$AA?$DN?$AA?$CF?$AAl?$AAl?$AAd?$AA?$FN?$AA?6?$AA?$AA@ 0000000140017134     dbg_.-remote.o
 0002:0000217a       ??_C@_1DO@IMGJNCBG@?$AAC?$AAo?$AAn?$AAn?$AAe?$AAc?$AAt?$AAi?$AAo?$AAn?$AA?5?$AAi?$AAs?$AA?5?$AAs?$AAu?$AAc?$AAc?$AAe?$AAs?$AAs?$AAf?$AAu?$AAl?$AA?$CB?$AA?5?$AA?$FL?$AA1?$AA?$FN?$AA?6?$AA?$AA@ 000000014001717a     dbg_.-remote.o
 0002:0000226a       ??_C@_1GE@BBHPHIKC@?$AAE?$AAr?$AAr?$AAo?$AAr?$AA?5?$AA?9?$AA?5?$AAs?$AAe?$AAr?$AAv?$AAe?$AAr?$AA_?$AAp?$AAo?$AAr?$AAt?$AA?5?$AA?$DN?$AA?$DN?$AA?5?$AA?9?$AA1?$AA?5?$AA?$FL?$AAs?$AAe?$AAr?$AAv?$AAe@ 000000014001726a     dbg_.-remote.o
 0002:000022e2       ??_C@_1EM@HCGPBNNP@?$AAS?$AAt?$AAa?$AAr?$AAt?$AAi?$AAn?$AAg?$AA?5?$AAn?$AAe?$AAw?$AA?5?$AAc?$AAo?$AAn?$AAn?$AAe?$AAc?$AAt?$AAi?$AAo?$AAn?$AA?5?$AAt?$AAo?$AA?5?$AA?$FL?$AA?$CF?$AAs?$AA?$FN?$AA?5@ 00000001400172e2     dbg_.-remote.o
 0002:0000233e       ??_C@_1FE@JKPBPNOM@?$AAE?$AAr?$AAr?$AAo?$AAr?$AA?5?$AAr?$AAe?$AAs?$AAo?$AAl?$AAv?$AAi?$AAn?$AAg?$AA?5?$AAh?$AAo?$AAs?$AAt?$AA?4?$AA?5?$AA?$FL?$AAs?$AAt?$AAa?$AAt?$AAu?$AAs?$AA?$DN?$AA?$CF?$AAl@ 000000014001733e     dbg_.-remote.o
 0002:000023a2       ??_C@_1DO@COGNFPF@?$AAC?$AAo?$AAn?$AAn?$AAe?$AAc?$AAt?$AAi?$AAo?$AAn?$AA?5?$AAi?$AAs?$AA?5?$AAs?$AAu?$AAc?$AAc?$AAe?$AAs?$AAs?$AAf?$AAu?$AAl?$AA?$CB?$AA?5?$AA?$FL?$AA2?$AA?$FN?$AA?6?$AA?$AA@ 00000001400173a2     dbg_.-remote.o
 0002:000023ec       ??_C@_1FK@FPKJOMKP@?$AAE?$AAr?$AAr?$AAo?$AAr?$AA?3?$AA?5?$AAC?$AAo?$AAu?$AAl?$AAd?$AA?5?$AAn?$AAo?$AAt?$AA?5?$AAc?$AAo?$AAn?$AAn?$AAe?$AAc?$AAt?$AA?5?$AAt?$AAo?$AA?5?$AA?$CF?$AAs?$AA?5?$AA?$FL@ 00000001400173ec     dbg_.-remote.o
 0002:00002458       ??_C@_1EA@JBNEEBDD@?$AAT?$AAr?$AAy?$AAi?$AAn?$AAg?$AA?5?$AAt?$AAo?$AA?5?$AAg?$AAe?$AAt?$AA?5?$AAm?$AAe?$AAm?$AAo?$AAr?$AAy?$AA?5?$AAp?$AAa?$AAg?$AAe?$AA?5?$AA?$CF?$AAl?$AAl?$AAd?$AA?6?$AA?$AA@ 0000000140017458     dbg_.-remote.o
 0002:000024a4       ??_C@_1EI@BHCKMCLF@?$AAC?$AAr?$AAe?$AAa?$AAt?$AAe?$AAd?$AA?5?$AAb?$AAr?$AAo?$AAa?$AAd?$AAc?$AAa?$AAs?$AAt?$AA?5?$AAw?$AAi?$AAt?$AAh?$AA?5?$AAp?$AAr?$AAe?$AAf?$AAi?$AAx?$AA?$DN?$AA?$CF?$AAl@ 00000001400174a4     dbg_.-remote.o
 0002:000024fa       ??_C@_1DM@MBBJEJBJ@?$AAT?$AAr?$AAy?$AAi?$AAn?$AAg?$AA?5?$AAt?$AAo?$AA?5?$AAg?$AAe?$AAt?$AA?5?$AAs?$AAe?$AAr?$AAv?$AAe?$AAr?$AA?5?$AAi?$AAd?$AA?5?$AA?$CF?$AAl?$AAl?$AAd?$AA?6?$AA?$AA@ 00000001400174fa     dbg_.-remote.o
 0002:00002542       ??_C@_1GK@DMGCKEJF@?$AAA?$AAn?$AAs?$AAw?$AAe?$AAr?$AA?5?$AAP?$AAu?$AAs?$AAh?$AA?5?$AAO?$AAb?$AAj?$AAe?$AAc?$AAt?$AA?5?$AAt?$AAo?$AA?5?$AAl?$AAo?$AAc?$AAa?$AAl?$AAi?$AAd?$AA?$DN?$AA?$CF?$AAl@ 0000000140017542     dbg_.-remote.o
 0002:000025c2       ??_C@_1GM@MICHOCHB@?$AAA?$AAn?$AAs?$AAw?$AAe?$AAr?$AA?5?$AAQ?$AAu?$AAe?$AAr?$AAy?$AA?5?$AAO?$AAb?$AAj?$AAe?$AAc?$AAt?$AA?5?$AAt?$AAo?$AA?5?$AAl?$AAo?$AAc?$AAa?$AAl?$AAi?$AAd?$AA?$DN?$AA?$CF@ 00000001400175c2     dbg_.-remote.o
 0002:00002644       ??_C@_1FK@FHPCFNAH@?$AAs?$AAe?$AAn?$AAd?$AA?5?$AAb?$AAr?$AAo?$AAa?$AAd?$AAc?$AAa?$AAs?$AAt?$AA?5?$AAa?$AAn?$AAs?$AAw?$AAe?$AAr?$AA?5?$AAp?$AAa?$AAt?$AAh?$AA?5?$AAt?$AAo?$AA?5?$AAl?$AAo@ 0000000140017644     dbg_.-remote.o
 0002:000026b0       ??_C@_1FM@FIIIPBAA@?$AAs?$AAe?$AAn?$AAd?$AA?5?$AAb?$AAr?$AAo?$AAa?$AAd?$AAc?$AAa?$AAs?$AAt?$AA?5?$AAp?$AAa?$AAt?$AAh?$AA?5?$AAr?$AAe?$AAq?$AAu?$AAe?$AAs?$AAt?$AA?5?$AAt?$AAo?$AA?5?$AAl@ 00000001400176b0     dbg_.-remote.o
 0002:0000271e       ??_C@_1GA@MDBOGCGI@?$AAs?$AAe?$AAn?$AAd?$AA?5?$AAb?$AAr?$AAo?$AAa?$AAd?$AAc?$AAa?$AAs?$AAt?$AA?5?$AAa?$AAn?$AAs?$AAw?$AAe?$AAr?$AA?5?$AAi?$AAd?$AA?5?$AAp?$AAa?$AAt?$AAh?$AA?5?$AAt?$AAo@ 000000014001771e     dbg_.-remote.o
 0002:00002792       ??_C@_1EO@CDOEBIIP@?$AAS?$AAe?$AAn?$AAd?$AAi?$AAn?$AAg?$AA?5?$AAb?$AAr?$AAo?$AAa?$AAd?$AAc?$AAa?$AAs?$AAt?$AA?5?$AAt?$AAo?$AA?5?$AAf?$AAi?$AAn?$AAd?$AA?5?$AAo?$AAb?$AAj?$AAe?$AAc?$AAt@ 0000000140017792     dbg_.-remote.o
 0002:000027f0       ??_C@_1DC@EHBNKHBD@?$AAr?$AAe?$AAq?$AAu?$AAe?$AAs?$AAt?$AA?5?$AAs?$AAe?$AAt?$AA?5?$AAo?$AAb?$AAj?$AAe?$AAc?$AAt?$AA?$DN?$AA?$CF?$AAl?$AAl?$AAd?$AA?6?$AA?$AA@ 00000001400177f0     dbg_.-remote.o
 0002:0000282c       ??_C@_1CO@OBFELGCG@?$AAl?$AAo?$AAc?$AAa?$AAl?$AA?5?$AAo?$AAb?$AAj?$AAe?$AAc?$AAt?$AA?5?$AA?9?$AA?5?$AAa?$AAn?$AAs?$AAw?$AAe?$AAr?$AA?6?$AA?$AA@ 000000014001782c     dbg_.-remote.o
 0002:00002864       ??_C@_1CC@BJNHGOIA@?$AAd?$AAo?$AAn?$AA?8?$AAt?$AA?5?$AAk?$AAn?$AAo?$AAw?$AA?5?$AAp?$AAa?$AAt?$AAh?$AA?6?$AA?$AA@ 0000000140017864     dbg_.-remote.o
 0002:0000288c       ??_C@_1DA@NHJHHADA@?$AAr?$AAe?$AAq?$AAu?$AAe?$AAs?$AAt?$AA?5?$AAs?$AAe?$AAn?$AAt?$AA?5?$AA?$FL?$AAt?$AAo?$AA?5?$AA?$CF?$AAl?$AAl?$AAd?$AA?$FN?$AA?6?$AA?$AA@ 000000014001788c     dbg_.-remote.o
 0002:000028c6       ??_C@_1IK@DBMEHLHD@?$AAS?$AAt?$AAa?$AAr?$AAt?$AAi?$AAn?$AAg?$AA?5?$AAn?$AAe?$AAw?$AA?5?$AAR?$AAE?$AAM?$AAO?$AAT?$AAE?$AA?5?$AAw?$AAo?$AAr?$AAk?$AAe?$AAr?$AA?5?$AA?$CF?$AAl?$AAl?$AAd?$AA?5@ 00000001400178c6     dbg_.-remote.o
 0002:0000296c       ??_C@_1EK@DLJDAMIC@?$AAs?$AAe?$AAn?$AAd?$AAi?$AAn?$AAg?$AA?5?$AAh?$AAi?$AAv?$AAe?$AA?5?$AAs?$AAt?$AAa?$AAt?$AAe?$AA?5?$AA?$FL?$AA?$CF?$AAl?$AAl?$AAd?$AA?5?$AA?$CF?$AAl?$AAl?$AAd?$AA?5?$AA?$CF?$AAl@ 000000014001796c     dbg_.-remote.o
 0002:000029c4       ??_C@_1CK@IMAGNILG@?$AAC?$AAo?$AAn?$AAf?$AAi?$AAr?$AAm?$AAe?$AAd?$AA?5?$AAp?$AAo?$AAr?$AAt?$AA?$DN?$AA?$CF?$AAl?$AAl?$AAd?$AA?6?$AA?$AA@ 00000001400179c4     dbg_.-remote.o
 0002:000029f6       ??_C@_1CE@BDEHPDNE@?$AAG?$AAe?$AAt?$AA?5?$AAc?$AAo?$AAm?$AAm?$AAa?$AAn?$AAd?$AA?5?$AA?$FL?$AA?$CF?$AAs?$AA?$FN?$AA?6?$AA?$AA@ 00000001400179f6     dbg_.-remote.o
 0002:00002a22       ??_C@_1DG@NNMMEGKD@?$AAS?$AAe?$AAl?$AAe?$AAc?$AAt?$AAe?$AAd?$AA?5?$AAc?$AAo?$AAn?$AAn?$AAe?$AAc?$AAt?$AA?5?$AAc?$AAo?$AAm?$AAm?$AAa?$AAn?$AAd?$AA?4?$AA?6?$AA?$AA@ 0000000140017a22     dbg_.-remote.o
 0002:00002a62       ??_C@_1CI@KPENLAE@?$AAE?$AAn?$AAt?$AAe?$AAr?$AA?5?$AAI?$AAP?$AA?5?$AAa?$AAn?$AAd?$AA?5?$AAP?$AAO?$AAR?$AAT?$AA?4?$AA?6?$AA?$AA@ 0000000140017a62     dbg_.-remote.o
 0002:00002a92       ??_C@_1EG@CAHECGOL@?$AAT?$AAr?$AAy?$AAi?$AAn?$AAg?$AA?5?$AAt?$AAo?$AA?5?$AAc?$AAo?$AAn?$AAn?$AAe?$AAc?$AAt?$AA?5?$AAt?$AAo?$AA?5?$AA?$FL?$AA?$CF?$AAs?$AA?$FN?$AA?5?$AA?$FL?$AA?$CF?$AAs?$AA?$FN?$AA?4?$AA?4@ 0000000140017a92     dbg_.-remote.o
 0002:00002ae6       ??_C@_1DG@GLOHHOJG@?$AAT?$AAe?$AAm?$AAp?$AAo?$AAr?$AAa?$AAr?$AAy?$AA?5?$AAl?$AAo?$AAc?$AAa?$AAl?$AA_?$AAi?$AAd?$AA?5?$AA?$DN?$AA?5?$AA?$CF?$AAl?$AAl?$AAd?$AA?6?$AA?$AA@ 0000000140017ae6     dbg_.-remote.o
 0002:00002b26       ??_C@_1DC@MOJEJJIM@?$AAC?$AAo?$AAn?$AAf?$AAi?$AAg?$AAu?$AAr?$AAa?$AAt?$AAi?$AAo?$AAn?$AA?5?$AAc?$AAo?$AAn?$AAf?$AAi?$AAr?$AAm?$AAe?$AAd?$AA?6?$AA?$AA@ 0000000140017b26     dbg_.-remote.o
 0002:00002b62       ??_C@_1DM@PKIKMHMJ@?$AA?$FL?$AAN?$AAE?$AAT?$AAW?$AAO?$AAR?$AAK?$AA?$FN?$AA?3?$AA?5?$AAP?$AAe?$AAe?$AAr?$AA?5?$AAd?$AAi?$AAs?$AAc?$AAo?$AAn?$AAn?$AAe?$AAc?$AAt?$AAe?$AAd?$AA?6?$AA?$AA@ 0000000140017b62     dbg_.-remote.o
 0002:00002baa       ??_C@_1DG@IHKBKGHO@?$AAG?$AAe?$AAt?$AA?5?$AAm?$AAe?$AAs?$AAs?$AAa?$AAg?$AAe?$AA?5?$AAo?$AAf?$AA?5?$AA?$CF?$AAl?$AAl?$AAd?$AA?5?$AAb?$AAy?$AAt?$AAe?$AAs?$AA?6?$AA?$AA@ 0000000140017baa     dbg_.-remote.o
 0002:00002bea       ??_C@_1EE@FBAKCJKM@?$AAp?$AAr?$AAo?$AAc?$AAe?$AAs?$AAs?$AA?5?$AAh?$AAe?$AAa?$AAd?$AAe?$AAr?$AA?$FL?$AAo?$AAk?$AA?$FN?$AA?5?$AA?$FL?$AAh?$AAe?$AAa?$AAd?$AAe?$AAr?$AA?$DN?$AA?$CF?$AAl?$AAl?$AAd?$AA?$FN@ 0000000140017bea     dbg_.-remote.o
 0002:00002c3c       ??_C@_1EE@CIFDCIBF@?$AAp?$AAr?$AAo?$AAc?$AAe?$AAs?$AAs?$AA?5?$AAl?$AAe?$AAn?$AAg?$AAt?$AAh?$AA?$FL?$AAo?$AAk?$AA?$FN?$AA?5?$AA?$FL?$AAl?$AAe?$AAn?$AAg?$AAt?$AAh?$AA?$DN?$AA?$CF?$AAl?$AAl?$AAd?$AA?$FN@ 0000000140017c3c     dbg_.-remote.o
 0002:00002c8e       ??_C@_1CM@JBMABCGC@?$AAp?$AAr?$AAo?$AAc?$AAe?$AAs?$AAs?$AA?5?$AAl?$AAe?$AAn?$AAg?$AAt?$AAh?$AA?$FL?$AAp?$AAa?$AAr?$AAt?$AA?$FN?$AA?6?$AA?$AA@ 0000000140017c8e     dbg_.-remote.o
 0002:00002cc2       ??_C@_1CE@BMKCCAOL@?$AAp?$AAr?$AAo?$AAc?$AAe?$AAs?$AAs?$AA?5?$AAb?$AAo?$AAd?$AAy?$AA?$FL?$AAo?$AAk?$AA?$FN?$AA?6?$AA?$AA@ 0000000140017cc2     dbg_.-remote.o
 0002:00002cee       ??_C@_1CO@OOHNIMCC@?$AAc?$AAl?$AAo?$AAs?$AAi?$AAn?$AAg?$AA?5?$AAc?$AAo?$AAn?$AAn?$AAe?$AAc?$AAt?$AAi?$AAo?$AAn?$AA?4?$AA?4?$AA?4?$AA?6?$AA?$AA@ 0000000140017cee     dbg_.-remote.o
 0002:00002d26       ??_C@_1CI@LDDDECLE@?$AAp?$AAr?$AAo?$AAc?$AAe?$AAs?$AAs?$AA?5?$AAb?$AAo?$AAd?$AAy?$AA?$FL?$AAp?$AAa?$AAr?$AAt?$AA?$FN?$AA?6?$AA?$AA@ 0000000140017d26     dbg_.-remote.o
 0002:00002d56       ??_C@_1FI@DLIHECMG@?$AAG?$AAe?$AAt?$AA?5?$AAa?$AAp?$AAi?$AA?5?$AAc?$AAa?$AAl?$AAl?$AA?5?$AA?$CF?$AAl?$AAl?$AAd?$AA?5?$AAo?$AAf?$AA?5?$AAl?$AAe?$AAn?$AAg?$AAt?$AAh?$AA?3?$AA?5?$AA?$CF?$AAl?$AAl@ 0000000140017d56     dbg_.-remote.o
 0002:00002dc0       ??_C@_1EC@IGPNEALA@?$AAA?$AAP?$AAI?$AA_?$AAR?$AAE?$AAQ?$AAU?$AAE?$AAS?$AAT?$AA_?$AAC?$AAO?$AAN?$AAN?$AAE?$AAC?$AAT?$AAI?$AAO?$AAN?$AA?5?$AAa?$AAn?$AAs?$AAw?$AAe?$AAr?$AAe?$AAd?$AA?6@ 0000000140017dc0     dbg_.-remote.o
 0002:00002e10       ??_C@_1HI@PFGJBABN@?$AAA?$AAP?$AAI?$AA_?$AAA?$AAN?$AAS?$AAW?$AAE?$AAR?$AA_?$AAR?$AAE?$AAQ?$AAU?$AAE?$AAS?$AAT?$AA_?$AAC?$AAO?$AAN?$AAN?$AAE?$AAC?$AAT?$AAI?$AAO?$AAN?$AA?5?$AAu?$AAp@ 0000000140017e10     dbg_.-remote.o
 0002:00002ea0       ??_C@_1EM@NFKPCEGC@?$AAU?$AAp?$AAd?$AAa?$AAt?$AAe?$AAd?$AA?5?$AAu?$AAs?$AAi?$AAn?$AAg?$AA?5?$AA?$FL?$AAc?$AAo?$AAn?$AA?$DN?$AA?$CF?$AAp?$AA?$FN?$AA?5?$AA?$FL?$AAa?$AAn?$AAd?$AA?5?$AAf?$AAr?$AAe?$AAe@ 0000000140017ea0     dbg_.-remote.o
 0002:00002efc       ??_C@_1LA@ICLCBFDH@?$AAE?$AAr?$AAr?$AAo?$AAr?$AA?3?$AA?5?$AAA?$AAP?$AAI?$AA_?$AAA?$AAN?$AAS?$AAW?$AAE?$AAR?$AA_?$AAR?$AAE?$AAQ?$AAU?$AAE?$AAS?$AAT?$AA_?$AAC?$AAO?$AAN?$AAN?$AAE?$AAC@ 0000000140017efc     dbg_.-remote.o
 0002:00002fd0       ??_C@_1FA@NLLPLBEB@?$AAA?$AAP?$AAI?$AA_?$AAR?$AAE?$AAQ?$AAU?$AAE?$AAS?$AAT?$AA_?$AAI?$AAD?$AA?5?$AAp?$AAa?$AAg?$AAe?$AA?$DN?$AA?$CF?$AAl?$AAl?$AAd?$AA?5?$AA?$FL?$AAp?$AAr?$AAe?$AAf?$AAi?$AAx@ 0000000140017fd0     dbg_.-remote.o
 0002:00003030       ??_C@_1BG@IOHEMCP@?$AAR?$AAe?$AAf?$AAu?$AAs?$AAe?$AA?5?$AAi?$AAd?$AA?6?$AA?$AA@ 0000000140018030     dbg_.-remote.o
 0002:0000304a       ??_C@_1EI@DCLENIAC@?$AAC?$AAo?$AAn?$AAf?$AAi?$AAr?$AAm?$AAe?$AAd?$AA?5?$AAb?$AAe?$AAc?$AAo?$AAu?$AAs?$AAe?$AA?5?$AAl?$AAo?$AAc?$AAa?$AAl?$AA_?$AAi?$AAd?$AA?5?$AAd?$AAi?$AAf?$AAf?$AAe@ 000000014001804a     dbg_.-remote.o
 0002:000030a0       ??_C@_1EI@GBBOHBKF@?$AAG?$AAe?$AAt?$AA?5?$AAb?$AAr?$AAo?$AAa?$AAd?$AAc?$AAa?$AAs?$AAt?$AA?5?$AAa?$AAn?$AAs?$AAw?$AAe?$AAr?$AA?5?$AA?$FL?$AAp?$AAr?$AAe?$AAf?$AAi?$AAx?$AA?$DN?$AA?$CF?$AAl?$AAl@ 00000001400180a0     dbg_.-remote.o
 0002:000030f6       ??_C@_1CK@JAOCGICP@?$AAB?$AAr?$AAo?$AAa?$AAd?$AAc?$AAa?$AAs?$AAt?$AA?5?$AAc?$AAo?$AAn?$AAf?$AAi?$AAr?$AAm?$AAe?$AAd?$AA?6?$AA?$AA@ 00000001400180f6     dbg_.-remote.o
 0002:00003128       ??_C@_1FM@HIELKEO@?$AAA?$AAP?$AAI?$AA_?$AAR?$AAE?$AAQ?$AAU?$AAE?$AAS?$AAT?$AA_?$AAM?$AAE?$AAM?$AA_?$AAP?$AAA?$AAG?$AAE?$AA?5?$AAp?$AAa?$AAg?$AAe?$AA?$DN?$AA?$CF?$AAl?$AAl?$AAd?$AA?5?$AA?$FL@ 0000000140018128     dbg_.-remote.o
 0002:00003196       ??_C@_1CG@KIALDCLE@?$AAR?$AAe?$AAf?$AAu?$AAs?$AAe?$AA?5?$AAa?$AAl?$AAl?$AAo?$AAc?$AAa?$AAt?$AAi?$AAo?$AAn?$AA?6?$AA?$AA@ 0000000140018196     dbg_.-remote.o
 0002:000031c4       ??_C@_1CM@IABHOCCE@?$AAg?$AAe?$AAt?$AA?5?$AAp?$AAu?$AAs?$AAh?$AA?5?$AAo?$AAb?$AAj?$AAe?$AAc?$AAt?$AA?5?$AA?$CF?$AAl?$AAl?$AAd?$AA?6?$AA?$AA@ 00000001400181c4     dbg_.-remote.o
 0002:000031f8       ??_C@_1BM@CKHNEJCK@?$AAl?$AAo?$AAc?$AAa?$AAl?$AA?9?$AAp?$AAu?$AAs?$AAh?$AAe?$AAd?$AA?6?$AA?$AA@ 00000001400181f8     dbg_.-remote.o
 0002:0000321a       ??_C@_1CG@LACBKCJC@?$AAr?$AAe?$AAm?$AAo?$AAt?$AAe?$AA?9?$AAr?$AAe?$AAd?$AAi?$AAr?$AAe?$AAc?$AAt?$AAe?$AAd?$AA?6?$AA?$AA@ 000000014001821a     dbg_.-remote.o
 0002:00003248       ??_C@_1GM@LPBCPABN@?$AAU?$AAP?$AAD?$AAA?$AAT?$AAE?$AA?5?$AAP?$AAA?$AAT?$AAH?$AA?5?$AA1?$AA?5?$AAT?$AAO?$AA?5?$AA?$CF?$AAl?$AAl?$AAd?$AA?5?$AA?$FL?$AAd?$AAi?$AAs?$AAt?$AAa?$AAn?$AAc?$AAe?$AA?$DN@ 0000000140018248     dbg_.-remote.o
 0002:000032ca       ??_C@_1GM@FBBGBBEM@?$AAU?$AAP?$AAD?$AAA?$AAT?$AAE?$AA?5?$AAP?$AAA?$AAT?$AAH?$AA?5?$AA2?$AA?5?$AAT?$AAO?$AA?5?$AA?$CF?$AAl?$AAl?$AAd?$AA?5?$AA?$FL?$AAd?$AAi?$AAs?$AAt?$AAa?$AAn?$AAc?$AAe?$AA?$DN@ 00000001400182ca     dbg_.-remote.o
 0002:0000334c       ??_C@_1HC@GFDBDKMJ@?$AAU?$AAP?$AAD?$AAA?$AAT?$AAE?$AA?5?$AAI?$AAD?$AA?5?$AAP?$AAA?$AAT?$AAH?$AA?5?$AA1?$AA?5?$AAT?$AAO?$AA?5?$AA?$CF?$AAl?$AAl?$AAd?$AA?5?$AA?$FL?$AAd?$AAi?$AAs?$AAt?$AAa?$AAn@ 000000014001834c     dbg_.-remote.o
 0002:000033d4       ??_C@_1HC@ILDFNLJI@?$AAU?$AAP?$AAD?$AAA?$AAT?$AAE?$AA?5?$AAI?$AAD?$AA?5?$AAP?$AAA?$AAT?$AAH?$AA?5?$AA2?$AA?5?$AAT?$AAO?$AA?5?$AA?$CF?$AAl?$AAl?$AAd?$AA?5?$AA?$FL?$AAd?$AAi?$AAs?$AAt?$AAa?$AAn@ 00000001400183d4     dbg_.-remote.o
 0002:0000345c       ??_C@_1HC@IPIJLOJO@?$AAG?$AAe?$AAt?$AA?5?$AAr?$AAe?$AAm?$AAo?$AAt?$AAe?$AA?5?$AAs?$AAt?$AAa?$AAr?$AAt?$AA?5?$AAw?$AAo?$AAr?$AAk?$AAe?$AAr?$AA?5?$AA?$CF?$AAl?$AAl?$AAd?$AA?5?$AAf?$AAr?$AAo@ 000000014001845c     dbg_.-remote.o
 0002:000034e4       ??_C@_1FC@CBJJGKKM@?$AAG?$AAE?$AAT?$AA?5?$AAH?$AAI?$AAV?$AAE?$AA?5?$AAS?$AAT?$AAA?$AAT?$AAE?$AA?3?$AA?5?$AA?$CF?$AAl?$AAl?$AAd?$AA?5?$AA?$CF?$AAl?$AAl?$AAd?$AA?5?$AA?$CF?$AAl?$AAl?$AAd?$AA?5?$AA?$FL@ 00000001400184e4     dbg_.-remote.o
 0002:00003546       ??_C@_1CG@PIAFPEME@?$AAS?$AAe?$AAr?$AAv?$AAe?$AAr?$AA?5?$AAs?$AAt?$AAa?$AAr?$AAt?$AAe?$AAd?$AA?4?$AA?4?$AA?4?$AA?6?$AA?$AA@ 0000000140018546     dbg_.-remote.o
 0002:00003574       ??_C@_1DK@EHAPFJND@?$AAs?$AAe?$AAr?$AAv?$AAe?$AAr?$AA?5?$AAs?$AAt?$AAa?$AAr?$AAt?$AAe?$AAd?$AA?5?$AAo?$AAn?$AA?5?$AAp?$AAo?$AAr?$AAt?$AA?5?$AA?$CF?$AAl?$AAl?$AAd?$AA?6?$AA?$AA@ 0000000140018574     dbg_.-remote.o
 0002:000035ba       ??_C@_1FA@MICONLJJ@?$AAE?$AAr?$AAr?$AAo?$AAr?$AA?3?$AA?5?$AAf?$AAa?$AAi?$AAl?$AAe?$AAd?$AA?5?$AAt?$AAo?$AA?5?$AAa?$AAl?$AAl?$AAo?$AAc?$AAa?$AAt?$AAe?$AA?5?$AAm?$AAe?$AAm?$AAo?$AAr?$AAy@ 00000001400185ba     dbg_.-runtime_lib.o
 0002:0000361a       ??_C@_1FE@CPMEHOGL@?$AAE?$AAr?$AAr?$AAo?$AAr?$AA?3?$AA?5?$AAf?$AAa?$AAi?$AAl?$AAe?$AAd?$AA?5?$AAt?$AAo?$AA?5?$AAr?$AAe?$AAa?$AAl?$AAl?$AAo?$AAc?$AAa?$AAt?$AAe?$AA?5?$AAm?$AAe?$AAm?$AAo@ 000000014001861a     dbg_.-runtime_lib.o
 0002:0000367e       ??_C@_1EI@DJFGOBAG@?$AAE?$AAr?$AAr?$AAo?$AAr?$AA?3?$AA?5?$AAf?$AAa?$AAi?$AAl?$AAe?$AAd?$AA?5?$AAt?$AAo?$AA?5?$AAf?$AAr?$AAe?$AAe?$AA?5?$AAm?$AAe?$AAm?$AAo?$AAr?$AAy?$AA?3?$AA?5?$AA?$CF?$AAl@ 000000014001867e     dbg_.-runtime_lib.o
 0002:000036d4       ??_C@_1CM@EJGKJCED@?$AAA?$AAs?$AAs?$AAe?$AAr?$AAt?$AAi?$AAo?$AAn?$AA?5?$AAf?$AAa?$AAi?$AAl?$AAe?$AAd?$AA?3?$AA?5?$AA?$CF?$AAs?$AA?6?$AA?$AA@ 00000001400186d4     dbg_.-runtime_lib.o
 0002:00003708       ??_C@_1EI@GJCCEHA@?$AAF?$AAi?$AAl?$AAe?$AA?3?$AA?5?$AA?$CF?$AAs?$AA?0?$AA?5?$AAL?$AAi?$AAn?$AAe?$AA?3?$AA?5?$AA?$CF?$AAl?$AAl?$AAd?$AA?0?$AA?5?$AAF?$AAu?$AAn?$AAc?$AAt?$AAi?$AAo?$AAn?$AA?3?$AA?5@ 0000000140018708     dbg_.-runtime_lib.o
 0002:0000397e       ??_C@_1GE@NIGCAFOK@?$AAE?$AAr?$AAr?$AAo?$AAr?$AA?3?$AA?5?$AAg?$AAp?$AAu?$AA?5?$AAw?$AAo?$AAr?$AAk?$AAe?$AAr?$AA?5?$AAd?$AAo?$AAe?$AAn?$AA?8?$AAt?$AA?5?$AAs?$AAu?$AAp?$AAp?$AAo?$AAr?$AAt@ 000000014001897e     dbg_.-runtime.o
 0002:000039f6       ??_C@_1DO@CBJEPNAO@?$AAP?$AAr?$AAo?$AAm?$AAi?$AAs?$AAe?$AA?$CI?$AAs?$AAe?$AAt?$AA?$DN?$AA?$CF?$AA0?$AA2?$AAx?$AA?0?$AA?5?$AAf?$AAi?$AAr?$AAs?$AAt?$AA4?$AAb?$AAy?$AAt?$AAe?$AAs?$AA?$DN?$AA?$AA@ 00000001400189f6     dbg_.-runtime.o
 0002:00003a40       ??_C@_15BCDOKMG@?$AA?$CJ?$AA?6?$AA?$AA@ 0000000140018a40     dbg_.-runtime.o
 0002:00003a48       ??_C@_1EO@JIHFKLGM@?$AAA?$AAr?$AAr?$AAa?$AAy?$AA?$CI?$AAl?$AAe?$AAn?$AAg?$AAt?$AAh?$AA?$DN?$AA?$CF?$AAl?$AAl?$AAd?$AA?0?$AA?5?$AAe?$AAl?$AAe?$AAm?$AAe?$AAn?$AAt?$AA_?$AAs?$AAi?$AAz?$AAe?$AA?$DN@ 0000000140018a48     dbg_.-runtime.o
 0002:00003aa6       ??_C@_15IPOKAMGA@?$AA?$HL?$AA?5?$AA?$AA@ 0000000140018aa6     dbg_.-runtime.o
 0002:00003aae       ??_C@_13EHOOFIKC@?$AA?$HN?$AA?$AA@ 0000000140018aae     dbg_.-runtime.o
 0002:00003ab2       ??_C@_15JOGBDECP@?$AA?0?$AA?5?$AA?$AA@ 0000000140018ab2     dbg_.-runtime.o
 0002:00003aba       ??_C@_1CG@OGLIMIIK@?$AAC?$AAl?$AAa?$AAs?$AAs?$AA?$CI?$AAf?$AAi?$AAr?$AAs?$AAt?$AA4?$AAb?$AAy?$AAt?$AAe?$AAs?$AA?$DN?$AA?$AA@ 0000000140018aba     dbg_.-runtime.o
 0002:00003ae8       ??_C@_1DM@HBMDBMCD@?$AAO?$AAb?$AAj?$AAe?$AAc?$AAt?$AA?5?$AAo?$AAf?$AA?5?$AAu?$AAn?$AAk?$AAn?$AAo?$AAw?$AAn?$AA?5?$AAt?$AAy?$AAp?$AAe?$AA?3?$AA?5?$AA?$CF?$AA0?$AA2?$AAx?$AA?6?$AA?$AA@ 0000000140018ae8     dbg_.-runtime.o
 0002:00003b30       ??_C@_1FG@HBFKKPHD@?$AAW?$AAo?$AAr?$AAk?$AAe?$AAr?$AA?5?$AAa?$AAd?$AAd?$AA?5?$AAt?$AAo?$AA?5?$AAw?$AAa?$AAi?$AAt?$AA?5?$AAl?$AAi?$AAs?$AAt?$AA?5?$AA?$FL?$AAi?$AAd?$AA?$DN?$AA?$CF?$AAl?$AAl?$AAd@ 0000000140018b30     dbg_.-runtime.o
 0002:00003b98       ??_C@_1EI@FJBGIEMF@?$AAW?$AAo?$AAr?$AAk?$AAe?$AAr?$AA?5?$AAe?$AAn?$AAq?$AAu?$AAe?$AAu?$AAe?$AAd?$AA?5?$AA?$FL?$AAi?$AAd?$AA?$DN?$AA?$CF?$AAl?$AAl?$AAd?$AA?0?$AA?5?$AAd?$AAa?$AAt?$AAa?$AA?$DN?$AA?$CF@ 0000000140018b98     dbg_.-runtime.o
 0002:00003bee       ??_C@_1O@KNIHKCDL@?$AAb?$AAr?$AAe?$AAa?$AAk?$AA?6?$AA?$AA@ 0000000140018bee     dbg_.-runtime.o
 0002:00003bfe       ??_C@_1CC@OGJGNONI@?$AAw?$AAa?$AAi?$AAt?$AA?5?$AAl?$AAi?$AAs?$AAt?$AA?3?$AA?5?$AA?$CF?$AAl?$AAl?$AAd?$AA?6?$AA?$AA@ 0000000140018bfe     dbg_.-runtime.o
 0002:00003c26       ??_C@_1GM@IJHLNMBE@?$AAt?$AAh?$AAr?$AAe?$AAa?$AAd?$AA?5?$AA?$CF?$AAl?$AAl?$AAd?$AA?3?$AA?5?$AA?5?$AAW?$AAa?$AAi?$AAt?$AA?$HM?$AAQ?$AAu?$AAe?$AAu?$AAe?$AAd?$AA?5?$AA?$CF?$AAl?$AAl?$AAd?$AA?$HM?$AA?$CF@ 0000000140018c26     dbg_.-runtime.o
 0002:00003ca8       ??_C@_1CO@BAHOKHFI@?$AA?6?$AAS?$AAh?$AAe?$AAd?$AAu?$AAl?$AAi?$AAn?$AAg?$AA?5?$AAn?$AAe?$AAw?$AA?5?$AAw?$AAo?$AAr?$AAk?$AAe?$AAr?$AA?6?$AA?$AA@ 0000000140018ca8     dbg_.-runtime.o
 0002:00003ce0       ??_C@_1II@BKKMGADK@?$AAC?$AAo?$AAn?$AAt?$AAi?$AAn?$AAu?$AAe?$AA?5?$AAw?$AAo?$AAr?$AAk?$AAe?$AAr?$AA?5?$AA?$CF?$AAl?$AAl?$AAd?$AA?5?$AAf?$AAr?$AAo?$AAm?$AA?5?$AAd?$AAa?$AAt?$AAa?$AA?$DN?$AA?$CF@ 0000000140018ce0     dbg_.-runtime.o
 0002:00003d84       ??_C@_1DC@OKNAINOC@?$AAc?$AAo?$AAp?$AAy?$AA?$CI?$AA?$CF?$AAp?$AA?$CJ?$AA?$DN?$AAq?$AAu?$AAe?$AAu?$AAe?$AA?$FL?$AA?$CF?$AAl?$AAl?$AAd?$AA?$FN?$AA?$DN?$AA?$CF?$AAp?$AA?6?$AA?$AA@ 0000000140018d84     dbg_.-runtime.o
 0002:00003dc0       ??_C@_1FE@PPKJADDP@?$AAW?$AAa?$AAn?$AAt?$AA?5?$AAr?$AAu?$AAn?$AA?5?$AAr?$AAe?$AAm?$AAo?$AAt?$AAe?$AA?0?$AA?5?$AAb?$AAu?$AAt?$AA?3?$AA?5?$AA?$CF?$AAl?$AAl?$AAd?$AA?5?$AA?$CF?$AAl?$AAl?$AAd?$AA?5@ 0000000140018dc0     dbg_.-runtime.o
 0002:00003e24       ??_C@_1GC@JGFAAALF@?$AAS?$AAt?$AAa?$AAr?$AAt?$AAi?$AAn?$AAg?$AA?5?$AAn?$AAe?$AAw?$AA?5?$AAl?$AAo?$AAc?$AAa?$AAl?$AA?5?$AAw?$AAo?$AAr?$AAk?$AAe?$AAr?$AA?5?$AA?$CF?$AAl?$AAl?$AAd?$AA?5?$AA?$FL@ 0000000140018e24     dbg_.-runtime.o
 0002:00003e9a       ??_C@_1EG@KLACJNPC@?$AAE?$AAr?$AAr?$AAo?$AAr?$AA?3?$AA?5?$AAt?$AAh?$AAi?$AAs?$AA?5?$AAi?$AAs?$AAn?$AA?8?$AAt?$AA?5?$AAh?$AAi?$AAv?$AAe?$AA?5?$AAe?$AAx?$AAe?$AAc?$AAu?$AAt?$AAa?$AAb?$AAl@ 0000000140018e9a     dbg_.-runtime.o
 0002:00003eee       ??_C@_1GG@OIFEBPCL@?$AAE?$AAr?$AAr?$AAo?$AAr?$AA?3?$AA?5?$AAt?$AAh?$AAi?$AAs?$AA?5?$AAi?$AAs?$AA?5?$AAe?$AAx?$AAe?$AAc?$AAu?$AAt?$AAa?$AAb?$AAl?$AAe?$AA?5?$AAo?$AAf?$AA?5?$AAn?$AAo?$AAt@ 0000000140018eee     dbg_.-runtime.o
 0002:00003f68       ??_C@_1DC@FFLNADD@?$AAE?$AAr?$AAr?$AAo?$AAr?$AA?3?$AA?5?$AAw?$AAi?$AAn?$AAa?$AAp?$AAi?$AA?5?$AAe?$AAr?$AAr?$AAo?$AAr?$AA?5?$AA?$CF?$AAl?$AAd?$AA?6?$AA?$AA@ 0000000140018f68     dbg_.-runtime.o
 0002:00003fa4       ??_C@_1DE@BIGGJJBN@?$AAh?$AAe?$AAa?$AAd?$AAe?$AAr?$AA?5?$AA?$CF?$AAl?$AAl?$AAd?$AA?5?$AAo?$AAf?$AA?5?$AAs?$AAi?$AAz?$AAe?$AA?5?$AA?$CF?$AAl?$AAl?$AAd?$AA?6?$AA?$AA@ 0000000140018fa4     dbg_.-runtime.o
 0002:00003fe2       ??_C@_1BK@JJBOCJJN@?$AAs?$AAe?$AAt?$AA?5?$AAt?$AAo?$AA?5?$AA?$CF?$AAl?$AAl?$AAd?$AA?5?$AA?$AA@ 0000000140018fe2     dbg_.-runtime.o
 0002:00004002       ??_C@_1JE@CPFCJBNI@?$AAE?$AAR?$AAR?$AAO?$AAR?$AA?3?$AA?5?$AAR?$AAu?$AAn?$AAt?$AAi?$AAm?$AAe?$AA?5?$AAe?$AAn?$AAd?$AAp?$AAo?$AAi?$AAn?$AAt?$AA?5?$AA?$CF?$AAl?$AAl?$AAd?$AA?5?$AAd?$AAo?$AAe@ 0000000140019002     dbg_.-runtime.o
 0002:000040b4       ??_C@_1BA@LPJEKMJJ@?$AAp?$AAt?$AAr?$AA?$DN?$AA?$CF?$AAp?$AA?6?$AA?$AA@ 00000001400190b4     dbg_.-runtime.o
 0002:000040c8       ??_C@_1IG@FGNNCHGH@?$AAw?$AAo?$AAr?$AAk?$AAe?$AAr?$AA?5?$AA?$CF?$AAl?$AAl?$AAd?$AA?5?$AAi?$AAs?$AA?5?$AAd?$AAl?$AAl?$AA?5?$AAc?$AAa?$AAl?$AAl?$AA?5?$AAo?$AAf?$AA?5?$AAl?$AAi?$AAb?$AAr?$AAa@ 00000001400190c8     dbg_.-runtime.o
 0002:00004168       ??_C@_1CG@BIKDCCPC@?$AAs?$AAt?$AAa?$AAc?$AAk?$AA?5?$AAu?$AAs?$AAa?$AAg?$AAe?$AA?3?$AA?5?$AA?$CF?$AAl?$AAl?$AAd?$AA?6?$AA?$AA@ 0000000140019168     dbg_.-runtime.o
 0002:00004196       ??_C@_1GK@IGPNAPLE@?$AAo?$AAu?$AAt?$AAp?$AAu?$AAt?$AA?5?$AAh?$AAa?$AAv?$AAe?$AA?5?$AAs?$AAi?$AAz?$AAe?$AA?5?$AA?$CF?$AAl?$AAl?$AAd?$AA?5?$AA?$FL?$AAa?$AAn?$AAd?$AA?5?$AAa?$AAr?$AAg?$AAs?$AA?5@ 0000000140019196     dbg_.-runtime.o
 0002:00004216       ??_C@_1DM@EEDFDKOL@?$AAa?$AAr?$AAg?$AAu?$AAm?$AAe?$AAn?$AAt?$AA?5?$AA?$CF?$AAl?$AAl?$AAd?$AA?5?$AAh?$AAa?$AAv?$AAe?$AA?5?$AAs?$AAi?$AAz?$AAe?$AA?5?$AA?$CF?$AAl?$AAl?$AAd?$AA?6?$AA?$AA@ 0000000140019216     dbg_.-runtime.o
 0002:0000425e       ??_C@_1KM@JOOLBIFF@?$AAW?$AAo?$AAr?$AAk?$AAe?$AAr?$AA?5?$AA?$CF?$AAl?$AAl?$AAd?$AA?5?$AA?$FL?$AAx?$AA6?$AA4?$AA?$FN?$AA?5?$AAh?$AAa?$AAv?$AAe?$AA?5?$AAb?$AAe?$AAe?$AAn?$AA?5?$AAl?$AAo?$AAa?$AAd@ 000000014001925e     dbg_.-runtime.o
 0002:0000432c       ??_C@_1HI@GNCDLKLI@?$AAE?$AAr?$AAr?$AAo?$AAr?$AA?3?$AA?5?$AAr?$AAu?$AAn?$AAt?$AAi?$AAm?$AAe?$AA?5?$AAd?$AAo?$AAe?$AAs?$AAn?$AA?8?$AAt?$AA?5?$AAs?$AAu?$AAp?$AAp?$AAo?$AAr?$AAt?$AA?5?$AAs@ 000000014001932c     dbg_.-runtime.o
 0002:000043bc       ??_C@_1CI@PHCDEMOE@?$AAb?$AAu?$AAi?$AAl?$AAd?$AAi?$AAn?$AAg?$AA?5?$AAk?$AAe?$AAr?$AAn?$AAe?$AAl?$AA?4?$AA?4?$AA?4?$AA?6?$AA?$AA@ 00000001400193bc     dbg_.-runtime.o
 0002:000043ec       ??_C@_17MJEANDKP@?$AA?$CF?$AAs?$AA?6?$AA?$AA@ 00000001400193ec     dbg_.-runtime.o
 0002:000043f5       ??_C@_04JNAIOECI@krnl?$AA@ 00000001400193f5     dbg_.-runtime.o
 0002:000043fc       ??_C@_1DI@MMAOAOLJ@?$AAE?$AAr?$AAr?$AAo?$AAr?$AA?3?$AA?5?$AAk?$AAe?$AAr?$AAn?$AAe?$AAl?$AA?5?$AAb?$AAu?$AAi?$AAl?$AAd?$AA?5?$AAf?$AAa?$AAi?$AAl?$AAe?$AAd?$AA?6?$AA?$AA@ 00000001400193fc     dbg_.-runtime.o
 0002:00004440       ??_C@_1LG@BJCBGCLK@?$AAW?$AAo?$AAr?$AAk?$AAe?$AAr?$AA?5?$AA?$CF?$AAl?$AAl?$AAd?$AA?5?$AA?$FL?$AAG?$AAP?$AAU?$AA?$FN?$AA?5?$AAh?$AAa?$AAv?$AAe?$AA?5?$AAb?$AAe?$AAe?$AAn?$AA?5?$AAl?$AAo?$AAa?$AAd@ 0000000140019440     dbg_.-runtime.o
 0002:0000451a       ??_C@_1EC@HLLMLNEL@?$AAE?$AAr?$AAr?$AAo?$AAr?$AA?3?$AA?5?$AAu?$AAn?$AAk?$AAn?$AAo?$AAw?$AAn?$AA?5?$AAh?$AAe?$AAa?$AAd?$AAe?$AAr?$AA?5?$AAt?$AAy?$AAp?$AAe?$AA?5?$AA?$CF?$AAl?$AAl?$AAd?$AA?6@ 000000014001951a     dbg_.-runtime.o
 0002:0000456a       ??_C@_1DI@MLNAPEIE@?$AAS?$AAh?$AAe?$AAd?$AAu?$AAl?$AAe?$AAr?$AAI?$AAn?$AAs?$AAt?$AAa?$AAn?$AAc?$AAe?$AA?5?$AAc?$AAo?$AAm?$AAp?$AAl?$AAe?$AAt?$AAe?$AAd?$AA?6?$AA?$AA@ 000000014001956a     dbg_.-runtime.o
 0002:000045ae       ??_C@_1CC@MEKDJGLK@?$AAp?$AAr?$AAo?$AAm?$AAi?$AAs?$AAe?$AA?5?$AAn?$AAo?$AAt?$AA?5?$AAs?$AAe?$AAt?$AA?6?$AA?$AA@ 00000001400195ae     dbg_.-runtime.o
 0002:000045d6       ??_C@_1CG@NNOPFBAI@?$AAp?$AAr?$AAo?$AAm?$AAi?$AAs?$AAe?$AA?5?$AAn?$AAo?$AAt?$AA?5?$AAf?$AAo?$AAu?$AAn?$AAd?$AA?6?$AA?$AA@ 00000001400195d6     dbg_.-runtime.o
 0002:00004604       ??_C@_1EK@KKIKLCHH@?$AAG?$AAp?$AAu?$AA?5?$AAs?$AAu?$AAs?$AAs?$AAy?$AAs?$AAt?$AAe?$AAm?$AA?5?$AAi?$AAn?$AAi?$AAt?$AAi?$AAa?$AAl?$AAi?$AAz?$AAa?$AAt?$AAi?$AAo?$AAn?$AA?5?$AAf?$AAa?$AAi@ 0000000140019604     dbg_.-runtime.o
 0002:0000465c       ??_C@_1CC@DEIAIPBB@?$AA?4?$AA?4?$AA?1?$AA?4?$AA?4?$AA?1?$AA?4?$AA?4?$AA?1?$AAr?$AAe?$AAs?$AA?4?$AAb?$AAi?$AAn?$AA?$AA@ 000000014001965c     dbg_.-runtime.o
 0002:00004684       ??_C@_1FC@OGJDIOEJ@?$AAE?$AAr?$AAr?$AAo?$AAr?$AA?3?$AA?5?$AAc?$AAa?$AAn?$AA?8?$AAt?$AA?5?$AAo?$AAp?$AAe?$AAn?$AA?5?$AA?4?$AA?4?$AA?1?$AA?4?$AA?4?$AA?1?$AA?4?$AA?4?$AA?1?$AAr?$AAe?$AAs?$AA?4?$AAb@ 0000000140019684     dbg_.-runtime.o
 0002:000046e6       ??_C@_1DA@COAPAANM@?$AAE?$AAr?$AAr?$AAo?$AAr?$AA?3?$AA?5?$AAa?$AAt?$AA?5?$AAl?$AAo?$AAa?$AAd?$AAi?$AAn?$AAg?$AA?5?$AAf?$AAi?$AAl?$AAe?$AA?6?$AA?$AA@ 00000001400196e6     dbg_.-runtime.o
 0002:00004720       ??_C@_1DM@FEOJJAHB@?$AAS?$AAt?$AAa?$AAr?$AAt?$AAi?$AAn?$AAg?$AA?5?$AAw?$AAi?$AAt?$AAh?$AAo?$AAu?$AAt?$AA?5?$AAa?$AAn?$AAy?$AA?5?$AAw?$AAo?$AAr?$AAk?$AAe?$AAr?$AAs?$AA?6?$AA?$AA@ 0000000140019720     dbg_.-runtime.o
 0002:00004768       ??_C@_1CG@PNBFEFIC@?$AAR?$AAE?$AAA?$AAD?$AAI?$AAN?$AAG?$AA?5?$AAI?$AAN?$AAP?$AAU?$AAT?$AA?5?$AAA?$AAS?$AA?3?$AA?5?$AA?$AA@ 0000000140019768     dbg_.-runtime.o
 0002:00004796       ??_C@_1M@HLHACGAA@?$AA?$CF?$AAl?$AAl?$AAd?$AA?5?$AA?$AA@ 0000000140019796     dbg_.-runtime.o
 0002:000047a4       ??_C@_1CM@PELCBDJ@?$AAE?$AAn?$AAt?$AAr?$AAy?$AA?5?$AAw?$AAo?$AAr?$AAk?$AAe?$AAr?$AA?5?$AAi?$AAd?$AA?$DN?$AA?$CF?$AAl?$AAl?$AAd?$AA?6?$AA?$AA@ 00000001400197a4     dbg_.-runtime.o
 0002:000047d8       ??_C@_1DA@FBHJAJPI@?$AAr?$AAe?$AAs?$AAu?$AAl?$AAt?$AA?5?$AAp?$AAr?$AAo?$AAm?$AAi?$AAs?$AAe?$AA?5?$AA?$CF?$AAp?$AA?5?$AA?$CF?$AAl?$AAl?$AAd?$AA?6?$AA?$AA@ 00000001400197d8     dbg_.-runtime.o
 0002:00004812       ??_C@_1BI@KEMCAKCM@?$AAR?$AAu?$AAn?$AAn?$AAi?$AAn?$AAg?$AA?4?$AA?4?$AA?4?$AA?6?$AA?$AA@ 0000000140019812     dbg_.-runtime.o
 0002:0000482e       ??_C@_1DM@HCILGOPA@?$AAF?$AAa?$AAi?$AAl?$AAe?$AAd?$AA?5?$AAt?$AAo?$AA?5?$AAc?$AAr?$AAe?$AAa?$AAt?$AAe?$AA?5?$AAt?$AAh?$AAr?$AAe?$AAa?$AAd?$AA?5?$AA?$CF?$AAl?$AAl?$AAd?$AA?6?$AA?$AA@ 000000014001982e     dbg_.-runtime.o
 0002:00004876       ??_C@_1CE@FBEJGOMB@?$AAP?$AAr?$AAo?$AAg?$AAr?$AAa?$AAm?$AA?5?$AAf?$AAi?$AAn?$AAi?$AAs?$AAh?$AAe?$AAd?$AA?6?$AA?$AA@ 0000000140019876     dbg_.-runtime.o
 0002:000048a2       ??_C@_1EK@FDFELEEK@?$AAR?$AAe?$AAs?$AAu?$AAl?$AAt?$AA?5?$AAp?$AAr?$AAo?$AAm?$AAi?$AAs?$AAe?$AA?5?$AAn?$AAo?$AAt?$AA?5?$AAf?$AAo?$AAu?$AAn?$AAd?$AA?5?$AAo?$AAn?$AA?5?$AAm?$AAa?$AAc?$AAh@ 00000001400198a2     dbg_.-runtime.o
 0002:000048fa       ??_C@_1DO@BFPIHEIA@?$AAP?$AAr?$AAo?$AAg?$AAr?$AAa?$AAm?$AA?5?$AAe?$AAx?$AAi?$AAt?$AAe?$AAd?$AA?5?$AAw?$AAi?$AAt?$AAh?$AA?5?$AAc?$AAo?$AAd?$AAe?$AA?5?$AA?$CF?$AAl?$AAl?$AAx?$AA?6?$AA?$AA@ 00000001400198fa     dbg_.-runtime.o
 0002:00004944       ??_C@_1CK@DKIDNDNE@?$AAP?$AAr?$AAe?$AAs?$AAs?$AA?5?$AAC?$AAt?$AAr?$AAl?$AA?$CL?$AAC?$AA?5?$AAt?$AAo?$AA?5?$AAe?$AAn?$AAd?$AA?6?$AA?$AA@ 0000000140019944     dbg_.-runtime.o
 0002:00004976       ??_C@_1GO@CEANDIOF@?$AAR?$AAe?$AAs?$AAu?$AAl?$AAt?$AA?5?$AAo?$AAf?$AA?5?$AAm?$AAa?$AAi?$AAn?$AA?5?$AAf?$AAu?$AAn?$AAc?$AAt?$AAi?$AAo?$AAn?$AA?5?$AAi?$AAs?$AAn?$AA?8?$AAt?$AA?5?$AAr?$AAe@ 0000000140019976     dbg_.-runtime.o
 0002:00004a00       RtlNtPathSeperatorString   0000000140019a00     ws2_32:indef.obj
 0002:00004a14       ??_C@_13FPGAJAPJ@?$AA?2@   0000000140019a14     ws2_32:indef.obj
 0002:00004a18       RtlDosPathSeperatorsString 0000000140019a18     ws2_32:indef.obj
 0002:00004a2c       ??_C@_15MNCACJLI@?$AA?2?$AA?1@ 0000000140019a2c     ws2_32:indef.obj
 0002:00004a38       RtlAlternateDosPathSeperatorString 0000000140019a38     ws2_32:indef.obj
 0002:00004a4c       ??_C@_13CGOKJPIL@?$AA?1@   0000000140019a4c     ws2_32:indef.obj
 0002:00004a64       eui48_broadcast            0000000140019a64     ws2_32:indef.obj
 0002:00004a6c       scopeid_unspecified        0000000140019a6c     ws2_32:indef.obj
 0002:00004a70       in4addr_any                0000000140019a70     ws2_32:indef.obj
 0002:00004a74       in4addr_loopback           0000000140019a74     ws2_32:indef.obj
 0002:00004a78       in4addr_broadcast          0000000140019a78     ws2_32:indef.obj
 0002:00004a7c       in4addr_allnodesonlink     0000000140019a7c     ws2_32:indef.obj
 0002:00004a80       in4addr_allroutersonlink   0000000140019a80     ws2_32:indef.obj
 0002:00004a84       in4addr_alligmpv3routersonlink 0000000140019a84     ws2_32:indef.obj
 0002:00004a88       in4addr_allteredohostsonlink 0000000140019a88     ws2_32:indef.obj
 0002:00004a8c       in4addr_linklocalprefix    0000000140019a8c     ws2_32:indef.obj
 0002:00004a90       in4addr_multicastprefix    0000000140019a90     ws2_32:indef.obj
 0002:00004a98       in6addr_any                0000000140019a98     ws2_32:indef.obj
 0002:00004ab0       in6addr_loopback           0000000140019ab0     ws2_32:indef.obj
 0002:00004ac8       in6addr_allnodesonnode     0000000140019ac8     ws2_32:indef.obj
 0002:00004ae0       in6addr_allnodesonlink     0000000140019ae0     ws2_32:indef.obj
 0002:00004af8       in6addr_allroutersonlink   0000000140019af8     ws2_32:indef.obj
 0002:00004b10       in6addr_allmldv2routersonlink 0000000140019b10     ws2_32:indef.obj
 0002:00004b28       in6addr_teredoinitiallinklocaladdress 0000000140019b28     ws2_32:indef.obj
 0002:00004b40       in6addr_linklocalprefix    0000000140019b40     ws2_32:indef.obj
 0002:00004b58       in6addr_multicastprefix    0000000140019b58     ws2_32:indef.obj
 0002:00004b70       in6addr_solicitednodemulticastprefix 0000000140019b70     ws2_32:indef.obj
 0002:00004b88       in6addr_v4mappedprefix     0000000140019b88     ws2_32:indef.obj
 0002:00004ba0       in6addr_6to4prefix         0000000140019ba0     ws2_32:indef.obj
 0002:00004bb8       in6addr_teredoprefix       0000000140019bb8     ws2_32:indef.obj
 0002:00004bd0       in6addr_teredoprefix_old   0000000140019bd0     ws2_32:indef.obj
 0002:00004be8       BUGCHECK_EFI_GUID          0000000140019be8     ws2_32:indef.obj
 0003:00000000       server_port                000000014001b000     dbg_.-remote.o
 0003:00000008       thisServerId               000000014001b008     dbg_.-remote.o
 0003:00000020       Providers                  000000014001b020     dbg_.-runtime.o
 0003:00000080       context                    000000014001b080     asm_dbg.o
 0003:000002e8       AddressFamilyInformation   000000014001b2e8     ws2_32:indef.obj
 0003:00000420       connections_lock           000000014001b420     dbg_.-api.o
 0003:00000428       connections_len            000000014001b428     dbg_.-api.o
 0003:00000430       pages_lock                 000000014001b430     dbg_.-api.o
 0003:00000438       pages_len                  000000014001b438     dbg_.-api.o
 0003:00000440       known_id_broadcasts        000000014001b440     dbg_.-api.o
 0003:00000460       known_page_broadcasts      000000014001b460     dbg_.-api.o
 0003:00000480       known_path_broadcasts      000000014001b480     dbg_.-api.o
 0003:000004a0       known_path_id_broadcasts   000000014001b4a0     dbg_.-api.o
 0003:000004c0       local_objects              000000014001b4c0     dbg_.-api.o
 0003:000004e0       known_objects              000000014001b4e0     dbg_.-api.o
 0003:00000500       query_requests             000000014001b500     dbg_.-api.o
 0003:00000520       push_requests              000000014001b520     dbg_.-api.o
 0003:00000540       known_hives                000000014001b540     dbg_.-api.o
 0003:00000560       connections                000000014001b560     dbg_.-api.o
 0003:00002560       pages                      000000014001d560     dbg_.-api.o
 0003:00003a70       SL_best_platform           000000014001ea70     dbg_.-gpu_subsystem.o
 0003:00003a74       SL_best_platform_value     000000014001ea74     dbg_.-gpu_subsystem.o
 0003:00003a78       SL_platforms_len           000000014001ea78     dbg_.-gpu_subsystem.o
 0003:00003a80       SL_platforms               000000014001ea80     dbg_.-gpu_subsystem.o
 0003:00003b00       SL_devices                 000000014001eb00     dbg_.-gpu_subsystem.o
 0003:00003f00       SL_devices_len             000000014001ef00     dbg_.-gpu_subsystem.o
 0003:00003f40       SL_main_platform           000000014001ef40     dbg_.-gpu_subsystem.o
 0003:00003f48       SL_context                 000000014001ef48     dbg_.-gpu_subsystem.o
 0003:00003f50       SL_queues                  000000014001ef50     dbg_.-gpu_subsystem.o
 0003:00004350       SL_queues_len              000000014001f350     dbg_.-gpu_subsystem.o
 0003:00004570       ServerIdGetLock            000000014001f570     dbg_.-remote.o
 0003:00004578       next_local_id              000000014001f578     dbg_.-remote.o
 0003:00004580       hIOCP                      000000014001f580     dbg_.-remote.o
 0003:00004f40       hHeap                      000000014001ff40     dbg_.-runtime_lib.o
 0003:00004f48       hInput                     000000014001ff48     dbg_.-runtime_lib.o
 0003:00004f50       buf                        000000014001ff50     dbg_.-runtime_lib.o
 0003:00005f50       hOutput                    0000000140020f50     dbg_.-runtime_lib.o
 0003:00005f58       frequency                  0000000140020f58     dbg_.-runtime_lib.o
 0003:000062a0       Workers                    00000001400212a0     dbg_.-runtime.o
 0003:00006c00       wait_list_lock             0000000140021c00     dbg_.-runtime.o
 0003:00006c08       wait_list_len              0000000140021c08     dbg_.-runtime.o
 0003:00006c10       queue_lock                 0000000140021c10     dbg_.-runtime.o
 0003:00006c18       queue_len                  0000000140021c18     dbg_.-runtime.o
 0003:00006c20       dwTlsIndex                 0000000140021c20     dbg_.-runtime.o
 0003:00006c30       wait_list                  0000000140021c30     dbg_.-runtime.o
 0003:000ca130       queue                      00000001400e5130     dbg_.-runtime.o
 0003:000dd9b8       defined_arrays             00000001400f89b8     dbg_.-runtime.o
 0003:00108b2d       ExPoolZeroingNativelySupported 0000000140123b2d     ws2_32:indef.obj
 0004:00000000       __imp_VirtualAlloc         0000000140124000     kernel32:KERNEL32.dll
 0004:00000008       __imp_TlsFree              0000000140124008     kernel32:KERNEL32.dll
 0004:00000010       __imp_TlsGetValue          0000000140124010     kernel32:KERNEL32.dll
 0004:00000018       __imp_AcquireSRWLockExclusive 0000000140124018     kernel32:KERNEL32.dll
 0004:00000020       __imp_ReleaseSRWLockExclusive 0000000140124020     kernel32:KERNEL32.dll
 0004:00000028       __imp_ExitProcess          0000000140124028     kernel32:KERNEL32.dll
 0004:00000030       __imp_AcquireSRWLockShared 0000000140124030     kernel32:KERNEL32.dll
 0004:00000038       __imp_ReleaseSRWLockShared 0000000140124038     kernel32:KERNEL32.dll
 0004:00000040       __imp_Sleep                0000000140124040     kernel32:KERNEL32.dll
 0004:00000048       __imp_CreateIoCompletionPort 0000000140124048     kernel32:KERNEL32.dll
 0004:00000050       __imp_GetLastError         0000000140124050     kernel32:KERNEL32.dll
 0004:00000058       __imp_FormatMessageW       0000000140124058     kernel32:KERNEL32.dll
 0004:00000060       __imp_CreateThread         0000000140124060     kernel32:KERNEL32.dll
 0004:00000068       __imp_TryAcquireSRWLockExclusive 0000000140124068     kernel32:KERNEL32.dll
 0004:00000070       __imp_GetQueuedCompletionStatus 0000000140124070     kernel32:KERNEL32.dll
 0004:00000078       __imp_HeapAlloc            0000000140124078     kernel32:KERNEL32.dll
 0004:00000080       __imp_MultiByteToWideChar  0000000140124080     kernel32:KERNEL32.dll
 0004:00000088       __imp_WriteConsoleW        0000000140124088     kernel32:KERNEL32.dll
 0004:00000090       __imp_HeapReAlloc          0000000140124090     kernel32:KERNEL32.dll
 0004:00000098       __imp_HeapFree             0000000140124098     kernel32:KERNEL32.dll
 0004:000000a0       __imp_GetConsoleMode       00000001401240a0     kernel32:KERNEL32.dll
 0004:000000a8       __imp_ReadConsoleW         00000001401240a8     kernel32:KERNEL32.dll
 0004:000000b0       __imp_ReadFile             00000001401240b0     kernel32:KERNEL32.dll
 0004:000000b8       __imp_QueryPerformanceCounter 00000001401240b8     kernel32:KERNEL32.dll
 0004:000000c0       __imp_QueryPerformanceFrequency 00000001401240c0     kernel32:KERNEL32.dll
 0004:000000c8       __imp_GetStdHandle         00000001401240c8     kernel32:KERNEL32.dll
 0004:000000d0       __imp_GetProcessHeap       00000001401240d0     kernel32:KERNEL32.dll
 0004:000000d8       __imp_GetCommandLineW      00000001401240d8     kernel32:KERNEL32.dll
 0004:000000e0       __imp_LoadLibraryA         00000001401240e0     kernel32:KERNEL32.dll
 0004:000000e8       __imp_GetProcAddress       00000001401240e8     kernel32:KERNEL32.dll
 0004:000000f0       __imp_TlsSetValue          00000001401240f0     kernel32:KERNEL32.dll
 0004:000000f8       __imp_TlsAlloc             00000001401240f8     kernel32:KERNEL32.dll
 0004:00000100       __imp_CreateFileW          0000000140124100     kernel32:KERNEL32.dll
 0004:00000108       __imp_GetFileSizeEx        0000000140124108     kernel32:KERNEL32.dll
 0004:00000110       __imp_CloseHandle          0000000140124110     kernel32:KERNEL32.dll
 0004:00000118       __imp_WaitForMultipleObjects 0000000140124118     kernel32:KERNEL32.dll
 0004:00000120       \177KERNEL32_NULL_THUNK_DATA 0000000140124120     kernel32:KERNEL32.dll
 0004:000001b0       __imp_clFinish             00000001401241b0     OpenCL:OpenCL.dll
 0004:000001b8       __imp_clSetKernelArg       00000001401241b8     OpenCL:OpenCL.dll
 0004:000001c0       __imp_clCreateBuffer       00000001401241c0     OpenCL:OpenCL.dll
 0004:000001c8       __imp_clCreateKernel       00000001401241c8     OpenCL:OpenCL.dll
 0004:000001d0       __imp_clGetProgramBuildInfo 00000001401241d0     OpenCL:OpenCL.dll
 0004:000001d8       __imp_clBuildProgram       00000001401241d8     OpenCL:OpenCL.dll
 0004:000001e0       __imp_clCreateProgramWithSource 00000001401241e0     OpenCL:OpenCL.dll
 0004:000001e8       __imp_clCreateCommandQueueWithProperties 00000001401241e8     OpenCL:OpenCL.dll
 0004:000001f0       __imp_clCreateContext      00000001401241f0     OpenCL:OpenCL.dll
 0004:000001f8       __imp_clGetDeviceInfo      00000001401241f8     OpenCL:OpenCL.dll
 0004:00000200       __imp_clGetDeviceIDs       0000000140124200     OpenCL:OpenCL.dll
 0004:00000208       __imp_clGetPlatformInfo    0000000140124208     OpenCL:OpenCL.dll
 0004:00000210       __imp_clGetPlatformIDs     0000000140124210     OpenCL:OpenCL.dll
 0004:00000218       __imp_clEnqueueWriteBuffer 0000000140124218     OpenCL:OpenCL.dll
 0004:00000220       __imp_clEnqueueReadBuffer  0000000140124220     OpenCL:OpenCL.dll
 0004:00000228       __imp_clEnqueueNDRangeKernel 0000000140124228     OpenCL:OpenCL.dll
 0004:00000230       __imp_clGetKernelArgInfo   0000000140124230     OpenCL:OpenCL.dll
 0004:00000238       \177OpenCL_NULL_THUNK_DATA 0000000140124238     OpenCL:OpenCL.dll
 0004:000002a8       __imp_CommandLineToArgvW   00000001401242a8     shell32:SHELL32.dll
 0004:000002b0       \177SHELL32_NULL_THUNK_DATA 00000001401242b0     shell32:SHELL32.dll
 0004:00000308       __imp_accept               0000000140124308     ws2_32:WS2_32.dll
 0004:00000310       __imp_listen               0000000140124310     ws2_32:WS2_32.dll
 0004:00000318       __imp_bind                 0000000140124318     ws2_32:WS2_32.dll
 0004:00000320       __imp_htons                0000000140124320     ws2_32:WS2_32.dll
 0004:00000328       __imp_setsockopt           0000000140124328     ws2_32:WS2_32.dll
 0004:00000330       __imp_WSAStartup           0000000140124330     ws2_32:WS2_32.dll
 0004:00000338       __imp_freeaddrinfo         0000000140124338     ws2_32:WS2_32.dll
 0004:00000340       __imp_getaddrinfo          0000000140124340     ws2_32:WS2_32.dll
 0004:00000348       __imp_closesocket          0000000140124348     ws2_32:WS2_32.dll
 0004:00000350       __imp_connect              0000000140124350     ws2_32:WS2_32.dll
 0004:00000358       __imp_socket               0000000140124358     ws2_32:WS2_32.dll
 0004:00000360       __imp_send                 0000000140124360     ws2_32:WS2_32.dll
 0004:00000368       __imp_WSARecv              0000000140124368     ws2_32:WS2_32.dll
 0004:00000370       __imp_ntohs                0000000140124370     ws2_32:WS2_32.dll
 0004:00000378       __imp_inet_ntop            0000000140124378     ws2_32:WS2_32.dll
 0004:00000380       __imp_getpeername          0000000140124380     ws2_32:WS2_32.dll
 0004:00000388       __imp_getsockname          0000000140124388     ws2_32:WS2_32.dll
 0004:00000390       \177WS2_32_NULL_THUNK_DATA 0000000140124390     ws2_32:WS2_32.dll
 0004:00000400       __imp_BCryptGenRandom      0000000140124400     bcrypt:bcrypt.dll
 0004:00000408       \177bcrypt_NULL_THUNK_DATA 0000000140124408     bcrypt:bcrypt.dll
 0004:00000460       __IMPORT_DESCRIPTOR_SHELL32 0000000140124460     shell32:SHELL32.dll
 0004:00000474       __IMPORT_DESCRIPTOR_KERNEL32 0000000140124474     kernel32:KERNEL32.dll
 0004:00000488       __IMPORT_DESCRIPTOR_bcrypt 0000000140124488     bcrypt:bcrypt.dll
 0004:0000049c       __IMPORT_DESCRIPTOR_WS2_32 000000014012449c     ws2_32:WS2_32.dll
 0004:000004b0       __IMPORT_DESCRIPTOR_OpenCL 00000001401244b0     OpenCL:OpenCL.dll
 0004:000004c4       __NULL_IMPORT_DESCRIPTOR   00000001401244c4     shell32:SHELL32.dll

 entry point at        0001:00000014

 Static symbols

 0000:ffedb000       .debug$S                   0000000140000000     bcrypt:bcrypt.dll
 0000:ffedb000       .debug$S                   0000000140000000     kernel32:KERNEL32.dll
 0000:ffedb000       .debug$S                   0000000140000000     kernel32:KERNEL32.dll
 0000:ffedb000       .debug$S                   0000000140000000     kernel32:KERNEL32.dll
 0000:ffedb000       .debug$S                   0000000140000000     kernel32:KERNEL32.dll
 0000:ffedb000       .debug$S                   0000000140000000     kernel32:KERNEL32.dll
 0000:ffedb000       .debug$S                   0000000140000000     kernel32:KERNEL32.dll
 0000:ffedb000       .debug$S                   0000000140000000     kernel32:KERNEL32.dll
 0000:ffedb000       .debug$S                   0000000140000000     kernel32:KERNEL32.dll
 0000:ffedb000       .debug$S                   0000000140000000     kernel32:KERNEL32.dll
 0000:ffedb000       .debug$S                   0000000140000000     kernel32:KERNEL32.dll
 0000:ffedb000       .debug$S                   0000000140000000     kernel32:KERNEL32.dll
 0000:ffedb000       .debug$S                   0000000140000000     kernel32:KERNEL32.dll
 0000:ffedb000       .debug$S                   0000000140000000     kernel32:KERNEL32.dll
 0000:ffedb000       .debug$S                   0000000140000000     kernel32:KERNEL32.dll
 0000:ffedb000       .debug$S                   0000000140000000     kernel32:KERNEL32.dll
 0000:ffedb000       .debug$S                   0000000140000000     kernel32:KERNEL32.dll
 0000:ffedb000       .debug$S                   0000000140000000     kernel32:KERNEL32.dll
 0000:ffedb000       .debug$S                   0000000140000000     kernel32:KERNEL32.dll
 0000:ffedb000       .debug$S                   0000000140000000     kernel32:KERNEL32.dll
 0000:ffedb000       .debug$S                   0000000140000000     kernel32:KERNEL32.dll
 0000:ffedb000       .debug$S                   0000000140000000     kernel32:KERNEL32.dll
 0000:ffedb000       .debug$S                   0000000140000000     kernel32:KERNEL32.dll
 0000:ffedb000       .debug$S                   0000000140000000     kernel32:KERNEL32.dll
 0000:ffedb000       .debug$S                   0000000140000000     kernel32:KERNEL32.dll
 0000:ffedb000       .debug$S                   0000000140000000     kernel32:KERNEL32.dll
 0000:ffedb000       .debug$S                   0000000140000000     kernel32:KERNEL32.dll
 0000:ffedb000       .debug$S                   0000000140000000     kernel32:KERNEL32.dll
 0000:ffedb000       .debug$S                   0000000140000000     kernel32:KERNEL32.dll
 0000:ffedb000       .debug$S                   0000000140000000     kernel32:KERNEL32.dll
 0000:ffedb000       .debug$S                   0000000140000000     kernel32:KERNEL32.dll
 0000:ffedb000       .debug$S                   0000000140000000     kernel32:KERNEL32.dll
 0000:ffedb000       .debug$S                   0000000140000000     kernel32:KERNEL32.dll
 0000:ffedb000       .debug$S                   0000000140000000     kernel32:KERNEL32.dll
 0000:ffedb000       .debug$S                   0000000140000000     kernel32:KERNEL32.dll
 0000:ffedb000       .debug$S                   0000000140000000     kernel32:KERNEL32.dll
 0000:ffedb000       .debug$S                   0000000140000000     kernel32:KERNEL32.dll
 0000:ffedb000       .debug$S                   0000000140000000     shell32:SHELL32.dll
 0000:ffedb000       .debug$S                   0000000140000000     ws2_32:WS2_32.dll
 0000:ffedb000       .debug$S                   0000000140000000     ws2_32:WS2_32.dll
 0000:ffedb000       .debug$S                   0000000140000000     ws2_32:WS2_32.dll
 0000:ffedb000       .debug$S                   0000000140000000     ws2_32:WS2_32.dll
 0000:ffedb000       .debug$S                   0000000140000000     ws2_32:WS2_32.dll
 0000:ffedb000       .debug$S                   0000000140000000     ws2_32:WS2_32.dll
 0000:ffedb000       .debug$S                   0000000140000000     ws2_32:WS2_32.dll
 0000:ffedb000       .debug$S                   0000000140000000     ws2_32:WS2_32.dll
 0000:ffedb000       .debug$S                   0000000140000000     ws2_32:WS2_32.dll
 0000:ffedb000       .debug$S                   0000000140000000     ws2_32:WS2_32.dll
 0000:ffedb000       .debug$S                   0000000140000000     ws2_32:WS2_32.dll
 0000:ffedb000       .debug$S                   0000000140000000     ws2_32:WS2_32.dll
 0000:ffedb000       .debug$S                   0000000140000000     ws2_32:WS2_32.dll
 0000:ffedb000       .debug$S                   0000000140000000     ws2_32:WS2_32.dll
 0000:ffedb000       .debug$S                   0000000140000000     ws2_32:WS2_32.dll
 0000:ffedb000       .debug$S                   0000000140000000     ws2_32:WS2_32.dll
 0000:ffedb000       .debug$S                   0000000140000000     ws2_32:WS2_32.dll
 0000:ffedb000       .debug$S                   0000000140000000     OpenCL:OpenCL.dll
 0000:ffedb000       .debug$S                   0000000140000000     OpenCL:OpenCL.dll
 0000:ffedb000       .debug$S                   0000000140000000     OpenCL:OpenCL.dll
 0000:ffedb000       .debug$S                   0000000140000000     OpenCL:OpenCL.dll
 0000:ffedb000       .debug$S                   0000000140000000     OpenCL:OpenCL.dll
 0000:ffedb000       .debug$S                   0000000140000000     OpenCL:OpenCL.dll
 0000:ffedb000       .debug$S                   0000000140000000     OpenCL:OpenCL.dll
 0000:ffedb000       .debug$S                   0000000140000000     OpenCL:OpenCL.dll
 0000:ffedb000       .debug$S                   0000000140000000     OpenCL:OpenCL.dll
 0000:ffedb000       .debug$S                   0000000140000000     OpenCL:OpenCL.dll
 0000:ffedb000       .debug$S                   0000000140000000     OpenCL:OpenCL.dll
 0000:ffedb000       .debug$S                   0000000140000000     OpenCL:OpenCL.dll
 0000:ffedb000       .debug$S                   0000000140000000     OpenCL:OpenCL.dll
 0000:ffedb000       .debug$S                   0000000140000000     OpenCL:OpenCL.dll
 0000:ffedb000       .debug$S                   0000000140000000     OpenCL:OpenCL.dll
 0000:ffedb000       .debug$S                   0000000140000000     OpenCL:OpenCL.dll
 0000:ffedb000       .debug$S                   0000000140000000     OpenCL:OpenCL.dll
 0001:000028c0       GetKnownHiveHash           00000001400038c0 f   dbg_.-api.o
 0001:00009bd0       Worker                     000000014000abd0 f   dbg_.-remote.o
 0001:0000a170       ConnectionListnerWorker    000000014000b170 f   dbg_.-remote.o
 0001:0000a340       PagesAllocator             000000014000b340 f   dbg_.-remote.o
 0001:0000a410       StateSender                000000014000b410 f   dbg_.-remote.o
 0001:0000a430       HandleApiCall              000000014000b430 f   dbg_.-remote.o
 0001:0001106c       .text                      000000014001206c     asm_dbg.o
 0002:00004a50       BFE_GENERIC_MAPPING        0000000140019a50     ws2_32:indef.obj
 0002:00004c00       IPSEC_AUTH_TRANSFORM_ID_HMAC_MD5_96 0000000140019c00     ws2_32:indef.obj
 0002:00004c10       IPSEC_AUTH_TRANSFORM_ID_HMAC_SHA_1_96 0000000140019c10     ws2_32:indef.obj
 0002:00004c20       IPSEC_AUTH_TRANSFORM_ID_HMAC_SHA_256_128 0000000140019c20     ws2_32:indef.obj
 0002:00004c30       IPSEC_AUTH_TRANSFORM_ID_GCM_AES_128 0000000140019c30     ws2_32:indef.obj
 0002:00004c40       IPSEC_AUTH_TRANSFORM_ID_GCM_AES_192 0000000140019c40     ws2_32:indef.obj
 0002:00004c50       IPSEC_AUTH_TRANSFORM_ID_GCM_AES_256 0000000140019c50     ws2_32:indef.obj
 0002:00004c60       IPSEC_CIPHER_TRANSFORM_ID_CBC_DES 0000000140019c60     ws2_32:indef.obj
 0002:00004c70       IPSEC_CIPHER_TRANSFORM_ID_CBC_3DES 0000000140019c70     ws2_32:indef.obj
 0002:00004c80       IPSEC_CIPHER_TRANSFORM_ID_AES_128 0000000140019c80     ws2_32:indef.obj
 0002:00004c90       IPSEC_CIPHER_TRANSFORM_ID_AES_192 0000000140019c90     ws2_32:indef.obj
 0002:00004ca0       IPSEC_CIPHER_TRANSFORM_ID_AES_256 0000000140019ca0     ws2_32:indef.obj
 0002:00004cb0       IPSEC_CIPHER_TRANSFORM_ID_GCM_AES_128 0000000140019cb0     ws2_32:indef.obj
 0002:00004cc0       IPSEC_CIPHER_TRANSFORM_ID_GCM_AES_192 0000000140019cc0     ws2_32:indef.obj
 0002:00004cd0       IPSEC_CIPHER_TRANSFORM_ID_GCM_AES_256 0000000140019cd0     ws2_32:indef.obj
 0003:00000080       .data                      000000014001b080     asm_dbg.o
 0003:00004590       gai_strerrorW.buff         000000014001f590     dbg_.-remote.o
 0003:000dd9b0       UpdateWaitingWorkers.xt    00000001400f89b0     dbg_.-runtime.o
 0003:00108b2c       WFP_TRACE_NULL_DATA        0000000140123b2c     ws2_32:indef.obj
 0004:0000094e       .idata$6                   000000014012494e     shell32:SHELL32.dll
 0004:00000be8       .idata$6                   0000000140124be8     kernel32:KERNEL32.dll
 0004:00000c08       .idata$6                   0000000140124c08     bcrypt:bcrypt.dll
 0004:00000c48       .idata$6                   0000000140124c48     ws2_32:WS2_32.dll
 0004:00000dbe       .idata$6                   0000000140124dbe     OpenCL:OpenCL.dll
