 d

 Timestamp is 697fea65 (Mon Feb  2 03:05:57 2026)

 Preferred load address is 0000000140000000

 Start         Length     Name                   Class
 0001:00000000 0000ddc8H .text                   CODE
 0001:0000ddc8 00001195H .text$mn                CODE
 0002:00000000 00003ab0H .rdata                  DATA
 0002:00003aae 00000000H .edata                  DATA
 0002:00003ab0 00000164H .rdata$zzzdbg           DATA
 0003:00000000 00000430H .data                   DATA
 0003:00000430 00107bf6H .bss                    DATA
 0004:00000000 00000360H .idata$5                DATA
 0004:00000360 00000050H .idata$2                DATA
 0004:000003b0 00000018H .idata$3                DATA
 0004:000003c8 00000360H .idata$4                DATA
 0004:00000728 0000045cH .idata$6                DATA

  Address         Publics by Value              Rva+Base               Lib:Object

 0000:00000000       __AbsoluteZero             0000000000000000     <absolute>
 0000:00000000       ___safe_se_handler_count   0000000000000000     <absolute>
 0000:00000000       ___safe_se_handler_table   0000000000000000     <absolute>
 0000:00000000       __arm64x_extra_rfe_table   0000000000000000     <absolute>
 0000:00000000       __arm64x_extra_rfe_table_size 0000000000000000     <absolute>
 0000:00000000       __arm64x_native_entrypoint 0000000000000000     <absolute>
 0000:00000000       __arm64x_redirection_metadata 0000000000000000     <absolute>
 0000:00000000       __arm64x_redirection_metadata_count 0000000000000000     <absolute>
 0000:00000000       __dynamic_value_reloc_table 0000000000000000     <absolute>
 0000:00000000       __enclave_config           0000000000000000     <absolute>
 0000:00000000       __guard_check_icall_a64n_fptr 0000000000000000     <absolute>
 0000:00000000       __guard_eh_cont_count      0000000000000000     <absolute>
 0000:00000000       __guard_eh_cont_table      0000000000000000     <absolute>
 0000:00000000       __guard_fids_count         0000000000000000     <absolute>
 0000:00000000       __guard_fids_table         0000000000000000     <absolute>
 0000:00000000       __guard_iat_count          0000000000000000     <absolute>
 0000:00000000       __guard_iat_table          0000000000000000     <absolute>
 0000:00000000       __guard_longjmp_count      0000000000000000     <absolute>
 0000:00000000       __guard_longjmp_table      0000000000000000     <absolute>
 0000:00000000       __hybrid_auxiliary_delayload_iat 0000000000000000     <absolute>
 0000:00000000       __hybrid_auxiliary_delayload_iat_copy 0000000000000000     <absolute>
 0000:00000000       __hybrid_auxiliary_iat     0000000000000000     <absolute>
 0000:00000000       __hybrid_auxiliary_iat_copy 0000000000000000     <absolute>
 0000:00000000       __hybrid_code_map          0000000000000000     <absolute>
 0000:00000000       __hybrid_code_map_count    0000000000000000     <absolute>
 0000:00000000       __hybrid_image_info_bitfield 0000000000000000     <absolute>
 0000:00000000       __volatile_metadata        0000000000000000     <absolute>
 0000:00000000       __x64_code_ranges_to_entry_points 0000000000000000     <absolute>
 0000:00000000       __x64_code_ranges_to_entry_points_count 0000000000000000     <absolute>
 0000:00000100       __guard_flags              0000000000000100     <absolute>
 0001:00000380       gpuPauseWorker             0000000140001380 f   dbg_.-gpu-await_worker.o
 0001:000003b0       gpuUpdateWaitingWorker     00000001400013b0 f   dbg_.-gpu-await_worker.o
 0001:000003f0       gpuCallObject              00000001400013f0 f   dbg_.-gpu-call_object.o
 0001:000004f0       gpuExecuteWorker           00000001400014f0 f   dbg_.-gpu-execute_worker.o
 0001:00000520       gpuNewObjectUsingPage      0000000140001520 f   dbg_.-gpu-new_object.o
 0001:00000770       gpuNewObject               0000000140001770 f   dbg_.-gpu-new_object.o
 0001:00000940       gpuPushObject              0000000140001940 f   dbg_.-gpu-push_object.o
 0001:00000980       gpuPushPipe                0000000140001980 f   dbg_.-gpu-push_object.o
 0001:000009d0       gpuQueryObject             00000001400019d0 f   dbg_.-gpu-query_object.o
 0001:00000a10       gpuQueryPipe               0000000140001a10 f   dbg_.-gpu-query_object.o
 0001:00000a70       x64PauseWorker             0000000140001a70 f   dbg_.-x64-await_worker.o
 0001:00000b30       x64UpdateWaitingWorker     0000000140001b30 f   dbg_.-x64-await_worker.o
 0001:00000f10       x64CallObject              0000000140001f10 f   dbg_.-x64-call_object.o
 0001:00001010       x64ExecuteWorker           0000000140002010 f   dbg_.-x64-execute_worker.o
 0001:00001070       x64NewObjectUsingPage      0000000140002070 f   dbg_.-x64-new_object.o
 0001:000014e0       x64NewObject               00000001400024e0 f   dbg_.-x64-new_object.o
 0001:00001730       x64UpdateLocalPush         0000000140002730 f   dbg_.-x64-push_object.o
 0001:00001820       x64PushObject              0000000140002820 f   dbg_.-x64-push_object.o
 0001:00001a90       x64PushPipe                0000000140002a90 f   dbg_.-x64-push_object.o
 0001:00001bc0       x64QueryLocalObject        0000000140002bc0 f   dbg_.-x64-query_object.o
 0001:00001d20       x64QueryObject             0000000140002d20 f   dbg_.-x64-query_object.o
 0001:00001f30       x64QueryPipe               0000000140002f30 f   dbg_.-x64-query_object.o
 0001:00002060       equal_bytes                0000000140003060 f   dbg_.-api.o
 0001:000020f0       GetHashtableNoLock         00000001400030f0 f   dbg_.-api.o
 0001:00002220       SetHashtableNoLock         0000000140003220 f   dbg_.-api.o
 0001:00002520       GetHashtable               0000000140003520 f   dbg_.-api.o
 0001:00002580       SetHashtable               0000000140003580 f   dbg_.-api.o
 0001:000025d0       InitInternalStructures     00000001400035d0 f   dbg_.-api.o
 0001:00002b40       anyCastProvider            0000000140003b40 f   dbg_.-cast_provider.o
 0001:00002c10       StartInitialProcess        0000000140003c10 f   dbg_.-hive_entry.o
 0001:00002eb0       GetConnectionById          0000000140003eb0 f   dbg_.-remote.o
 0001:00002f40       DumpConnections            0000000140003f40 f   dbg_.-remote.o
 0001:00003290       ConfirmPage                0000000140004290 f   dbg_.-remote.o
 0001:00003330       ConfirmID                  0000000140004330 f   dbg_.-remote.o
 0001:00003380       HandleNewConnection        0000000140004380 f   dbg_.-remote.o
 0001:00003560       UpdateWaitingPush          0000000140004560 f   dbg_.-remote.o
 0001:000037e0       AnswerPushObject           00000001400047e0 f   dbg_.-remote.o
 0001:000038c0       SendPageAllocationConfirm  00000001400048c0 f   dbg_.-remote.o
 0001:00003950       SendIDConfirm              0000000140004950 f   dbg_.-remote.o
 0001:000039e0       RedirectBroadcastQuery     00000001400049e0 f   dbg_.-remote.o
 0001:00003b60       RedirectBroadcastIDQuery   0000000140004b60 f   dbg_.-remote.o
 0001:00003ce0       ConfirmConnection          0000000140004ce0 f   dbg_.-remote.o
 0001:00003e90       InitiateConnection         0000000140004e90 f   dbg_.-remote.o
 0001:00004200       RequestMemoryPage          0000000140005200 f   dbg_.-remote.o
 0001:00004310       RequestServerId            0000000140005310 f   dbg_.-remote.o
 0001:00004420       AnswerQueryObject          0000000140005420 f   dbg_.-remote.o
 0001:00004560       AnswerRequestObjectPath    0000000140005560 f   dbg_.-remote.o
 0001:000046a0       RequestObjectPathBroadcast 00000001400056a0 f   dbg_.-remote.o
 0001:000048c0       AnswerRequestPathToID      00000001400058c0 f   dbg_.-remote.o
 0001:00004a00       RequestPathToIDBroadcast   0000000140005a00 f   dbg_.-remote.o
 0001:00004c20       RequestObjectGet           0000000140005c20 f   dbg_.-remote.o
 0001:00004d40       RequestObjectSet           0000000140005d40 f   dbg_.-remote.o
 0001:00004f40       StartNewWorkerRemote       0000000140005f40 f   dbg_.-remote.o
 0001:00005070       SendHiveState              0000000140006070 f   dbg_.-remote.o
 0001:00005230       start_remote_subsystem     0000000140006230 f   dbg_.-remote.o
 0001:00008e50       gai_strerrorW              0000000140009e50 f i dbg_.-remote.o
 0001:00008eb0       memset                     0000000140009eb0 f   dbg_.-runtime_lib.o
 0001:00008f10       memcpy                     0000000140009f10 f   dbg_.-runtime_lib.o
 0001:00008f80       myMalloc                   0000000140009f80 f   dbg_.-runtime_lib.o
 0001:00008fd0       myPrintf                   0000000140009fd0 f   dbg_.-runtime_lib.o
 0001:00009300       myFree                     000000014000a300 f   dbg_.-runtime_lib.o
 0001:00009340       myAtoll                    000000014000a340 f   dbg_.-runtime_lib.o
 0001:00009480       get_char                   000000014000a480 f   dbg_.-runtime_lib.o
 0001:00009560       myScanI64                  000000014000a560 f   dbg_.-runtime_lib.o
 0001:000095f0       myScanS                    000000014000a5f0 f   dbg_.-runtime_lib.o
 0001:000096f0       PrintI64                   000000014000a6f0 f   dbg_.-runtime_lib.o
 0001:000097c0       PrintI64H                  000000014000a7c0 f   dbg_.-runtime_lib.o
 0001:00009860       Print2H                    000000014000a860 f   dbg_.-runtime_lib.o
 0001:00009900       assertion_failure          000000014000a900 f   dbg_.-runtime_lib.o
 0001:00009950       myAbs                      000000014000a950 f   dbg_.-runtime_lib.o
 0001:00009980       MicrosecondsToTicks        000000014000a980 f   dbg_.-runtime_lib.o
 0001:000099a0       TicksToMicroseconds        000000014000a9a0 f   dbg_.-runtime_lib.o
 0001:000099c0       GetTicks                   000000014000a9c0 f   dbg_.-runtime_lib.o
 0001:000099e0       SheduleTimeoutFromNow      000000014000a9e0 f   dbg_.-runtime_lib.o
 0001:00009a20       init_lib                   000000014000aa20 f   dbg_.-runtime_lib.o
 0001:00009d60       RegisterObjectWithId       000000014000ad60 f   dbg_.-runtime.o
 0001:00009d90       GetNewObjectId             000000014000ad90 f   dbg_.-runtime.o
 0001:00009e80       universalUpdateLocalPush   000000014000ae80 f   dbg_.-runtime.o
 0001:00009ee0       UpdateFromQueryResult      000000014000aee0 f   dbg_.-runtime.o
 0001:00009f60       PrintObject                000000014000af60 f   dbg_.-runtime.o
 0001:0000a160       WaitListWorker             000000014000b160 f   dbg_.-runtime.o
 0001:0000a260       EnqueueWorkerFromWaitList  000000014000b260 f   dbg_.-runtime.o
 0001:0000a2f0       EnqueueWorker              000000014000b2f0 f   dbg_.-runtime.o
 0001:0000a360       UpdateWaitingWorkers       000000014000b360 f   dbg_.-runtime.o
 0001:0000a490       SheduleWorker              000000014000b490 f   dbg_.-runtime.o
 0001:0000a640       StartNewWorker             000000014000b640 f   dbg_.-runtime.o
 0001:0000a980       LoadWorker                 000000014000b980 f   dbg_.-runtime.o
 0001:0000b800       ShedulerInstance           000000014000c800 f   dbg_.-runtime.o
 0001:0000b860       entry                      000000014000c860 f   dbg_.-runtime.o
 0001:0000c5d0       x64_fastPushObject         000000014000d5d0     asm_dbg.o
 0001:0000c64c       x64_fastQueryObject        000000014000d64c     asm_dbg.o
 0001:0000c6c8       x64_fastNewObject          000000014000d6c8     asm_dbg.o
 0001:0000c744       x64_fastCallObject         000000014000d744     asm_dbg.o
 0001:0000c7c0       x64_fastPushPipe           000000014000d7c0     asm_dbg.o
 0001:0000c83c       x64_fastQueryPipe          000000014000d83c     asm_dbg.o
 0001:0000c8b8       gpu_fastNewObject          000000014000d8b8     asm_dbg.o
 0001:0000c934       gpu_fastCallObject         000000014000d934     asm_dbg.o
 0001:0000c9b0       any_fastCastProvider       000000014000d9b0     asm_dbg.o
 0001:0000ca2c       x64AsmExecuteWorker        000000014000da2c     asm_dbg.o
 0001:0000ca73       setjmpUN                   000000014000da73     asm_dbg.o
 0001:0000caa6       longjmpUN                  000000014000daa6     asm_dbg.o
 0001:0000cacf       DllCall                    000000014000dacf     asm_dbg.o
 0001:0000ddc8       CommandLineToArgvW         000000014000edc8 f   shell32:SHELL32.dll
 0001:0000ddce       ExitProcess                000000014000edce f   kernel32:KERNEL32.dll
 0001:0000ddd4       TlsGetValue                000000014000edd4 f   kernel32:KERNEL32.dll
 0001:0000ddda       AcquireSRWLockShared       000000014000edda f   kernel32:KERNEL32.dll
 0001:0000dde0       ReleaseSRWLockShared       000000014000ede0 f   kernel32:KERNEL32.dll
 0001:0000dde6       AcquireSRWLockExclusive    000000014000ede6 f   kernel32:KERNEL32.dll
 0001:0000ddec       ReleaseSRWLockExclusive    000000014000edec f   kernel32:KERNEL32.dll
 0001:0000ddf2       Sleep                      000000014000edf2 f   kernel32:KERNEL32.dll
 0001:0000ddf8       CreateIoCompletionPort     000000014000edf8 f   kernel32:KERNEL32.dll
 0001:0000ddfe       GetLastError               000000014000edfe f   kernel32:KERNEL32.dll
 0001:0000de04       FormatMessageW             000000014000ee04 f   kernel32:KERNEL32.dll
 0001:0000de0a       CreateThread               000000014000ee0a f   kernel32:KERNEL32.dll
 0001:0000de10       TryAcquireSRWLockExclusive 000000014000ee10 f   kernel32:KERNEL32.dll
 0001:0000de16       GetQueuedCompletionStatus  000000014000ee16 f   kernel32:KERNEL32.dll
 0001:0000de1c       HeapAlloc                  000000014000ee1c f   kernel32:KERNEL32.dll
 0001:0000de22       MultiByteToWideChar        000000014000ee22 f   kernel32:KERNEL32.dll
 0001:0000de28       WriteConsoleW              000000014000ee28 f   kernel32:KERNEL32.dll
 0001:0000de2e       HeapFree                   000000014000ee2e f   kernel32:KERNEL32.dll
 0001:0000de34       GetConsoleMode             000000014000ee34 f   kernel32:KERNEL32.dll
 0001:0000de3a       ReadConsoleW               000000014000ee3a f   kernel32:KERNEL32.dll
 0001:0000de40       ReadFile                   000000014000ee40 f   kernel32:KERNEL32.dll
 0001:0000de46       QueryPerformanceCounter    000000014000ee46 f   kernel32:KERNEL32.dll
 0001:0000de4c       QueryPerformanceFrequency  000000014000ee4c f   kernel32:KERNEL32.dll
 0001:0000de52       GetStdHandle               000000014000ee52 f   kernel32:KERNEL32.dll
 0001:0000de58       GetProcessHeap             000000014000ee58 f   kernel32:KERNEL32.dll
 0001:0000de5e       VirtualAlloc               000000014000ee5e f   kernel32:KERNEL32.dll
 0001:0000de64       LoadLibraryA               000000014000ee64 f   kernel32:KERNEL32.dll
 0001:0000de6a       GetProcAddress             000000014000ee6a f   kernel32:KERNEL32.dll
 0001:0000de70       TlsSetValue                000000014000ee70 f   kernel32:KERNEL32.dll
 0001:0000de76       TlsAlloc                   000000014000ee76 f   kernel32:KERNEL32.dll
 0001:0000de7c       CreateFileW                000000014000ee7c f   kernel32:KERNEL32.dll
 0001:0000de82       GetFileSizeEx              000000014000ee82 f   kernel32:KERNEL32.dll
 0001:0000de88       CloseHandle                000000014000ee88 f   kernel32:KERNEL32.dll
 0001:0000de8e       GetCommandLineW            000000014000ee8e f   kernel32:KERNEL32.dll
 0001:0000de94       WaitForMultipleObjects     000000014000ee94 f   kernel32:KERNEL32.dll
 0001:0000de9a       TlsFree                    000000014000ee9a f   kernel32:KERNEL32.dll
 0001:0000dea0       BCryptGenRandom            000000014000eea0 f   bcrypt:bcrypt.dll
 0001:0000dea6       getpeername                000000014000eea6 f   ws2_32:WS2_32.dll
 0001:0000deac       inet_ntop                  000000014000eeac f   ws2_32:WS2_32.dll
 0001:0000deb2       ntohs                      000000014000eeb2 f   ws2_32:WS2_32.dll
 0001:0000deb8       WSARecv                    000000014000eeb8 f   ws2_32:WS2_32.dll
 0001:0000debe       send                       000000014000eebe f   ws2_32:WS2_32.dll
 0001:0000dec4       socket                     000000014000eec4 f   ws2_32:WS2_32.dll
 0001:0000deca       connect                    000000014000eeca f   ws2_32:WS2_32.dll
 0001:0000ded0       closesocket                000000014000eed0 f   ws2_32:WS2_32.dll
 0001:0000ded6       getaddrinfo                000000014000eed6 f   ws2_32:WS2_32.dll
 0001:0000dedc       freeaddrinfo               000000014000eedc f   ws2_32:WS2_32.dll
 0001:0000dee2       WSAStartup                 000000014000eee2 f   ws2_32:WS2_32.dll
 0001:0000dee8       setsockopt                 000000014000eee8 f   ws2_32:WS2_32.dll
 0001:0000deee       htons                      000000014000eeee f   ws2_32:WS2_32.dll
 0001:0000def4       bind                       000000014000eef4 f   ws2_32:WS2_32.dll
 0001:0000defa       getsockname                000000014000eefa f   ws2_32:WS2_32.dll
 0001:0000df00       listen                     000000014000ef00 f   ws2_32:WS2_32.dll
 0001:0000df06       accept                     000000014000ef06 f   ws2_32:WS2_32.dll
 0002:00000000       ??_C@_1HK@BLBAJGNG@?$AAE?$AAR?$AAR?$AAO?$AAR?$AA?3?$AA?5?$AAI?$AAt?$AA?5?$AAi?$AAs?$AA?5?$AAi?$AAm?$AAp?$AAo?$AAs?$AAs?$AAi?$AAb?$AAl?$AAe?$AA?5?$AAt?$AAo?$AA?5?$AAp?$AAa?$AAu?$AAs?$AAe@ 0000000140010000     dbg_.-gpu-await_worker.o
 0002:00000092       ??_C@_1DO@EDCANOCF@?$AAE?$AAR?$AAR?$AAO?$AAR?$AA?3?$AA?5?$AAG?$AAP?$AAU?$AA?5?$AAw?$AAo?$AAr?$AAk?$AAe?$AAr?$AAs?$AA?5?$AAc?$AAa?$AAn?$AA?8?$AAt?$AA?5?$AAw?$AAa?$AAi?$AAt?$AA?6?$AA?$AA@ 0000000140010092     dbg_.-gpu-await_worker.o
 0002:000000dc       ??_C@_1FC@NMNADHLK@?$AAC?$AAa?$AAl?$AAl?$AAi?$AAn?$AAg?$AA?5?$AAw?$AAo?$AAr?$AAk?$AAe?$AAr?$AA?5?$AA?$CF?$AAl?$AAl?$AAd?$AA?5?$AA?$FL?$AAd?$AAa?$AAt?$AAa?$AA?$DN?$AA?$CF?$AAp?$AA?0?$AA?5?$AAm?$AAo@ 00000001400100dc     dbg_.-gpu-call_object.o
 0002:0000013e       ??_C@_1BC@GMOKLPI@?$AAT?$AAa?$AAb?$AAl?$AAe?$AA?5?$AA?$DN?$AA?5?$AA?$AA@ 000000014001013e     dbg_.-gpu-call_object.o
 0002:00000154       ??_C@_1M@OMOAGDNC@?$AA?$CF?$AA0?$AA2?$AAx?$AA?5?$AA?$AA@ 0000000140010154     dbg_.-gpu-call_object.o
 0002:00000162       ??_C@_13LBAGMAIH@?$AA?6?$AA?$AA@ 0000000140010162     dbg_.-gpu-call_object.o
 0002:00000166       ??_C@_1CG@CCFDEFBF@?$AAR?$AAU?$AAN?$AA?5?$AAG?$AAP?$AAU?$AA?5?$AAw?$AAo?$AAr?$AAk?$AAe?$AAr?$AA?$DN?$AA?$CF?$AAp?$AA?6?$AA?$AA@ 0000000140010166     dbg_.-gpu-execute_worker.o
 0002:000001ac       ??_C@_1FM@LBBNKNII@?$AAE?$AAR?$AAR?$AAO?$AAR?$AA?3?$AA?5?$AAP?$AAi?$AAp?$AAe?$AAs?$AA?5?$AAa?$AAr?$AAe?$AA?5?$AAu?$AAn?$AAs?$AAu?$AAp?$AAp?$AAo?$AAr?$AAt?$AAe?$AAd?$AA?5?$AAo?$AAn?$AA?5@ 00000001400101ac     dbg_.-gpu-new_object.o
 0002:0000021a       ??_C@_1GK@LJBKHIKD@?$AAA?$AAr?$AAr?$AAa?$AAy?$AA?5?$AAo?$AAf?$AA?5?$AA?$CF?$AAl?$AAl?$AAd?$AA?5?$AAb?$AAy?$AAt?$AAe?$AAs?$AA?0?$AA?5?$AAe?$AAl?$AAe?$AAm?$AAe?$AAn?$AAt?$AA?5?$AAo?$AAf?$AA?5@ 000000014001021a     dbg_.-gpu-new_object.o
 0002:0000029a       ??_C@_1BG@HIIBALHG@?$AA?$FL?$AAi?$AAd?$AA?$DN?$AA?$CF?$AAl?$AAl?$AAx?$AA?$FN?$AA?6?$AA?$AA@ 000000014001029a     dbg_.-gpu-new_object.o
 0002:000002b4       ??_C@_1EC@IBADEGPM@?$AAP?$AAr?$AAo?$AAm?$AAi?$AAs?$AAe?$AA?5?$AAf?$AAo?$AAr?$AA?5?$AAs?$AAi?$AAz?$AAe?$AA?5?$AA?$CF?$AAl?$AAl?$AAd?$AA?5?$AAa?$AAl?$AAl?$AAo?$AAc?$AAa?$AAt?$AAe?$AAd?$AA?6@ 00000001400102b4     dbg_.-gpu-new_object.o
 0002:00000304       ??_C@_1DO@OEOJCPLG@?$AAC?$AAl?$AAa?$AAs?$AAs?$AA?5?$AAf?$AAo?$AAr?$AA?5?$AAs?$AAi?$AAz?$AAe?$AA?5?$AA?$CF?$AAl?$AAl?$AAd?$AA?5?$AAa?$AAl?$AAl?$AAo?$AAc?$AAa?$AAt?$AAe?$AAd?$AA?6?$AA?$AA@ 0000000140010304     dbg_.-gpu-new_object.o
 0002:0000034e       ??_C@_1GM@BNFAKJM@?$AAE?$AAR?$AAR?$AAO?$AAR?$AA?3?$AA?5?$AAP?$AAi?$AAp?$AAe?$AAs?$AA?5?$AAa?$AAr?$AAe?$AA?5?$AAu?$AAn?$AAs?$AAu?$AAp?$AAp?$AAo?$AAr?$AAt?$AAe?$AAd?$AA?5?$AAo?$AAn?$AA?5@ 000000014001034e     dbg_.-gpu-new_object.o
 0002:000003d0       ??_C@_1DC@NBDPBMKB@?$AAW?$AAr?$AAo?$AAn?$AAg?$AA?5?$AAt?$AAy?$AAp?$AAe?$AA?5?$AAi?$AAn?$AA?5?$AAN?$AAe?$AAw?$AAO?$AAb?$AAj?$AAe?$AAc?$AAt?$AA?6?$AA?$AA@ 00000001400103d0     dbg_.-gpu-new_object.o
 0002:0000040c       ??_C@_1EG@FBJBJMFK@?$AAN?$AAO?$AAT?$AA?5?$AAS?$AAU?$AAP?$AAP?$AAO?$AAR?$AAT?$AAE?$AAD?$AA?3?$AA?5?$AAp?$AAu?$AAs?$AAh?$AA?5?$AAi?$AAn?$AA?5?$AAg?$AAp?$AAu?$AA?5?$AAo?$AAb?$AAj?$AAe?$AAc@ 000000014001040c     dbg_.-gpu-push_object.o
 0002:00000460       ??_C@_1FE@GJLEMBH@?$AAN?$AAO?$AAT?$AA?5?$AAS?$AAU?$AAP?$AAP?$AAO?$AAR?$AAT?$AAE?$AAD?$AA?3?$AA?5?$AAp?$AAu?$AAs?$AAh?$AA?5?$AAi?$AAn?$AA?5?$AAg?$AAp?$AAu?$AA?5?$AAo?$AAb?$AAj?$AAe?$AAc@ 0000000140010460     dbg_.-gpu-push_object.o
 0002:000004c4       ??_C@_1EI@EPHKLIAN@?$AAN?$AAO?$AAT?$AA?5?$AAS?$AAU?$AAP?$AAP?$AAO?$AAR?$AAT?$AAE?$AAD?$AA?3?$AA?5?$AAq?$AAu?$AAe?$AAr?$AAy?$AA?5?$AAi?$AAn?$AA?5?$AAg?$AAp?$AAu?$AA?5?$AAo?$AAb?$AAj?$AAe@ 00000001400104c4     dbg_.-gpu-query_object.o
 0002:0000051a       ??_C@_1FG@PCBNEEAC@?$AAN?$AAO?$AAT?$AA?5?$AAS?$AAU?$AAP?$AAP?$AAO?$AAR?$AAT?$AAE?$AAD?$AA?3?$AA?5?$AAq?$AAu?$AAe?$AAr?$AAy?$AA?5?$AAi?$AAn?$AA?5?$AAg?$AAp?$AAu?$AA?5?$AAo?$AAb?$AAj?$AAe@ 000000014001051a     dbg_.-gpu-query_object.o
 0002:00000598       ??_C@_1EC@FMMFNKHC@?$AAP?$AAa?$AAu?$AAs?$AAe?$AAd?$AA?5?$AAw?$AAo?$AAr?$AAk?$AAe?$AAr?$AA?5?$AA?$CF?$AAl?$AAl?$AAd?$AA?5?$AA?$FL?$AAc?$AAa?$AAu?$AAs?$AAe?$AA?5?$AA?$CF?$AAl?$AAl?$AAd?$AA?$FN?$AA?6@ 0000000140010598     dbg_.-x64-await_worker.o
 0002:000005e8       ??_C@_1CG@GBGLFGEJ@?$AAw?$AAa?$AAi?$AAt?$AAi?$AAn?$AAg?$AA?5?$AAt?$AAy?$AAp?$AAe?$AA?5?$AA?$CF?$AAl?$AAl?$AAd?$AA?6?$AA?$AA@ 00000001400105e8     dbg_.-x64-await_worker.o
 0002:00000616       ??_C@_1EG@IHOMNHMM@?$AAw?$AAa?$AAi?$AAt?$AAi?$AAn?$AAg?$AA?5?$AAf?$AAo?$AAr?$AA?5?$AAr?$AAe?$AAm?$AAo?$AAt?$AAe?$AA?5?$AAp?$AAu?$AAs?$AAh?$AA?5?$AA?$CF?$AAl?$AAl?$AAd?$AA?1?$AA?$CF?$AAl?$AAl@ 0000000140010616     dbg_.-x64-await_worker.o
 0002:0000066a       ??_C@_1EE@IAGMLELE@?$AAE?$AAR?$AAR?$AAO?$AAR?$AA?3?$AA?5?$AAw?$AAa?$AAi?$AAt?$AAi?$AAn?$AAg?$AA?5?$AAf?$AAo?$AAr?$AA?5?$AAp?$AAu?$AAs?$AAh?$AA?5?$AAt?$AAo?$AA?5?$AAl?$AAo?$AAc?$AAa?$AAl@ 000000014001066a     dbg_.-x64-await_worker.o
 0002:000006bc       ??_C@_1EI@HFFKCAJK@?$AAw?$AAa?$AAi?$AAt?$AAi?$AAn?$AAg?$AA?5?$AAf?$AAo?$AAr?$AA?5?$AAr?$AAe?$AAm?$AAo?$AAt?$AAe?$AA?5?$AAq?$AAu?$AAe?$AAr?$AAy?$AA?5?$AA?$CF?$AAl?$AAl?$AAd?$AA?1?$AA?$CF?$AAl@ 00000001400106bc     dbg_.-x64-await_worker.o
 0002:00000712       ??_C@_1DA@GIGBBKL@?$AAw?$AAa?$AAi?$AAt?$AAi?$AAn?$AAg?$AA?5?$AAf?$AAo?$AAr?$AA?5?$AAl?$AAo?$AAc?$AAa?$AAl?$AA?5?$AA?$CF?$AAl?$AAl?$AAd?$AA?6?$AA?$AA@ 0000000140010712     dbg_.-x64-await_worker.o
 0002:0000074c       ??_C@_1DO@IALLLPBG@?$AAN?$AAO?$AAT?$AA?5?$AAI?$AAM?$AAP?$AAL?$AAE?$AAM?$AAE?$AAN?$AAT?$AAE?$AAD?$AA?5?$AAW?$AAA?$AAI?$AAT?$AAI?$AAN?$AAG?$AA_?$AAT?$AAI?$AAM?$AAE?$AAR?$AA?6?$AA?$AA@ 000000014001074c     dbg_.-x64-await_worker.o
 0002:00000796       ??_C@_1BG@KNJPCEOH@?$AAw?$AAo?$AAr?$AAk?$AAe?$AAr?$AA?$DN?$AA?$CF?$AAp?$AA?6?$AA?$AA@ 0000000140010796     dbg_.-x64-execute_worker.o
 0002:000007c8       ??_C@_1DM@CKKHLHMJ@?$AAP?$AAi?$AAp?$AAe?$AA?5?$AAf?$AAo?$AAr?$AA?5?$AAs?$AAi?$AAz?$AAe?$AA?5?$AA?$CF?$AAl?$AAl?$AAd?$AA?5?$AAa?$AAl?$AAl?$AAo?$AAc?$AAa?$AAt?$AAe?$AAd?$AA?6?$AA?$AA@ 00000001400107c8     dbg_.-x64-new_object.o
 0002:00000810       ??_C@_1EO@GECEJMLH@?$AAD?$AAe?$AAf?$AAi?$AAn?$AAe?$AAd?$AA?5?$AAa?$AAr?$AAr?$AAa?$AAy?$AA?5?$AAf?$AAo?$AAr?$AA?5?$AAs?$AAi?$AAz?$AAe?$AA?5?$AA?$CF?$AAl?$AAl?$AAd?$AA?5?$AAa?$AAl?$AAl?$AAo@ 0000000140010810     dbg_.-x64-new_object.o
 0002:0000086e       ??_C@_1M@FHJLFHFE@?$AA?5?$AA?$CF?$AA0?$AA2?$AAx?$AA?$AA@ 000000014001086e     dbg_.-x64-new_object.o
 0002:000008a2       ??_C@_1CG@FCDGDINM@?$AAp?$AAu?$AAs?$AAh?$AA?5?$AAt?$AAo?$AA?5?$AAp?$AAi?$AAp?$AAe?$AA?5?$AA?$CF?$AAl?$AAl?$AAd?$AA?6?$AA?$AA@ 00000001400108a2     dbg_.-x64-push_object.o
 0002:000008d0       ??_C@_1CG@NFAKFIFJ@?$AAQ?$AAu?$AAe?$AAr?$AAy?$AA?5?$AAo?$AAb?$AAj?$AAe?$AAc?$AAt?$AA?5?$AA?$CF?$AAl?$AAl?$AAd?$AA?6?$AA?$AA@ 00000001400108d0     dbg_.-x64-query_object.o
 0002:000008fe       ??_C@_1CM@JHEDMDLC@?$AAq?$AAu?$AAe?$AAr?$AAy?$AA?5?$AAf?$AAr?$AAo?$AAm?$AA?5?$AAp?$AAi?$AAp?$AAe?$AA?5?$AA?$CF?$AAl?$AAl?$AAd?$AA?6?$AA?$AA@ 00000001400108fe     dbg_.-x64-query_object.o
 0002:00000932       ??_C@_1EC@IPADNJOO@?$AAc?$AAo?$AAn?$AAv?$AAe?$AAr?$AAt?$AA?5?$AA?$CF?$AAp?$AA?5?$AA?$FL?$AAt?$AAy?$AAp?$AAe?$AAs?$AA?5?$AA?$CF?$AAl?$AAl?$AAd?$AA?5?$AA?9?$AA?$DO?$AA?5?$AA?$CF?$AAl?$AAl?$AAd?$AA?$FN?$AA?6@ 0000000140010932     dbg_.-cast_provider.o
 0002:00000982       ??_C@_1IA@HIJJNPCH@?$AAE?$AAR?$AAR?$AAO?$AAR?$AA?3?$AA?5?$AAn?$AAo?$AAt?$AA?5?$AAs?$AAu?$AAp?$AAp?$AAo?$AAr?$AAt?$AAe?$AAd?$AA?5?$AAc?$AAo?$AAn?$AAv?$AAe?$AAr?$AAs?$AAi?$AAo?$AAn?$AA?5@ 0000000140010982     dbg_.-cast_provider.o
 0002:00000a1c       ??_C@_1CO@DCKAPNAK@?$AAw?$AAa?$AAi?$AAt?$AAi?$AAn?$AAg?$AA?5?$AAs?$AAt?$AAa?$AAr?$AAt?$AAu?$AAp?$AA?5?$AAp?$AAa?$AAg?$AAe?$AAs?$AA?6?$AA?$AA@ 0000000140010a1c     dbg_.-hive_entry.o
 0002:00000a54       ??_C@_1EI@OLFKDNEP@?$AAE?$AAr?$AAr?$AAo?$AAr?$AA?3?$AA?5?$AAa?$AAl?$AAl?$AAo?$AAc?$AAa?$AAt?$AAe?$AAd?$AA?5?$AAa?$AAr?$AAr?$AAa?$AAy?$AA?5?$AAi?$AAs?$AAn?$AA?8?$AAt?$AA?5?$AAl?$AAo?$AAc@ 0000000140010a54     dbg_.-hive_entry.o
 0002:00000aaa       ??_C@_1BM@MGOLOELI@?$AAr?$AAe?$AAs?$AAC?$AAo?$AAd?$AAe?$AAI?$AAd?$AA?$DN?$AA?$CF?$AAp?$AA?6?$AA?$AA@ 0000000140010aaa     dbg_.-hive_entry.o
 0002:00000acc       ??_C@_1DO@NMNBJACC@?$AA?9?$AA?9?$AA?9?$AA?9?$AA?9?$AA?5?$AAt?$AAo?$AAt?$AAa?$AAl?$AA?5?$AA?$CF?$AAl?$AAl?$AAd?$AA?5?$AAc?$AAo?$AAn?$AAn?$AAe?$AAc?$AAt?$AAi?$AAo?$AAn?$AAs?$AA?3?$AA?6?$AA?$AA@ 0000000140010acc     dbg_.-remote.o
 0002:00000b16       ??_C@_1EM@BPMELAJO@?$AA?9?$AAc?$AAo?$AAn?$AAn?$AAe?$AAc?$AAt?$AAi?$AAo?$AAn?$AA?5?$AA?$FL?$AA?$CF?$AAp?$AA?$FN?$AA?5?$AA?$CF?$AAl?$AAl?$AAd?$AA?3?$AA?5?$AAl?$AAo?$AAc?$AAa?$AAl?$AA_?$AAi?$AAd?$AA?$DN@ 0000000140010b16     dbg_.-remote.o
 0002:00000b72       ??_C@_1DC@HEOFFPLC@?$AAo?$AAu?$AAt?$AAg?$AAo?$AAi?$AAn?$AAg?$AA?3?$AA?5?$AAN?$AAo?$AA?5?$AAc?$AAo?$AAn?$AAn?$AAe?$AAc?$AAt?$AAi?$AAo?$AAn?$AA?6?$AA?$AA@ 0000000140010b72     dbg_.-remote.o
 0002:00000bae       ??_C@_1DG@HNEHLNLB@?$AAo?$AAu?$AAt?$AAg?$AAo?$AAi?$AAn?$AAg?$AA?3?$AA?5?$AAI?$AAP?$AA?$DN?$AA?$CF?$AAs?$AA?5?$AAP?$AAO?$AAR?$AAT?$AA?$DN?$AA?$CF?$AAl?$AAl?$AAd?$AA?6?$AA?$AA@ 0000000140010bae     dbg_.-remote.o
 0002:00000bee       ??_C@_1DI@OKINGPOA@?$AAo?$AAu?$AAt?$AAg?$AAo?$AAi?$AAn?$AAg?$AA?3?$AA?5?$AA?5?$AAI?$AAP?$AA?$DN?$AA?$CF?$AAs?$AA?5?$AAP?$AAO?$AAR?$AAT?$AA?$DN?$AA?$CF?$AAl?$AAl?$AAd?$AA?6?$AA?$AA@ 0000000140010bee     dbg_.-remote.o
 0002:00000c32       ??_C@_1CM@KOFOMBCP@?$AAo?$AAu?$AAt?$AAg?$AAo?$AAi?$AAn?$AAg?$AA?3?$AA?5?$AA?5?$AAC?$AAo?$AAr?$AAr?$AAu?$AAp?$AAt?$AAe?$AAd?$AA?6?$AA?$AA@ 0000000140010c32     dbg_.-remote.o
 0002:00000c66       ??_C@_1DC@OBBDDNNB@?$AAi?$AAn?$AAc?$AAo?$AAm?$AAi?$AAn?$AAg?$AA?3?$AA?5?$AAN?$AAo?$AA?5?$AAc?$AAo?$AAn?$AAn?$AAe?$AAc?$AAt?$AAi?$AAo?$AAn?$AA?6?$AA?$AA@ 0000000140010c66     dbg_.-remote.o
 0002:00000ca2       ??_C@_1DG@NNAENLOC@?$AAi?$AAn?$AAc?$AAo?$AAm?$AAi?$AAn?$AAg?$AA?3?$AA?5?$AAI?$AAP?$AA?$DN?$AA?$CF?$AAs?$AA?5?$AAP?$AAO?$AAR?$AAT?$AA?$DN?$AA?$CF?$AAl?$AAl?$AAd?$AA?6?$AA?$AA@ 0000000140010ca2     dbg_.-remote.o
 0002:00000ce2       ??_C@_1DI@NPMKAFFJ@?$AAi?$AAn?$AAc?$AAo?$AAm?$AAi?$AAn?$AAg?$AA?3?$AA?5?$AA?5?$AAI?$AAP?$AA?$DN?$AA?$CF?$AAs?$AA?5?$AAP?$AAO?$AAR?$AAT?$AA?$DN?$AA?$CF?$AAl?$AAl?$AAd?$AA?6?$AA?$AA@ 0000000140010ce2     dbg_.-remote.o
 0002:00000d26       ??_C@_1GA@HHMMHPKA@?$AA?$CB?$AA?$CB?$AA?$CB?$AA?$CB?$AA?$CB?$AA?5?$AA?$DO?$AA?$DO?$AA?$DO?$AA?$DO?$AA?$DO?$AA?$DO?$AA?5?$AAP?$AAa?$AAg?$AAe?$AA?5?$AAa?$AAl?$AAl?$AAo?$AAc?$AAa?$AAt?$AAi?$AAo?$AAn?$AA?5?$AAi?$AAd?$AA?$DN@ 0000000140010d26     dbg_.-remote.o
 0002:00000d9a       ??_C@_1DE@OFJFJIIH@?$AAS?$AAe?$AAr?$AAv?$AAe?$AAr?$AA?5?$AAi?$AAd?$AA?$DN?$AA?$CF?$AAl?$AAl?$AAd?$AA?5?$AAc?$AAo?$AAn?$AAf?$AAi?$AAr?$AAm?$AAe?$AAd?$AA?6?$AA?$AA@ 0000000140010d9a     dbg_.-remote.o
 0002:00000dd8       ??_C@_1CE@HOGLDJAE@?$AAC?$AAl?$AAi?$AAe?$AAn?$AAt?$AA?5?$AAc?$AAo?$AAn?$AAn?$AAe?$AAc?$AAt?$AAe?$AAd?$AA?6?$AA?$AA@ 0000000140010dd8     dbg_.-remote.o
 0002:00000e04       ??_C@_1GO@KIHGLMJK@?$AAS?$AAe?$AAn?$AAd?$AA?5?$AAc?$AAo?$AAn?$AAf?$AAi?$AAr?$AAm?$AAa?$AAt?$AAi?$AAo?$AAn?$AA?5?$AAo?$AAf?$AA?5?$AAp?$AAa?$AAg?$AAe?$AA?5?$AAa?$AAl?$AAl?$AAo?$AAc?$AAa@ 0000000140010e04     dbg_.-remote.o
 0002:00000e88       ??_C@_1FC@NJOMCOBI@?$AAR?$AAe?$AAd?$AAi?$AAr?$AAe?$AAc?$AAt?$AAi?$AAn?$AAg?$AA?5?$AAp?$AAa?$AAg?$AAe?$AA?5?$AAq?$AAu?$AAe?$AAr?$AAy?$AA?5?$AAt?$AAo?$AA?5?$AAl?$AAo?$AAc?$AAa?$AAl?$AA_@ 0000000140010e88     dbg_.-remote.o
 0002:00000eea       ??_C@_1EO@MLLDILKB@?$AAR?$AAe?$AAd?$AAi?$AAr?$AAe?$AAc?$AAt?$AAi?$AAn?$AAg?$AA?5?$AAi?$AAd?$AA?5?$AAq?$AAu?$AAe?$AAr?$AAy?$AA?5?$AAt?$AAo?$AA?5?$AAl?$AAo?$AAc?$AAa?$AAl?$AA_?$AAi?$AAd@ 0000000140010eea     dbg_.-remote.o
 0002:00000f48       ??_C@_1DM@IBOIDFJO@?$AAs?$AAo?$AAc?$AAk?$AAe?$AAt?$AA?$CI?$AA?$CJ?$AA?5?$AAf?$AAa?$AAi?$AAl?$AAe?$AAd?$AA?5?$AA?$FL?$AAe?$AAr?$AAr?$AAo?$AAr?$AA?$DN?$AA?$CF?$AAl?$AAl?$AAd?$AA?$FN?$AA?6?$AA?$AA@ 0000000140010f48     dbg_.-remote.o
 0002:00000f90       ??_C@_1CM@FLPDOBBA@?$AAR?$AAe?$AAq?$AAu?$AAe?$AAs?$AAt?$AAi?$AAn?$AAg?$AA?5?$AAp?$AAo?$AAr?$AAt?$AA?5?$AA?$CF?$AAl?$AAl?$AAd?$AA?6?$AA?$AA@ 0000000140010f90     dbg_.-remote.o
 0002:00000fc4       ??_C@_1DK@IOCIPHFJ@?$AAc?$AAo?$AAn?$AAn?$AAe?$AAc?$AAt?$AA?5?$AAf?$AAa?$AAi?$AAl?$AAe?$AAd?$AA?5?$AA?$FL?$AAe?$AAr?$AAr?$AAo?$AAr?$AA?$DN?$AA?$CF?$AAl?$AAl?$AAd?$AA?$FN?$AA?6?$AA?$AA@ 0000000140010fc4     dbg_.-remote.o
 0002:0000100a       ??_C@_1DO@IMGJNCBG@?$AAC?$AAo?$AAn?$AAn?$AAe?$AAc?$AAt?$AAi?$AAo?$AAn?$AA?5?$AAi?$AAs?$AA?5?$AAs?$AAu?$AAc?$AAc?$AAe?$AAs?$AAs?$AAf?$AAu?$AAl?$AA?$CB?$AA?5?$AA?$FL?$AA1?$AA?$FN?$AA?6?$AA?$AA@ 000000014001100a     dbg_.-remote.o
 0002:000010fa       ??_C@_1GE@BBHPHIKC@?$AAE?$AAr?$AAr?$AAo?$AAr?$AA?5?$AA?9?$AA?5?$AAs?$AAe?$AAr?$AAv?$AAe?$AAr?$AA_?$AAp?$AAo?$AAr?$AAt?$AA?5?$AA?$DN?$AA?$DN?$AA?5?$AA?9?$AA1?$AA?5?$AA?$FL?$AAs?$AAe?$AAr?$AAv?$AAe@ 00000001400110fa     dbg_.-remote.o
 0002:00001172       ??_C@_1EM@HCGPBNNP@?$AAS?$AAt?$AAa?$AAr?$AAt?$AAi?$AAn?$AAg?$AA?5?$AAn?$AAe?$AAw?$AA?5?$AAc?$AAo?$AAn?$AAn?$AAe?$AAc?$AAt?$AAi?$AAo?$AAn?$AA?5?$AAt?$AAo?$AA?5?$AA?$FL?$AA?$CF?$AAs?$AA?$FN?$AA?5@ 0000000140011172     dbg_.-remote.o
 0002:000011ce       ??_C@_1FE@JKPBPNOM@?$AAE?$AAr?$AAr?$AAo?$AAr?$AA?5?$AAr?$AAe?$AAs?$AAo?$AAl?$AAv?$AAi?$AAn?$AAg?$AA?5?$AAh?$AAo?$AAs?$AAt?$AA?4?$AA?5?$AA?$FL?$AAs?$AAt?$AAa?$AAt?$AAu?$AAs?$AA?$DN?$AA?$CF?$AAl@ 00000001400111ce     dbg_.-remote.o
 0002:00001232       ??_C@_1DO@COGNFPF@?$AAC?$AAo?$AAn?$AAn?$AAe?$AAc?$AAt?$AAi?$AAo?$AAn?$AA?5?$AAi?$AAs?$AA?5?$AAs?$AAu?$AAc?$AAc?$AAe?$AAs?$AAs?$AAf?$AAu?$AAl?$AA?$CB?$AA?5?$AA?$FL?$AA2?$AA?$FN?$AA?6?$AA?$AA@ 0000000140011232     dbg_.-remote.o
 0002:0000127c       ??_C@_1FK@FPKJOMKP@?$AAE?$AAr?$AAr?$AAo?$AAr?$AA?3?$AA?5?$AAC?$AAo?$AAu?$AAl?$AAd?$AA?5?$AAn?$AAo?$AAt?$AA?5?$AAc?$AAo?$AAn?$AAn?$AAe?$AAc?$AAt?$AA?5?$AAt?$AAo?$AA?5?$AA?$CF?$AAs?$AA?5?$AA?$FL@ 000000014001127c     dbg_.-remote.o
 0002:000012e8       ??_C@_1EA@JBNEEBDD@?$AAT?$AAr?$AAy?$AAi?$AAn?$AAg?$AA?5?$AAt?$AAo?$AA?5?$AAg?$AAe?$AAt?$AA?5?$AAm?$AAe?$AAm?$AAo?$AAr?$AAy?$AA?5?$AAp?$AAa?$AAg?$AAe?$AA?5?$AA?$CF?$AAl?$AAl?$AAd?$AA?6?$AA?$AA@ 00000001400112e8     dbg_.-remote.o
 0002:00001334       ??_C@_1EI@BHCKMCLF@?$AAC?$AAr?$AAe?$AAa?$AAt?$AAe?$AAd?$AA?5?$AAb?$AAr?$AAo?$AAa?$AAd?$AAc?$AAa?$AAs?$AAt?$AA?5?$AAw?$AAi?$AAt?$AAh?$AA?5?$AAp?$AAr?$AAe?$AAf?$AAi?$AAx?$AA?$DN?$AA?$CF?$AAl@ 0000000140011334     dbg_.-remote.o
 0002:0000138a       ??_C@_1DM@MBBJEJBJ@?$AAT?$AAr?$AAy?$AAi?$AAn?$AAg?$AA?5?$AAt?$AAo?$AA?5?$AAg?$AAe?$AAt?$AA?5?$AAs?$AAe?$AAr?$AAv?$AAe?$AAr?$AA?5?$AAi?$AAd?$AA?5?$AA?$CF?$AAl?$AAl?$AAd?$AA?6?$AA?$AA@ 000000014001138a     dbg_.-remote.o
 0002:000013d2       ??_C@_1GK@DMGCKEJF@?$AAA?$AAn?$AAs?$AAw?$AAe?$AAr?$AA?5?$AAP?$AAu?$AAs?$AAh?$AA?5?$AAO?$AAb?$AAj?$AAe?$AAc?$AAt?$AA?5?$AAt?$AAo?$AA?5?$AAl?$AAo?$AAc?$AAa?$AAl?$AAi?$AAd?$AA?$DN?$AA?$CF?$AAl@ 00000001400113d2     dbg_.-remote.o
 0002:00001452       ??_C@_1GM@MICHOCHB@?$AAA?$AAn?$AAs?$AAw?$AAe?$AAr?$AA?5?$AAQ?$AAu?$AAe?$AAr?$AAy?$AA?5?$AAO?$AAb?$AAj?$AAe?$AAc?$AAt?$AA?5?$AAt?$AAo?$AA?5?$AAl?$AAo?$AAc?$AAa?$AAl?$AAi?$AAd?$AA?$DN?$AA?$CF@ 0000000140011452     dbg_.-remote.o
 0002:000014d4       ??_C@_1FK@FHPCFNAH@?$AAs?$AAe?$AAn?$AAd?$AA?5?$AAb?$AAr?$AAo?$AAa?$AAd?$AAc?$AAa?$AAs?$AAt?$AA?5?$AAa?$AAn?$AAs?$AAw?$AAe?$AAr?$AA?5?$AAp?$AAa?$AAt?$AAh?$AA?5?$AAt?$AAo?$AA?5?$AAl?$AAo@ 00000001400114d4     dbg_.-remote.o
 0002:00001540       ??_C@_1FM@FIIIPBAA@?$AAs?$AAe?$AAn?$AAd?$AA?5?$AAb?$AAr?$AAo?$AAa?$AAd?$AAc?$AAa?$AAs?$AAt?$AA?5?$AAp?$AAa?$AAt?$AAh?$AA?5?$AAr?$AAe?$AAq?$AAu?$AAe?$AAs?$AAt?$AA?5?$AAt?$AAo?$AA?5?$AAl@ 0000000140011540     dbg_.-remote.o
 0002:000015ae       ??_C@_1GA@MDBOGCGI@?$AAs?$AAe?$AAn?$AAd?$AA?5?$AAb?$AAr?$AAo?$AAa?$AAd?$AAc?$AAa?$AAs?$AAt?$AA?5?$AAa?$AAn?$AAs?$AAw?$AAe?$AAr?$AA?5?$AAi?$AAd?$AA?5?$AAp?$AAa?$AAt?$AAh?$AA?5?$AAt?$AAo@ 00000001400115ae     dbg_.-remote.o
 0002:00001622       ??_C@_1EO@CDOEBIIP@?$AAS?$AAe?$AAn?$AAd?$AAi?$AAn?$AAg?$AA?5?$AAb?$AAr?$AAo?$AAa?$AAd?$AAc?$AAa?$AAs?$AAt?$AA?5?$AAt?$AAo?$AA?5?$AAf?$AAi?$AAn?$AAd?$AA?5?$AAo?$AAb?$AAj?$AAe?$AAc?$AAt@ 0000000140011622     dbg_.-remote.o
 0002:00001680       ??_C@_1DC@EHBNKHBD@?$AAr?$AAe?$AAq?$AAu?$AAe?$AAs?$AAt?$AA?5?$AAs?$AAe?$AAt?$AA?5?$AAo?$AAb?$AAj?$AAe?$AAc?$AAt?$AA?$DN?$AA?$CF?$AAl?$AAl?$AAd?$AA?6?$AA?$AA@ 0000000140011680     dbg_.-remote.o
 0002:000016bc       ??_C@_1CO@OBFELGCG@?$AAl?$AAo?$AAc?$AAa?$AAl?$AA?5?$AAo?$AAb?$AAj?$AAe?$AAc?$AAt?$AA?5?$AA?9?$AA?5?$AAa?$AAn?$AAs?$AAw?$AAe?$AAr?$AA?6?$AA?$AA@ 00000001400116bc     dbg_.-remote.o
 0002:000016f4       ??_C@_1CC@BJNHGOIA@?$AAd?$AAo?$AAn?$AA?8?$AAt?$AA?5?$AAk?$AAn?$AAo?$AAw?$AA?5?$AAp?$AAa?$AAt?$AAh?$AA?6?$AA?$AA@ 00000001400116f4     dbg_.-remote.o
 0002:0000171c       ??_C@_1DA@NHJHHADA@?$AAr?$AAe?$AAq?$AAu?$AAe?$AAs?$AAt?$AA?5?$AAs?$AAe?$AAn?$AAt?$AA?5?$AA?$FL?$AAt?$AAo?$AA?5?$AA?$CF?$AAl?$AAl?$AAd?$AA?$FN?$AA?6?$AA?$AA@ 000000014001171c     dbg_.-remote.o
 0002:00001756       ??_C@_1IK@DBMEHLHD@?$AAS?$AAt?$AAa?$AAr?$AAt?$AAi?$AAn?$AAg?$AA?5?$AAn?$AAe?$AAw?$AA?5?$AAR?$AAE?$AAM?$AAO?$AAT?$AAE?$AA?5?$AAw?$AAo?$AAr?$AAk?$AAe?$AAr?$AA?5?$AA?$CF?$AAl?$AAl?$AAd?$AA?5@ 0000000140011756     dbg_.-remote.o
 0002:000017fc       ??_C@_1EK@DLJDAMIC@?$AAs?$AAe?$AAn?$AAd?$AAi?$AAn?$AAg?$AA?5?$AAh?$AAi?$AAv?$AAe?$AA?5?$AAs?$AAt?$AAa?$AAt?$AAe?$AA?5?$AA?$FL?$AA?$CF?$AAl?$AAl?$AAd?$AA?5?$AA?$CF?$AAl?$AAl?$AAd?$AA?5?$AA?$CF?$AAl@ 00000001400117fc     dbg_.-remote.o
 0002:00001854       ??_C@_1CK@IMAGNILG@?$AAC?$AAo?$AAn?$AAf?$AAi?$AAr?$AAm?$AAe?$AAd?$AA?5?$AAp?$AAo?$AAr?$AAt?$AA?$DN?$AA?$CF?$AAl?$AAl?$AAd?$AA?6?$AA?$AA@ 0000000140011854     dbg_.-remote.o
 0002:00001886       ??_C@_1CE@BDEHPDNE@?$AAG?$AAe?$AAt?$AA?5?$AAc?$AAo?$AAm?$AAm?$AAa?$AAn?$AAd?$AA?5?$AA?$FL?$AA?$CF?$AAs?$AA?$FN?$AA?6?$AA?$AA@ 0000000140011886     dbg_.-remote.o
 0002:000018b2       ??_C@_1DG@NNMMEGKD@?$AAS?$AAe?$AAl?$AAe?$AAc?$AAt?$AAe?$AAd?$AA?5?$AAc?$AAo?$AAn?$AAn?$AAe?$AAc?$AAt?$AA?5?$AAc?$AAo?$AAm?$AAm?$AAa?$AAn?$AAd?$AA?4?$AA?6?$AA?$AA@ 00000001400118b2     dbg_.-remote.o
 0002:000018f2       ??_C@_1CI@KPENLAE@?$AAE?$AAn?$AAt?$AAe?$AAr?$AA?5?$AAI?$AAP?$AA?5?$AAa?$AAn?$AAd?$AA?5?$AAP?$AAO?$AAR?$AAT?$AA?4?$AA?6?$AA?$AA@ 00000001400118f2     dbg_.-remote.o
 0002:00001922       ??_C@_1EG@CAHECGOL@?$AAT?$AAr?$AAy?$AAi?$AAn?$AAg?$AA?5?$AAt?$AAo?$AA?5?$AAc?$AAo?$AAn?$AAn?$AAe?$AAc?$AAt?$AA?5?$AAt?$AAo?$AA?5?$AA?$FL?$AA?$CF?$AAs?$AA?$FN?$AA?5?$AA?$FL?$AA?$CF?$AAs?$AA?$FN?$AA?4?$AA?4@ 0000000140011922     dbg_.-remote.o
 0002:00001976       ??_C@_1DG@GLOHHOJG@?$AAT?$AAe?$AAm?$AAp?$AAo?$AAr?$AAa?$AAr?$AAy?$AA?5?$AAl?$AAo?$AAc?$AAa?$AAl?$AA_?$AAi?$AAd?$AA?5?$AA?$DN?$AA?5?$AA?$CF?$AAl?$AAl?$AAd?$AA?6?$AA?$AA@ 0000000140011976     dbg_.-remote.o
 0002:000019b6       ??_C@_1DC@MOJEJJIM@?$AAC?$AAo?$AAn?$AAf?$AAi?$AAg?$AAu?$AAr?$AAa?$AAt?$AAi?$AAo?$AAn?$AA?5?$AAc?$AAo?$AAn?$AAf?$AAi?$AAr?$AAm?$AAe?$AAd?$AA?6?$AA?$AA@ 00000001400119b6     dbg_.-remote.o
 0002:000019f2       ??_C@_1DM@PKIKMHMJ@?$AA?$FL?$AAN?$AAE?$AAT?$AAW?$AAO?$AAR?$AAK?$AA?$FN?$AA?3?$AA?5?$AAP?$AAe?$AAe?$AAr?$AA?5?$AAd?$AAi?$AAs?$AAc?$AAo?$AAn?$AAn?$AAe?$AAc?$AAt?$AAe?$AAd?$AA?6?$AA?$AA@ 00000001400119f2     dbg_.-remote.o
 0002:00001a3a       ??_C@_1DG@IHKBKGHO@?$AAG?$AAe?$AAt?$AA?5?$AAm?$AAe?$AAs?$AAs?$AAa?$AAg?$AAe?$AA?5?$AAo?$AAf?$AA?5?$AA?$CF?$AAl?$AAl?$AAd?$AA?5?$AAb?$AAy?$AAt?$AAe?$AAs?$AA?6?$AA?$AA@ 0000000140011a3a     dbg_.-remote.o
 0002:00001a7a       ??_C@_1EE@FBAKCJKM@?$AAp?$AAr?$AAo?$AAc?$AAe?$AAs?$AAs?$AA?5?$AAh?$AAe?$AAa?$AAd?$AAe?$AAr?$AA?$FL?$AAo?$AAk?$AA?$FN?$AA?5?$AA?$FL?$AAh?$AAe?$AAa?$AAd?$AAe?$AAr?$AA?$DN?$AA?$CF?$AAl?$AAl?$AAd?$AA?$FN@ 0000000140011a7a     dbg_.-remote.o
 0002:00001acc       ??_C@_1EE@CIFDCIBF@?$AAp?$AAr?$AAo?$AAc?$AAe?$AAs?$AAs?$AA?5?$AAl?$AAe?$AAn?$AAg?$AAt?$AAh?$AA?$FL?$AAo?$AAk?$AA?$FN?$AA?5?$AA?$FL?$AAl?$AAe?$AAn?$AAg?$AAt?$AAh?$AA?$DN?$AA?$CF?$AAl?$AAl?$AAd?$AA?$FN@ 0000000140011acc     dbg_.-remote.o
 0002:00001b1e       ??_C@_1CM@JBMABCGC@?$AAp?$AAr?$AAo?$AAc?$AAe?$AAs?$AAs?$AA?5?$AAl?$AAe?$AAn?$AAg?$AAt?$AAh?$AA?$FL?$AAp?$AAa?$AAr?$AAt?$AA?$FN?$AA?6?$AA?$AA@ 0000000140011b1e     dbg_.-remote.o
 0002:00001b52       ??_C@_1CE@BMKCCAOL@?$AAp?$AAr?$AAo?$AAc?$AAe?$AAs?$AAs?$AA?5?$AAb?$AAo?$AAd?$AAy?$AA?$FL?$AAo?$AAk?$AA?$FN?$AA?6?$AA?$AA@ 0000000140011b52     dbg_.-remote.o
 0002:00001b7e       ??_C@_1CO@OOHNIMCC@?$AAc?$AAl?$AAo?$AAs?$AAi?$AAn?$AAg?$AA?5?$AAc?$AAo?$AAn?$AAn?$AAe?$AAc?$AAt?$AAi?$AAo?$AAn?$AA?4?$AA?4?$AA?4?$AA?6?$AA?$AA@ 0000000140011b7e     dbg_.-remote.o
 0002:00001bb6       ??_C@_1CI@LDDDECLE@?$AAp?$AAr?$AAo?$AAc?$AAe?$AAs?$AAs?$AA?5?$AAb?$AAo?$AAd?$AAy?$AA?$FL?$AAp?$AAa?$AAr?$AAt?$AA?$FN?$AA?6?$AA?$AA@ 0000000140011bb6     dbg_.-remote.o
 0002:00001be6       ??_C@_1FI@DLIHECMG@?$AAG?$AAe?$AAt?$AA?5?$AAa?$AAp?$AAi?$AA?5?$AAc?$AAa?$AAl?$AAl?$AA?5?$AA?$CF?$AAl?$AAl?$AAd?$AA?5?$AAo?$AAf?$AA?5?$AAl?$AAe?$AAn?$AAg?$AAt?$AAh?$AA?3?$AA?5?$AA?$CF?$AAl?$AAl@ 0000000140011be6     dbg_.-remote.o
 0002:00001c50       ??_C@_1EC@IGPNEALA@?$AAA?$AAP?$AAI?$AA_?$AAR?$AAE?$AAQ?$AAU?$AAE?$AAS?$AAT?$AA_?$AAC?$AAO?$AAN?$AAN?$AAE?$AAC?$AAT?$AAI?$AAO?$AAN?$AA?5?$AAa?$AAn?$AAs?$AAw?$AAe?$AAr?$AAe?$AAd?$AA?6@ 0000000140011c50     dbg_.-remote.o
 0002:00001ca0       ??_C@_1HI@PFGJBABN@?$AAA?$AAP?$AAI?$AA_?$AAA?$AAN?$AAS?$AAW?$AAE?$AAR?$AA_?$AAR?$AAE?$AAQ?$AAU?$AAE?$AAS?$AAT?$AA_?$AAC?$AAO?$AAN?$AAN?$AAE?$AAC?$AAT?$AAI?$AAO?$AAN?$AA?5?$AAu?$AAp@ 0000000140011ca0     dbg_.-remote.o
 0002:00001d30       ??_C@_1EM@NFKPCEGC@?$AAU?$AAp?$AAd?$AAa?$AAt?$AAe?$AAd?$AA?5?$AAu?$AAs?$AAi?$AAn?$AAg?$AA?5?$AA?$FL?$AAc?$AAo?$AAn?$AA?$DN?$AA?$CF?$AAp?$AA?$FN?$AA?5?$AA?$FL?$AAa?$AAn?$AAd?$AA?5?$AAf?$AAr?$AAe?$AAe@ 0000000140011d30     dbg_.-remote.o
 0002:00001d8c       ??_C@_1LA@ICLCBFDH@?$AAE?$AAr?$AAr?$AAo?$AAr?$AA?3?$AA?5?$AAA?$AAP?$AAI?$AA_?$AAA?$AAN?$AAS?$AAW?$AAE?$AAR?$AA_?$AAR?$AAE?$AAQ?$AAU?$AAE?$AAS?$AAT?$AA_?$AAC?$AAO?$AAN?$AAN?$AAE?$AAC@ 0000000140011d8c     dbg_.-remote.o
 0002:00001e60       ??_C@_1FA@NLLPLBEB@?$AAA?$AAP?$AAI?$AA_?$AAR?$AAE?$AAQ?$AAU?$AAE?$AAS?$AAT?$AA_?$AAI?$AAD?$AA?5?$AAp?$AAa?$AAg?$AAe?$AA?$DN?$AA?$CF?$AAl?$AAl?$AAd?$AA?5?$AA?$FL?$AAp?$AAr?$AAe?$AAf?$AAi?$AAx@ 0000000140011e60     dbg_.-remote.o
 0002:00001ec0       ??_C@_1BG@IOHEMCP@?$AAR?$AAe?$AAf?$AAu?$AAs?$AAe?$AA?5?$AAi?$AAd?$AA?6?$AA?$AA@ 0000000140011ec0     dbg_.-remote.o
 0002:00001eda       ??_C@_1EI@DCLENIAC@?$AAC?$AAo?$AAn?$AAf?$AAi?$AAr?$AAm?$AAe?$AAd?$AA?5?$AAb?$AAe?$AAc?$AAo?$AAu?$AAs?$AAe?$AA?5?$AAl?$AAo?$AAc?$AAa?$AAl?$AA_?$AAi?$AAd?$AA?5?$AAd?$AAi?$AAf?$AAf?$AAe@ 0000000140011eda     dbg_.-remote.o
 0002:00001f30       ??_C@_1EI@GBBOHBKF@?$AAG?$AAe?$AAt?$AA?5?$AAb?$AAr?$AAo?$AAa?$AAd?$AAc?$AAa?$AAs?$AAt?$AA?5?$AAa?$AAn?$AAs?$AAw?$AAe?$AAr?$AA?5?$AA?$FL?$AAp?$AAr?$AAe?$AAf?$AAi?$AAx?$AA?$DN?$AA?$CF?$AAl?$AAl@ 0000000140011f30     dbg_.-remote.o
 0002:00001f86       ??_C@_1CK@JAOCGICP@?$AAB?$AAr?$AAo?$AAa?$AAd?$AAc?$AAa?$AAs?$AAt?$AA?5?$AAc?$AAo?$AAn?$AAf?$AAi?$AAr?$AAm?$AAe?$AAd?$AA?6?$AA?$AA@ 0000000140011f86     dbg_.-remote.o
 0002:00001fb8       ??_C@_1FM@HIELKEO@?$AAA?$AAP?$AAI?$AA_?$AAR?$AAE?$AAQ?$AAU?$AAE?$AAS?$AAT?$AA_?$AAM?$AAE?$AAM?$AA_?$AAP?$AAA?$AAG?$AAE?$AA?5?$AAp?$AAa?$AAg?$AAe?$AA?$DN?$AA?$CF?$AAl?$AAl?$AAd?$AA?5?$AA?$FL@ 0000000140011fb8     dbg_.-remote.o
 0002:00002026       ??_C@_1CG@KIALDCLE@?$AAR?$AAe?$AAf?$AAu?$AAs?$AAe?$AA?5?$AAa?$AAl?$AAl?$AAo?$AAc?$AAa?$AAt?$AAi?$AAo?$AAn?$AA?6?$AA?$AA@ 0000000140012026     dbg_.-remote.o
 0002:00002054       ??_C@_1CM@IABHOCCE@?$AAg?$AAe?$AAt?$AA?5?$AAp?$AAu?$AAs?$AAh?$AA?5?$AAo?$AAb?$AAj?$AAe?$AAc?$AAt?$AA?5?$AA?$CF?$AAl?$AAl?$AAd?$AA?6?$AA?$AA@ 0000000140012054     dbg_.-remote.o
 0002:00002088       ??_C@_1BM@CKHNEJCK@?$AAl?$AAo?$AAc?$AAa?$AAl?$AA?9?$AAp?$AAu?$AAs?$AAh?$AAe?$AAd?$AA?6?$AA?$AA@ 0000000140012088     dbg_.-remote.o
 0002:000020aa       ??_C@_1CG@LACBKCJC@?$AAr?$AAe?$AAm?$AAo?$AAt?$AAe?$AA?9?$AAr?$AAe?$AAd?$AAi?$AAr?$AAe?$AAc?$AAt?$AAe?$AAd?$AA?6?$AA?$AA@ 00000001400120aa     dbg_.-remote.o
 0002:000020d8       ??_C@_1GM@LPBCPABN@?$AAU?$AAP?$AAD?$AAA?$AAT?$AAE?$AA?5?$AAP?$AAA?$AAT?$AAH?$AA?5?$AA1?$AA?5?$AAT?$AAO?$AA?5?$AA?$CF?$AAl?$AAl?$AAd?$AA?5?$AA?$FL?$AAd?$AAi?$AAs?$AAt?$AAa?$AAn?$AAc?$AAe?$AA?$DN@ 00000001400120d8     dbg_.-remote.o
 0002:0000215a       ??_C@_1GM@FBBGBBEM@?$AAU?$AAP?$AAD?$AAA?$AAT?$AAE?$AA?5?$AAP?$AAA?$AAT?$AAH?$AA?5?$AA2?$AA?5?$AAT?$AAO?$AA?5?$AA?$CF?$AAl?$AAl?$AAd?$AA?5?$AA?$FL?$AAd?$AAi?$AAs?$AAt?$AAa?$AAn?$AAc?$AAe?$AA?$DN@ 000000014001215a     dbg_.-remote.o
 0002:000021dc       ??_C@_1HC@GFDBDKMJ@?$AAU?$AAP?$AAD?$AAA?$AAT?$AAE?$AA?5?$AAI?$AAD?$AA?5?$AAP?$AAA?$AAT?$AAH?$AA?5?$AA1?$AA?5?$AAT?$AAO?$AA?5?$AA?$CF?$AAl?$AAl?$AAd?$AA?5?$AA?$FL?$AAd?$AAi?$AAs?$AAt?$AAa?$AAn@ 00000001400121dc     dbg_.-remote.o
 0002:00002264       ??_C@_1HC@ILDFNLJI@?$AAU?$AAP?$AAD?$AAA?$AAT?$AAE?$AA?5?$AAI?$AAD?$AA?5?$AAP?$AAA?$AAT?$AAH?$AA?5?$AA2?$AA?5?$AAT?$AAO?$AA?5?$AA?$CF?$AAl?$AAl?$AAd?$AA?5?$AA?$FL?$AAd?$AAi?$AAs?$AAt?$AAa?$AAn@ 0000000140012264     dbg_.-remote.o
 0002:000022ec       ??_C@_1HC@IPIJLOJO@?$AAG?$AAe?$AAt?$AA?5?$AAr?$AAe?$AAm?$AAo?$AAt?$AAe?$AA?5?$AAs?$AAt?$AAa?$AAr?$AAt?$AA?5?$AAw?$AAo?$AAr?$AAk?$AAe?$AAr?$AA?5?$AA?$CF?$AAl?$AAl?$AAd?$AA?5?$AAf?$AAr?$AAo@ 00000001400122ec     dbg_.-remote.o
 0002:00002374       ??_C@_1FC@CBJJGKKM@?$AAG?$AAE?$AAT?$AA?5?$AAH?$AAI?$AAV?$AAE?$AA?5?$AAS?$AAT?$AAA?$AAT?$AAE?$AA?3?$AA?5?$AA?$CF?$AAl?$AAl?$AAd?$AA?5?$AA?$CF?$AAl?$AAl?$AAd?$AA?5?$AA?$CF?$AAl?$AAl?$AAd?$AA?5?$AA?$FL@ 0000000140012374     dbg_.-remote.o
 0002:000023d6       ??_C@_1CG@PIAFPEME@?$AAS?$AAe?$AAr?$AAv?$AAe?$AAr?$AA?5?$AAs?$AAt?$AAa?$AAr?$AAt?$AAe?$AAd?$AA?4?$AA?4?$AA?4?$AA?6?$AA?$AA@ 00000001400123d6     dbg_.-remote.o
 0002:00002404       ??_C@_1DK@EHAPFJND@?$AAs?$AAe?$AAr?$AAv?$AAe?$AAr?$AA?5?$AAs?$AAt?$AAa?$AAr?$AAt?$AAe?$AAd?$AA?5?$AAo?$AAn?$AA?5?$AAp?$AAo?$AAr?$AAt?$AA?5?$AA?$CF?$AAl?$AAl?$AAd?$AA?6?$AA?$AA@ 0000000140012404     dbg_.-remote.o
 0002:0000244a       ??_C@_1FA@MICONLJJ@?$AAE?$AAr?$AAr?$AAo?$AAr?$AA?3?$AA?5?$AAf?$AAa?$AAi?$AAl?$AAe?$AAd?$AA?5?$AAt?$AAo?$AA?5?$AAa?$AAl?$AAl?$AAo?$AAc?$AAa?$AAt?$AAe?$AA?5?$AAm?$AAe?$AAm?$AAo?$AAr?$AAy@ 000000014001244a     dbg_.-runtime_lib.o
 0002:000024aa       ??_C@_1EI@DJFGOBAG@?$AAE?$AAr?$AAr?$AAo?$AAr?$AA?3?$AA?5?$AAf?$AAa?$AAi?$AAl?$AAe?$AAd?$AA?5?$AAt?$AAo?$AA?5?$AAf?$AAr?$AAe?$AAe?$AA?5?$AAm?$AAe?$AAm?$AAo?$AAr?$AAy?$AA?3?$AA?5?$AA?$CF?$AAl@ 00000001400124aa     dbg_.-runtime_lib.o
 0002:00002500       ??_C@_1CM@EJGKJCED@?$AAA?$AAs?$AAs?$AAe?$AAr?$AAt?$AAi?$AAo?$AAn?$AA?5?$AAf?$AAa?$AAi?$AAl?$AAe?$AAd?$AA?3?$AA?5?$AA?$CF?$AAs?$AA?6?$AA?$AA@ 0000000140012500     dbg_.-runtime_lib.o
 0002:00002534       ??_C@_1EI@GJCCEHA@?$AAF?$AAi?$AAl?$AAe?$AA?3?$AA?5?$AA?$CF?$AAs?$AA?0?$AA?5?$AAL?$AAi?$AAn?$AAe?$AA?3?$AA?5?$AA?$CF?$AAl?$AAl?$AAd?$AA?0?$AA?5?$AAF?$AAu?$AAn?$AAc?$AAt?$AAi?$AAo?$AAn?$AA?3?$AA?5@ 0000000140012534     dbg_.-runtime_lib.o
 0002:00002784       ??_C@_1DO@CBJEPNAO@?$AAP?$AAr?$AAo?$AAm?$AAi?$AAs?$AAe?$AA?$CI?$AAs?$AAe?$AAt?$AA?$DN?$AA?$CF?$AA0?$AA2?$AAx?$AA?0?$AA?5?$AAf?$AAi?$AAr?$AAs?$AAt?$AA4?$AAb?$AAy?$AAt?$AAe?$AAs?$AA?$DN?$AA?$AA@ 0000000140012784     dbg_.-runtime.o
 0002:000027ce       ??_C@_15BCDOKMG@?$AA?$CJ?$AA?6?$AA?$AA@ 00000001400127ce     dbg_.-runtime.o
 0002:000027d6       ??_C@_1EO@JIHFKLGM@?$AAA?$AAr?$AAr?$AAa?$AAy?$AA?$CI?$AAl?$AAe?$AAn?$AAg?$AAt?$AAh?$AA?$DN?$AA?$CF?$AAl?$AAl?$AAd?$AA?0?$AA?5?$AAe?$AAl?$AAe?$AAm?$AAe?$AAn?$AAt?$AA_?$AAs?$AAi?$AAz?$AAe?$AA?$DN@ 00000001400127d6     dbg_.-runtime.o
 0002:00002834       ??_C@_15IPOKAMGA@?$AA?$HL?$AA?5?$AA?$AA@ 0000000140012834     dbg_.-runtime.o
 0002:0000283c       ??_C@_13EHOOFIKC@?$AA?$HN?$AA?$AA@ 000000014001283c     dbg_.-runtime.o
 0002:00002840       ??_C@_15JOGBDECP@?$AA?0?$AA?5?$AA?$AA@ 0000000140012840     dbg_.-runtime.o
 0002:00002848       ??_C@_1CG@OGLIMIIK@?$AAC?$AAl?$AAa?$AAs?$AAs?$AA?$CI?$AAf?$AAi?$AAr?$AAs?$AAt?$AA4?$AAb?$AAy?$AAt?$AAe?$AAs?$AA?$DN?$AA?$AA@ 0000000140012848     dbg_.-runtime.o
 0002:00002876       ??_C@_1DM@HBMDBMCD@?$AAO?$AAb?$AAj?$AAe?$AAc?$AAt?$AA?5?$AAo?$AAf?$AA?5?$AAu?$AAn?$AAk?$AAn?$AAo?$AAw?$AAn?$AA?5?$AAt?$AAy?$AAp?$AAe?$AA?3?$AA?5?$AA?$CF?$AA0?$AA2?$AAx?$AA?6?$AA?$AA@ 0000000140012876     dbg_.-runtime.o
 0002:000028be       ??_C@_1IG@BMJCMEJF@?$AAW?$AAo?$AAr?$AAk?$AAe?$AAr?$AA?5?$AAa?$AAd?$AAd?$AA?5?$AAt?$AAo?$AA?5?$AAw?$AAa?$AAi?$AAt?$AA?5?$AAl?$AAi?$AAs?$AAt?$AA?5?$AA?$FL?$AAi?$AAd?$AA?$DN?$AA?$CF?$AAl?$AAl?$AAd@ 00000001400128be     dbg_.-runtime.o
 0002:0000295e       ??_C@_1EI@FJBGIEMF@?$AAW?$AAo?$AAr?$AAk?$AAe?$AAr?$AA?5?$AAe?$AAn?$AAq?$AAu?$AAe?$AAu?$AAe?$AAd?$AA?5?$AA?$FL?$AAi?$AAd?$AA?$DN?$AA?$CF?$AAl?$AAl?$AAd?$AA?0?$AA?5?$AAd?$AAa?$AAt?$AAa?$AA?$DN?$AA?$CF@ 000000014001295e     dbg_.-runtime.o
 0002:000029b4       ??_C@_1CC@OGJGNONI@?$AAw?$AAa?$AAi?$AAt?$AA?5?$AAl?$AAi?$AAs?$AAt?$AA?3?$AA?5?$AA?$CF?$AAl?$AAl?$AAd?$AA?6?$AA?$AA@ 00000001400129b4     dbg_.-runtime.o
 0002:000029dc       ??_C@_1GM@IJHLNMBE@?$AAt?$AAh?$AAr?$AAe?$AAa?$AAd?$AA?5?$AA?$CF?$AAl?$AAl?$AAd?$AA?3?$AA?5?$AA?5?$AAW?$AAa?$AAi?$AAt?$AA?$HM?$AAQ?$AAu?$AAe?$AAu?$AAe?$AAd?$AA?5?$AA?$CF?$AAl?$AAl?$AAd?$AA?$HM?$AA?$CF@ 00000001400129dc     dbg_.-runtime.o
 0002:00002a5e       ??_C@_1CO@BAHOKHFI@?$AA?6?$AAS?$AAh?$AAe?$AAd?$AAu?$AAl?$AAi?$AAn?$AAg?$AA?5?$AAn?$AAe?$AAw?$AA?5?$AAw?$AAo?$AAr?$AAk?$AAe?$AAr?$AA?6?$AA?$AA@ 0000000140012a5e     dbg_.-runtime.o
 0002:00002a96       ??_C@_1II@BKKMGADK@?$AAC?$AAo?$AAn?$AAt?$AAi?$AAn?$AAu?$AAe?$AA?5?$AAw?$AAo?$AAr?$AAk?$AAe?$AAr?$AA?5?$AA?$CF?$AAl?$AAl?$AAd?$AA?5?$AAf?$AAr?$AAo?$AAm?$AA?5?$AAd?$AAa?$AAt?$AAa?$AA?$DN?$AA?$CF@ 0000000140012a96     dbg_.-runtime.o
 0002:00002b3a       ??_C@_1DC@OKNAINOC@?$AAc?$AAo?$AAp?$AAy?$AA?$CI?$AA?$CF?$AAp?$AA?$CJ?$AA?$DN?$AAq?$AAu?$AAe?$AAu?$AAe?$AA?$FL?$AA?$CF?$AAl?$AAl?$AAd?$AA?$FN?$AA?$DN?$AA?$CF?$AAp?$AA?6?$AA?$AA@ 0000000140012b3a     dbg_.-runtime.o
 0002:00002b76       ??_C@_1FE@PPKJADDP@?$AAW?$AAa?$AAn?$AAt?$AA?5?$AAr?$AAu?$AAn?$AA?5?$AAr?$AAe?$AAm?$AAo?$AAt?$AAe?$AA?0?$AA?5?$AAb?$AAu?$AAt?$AA?3?$AA?5?$AA?$CF?$AAl?$AAl?$AAd?$AA?5?$AA?$CF?$AAl?$AAl?$AAd?$AA?5@ 0000000140012b76     dbg_.-runtime.o
 0002:00002bda       ??_C@_1GC@JGFAAALF@?$AAS?$AAt?$AAa?$AAr?$AAt?$AAi?$AAn?$AAg?$AA?5?$AAn?$AAe?$AAw?$AA?5?$AAl?$AAo?$AAc?$AAa?$AAl?$AA?5?$AAw?$AAo?$AAr?$AAk?$AAe?$AAr?$AA?5?$AA?$CF?$AAl?$AAl?$AAd?$AA?5?$AA?$FL@ 0000000140012bda     dbg_.-runtime.o
 0002:00002c50       ??_C@_1EG@KLACJNPC@?$AAE?$AAr?$AAr?$AAo?$AAr?$AA?3?$AA?5?$AAt?$AAh?$AAi?$AAs?$AA?5?$AAi?$AAs?$AAn?$AA?8?$AAt?$AA?5?$AAh?$AAi?$AAv?$AAe?$AA?5?$AAe?$AAx?$AAe?$AAc?$AAu?$AAt?$AAa?$AAb?$AAl@ 0000000140012c50     dbg_.-runtime.o
 0002:00002ca4       ??_C@_1GG@OIFEBPCL@?$AAE?$AAr?$AAr?$AAo?$AAr?$AA?3?$AA?5?$AAt?$AAh?$AAi?$AAs?$AA?5?$AAi?$AAs?$AA?5?$AAe?$AAx?$AAe?$AAc?$AAu?$AAt?$AAa?$AAb?$AAl?$AAe?$AA?5?$AAo?$AAf?$AA?5?$AAn?$AAo?$AAt@ 0000000140012ca4     dbg_.-runtime.o
 0002:00002d1e       ??_C@_1DC@FFLNADD@?$AAE?$AAr?$AAr?$AAo?$AAr?$AA?3?$AA?5?$AAw?$AAi?$AAn?$AAa?$AAp?$AAi?$AA?5?$AAe?$AAr?$AAr?$AAo?$AAr?$AA?5?$AA?$CF?$AAl?$AAd?$AA?6?$AA?$AA@ 0000000140012d1e     dbg_.-runtime.o
 0002:00002d5a       ??_C@_1DE@BIGGJJBN@?$AAh?$AAe?$AAa?$AAd?$AAe?$AAr?$AA?5?$AA?$CF?$AAl?$AAl?$AAd?$AA?5?$AAo?$AAf?$AA?5?$AAs?$AAi?$AAz?$AAe?$AA?5?$AA?$CF?$AAl?$AAl?$AAd?$AA?6?$AA?$AA@ 0000000140012d5a     dbg_.-runtime.o
 0002:00002d98       ??_C@_1BK@JJBOCJJN@?$AAs?$AAe?$AAt?$AA?5?$AAt?$AAo?$AA?5?$AA?$CF?$AAl?$AAl?$AAd?$AA?5?$AA?$AA@ 0000000140012d98     dbg_.-runtime.o
 0002:00002db8       ??_C@_1JE@CPFCJBNI@?$AAE?$AAR?$AAR?$AAO?$AAR?$AA?3?$AA?5?$AAR?$AAu?$AAn?$AAt?$AAi?$AAm?$AAe?$AA?5?$AAe?$AAn?$AAd?$AAp?$AAo?$AAi?$AAn?$AAt?$AA?5?$AA?$CF?$AAl?$AAl?$AAd?$AA?5?$AAd?$AAo?$AAe@ 0000000140012db8     dbg_.-runtime.o
 0002:00002e6a       ??_C@_1BA@LPJEKMJJ@?$AAp?$AAt?$AAr?$AA?$DN?$AA?$CF?$AAp?$AA?6?$AA?$AA@ 0000000140012e6a     dbg_.-runtime.o
 0002:00002e7e       ??_C@_1IG@FGNNCHGH@?$AAw?$AAo?$AAr?$AAk?$AAe?$AAr?$AA?5?$AA?$CF?$AAl?$AAl?$AAd?$AA?5?$AAi?$AAs?$AA?5?$AAd?$AAl?$AAl?$AA?5?$AAc?$AAa?$AAl?$AAl?$AA?5?$AAo?$AAf?$AA?5?$AAl?$AAi?$AAb?$AAr?$AAa@ 0000000140012e7e     dbg_.-runtime.o
 0002:00002f1e       ??_C@_1CG@BIKDCCPC@?$AAs?$AAt?$AAa?$AAc?$AAk?$AA?5?$AAu?$AAs?$AAa?$AAg?$AAe?$AA?3?$AA?5?$AA?$CF?$AAl?$AAl?$AAd?$AA?6?$AA?$AA@ 0000000140012f1e     dbg_.-runtime.o
 0002:00002f4c       ??_C@_1GK@IGPNAPLE@?$AAo?$AAu?$AAt?$AAp?$AAu?$AAt?$AA?5?$AAh?$AAa?$AAv?$AAe?$AA?5?$AAs?$AAi?$AAz?$AAe?$AA?5?$AA?$CF?$AAl?$AAl?$AAd?$AA?5?$AA?$FL?$AAa?$AAn?$AAd?$AA?5?$AAa?$AAr?$AAg?$AAs?$AA?5@ 0000000140012f4c     dbg_.-runtime.o
 0002:00002fcc       ??_C@_1DM@EEDFDKOL@?$AAa?$AAr?$AAg?$AAu?$AAm?$AAe?$AAn?$AAt?$AA?5?$AA?$CF?$AAl?$AAl?$AAd?$AA?5?$AAh?$AAa?$AAv?$AAe?$AA?5?$AAs?$AAi?$AAz?$AAe?$AA?5?$AA?$CF?$AAl?$AAl?$AAd?$AA?6?$AA?$AA@ 0000000140012fcc     dbg_.-runtime.o
 0002:00003014       ??_C@_1KM@JOOLBIFF@?$AAW?$AAo?$AAr?$AAk?$AAe?$AAr?$AA?5?$AA?$CF?$AAl?$AAl?$AAd?$AA?5?$AA?$FL?$AAx?$AA6?$AA4?$AA?$FN?$AA?5?$AAh?$AAa?$AAv?$AAe?$AA?5?$AAb?$AAe?$AAe?$AAn?$AA?5?$AAl?$AAo?$AAa?$AAd@ 0000000140013014     dbg_.-runtime.o
 0002:000030e2       ??_C@_1HI@GNCDLKLI@?$AAE?$AAr?$AAr?$AAo?$AAr?$AA?3?$AA?5?$AAr?$AAu?$AAn?$AAt?$AAi?$AAm?$AAe?$AA?5?$AAd?$AAo?$AAe?$AAs?$AAn?$AA?8?$AAt?$AA?5?$AAs?$AAu?$AAp?$AAp?$AAo?$AAr?$AAt?$AA?5?$AAs@ 00000001400130e2     dbg_.-runtime.o
 0002:00003172       ??_C@_1LG@BJCBGCLK@?$AAW?$AAo?$AAr?$AAk?$AAe?$AAr?$AA?5?$AA?$CF?$AAl?$AAl?$AAd?$AA?5?$AA?$FL?$AAG?$AAP?$AAU?$AA?$FN?$AA?5?$AAh?$AAa?$AAv?$AAe?$AA?5?$AAb?$AAe?$AAe?$AAn?$AA?5?$AAl?$AAo?$AAa?$AAd@ 0000000140013172     dbg_.-runtime.o
 0002:0000324c       ??_C@_1EC@HLLMLNEL@?$AAE?$AAr?$AAr?$AAo?$AAr?$AA?3?$AA?5?$AAu?$AAn?$AAk?$AAn?$AAo?$AAw?$AAn?$AA?5?$AAh?$AAe?$AAa?$AAd?$AAe?$AAr?$AA?5?$AAt?$AAy?$AAp?$AAe?$AA?5?$AA?$CF?$AAl?$AAl?$AAd?$AA?6@ 000000014001324c     dbg_.-runtime.o
 0002:0000329c       ??_C@_1CC@DEIAIPBB@?$AA?4?$AA?4?$AA?1?$AA?4?$AA?4?$AA?1?$AA?4?$AA?4?$AA?1?$AAr?$AAe?$AAs?$AA?4?$AAb?$AAi?$AAn?$AA?$AA@ 000000014001329c     dbg_.-runtime.o
 0002:000032c4       ??_C@_1FC@OGJDIOEJ@?$AAE?$AAr?$AAr?$AAo?$AAr?$AA?3?$AA?5?$AAc?$AAa?$AAn?$AA?8?$AAt?$AA?5?$AAo?$AAp?$AAe?$AAn?$AA?5?$AA?4?$AA?4?$AA?1?$AA?4?$AA?4?$AA?1?$AA?4?$AA?4?$AA?1?$AAr?$AAe?$AAs?$AA?4?$AAb@ 00000001400132c4     dbg_.-runtime.o
 0002:00003326       ??_C@_1DA@COAPAANM@?$AAE?$AAr?$AAr?$AAo?$AAr?$AA?3?$AA?5?$AAa?$AAt?$AA?5?$AAl?$AAo?$AAa?$AAd?$AAi?$AAn?$AAg?$AA?5?$AAf?$AAi?$AAl?$AAe?$AA?6?$AA?$AA@ 0000000140013326     dbg_.-runtime.o
 0002:00003360       ??_C@_1DM@FEOJJAHB@?$AAS?$AAt?$AAa?$AAr?$AAt?$AAi?$AAn?$AAg?$AA?5?$AAw?$AAi?$AAt?$AAh?$AAo?$AAu?$AAt?$AA?5?$AAa?$AAn?$AAy?$AA?5?$AAw?$AAo?$AAr?$AAk?$AAe?$AAr?$AAs?$AA?6?$AA?$AA@ 0000000140013360     dbg_.-runtime.o
 0002:000033a8       ??_C@_1CG@PNBFEFIC@?$AAR?$AAE?$AAA?$AAD?$AAI?$AAN?$AAG?$AA?5?$AAI?$AAN?$AAP?$AAU?$AAT?$AA?5?$AAA?$AAS?$AA?3?$AA?5?$AA?$AA@ 00000001400133a8     dbg_.-runtime.o
 0002:000033d6       ??_C@_1M@HLHACGAA@?$AA?$CF?$AAl?$AAl?$AAd?$AA?5?$AA?$AA@ 00000001400133d6     dbg_.-runtime.o
 0002:000033e4       ??_C@_1CM@PELCBDJ@?$AAE?$AAn?$AAt?$AAr?$AAy?$AA?5?$AAw?$AAo?$AAr?$AAk?$AAe?$AAr?$AA?5?$AAi?$AAd?$AA?$DN?$AA?$CF?$AAl?$AAl?$AAd?$AA?6?$AA?$AA@ 00000001400133e4     dbg_.-runtime.o
 0002:00003418       ??_C@_1BI@KEMCAKCM@?$AAR?$AAu?$AAn?$AAn?$AAi?$AAn?$AAg?$AA?4?$AA?4?$AA?4?$AA?6?$AA?$AA@ 0000000140013418     dbg_.-runtime.o
 0002:00003434       ??_C@_1DM@HCILGOPA@?$AAF?$AAa?$AAi?$AAl?$AAe?$AAd?$AA?5?$AAt?$AAo?$AA?5?$AAc?$AAr?$AAe?$AAa?$AAt?$AAe?$AA?5?$AAt?$AAh?$AAr?$AAe?$AAa?$AAd?$AA?5?$AA?$CF?$AAl?$AAl?$AAd?$AA?6?$AA?$AA@ 0000000140013434     dbg_.-runtime.o
 0002:0000347c       ??_C@_1CE@FBEJGOMB@?$AAP?$AAr?$AAo?$AAg?$AAr?$AAa?$AAm?$AA?5?$AAf?$AAi?$AAn?$AAi?$AAs?$AAh?$AAe?$AAd?$AA?6?$AA?$AA@ 000000014001347c     dbg_.-runtime.o
 0002:000034a8       ??_C@_1EK@FDFELEEK@?$AAR?$AAe?$AAs?$AAu?$AAl?$AAt?$AA?5?$AAp?$AAr?$AAo?$AAm?$AAi?$AAs?$AAe?$AA?5?$AAn?$AAo?$AAt?$AA?5?$AAf?$AAo?$AAu?$AAn?$AAd?$AA?5?$AAo?$AAn?$AA?5?$AAm?$AAa?$AAc?$AAh@ 00000001400134a8     dbg_.-runtime.o
 0002:00003500       ??_C@_1DO@BFPIHEIA@?$AAP?$AAr?$AAo?$AAg?$AAr?$AAa?$AAm?$AA?5?$AAe?$AAx?$AAi?$AAt?$AAe?$AAd?$AA?5?$AAw?$AAi?$AAt?$AAh?$AA?5?$AAc?$AAo?$AAd?$AAe?$AA?5?$AA?$CF?$AAl?$AAl?$AAx?$AA?6?$AA?$AA@ 0000000140013500     dbg_.-runtime.o
 0002:0000354a       ??_C@_1CK@DKIDNDNE@?$AAP?$AAr?$AAe?$AAs?$AAs?$AA?5?$AAC?$AAt?$AAr?$AAl?$AA?$CL?$AAC?$AA?5?$AAt?$AAo?$AA?5?$AAe?$AAn?$AAd?$AA?6?$AA?$AA@ 000000014001354a     dbg_.-runtime.o
 0002:0000357c       ??_C@_1GO@CEANDIOF@?$AAR?$AAe?$AAs?$AAu?$AAl?$AAt?$AA?5?$AAo?$AAf?$AA?5?$AAm?$AAa?$AAi?$AAn?$AA?5?$AAf?$AAu?$AAn?$AAc?$AAt?$AAi?$AAo?$AAn?$AA?5?$AAi?$AAs?$AAn?$AA?8?$AAt?$AA?5?$AAr?$AAe@ 000000014001357c     dbg_.-runtime.o
 0002:00003600       RtlNtPathSeperatorString   0000000140013600     ws2_32:indef.obj
 0002:00003614       ??_C@_13FPGAJAPJ@?$AA?2@   0000000140013614     ws2_32:indef.obj
 0002:00003618       RtlDosPathSeperatorsString 0000000140013618     ws2_32:indef.obj
 0002:0000362c       ??_C@_15MNCACJLI@?$AA?2?$AA?1@ 000000014001362c     ws2_32:indef.obj
 0002:00003638       RtlAlternateDosPathSeperatorString 0000000140013638     ws2_32:indef.obj
 0002:0000364c       ??_C@_13CGOKJPIL@?$AA?1@   000000014001364c     ws2_32:indef.obj
 0002:00003664       eui48_broadcast            0000000140013664     ws2_32:indef.obj
 0002:0000366c       scopeid_unspecified        000000014001366c     ws2_32:indef.obj
 0002:00003670       in4addr_any                0000000140013670     ws2_32:indef.obj
 0002:00003674       in4addr_loopback           0000000140013674     ws2_32:indef.obj
 0002:00003678       in4addr_broadcast          0000000140013678     ws2_32:indef.obj
 0002:0000367c       in4addr_allnodesonlink     000000014001367c     ws2_32:indef.obj
 0002:00003680       in4addr_allroutersonlink   0000000140013680     ws2_32:indef.obj
 0002:00003684       in4addr_alligmpv3routersonlink 0000000140013684     ws2_32:indef.obj
 0002:00003688       in4addr_allteredohostsonlink 0000000140013688     ws2_32:indef.obj
 0002:0000368c       in4addr_linklocalprefix    000000014001368c     ws2_32:indef.obj
 0002:00003690       in4addr_multicastprefix    0000000140013690     ws2_32:indef.obj
 0002:00003698       in6addr_any                0000000140013698     ws2_32:indef.obj
 0002:000036b0       in6addr_loopback           00000001400136b0     ws2_32:indef.obj
 0002:000036c8       in6addr_allnodesonnode     00000001400136c8     ws2_32:indef.obj
 0002:000036e0       in6addr_allnodesonlink     00000001400136e0     ws2_32:indef.obj
 0002:000036f8       in6addr_allroutersonlink   00000001400136f8     ws2_32:indef.obj
 0002:00003710       in6addr_allmldv2routersonlink 0000000140013710     ws2_32:indef.obj
 0002:00003728       in6addr_teredoinitiallinklocaladdress 0000000140013728     ws2_32:indef.obj
 0002:00003740       in6addr_linklocalprefix    0000000140013740     ws2_32:indef.obj
 0002:00003758       in6addr_multicastprefix    0000000140013758     ws2_32:indef.obj
 0002:00003770       in6addr_solicitednodemulticastprefix 0000000140013770     ws2_32:indef.obj
 0002:00003788       in6addr_v4mappedprefix     0000000140013788     ws2_32:indef.obj
 0002:000037a0       in6addr_6to4prefix         00000001400137a0     ws2_32:indef.obj
 0002:000037b8       in6addr_teredoprefix       00000001400137b8     ws2_32:indef.obj
 0002:000037d0       in6addr_teredoprefix_old   00000001400137d0     ws2_32:indef.obj
 0002:000037e8       BUGCHECK_EFI_GUID          00000001400137e8     ws2_32:indef.obj
 0003:00000000       server_port                0000000140014000     dbg_.-remote.o
 0003:00000008       thisServerId               0000000140014008     dbg_.-remote.o
 0003:00000020       Providers                  0000000140014020     dbg_.-runtime.o
 0003:00000080       context                    0000000140014080     asm_dbg.o
 0003:000002e8       AddressFamilyInformation   00000001400142e8     ws2_32:indef.obj
 0003:00000430       connections_lock           0000000140014430     dbg_.-api.o
 0003:00000438       connections_len            0000000140014438     dbg_.-api.o
 0003:00000440       pages_lock                 0000000140014440     dbg_.-api.o
 0003:00000448       pages_len                  0000000140014448     dbg_.-api.o
 0003:00000450       known_id_broadcasts        0000000140014450     dbg_.-api.o
 0003:00000470       known_page_broadcasts      0000000140014470     dbg_.-api.o
 0003:00000490       known_path_broadcasts      0000000140014490     dbg_.-api.o
 0003:000004b0       known_path_id_broadcasts   00000001400144b0     dbg_.-api.o
 0003:000004d0       local_objects              00000001400144d0     dbg_.-api.o
 0003:000004f0       known_objects              00000001400144f0     dbg_.-api.o
 0003:00000510       query_requests             0000000140014510     dbg_.-api.o
 0003:00000530       push_requests              0000000140014530     dbg_.-api.o
 0003:00000550       known_hives                0000000140014550     dbg_.-api.o
 0003:00000570       connections                0000000140014570     dbg_.-api.o
 0003:00002570       pages                      0000000140016570     dbg_.-api.o
 0003:00003a80       ServerIdGetLock            0000000140017a80     dbg_.-remote.o
 0003:00003a88       next_local_id              0000000140017a88     dbg_.-remote.o
 0003:00003a90       hIOCP                      0000000140017a90     dbg_.-remote.o
 0003:00004450       hHeap                      0000000140018450     dbg_.-runtime_lib.o
 0003:00004458       hInput                     0000000140018458     dbg_.-runtime_lib.o
 0003:00004460       buf                        0000000140018460     dbg_.-runtime_lib.o
 0003:00005460       hOutput                    0000000140019460     dbg_.-runtime_lib.o
 0003:00005468       frequency                  0000000140019468     dbg_.-runtime_lib.o
 0003:000057b0       Workers                    00000001400197b0     dbg_.-runtime.o
 0003:00006110       wait_list_lock             000000014001a110     dbg_.-runtime.o
 0003:00006118       wait_list_len              000000014001a118     dbg_.-runtime.o
 0003:00006120       queue_lock                 000000014001a120     dbg_.-runtime.o
 0003:00006128       queue_len                  000000014001a128     dbg_.-runtime.o
 0003:00006130       wait_list                  000000014001a130     dbg_.-runtime.o
 0003:000c9630       queue                      00000001400dd630     dbg_.-runtime.o
 0003:000dceb0       defined_arrays             00000001400f0eb0     dbg_.-runtime.o
 0003:000dceb8       dwTlsIndex                 00000001400f0eb8     dbg_.-runtime.o
 0003:00108025       ExPoolZeroingNativelySupported 000000014011c025     ws2_32:indef.obj
 0004:00000000       __imp_TlsSetValue          000000014011d000     kernel32:KERNEL32.dll
 0004:00000008       __imp_WaitForMultipleObjects 000000014011d008     kernel32:KERNEL32.dll
 0004:00000010       __imp_ExitProcess          000000014011d010     kernel32:KERNEL32.dll
 0004:00000018       __imp_TlsGetValue          000000014011d018     kernel32:KERNEL32.dll
 0004:00000020       __imp_AcquireSRWLockShared 000000014011d020     kernel32:KERNEL32.dll
 0004:00000028       __imp_ReleaseSRWLockShared 000000014011d028     kernel32:KERNEL32.dll
 0004:00000030       __imp_AcquireSRWLockExclusive 000000014011d030     kernel32:KERNEL32.dll
 0004:00000038       __imp_ReleaseSRWLockExclusive 000000014011d038     kernel32:KERNEL32.dll
 0004:00000040       __imp_Sleep                000000014011d040     kernel32:KERNEL32.dll
 0004:00000048       __imp_CreateIoCompletionPort 000000014011d048     kernel32:KERNEL32.dll
 0004:00000050       __imp_GetLastError         000000014011d050     kernel32:KERNEL32.dll
 0004:00000058       __imp_FormatMessageW       000000014011d058     kernel32:KERNEL32.dll
 0004:00000060       __imp_CreateThread         000000014011d060     kernel32:KERNEL32.dll
 0004:00000068       __imp_TryAcquireSRWLockExclusive 000000014011d068     kernel32:KERNEL32.dll
 0004:00000070       __imp_GetQueuedCompletionStatus 000000014011d070     kernel32:KERNEL32.dll
 0004:00000078       __imp_HeapAlloc            000000014011d078     kernel32:KERNEL32.dll
 0004:00000080       __imp_MultiByteToWideChar  000000014011d080     kernel32:KERNEL32.dll
 0004:00000088       __imp_WriteConsoleW        000000014011d088     kernel32:KERNEL32.dll
 0004:00000090       __imp_HeapFree             000000014011d090     kernel32:KERNEL32.dll
 0004:00000098       __imp_GetConsoleMode       000000014011d098     kernel32:KERNEL32.dll
 0004:000000a0       __imp_ReadConsoleW         000000014011d0a0     kernel32:KERNEL32.dll
 0004:000000a8       __imp_ReadFile             000000014011d0a8     kernel32:KERNEL32.dll
 0004:000000b0       __imp_QueryPerformanceCounter 000000014011d0b0     kernel32:KERNEL32.dll
 0004:000000b8       __imp_QueryPerformanceFrequency 000000014011d0b8     kernel32:KERNEL32.dll
 0004:000000c0       __imp_GetStdHandle         000000014011d0c0     kernel32:KERNEL32.dll
 0004:000000c8       __imp_GetProcessHeap       000000014011d0c8     kernel32:KERNEL32.dll
 0004:000000d0       __imp_VirtualAlloc         000000014011d0d0     kernel32:KERNEL32.dll
 0004:000000d8       __imp_LoadLibraryA         000000014011d0d8     kernel32:KERNEL32.dll
 0004:000000e0       __imp_GetProcAddress       000000014011d0e0     kernel32:KERNEL32.dll
 0004:000000e8       __imp_GetCommandLineW      000000014011d0e8     kernel32:KERNEL32.dll
 0004:000000f0       __imp_TlsAlloc             000000014011d0f0     kernel32:KERNEL32.dll
 0004:000000f8       __imp_CreateFileW          000000014011d0f8     kernel32:KERNEL32.dll
 0004:00000100       __imp_GetFileSizeEx        000000014011d100     kernel32:KERNEL32.dll
 0004:00000108       __imp_CloseHandle          000000014011d108     kernel32:KERNEL32.dll
 0004:00000110       __imp_TlsFree              000000014011d110     kernel32:KERNEL32.dll
 0004:00000118       \177KERNEL32_NULL_THUNK_DATA 000000014011d118     kernel32:KERNEL32.dll
 0004:000001a8       __imp_CommandLineToArgvW   000000014011d1a8     shell32:SHELL32.dll
 0004:000001b0       \177SHELL32_NULL_THUNK_DATA 000000014011d1b0     shell32:SHELL32.dll
 0004:00000208       __imp_accept               000000014011d208     ws2_32:WS2_32.dll
 0004:00000210       __imp_listen               000000014011d210     ws2_32:WS2_32.dll
 0004:00000218       __imp_getpeername          000000014011d218     ws2_32:WS2_32.dll
 0004:00000220       __imp_inet_ntop            000000014011d220     ws2_32:WS2_32.dll
 0004:00000228       __imp_ntohs                000000014011d228     ws2_32:WS2_32.dll
 0004:00000230       __imp_WSARecv              000000014011d230     ws2_32:WS2_32.dll
 0004:00000238       __imp_send                 000000014011d238     ws2_32:WS2_32.dll
 0004:00000240       __imp_socket               000000014011d240     ws2_32:WS2_32.dll
 0004:00000248       __imp_connect              000000014011d248     ws2_32:WS2_32.dll
 0004:00000250       __imp_closesocket          000000014011d250     ws2_32:WS2_32.dll
 0004:00000258       __imp_getaddrinfo          000000014011d258     ws2_32:WS2_32.dll
 0004:00000260       __imp_freeaddrinfo         000000014011d260     ws2_32:WS2_32.dll
 0004:00000268       __imp_WSAStartup           000000014011d268     ws2_32:WS2_32.dll
 0004:00000270       __imp_setsockopt           000000014011d270     ws2_32:WS2_32.dll
 0004:00000278       __imp_htons                000000014011d278     ws2_32:WS2_32.dll
 0004:00000280       __imp_bind                 000000014011d280     ws2_32:WS2_32.dll
 0004:00000288       __imp_getsockname          000000014011d288     ws2_32:WS2_32.dll
 0004:00000290       \177WS2_32_NULL_THUNK_DATA 000000014011d290     ws2_32:WS2_32.dll
 0004:00000300       __imp_BCryptGenRandom      000000014011d300     bcrypt:bcrypt.dll
 0004:00000308       \177bcrypt_NULL_THUNK_DATA 000000014011d308     bcrypt:bcrypt.dll
 0004:00000360       __IMPORT_DESCRIPTOR_SHELL32 000000014011d360     shell32:SHELL32.dll
 0004:00000374       __IMPORT_DESCRIPTOR_KERNEL32 000000014011d374     kernel32:KERNEL32.dll
 0004:00000388       __IMPORT_DESCRIPTOR_bcrypt 000000014011d388     bcrypt:bcrypt.dll
 0004:0000039c       __IMPORT_DESCRIPTOR_WS2_32 000000014011d39c     ws2_32:WS2_32.dll
 0004:000003b0       __NULL_IMPORT_DESCRIPTOR   000000014011d3b0     shell32:SHELL32.dll

 entry point at        0001:00000014

 Static symbols

 0000:ffee2000       .debug$S                   0000000140000000     bcrypt:bcrypt.dll
 0000:ffee2000       .debug$S                   0000000140000000     kernel32:KERNEL32.dll
 0000:ffee2000       .debug$S                   0000000140000000     kernel32:KERNEL32.dll
 0000:ffee2000       .debug$S                   0000000140000000     kernel32:KERNEL32.dll
 0000:ffee2000       .debug$S                   0000000140000000     kernel32:KERNEL32.dll
 0000:ffee2000       .debug$S                   0000000140000000     kernel32:KERNEL32.dll
 0000:ffee2000       .debug$S                   0000000140000000     kernel32:KERNEL32.dll
 0000:ffee2000       .debug$S                   0000000140000000     kernel32:KERNEL32.dll
 0000:ffee2000       .debug$S                   0000000140000000     kernel32:KERNEL32.dll
 0000:ffee2000       .debug$S                   0000000140000000     kernel32:KERNEL32.dll
 0000:ffee2000       .debug$S                   0000000140000000     kernel32:KERNEL32.dll
 0000:ffee2000       .debug$S                   0000000140000000     kernel32:KERNEL32.dll
 0000:ffee2000       .debug$S                   0000000140000000     kernel32:KERNEL32.dll
 0000:ffee2000       .debug$S                   0000000140000000     kernel32:KERNEL32.dll
 0000:ffee2000       .debug$S                   0000000140000000     kernel32:KERNEL32.dll
 0000:ffee2000       .debug$S                   0000000140000000     kernel32:KERNEL32.dll
 0000:ffee2000       .debug$S                   0000000140000000     kernel32:KERNEL32.dll
 0000:ffee2000       .debug$S                   0000000140000000     kernel32:KERNEL32.dll
 0000:ffee2000       .debug$S                   0000000140000000     kernel32:KERNEL32.dll
 0000:ffee2000       .debug$S                   0000000140000000     kernel32:KERNEL32.dll
 0000:ffee2000       .debug$S                   0000000140000000     kernel32:KERNEL32.dll
 0000:ffee2000       .debug$S                   0000000140000000     kernel32:KERNEL32.dll
 0000:ffee2000       .debug$S                   0000000140000000     kernel32:KERNEL32.dll
 0000:ffee2000       .debug$S                   0000000140000000     kernel32:KERNEL32.dll
 0000:ffee2000       .debug$S                   0000000140000000     kernel32:KERNEL32.dll
 0000:ffee2000       .debug$S                   0000000140000000     kernel32:KERNEL32.dll
 0000:ffee2000       .debug$S                   0000000140000000     kernel32:KERNEL32.dll
 0000:ffee2000       .debug$S                   0000000140000000     kernel32:KERNEL32.dll
 0000:ffee2000       .debug$S                   0000000140000000     kernel32:KERNEL32.dll
 0000:ffee2000       .debug$S                   0000000140000000     kernel32:KERNEL32.dll
 0000:ffee2000       .debug$S                   0000000140000000     kernel32:KERNEL32.dll
 0000:ffee2000       .debug$S                   0000000140000000     kernel32:KERNEL32.dll
 0000:ffee2000       .debug$S                   0000000140000000     kernel32:KERNEL32.dll
 0000:ffee2000       .debug$S                   0000000140000000     kernel32:KERNEL32.dll
 0000:ffee2000       .debug$S                   0000000140000000     kernel32:KERNEL32.dll
 0000:ffee2000       .debug$S                   0000000140000000     kernel32:KERNEL32.dll
 0000:ffee2000       .debug$S                   0000000140000000     shell32:SHELL32.dll
 0000:ffee2000       .debug$S                   0000000140000000     ws2_32:WS2_32.dll
 0000:ffee2000       .debug$S                   0000000140000000     ws2_32:WS2_32.dll
 0000:ffee2000       .debug$S                   0000000140000000     ws2_32:WS2_32.dll
 0000:ffee2000       .debug$S                   0000000140000000     ws2_32:WS2_32.dll
 0000:ffee2000       .debug$S                   0000000140000000     ws2_32:WS2_32.dll
 0000:ffee2000       .debug$S                   0000000140000000     ws2_32:WS2_32.dll
 0000:ffee2000       .debug$S                   0000000140000000     ws2_32:WS2_32.dll
 0000:ffee2000       .debug$S                   0000000140000000     ws2_32:WS2_32.dll
 0000:ffee2000       .debug$S                   0000000140000000     ws2_32:WS2_32.dll
 0000:ffee2000       .debug$S                   0000000140000000     ws2_32:WS2_32.dll
 0000:ffee2000       .debug$S                   0000000140000000     ws2_32:WS2_32.dll
 0000:ffee2000       .debug$S                   0000000140000000     ws2_32:WS2_32.dll
 0000:ffee2000       .debug$S                   0000000140000000     ws2_32:WS2_32.dll
 0000:ffee2000       .debug$S                   0000000140000000     ws2_32:WS2_32.dll
 0000:ffee2000       .debug$S                   0000000140000000     ws2_32:WS2_32.dll
 0000:ffee2000       .debug$S                   0000000140000000     ws2_32:WS2_32.dll
 0000:ffee2000       .debug$S                   0000000140000000     ws2_32:WS2_32.dll
 0001:000021c0       GetKnownHiveHash           00000001400031c0 f   dbg_.-api.o
 0001:00005570       Worker                     0000000140006570 f   dbg_.-remote.o
 0001:00005b10       ConnectionListnerWorker    0000000140006b10 f   dbg_.-remote.o
 0001:00005ce0       PagesAllocator             0000000140006ce0 f   dbg_.-remote.o
 0001:00005da0       StateSender                0000000140006da0 f   dbg_.-remote.o
 0001:00005dc0       HandleApiCall              0000000140006dc0 f   dbg_.-remote.o
 0001:0000c5d0       .text                      000000014000d5d0     asm_dbg.o
 0002:00003650       BFE_GENERIC_MAPPING        0000000140013650     ws2_32:indef.obj
 0002:00003800       IPSEC_AUTH_TRANSFORM_ID_HMAC_MD5_96 0000000140013800     ws2_32:indef.obj
 0002:00003810       IPSEC_AUTH_TRANSFORM_ID_HMAC_SHA_1_96 0000000140013810     ws2_32:indef.obj
 0002:00003820       IPSEC_AUTH_TRANSFORM_ID_HMAC_SHA_256_128 0000000140013820     ws2_32:indef.obj
 0002:00003830       IPSEC_AUTH_TRANSFORM_ID_GCM_AES_128 0000000140013830     ws2_32:indef.obj
 0002:00003840       IPSEC_AUTH_TRANSFORM_ID_GCM_AES_192 0000000140013840     ws2_32:indef.obj
 0002:00003850       IPSEC_AUTH_TRANSFORM_ID_GCM_AES_256 0000000140013850     ws2_32:indef.obj
 0002:00003860       IPSEC_CIPHER_TRANSFORM_ID_CBC_DES 0000000140013860     ws2_32:indef.obj
 0002:00003870       IPSEC_CIPHER_TRANSFORM_ID_CBC_3DES 0000000140013870     ws2_32:indef.obj
 0002:00003880       IPSEC_CIPHER_TRANSFORM_ID_AES_128 0000000140013880     ws2_32:indef.obj
 0002:00003890       IPSEC_CIPHER_TRANSFORM_ID_AES_192 0000000140013890     ws2_32:indef.obj
 0002:000038a0       IPSEC_CIPHER_TRANSFORM_ID_AES_256 00000001400138a0     ws2_32:indef.obj
 0002:000038b0       IPSEC_CIPHER_TRANSFORM_ID_GCM_AES_128 00000001400138b0     ws2_32:indef.obj
 0002:000038c0       IPSEC_CIPHER_TRANSFORM_ID_GCM_AES_192 00000001400138c0     ws2_32:indef.obj
 0002:000038d0       IPSEC_CIPHER_TRANSFORM_ID_GCM_AES_256 00000001400138d0     ws2_32:indef.obj
 0003:00000080       .data                      0000000140014080     asm_dbg.o
 0003:00003aa0       gai_strerrorW.buff         0000000140017aa0     dbg_.-remote.o
 0003:00108024       WFP_TRACE_NULL_DATA        000000014011c024     ws2_32:indef.obj
 0004:0000073e       .idata$6                   000000014011d73e     shell32:SHELL32.dll
 0004:000009ca       .idata$6                   000000014011d9ca     kernel32:KERNEL32.dll
 0004:000009ea       .idata$6                   000000014011d9ea     bcrypt:bcrypt.dll
 0004:00000a2a       .idata$6                   000000014011da2a     ws2_32:WS2_32.dll
