 d

 Timestamp is 69886ee0 (Sun Feb  8 14:09:20 2026)

 Preferred load address is 0000000140000000

 Start         Length     Name                   Class
 0001:00000000 0001226bH .text                   CODE
 0001:0001226b 0000120dH .text$mn                CODE
 0002:00000000 00004d14H .rdata                  DATA
 0002:00004d11 00000000H .edata                  DATA
 0002:00004d14 00000164H .rdata$zzzdbg           DATA
 0003:00000000 00000420H .data                   DATA
 0003:00000420 0010870eH .bss                    DATA
 0004:00000000 00000450H .idata$5                DATA
 0004:00000450 00000064H .idata$2                DATA
 0004:000004b4 00000014H .idata$3                DATA
 0004:000004c8 00000450H .idata$4                DATA
 0004:00000918 000005dbH .idata$6                DATA

  Address         Publics by Value              Rva+Base               Lib:Object

 0000:00000000       __AbsoluteZero             0000000000000000     <absolute>
 0000:00000000       ___safe_se_handler_count   0000000000000000     <absolute>
 0000:00000000       ___safe_se_handler_table   0000000000000000     <absolute>
 0000:00000000       __arm64x_extra_rfe_table   0000000000000000     <absolute>
 0000:00000000       __arm64x_extra_rfe_table_size 0000000000000000     <absolute>
 0000:00000000       __arm64x_native_entrypoint 0000000000000000     <absolute>
 0000:00000000       __arm64x_redirection_metadata 0000000000000000     <absolute>
 0000:00000000       __arm64x_redirection_metadata_count 0000000000000000     <absolute>
 0000:00000000       __dynamic_value_reloc_table 0000000000000000     <absolute>
 0000:00000000       __enclave_config           0000000000000000     <absolute>
 0000:00000000       __guard_check_icall_a64n_fptr 0000000000000000     <absolute>
 0000:00000000       __guard_eh_cont_count      0000000000000000     <absolute>
 0000:00000000       __guard_eh_cont_table      0000000000000000     <absolute>
 0000:00000000       __guard_fids_count         0000000000000000     <absolute>
 0000:00000000       __guard_fids_table         0000000000000000     <absolute>
 0000:00000000       __guard_iat_count          0000000000000000     <absolute>
 0000:00000000       __guard_iat_table          0000000000000000     <absolute>
 0000:00000000       __guard_longjmp_count      0000000000000000     <absolute>
 0000:00000000       __guard_longjmp_table      0000000000000000     <absolute>
 0000:00000000       __hybrid_auxiliary_delayload_iat 0000000000000000     <absolute>
 0000:00000000       __hybrid_auxiliary_delayload_iat_copy 0000000000000000     <absolute>
 0000:00000000       __hybrid_auxiliary_iat     0000000000000000     <absolute>
 0000:00000000       __hybrid_auxiliary_iat_copy 0000000000000000     <absolute>
 0000:00000000       __hybrid_code_map          0000000000000000     <absolute>
 0000:00000000       __hybrid_code_map_count    0000000000000000     <absolute>
 0000:00000000       __hybrid_image_info_bitfield 0000000000000000     <absolute>
 0000:00000000       __volatile_metadata        0000000000000000     <absolute>
 0000:00000000       __x64_code_ranges_to_entry_points 0000000000000000     <absolute>
 0000:00000000       __x64_code_ranges_to_entry_points_count 0000000000000000     <absolute>
 0000:00000100       __guard_flags              0000000000000100     <absolute>
 0001:00000410       gpuPauseWorker             0000000140001410 f   dbg_.-gpu-await_worker.o
 0001:00000510       gpuCallObject              0000000140001510 f   dbg_.-gpu-call_object.o
 0001:00000610       gpuExecuteWorker           0000000140001610 f   dbg_.-gpu-execute_worker.o
 0001:000007d0       gpuNewObjectUsingPage      00000001400017d0 f   dbg_.-gpu-new_object.o
 0001:00000900       gpuNewObject               0000000140001900 f   dbg_.-gpu-new_object.o
 0001:000009b0       gpuPushObject              00000001400019b0 f   dbg_.-gpu-push_object.o
 0001:000009f0       gpuPushPipe                00000001400019f0 f   dbg_.-gpu-push_object.o
 0001:00000a40       gpuQueryObject             0000000140001a40 f   dbg_.-gpu-query_object.o
 0001:00000a80       gpuQueryPipe               0000000140001a80 f   dbg_.-gpu-query_object.o
 0001:00000ae0       x64PauseWorker             0000000140001ae0 f   dbg_.-x64-await_worker.o
 0001:00000be0       x64CallObject              0000000140001be0 f   dbg_.-x64-call_object.o
 0001:00000ce0       x64ExecuteWorker           0000000140001ce0 f   dbg_.-x64-execute_worker.o
 0001:00000d40       x64NewObjectUsingPage      0000000140001d40 f   dbg_.-x64-new_object.o
 0001:00001240       x64NewObjectStates         0000000140002240 f   dbg_.-x64-new_object.o
 0001:000012d0       x64NewObject               00000001400022d0 f   dbg_.-x64-new_object.o
 0001:00001560       x64UpdateLocalPush         0000000140002560 f   dbg_.-x64-push_object.o
 0001:00001650       x64OnPushObject            0000000140002650 f   dbg_.-x64-push_object.o
 0001:000016e0       x64PushObjectStates        00000001400026e0 f   dbg_.-x64-push_object.o
 0001:000017e0       x64PushObject              00000001400027e0 f   dbg_.-x64-push_object.o
 0001:00001a40       x64PushPipe                0000000140002a40 f   dbg_.-x64-push_object.o
 0001:00001bd0       x64QueryLocalObject        0000000140002bd0 f   dbg_.-x64-query_object.o
 0001:00001d30       x64OnQueryObject           0000000140002d30 f   dbg_.-x64-query_object.o
 0001:00001e00       x64QueryObjectStates       0000000140002e00 f   dbg_.-x64-query_object.o
 0001:00001f20       x64QueryObject             0000000140002f20 f   dbg_.-x64-query_object.o
 0001:00002120       x64QueryPipe               0000000140003120 f   dbg_.-x64-query_object.o
 0001:000022c0       equal_bytes                00000001400032c0 f   dbg_.-api.o
 0001:00002350       GetHashtableNoLock         0000000140003350 f   dbg_.-api.o
 0001:00002480       SetHashtableNoLock         0000000140003480 f   dbg_.-api.o
 0001:00002780       GetHashtable               0000000140003780 f   dbg_.-api.o
 0001:000027e0       SetHashtable               00000001400037e0 f   dbg_.-api.o
 0001:00002830       InitInternalStructures     0000000140003830 f   dbg_.-api.o
 0001:00002da0       castOnQueryObject          0000000140003da0 f   dbg_.-cast_provider.o
 0001:00002f60       anyCastStates              0000000140003f60 f   dbg_.-cast_provider.o
 0001:00004010       anyCastProvider            0000000140005010 f   dbg_.-cast_provider.o
 0001:00004710       init_gpu_subsystem         0000000140005710 f   dbg_.-gpu_subsystem.o
 0001:000061c0       gpuBuildFromText           00000001400071c0 f   dbg_.-gpu_subsystem.o
 0001:000064a0       gpuAlloc                   00000001400074a0 f   dbg_.-gpu_subsystem.o
 0001:000064e0       gpuRun                     00000001400074e0 f   dbg_.-gpu_subsystem.o
 0001:00006590       gpuFinishQueuesOnPlatform  0000000140007590 f   dbg_.-gpu_subsystem.o
 0001:00006610       gpuFinishQueue             0000000140007610 f   dbg_.-gpu_subsystem.o
 0001:00006e10       StartInitialProcess        0000000140007e10 f   dbg_.-hive_entry.o
 0001:000070b0       GetConnectionById          00000001400080b0 f   dbg_.-remote.o
 0001:00007140       DumpConnections            0000000140008140 f   dbg_.-remote.o
 0001:00007490       ConfirmPage                0000000140008490 f   dbg_.-remote.o
 0001:00007530       ConfirmID                  0000000140008530 f   dbg_.-remote.o
 0001:00007580       HandleNewConnection        0000000140008580 f   dbg_.-remote.o
 0001:00007760       UpdateWaitingPush          0000000140008760 f   dbg_.-remote.o
 0001:000079a0       AnswerPushObject           00000001400089a0 f   dbg_.-remote.o
 0001:00007a80       SendPageAllocationConfirm  0000000140008a80 f   dbg_.-remote.o
 0001:00007b10       SendIDConfirm              0000000140008b10 f   dbg_.-remote.o
 0001:00007ba0       RedirectBroadcastQuery     0000000140008ba0 f   dbg_.-remote.o
 0001:00007d20       RedirectBroadcastIDQuery   0000000140008d20 f   dbg_.-remote.o
 0001:00007ea0       ConfirmConnection          0000000140008ea0 f   dbg_.-remote.o
 0001:00008050       InitiateConnection         0000000140009050 f   dbg_.-remote.o
 0001:000083c0       RequestMemoryPage          00000001400093c0 f   dbg_.-remote.o
 0001:000084d0       RequestServerId            00000001400094d0 f   dbg_.-remote.o
 0001:000085e0       AnswerQueryObject          00000001400095e0 f   dbg_.-remote.o
 0001:00008720       AnswerRequestObjectPath    0000000140009720 f   dbg_.-remote.o
 0001:00008860       RequestObjectPathBroadcast 0000000140009860 f   dbg_.-remote.o
 0001:00008a80       AnswerRequestPathToID      0000000140009a80 f   dbg_.-remote.o
 0001:00008bc0       RequestPathToIDBroadcast   0000000140009bc0 f   dbg_.-remote.o
 0001:00008de0       RequestObjectGet           0000000140009de0 f   dbg_.-remote.o
 0001:00008f00       RequestObjectSet           0000000140009f00 f   dbg_.-remote.o
 0001:00009100       StartNewWorkerRemote       000000014000a100 f   dbg_.-remote.o
 0001:00009230       SendHiveState              000000014000a230 f   dbg_.-remote.o
 0001:000093f0       start_remote_subsystem     000000014000a3f0 f   dbg_.-remote.o
 0001:0000d010       gai_strerrorW              000000014000e010 f i dbg_.-remote.o
 0001:0000d070       memset                     000000014000e070 f   dbg_.-runtime_lib.o
 0001:0000d0d0       memcpy                     000000014000e0d0 f   dbg_.-runtime_lib.o
 0001:0000d140       myMalloc                   000000014000e140 f   dbg_.-runtime_lib.o
 0001:0000d190       myPrintf                   000000014000e190 f   dbg_.-runtime_lib.o
 0001:0000d4c0       myRealloc                  000000014000e4c0 f   dbg_.-runtime_lib.o
 0001:0000d520       myFree                     000000014000e520 f   dbg_.-runtime_lib.o
 0001:0000d560       myAtoll                    000000014000e560 f   dbg_.-runtime_lib.o
 0001:0000d6a0       get_char                   000000014000e6a0 f   dbg_.-runtime_lib.o
 0001:0000d780       myScanI64                  000000014000e780 f   dbg_.-runtime_lib.o
 0001:0000d810       myScanS                    000000014000e810 f   dbg_.-runtime_lib.o
 0001:0000d910       PrintI64                   000000014000e910 f   dbg_.-runtime_lib.o
 0001:0000d9e0       PrintI64H                  000000014000e9e0 f   dbg_.-runtime_lib.o
 0001:0000da80       Print2H                    000000014000ea80 f   dbg_.-runtime_lib.o
 0001:0000db20       assertion_failure          000000014000eb20 f   dbg_.-runtime_lib.o
 0001:0000db70       myAbs                      000000014000eb70 f   dbg_.-runtime_lib.o
 0001:0000dba0       MicrosecondsToTicks        000000014000eba0 f   dbg_.-runtime_lib.o
 0001:0000dbc0       TicksToMicroseconds        000000014000ebc0 f   dbg_.-runtime_lib.o
 0001:0000dbe0       GetTicks                   000000014000ebe0 f   dbg_.-runtime_lib.o
 0001:0000dc00       SheduleTimeoutFromNow      000000014000ec00 f   dbg_.-runtime_lib.o
 0001:0000dc40       init_lib                   000000014000ec40 f   dbg_.-runtime_lib.o
 0001:0000df90       RegisterObjectWithId       000000014000ef90 f   dbg_.-runtime.o
 0001:0000dfc0       GetNewObjectId             000000014000efc0 f   dbg_.-runtime.o
 0001:0000e0b0       universalPauseWorker       000000014000f0b0 f   dbg_.-runtime.o
 0001:0000e150       universalUpdateLocalPush   000000014000f150 f   dbg_.-runtime.o
 0001:0000e1b0       UpdateFromQueryResult      000000014000f1b0 f   dbg_.-runtime.o
 0001:0000e230       PrintObject                000000014000f230 f   dbg_.-runtime.o
 0001:0000e430       WaitListWorker             000000014000f430 f   dbg_.-runtime.o
 0001:0000e4a0       EnqueueWorkerFromWaitList  000000014000f4a0 f   dbg_.-runtime.o
 0001:0000e530       EnqueueWorker              000000014000f530 f   dbg_.-runtime.o
 0001:0000e5a0       UpdateWaitingWorkers       000000014000f5a0 f   dbg_.-runtime.o
 0001:0000e760       SheduleWorker              000000014000f760 f   dbg_.-runtime.o
 0001:0000e910       StartNewWorker             000000014000f910 f   dbg_.-runtime.o
 0001:0000ec50       LoadWorker                 000000014000fc50 f   dbg_.-runtime.o
 0001:0000fad0       ShedulerInstance           0000000140010ad0 f   dbg_.-runtime.o
 0001:0000fbd0       entry                      0000000140010bd0 f   dbg_.-runtime.o
 0001:00010a50       x64_fastPushObject         0000000140011a50     asm_dbg.o
 0001:00010acc       x64_fastQueryObject        0000000140011acc     asm_dbg.o
 0001:00010b48       x64_fastNewObject          0000000140011b48     asm_dbg.o
 0001:00010bc4       x64_fastCallObject         0000000140011bc4     asm_dbg.o
 0001:00010c40       x64_fastPushPipe           0000000140011c40     asm_dbg.o
 0001:00010cbc       x64_fastQueryPipe          0000000140011cbc     asm_dbg.o
 0001:00010d38       gpu_fastNewObject          0000000140011d38     asm_dbg.o
 0001:00010db4       gpu_fastCallObject         0000000140011db4     asm_dbg.o
 0001:00010e30       any_fastCastProvider       0000000140011e30     asm_dbg.o
 0001:00010eac       x64AsmExecuteWorker        0000000140011eac     asm_dbg.o
 0001:00010ef3       setjmpUN                   0000000140011ef3     asm_dbg.o
 0001:00010f26       longjmpUN                  0000000140011f26     asm_dbg.o
 0001:00010f4f       DllCall                    0000000140011f4f     asm_dbg.o
 0001:0001226b       CommandLineToArgvW         000000014001326b f   shell32:SHELL32.dll
 0001:00012271       TlsGetValue                0000000140013271 f   kernel32:KERNEL32.dll
 0001:00012277       ExitProcess                0000000140013277 f   kernel32:KERNEL32.dll
 0001:0001227d       AcquireSRWLockShared       000000014001327d f   kernel32:KERNEL32.dll
 0001:00012283       ReleaseSRWLockShared       0000000140013283 f   kernel32:KERNEL32.dll
 0001:00012289       AcquireSRWLockExclusive    0000000140013289 f   kernel32:KERNEL32.dll
 0001:0001228f       ReleaseSRWLockExclusive    000000014001328f f   kernel32:KERNEL32.dll
 0001:00012295       Sleep                      0000000140013295 f   kernel32:KERNEL32.dll
 0001:0001229b       CreateIoCompletionPort     000000014001329b f   kernel32:KERNEL32.dll
 0001:000122a1       GetLastError               00000001400132a1 f   kernel32:KERNEL32.dll
 0001:000122a7       FormatMessageW             00000001400132a7 f   kernel32:KERNEL32.dll
 0001:000122ad       CreateThread               00000001400132ad f   kernel32:KERNEL32.dll
 0001:000122b3       TryAcquireSRWLockExclusive 00000001400132b3 f   kernel32:KERNEL32.dll
 0001:000122b9       GetQueuedCompletionStatus  00000001400132b9 f   kernel32:KERNEL32.dll
 0001:000122bf       HeapAlloc                  00000001400132bf f   kernel32:KERNEL32.dll
 0001:000122c5       MultiByteToWideChar        00000001400132c5 f   kernel32:KERNEL32.dll
 0001:000122cb       WriteConsoleW              00000001400132cb f   kernel32:KERNEL32.dll
 0001:000122d1       HeapReAlloc                00000001400132d1 f   kernel32:KERNEL32.dll
 0001:000122d7       HeapFree                   00000001400132d7 f   kernel32:KERNEL32.dll
 0001:000122dd       GetConsoleMode             00000001400132dd f   kernel32:KERNEL32.dll
 0001:000122e3       ReadConsoleW               00000001400132e3 f   kernel32:KERNEL32.dll
 0001:000122e9       ReadFile                   00000001400132e9 f   kernel32:KERNEL32.dll
 0001:000122ef       QueryPerformanceCounter    00000001400132ef f   kernel32:KERNEL32.dll
 0001:000122f5       QueryPerformanceFrequency  00000001400132f5 f   kernel32:KERNEL32.dll
 0001:000122fb       GetStdHandle               00000001400132fb f   kernel32:KERNEL32.dll
 0001:00012301       GetProcessHeap             0000000140013301 f   kernel32:KERNEL32.dll
 0001:00012307       VirtualAlloc               0000000140013307 f   kernel32:KERNEL32.dll
 0001:0001230d       LoadLibraryA               000000014001330d f   kernel32:KERNEL32.dll
 0001:00012313       GetProcAddress             0000000140013313 f   kernel32:KERNEL32.dll
 0001:00012319       TlsSetValue                0000000140013319 f   kernel32:KERNEL32.dll
 0001:0001231f       TlsAlloc                   000000014001331f f   kernel32:KERNEL32.dll
 0001:00012325       CreateFileW                0000000140013325 f   kernel32:KERNEL32.dll
 0001:0001232b       GetFileSizeEx              000000014001332b f   kernel32:KERNEL32.dll
 0001:00012331       CloseHandle                0000000140013331 f   kernel32:KERNEL32.dll
 0001:00012337       GetCommandLineW            0000000140013337 f   kernel32:KERNEL32.dll
 0001:0001233d       WaitForMultipleObjects     000000014001333d f   kernel32:KERNEL32.dll
 0001:00012343       TlsFree                    0000000140013343 f   kernel32:KERNEL32.dll
 0001:00012349       BCryptGenRandom            0000000140013349 f   bcrypt:bcrypt.dll
 0001:0001234f       getpeername                000000014001334f f   ws2_32:WS2_32.dll
 0001:00012355       inet_ntop                  0000000140013355 f   ws2_32:WS2_32.dll
 0001:0001235b       ntohs                      000000014001335b f   ws2_32:WS2_32.dll
 0001:00012361       WSARecv                    0000000140013361 f   ws2_32:WS2_32.dll
 0001:00012367       send                       0000000140013367 f   ws2_32:WS2_32.dll
 0001:0001236d       socket                     000000014001336d f   ws2_32:WS2_32.dll
 0001:00012373       connect                    0000000140013373 f   ws2_32:WS2_32.dll
 0001:00012379       closesocket                0000000140013379 f   ws2_32:WS2_32.dll
 0001:0001237f       getaddrinfo                000000014001337f f   ws2_32:WS2_32.dll
 0001:00012385       freeaddrinfo               0000000140013385 f   ws2_32:WS2_32.dll
 0001:0001238b       WSAStartup                 000000014001338b f   ws2_32:WS2_32.dll
 0001:00012391       setsockopt                 0000000140013391 f   ws2_32:WS2_32.dll
 0001:00012397       htons                      0000000140013397 f   ws2_32:WS2_32.dll
 0001:0001239d       bind                       000000014001339d f   ws2_32:WS2_32.dll
 0001:000123a3       getsockname                00000001400133a3 f   ws2_32:WS2_32.dll
 0001:000123a9       listen                     00000001400133a9 f   ws2_32:WS2_32.dll
 0001:000123af       accept                     00000001400133af f   ws2_32:WS2_32.dll
 0001:000123b5       clEnqueueReadBuffer        00000001400133b5 f   OpenCL:OpenCL.dll
 0001:000123bb       clEnqueueWriteBuffer       00000001400133bb f   OpenCL:OpenCL.dll
 0001:000123c1       clGetPlatformIDs           00000001400133c1 f   OpenCL:OpenCL.dll
 0001:000123c7       clGetPlatformInfo          00000001400133c7 f   OpenCL:OpenCL.dll
 0001:000123cd       clGetDeviceIDs             00000001400133cd f   OpenCL:OpenCL.dll
 0001:000123d3       clGetDeviceInfo            00000001400133d3 f   OpenCL:OpenCL.dll
 0001:000123d9       clCreateContext            00000001400133d9 f   OpenCL:OpenCL.dll
 0001:000123df       clCreateCommandQueueWithProperties 00000001400133df f   OpenCL:OpenCL.dll
 0001:000123e5       clCreateProgramWithSource  00000001400133e5 f   OpenCL:OpenCL.dll
 0001:000123eb       clBuildProgram             00000001400133eb f   OpenCL:OpenCL.dll
 0001:000123f1       clGetProgramBuildInfo      00000001400133f1 f   OpenCL:OpenCL.dll
 0001:000123f7       clCreateKernel             00000001400133f7 f   OpenCL:OpenCL.dll
 0001:000123fd       clCreateBuffer             00000001400133fd f   OpenCL:OpenCL.dll
 0001:00012403       clEnqueueNDRangeKernel     0000000140013403 f   OpenCL:OpenCL.dll
 0001:00012409       clFinish                   0000000140013409 f   OpenCL:OpenCL.dll
 0002:00000000       ??_C@_1EK@KEDGKNCB@?$AAP?$AAa?$AAu?$AAs?$AAe?$AAd?$AA?5?$AAw?$AAo?$AAr?$AAk?$AAe?$AAr?$AA?5?$AAG?$AAP?$AAU?$AA?5?$AA?$CF?$AAl?$AAl?$AAd?$AA?5?$AA?$FL?$AAc?$AAa?$AAu?$AAs?$AAe?$AA?5?$AA?$CF?$AAl@ 0000000140015000     dbg_.-gpu-await_worker.o
 0002:00000058       ??_C@_1FC@NMNADHLK@?$AAC?$AAa?$AAl?$AAl?$AAi?$AAn?$AAg?$AA?5?$AAw?$AAo?$AAr?$AAk?$AAe?$AAr?$AA?5?$AA?$CF?$AAl?$AAl?$AAd?$AA?5?$AA?$FL?$AAd?$AAa?$AAt?$AAa?$AA?$DN?$AA?$CF?$AAp?$AA?0?$AA?5?$AAm?$AAo@ 0000000140015058     dbg_.-gpu-call_object.o
 0002:000000ba       ??_C@_1BC@GMOKLPI@?$AAT?$AAa?$AAb?$AAl?$AAe?$AA?5?$AA?$DN?$AA?5?$AA?$AA@ 00000001400150ba     dbg_.-gpu-call_object.o
 0002:000000d0       ??_C@_1M@OMOAGDNC@?$AA?$CF?$AA0?$AA2?$AAx?$AA?5?$AA?$AA@ 00000001400150d0     dbg_.-gpu-call_object.o
 0002:000000de       ??_C@_13LBAGMAIH@?$AA?6?$AA?$AA@ 00000001400150de     dbg_.-gpu-call_object.o
 0002:000000e2       ??_C@_1CG@CCFDEFBF@?$AAR?$AAU?$AAN?$AA?5?$AAG?$AAP?$AAU?$AA?5?$AAw?$AAo?$AAr?$AAk?$AAe?$AAr?$AA?$DN?$AA?$CF?$AAp?$AA?6?$AA?$AA@ 00000001400150e2     dbg_.-gpu-execute_worker.o
 0002:00000110       ??_C@_1FG@NKPPHDDL@?$AAA?$AAl?$AAl?$AAo?$AAc?$AAa?$AAt?$AAi?$AAn?$AAg?$AA?5?$AAb?$AAu?$AAf?$AAf?$AAe?$AAr?$AA?5?$AAo?$AAf?$AA?5?$AAs?$AAi?$AAz?$AAe?$AA?5?$AA?$CF?$AAl?$AAl?$AAd?$AA?5?$AAp@ 0000000140015110     dbg_.-gpu-new_object.o
 0002:00000178       ??_C@_1DO@PIAGAENK@?$AAE?$AAR?$AAR?$AAO?$AAR?$AA?3?$AA?5?$AAg?$AAp?$AAu?$AAA?$AAl?$AAl?$AAo?$AAc?$AA?5?$AAf?$AAa?$AAi?$AAl?$AAe?$AAd?$AA?5?$AA?$FL?$AA?$CF?$AAl?$AAl?$AAd?$AA?$FN?$AA?6?$AA?$AA@ 0000000140015178     dbg_.-gpu-new_object.o
 0002:000001c2       ??_C@_1BG@LMPFNDF@?$AAr?$AAe?$AAs?$AAu?$AAl?$AAt?$AA?5?$AA?$CF?$AAp?$AA?6?$AA?$AA@ 00000001400151c2     dbg_.-gpu-new_object.o
 0002:000001dc       ??_C@_1FM@LBBNKNII@?$AAE?$AAR?$AAR?$AAO?$AAR?$AA?3?$AA?5?$AAP?$AAi?$AAp?$AAe?$AAs?$AA?5?$AAa?$AAr?$AAe?$AA?5?$AAu?$AAn?$AAs?$AAu?$AAp?$AAp?$AAo?$AAr?$AAt?$AAe?$AAd?$AA?5?$AAo?$AAn?$AA?5@ 00000001400151dc     dbg_.-gpu-new_object.o
 0002:0000024a       ??_C@_1EA@PKIDLDBK@?$AAo?$AAb?$AAj?$AAe?$AAc?$AAt?$AA?5?$AAf?$AAo?$AAr?$AA?5?$AAs?$AAi?$AAz?$AAe?$AA?5?$AA?$CF?$AAl?$AAl?$AAd?$AA?5?$AAa?$AAl?$AAl?$AAo?$AAc?$AAa?$AAt?$AAe?$AAd?$AA?6?$AA?$AA@ 000000014001524a     dbg_.-gpu-new_object.o
 0002:00000296       ??_C@_1GM@BNFAKJM@?$AAE?$AAR?$AAR?$AAO?$AAR?$AA?3?$AA?5?$AAP?$AAi?$AAp?$AAe?$AAs?$AA?5?$AAa?$AAr?$AAe?$AA?5?$AAu?$AAn?$AAs?$AAu?$AAp?$AAp?$AAo?$AAr?$AAt?$AAe?$AAd?$AA?5?$AAo?$AAn?$AA?5@ 0000000140015296     dbg_.-gpu-new_object.o
 0002:00000318       ??_C@_1DC@NBDPBMKB@?$AAW?$AAr?$AAo?$AAn?$AAg?$AA?5?$AAt?$AAy?$AAp?$AAe?$AA?5?$AAi?$AAn?$AA?5?$AAN?$AAe?$AAw?$AAO?$AAb?$AAj?$AAe?$AAc?$AAt?$AA?6?$AA?$AA@ 0000000140015318     dbg_.-gpu-new_object.o
 0002:00000354       ??_C@_1EG@FBJBJMFK@?$AAN?$AAO?$AAT?$AA?5?$AAS?$AAU?$AAP?$AAP?$AAO?$AAR?$AAT?$AAE?$AAD?$AA?3?$AA?5?$AAp?$AAu?$AAs?$AAh?$AA?5?$AAi?$AAn?$AA?5?$AAg?$AAp?$AAu?$AA?5?$AAo?$AAb?$AAj?$AAe?$AAc@ 0000000140015354     dbg_.-gpu-push_object.o
 0002:000003a8       ??_C@_1FE@GJLEMBH@?$AAN?$AAO?$AAT?$AA?5?$AAS?$AAU?$AAP?$AAP?$AAO?$AAR?$AAT?$AAE?$AAD?$AA?3?$AA?5?$AAp?$AAu?$AAs?$AAh?$AA?5?$AAi?$AAn?$AA?5?$AAg?$AAp?$AAu?$AA?5?$AAo?$AAb?$AAj?$AAe?$AAc@ 00000001400153a8     dbg_.-gpu-push_object.o
 0002:0000040c       ??_C@_1EI@EPHKLIAN@?$AAN?$AAO?$AAT?$AA?5?$AAS?$AAU?$AAP?$AAP?$AAO?$AAR?$AAT?$AAE?$AAD?$AA?3?$AA?5?$AAq?$AAu?$AAe?$AAr?$AAy?$AA?5?$AAi?$AAn?$AA?5?$AAg?$AAp?$AAu?$AA?5?$AAo?$AAb?$AAj?$AAe@ 000000014001540c     dbg_.-gpu-query_object.o
 0002:00000462       ??_C@_1FG@PCBNEEAC@?$AAN?$AAO?$AAT?$AA?5?$AAS?$AAU?$AAP?$AAP?$AAO?$AAR?$AAT?$AAE?$AAD?$AA?3?$AA?5?$AAq?$AAu?$AAe?$AAr?$AAy?$AA?5?$AAi?$AAn?$AA?5?$AAg?$AAp?$AAu?$AA?5?$AAo?$AAb?$AAj?$AAe@ 0000000140015462     dbg_.-gpu-query_object.o
 0002:000004ca       ??_C@_1EC@FMMFNKHC@?$AAP?$AAa?$AAu?$AAs?$AAe?$AAd?$AA?5?$AAw?$AAo?$AAr?$AAk?$AAe?$AAr?$AA?5?$AA?$CF?$AAl?$AAl?$AAd?$AA?5?$AA?$FL?$AAc?$AAa?$AAu?$AAs?$AAe?$AA?5?$AA?$CF?$AAl?$AAl?$AAd?$AA?$FN?$AA?6@ 00000001400154ca     dbg_.-x64-await_worker.o
 0002:0000051a       ??_C@_1BG@KNJPCEOH@?$AAw?$AAo?$AAr?$AAk?$AAe?$AAr?$AA?$DN?$AA?$CF?$AAp?$AA?6?$AA?$AA@ 000000014001551a     dbg_.-x64-execute_worker.o
 0002:0000054c       ??_C@_1DM@CKKHLHMJ@?$AAP?$AAi?$AAp?$AAe?$AA?5?$AAf?$AAo?$AAr?$AA?5?$AAs?$AAi?$AAz?$AAe?$AA?5?$AA?$CF?$AAl?$AAl?$AAd?$AA?5?$AAa?$AAl?$AAl?$AAo?$AAc?$AAa?$AAt?$AAe?$AAd?$AA?6?$AA?$AA@ 000000014001554c     dbg_.-x64-new_object.o
 0002:00000594       ??_C@_1BG@HIIBALHG@?$AA?$FL?$AAi?$AAd?$AA?$DN?$AA?$CF?$AAl?$AAl?$AAx?$AA?$FN?$AA?6?$AA?$AA@ 0000000140015594     dbg_.-x64-new_object.o
 0002:000005ae       ??_C@_1GK@LJBKHIKD@?$AAA?$AAr?$AAr?$AAa?$AAy?$AA?5?$AAo?$AAf?$AA?5?$AA?$CF?$AAl?$AAl?$AAd?$AA?5?$AAb?$AAy?$AAt?$AAe?$AAs?$AA?0?$AA?5?$AAe?$AAl?$AAe?$AAm?$AAe?$AAn?$AAt?$AA?5?$AAo?$AAf?$AA?5@ 00000001400155ae     dbg_.-x64-new_object.o
 0002:0000062e       ??_C@_1EC@IBADEGPM@?$AAP?$AAr?$AAo?$AAm?$AAi?$AAs?$AAe?$AA?5?$AAf?$AAo?$AAr?$AA?5?$AAs?$AAi?$AAz?$AAe?$AA?5?$AA?$CF?$AAl?$AAl?$AAd?$AA?5?$AAa?$AAl?$AAl?$AAo?$AAc?$AAa?$AAt?$AAe?$AAd?$AA?6@ 000000014001562e     dbg_.-x64-new_object.o
 0002:0000067e       ??_C@_1DO@OEOJCPLG@?$AAC?$AAl?$AAa?$AAs?$AAs?$AA?5?$AAf?$AAo?$AAr?$AA?5?$AAs?$AAi?$AAz?$AAe?$AA?5?$AA?$CF?$AAl?$AAl?$AAd?$AA?5?$AAa?$AAl?$AAl?$AAo?$AAc?$AAa?$AAt?$AAe?$AAd?$AA?6?$AA?$AA@ 000000014001567e     dbg_.-x64-new_object.o
 0002:000006c8       ??_C@_1EO@GECEJMLH@?$AAD?$AAe?$AAf?$AAi?$AAn?$AAe?$AAd?$AA?5?$AAa?$AAr?$AAr?$AAa?$AAy?$AA?5?$AAf?$AAo?$AAr?$AA?5?$AAs?$AAi?$AAz?$AAe?$AA?5?$AA?$CF?$AAl?$AAl?$AAd?$AA?5?$AAa?$AAl?$AAl?$AAo@ 00000001400156c8     dbg_.-x64-new_object.o
 0002:00000726       ??_C@_1M@FHJLFHFE@?$AA?5?$AA?$CF?$AA0?$AA2?$AAx?$AA?$AA@ 0000000140015726     dbg_.-x64-new_object.o
 0002:0000075a       ??_C@_1EG@IHOMNHMM@?$AAw?$AAa?$AAi?$AAt?$AAi?$AAn?$AAg?$AA?5?$AAf?$AAo?$AAr?$AA?5?$AAr?$AAe?$AAm?$AAo?$AAt?$AAe?$AA?5?$AAp?$AAu?$AAs?$AAh?$AA?5?$AA?$CF?$AAl?$AAl?$AAd?$AA?1?$AA?$CF?$AAl?$AAl@ 000000014001575a     dbg_.-x64-push_object.o
 0002:000007ae       ??_C@_1CG@JJBKNCBO@?$AAp?$AAu?$AAs?$AAh?$AA?5?$AAt?$AAo?$AA?5?$AAo?$AAb?$AAj?$AAe?$AAc?$AAt?$AA?5?$AA?$CF?$AAp?$AA?6?$AA?$AA@ 00000001400157ae     dbg_.-x64-push_object.o
 0002:000007dc       ??_C@_1CG@FCDGDINM@?$AAp?$AAu?$AAs?$AAh?$AA?5?$AAt?$AAo?$AA?5?$AAp?$AAi?$AAp?$AAe?$AA?5?$AA?$CF?$AAl?$AAl?$AAd?$AA?6?$AA?$AA@ 00000001400157dc     dbg_.-x64-push_object.o
 0002:0000080a       ??_C@_1EI@HFFKCAJK@?$AAw?$AAa?$AAi?$AAt?$AAi?$AAn?$AAg?$AA?5?$AAf?$AAo?$AAr?$AA?5?$AAr?$AAe?$AAm?$AAo?$AAt?$AAe?$AA?5?$AAq?$AAu?$AAe?$AAr?$AAy?$AA?5?$AA?$CF?$AAl?$AAl?$AAd?$AA?1?$AA?$CF?$AAl@ 000000014001580a     dbg_.-x64-query_object.o
 0002:00000860       ??_C@_1CG@NFAKFIFJ@?$AAQ?$AAu?$AAe?$AAr?$AAy?$AA?5?$AAo?$AAb?$AAj?$AAe?$AAc?$AAt?$AA?5?$AA?$CF?$AAl?$AAl?$AAd?$AA?6?$AA?$AA@ 0000000140015860     dbg_.-x64-query_object.o
 0002:0000088e       ??_C@_1CM@JHEDMDLC@?$AAq?$AAu?$AAe?$AAr?$AAy?$AA?5?$AAf?$AAr?$AAo?$AAm?$AA?5?$AAp?$AAi?$AAp?$AAe?$AA?5?$AA?$CF?$AAl?$AAl?$AAd?$AA?6?$AA?$AA@ 000000014001588e     dbg_.-x64-query_object.o
 0002:000008f0       ??_C@_1CM@EKFGKDGG@?$AAG?$AAe?$AAt?$AA?5?$AAo?$AAb?$AAj?$AAe?$AAc?$AAt?$AA?5?$AAi?$AAd?$AA?5?$AA?$DN?$AA?5?$AA?$CF?$AAl?$AAl?$AAd?$AA?6?$AA?$AA@ 00000001400158f0     dbg_.-cast_provider.o
 0002:00000924       ??_C@_1FE@BCAGMINK@?$AAE?$AAr?$AAr?$AAo?$AAr?$AA?3?$AA?5?$AAn?$AAo?$AA?5?$AAk?$AAn?$AAo?$AAw?$AAn?$AA?5?$AAs?$AAi?$AAz?$AAe?$AA?5?$AAf?$AAo?$AAr?$AA?5?$AAn?$AAo?$AAt?$AA?5?$AAa?$AAr?$AAr@ 0000000140015924     dbg_.-cast_provider.o
 0002:00000988       ??_C@_1CO@MKKBGDMJ@?$AAg?$AAo?$AAt?$AA?5?$AAl?$AAo?$AAc?$AAa?$AAl?$AA?5?$AAs?$AAi?$AAz?$AAe?$AA?5?$AAa?$AAn?$AAs?$AAw?$AAe?$AAr?$AA?6?$AA?$AA@ 0000000140015988     dbg_.-cast_provider.o
 0002:000009c0       ??_C@_1DM@MLLOPCOA@?$AAQ?$AAu?$AAe?$AAr?$AAy?$AAi?$AAn?$AAg?$AA?5?$AAo?$AAb?$AAj?$AAe?$AAc?$AAt?$AA?5?$AAs?$AAi?$AAz?$AAe?$AA?5?$AAo?$AAf?$AA?5?$AA?$CF?$AAl?$AAl?$AAd?$AA?6?$AA?$AA@ 00000001400159c0     dbg_.-cast_provider.o
 0002:00000a08       ??_C@_1DA@NCDJBGNA@?$AAg?$AAo?$AAt?$AA?5?$AAr?$AAe?$AAm?$AAo?$AAt?$AAe?$AA?5?$AAs?$AAi?$AAz?$AAe?$AA?5?$AAa?$AAn?$AAs?$AAw?$AAe?$AAr?$AA?6?$AA?$AA@ 0000000140015a08     dbg_.-cast_provider.o
 0002:00000a42       ??_C@_1DK@MHAKINPM@?$AAK?$AAn?$AAo?$AAw?$AA?5?$AAs?$AAi?$AAz?$AAe?$AA?$DN?$AA?$CF?$AAl?$AAl?$AAd?$AA?5?$AA?$FL?$AAp?$AAa?$AAr?$AAa?$AAm?$AA?$DN?$AA?$CF?$AAl?$AAl?$AAd?$AA?$FN?$AA?6?$AA?$AA@ 0000000140015a42     dbg_.-cast_provider.o
 0002:00000a88       ??_C@_1FK@KDAFABDO@?$AAE?$AAr?$AAr?$AAo?$AAr?$AA?3?$AA?5?$AAl?$AAo?$AAc?$AAa?$AAl?$AA?5?$AAo?$AAb?$AAj?$AAe?$AAc?$AAt?$AA?5?$AAw?$AAa?$AAs?$AA?5?$AAr?$AAe?$AAm?$AAo?$AAv?$AAe?$AAd?$AA?5@ 0000000140015a88     dbg_.-cast_provider.o
 0002:00000af4       ??_C@_1FO@HMOHPFHI@?$AAE?$AAr?$AAr?$AAo?$AAr?$AA?5?$AAh?$AAa?$AAp?$AAp?$AAe?$AAn?$AA?5?$AAw?$AAh?$AAi?$AAl?$AAe?$AA?5?$AAc?$AAl?$AAE?$AAn?$AAq?$AAu?$AAe?$AAu?$AAe?$AAR?$AAe?$AAa?$AAd@ 0000000140015af4     dbg_.-cast_provider.o
 0002:00000b64       ??_C@_1EE@JNODMKEN@?$AAS?$AAu?$AAc?$AAc?$AAe?$AAs?$AAs?$AAi?$AAf?$AAu?$AAl?$AAl?$AAy?$AA?5?$AAc?$AAo?$AAn?$AAv?$AAe?$AAr?$AAt?$AAe?$AAd?$AA?5?$AAg?$AAp?$AAu?$AA?9?$AA?$DO?$AAc?$AAp?$AAu@ 0000000140015b64     dbg_.-cast_provider.o
 0002:00000bb6       ??_C@_1GA@EEKPNAGK@?$AAE?$AAr?$AAr?$AAo?$AAr?$AA?5?$AAh?$AAa?$AAp?$AAp?$AAe?$AAn?$AA?5?$AAw?$AAh?$AAi?$AAl?$AAe?$AA?5?$AAc?$AAl?$AAE?$AAn?$AAq?$AAu?$AAe?$AAu?$AAe?$AAW?$AAr?$AAi?$AAt@ 0000000140015bb6     dbg_.-cast_provider.o
 0002:00000c2a       ??_C@_1EE@NKOFIBGO@?$AAS?$AAu?$AAc?$AAc?$AAe?$AAs?$AAs?$AAi?$AAf?$AAu?$AAl?$AAl?$AAy?$AA?5?$AAc?$AAo?$AAn?$AAv?$AAe?$AAr?$AAt?$AAe?$AAd?$AA?5?$AAc?$AAp?$AAu?$AA?9?$AA?$DO?$AAg?$AAp?$AAu@ 0000000140015c2a     dbg_.-cast_provider.o
 0002:00000c7c       ??_C@_1BM@OBHKMKPP@?$AAR?$AAe?$AAt?$AAu?$AAr?$AAn?$AA?3?$AA?5?$AA?$CF?$AAl?$AAl?$AAd?$AA?6?$AA?$AA@ 0000000140015c7c     dbg_.-cast_provider.o
 0002:00000c9e       ??_C@_1EC@IPADNJOO@?$AAc?$AAo?$AAn?$AAv?$AAe?$AAr?$AAt?$AA?5?$AA?$CF?$AAp?$AA?5?$AA?$FL?$AAt?$AAy?$AAp?$AAe?$AAs?$AA?5?$AA?$CF?$AAl?$AAl?$AAd?$AA?5?$AA?9?$AA?$DO?$AA?5?$AA?$CF?$AAl?$AAl?$AAd?$AA?$FN?$AA?6@ 0000000140015c9e     dbg_.-cast_provider.o
 0002:00000cee       ??_C@_1IA@HIJJNPCH@?$AAE?$AAR?$AAR?$AAO?$AAR?$AA?3?$AA?5?$AAn?$AAo?$AAt?$AA?5?$AAs?$AAu?$AAp?$AAp?$AAo?$AAr?$AAt?$AAe?$AAd?$AA?5?$AAc?$AAo?$AAn?$AAv?$AAe?$AAr?$AAs?$AAi?$AAo?$AAn?$AA?5@ 0000000140015cee     dbg_.-cast_provider.o
 0002:00000d88       ??_C@_1DK@FINICEEJ@?$AAG?$AAo?$AAt?$AA?5?$AAa?$AAt?$AA?5?$AAl?$AAe?$AAa?$AAs?$AAt?$AA?5?$AA?$CF?$AAl?$AAl?$AAd?$AA?5?$AAp?$AAl?$AAa?$AAt?$AAf?$AAo?$AAr?$AAm?$AAs?$AA?6?$AA?$AA@ 0000000140015d88     dbg_.-gpu_subsystem.o
 0002:00000dce       ??_C@_1CA@OOAPHHDP@?$AAP?$AAl?$AAa?$AAt?$AAf?$AAo?$AAr?$AAm?$AA?5?$AA?$CF?$AAl?$AAl?$AAd?$AA?3?$AA?6?$AA?$AA@ 0000000140015dce     dbg_.-gpu_subsystem.o
 0002:00000df4       ??_C@_1DK@CFKCPDLH@?$AA?7?$AA?$CF?$AAl?$AAl?$AAd?$AA?4?$AAN?$AAa?$AAm?$AAe?$AA?5?$AA?5?$AA?5?$AA?5?$AA?5?$AA?5?$AA?5?$AA?5?$AA?5?$AA?5?$AA?5?$AA?5?$AA?5?$AA?3?$AA?5?$AA?$CF?$AAs?$AA?6?$AA?$AA@ 0000000140015df4     dbg_.-gpu_subsystem.o
 0002:00000e3a       ??_C@_1DK@PKNJPDCN@?$AA?7?$AA?$CF?$AAl?$AAl?$AAd?$AA?4?$AAV?$AAe?$AAn?$AAd?$AAo?$AAr?$AA?5?$AA?5?$AA?5?$AA?5?$AA?5?$AA?5?$AA?5?$AA?5?$AA?5?$AA?5?$AA?5?$AA?3?$AA?5?$AA?$CF?$AAs?$AA?6?$AA?$AA@ 0000000140015e3a     dbg_.-gpu_subsystem.o
 0002:00000e80       ??_C@_1DK@BCHMBHFB@?$AA?7?$AA?$CF?$AAl?$AAl?$AAd?$AA?4?$AAV?$AAe?$AAr?$AAs?$AAi?$AAo?$AAn?$AA?5?$AA?5?$AA?5?$AA?5?$AA?5?$AA?5?$AA?5?$AA?5?$AA?5?$AA?5?$AA?3?$AA?5?$AA?$CF?$AAs?$AA?6?$AA?$AA@ 0000000140015e80     dbg_.-gpu_subsystem.o
 0002:00000ec6       ??_C@_1DK@PPLGHIMI@?$AA?7?$AA?$CF?$AAl?$AAl?$AAd?$AA?4?$AAP?$AAr?$AAo?$AAf?$AAi?$AAl?$AAe?$AA?5?$AA?5?$AA?5?$AA?5?$AA?5?$AA?5?$AA?5?$AA?5?$AA?5?$AA?5?$AA?3?$AA?5?$AA?$CF?$AAs?$AA?6?$AA?$AA@ 0000000140015ec6     dbg_.-gpu_subsystem.o
 0002:00000f0c       ??_C@_1DK@KGLDJAGB@?$AA?7?$AA?$CF?$AAl?$AAl?$AAd?$AA?4?$AAE?$AAx?$AAt?$AAe?$AAn?$AAs?$AAi?$AAo?$AAn?$AAs?$AA?5?$AA?5?$AA?5?$AA?5?$AA?5?$AA?5?$AA?5?$AA?3?$AA?5?$AA?$CF?$AAs?$AA?6?$AA?$AA@ 0000000140015f0c     dbg_.-gpu_subsystem.o
 0002:00000f52       ??_C@_1DO@JAHGICMH@?$AA?7?$AA?$CF?$AAl?$AAl?$AAd?$AA?4?$AAT?$AAi?$AAm?$AAe?$AAr?$AA?5?$AAR?$AAe?$AAs?$AAo?$AAl?$AAu?$AAt?$AAi?$AAo?$AAn?$AA?5?$AA?3?$AA?5?$AA?$CF?$AAl?$AAl?$AAd?$AA?6?$AA?$AA@ 0000000140015f52     dbg_.-gpu_subsystem.o
 0002:00000f9c       ??_C@_1FE@GFHOHNKH@?$AAp?$AAl?$AAa?$AAt?$AAf?$AAo?$AAr?$AAm?$AA?5?$AA?$CF?$AAl?$AAl?$AAd?$AA?3?$AA?5?$AAG?$AAo?$AAt?$AA?5?$AAa?$AAt?$AA?5?$AAl?$AAe?$AAa?$AAs?$AAt?$AA?5?$AA?$CF?$AAl?$AAl?$AAd@ 0000000140015f9c     dbg_.-gpu_subsystem.o
 0002:00001000       ??_C@_1BM@MMFNNAKO@?$AAD?$AAe?$AAv?$AAi?$AAc?$AAe?$AA?5?$AA?$CF?$AAl?$AAl?$AAd?$AA?3?$AA?6?$AA?$AA@ 0000000140016000     dbg_.-gpu_subsystem.o
 0002:00001022       ??_C@_1FG@GKDLJBIA@?$AA?7?$AA?$CF?$AAl?$AAl?$AAd?$AA?4?$AA?$CF?$AAl?$AAl?$AAd?$AA?4?$AAN?$AAa?$AAm?$AAe?$AA?5?$AA?5?$AA?5?$AA?5?$AA?5?$AA?5?$AA?5?$AA?5?$AA?5?$AA?5?$AA?5?$AA?5?$AA?5?$AA?5?$AA?5?$AA?5?$AA?5@ 0000000140016022     dbg_.-gpu_subsystem.o
 0002:0000108a       ??_C@_1FK@JCGLFMHC@?$AA?7?$AA?$CF?$AAl?$AAl?$AAd?$AA?4?$AA?$CF?$AAl?$AAl?$AAd?$AA?4?$AAA?$AAv?$AAa?$AAi?$AAl?$AAa?$AAb?$AAl?$AAe?$AA?5?$AA?5?$AA?5?$AA?5?$AA?5?$AA?5?$AA?5?$AA?5?$AA?5?$AA?5?$AA?5?$AA?5@ 000000014001608a     dbg_.-gpu_subsystem.o
 0002:000010f6       ??_C@_1FK@PNFJMFNM@?$AA?7?$AA?$CF?$AAl?$AAl?$AAd?$AA?4?$AA?$CF?$AAl?$AAl?$AAd?$AA?4?$AAT?$AAy?$AAp?$AAe?$AA?5?$AA?5?$AA?5?$AA?5?$AA?5?$AA?5?$AA?5?$AA?5?$AA?5?$AA?5?$AA?5?$AA?5?$AA?5?$AA?5?$AA?5?$AA?5?$AA?5@ 00000001400160f6     dbg_.-gpu_subsystem.o
 0002:00001162       ??_C@_1FG@OJFNKBCG@?$AA?7?$AA?$CF?$AAl?$AAl?$AAd?$AA?4?$AA?$CF?$AAl?$AAl?$AAd?$AA?4?$AAV?$AAe?$AAn?$AAd?$AAo?$AAr?$AA?5?$AA?5?$AA?5?$AA?5?$AA?5?$AA?5?$AA?5?$AA?5?$AA?5?$AA?5?$AA?5?$AA?5?$AA?5?$AA?5?$AA?5@ 0000000140016162     dbg_.-gpu_subsystem.o
 0002:000011ca       ??_C@_1FG@LICMMOCB@?$AA?7?$AA?$CF?$AAl?$AAl?$AAd?$AA?4?$AA?$CF?$AAl?$AAl?$AAd?$AA?4?$AAD?$AAr?$AAi?$AAv?$AAe?$AAr?$AA?5?$AAV?$AAe?$AAr?$AAs?$AAi?$AAo?$AAn?$AA?5?$AA?5?$AA?5?$AA?5?$AA?5?$AA?5?$AA?5@ 00000001400161ca     dbg_.-gpu_subsystem.o
 0002:00001232       ??_C@_1FG@GEMKEAJB@?$AA?7?$AA?$CF?$AAl?$AAl?$AAd?$AA?4?$AA?$CF?$AAl?$AAl?$AAd?$AA?4?$AAD?$AAe?$AAv?$AAi?$AAc?$AAe?$AA?5?$AAV?$AAe?$AAr?$AAs?$AAi?$AAo?$AAn?$AA?5?$AA?5?$AA?5?$AA?5?$AA?5?$AA?5?$AA?5@ 0000000140016232     dbg_.-gpu_subsystem.o
 0002:0000129a       ??_C@_1FG@MPCNGFNE@?$AA?7?$AA?$CF?$AAl?$AAl?$AAd?$AA?4?$AA?$CF?$AAl?$AAl?$AAd?$AA?4?$AAP?$AAr?$AAo?$AAf?$AAi?$AAl?$AAe?$AA?5?$AA?5?$AA?5?$AA?5?$AA?5?$AA?5?$AA?5?$AA?5?$AA?5?$AA?5?$AA?5?$AA?5?$AA?5?$AA?5@ 000000014001629a     dbg_.-gpu_subsystem.o
 0002:00001302       ??_C@_1FG@GJMINOLL@?$AA?7?$AA?$CF?$AAl?$AAl?$AAd?$AA?4?$AA?$CF?$AAl?$AAl?$AAd?$AA?4?$AAE?$AAx?$AAt?$AAe?$AAn?$AAs?$AAi?$AAo?$AAn?$AAs?$AA?5?$AA?5?$AA?5?$AA?5?$AA?5?$AA?5?$AA?5?$AA?5?$AA?5?$AA?5?$AA?5@ 0000000140016302     dbg_.-gpu_subsystem.o
 0002:0000136a       ??_C@_1FK@NKJEPLPJ@?$AA?7?$AA?$CF?$AAl?$AAl?$AAd?$AA?4?$AA?$CF?$AAl?$AAl?$AAd?$AA?4?$AAM?$AAa?$AAx?$AA?5?$AAC?$AAo?$AAm?$AAp?$AAu?$AAt?$AAe?$AA?5?$AAU?$AAn?$AAi?$AAt?$AAs?$AA?5?$AA?5?$AA?5?$AA?5@ 000000014001636a     dbg_.-gpu_subsystem.o
 0002:000013d6       ??_C@_1FK@OLFGCCPL@?$AA?7?$AA?$CF?$AAl?$AAl?$AAd?$AA?4?$AA?$CF?$AAl?$AAl?$AAd?$AA?4?$AAM?$AAa?$AAx?$AA?5?$AAI?$AAt?$AAe?$AAm?$AA?5?$AAD?$AAi?$AAm?$AAe?$AAn?$AAs?$AAi?$AAo?$AAn?$AAs?$AA?5?$AA?5@ 00000001400163d6     dbg_.-gpu_subsystem.o
 0002:00001442       ??_C@_1FK@CMFPDFMJ@?$AA?7?$AA?$CF?$AAl?$AAl?$AAd?$AA?4?$AA?$CF?$AAl?$AAl?$AAd?$AA?4?$AAM?$AAa?$AAx?$AA?5?$AAG?$AAr?$AAo?$AAu?$AAp?$AA?5?$AAS?$AAi?$AAz?$AAe?$AA?5?$AA?5?$AA?5?$AA?5?$AA?5?$AA?5?$AA?5@ 0000000140016442     dbg_.-gpu_subsystem.o
 0002:000014ae       ??_C@_1GA@OFJKKJHL@?$AA?7?$AA?7?$AA?$CF?$AAl?$AAl?$AAd?$AA?4?$AA?$CF?$AAl?$AAl?$AAd?$AA?4?$AAM?$AAa?$AAx?$AA?5?$AAI?$AAt?$AAe?$AAm?$AA?5?$AAS?$AAi?$AAz?$AAe?$AAs?$AA?$FL?$AA?$CF?$AAl?$AAl?$AAd?$AA?$FN@ 00000001400164ae     dbg_.-gpu_subsystem.o
 0002:00001522       ??_C@_1FK@PBEPJBHG@?$AA?7?$AA?$CF?$AAl?$AAl?$AAd?$AA?4?$AA?$CF?$AAl?$AAl?$AAd?$AA?4?$AAM?$AAa?$AAx?$AA?5?$AAC?$AAl?$AAo?$AAc?$AAk?$AA?5?$AAF?$AAr?$AAe?$AAq?$AAu?$AAe?$AAn?$AAc?$AAy?$AA?5?$AA?5@ 0000000140016522     dbg_.-gpu_subsystem.o
 0002:0000158e       ??_C@_1FK@EGKKPFNE@?$AA?7?$AA?$CF?$AAl?$AAl?$AAd?$AA?4?$AA?$CF?$AAl?$AAl?$AAd?$AA?4?$AAM?$AAa?$AAx?$AA?5?$AAM?$AAe?$AAm?$AA?5?$AAA?$AAl?$AAl?$AAo?$AAc?$AA?5?$AAS?$AAi?$AAz?$AAe?$AA?5?$AA?5?$AA?5@ 000000014001658e     dbg_.-gpu_subsystem.o
 0002:000015fa       ??_C@_1FK@NMMFNGJN@?$AA?7?$AA?$CF?$AAl?$AAl?$AAd?$AA?4?$AA?$CF?$AAl?$AAl?$AAd?$AA?4?$AAG?$AAl?$AAo?$AAb?$AAa?$AAl?$AA?5?$AAM?$AAe?$AAm?$AA?5?$AAC?$AAa?$AAc?$AAh?$AAe?$AAl?$AAi?$AAn?$AAe?$AA?5@ 00000001400165fa     dbg_.-gpu_subsystem.o
 0002:00001666       ??_C@_1FK@NMHJFOBI@?$AA?7?$AA?$CF?$AAl?$AAl?$AAd?$AA?4?$AA?$CF?$AAl?$AAl?$AAd?$AA?4?$AAG?$AAl?$AAo?$AAb?$AAa?$AAl?$AA?5?$AAM?$AAe?$AAm?$AA?5?$AAC?$AAa?$AAc?$AAh?$AAe?$AA?5?$AAS?$AAi?$AAz?$AAe@ 0000000140016666     dbg_.-gpu_subsystem.o
 0002:000016d2       ??_C@_1FK@KEPOBMOJ@?$AA?7?$AA?$CF?$AAl?$AAl?$AAd?$AA?4?$AA?$CF?$AAl?$AAl?$AAd?$AA?4?$AAG?$AAl?$AAo?$AAb?$AAa?$AAl?$AA?5?$AAM?$AAe?$AAm?$AA?5?$AAS?$AAi?$AAz?$AAe?$AA?5?$AA?5?$AA?5?$AA?5?$AA?5?$AA?5@ 00000001400166d2     dbg_.-gpu_subsystem.o
 0002:0000173e       ??_C@_1FK@BEKCEBKI@?$AA?7?$AA?$CF?$AAl?$AAl?$AAd?$AA?4?$AA?$CF?$AAl?$AAl?$AAd?$AA?4?$AAL?$AAo?$AAc?$AAa?$AAl?$AA?5?$AAM?$AAe?$AAm?$AA?5?$AAS?$AAi?$AAz?$AAe?$AA?5?$AA?5?$AA?5?$AA?5?$AA?5?$AA?5?$AA?5@ 000000014001673e     dbg_.-gpu_subsystem.o
 0002:000017aa       ??_C@_1DG@HHDGLCMF@?$AAA?$AAt?$AA?5?$AAe?$AAn?$AAd?$AA?5?$AAh?$AAa?$AAv?$AAe?$AA?5?$AA?$CF?$AAl?$AAl?$AAd?$AA?5?$AAd?$AAe?$AAv?$AAi?$AAc?$AAe?$AAs?$AA?4?$AA?6?$AA?$AA@ 00000001400167aa     dbg_.-gpu_subsystem.o
 0002:000017ea       ??_C@_1FC@JJNHHFIJ@?$AAI?$AAn?$AAi?$AAt?$AA?5?$AAf?$AAo?$AAr?$AAm?$AA?5?$AAp?$AAl?$AAa?$AAt?$AAf?$AAo?$AAr?$AAm?$AA?5?$AA?$CF?$AAl?$AAl?$AAd?$AA?5?$AA?$FL?$AAa?$AAu?$AAt?$AAo?$AA?5?$AAs?$AAe@ 00000001400167ea     dbg_.-gpu_subsystem.o
 0002:0000184c       ??_C@_1EC@CFAEGHOO@?$AAE?$AAr?$AAr?$AAo?$AAr?$AA?5?$AAa?$AAt?$AA?5?$AAc?$AAl?$AAC?$AAr?$AAe?$AAa?$AAt?$AAe?$AAC?$AAo?$AAn?$AAt?$AAe?$AAx?$AAt?$AA?5?$AA?$FL?$AA?$CF?$AAl?$AAl?$AAd?$AA?$FN?$AA?6@ 000000014001684c     dbg_.-gpu_subsystem.o
 0002:0000189c       ??_C@_1GI@JODPKPLM@?$AAE?$AAr?$AAr?$AAo?$AAr?$AA?5?$AAa?$AAt?$AA?5?$AAc?$AAl?$AAC?$AAr?$AAe?$AAa?$AAt?$AAe?$AAC?$AAo?$AAm?$AAm?$AAa?$AAn?$AAd?$AAQ?$AAu?$AAe?$AAu?$AAe?$AAW?$AAi?$AAt@ 000000014001689c     dbg_.-gpu_subsystem.o
 0002:00001918       ??_C@_0DM@BNIGEFGF@?9cl?9single?9precision?9constant?5?9c@ 0000000140016918     dbg_.-gpu_subsystem.o
 0002:00001960       ??_C@_1DE@FJCPKFIJ@?$AAB?$AAu?$AAi?$AAl?$AAd?$AAP?$AAr?$AAo?$AAg?$AAr?$AAa?$AAm?$AA?5?$AAE?$AAr?$AAr?$AAo?$AAr?$AA?3?$AA?5?$AA?$CF?$AAl?$AAl?$AAd?$AA?6?$AA?$AA@ 0000000140016960     dbg_.-gpu_subsystem.o
 0002:0000199e       ??_C@_1CO@HIIDKPPP@?$AAB?$AAu?$AAi?$AAl?$AAd?$AAI?$AAn?$AAf?$AAo?$AA?5?$AAE?$AAr?$AAr?$AAo?$AAr?$AA?3?$AA?5?$AA?$CF?$AAl?$AAl?$AAd?$AA?6?$AA?$AA@ 000000014001699e     dbg_.-gpu_subsystem.o
 0002:000019d6       ??_C@_1DA@GJKLKGNM@?$AAB?$AAu?$AAi?$AAl?$AAd?$AAI?$AAn?$AAf?$AAo?$AA2?$AA?5?$AAE?$AAr?$AAr?$AAo?$AAr?$AA?3?$AA?5?$AA?$CF?$AAl?$AAl?$AAd?$AA?6?$AA?$AA@ 00000001400169d6     dbg_.-gpu_subsystem.o
 0002:00001a10       ??_C@_1EA@DAHNIOPF@?$AAE?$AAr?$AAr?$AAo?$AAr?$AA?5?$AAI?$AAn?$AAf?$AAo?$AA?3?$AA?5?$AAc?$AAo?$AAd?$AAe?$AA?$DN?$AA?$CF?$AAl?$AAl?$AAd?$AA?3?$AA?5?$AAi?$AAn?$AAf?$AAo?$AA?$DN?$AA?$CF?$AAs?$AA?6?$AA?$AA@ 0000000140016a10     dbg_.-gpu_subsystem.o
 0002:00001a5c       ??_C@_1CO@DCKAPNAK@?$AAw?$AAa?$AAi?$AAt?$AAi?$AAn?$AAg?$AA?5?$AAs?$AAt?$AAa?$AAr?$AAt?$AAu?$AAp?$AA?5?$AAp?$AAa?$AAg?$AAe?$AAs?$AA?6?$AA?$AA@ 0000000140016a5c     dbg_.-hive_entry.o
 0002:00001a94       ??_C@_1EI@OLFKDNEP@?$AAE?$AAr?$AAr?$AAo?$AAr?$AA?3?$AA?5?$AAa?$AAl?$AAl?$AAo?$AAc?$AAa?$AAt?$AAe?$AAd?$AA?5?$AAa?$AAr?$AAr?$AAa?$AAy?$AA?5?$AAi?$AAs?$AAn?$AA?8?$AAt?$AA?5?$AAl?$AAo?$AAc@ 0000000140016a94     dbg_.-hive_entry.o
 0002:00001aea       ??_C@_1BM@MGOLOELI@?$AAr?$AAe?$AAs?$AAC?$AAo?$AAd?$AAe?$AAI?$AAd?$AA?$DN?$AA?$CF?$AAp?$AA?6?$AA?$AA@ 0000000140016aea     dbg_.-hive_entry.o
 0002:00001b0c       ??_C@_1DO@NMNBJACC@?$AA?9?$AA?9?$AA?9?$AA?9?$AA?9?$AA?5?$AAt?$AAo?$AAt?$AAa?$AAl?$AA?5?$AA?$CF?$AAl?$AAl?$AAd?$AA?5?$AAc?$AAo?$AAn?$AAn?$AAe?$AAc?$AAt?$AAi?$AAo?$AAn?$AAs?$AA?3?$AA?6?$AA?$AA@ 0000000140016b0c     dbg_.-remote.o
 0002:00001b56       ??_C@_1EM@BPMELAJO@?$AA?9?$AAc?$AAo?$AAn?$AAn?$AAe?$AAc?$AAt?$AAi?$AAo?$AAn?$AA?5?$AA?$FL?$AA?$CF?$AAp?$AA?$FN?$AA?5?$AA?$CF?$AAl?$AAl?$AAd?$AA?3?$AA?5?$AAl?$AAo?$AAc?$AAa?$AAl?$AA_?$AAi?$AAd?$AA?$DN@ 0000000140016b56     dbg_.-remote.o
 0002:00001bb2       ??_C@_1DC@HEOFFPLC@?$AAo?$AAu?$AAt?$AAg?$AAo?$AAi?$AAn?$AAg?$AA?3?$AA?5?$AAN?$AAo?$AA?5?$AAc?$AAo?$AAn?$AAn?$AAe?$AAc?$AAt?$AAi?$AAo?$AAn?$AA?6?$AA?$AA@ 0000000140016bb2     dbg_.-remote.o
 0002:00001bee       ??_C@_1DG@HNEHLNLB@?$AAo?$AAu?$AAt?$AAg?$AAo?$AAi?$AAn?$AAg?$AA?3?$AA?5?$AAI?$AAP?$AA?$DN?$AA?$CF?$AAs?$AA?5?$AAP?$AAO?$AAR?$AAT?$AA?$DN?$AA?$CF?$AAl?$AAl?$AAd?$AA?6?$AA?$AA@ 0000000140016bee     dbg_.-remote.o
 0002:00001c2e       ??_C@_1DI@OKINGPOA@?$AAo?$AAu?$AAt?$AAg?$AAo?$AAi?$AAn?$AAg?$AA?3?$AA?5?$AA?5?$AAI?$AAP?$AA?$DN?$AA?$CF?$AAs?$AA?5?$AAP?$AAO?$AAR?$AAT?$AA?$DN?$AA?$CF?$AAl?$AAl?$AAd?$AA?6?$AA?$AA@ 0000000140016c2e     dbg_.-remote.o
 0002:00001c72       ??_C@_1CM@KOFOMBCP@?$AAo?$AAu?$AAt?$AAg?$AAo?$AAi?$AAn?$AAg?$AA?3?$AA?5?$AA?5?$AAC?$AAo?$AAr?$AAr?$AAu?$AAp?$AAt?$AAe?$AAd?$AA?6?$AA?$AA@ 0000000140016c72     dbg_.-remote.o
 0002:00001ca6       ??_C@_1DC@OBBDDNNB@?$AAi?$AAn?$AAc?$AAo?$AAm?$AAi?$AAn?$AAg?$AA?3?$AA?5?$AAN?$AAo?$AA?5?$AAc?$AAo?$AAn?$AAn?$AAe?$AAc?$AAt?$AAi?$AAo?$AAn?$AA?6?$AA?$AA@ 0000000140016ca6     dbg_.-remote.o
 0002:00001ce2       ??_C@_1DG@NNAENLOC@?$AAi?$AAn?$AAc?$AAo?$AAm?$AAi?$AAn?$AAg?$AA?3?$AA?5?$AAI?$AAP?$AA?$DN?$AA?$CF?$AAs?$AA?5?$AAP?$AAO?$AAR?$AAT?$AA?$DN?$AA?$CF?$AAl?$AAl?$AAd?$AA?6?$AA?$AA@ 0000000140016ce2     dbg_.-remote.o
 0002:00001d22       ??_C@_1DI@NPMKAFFJ@?$AAi?$AAn?$AAc?$AAo?$AAm?$AAi?$AAn?$AAg?$AA?3?$AA?5?$AA?5?$AAI?$AAP?$AA?$DN?$AA?$CF?$AAs?$AA?5?$AAP?$AAO?$AAR?$AAT?$AA?$DN?$AA?$CF?$AAl?$AAl?$AAd?$AA?6?$AA?$AA@ 0000000140016d22     dbg_.-remote.o
 0002:00001d66       ??_C@_1GA@HHMMHPKA@?$AA?$CB?$AA?$CB?$AA?$CB?$AA?$CB?$AA?$CB?$AA?5?$AA?$DO?$AA?$DO?$AA?$DO?$AA?$DO?$AA?$DO?$AA?$DO?$AA?5?$AAP?$AAa?$AAg?$AAe?$AA?5?$AAa?$AAl?$AAl?$AAo?$AAc?$AAa?$AAt?$AAi?$AAo?$AAn?$AA?5?$AAi?$AAd?$AA?$DN@ 0000000140016d66     dbg_.-remote.o
 0002:00001dda       ??_C@_1DE@OFJFJIIH@?$AAS?$AAe?$AAr?$AAv?$AAe?$AAr?$AA?5?$AAi?$AAd?$AA?$DN?$AA?$CF?$AAl?$AAl?$AAd?$AA?5?$AAc?$AAo?$AAn?$AAf?$AAi?$AAr?$AAm?$AAe?$AAd?$AA?6?$AA?$AA@ 0000000140016dda     dbg_.-remote.o
 0002:00001e18       ??_C@_1CE@HOGLDJAE@?$AAC?$AAl?$AAi?$AAe?$AAn?$AAt?$AA?5?$AAc?$AAo?$AAn?$AAn?$AAe?$AAc?$AAt?$AAe?$AAd?$AA?6?$AA?$AA@ 0000000140016e18     dbg_.-remote.o
 0002:00001e44       ??_C@_1GO@KIHGLMJK@?$AAS?$AAe?$AAn?$AAd?$AA?5?$AAc?$AAo?$AAn?$AAf?$AAi?$AAr?$AAm?$AAa?$AAt?$AAi?$AAo?$AAn?$AA?5?$AAo?$AAf?$AA?5?$AAp?$AAa?$AAg?$AAe?$AA?5?$AAa?$AAl?$AAl?$AAo?$AAc?$AAa@ 0000000140016e44     dbg_.-remote.o
 0002:00001ec8       ??_C@_1FC@NJOMCOBI@?$AAR?$AAe?$AAd?$AAi?$AAr?$AAe?$AAc?$AAt?$AAi?$AAn?$AAg?$AA?5?$AAp?$AAa?$AAg?$AAe?$AA?5?$AAq?$AAu?$AAe?$AAr?$AAy?$AA?5?$AAt?$AAo?$AA?5?$AAl?$AAo?$AAc?$AAa?$AAl?$AA_@ 0000000140016ec8     dbg_.-remote.o
 0002:00001f2a       ??_C@_1EO@MLLDILKB@?$AAR?$AAe?$AAd?$AAi?$AAr?$AAe?$AAc?$AAt?$AAi?$AAn?$AAg?$AA?5?$AAi?$AAd?$AA?5?$AAq?$AAu?$AAe?$AAr?$AAy?$AA?5?$AAt?$AAo?$AA?5?$AAl?$AAo?$AAc?$AAa?$AAl?$AA_?$AAi?$AAd@ 0000000140016f2a     dbg_.-remote.o
 0002:00001f88       ??_C@_1DM@IBOIDFJO@?$AAs?$AAo?$AAc?$AAk?$AAe?$AAt?$AA?$CI?$AA?$CJ?$AA?5?$AAf?$AAa?$AAi?$AAl?$AAe?$AAd?$AA?5?$AA?$FL?$AAe?$AAr?$AAr?$AAo?$AAr?$AA?$DN?$AA?$CF?$AAl?$AAl?$AAd?$AA?$FN?$AA?6?$AA?$AA@ 0000000140016f88     dbg_.-remote.o
 0002:00001fd0       ??_C@_1CM@FLPDOBBA@?$AAR?$AAe?$AAq?$AAu?$AAe?$AAs?$AAt?$AAi?$AAn?$AAg?$AA?5?$AAp?$AAo?$AAr?$AAt?$AA?5?$AA?$CF?$AAl?$AAl?$AAd?$AA?6?$AA?$AA@ 0000000140016fd0     dbg_.-remote.o
 0002:00002004       ??_C@_1DK@IOCIPHFJ@?$AAc?$AAo?$AAn?$AAn?$AAe?$AAc?$AAt?$AA?5?$AAf?$AAa?$AAi?$AAl?$AAe?$AAd?$AA?5?$AA?$FL?$AAe?$AAr?$AAr?$AAo?$AAr?$AA?$DN?$AA?$CF?$AAl?$AAl?$AAd?$AA?$FN?$AA?6?$AA?$AA@ 0000000140017004     dbg_.-remote.o
 0002:0000204a       ??_C@_1DO@IMGJNCBG@?$AAC?$AAo?$AAn?$AAn?$AAe?$AAc?$AAt?$AAi?$AAo?$AAn?$AA?5?$AAi?$AAs?$AA?5?$AAs?$AAu?$AAc?$AAc?$AAe?$AAs?$AAs?$AAf?$AAu?$AAl?$AA?$CB?$AA?5?$AA?$FL?$AA1?$AA?$FN?$AA?6?$AA?$AA@ 000000014001704a     dbg_.-remote.o
 0002:0000213a       ??_C@_1GE@BBHPHIKC@?$AAE?$AAr?$AAr?$AAo?$AAr?$AA?5?$AA?9?$AA?5?$AAs?$AAe?$AAr?$AAv?$AAe?$AAr?$AA_?$AAp?$AAo?$AAr?$AAt?$AA?5?$AA?$DN?$AA?$DN?$AA?5?$AA?9?$AA1?$AA?5?$AA?$FL?$AAs?$AAe?$AAr?$AAv?$AAe@ 000000014001713a     dbg_.-remote.o
 0002:000021b2       ??_C@_1EM@HCGPBNNP@?$AAS?$AAt?$AAa?$AAr?$AAt?$AAi?$AAn?$AAg?$AA?5?$AAn?$AAe?$AAw?$AA?5?$AAc?$AAo?$AAn?$AAn?$AAe?$AAc?$AAt?$AAi?$AAo?$AAn?$AA?5?$AAt?$AAo?$AA?5?$AA?$FL?$AA?$CF?$AAs?$AA?$FN?$AA?5@ 00000001400171b2     dbg_.-remote.o
 0002:0000220e       ??_C@_1FE@JKPBPNOM@?$AAE?$AAr?$AAr?$AAo?$AAr?$AA?5?$AAr?$AAe?$AAs?$AAo?$AAl?$AAv?$AAi?$AAn?$AAg?$AA?5?$AAh?$AAo?$AAs?$AAt?$AA?4?$AA?5?$AA?$FL?$AAs?$AAt?$AAa?$AAt?$AAu?$AAs?$AA?$DN?$AA?$CF?$AAl@ 000000014001720e     dbg_.-remote.o
 0002:00002272       ??_C@_1DO@COGNFPF@?$AAC?$AAo?$AAn?$AAn?$AAe?$AAc?$AAt?$AAi?$AAo?$AAn?$AA?5?$AAi?$AAs?$AA?5?$AAs?$AAu?$AAc?$AAc?$AAe?$AAs?$AAs?$AAf?$AAu?$AAl?$AA?$CB?$AA?5?$AA?$FL?$AA2?$AA?$FN?$AA?6?$AA?$AA@ 0000000140017272     dbg_.-remote.o
 0002:000022bc       ??_C@_1FK@FPKJOMKP@?$AAE?$AAr?$AAr?$AAo?$AAr?$AA?3?$AA?5?$AAC?$AAo?$AAu?$AAl?$AAd?$AA?5?$AAn?$AAo?$AAt?$AA?5?$AAc?$AAo?$AAn?$AAn?$AAe?$AAc?$AAt?$AA?5?$AAt?$AAo?$AA?5?$AA?$CF?$AAs?$AA?5?$AA?$FL@ 00000001400172bc     dbg_.-remote.o
 0002:00002328       ??_C@_1EA@JBNEEBDD@?$AAT?$AAr?$AAy?$AAi?$AAn?$AAg?$AA?5?$AAt?$AAo?$AA?5?$AAg?$AAe?$AAt?$AA?5?$AAm?$AAe?$AAm?$AAo?$AAr?$AAy?$AA?5?$AAp?$AAa?$AAg?$AAe?$AA?5?$AA?$CF?$AAl?$AAl?$AAd?$AA?6?$AA?$AA@ 0000000140017328     dbg_.-remote.o
 0002:00002374       ??_C@_1EI@BHCKMCLF@?$AAC?$AAr?$AAe?$AAa?$AAt?$AAe?$AAd?$AA?5?$AAb?$AAr?$AAo?$AAa?$AAd?$AAc?$AAa?$AAs?$AAt?$AA?5?$AAw?$AAi?$AAt?$AAh?$AA?5?$AAp?$AAr?$AAe?$AAf?$AAi?$AAx?$AA?$DN?$AA?$CF?$AAl@ 0000000140017374     dbg_.-remote.o
 0002:000023ca       ??_C@_1DM@MBBJEJBJ@?$AAT?$AAr?$AAy?$AAi?$AAn?$AAg?$AA?5?$AAt?$AAo?$AA?5?$AAg?$AAe?$AAt?$AA?5?$AAs?$AAe?$AAr?$AAv?$AAe?$AAr?$AA?5?$AAi?$AAd?$AA?5?$AA?$CF?$AAl?$AAl?$AAd?$AA?6?$AA?$AA@ 00000001400173ca     dbg_.-remote.o
 0002:00002412       ??_C@_1GK@DMGCKEJF@?$AAA?$AAn?$AAs?$AAw?$AAe?$AAr?$AA?5?$AAP?$AAu?$AAs?$AAh?$AA?5?$AAO?$AAb?$AAj?$AAe?$AAc?$AAt?$AA?5?$AAt?$AAo?$AA?5?$AAl?$AAo?$AAc?$AAa?$AAl?$AAi?$AAd?$AA?$DN?$AA?$CF?$AAl@ 0000000140017412     dbg_.-remote.o
 0002:00002492       ??_C@_1GM@MICHOCHB@?$AAA?$AAn?$AAs?$AAw?$AAe?$AAr?$AA?5?$AAQ?$AAu?$AAe?$AAr?$AAy?$AA?5?$AAO?$AAb?$AAj?$AAe?$AAc?$AAt?$AA?5?$AAt?$AAo?$AA?5?$AAl?$AAo?$AAc?$AAa?$AAl?$AAi?$AAd?$AA?$DN?$AA?$CF@ 0000000140017492     dbg_.-remote.o
 0002:00002514       ??_C@_1FK@FHPCFNAH@?$AAs?$AAe?$AAn?$AAd?$AA?5?$AAb?$AAr?$AAo?$AAa?$AAd?$AAc?$AAa?$AAs?$AAt?$AA?5?$AAa?$AAn?$AAs?$AAw?$AAe?$AAr?$AA?5?$AAp?$AAa?$AAt?$AAh?$AA?5?$AAt?$AAo?$AA?5?$AAl?$AAo@ 0000000140017514     dbg_.-remote.o
 0002:00002580       ??_C@_1FM@FIIIPBAA@?$AAs?$AAe?$AAn?$AAd?$AA?5?$AAb?$AAr?$AAo?$AAa?$AAd?$AAc?$AAa?$AAs?$AAt?$AA?5?$AAp?$AAa?$AAt?$AAh?$AA?5?$AAr?$AAe?$AAq?$AAu?$AAe?$AAs?$AAt?$AA?5?$AAt?$AAo?$AA?5?$AAl@ 0000000140017580     dbg_.-remote.o
 0002:000025ee       ??_C@_1GA@MDBOGCGI@?$AAs?$AAe?$AAn?$AAd?$AA?5?$AAb?$AAr?$AAo?$AAa?$AAd?$AAc?$AAa?$AAs?$AAt?$AA?5?$AAa?$AAn?$AAs?$AAw?$AAe?$AAr?$AA?5?$AAi?$AAd?$AA?5?$AAp?$AAa?$AAt?$AAh?$AA?5?$AAt?$AAo@ 00000001400175ee     dbg_.-remote.o
 0002:00002662       ??_C@_1EO@CDOEBIIP@?$AAS?$AAe?$AAn?$AAd?$AAi?$AAn?$AAg?$AA?5?$AAb?$AAr?$AAo?$AAa?$AAd?$AAc?$AAa?$AAs?$AAt?$AA?5?$AAt?$AAo?$AA?5?$AAf?$AAi?$AAn?$AAd?$AA?5?$AAo?$AAb?$AAj?$AAe?$AAc?$AAt@ 0000000140017662     dbg_.-remote.o
 0002:000026c0       ??_C@_1DC@EHBNKHBD@?$AAr?$AAe?$AAq?$AAu?$AAe?$AAs?$AAt?$AA?5?$AAs?$AAe?$AAt?$AA?5?$AAo?$AAb?$AAj?$AAe?$AAc?$AAt?$AA?$DN?$AA?$CF?$AAl?$AAl?$AAd?$AA?6?$AA?$AA@ 00000001400176c0     dbg_.-remote.o
 0002:000026fc       ??_C@_1CO@OBFELGCG@?$AAl?$AAo?$AAc?$AAa?$AAl?$AA?5?$AAo?$AAb?$AAj?$AAe?$AAc?$AAt?$AA?5?$AA?9?$AA?5?$AAa?$AAn?$AAs?$AAw?$AAe?$AAr?$AA?6?$AA?$AA@ 00000001400176fc     dbg_.-remote.o
 0002:00002734       ??_C@_1CC@BJNHGOIA@?$AAd?$AAo?$AAn?$AA?8?$AAt?$AA?5?$AAk?$AAn?$AAo?$AAw?$AA?5?$AAp?$AAa?$AAt?$AAh?$AA?6?$AA?$AA@ 0000000140017734     dbg_.-remote.o
 0002:0000275c       ??_C@_1DA@NHJHHADA@?$AAr?$AAe?$AAq?$AAu?$AAe?$AAs?$AAt?$AA?5?$AAs?$AAe?$AAn?$AAt?$AA?5?$AA?$FL?$AAt?$AAo?$AA?5?$AA?$CF?$AAl?$AAl?$AAd?$AA?$FN?$AA?6?$AA?$AA@ 000000014001775c     dbg_.-remote.o
 0002:00002796       ??_C@_1IK@DBMEHLHD@?$AAS?$AAt?$AAa?$AAr?$AAt?$AAi?$AAn?$AAg?$AA?5?$AAn?$AAe?$AAw?$AA?5?$AAR?$AAE?$AAM?$AAO?$AAT?$AAE?$AA?5?$AAw?$AAo?$AAr?$AAk?$AAe?$AAr?$AA?5?$AA?$CF?$AAl?$AAl?$AAd?$AA?5@ 0000000140017796     dbg_.-remote.o
 0002:0000283c       ??_C@_1EK@DLJDAMIC@?$AAs?$AAe?$AAn?$AAd?$AAi?$AAn?$AAg?$AA?5?$AAh?$AAi?$AAv?$AAe?$AA?5?$AAs?$AAt?$AAa?$AAt?$AAe?$AA?5?$AA?$FL?$AA?$CF?$AAl?$AAl?$AAd?$AA?5?$AA?$CF?$AAl?$AAl?$AAd?$AA?5?$AA?$CF?$AAl@ 000000014001783c     dbg_.-remote.o
 0002:00002894       ??_C@_1CK@IMAGNILG@?$AAC?$AAo?$AAn?$AAf?$AAi?$AAr?$AAm?$AAe?$AAd?$AA?5?$AAp?$AAo?$AAr?$AAt?$AA?$DN?$AA?$CF?$AAl?$AAl?$AAd?$AA?6?$AA?$AA@ 0000000140017894     dbg_.-remote.o
 0002:000028c6       ??_C@_1CE@BDEHPDNE@?$AAG?$AAe?$AAt?$AA?5?$AAc?$AAo?$AAm?$AAm?$AAa?$AAn?$AAd?$AA?5?$AA?$FL?$AA?$CF?$AAs?$AA?$FN?$AA?6?$AA?$AA@ 00000001400178c6     dbg_.-remote.o
 0002:000028f2       ??_C@_1DG@NNMMEGKD@?$AAS?$AAe?$AAl?$AAe?$AAc?$AAt?$AAe?$AAd?$AA?5?$AAc?$AAo?$AAn?$AAn?$AAe?$AAc?$AAt?$AA?5?$AAc?$AAo?$AAm?$AAm?$AAa?$AAn?$AAd?$AA?4?$AA?6?$AA?$AA@ 00000001400178f2     dbg_.-remote.o
 0002:00002932       ??_C@_1CI@KPENLAE@?$AAE?$AAn?$AAt?$AAe?$AAr?$AA?5?$AAI?$AAP?$AA?5?$AAa?$AAn?$AAd?$AA?5?$AAP?$AAO?$AAR?$AAT?$AA?4?$AA?6?$AA?$AA@ 0000000140017932     dbg_.-remote.o
 0002:00002962       ??_C@_1EG@CAHECGOL@?$AAT?$AAr?$AAy?$AAi?$AAn?$AAg?$AA?5?$AAt?$AAo?$AA?5?$AAc?$AAo?$AAn?$AAn?$AAe?$AAc?$AAt?$AA?5?$AAt?$AAo?$AA?5?$AA?$FL?$AA?$CF?$AAs?$AA?$FN?$AA?5?$AA?$FL?$AA?$CF?$AAs?$AA?$FN?$AA?4?$AA?4@ 0000000140017962     dbg_.-remote.o
 0002:000029b6       ??_C@_1DG@GLOHHOJG@?$AAT?$AAe?$AAm?$AAp?$AAo?$AAr?$AAa?$AAr?$AAy?$AA?5?$AAl?$AAo?$AAc?$AAa?$AAl?$AA_?$AAi?$AAd?$AA?5?$AA?$DN?$AA?5?$AA?$CF?$AAl?$AAl?$AAd?$AA?6?$AA?$AA@ 00000001400179b6     dbg_.-remote.o
 0002:000029f6       ??_C@_1DC@MOJEJJIM@?$AAC?$AAo?$AAn?$AAf?$AAi?$AAg?$AAu?$AAr?$AAa?$AAt?$AAi?$AAo?$AAn?$AA?5?$AAc?$AAo?$AAn?$AAf?$AAi?$AAr?$AAm?$AAe?$AAd?$AA?6?$AA?$AA@ 00000001400179f6     dbg_.-remote.o
 0002:00002a32       ??_C@_1DM@PKIKMHMJ@?$AA?$FL?$AAN?$AAE?$AAT?$AAW?$AAO?$AAR?$AAK?$AA?$FN?$AA?3?$AA?5?$AAP?$AAe?$AAe?$AAr?$AA?5?$AAd?$AAi?$AAs?$AAc?$AAo?$AAn?$AAn?$AAe?$AAc?$AAt?$AAe?$AAd?$AA?6?$AA?$AA@ 0000000140017a32     dbg_.-remote.o
 0002:00002a7a       ??_C@_1DG@IHKBKGHO@?$AAG?$AAe?$AAt?$AA?5?$AAm?$AAe?$AAs?$AAs?$AAa?$AAg?$AAe?$AA?5?$AAo?$AAf?$AA?5?$AA?$CF?$AAl?$AAl?$AAd?$AA?5?$AAb?$AAy?$AAt?$AAe?$AAs?$AA?6?$AA?$AA@ 0000000140017a7a     dbg_.-remote.o
 0002:00002aba       ??_C@_1EE@FBAKCJKM@?$AAp?$AAr?$AAo?$AAc?$AAe?$AAs?$AAs?$AA?5?$AAh?$AAe?$AAa?$AAd?$AAe?$AAr?$AA?$FL?$AAo?$AAk?$AA?$FN?$AA?5?$AA?$FL?$AAh?$AAe?$AAa?$AAd?$AAe?$AAr?$AA?$DN?$AA?$CF?$AAl?$AAl?$AAd?$AA?$FN@ 0000000140017aba     dbg_.-remote.o
 0002:00002b0c       ??_C@_1EE@CIFDCIBF@?$AAp?$AAr?$AAo?$AAc?$AAe?$AAs?$AAs?$AA?5?$AAl?$AAe?$AAn?$AAg?$AAt?$AAh?$AA?$FL?$AAo?$AAk?$AA?$FN?$AA?5?$AA?$FL?$AAl?$AAe?$AAn?$AAg?$AAt?$AAh?$AA?$DN?$AA?$CF?$AAl?$AAl?$AAd?$AA?$FN@ 0000000140017b0c     dbg_.-remote.o
 0002:00002b5e       ??_C@_1CM@JBMABCGC@?$AAp?$AAr?$AAo?$AAc?$AAe?$AAs?$AAs?$AA?5?$AAl?$AAe?$AAn?$AAg?$AAt?$AAh?$AA?$FL?$AAp?$AAa?$AAr?$AAt?$AA?$FN?$AA?6?$AA?$AA@ 0000000140017b5e     dbg_.-remote.o
 0002:00002b92       ??_C@_1CE@BMKCCAOL@?$AAp?$AAr?$AAo?$AAc?$AAe?$AAs?$AAs?$AA?5?$AAb?$AAo?$AAd?$AAy?$AA?$FL?$AAo?$AAk?$AA?$FN?$AA?6?$AA?$AA@ 0000000140017b92     dbg_.-remote.o
 0002:00002bbe       ??_C@_1CO@OOHNIMCC@?$AAc?$AAl?$AAo?$AAs?$AAi?$AAn?$AAg?$AA?5?$AAc?$AAo?$AAn?$AAn?$AAe?$AAc?$AAt?$AAi?$AAo?$AAn?$AA?4?$AA?4?$AA?4?$AA?6?$AA?$AA@ 0000000140017bbe     dbg_.-remote.o
 0002:00002bf6       ??_C@_1CI@LDDDECLE@?$AAp?$AAr?$AAo?$AAc?$AAe?$AAs?$AAs?$AA?5?$AAb?$AAo?$AAd?$AAy?$AA?$FL?$AAp?$AAa?$AAr?$AAt?$AA?$FN?$AA?6?$AA?$AA@ 0000000140017bf6     dbg_.-remote.o
 0002:00002c26       ??_C@_1FI@DLIHECMG@?$AAG?$AAe?$AAt?$AA?5?$AAa?$AAp?$AAi?$AA?5?$AAc?$AAa?$AAl?$AAl?$AA?5?$AA?$CF?$AAl?$AAl?$AAd?$AA?5?$AAo?$AAf?$AA?5?$AAl?$AAe?$AAn?$AAg?$AAt?$AAh?$AA?3?$AA?5?$AA?$CF?$AAl?$AAl@ 0000000140017c26     dbg_.-remote.o
 0002:00002c90       ??_C@_1EC@IGPNEALA@?$AAA?$AAP?$AAI?$AA_?$AAR?$AAE?$AAQ?$AAU?$AAE?$AAS?$AAT?$AA_?$AAC?$AAO?$AAN?$AAN?$AAE?$AAC?$AAT?$AAI?$AAO?$AAN?$AA?5?$AAa?$AAn?$AAs?$AAw?$AAe?$AAr?$AAe?$AAd?$AA?6@ 0000000140017c90     dbg_.-remote.o
 0002:00002ce0       ??_C@_1HI@PFGJBABN@?$AAA?$AAP?$AAI?$AA_?$AAA?$AAN?$AAS?$AAW?$AAE?$AAR?$AA_?$AAR?$AAE?$AAQ?$AAU?$AAE?$AAS?$AAT?$AA_?$AAC?$AAO?$AAN?$AAN?$AAE?$AAC?$AAT?$AAI?$AAO?$AAN?$AA?5?$AAu?$AAp@ 0000000140017ce0     dbg_.-remote.o
 0002:00002d70       ??_C@_1EM@NFKPCEGC@?$AAU?$AAp?$AAd?$AAa?$AAt?$AAe?$AAd?$AA?5?$AAu?$AAs?$AAi?$AAn?$AAg?$AA?5?$AA?$FL?$AAc?$AAo?$AAn?$AA?$DN?$AA?$CF?$AAp?$AA?$FN?$AA?5?$AA?$FL?$AAa?$AAn?$AAd?$AA?5?$AAf?$AAr?$AAe?$AAe@ 0000000140017d70     dbg_.-remote.o
 0002:00002dcc       ??_C@_1LA@ICLCBFDH@?$AAE?$AAr?$AAr?$AAo?$AAr?$AA?3?$AA?5?$AAA?$AAP?$AAI?$AA_?$AAA?$AAN?$AAS?$AAW?$AAE?$AAR?$AA_?$AAR?$AAE?$AAQ?$AAU?$AAE?$AAS?$AAT?$AA_?$AAC?$AAO?$AAN?$AAN?$AAE?$AAC@ 0000000140017dcc     dbg_.-remote.o
 0002:00002ea0       ??_C@_1FA@NLLPLBEB@?$AAA?$AAP?$AAI?$AA_?$AAR?$AAE?$AAQ?$AAU?$AAE?$AAS?$AAT?$AA_?$AAI?$AAD?$AA?5?$AAp?$AAa?$AAg?$AAe?$AA?$DN?$AA?$CF?$AAl?$AAl?$AAd?$AA?5?$AA?$FL?$AAp?$AAr?$AAe?$AAf?$AAi?$AAx@ 0000000140017ea0     dbg_.-remote.o
 0002:00002f00       ??_C@_1BG@IOHEMCP@?$AAR?$AAe?$AAf?$AAu?$AAs?$AAe?$AA?5?$AAi?$AAd?$AA?6?$AA?$AA@ 0000000140017f00     dbg_.-remote.o
 0002:00002f1a       ??_C@_1EI@DCLENIAC@?$AAC?$AAo?$AAn?$AAf?$AAi?$AAr?$AAm?$AAe?$AAd?$AA?5?$AAb?$AAe?$AAc?$AAo?$AAu?$AAs?$AAe?$AA?5?$AAl?$AAo?$AAc?$AAa?$AAl?$AA_?$AAi?$AAd?$AA?5?$AAd?$AAi?$AAf?$AAf?$AAe@ 0000000140017f1a     dbg_.-remote.o
 0002:00002f70       ??_C@_1EI@GBBOHBKF@?$AAG?$AAe?$AAt?$AA?5?$AAb?$AAr?$AAo?$AAa?$AAd?$AAc?$AAa?$AAs?$AAt?$AA?5?$AAa?$AAn?$AAs?$AAw?$AAe?$AAr?$AA?5?$AA?$FL?$AAp?$AAr?$AAe?$AAf?$AAi?$AAx?$AA?$DN?$AA?$CF?$AAl?$AAl@ 0000000140017f70     dbg_.-remote.o
 0002:00002fc6       ??_C@_1CK@JAOCGICP@?$AAB?$AAr?$AAo?$AAa?$AAd?$AAc?$AAa?$AAs?$AAt?$AA?5?$AAc?$AAo?$AAn?$AAf?$AAi?$AAr?$AAm?$AAe?$AAd?$AA?6?$AA?$AA@ 0000000140017fc6     dbg_.-remote.o
 0002:00002ff8       ??_C@_1FM@HIELKEO@?$AAA?$AAP?$AAI?$AA_?$AAR?$AAE?$AAQ?$AAU?$AAE?$AAS?$AAT?$AA_?$AAM?$AAE?$AAM?$AA_?$AAP?$AAA?$AAG?$AAE?$AA?5?$AAp?$AAa?$AAg?$AAe?$AA?$DN?$AA?$CF?$AAl?$AAl?$AAd?$AA?5?$AA?$FL@ 0000000140017ff8     dbg_.-remote.o
 0002:00003066       ??_C@_1CG@KIALDCLE@?$AAR?$AAe?$AAf?$AAu?$AAs?$AAe?$AA?5?$AAa?$AAl?$AAl?$AAo?$AAc?$AAa?$AAt?$AAi?$AAo?$AAn?$AA?6?$AA?$AA@ 0000000140018066     dbg_.-remote.o
 0002:00003094       ??_C@_1CM@IABHOCCE@?$AAg?$AAe?$AAt?$AA?5?$AAp?$AAu?$AAs?$AAh?$AA?5?$AAo?$AAb?$AAj?$AAe?$AAc?$AAt?$AA?5?$AA?$CF?$AAl?$AAl?$AAd?$AA?6?$AA?$AA@ 0000000140018094     dbg_.-remote.o
 0002:000030c8       ??_C@_1BM@CKHNEJCK@?$AAl?$AAo?$AAc?$AAa?$AAl?$AA?9?$AAp?$AAu?$AAs?$AAh?$AAe?$AAd?$AA?6?$AA?$AA@ 00000001400180c8     dbg_.-remote.o
 0002:000030ea       ??_C@_1CG@LACBKCJC@?$AAr?$AAe?$AAm?$AAo?$AAt?$AAe?$AA?9?$AAr?$AAe?$AAd?$AAi?$AAr?$AAe?$AAc?$AAt?$AAe?$AAd?$AA?6?$AA?$AA@ 00000001400180ea     dbg_.-remote.o
 0002:00003118       ??_C@_1GM@LPBCPABN@?$AAU?$AAP?$AAD?$AAA?$AAT?$AAE?$AA?5?$AAP?$AAA?$AAT?$AAH?$AA?5?$AA1?$AA?5?$AAT?$AAO?$AA?5?$AA?$CF?$AAl?$AAl?$AAd?$AA?5?$AA?$FL?$AAd?$AAi?$AAs?$AAt?$AAa?$AAn?$AAc?$AAe?$AA?$DN@ 0000000140018118     dbg_.-remote.o
 0002:0000319a       ??_C@_1GM@FBBGBBEM@?$AAU?$AAP?$AAD?$AAA?$AAT?$AAE?$AA?5?$AAP?$AAA?$AAT?$AAH?$AA?5?$AA2?$AA?5?$AAT?$AAO?$AA?5?$AA?$CF?$AAl?$AAl?$AAd?$AA?5?$AA?$FL?$AAd?$AAi?$AAs?$AAt?$AAa?$AAn?$AAc?$AAe?$AA?$DN@ 000000014001819a     dbg_.-remote.o
 0002:0000321c       ??_C@_1HC@GFDBDKMJ@?$AAU?$AAP?$AAD?$AAA?$AAT?$AAE?$AA?5?$AAI?$AAD?$AA?5?$AAP?$AAA?$AAT?$AAH?$AA?5?$AA1?$AA?5?$AAT?$AAO?$AA?5?$AA?$CF?$AAl?$AAl?$AAd?$AA?5?$AA?$FL?$AAd?$AAi?$AAs?$AAt?$AAa?$AAn@ 000000014001821c     dbg_.-remote.o
 0002:000032a4       ??_C@_1HC@ILDFNLJI@?$AAU?$AAP?$AAD?$AAA?$AAT?$AAE?$AA?5?$AAI?$AAD?$AA?5?$AAP?$AAA?$AAT?$AAH?$AA?5?$AA2?$AA?5?$AAT?$AAO?$AA?5?$AA?$CF?$AAl?$AAl?$AAd?$AA?5?$AA?$FL?$AAd?$AAi?$AAs?$AAt?$AAa?$AAn@ 00000001400182a4     dbg_.-remote.o
 0002:0000332c       ??_C@_1HC@IPIJLOJO@?$AAG?$AAe?$AAt?$AA?5?$AAr?$AAe?$AAm?$AAo?$AAt?$AAe?$AA?5?$AAs?$AAt?$AAa?$AAr?$AAt?$AA?5?$AAw?$AAo?$AAr?$AAk?$AAe?$AAr?$AA?5?$AA?$CF?$AAl?$AAl?$AAd?$AA?5?$AAf?$AAr?$AAo@ 000000014001832c     dbg_.-remote.o
 0002:000033b4       ??_C@_1FC@CBJJGKKM@?$AAG?$AAE?$AAT?$AA?5?$AAH?$AAI?$AAV?$AAE?$AA?5?$AAS?$AAT?$AAA?$AAT?$AAE?$AA?3?$AA?5?$AA?$CF?$AAl?$AAl?$AAd?$AA?5?$AA?$CF?$AAl?$AAl?$AAd?$AA?5?$AA?$CF?$AAl?$AAl?$AAd?$AA?5?$AA?$FL@ 00000001400183b4     dbg_.-remote.o
 0002:00003416       ??_C@_1CG@PIAFPEME@?$AAS?$AAe?$AAr?$AAv?$AAe?$AAr?$AA?5?$AAs?$AAt?$AAa?$AAr?$AAt?$AAe?$AAd?$AA?4?$AA?4?$AA?4?$AA?6?$AA?$AA@ 0000000140018416     dbg_.-remote.o
 0002:00003444       ??_C@_1DK@EHAPFJND@?$AAs?$AAe?$AAr?$AAv?$AAe?$AAr?$AA?5?$AAs?$AAt?$AAa?$AAr?$AAt?$AAe?$AAd?$AA?5?$AAo?$AAn?$AA?5?$AAp?$AAo?$AAr?$AAt?$AA?5?$AA?$CF?$AAl?$AAl?$AAd?$AA?6?$AA?$AA@ 0000000140018444     dbg_.-remote.o
 0002:0000348a       ??_C@_1FA@MICONLJJ@?$AAE?$AAr?$AAr?$AAo?$AAr?$AA?3?$AA?5?$AAf?$AAa?$AAi?$AAl?$AAe?$AAd?$AA?5?$AAt?$AAo?$AA?5?$AAa?$AAl?$AAl?$AAo?$AAc?$AAa?$AAt?$AAe?$AA?5?$AAm?$AAe?$AAm?$AAo?$AAr?$AAy@ 000000014001848a     dbg_.-runtime_lib.o
 0002:000034ea       ??_C@_1FE@CPMEHOGL@?$AAE?$AAr?$AAr?$AAo?$AAr?$AA?3?$AA?5?$AAf?$AAa?$AAi?$AAl?$AAe?$AAd?$AA?5?$AAt?$AAo?$AA?5?$AAr?$AAe?$AAa?$AAl?$AAl?$AAo?$AAc?$AAa?$AAt?$AAe?$AA?5?$AAm?$AAe?$AAm?$AAo@ 00000001400184ea     dbg_.-runtime_lib.o
 0002:0000354e       ??_C@_1EI@DJFGOBAG@?$AAE?$AAr?$AAr?$AAo?$AAr?$AA?3?$AA?5?$AAf?$AAa?$AAi?$AAl?$AAe?$AAd?$AA?5?$AAt?$AAo?$AA?5?$AAf?$AAr?$AAe?$AAe?$AA?5?$AAm?$AAe?$AAm?$AAo?$AAr?$AAy?$AA?3?$AA?5?$AA?$CF?$AAl@ 000000014001854e     dbg_.-runtime_lib.o
 0002:000035a4       ??_C@_1CM@EJGKJCED@?$AAA?$AAs?$AAs?$AAe?$AAr?$AAt?$AAi?$AAo?$AAn?$AA?5?$AAf?$AAa?$AAi?$AAl?$AAe?$AAd?$AA?3?$AA?5?$AA?$CF?$AAs?$AA?6?$AA?$AA@ 00000001400185a4     dbg_.-runtime_lib.o
 0002:000035d8       ??_C@_1EI@GJCCEHA@?$AAF?$AAi?$AAl?$AAe?$AA?3?$AA?5?$AA?$CF?$AAs?$AA?0?$AA?5?$AAL?$AAi?$AAn?$AAe?$AA?3?$AA?5?$AA?$CF?$AAl?$AAl?$AAd?$AA?0?$AA?5?$AAF?$AAu?$AAn?$AAc?$AAt?$AAi?$AAo?$AAn?$AA?3?$AA?5@ 00000001400185d8     dbg_.-runtime_lib.o
 0002:0000384e       ??_C@_1GE@NIGCAFOK@?$AAE?$AAr?$AAr?$AAo?$AAr?$AA?3?$AA?5?$AAg?$AAp?$AAu?$AA?5?$AAw?$AAo?$AAr?$AAk?$AAe?$AAr?$AA?5?$AAd?$AAo?$AAe?$AAn?$AA?8?$AAt?$AA?5?$AAs?$AAu?$AAp?$AAp?$AAo?$AAr?$AAt@ 000000014001884e     dbg_.-runtime.o
 0002:000038c6       ??_C@_1DO@CBJEPNAO@?$AAP?$AAr?$AAo?$AAm?$AAi?$AAs?$AAe?$AA?$CI?$AAs?$AAe?$AAt?$AA?$DN?$AA?$CF?$AA0?$AA2?$AAx?$AA?0?$AA?5?$AAf?$AAi?$AAr?$AAs?$AAt?$AA4?$AAb?$AAy?$AAt?$AAe?$AAs?$AA?$DN?$AA?$AA@ 00000001400188c6     dbg_.-runtime.o
 0002:00003910       ??_C@_15BCDOKMG@?$AA?$CJ?$AA?6?$AA?$AA@ 0000000140018910     dbg_.-runtime.o
 0002:00003918       ??_C@_1EO@JIHFKLGM@?$AAA?$AAr?$AAr?$AAa?$AAy?$AA?$CI?$AAl?$AAe?$AAn?$AAg?$AAt?$AAh?$AA?$DN?$AA?$CF?$AAl?$AAl?$AAd?$AA?0?$AA?5?$AAe?$AAl?$AAe?$AAm?$AAe?$AAn?$AAt?$AA_?$AAs?$AAi?$AAz?$AAe?$AA?$DN@ 0000000140018918     dbg_.-runtime.o
 0002:00003976       ??_C@_15IPOKAMGA@?$AA?$HL?$AA?5?$AA?$AA@ 0000000140018976     dbg_.-runtime.o
 0002:0000397e       ??_C@_13EHOOFIKC@?$AA?$HN?$AA?$AA@ 000000014001897e     dbg_.-runtime.o
 0002:00003982       ??_C@_15JOGBDECP@?$AA?0?$AA?5?$AA?$AA@ 0000000140018982     dbg_.-runtime.o
 0002:0000398a       ??_C@_1CG@OGLIMIIK@?$AAC?$AAl?$AAa?$AAs?$AAs?$AA?$CI?$AAf?$AAi?$AAr?$AAs?$AAt?$AA4?$AAb?$AAy?$AAt?$AAe?$AAs?$AA?$DN?$AA?$AA@ 000000014001898a     dbg_.-runtime.o
 0002:000039b8       ??_C@_1DM@HBMDBMCD@?$AAO?$AAb?$AAj?$AAe?$AAc?$AAt?$AA?5?$AAo?$AAf?$AA?5?$AAu?$AAn?$AAk?$AAn?$AAo?$AAw?$AAn?$AA?5?$AAt?$AAy?$AAp?$AAe?$AA?3?$AA?5?$AA?$CF?$AA0?$AA2?$AAx?$AA?6?$AA?$AA@ 00000001400189b8     dbg_.-runtime.o
 0002:00003a00       ??_C@_1FG@HBFKKPHD@?$AAW?$AAo?$AAr?$AAk?$AAe?$AAr?$AA?5?$AAa?$AAd?$AAd?$AA?5?$AAt?$AAo?$AA?5?$AAw?$AAa?$AAi?$AAt?$AA?5?$AAl?$AAi?$AAs?$AAt?$AA?5?$AA?$FL?$AAi?$AAd?$AA?$DN?$AA?$CF?$AAl?$AAl?$AAd@ 0000000140018a00     dbg_.-runtime.o
 0002:00003a68       ??_C@_1EI@FJBGIEMF@?$AAW?$AAo?$AAr?$AAk?$AAe?$AAr?$AA?5?$AAe?$AAn?$AAq?$AAu?$AAe?$AAu?$AAe?$AAd?$AA?5?$AA?$FL?$AAi?$AAd?$AA?$DN?$AA?$CF?$AAl?$AAl?$AAd?$AA?0?$AA?5?$AAd?$AAa?$AAt?$AAa?$AA?$DN?$AA?$CF@ 0000000140018a68     dbg_.-runtime.o
 0002:00003abe       ??_C@_1O@KNIHKCDL@?$AAb?$AAr?$AAe?$AAa?$AAk?$AA?6?$AA?$AA@ 0000000140018abe     dbg_.-runtime.o
 0002:00003ace       ??_C@_1CC@OGJGNONI@?$AAw?$AAa?$AAi?$AAt?$AA?5?$AAl?$AAi?$AAs?$AAt?$AA?3?$AA?5?$AA?$CF?$AAl?$AAl?$AAd?$AA?6?$AA?$AA@ 0000000140018ace     dbg_.-runtime.o
 0002:00003af6       ??_C@_1GM@IJHLNMBE@?$AAt?$AAh?$AAr?$AAe?$AAa?$AAd?$AA?5?$AA?$CF?$AAl?$AAl?$AAd?$AA?3?$AA?5?$AA?5?$AAW?$AAa?$AAi?$AAt?$AA?$HM?$AAQ?$AAu?$AAe?$AAu?$AAe?$AAd?$AA?5?$AA?$CF?$AAl?$AAl?$AAd?$AA?$HM?$AA?$CF@ 0000000140018af6     dbg_.-runtime.o
 0002:00003b78       ??_C@_1CO@BAHOKHFI@?$AA?6?$AAS?$AAh?$AAe?$AAd?$AAu?$AAl?$AAi?$AAn?$AAg?$AA?5?$AAn?$AAe?$AAw?$AA?5?$AAw?$AAo?$AAr?$AAk?$AAe?$AAr?$AA?6?$AA?$AA@ 0000000140018b78     dbg_.-runtime.o
 0002:00003bb0       ??_C@_1II@BKKMGADK@?$AAC?$AAo?$AAn?$AAt?$AAi?$AAn?$AAu?$AAe?$AA?5?$AAw?$AAo?$AAr?$AAk?$AAe?$AAr?$AA?5?$AA?$CF?$AAl?$AAl?$AAd?$AA?5?$AAf?$AAr?$AAo?$AAm?$AA?5?$AAd?$AAa?$AAt?$AAa?$AA?$DN?$AA?$CF@ 0000000140018bb0     dbg_.-runtime.o
 0002:00003c54       ??_C@_1DC@OKNAINOC@?$AAc?$AAo?$AAp?$AAy?$AA?$CI?$AA?$CF?$AAp?$AA?$CJ?$AA?$DN?$AAq?$AAu?$AAe?$AAu?$AAe?$AA?$FL?$AA?$CF?$AAl?$AAl?$AAd?$AA?$FN?$AA?$DN?$AA?$CF?$AAp?$AA?6?$AA?$AA@ 0000000140018c54     dbg_.-runtime.o
 0002:00003c90       ??_C@_1FE@PPKJADDP@?$AAW?$AAa?$AAn?$AAt?$AA?5?$AAr?$AAu?$AAn?$AA?5?$AAr?$AAe?$AAm?$AAo?$AAt?$AAe?$AA?0?$AA?5?$AAb?$AAu?$AAt?$AA?3?$AA?5?$AA?$CF?$AAl?$AAl?$AAd?$AA?5?$AA?$CF?$AAl?$AAl?$AAd?$AA?5@ 0000000140018c90     dbg_.-runtime.o
 0002:00003cf4       ??_C@_1GC@JGFAAALF@?$AAS?$AAt?$AAa?$AAr?$AAt?$AAi?$AAn?$AAg?$AA?5?$AAn?$AAe?$AAw?$AA?5?$AAl?$AAo?$AAc?$AAa?$AAl?$AA?5?$AAw?$AAo?$AAr?$AAk?$AAe?$AAr?$AA?5?$AA?$CF?$AAl?$AAl?$AAd?$AA?5?$AA?$FL@ 0000000140018cf4     dbg_.-runtime.o
 0002:00003d6a       ??_C@_1EG@KLACJNPC@?$AAE?$AAr?$AAr?$AAo?$AAr?$AA?3?$AA?5?$AAt?$AAh?$AAi?$AAs?$AA?5?$AAi?$AAs?$AAn?$AA?8?$AAt?$AA?5?$AAh?$AAi?$AAv?$AAe?$AA?5?$AAe?$AAx?$AAe?$AAc?$AAu?$AAt?$AAa?$AAb?$AAl@ 0000000140018d6a     dbg_.-runtime.o
 0002:00003dbe       ??_C@_1GG@OIFEBPCL@?$AAE?$AAr?$AAr?$AAo?$AAr?$AA?3?$AA?5?$AAt?$AAh?$AAi?$AAs?$AA?5?$AAi?$AAs?$AA?5?$AAe?$AAx?$AAe?$AAc?$AAu?$AAt?$AAa?$AAb?$AAl?$AAe?$AA?5?$AAo?$AAf?$AA?5?$AAn?$AAo?$AAt@ 0000000140018dbe     dbg_.-runtime.o
 0002:00003e38       ??_C@_1DC@FFLNADD@?$AAE?$AAr?$AAr?$AAo?$AAr?$AA?3?$AA?5?$AAw?$AAi?$AAn?$AAa?$AAp?$AAi?$AA?5?$AAe?$AAr?$AAr?$AAo?$AAr?$AA?5?$AA?$CF?$AAl?$AAd?$AA?6?$AA?$AA@ 0000000140018e38     dbg_.-runtime.o
 0002:00003e74       ??_C@_1DE@BIGGJJBN@?$AAh?$AAe?$AAa?$AAd?$AAe?$AAr?$AA?5?$AA?$CF?$AAl?$AAl?$AAd?$AA?5?$AAo?$AAf?$AA?5?$AAs?$AAi?$AAz?$AAe?$AA?5?$AA?$CF?$AAl?$AAl?$AAd?$AA?6?$AA?$AA@ 0000000140018e74     dbg_.-runtime.o
 0002:00003eb2       ??_C@_1BK@JJBOCJJN@?$AAs?$AAe?$AAt?$AA?5?$AAt?$AAo?$AA?5?$AA?$CF?$AAl?$AAl?$AAd?$AA?5?$AA?$AA@ 0000000140018eb2     dbg_.-runtime.o
 0002:00003ed2       ??_C@_1JE@CPFCJBNI@?$AAE?$AAR?$AAR?$AAO?$AAR?$AA?3?$AA?5?$AAR?$AAu?$AAn?$AAt?$AAi?$AAm?$AAe?$AA?5?$AAe?$AAn?$AAd?$AAp?$AAo?$AAi?$AAn?$AAt?$AA?5?$AA?$CF?$AAl?$AAl?$AAd?$AA?5?$AAd?$AAo?$AAe@ 0000000140018ed2     dbg_.-runtime.o
 0002:00003f84       ??_C@_1BA@LPJEKMJJ@?$AAp?$AAt?$AAr?$AA?$DN?$AA?$CF?$AAp?$AA?6?$AA?$AA@ 0000000140018f84     dbg_.-runtime.o
 0002:00003f98       ??_C@_1IG@FGNNCHGH@?$AAw?$AAo?$AAr?$AAk?$AAe?$AAr?$AA?5?$AA?$CF?$AAl?$AAl?$AAd?$AA?5?$AAi?$AAs?$AA?5?$AAd?$AAl?$AAl?$AA?5?$AAc?$AAa?$AAl?$AAl?$AA?5?$AAo?$AAf?$AA?5?$AAl?$AAi?$AAb?$AAr?$AAa@ 0000000140018f98     dbg_.-runtime.o
 0002:00004038       ??_C@_1CG@BIKDCCPC@?$AAs?$AAt?$AAa?$AAc?$AAk?$AA?5?$AAu?$AAs?$AAa?$AAg?$AAe?$AA?3?$AA?5?$AA?$CF?$AAl?$AAl?$AAd?$AA?6?$AA?$AA@ 0000000140019038     dbg_.-runtime.o
 0002:00004066       ??_C@_1GK@IGPNAPLE@?$AAo?$AAu?$AAt?$AAp?$AAu?$AAt?$AA?5?$AAh?$AAa?$AAv?$AAe?$AA?5?$AAs?$AAi?$AAz?$AAe?$AA?5?$AA?$CF?$AAl?$AAl?$AAd?$AA?5?$AA?$FL?$AAa?$AAn?$AAd?$AA?5?$AAa?$AAr?$AAg?$AAs?$AA?5@ 0000000140019066     dbg_.-runtime.o
 0002:000040e6       ??_C@_1DM@EEDFDKOL@?$AAa?$AAr?$AAg?$AAu?$AAm?$AAe?$AAn?$AAt?$AA?5?$AA?$CF?$AAl?$AAl?$AAd?$AA?5?$AAh?$AAa?$AAv?$AAe?$AA?5?$AAs?$AAi?$AAz?$AAe?$AA?5?$AA?$CF?$AAl?$AAl?$AAd?$AA?6?$AA?$AA@ 00000001400190e6     dbg_.-runtime.o
 0002:0000412e       ??_C@_1KM@JOOLBIFF@?$AAW?$AAo?$AAr?$AAk?$AAe?$AAr?$AA?5?$AA?$CF?$AAl?$AAl?$AAd?$AA?5?$AA?$FL?$AAx?$AA6?$AA4?$AA?$FN?$AA?5?$AAh?$AAa?$AAv?$AAe?$AA?5?$AAb?$AAe?$AAe?$AAn?$AA?5?$AAl?$AAo?$AAa?$AAd@ 000000014001912e     dbg_.-runtime.o
 0002:000041fc       ??_C@_1HI@GNCDLKLI@?$AAE?$AAr?$AAr?$AAo?$AAr?$AA?3?$AA?5?$AAr?$AAu?$AAn?$AAt?$AAi?$AAm?$AAe?$AA?5?$AAd?$AAo?$AAe?$AAs?$AAn?$AA?8?$AAt?$AA?5?$AAs?$AAu?$AAp?$AAp?$AAo?$AAr?$AAt?$AA?5?$AAs@ 00000001400191fc     dbg_.-runtime.o
 0002:0000428c       ??_C@_1LG@BJCBGCLK@?$AAW?$AAo?$AAr?$AAk?$AAe?$AAr?$AA?5?$AA?$CF?$AAl?$AAl?$AAd?$AA?5?$AA?$FL?$AAG?$AAP?$AAU?$AA?$FN?$AA?5?$AAh?$AAa?$AAv?$AAe?$AA?5?$AAb?$AAe?$AAe?$AAn?$AA?5?$AAl?$AAo?$AAa?$AAd@ 000000014001928c     dbg_.-runtime.o
 0002:00004366       ??_C@_1EC@HLLMLNEL@?$AAE?$AAr?$AAr?$AAo?$AAr?$AA?3?$AA?5?$AAu?$AAn?$AAk?$AAn?$AAo?$AAw?$AAn?$AA?5?$AAh?$AAe?$AAa?$AAd?$AAe?$AAr?$AA?5?$AAt?$AAy?$AAp?$AAe?$AA?5?$AA?$CF?$AAl?$AAl?$AAd?$AA?6@ 0000000140019366     dbg_.-runtime.o
 0002:000043b6       ??_C@_1DI@MLNAPEIE@?$AAS?$AAh?$AAe?$AAd?$AAu?$AAl?$AAe?$AAr?$AAI?$AAn?$AAs?$AAt?$AAa?$AAn?$AAc?$AAe?$AA?5?$AAc?$AAo?$AAm?$AAp?$AAl?$AAe?$AAt?$AAe?$AAd?$AA?6?$AA?$AA@ 00000001400193b6     dbg_.-runtime.o
 0002:000043fa       ??_C@_1CC@MEKDJGLK@?$AAp?$AAr?$AAo?$AAm?$AAi?$AAs?$AAe?$AA?5?$AAn?$AAo?$AAt?$AA?5?$AAs?$AAe?$AAt?$AA?6?$AA?$AA@ 00000001400193fa     dbg_.-runtime.o
 0002:00004422       ??_C@_1CG@NNOPFBAI@?$AAp?$AAr?$AAo?$AAm?$AAi?$AAs?$AAe?$AA?5?$AAn?$AAo?$AAt?$AA?5?$AAf?$AAo?$AAu?$AAn?$AAd?$AA?6?$AA?$AA@ 0000000140019422     dbg_.-runtime.o
 0002:00004450       ??_C@_1EK@KKIKLCHH@?$AAG?$AAp?$AAu?$AA?5?$AAs?$AAu?$AAs?$AAs?$AAy?$AAs?$AAt?$AAe?$AAm?$AA?5?$AAi?$AAn?$AAi?$AAt?$AAi?$AAa?$AAl?$AAi?$AAz?$AAa?$AAt?$AAi?$AAo?$AAn?$AA?5?$AAf?$AAa?$AAi@ 0000000140019450     dbg_.-runtime.o
 0002:000044a8       ??_C@_1CC@DEIAIPBB@?$AA?4?$AA?4?$AA?1?$AA?4?$AA?4?$AA?1?$AA?4?$AA?4?$AA?1?$AAr?$AAe?$AAs?$AA?4?$AAb?$AAi?$AAn?$AA?$AA@ 00000001400194a8     dbg_.-runtime.o
 0002:000044d0       ??_C@_1FC@OGJDIOEJ@?$AAE?$AAr?$AAr?$AAo?$AAr?$AA?3?$AA?5?$AAc?$AAa?$AAn?$AA?8?$AAt?$AA?5?$AAo?$AAp?$AAe?$AAn?$AA?5?$AA?4?$AA?4?$AA?1?$AA?4?$AA?4?$AA?1?$AA?4?$AA?4?$AA?1?$AAr?$AAe?$AAs?$AA?4?$AAb@ 00000001400194d0     dbg_.-runtime.o
 0002:00004532       ??_C@_1DA@COAPAANM@?$AAE?$AAr?$AAr?$AAo?$AAr?$AA?3?$AA?5?$AAa?$AAt?$AA?5?$AAl?$AAo?$AAa?$AAd?$AAi?$AAn?$AAg?$AA?5?$AAf?$AAi?$AAl?$AAe?$AA?6?$AA?$AA@ 0000000140019532     dbg_.-runtime.o
 0002:0000456c       ??_C@_1DM@FEOJJAHB@?$AAS?$AAt?$AAa?$AAr?$AAt?$AAi?$AAn?$AAg?$AA?5?$AAw?$AAi?$AAt?$AAh?$AAo?$AAu?$AAt?$AA?5?$AAa?$AAn?$AAy?$AA?5?$AAw?$AAo?$AAr?$AAk?$AAe?$AAr?$AAs?$AA?6?$AA?$AA@ 000000014001956c     dbg_.-runtime.o
 0002:000045b4       ??_C@_1CG@PNBFEFIC@?$AAR?$AAE?$AAA?$AAD?$AAI?$AAN?$AAG?$AA?5?$AAI?$AAN?$AAP?$AAU?$AAT?$AA?5?$AAA?$AAS?$AA?3?$AA?5?$AA?$AA@ 00000001400195b4     dbg_.-runtime.o
 0002:000045e2       ??_C@_1M@HLHACGAA@?$AA?$CF?$AAl?$AAl?$AAd?$AA?5?$AA?$AA@ 00000001400195e2     dbg_.-runtime.o
 0002:000045f0       ??_C@_1CM@PELCBDJ@?$AAE?$AAn?$AAt?$AAr?$AAy?$AA?5?$AAw?$AAo?$AAr?$AAk?$AAe?$AAr?$AA?5?$AAi?$AAd?$AA?$DN?$AA?$CF?$AAl?$AAl?$AAd?$AA?6?$AA?$AA@ 00000001400195f0     dbg_.-runtime.o
 0002:00004624       ??_C@_1DA@FBHJAJPI@?$AAr?$AAe?$AAs?$AAu?$AAl?$AAt?$AA?5?$AAp?$AAr?$AAo?$AAm?$AAi?$AAs?$AAe?$AA?5?$AA?$CF?$AAp?$AA?5?$AA?$CF?$AAl?$AAl?$AAd?$AA?6?$AA?$AA@ 0000000140019624     dbg_.-runtime.o
 0002:0000465e       ??_C@_1BI@KEMCAKCM@?$AAR?$AAu?$AAn?$AAn?$AAi?$AAn?$AAg?$AA?4?$AA?4?$AA?4?$AA?6?$AA?$AA@ 000000014001965e     dbg_.-runtime.o
 0002:0000467a       ??_C@_1DM@HCILGOPA@?$AAF?$AAa?$AAi?$AAl?$AAe?$AAd?$AA?5?$AAt?$AAo?$AA?5?$AAc?$AAr?$AAe?$AAa?$AAt?$AAe?$AA?5?$AAt?$AAh?$AAr?$AAe?$AAa?$AAd?$AA?5?$AA?$CF?$AAl?$AAl?$AAd?$AA?6?$AA?$AA@ 000000014001967a     dbg_.-runtime.o
 0002:000046c2       ??_C@_1CE@FBEJGOMB@?$AAP?$AAr?$AAo?$AAg?$AAr?$AAa?$AAm?$AA?5?$AAf?$AAi?$AAn?$AAi?$AAs?$AAh?$AAe?$AAd?$AA?6?$AA?$AA@ 00000001400196c2     dbg_.-runtime.o
 0002:000046ee       ??_C@_1EK@FDFELEEK@?$AAR?$AAe?$AAs?$AAu?$AAl?$AAt?$AA?5?$AAp?$AAr?$AAo?$AAm?$AAi?$AAs?$AAe?$AA?5?$AAn?$AAo?$AAt?$AA?5?$AAf?$AAo?$AAu?$AAn?$AAd?$AA?5?$AAo?$AAn?$AA?5?$AAm?$AAa?$AAc?$AAh@ 00000001400196ee     dbg_.-runtime.o
 0002:00004746       ??_C@_1DO@BFPIHEIA@?$AAP?$AAr?$AAo?$AAg?$AAr?$AAa?$AAm?$AA?5?$AAe?$AAx?$AAi?$AAt?$AAe?$AAd?$AA?5?$AAw?$AAi?$AAt?$AAh?$AA?5?$AAc?$AAo?$AAd?$AAe?$AA?5?$AA?$CF?$AAl?$AAl?$AAx?$AA?6?$AA?$AA@ 0000000140019746     dbg_.-runtime.o
 0002:00004790       ??_C@_1CK@DKIDNDNE@?$AAP?$AAr?$AAe?$AAs?$AAs?$AA?5?$AAC?$AAt?$AAr?$AAl?$AA?$CL?$AAC?$AA?5?$AAt?$AAo?$AA?5?$AAe?$AAn?$AAd?$AA?6?$AA?$AA@ 0000000140019790     dbg_.-runtime.o
 0002:000047c2       ??_C@_1GO@CEANDIOF@?$AAR?$AAe?$AAs?$AAu?$AAl?$AAt?$AA?5?$AAo?$AAf?$AA?5?$AAm?$AAa?$AAi?$AAn?$AA?5?$AAf?$AAu?$AAn?$AAc?$AAt?$AAi?$AAo?$AAn?$AA?5?$AAi?$AAs?$AAn?$AA?8?$AAt?$AA?5?$AAr?$AAe@ 00000001400197c2     dbg_.-runtime.o
 0002:00004848       RtlNtPathSeperatorString   0000000140019848     ws2_32:indef.obj
 0002:0000485c       ??_C@_13FPGAJAPJ@?$AA?2@   000000014001985c     ws2_32:indef.obj
 0002:00004860       RtlDosPathSeperatorsString 0000000140019860     ws2_32:indef.obj
 0002:00004874       ??_C@_15MNCACJLI@?$AA?2?$AA?1@ 0000000140019874     ws2_32:indef.obj
 0002:00004880       RtlAlternateDosPathSeperatorString 0000000140019880     ws2_32:indef.obj
 0002:00004894       ??_C@_13CGOKJPIL@?$AA?1@   0000000140019894     ws2_32:indef.obj
 0002:000048ac       eui48_broadcast            00000001400198ac     ws2_32:indef.obj
 0002:000048b4       scopeid_unspecified        00000001400198b4     ws2_32:indef.obj
 0002:000048b8       in4addr_any                00000001400198b8     ws2_32:indef.obj
 0002:000048bc       in4addr_loopback           00000001400198bc     ws2_32:indef.obj
 0002:000048c0       in4addr_broadcast          00000001400198c0     ws2_32:indef.obj
 0002:000048c4       in4addr_allnodesonlink     00000001400198c4     ws2_32:indef.obj
 0002:000048c8       in4addr_allroutersonlink   00000001400198c8     ws2_32:indef.obj
 0002:000048cc       in4addr_alligmpv3routersonlink 00000001400198cc     ws2_32:indef.obj
 0002:000048d0       in4addr_allteredohostsonlink 00000001400198d0     ws2_32:indef.obj
 0002:000048d4       in4addr_linklocalprefix    00000001400198d4     ws2_32:indef.obj
 0002:000048d8       in4addr_multicastprefix    00000001400198d8     ws2_32:indef.obj
 0002:000048e0       in6addr_any                00000001400198e0     ws2_32:indef.obj
 0002:000048f8       in6addr_loopback           00000001400198f8     ws2_32:indef.obj
 0002:00004910       in6addr_allnodesonnode     0000000140019910     ws2_32:indef.obj
 0002:00004928       in6addr_allnodesonlink     0000000140019928     ws2_32:indef.obj
 0002:00004940       in6addr_allroutersonlink   0000000140019940     ws2_32:indef.obj
 0002:00004958       in6addr_allmldv2routersonlink 0000000140019958     ws2_32:indef.obj
 0002:00004970       in6addr_teredoinitiallinklocaladdress 0000000140019970     ws2_32:indef.obj
 0002:00004988       in6addr_linklocalprefix    0000000140019988     ws2_32:indef.obj
 0002:000049a0       in6addr_multicastprefix    00000001400199a0     ws2_32:indef.obj
 0002:000049b8       in6addr_solicitednodemulticastprefix 00000001400199b8     ws2_32:indef.obj
 0002:000049d0       in6addr_v4mappedprefix     00000001400199d0     ws2_32:indef.obj
 0002:000049e8       in6addr_6to4prefix         00000001400199e8     ws2_32:indef.obj
 0002:00004a00       in6addr_teredoprefix       0000000140019a00     ws2_32:indef.obj
 0002:00004a18       in6addr_teredoprefix_old   0000000140019a18     ws2_32:indef.obj
 0002:00004a30       BUGCHECK_EFI_GUID          0000000140019a30     ws2_32:indef.obj
 0003:00000000       server_port                000000014001a000     dbg_.-remote.o
 0003:00000008       thisServerId               000000014001a008     dbg_.-remote.o
 0003:00000020       Providers                  000000014001a020     dbg_.-runtime.o
 0003:00000080       context                    000000014001a080     asm_dbg.o
 0003:000002e8       AddressFamilyInformation   000000014001a2e8     ws2_32:indef.obj
 0003:00000420       connections_lock           000000014001a420     dbg_.-api.o
 0003:00000428       connections_len            000000014001a428     dbg_.-api.o
 0003:00000430       pages_lock                 000000014001a430     dbg_.-api.o
 0003:00000438       pages_len                  000000014001a438     dbg_.-api.o
 0003:00000440       known_id_broadcasts        000000014001a440     dbg_.-api.o
 0003:00000460       known_page_broadcasts      000000014001a460     dbg_.-api.o
 0003:00000480       known_path_broadcasts      000000014001a480     dbg_.-api.o
 0003:000004a0       known_path_id_broadcasts   000000014001a4a0     dbg_.-api.o
 0003:000004c0       local_objects              000000014001a4c0     dbg_.-api.o
 0003:000004e0       known_objects              000000014001a4e0     dbg_.-api.o
 0003:00000500       query_requests             000000014001a500     dbg_.-api.o
 0003:00000520       push_requests              000000014001a520     dbg_.-api.o
 0003:00000540       known_hives                000000014001a540     dbg_.-api.o
 0003:00000560       connections                000000014001a560     dbg_.-api.o
 0003:00002560       pages                      000000014001c560     dbg_.-api.o
 0003:00003a70       SL_best_platform           000000014001da70     dbg_.-gpu_subsystem.o
 0003:00003a74       SL_best_platform_value     000000014001da74     dbg_.-gpu_subsystem.o
 0003:00003a78       SL_platforms_len           000000014001da78     dbg_.-gpu_subsystem.o
 0003:00003a80       SL_platforms               000000014001da80     dbg_.-gpu_subsystem.o
 0003:00003b00       SL_devices                 000000014001db00     dbg_.-gpu_subsystem.o
 0003:00003f00       SL_devices_len             000000014001df00     dbg_.-gpu_subsystem.o
 0003:00003f40       SL_main_platform           000000014001df40     dbg_.-gpu_subsystem.o
 0003:00003f48       SL_context                 000000014001df48     dbg_.-gpu_subsystem.o
 0003:00003f50       SL_queues                  000000014001df50     dbg_.-gpu_subsystem.o
 0003:00004350       SL_queues_len              000000014001e350     dbg_.-gpu_subsystem.o
 0003:00004570       ServerIdGetLock            000000014001e570     dbg_.-remote.o
 0003:00004578       next_local_id              000000014001e578     dbg_.-remote.o
 0003:00004580       hIOCP                      000000014001e580     dbg_.-remote.o
 0003:00004f40       hHeap                      000000014001ef40     dbg_.-runtime_lib.o
 0003:00004f48       hInput                     000000014001ef48     dbg_.-runtime_lib.o
 0003:00004f50       buf                        000000014001ef50     dbg_.-runtime_lib.o
 0003:00005f50       hOutput                    000000014001ff50     dbg_.-runtime_lib.o
 0003:00005f58       frequency                  000000014001ff58     dbg_.-runtime_lib.o
 0003:000062a0       Workers                    00000001400202a0     dbg_.-runtime.o
 0003:00006c00       wait_list_lock             0000000140020c00     dbg_.-runtime.o
 0003:00006c08       wait_list_len              0000000140020c08     dbg_.-runtime.o
 0003:00006c10       queue_lock                 0000000140020c10     dbg_.-runtime.o
 0003:00006c18       queue_len                  0000000140020c18     dbg_.-runtime.o
 0003:00006c20       dwTlsIndex                 0000000140020c20     dbg_.-runtime.o
 0003:00006c30       wait_list                  0000000140020c30     dbg_.-runtime.o
 0003:000ca130       queue                      00000001400e4130     dbg_.-runtime.o
 0003:000dd9b8       defined_arrays             00000001400f79b8     dbg_.-runtime.o
 0003:00108b2d       ExPoolZeroingNativelySupported 0000000140122b2d     ws2_32:indef.obj
 0004:00000000       __imp_TlsFree              0000000140123000     kernel32:KERNEL32.dll
 0004:00000008       __imp_WaitForMultipleObjects 0000000140123008     kernel32:KERNEL32.dll
 0004:00000010       __imp_TlsGetValue          0000000140123010     kernel32:KERNEL32.dll
 0004:00000018       __imp_ExitProcess          0000000140123018     kernel32:KERNEL32.dll
 0004:00000020       __imp_AcquireSRWLockShared 0000000140123020     kernel32:KERNEL32.dll
 0004:00000028       __imp_ReleaseSRWLockShared 0000000140123028     kernel32:KERNEL32.dll
 0004:00000030       __imp_AcquireSRWLockExclusive 0000000140123030     kernel32:KERNEL32.dll
 0004:00000038       __imp_ReleaseSRWLockExclusive 0000000140123038     kernel32:KERNEL32.dll
 0004:00000040       __imp_Sleep                0000000140123040     kernel32:KERNEL32.dll
 0004:00000048       __imp_CreateIoCompletionPort 0000000140123048     kernel32:KERNEL32.dll
 0004:00000050       __imp_GetLastError         0000000140123050     kernel32:KERNEL32.dll
 0004:00000058       __imp_FormatMessageW       0000000140123058     kernel32:KERNEL32.dll
 0004:00000060       __imp_CreateThread         0000000140123060     kernel32:KERNEL32.dll
 0004:00000068       __imp_TryAcquireSRWLockExclusive 0000000140123068     kernel32:KERNEL32.dll
 0004:00000070       __imp_GetQueuedCompletionStatus 0000000140123070     kernel32:KERNEL32.dll
 0004:00000078       __imp_HeapAlloc            0000000140123078     kernel32:KERNEL32.dll
 0004:00000080       __imp_MultiByteToWideChar  0000000140123080     kernel32:KERNEL32.dll
 0004:00000088       __imp_WriteConsoleW        0000000140123088     kernel32:KERNEL32.dll
 0004:00000090       __imp_HeapReAlloc          0000000140123090     kernel32:KERNEL32.dll
 0004:00000098       __imp_HeapFree             0000000140123098     kernel32:KERNEL32.dll
 0004:000000a0       __imp_GetConsoleMode       00000001401230a0     kernel32:KERNEL32.dll
 0004:000000a8       __imp_ReadConsoleW         00000001401230a8     kernel32:KERNEL32.dll
 0004:000000b0       __imp_ReadFile             00000001401230b0     kernel32:KERNEL32.dll
 0004:000000b8       __imp_QueryPerformanceCounter 00000001401230b8     kernel32:KERNEL32.dll
 0004:000000c0       __imp_QueryPerformanceFrequency 00000001401230c0     kernel32:KERNEL32.dll
 0004:000000c8       __imp_GetStdHandle         00000001401230c8     kernel32:KERNEL32.dll
 0004:000000d0       __imp_GetProcessHeap       00000001401230d0     kernel32:KERNEL32.dll
 0004:000000d8       __imp_VirtualAlloc         00000001401230d8     kernel32:KERNEL32.dll
 0004:000000e0       __imp_LoadLibraryA         00000001401230e0     kernel32:KERNEL32.dll
 0004:000000e8       __imp_GetProcAddress       00000001401230e8     kernel32:KERNEL32.dll
 0004:000000f0       __imp_TlsSetValue          00000001401230f0     kernel32:KERNEL32.dll
 0004:000000f8       __imp_TlsAlloc             00000001401230f8     kernel32:KERNEL32.dll
 0004:00000100       __imp_CreateFileW          0000000140123100     kernel32:KERNEL32.dll
 0004:00000108       __imp_GetFileSizeEx        0000000140123108     kernel32:KERNEL32.dll
 0004:00000110       __imp_CloseHandle          0000000140123110     kernel32:KERNEL32.dll
 0004:00000118       __imp_GetCommandLineW      0000000140123118     kernel32:KERNEL32.dll
 0004:00000120       \177KERNEL32_NULL_THUNK_DATA 0000000140123120     kernel32:KERNEL32.dll
 0004:000001b0       __imp_clEnqueueWriteBuffer 00000001401231b0     OpenCL:OpenCL.dll
 0004:000001b8       __imp_clFinish             00000001401231b8     OpenCL:OpenCL.dll
 0004:000001c0       __imp_clEnqueueNDRangeKernel 00000001401231c0     OpenCL:OpenCL.dll
 0004:000001c8       __imp_clCreateBuffer       00000001401231c8     OpenCL:OpenCL.dll
 0004:000001d0       __imp_clCreateKernel       00000001401231d0     OpenCL:OpenCL.dll
 0004:000001d8       __imp_clGetProgramBuildInfo 00000001401231d8     OpenCL:OpenCL.dll
 0004:000001e0       __imp_clBuildProgram       00000001401231e0     OpenCL:OpenCL.dll
 0004:000001e8       __imp_clCreateProgramWithSource 00000001401231e8     OpenCL:OpenCL.dll
 0004:000001f0       __imp_clCreateCommandQueueWithProperties 00000001401231f0     OpenCL:OpenCL.dll
 0004:000001f8       __imp_clCreateContext      00000001401231f8     OpenCL:OpenCL.dll
 0004:00000200       __imp_clGetDeviceInfo      0000000140123200     OpenCL:OpenCL.dll
 0004:00000208       __imp_clGetDeviceIDs       0000000140123208     OpenCL:OpenCL.dll
 0004:00000210       __imp_clGetPlatformInfo    0000000140123210     OpenCL:OpenCL.dll
 0004:00000218       __imp_clGetPlatformIDs     0000000140123218     OpenCL:OpenCL.dll
 0004:00000220       __imp_clEnqueueReadBuffer  0000000140123220     OpenCL:OpenCL.dll
 0004:00000228       \177OpenCL_NULL_THUNK_DATA 0000000140123228     OpenCL:OpenCL.dll
 0004:00000298       __imp_CommandLineToArgvW   0000000140123298     shell32:SHELL32.dll
 0004:000002a0       \177SHELL32_NULL_THUNK_DATA 00000001401232a0     shell32:SHELL32.dll
 0004:000002f8       __imp_listen               00000001401232f8     ws2_32:WS2_32.dll
 0004:00000300       __imp_accept               0000000140123300     ws2_32:WS2_32.dll
 0004:00000308       __imp_getsockname          0000000140123308     ws2_32:WS2_32.dll
 0004:00000310       __imp_bind                 0000000140123310     ws2_32:WS2_32.dll
 0004:00000318       __imp_setsockopt           0000000140123318     ws2_32:WS2_32.dll
 0004:00000320       __imp_WSAStartup           0000000140123320     ws2_32:WS2_32.dll
 0004:00000328       __imp_freeaddrinfo         0000000140123328     ws2_32:WS2_32.dll
 0004:00000330       __imp_getaddrinfo          0000000140123330     ws2_32:WS2_32.dll
 0004:00000338       __imp_closesocket          0000000140123338     ws2_32:WS2_32.dll
 0004:00000340       __imp_connect              0000000140123340     ws2_32:WS2_32.dll
 0004:00000348       __imp_socket               0000000140123348     ws2_32:WS2_32.dll
 0004:00000350       __imp_send                 0000000140123350     ws2_32:WS2_32.dll
 0004:00000358       __imp_WSARecv              0000000140123358     ws2_32:WS2_32.dll
 0004:00000360       __imp_ntohs                0000000140123360     ws2_32:WS2_32.dll
 0004:00000368       __imp_inet_ntop            0000000140123368     ws2_32:WS2_32.dll
 0004:00000370       __imp_getpeername          0000000140123370     ws2_32:WS2_32.dll
 0004:00000378       __imp_htons                0000000140123378     ws2_32:WS2_32.dll
 0004:00000380       \177WS2_32_NULL_THUNK_DATA 0000000140123380     ws2_32:WS2_32.dll
 0004:000003f0       __imp_BCryptGenRandom      00000001401233f0     bcrypt:bcrypt.dll
 0004:000003f8       \177bcrypt_NULL_THUNK_DATA 00000001401233f8     bcrypt:bcrypt.dll
 0004:00000450       __IMPORT_DESCRIPTOR_SHELL32 0000000140123450     shell32:SHELL32.dll
 0004:00000464       __IMPORT_DESCRIPTOR_KERNEL32 0000000140123464     kernel32:KERNEL32.dll
 0004:00000478       __IMPORT_DESCRIPTOR_bcrypt 0000000140123478     bcrypt:bcrypt.dll
 0004:0000048c       __IMPORT_DESCRIPTOR_WS2_32 000000014012348c     ws2_32:WS2_32.dll
 0004:000004a0       __IMPORT_DESCRIPTOR_OpenCL 00000001401234a0     OpenCL:OpenCL.dll
 0004:000004b4       __NULL_IMPORT_DESCRIPTOR   00000001401234b4     shell32:SHELL32.dll

 entry point at        0001:00000014

 Static symbols

 0000:ffedc000       .debug$S                   0000000140000000     bcrypt:bcrypt.dll
 0000:ffedc000       .debug$S                   0000000140000000     kernel32:KERNEL32.dll
 0000:ffedc000       .debug$S                   0000000140000000     kernel32:KERNEL32.dll
 0000:ffedc000       .debug$S                   0000000140000000     kernel32:KERNEL32.dll
 0000:ffedc000       .debug$S                   0000000140000000     kernel32:KERNEL32.dll
 0000:ffedc000       .debug$S                   0000000140000000     kernel32:KERNEL32.dll
 0000:ffedc000       .debug$S                   0000000140000000     kernel32:KERNEL32.dll
 0000:ffedc000       .debug$S                   0000000140000000     kernel32:KERNEL32.dll
 0000:ffedc000       .debug$S                   0000000140000000     kernel32:KERNEL32.dll
 0000:ffedc000       .debug$S                   0000000140000000     kernel32:KERNEL32.dll
 0000:ffedc000       .debug$S                   0000000140000000     kernel32:KERNEL32.dll
 0000:ffedc000       .debug$S                   0000000140000000     kernel32:KERNEL32.dll
 0000:ffedc000       .debug$S                   0000000140000000     kernel32:KERNEL32.dll
 0000:ffedc000       .debug$S                   0000000140000000     kernel32:KERNEL32.dll
 0000:ffedc000       .debug$S                   0000000140000000     kernel32:KERNEL32.dll
 0000:ffedc000       .debug$S                   0000000140000000     kernel32:KERNEL32.dll
 0000:ffedc000       .debug$S                   0000000140000000     kernel32:KERNEL32.dll
 0000:ffedc000       .debug$S                   0000000140000000     kernel32:KERNEL32.dll
 0000:ffedc000       .debug$S                   0000000140000000     kernel32:KERNEL32.dll
 0000:ffedc000       .debug$S                   0000000140000000     kernel32:KERNEL32.dll
 0000:ffedc000       .debug$S                   0000000140000000     kernel32:KERNEL32.dll
 0000:ffedc000       .debug$S                   0000000140000000     kernel32:KERNEL32.dll
 0000:ffedc000       .debug$S                   0000000140000000     kernel32:KERNEL32.dll
 0000:ffedc000       .debug$S                   0000000140000000     kernel32:KERNEL32.dll
 0000:ffedc000       .debug$S                   0000000140000000     kernel32:KERNEL32.dll
 0000:ffedc000       .debug$S                   0000000140000000     kernel32:KERNEL32.dll
 0000:ffedc000       .debug$S                   0000000140000000     kernel32:KERNEL32.dll
 0000:ffedc000       .debug$S                   0000000140000000     kernel32:KERNEL32.dll
 0000:ffedc000       .debug$S                   0000000140000000     kernel32:KERNEL32.dll
 0000:ffedc000       .debug$S                   0000000140000000     kernel32:KERNEL32.dll
 0000:ffedc000       .debug$S                   0000000140000000     kernel32:KERNEL32.dll
 0000:ffedc000       .debug$S                   0000000140000000     kernel32:KERNEL32.dll
 0000:ffedc000       .debug$S                   0000000140000000     kernel32:KERNEL32.dll
 0000:ffedc000       .debug$S                   0000000140000000     kernel32:KERNEL32.dll
 0000:ffedc000       .debug$S                   0000000140000000     kernel32:KERNEL32.dll
 0000:ffedc000       .debug$S                   0000000140000000     kernel32:KERNEL32.dll
 0000:ffedc000       .debug$S                   0000000140000000     kernel32:KERNEL32.dll
 0000:ffedc000       .debug$S                   0000000140000000     shell32:SHELL32.dll
 0000:ffedc000       .debug$S                   0000000140000000     ws2_32:WS2_32.dll
 0000:ffedc000       .debug$S                   0000000140000000     ws2_32:WS2_32.dll
 0000:ffedc000       .debug$S                   0000000140000000     ws2_32:WS2_32.dll
 0000:ffedc000       .debug$S                   0000000140000000     ws2_32:WS2_32.dll
 0000:ffedc000       .debug$S                   0000000140000000     ws2_32:WS2_32.dll
 0000:ffedc000       .debug$S                   0000000140000000     ws2_32:WS2_32.dll
 0000:ffedc000       .debug$S                   0000000140000000     ws2_32:WS2_32.dll
 0000:ffedc000       .debug$S                   0000000140000000     ws2_32:WS2_32.dll
 0000:ffedc000       .debug$S                   0000000140000000     ws2_32:WS2_32.dll
 0000:ffedc000       .debug$S                   0000000140000000     ws2_32:WS2_32.dll
 0000:ffedc000       .debug$S                   0000000140000000     ws2_32:WS2_32.dll
 0000:ffedc000       .debug$S                   0000000140000000     ws2_32:WS2_32.dll
 0000:ffedc000       .debug$S                   0000000140000000     ws2_32:WS2_32.dll
 0000:ffedc000       .debug$S                   0000000140000000     ws2_32:WS2_32.dll
 0000:ffedc000       .debug$S                   0000000140000000     ws2_32:WS2_32.dll
 0000:ffedc000       .debug$S                   0000000140000000     ws2_32:WS2_32.dll
 0000:ffedc000       .debug$S                   0000000140000000     ws2_32:WS2_32.dll
 0000:ffedc000       .debug$S                   0000000140000000     OpenCL:OpenCL.dll
 0000:ffedc000       .debug$S                   0000000140000000     OpenCL:OpenCL.dll
 0000:ffedc000       .debug$S                   0000000140000000     OpenCL:OpenCL.dll
 0000:ffedc000       .debug$S                   0000000140000000     OpenCL:OpenCL.dll
 0000:ffedc000       .debug$S                   0000000140000000     OpenCL:OpenCL.dll
 0000:ffedc000       .debug$S                   0000000140000000     OpenCL:OpenCL.dll
 0000:ffedc000       .debug$S                   0000000140000000     OpenCL:OpenCL.dll
 0000:ffedc000       .debug$S                   0000000140000000     OpenCL:OpenCL.dll
 0000:ffedc000       .debug$S                   0000000140000000     OpenCL:OpenCL.dll
 0000:ffedc000       .debug$S                   0000000140000000     OpenCL:OpenCL.dll
 0000:ffedc000       .debug$S                   0000000140000000     OpenCL:OpenCL.dll
 0000:ffedc000       .debug$S                   0000000140000000     OpenCL:OpenCL.dll
 0000:ffedc000       .debug$S                   0000000140000000     OpenCL:OpenCL.dll
 0000:ffedc000       .debug$S                   0000000140000000     OpenCL:OpenCL.dll
 0000:ffedc000       .debug$S                   0000000140000000     OpenCL:OpenCL.dll
 0001:00002420       GetKnownHiveHash           0000000140003420 f   dbg_.-api.o
 0001:00009730       Worker                     000000014000a730 f   dbg_.-remote.o
 0001:00009cd0       ConnectionListnerWorker    000000014000acd0 f   dbg_.-remote.o
 0001:00009ea0       PagesAllocator             000000014000aea0 f   dbg_.-remote.o
 0001:00009f70       StateSender                000000014000af70 f   dbg_.-remote.o
 0001:00009f90       HandleApiCall              000000014000af90 f   dbg_.-remote.o
 0001:00010a50       .text                      0000000140011a50     asm_dbg.o
 0002:00004898       BFE_GENERIC_MAPPING        0000000140019898     ws2_32:indef.obj
 0002:00004a48       IPSEC_AUTH_TRANSFORM_ID_HMAC_MD5_96 0000000140019a48     ws2_32:indef.obj
 0002:00004a58       IPSEC_AUTH_TRANSFORM_ID_HMAC_SHA_1_96 0000000140019a58     ws2_32:indef.obj
 0002:00004a68       IPSEC_AUTH_TRANSFORM_ID_HMAC_SHA_256_128 0000000140019a68     ws2_32:indef.obj
 0002:00004a78       IPSEC_AUTH_TRANSFORM_ID_GCM_AES_128 0000000140019a78     ws2_32:indef.obj
 0002:00004a88       IPSEC_AUTH_TRANSFORM_ID_GCM_AES_192 0000000140019a88     ws2_32:indef.obj
 0002:00004a98       IPSEC_AUTH_TRANSFORM_ID_GCM_AES_256 0000000140019a98     ws2_32:indef.obj
 0002:00004aa8       IPSEC_CIPHER_TRANSFORM_ID_CBC_DES 0000000140019aa8     ws2_32:indef.obj
 0002:00004ab8       IPSEC_CIPHER_TRANSFORM_ID_CBC_3DES 0000000140019ab8     ws2_32:indef.obj
 0002:00004ac8       IPSEC_CIPHER_TRANSFORM_ID_AES_128 0000000140019ac8     ws2_32:indef.obj
 0002:00004ad8       IPSEC_CIPHER_TRANSFORM_ID_AES_192 0000000140019ad8     ws2_32:indef.obj
 0002:00004ae8       IPSEC_CIPHER_TRANSFORM_ID_AES_256 0000000140019ae8     ws2_32:indef.obj
 0002:00004af8       IPSEC_CIPHER_TRANSFORM_ID_GCM_AES_128 0000000140019af8     ws2_32:indef.obj
 0002:00004b08       IPSEC_CIPHER_TRANSFORM_ID_GCM_AES_192 0000000140019b08     ws2_32:indef.obj
 0002:00004b18       IPSEC_CIPHER_TRANSFORM_ID_GCM_AES_256 0000000140019b18     ws2_32:indef.obj
 0003:00000080       .data                      000000014001a080     asm_dbg.o
 0003:00004590       gai_strerrorW.buff         000000014001e590     dbg_.-remote.o
 0003:000dd9b0       UpdateWaitingWorkers.xt    00000001400f79b0     dbg_.-runtime.o
 0003:00108b2c       WFP_TRACE_NULL_DATA        0000000140122b2c     ws2_32:indef.obj
 0004:0000092e       .idata$6                   000000014012392e     shell32:SHELL32.dll
 0004:00000bc8       .idata$6                   0000000140123bc8     kernel32:KERNEL32.dll
 0004:00000be8       .idata$6                   0000000140123be8     bcrypt:bcrypt.dll
 0004:00000c28       .idata$6                   0000000140123c28     ws2_32:WS2_32.dll
 0004:00000d76       .idata$6                   0000000140123d76     OpenCL:OpenCL.dll
