 d

 Timestamp is 69c887e3 (Sun Mar 29 05:01:07 2026)

 Preferred load address is 0000000140000000

 Start         Length     Name                   Class
 0001:00000000 0001275fH .text                   CODE
 0002:00000000 00004e50H .rdata                  DATA
 0003:00000000 000000e4H .data                   DATA
 0003:000000e4 000d8096H .bss                    DATA
 0004:00000000 00000222H .data                   DATA

  Address         Publics by Value              Rva+Base               Lib:Object

 0001:00000000       dllPauseWorker             0000000140001000     dbg_.-dll-await_worker.o
 0001:000000c0       dllCallObject              00000001400010c0     dbg_.-dll-call_object.o
 0001:00000190       dllStartNewLocalWorker     0000000140001190     dbg_.-dll-call_object.o
 0001:000002d0       dllExecuteWorker           00000001400012d0     dbg_.-dll-execute_worker.o
 0001:00001020       gpuPauseWorker             0000000140002020     dbg_.-gpu-await_worker.o
 0001:000010e0       gpuCallObject              00000001400020e0     dbg_.-gpu-call_object.o
 0001:000011b0       gpuStartNewLocalWorker     00000001400021b0     dbg_.-gpu-call_object.o
 0001:000012f0       gpuExecuteWorker           00000001400022f0     dbg_.-gpu-execute_worker.o
 0001:00001860       gpuNewObjectUsingPage      0000000140002860     dbg_.-gpu-new_object.o
 0001:00001990       gpuNewObject               0000000140002990     dbg_.-gpu-new_object.o
 0001:000019e0       gpuPushObject              00000001400029e0     dbg_.-gpu-push_object.o
 0001:00001a20       gpuPushPipe                0000000140002a20     dbg_.-gpu-push_object.o
 0001:00001a60       gpuQueryObject             0000000140002a60     dbg_.-gpu-query_object.o
 0001:00001aa0       gpuQueryPipe               0000000140002aa0     dbg_.-gpu-query_object.o
 0001:00001ae0       locNewObjectUsingPage      0000000140002ae0     dbg_.-loc-new_object.o
 0001:00001fe0       locNewObject               0000000140002fe0     dbg_.-loc-new_object.o
 0001:00002030       locUpdateLocalPush         0000000140003030     dbg_.-loc-push_object.o
 0001:00002120       locQueryLocalObject        0000000140003120     dbg_.-loc-query_object.o
 0001:00002280       x64PauseWorker             0000000140003280     dbg_.-x64-await_worker.o
 0001:00002360       x64CallObject              0000000140003360     dbg_.-x64-call_object.o
 0001:00002430       x64StartNewLocalWorker     0000000140003430     dbg_.-x64-call_object.o
 0001:00002580       x64ExecuteWorker           0000000140003580     dbg_.-x64-execute_worker.o
 0001:000025d0       x64TryStallWorker          00000001400035d0     dbg_.-x64-execute_worker.o
 0001:000028c0       x64NewObjectUsingPage      00000001400038c0     dbg_.-x64-new_object.o
 0001:00002e30       x64NewObjectStates         0000000140003e30     dbg_.-x64-new_object.o
 0001:00002ef0       x64NewObject               0000000140003ef0     dbg_.-x64-new_object.o
 0001:00002fe0       x64UpdateLocalPush         0000000140003fe0     dbg_.-x64-push_object.o
 0001:000030d0       x64OnPushObject            00000001400040d0     dbg_.-x64-push_object.o
 0001:00003190       x64PushObjectStates        0000000140004190     dbg_.-x64-push_object.o
 0001:000032e0       x64PushObject              00000001400042e0     dbg_.-x64-push_object.o
 0001:00003560       x64PushPipe                0000000140004560     dbg_.-x64-push_object.o
 0001:000035a0       x64QueryLocalObject        00000001400045a0     dbg_.-x64-query_object.o
 0001:00003700       x64OnQueryObject           0000000140004700     dbg_.-x64-query_object.o
 0001:00003810       x64QueryObjectStates       0000000140004810     dbg_.-x64-query_object.o
 0001:00003960       x64QueryObject             0000000140004960     dbg_.-x64-query_object.o
 0001:00003b70       x64QueryPipe               0000000140004b70     dbg_.-x64-query_object.o
 0001:00003bb0       x64SleepStates             0000000140004bb0     dbg_.-x64-sleep.o
 0001:00003c40       x64Sleep                   0000000140004c40     dbg_.-x64-sleep.o
 0001:00003cf0       equal_bytes                0000000140004cf0     dbg_.-api.o
 0001:00003df0       GetHashtableNoLock         0000000140004df0     dbg_.-api.o
 0001:00003fc0       SetHashtableNoLock         0000000140004fc0     dbg_.-api.o
 0001:000042c0       GetHashtable               00000001400052c0     dbg_.-api.o
 0001:00004320       SetHashtable               0000000140005320     dbg_.-api.o
 0001:00004370       i64_get                    0000000140005370     dbg_.-api.o
 0001:00004830       i64GetHashtableNoLock      0000000140005830     dbg_.-api.o
 0001:00004870       i64SetHashtableNoLock      0000000140005870     dbg_.-api.o
 0001:00004a00       i64GetHashtable            0000000140005a00     dbg_.-api.o
 0001:00004a30       i64SetHashtable            0000000140005a30     dbg_.-api.o
 0001:00004a60       InitInternalStructures     0000000140005a60     dbg_.-api.o
 0001:00004df0       castOnQueryObject          0000000140005df0     dbg_.-cast_provider.o
 0001:00004fb0       anyCastStates              0000000140005fb0     dbg_.-cast_provider.o
 0001:00006070       anyCastProvider            0000000140007070     dbg_.-cast_provider.o
 0001:00006260       init_gpu_subsystem         0000000140007260     dbg_.-gpu_subsystem.o
 0001:00007d10       gpuBuildFromText           0000000140008d10     dbg_.-gpu_subsystem.o
 0001:00008060       gpuAlloc                   0000000140009060     dbg_.-gpu_subsystem.o
 0001:000080a0       gpuRun                     00000001400090a0     dbg_.-gpu_subsystem.o
 0001:00008150       gpuFinishQueuesOnPlatform  0000000140009150     dbg_.-gpu_subsystem.o
 0001:000081d0       gpuFinishQueue             00000001400091d0     dbg_.-gpu_subsystem.o
 0001:00008210       StartInitialProcess        0000000140009210     dbg_.-hive_entry.o
 0001:00008490       scheduler_init             0000000140009490     dbg_.-queue.o
 0001:00008590       scheduler_enqueue_with_affinity 0000000140009590     dbg_.-queue.o
 0001:00008730       scheduler_enqueue          0000000140009730     dbg_.-queue.o
 0001:00008910       scheduler_dequeue          0000000140009910     dbg_.-queue.o
 0001:00008dd0       b_send                     0000000140009dd0     dbg_.-remote.o
 0001:00008ef0       b_flush                    0000000140009ef0     dbg_.-remote.o
 0001:00008f40       GetConnectionById          0000000140009f40     dbg_.-remote.o
 0001:00008fd0       DumpConnections            0000000140009fd0     dbg_.-remote.o
 0001:00009330       ConfirmPage                000000014000a330     dbg_.-remote.o
 0001:000093d0       ConfirmID                  000000014000a3d0     dbg_.-remote.o
 0001:00009420       HandleNewConnection        000000014000a420     dbg_.-remote.o
 0001:000096b0       UpdateWaitingPush          000000014000a6b0     dbg_.-remote.o
 0001:000098f0       AnswerPushObject           000000014000a8f0     dbg_.-remote.o
 0001:000099e0       SendPageAllocationConfirm  000000014000a9e0     dbg_.-remote.o
 0001:00009a80       SendIDConfirm              000000014000aa80     dbg_.-remote.o
 0001:00009b20       RedirectBroadcastQuery     000000014000ab20     dbg_.-remote.o
 0001:00009cb0       RedirectBroadcastIDQuery   000000014000acb0     dbg_.-remote.o
 0001:00009e40       ConfirmConnection          000000014000ae40     dbg_.-remote.o
 0001:0000a0e0       InitiateConnection         000000014000b0e0     dbg_.-remote.o
 0001:0000a570       RequestMemoryPage          000000014000b570     dbg_.-remote.o
 0001:0000a690       RequestServerId            000000014000b690     dbg_.-remote.o
 0001:0000a7a0       AnswerQueryObject          000000014000b7a0     dbg_.-remote.o
 0001:0000a8e0       AnswerRequestObjectPath    000000014000b8e0     dbg_.-remote.o
 0001:0000aa30       RequestObjectPathBroadcast 000000014000ba30     dbg_.-remote.o
 0001:0000ac50       AnswerRequestPathToID      000000014000bc50     dbg_.-remote.o
 0001:0000ada0       RequestPathToIDBroadcast   000000014000bda0     dbg_.-remote.o
 0001:0000afc0       RequestObjectGet           000000014000bfc0     dbg_.-remote.o
 0001:0000b0f0       RequestObjectSet           000000014000c0f0     dbg_.-remote.o
 0001:0000b300       StartNewWorkerRemote       000000014000c300     dbg_.-remote.o
 0001:0000b440       SendHiveState              000000014000c440     dbg_.-remote.o
 0001:0000b5e0       start_remote_subsystem     000000014000c5e0     dbg_.-remote.o
 0001:0000e100       gai_strerrorW              000000014000f100     dbg_.-remote.o
 0001:0000e150       memset                     000000014000f150     dbg_.-runtime_lib.o
 0001:0000e1b0       memcpy                     000000014000f1b0     dbg_.-runtime_lib.o
 0001:0000e2c0       myMalloc                   000000014000f2c0     dbg_.-runtime_lib.o
 0001:0000e320       myPrintf                   000000014000f320     dbg_.-runtime_lib.o
 0001:0000e890       myRealloc                  000000014000f890     dbg_.-runtime_lib.o
 0001:0000e8f0       myFree                     000000014000f8f0     dbg_.-runtime_lib.o
 0001:0000e930       myAtoll                    000000014000f930     dbg_.-runtime_lib.o
 0001:0000ea70       get_char                   000000014000fa70     dbg_.-runtime_lib.o
 0001:0000eb50       myScanI64                  000000014000fb50     dbg_.-runtime_lib.o
 0001:0000ebe0       myScanS                    000000014000fbe0     dbg_.-runtime_lib.o
 0001:0000ece0       PrintI64                   000000014000fce0     dbg_.-runtime_lib.o
 0001:0000edb0       PrintI64H                  000000014000fdb0     dbg_.-runtime_lib.o
 0001:0000ee50       Print2H                    000000014000fe50     dbg_.-runtime_lib.o
 0001:0000eef0       assertion_failure          000000014000fef0     dbg_.-runtime_lib.o
 0001:0000ef40       myAbs                      000000014000ff40     dbg_.-runtime_lib.o
 0001:0000ef70       MicrosecondsToTicks        000000014000ff70     dbg_.-runtime_lib.o
 0001:0000ef90       TicksToMicroseconds        000000014000ff90     dbg_.-runtime_lib.o
 0001:0000efb0       GetTicks                   000000014000ffb0     dbg_.-runtime_lib.o
 0001:0000efd0       SheduleTimeoutFromNow      000000014000ffd0     dbg_.-runtime_lib.o
 0001:0000f010       init_lib                   0000000140010010     dbg_.-runtime_lib.o
 0001:0000f060       RegisterObjectWithId       0000000140010060     dbg_.-runtime.o
 0001:0000f090       GetNewObjectId             0000000140010090     dbg_.-runtime.o
 0001:0000f180       universalPauseWorker       0000000140010180     dbg_.-runtime.o
 0001:0000f220       universalUpdateLocalPush   0000000140010220     dbg_.-runtime.o
 0001:0000f280       UpdateFromQueryResult      0000000140010280     dbg_.-runtime.o
 0001:0000f300       PrintObject                0000000140010300     dbg_.-runtime.o
 0001:0000f500       WaitListWorker             0000000140010500     dbg_.-runtime.o
 0001:0000f570       EnqueueWorkerFromWaitList  0000000140010570     dbg_.-runtime.o
 0001:0000f640       UpdateWaitingWorkers       0000000140010640     dbg_.-runtime.o
 0001:0000f800       StartNewWorker             0000000140010800     dbg_.-runtime.o
 0001:0000fb00       LoadWorker                 0000000140010b00     dbg_.-runtime.o
 0001:00010d90       entry                      0000000140011d90     dbg_.-runtime.o
 0001:000115a0       WaitListUpdateWorker       00000001400125a0     dbg_.-sheduler.o
 0001:000115e0       SheduleWorker              00000001400125e0     dbg_.-sheduler.o
 0001:00011770       ShedulerInstance           0000000140012770     dbg_.-sheduler.o
 0001:00011820       TryStallSheduler           0000000140012820     dbg_.-sheduler.o
 0001:000118f0       MasterSheduler             00000001400128f0     dbg_.-sheduler.o
 0001:00011e60       ShedulerStart              0000000140012e60     dbg_.-sheduler.o
 0001:00012130       x64_fastPushObject         0000000140013130     asm_dbg.o
 0001:00012199       x64_fastQueryObject        0000000140013199     asm_dbg.o
 0001:00012202       x64_fastNewObject          0000000140013202     asm_dbg.o
 0001:0001226b       x64_fastCallObject         000000014001326b     asm_dbg.o
 0001:000122d4       x64_fastPushPipe           00000001400132d4     asm_dbg.o
 0001:0001233d       x64_fastQueryPipe          000000014001333d     asm_dbg.o
 0001:000123a6       x64_fastSleep              00000001400133a6     asm_dbg.o
 0001:0001240f       gpu_fastNewObject          000000014001340f     asm_dbg.o
 0001:00012478       gpu_fastCallObject         0000000140013478     asm_dbg.o
 0001:000124e1       loc_fastNewObject          00000001400134e1     asm_dbg.o
 0001:0001254a       dll_fastCallObject         000000014001354a     asm_dbg.o
 0001:000125b3       any_fastCastProvider       00000001400135b3     asm_dbg.o
 0001:0001261c       x64AsmExecuteWorker        000000014001361c     asm_dbg.o
 0001:0001267e       setjmpUN                   000000014001367e     asm_dbg.o
 0001:000126b1       longjmpUN                  00000001400136b1     asm_dbg.o
 0001:000126da       DllCall                    00000001400136da     asm_dbg.o
 0001:00012760       GdiSetBatchLimit           0000000140013760     gdi32:GDI32.dll
 0001:00012770       CommandLineToArgvW         0000000140013770     shell32:SHELL32.dll
 0001:00012780       AcquireSRWLockExclusive    0000000140013780     kernel32:KERNEL32.dll
 0001:00012790       AcquireSRWLockShared       0000000140013790     kernel32:KERNEL32.dll
 0001:000127a0       CloseHandle                00000001400137a0     kernel32:KERNEL32.dll
 0001:000127b0       CreateEventW               00000001400137b0     kernel32:KERNEL32.dll
 0001:000127c0       CreateFileW                00000001400137c0     kernel32:KERNEL32.dll
 0001:000127d0       CreateIoCompletionPort     00000001400137d0     kernel32:KERNEL32.dll
 0001:000127e0       CreateThread               00000001400137e0     kernel32:KERNEL32.dll
 0001:000127f0       ExitProcess                00000001400137f0     kernel32:KERNEL32.dll
 0001:00012800       FormatMessageW             0000000140013800     kernel32:KERNEL32.dll
 0001:00012810       GetCommandLineW            0000000140013810     kernel32:KERNEL32.dll
 0001:00012820       GetConsoleMode             0000000140013820     kernel32:KERNEL32.dll
 0001:00012830       GetFileSizeEx              0000000140013830     kernel32:KERNEL32.dll
 0001:00012840       GetLastError               0000000140013840     kernel32:KERNEL32.dll
 0001:00012850       GetProcAddress             0000000140013850     kernel32:KERNEL32.dll
 0001:00012860       GetProcessHeap             0000000140013860     kernel32:KERNEL32.dll
 0001:00012870       GetQueuedCompletionStatus  0000000140013870     kernel32:KERNEL32.dll
 0001:00012880       GetStdHandle               0000000140013880     kernel32:KERNEL32.dll
 0001:00012890       GetThreadContext           0000000140013890     kernel32:KERNEL32.dll
 0001:000128a0       GetTickCount64             00000001400138a0     kernel32:KERNEL32.dll
 0001:000128b0       HeapAlloc                  00000001400138b0     kernel32:KERNEL32.dll
 0001:000128c0       HeapFree                   00000001400138c0     kernel32:KERNEL32.dll
 0001:000128d0       HeapReAlloc                00000001400138d0     kernel32:KERNEL32.dll
 0001:000128e0       LoadLibraryA               00000001400138e0     kernel32:KERNEL32.dll
 0001:000128f0       MultiByteToWideChar        00000001400138f0     kernel32:KERNEL32.dll
 0001:00012900       QueryPerformanceCounter    0000000140013900     kernel32:KERNEL32.dll
 0001:00012910       QueryPerformanceFrequency  0000000140013910     kernel32:KERNEL32.dll
 0001:00012920       ReadConsoleW               0000000140013920     kernel32:KERNEL32.dll
 0001:00012930       ReadFile                   0000000140013930     kernel32:KERNEL32.dll
 0001:00012940       ReleaseSRWLockExclusive    0000000140013940     kernel32:KERNEL32.dll
 0001:00012950       ReleaseSRWLockShared       0000000140013950     kernel32:KERNEL32.dll
 0001:00012960       ResumeThread               0000000140013960     kernel32:KERNEL32.dll
 0001:00012970       SetEvent                   0000000140013970     kernel32:KERNEL32.dll
 0001:00012980       SetThreadContext           0000000140013980     kernel32:KERNEL32.dll
 0001:00012990       Sleep                      0000000140013990     kernel32:KERNEL32.dll
 0001:000129a0       SuspendThread              00000001400139a0     kernel32:KERNEL32.dll
 0001:000129b0       TlsAlloc                   00000001400139b0     kernel32:KERNEL32.dll
 0001:000129c0       TlsFree                    00000001400139c0     kernel32:KERNEL32.dll
 0001:000129d0       TlsGetValue                00000001400139d0     kernel32:KERNEL32.dll
 0001:000129e0       TlsSetValue                00000001400139e0     kernel32:KERNEL32.dll
 0001:000129f0       TryAcquireSRWLockExclusive 00000001400139f0     kernel32:KERNEL32.dll
 0001:00012a00       VirtualAlloc               0000000140013a00     kernel32:KERNEL32.dll
 0001:00012a10       WaitForMultipleObjects     0000000140013a10     kernel32:KERNEL32.dll
 0001:00012a20       WaitForSingleObject        0000000140013a20     kernel32:KERNEL32.dll
 0001:00012a30       WriteConsoleW              0000000140013a30     kernel32:KERNEL32.dll
 0001:00012a40       BCryptGenRandom            0000000140013a40     bcrypt:bcrypt.dll
 0001:00012a50       WSAGetLastError            0000000140013a50     ws2_32:WS2_32.dll
 0001:00012a60       WSARecv                    0000000140013a60     ws2_32:WS2_32.dll
 0001:00012a70       WSAStartup                 0000000140013a70     ws2_32:WS2_32.dll
 0001:00012a80       accept                     0000000140013a80     ws2_32:WS2_32.dll
 0001:00012a90       bind                       0000000140013a90     ws2_32:WS2_32.dll
 0001:00012aa0       closesocket                0000000140013aa0     ws2_32:WS2_32.dll
 0001:00012ab0       connect                    0000000140013ab0     ws2_32:WS2_32.dll
 0001:00012ac0       freeaddrinfo               0000000140013ac0     ws2_32:WS2_32.dll
 0001:00012ad0       getaddrinfo                0000000140013ad0     ws2_32:WS2_32.dll
 0001:00012ae0       getpeername                0000000140013ae0     ws2_32:WS2_32.dll
 0001:00012af0       getsockname                0000000140013af0     ws2_32:WS2_32.dll
 0001:00012b00       htons                      0000000140013b00     ws2_32:WS2_32.dll
 0001:00012b10       listen                     0000000140013b10     ws2_32:WS2_32.dll
 0001:00012b20       ntohs                      0000000140013b20     ws2_32:WS2_32.dll
 0001:00012b30       send                       0000000140013b30     ws2_32:WS2_32.dll
 0001:00012b40       setsockopt                 0000000140013b40     ws2_32:WS2_32.dll
 0001:00012b50       socket                     0000000140013b50     ws2_32:WS2_32.dll
 0001:00012b60       inet_ntop                  0000000140013b60     ws2_32:WS2_32.dll
 0001:00012b70       clBuildProgram             0000000140013b70     OpenCL:OpenCL.dll
 0001:00012b80       clCreateBuffer             0000000140013b80     OpenCL:OpenCL.dll
 0001:00012b90       clCreateCommandQueueWithProperties 0000000140013b90     OpenCL:OpenCL.dll
 0001:00012ba0       clCreateContext            0000000140013ba0     OpenCL:OpenCL.dll
 0001:00012bb0       clCreateKernel             0000000140013bb0     OpenCL:OpenCL.dll
 0001:00012bc0       clCreateProgramWithSource  0000000140013bc0     OpenCL:OpenCL.dll
 0001:00012bd0       clEnqueueNDRangeKernel     0000000140013bd0     OpenCL:OpenCL.dll
 0001:00012be0       clEnqueueReadBuffer        0000000140013be0     OpenCL:OpenCL.dll
 0001:00012bf0       clEnqueueWriteBuffer       0000000140013bf0     OpenCL:OpenCL.dll
 0001:00012c00       clFinish                   0000000140013c00     OpenCL:OpenCL.dll
 0001:00012c10       clGetDeviceIDs             0000000140013c10     OpenCL:OpenCL.dll
 0001:00012c20       clGetDeviceInfo            0000000140013c20     OpenCL:OpenCL.dll
 0001:00012c30       clGetKernelArgInfo         0000000140013c30     OpenCL:OpenCL.dll
 0001:00012c40       clGetPlatformIDs           0000000140013c40     OpenCL:OpenCL.dll
 0001:00012c50       clGetPlatformInfo          0000000140013c50     OpenCL:OpenCL.dll
 0001:00012c60       clGetProgramBuildInfo      0000000140013c60     OpenCL:OpenCL.dll
 0001:00012c70       clSetKernelArg             0000000140013c70     OpenCL:OpenCL.dll
 0002:00000000       ??_C@_1EK@HCHIHAJJ@?$AAP?$AAa?$AAu?$AAs?$AAe?$AAd?$AA?5?$AAw?$AAo?$AAr?$AAk?$AAe?$AAr?$AA?5?$AAD?$AAL?$AAL?$AA?5?$AA?$CF?$AAl?$AAl?$AAd?$AA?5?$AA?$FL?$AAc?$AAa?$AAu?$AAs?$AAe?$AA?5?$AA?$CF?$AAl@ 0000000140014000     dbg_.-dll-await_worker.o
 0002:0000004a       ??_C@_1GG@GJHNDGHH@?$AAC?$AAa?$AAl?$AAl?$AAi?$AAn?$AAg?$AA?5?$AAd?$AAl?$AAl?$AAi?$AAm?$AAp?$AAo?$AAr?$AAt?$AA?5?$AAw?$AAo?$AAr?$AAk?$AAe?$AAr?$AA?5?$AA?$CF?$AAl?$AAl?$AAd?$AA?5?$AA?$FL?$AAd@ 000000014001404a     dbg_.-dll-call_object.o
 0002:000000b0       ??_C@_1BC@GMOKLPI@?$AAT?$AAa?$AAb?$AAl?$AAe?$AA?5?$AA?$DN?$AA?5?$AA?$AA@ 00000001400140b0     dbg_.-dll-call_object.o
 0002:000000c2       ??_C@_1M@OMOAGDNC@?$AA?$CF?$AA0?$AA2?$AAx?$AA?5?$AA?$AA@ 00000001400140c2     dbg_.-dll-call_object.o
 0002:000000ce       ??_C@_13LBAGMAIH@?$AA?6?$AA?$AA@ 00000001400140ce     dbg_.-dll-call_object.o
 0002:000000e8       ??_C@_1DC@PJLFFJJC@?$AAR?$AAU?$AAN?$AA?5?$AAd?$AAl?$AAl?$AAi?$AAm?$AAp?$AAo?$AAr?$AAt?$AA?5?$AAw?$AAo?$AAr?$AAk?$AAe?$AAr?$AA?$DN?$AA?$CF?$AAp?$AA?6?$AA?$AA@ 00000001400140e8     dbg_.-dll-execute_worker.o
 0002:0000011a       ??_C@_1FE@MNCEKKEL@?$AAE?$AAr?$AAr?$AAo?$AAr?$AA?3?$AA?5?$AAU?$AAN?$AAK?$AAN?$AAO?$AAW?$AAN?$AA?5?$AAp?$AAr?$AAo?$AAv?$AAi?$AAd?$AAe?$AAr?$AA?5?$AA?$CF?$AAl?$AAl?$AAd?$AA?5?$AAi?$AAn?$AA?5@ 000000014001411a     dbg_.-dll-execute_worker.o
 0002:0000016e       ??_C@_1CO@MJDCEOJE@?$AAR?$AAe?$AAq?$AAu?$AAe?$AAs?$AAt?$AAi?$AAn?$AAg?$AA?5?$AA?$CF?$AAl?$AAl?$AAd?$AA?5?$AAb?$AAy?$AAt?$AAe?$AAs?$AA?6?$AA?$AA@ 000000014001416e     dbg_.-dll-execute_worker.o
 0002:0000019c       ??_C@_1EA@NLGJANLO@?$AAA?$AAr?$AAg?$AAu?$AAm?$AAe?$AAn?$AAt?$AA?5?$AA?$CF?$AAl?$AAl?$AAd?$AA?3?$AA?5?$AA?$FL?$AA?$CF?$AA0?$AA2?$AAx?$AA?$FN?$AA?5?$AA?$FL?$AAt?$AAo?$AA?9?$AA?$DO?$AA?$CF?$AAp?$AA?$FN?$AA?6?$AA?$AA@ 000000014001419c     dbg_.-dll-execute_worker.o
 0002:000001dc       ??_C@_1DI@KIDLNDBO@?$AA?5?$AA?5?$AA?5?$AA?5?$AA?5?$AA?5?$AA?5?$AA?5?$AA?5?$AAo?$AAf?$AA?5?$AAs?$AAi?$AAz?$AAe?$AA?5?$AA?$CF?$AAl?$AAl?$AAd?$AA?$DL?$AA?5?$AA?$DN?$AA?$CF?$AAp?$AA?6?$AA?$AA@ 00000001400141dc     dbg_.-dll-execute_worker.o
 0002:00000214       ??_C@_1DE@HPIEKKI@?$AAc?$AAa?$AAl?$AAl?$AAi?$AAn?$AAg?$AA?5?$AAd?$AAl?$AAl?$AAi?$AAm?$AAp?$AAo?$AAr?$AAt?$AA?5?$AAw?$AAo?$AAr?$AAk?$AAe?$AAr?$AA?6?$AA?$AA@ 0000000140014214     dbg_.-dll-execute_worker.o
 0002:00000248       ??_C@_1CE@FDGKEBHI@?$AAA?$AAR?$AAG?$AA?$FL?$AA?$CF?$AAl?$AAl?$AAd?$AA?$FN?$AA?5?$AA?$DN?$AA?5?$AA?$CF?$AAl?$AAl?$AAd?$AA?6?$AA?$AA@ 0000000140014248     dbg_.-dll-execute_worker.o
 0002:0000026c       ??_C@_1EE@IHBKLDNM@?$AAo?$AAu?$AAt?$AAp?$AAu?$AAt?$AA?5?$AAi?$AAs?$AA?5?$AA?$CF?$AAp?$AA?5?$AA?$FL?$AA?9?$AA?$DO?$AAt?$AAo?$AA?5?$AAp?$AAr?$AAo?$AAm?$AAi?$AAs?$AAe?$AA?5?$AA?$CF?$AAl?$AAl?$AAd?$AA?$FN@ 000000014001426c     dbg_.-dll-execute_worker.o
 0002:000002b0       ??_C@_1HO@GIMLMCLD@?$AAr?$AAe?$AAt?$AAu?$AAr?$AAn?$AAe?$AAd?$AA?5?$AA?$CL?$AA?5?$AAE?$AAr?$AAr?$AAo?$AAr?$AA?$DN?$AA?$CF?$AAl?$AAl?$AAd?$AA?5?$AA?$FL?$AAb?$AAe?$AAf?$AAo?$AAr?$AAe?$AA?5?$AAc?$AAa@ 00000001400142b0     dbg_.-dll-execute_worker.o
 0002:0000032e       ??_C@_1EK@KEDGKNCB@?$AAP?$AAa?$AAu?$AAs?$AAe?$AAd?$AA?5?$AAw?$AAo?$AAr?$AAk?$AAe?$AAr?$AA?5?$AAG?$AAP?$AAU?$AA?5?$AA?$CF?$AAl?$AAl?$AAd?$AA?5?$AA?$FL?$AAc?$AAa?$AAu?$AAs?$AAe?$AA?5?$AA?$CF?$AAl@ 000000014001432e     dbg_.-gpu-await_worker.o
 0002:00000378       ??_C@_1FC@NMNADHLK@?$AAC?$AAa?$AAl?$AAl?$AAi?$AAn?$AAg?$AA?5?$AAw?$AAo?$AAr?$AAk?$AAe?$AAr?$AA?5?$AA?$CF?$AAl?$AAl?$AAd?$AA?5?$AA?$FL?$AAd?$AAa?$AAt?$AAa?$AA?$DN?$AA?$CF?$AAp?$AA?0?$AA?5?$AAm?$AAo@ 0000000140014378     dbg_.-gpu-call_object.o
 0002:000003ca       ??_C@_1CG@CCFDEFBF@?$AAR?$AAU?$AAN?$AA?5?$AAG?$AAP?$AAU?$AA?5?$AAw?$AAo?$AAr?$AAk?$AAe?$AAr?$AA?$DN?$AA?$CF?$AAp?$AA?6?$AA?$AA@ 00000001400143ca     dbg_.-gpu-execute_worker.o
 0002:000003f0       ??_C@_1CM@IKJLFGHA@?$AAS?$AAi?$AAz?$AAe?$AA?5?$AAd?$AAi?$AAm?$AA?5?$AA?$CF?$AAl?$AAl?$AAd?$AA?5?$AA?$DN?$AA?5?$AA?$CF?$AAl?$AAl?$AAd?$AA?6?$AA?$AA@ 00000001400143f0     dbg_.-gpu-execute_worker.o
 0002:0000041c       ??_C@_1DA@NMEBJCAH@?$AAO?$AAf?$AAf?$AAs?$AAe?$AAt?$AA?5?$AAd?$AAi?$AAm?$AA?5?$AA?$CF?$AAl?$AAl?$AAd?$AA?5?$AA?$DN?$AA?5?$AA?$CF?$AAl?$AAl?$AAd?$AA?6?$AA?$AA@ 000000014001441c     dbg_.-gpu-execute_worker.o
 0002:0000044c       ??_C@_1DO@MBJBKNM@?$AAE?$AAr?$AAr?$AAo?$AAr?$AA?3?$AA?5?$AAa?$AAt?$AA?5?$AAc?$AAl?$AAS?$AAe?$AAt?$AAK?$AAe?$AAr?$AAn?$AAe?$AAl?$AAA?$AAr?$AAg?$AA?5?$AA?$CF?$AAl?$AAl?$AAd?$AA?6?$AA?$AA@ 000000014001444c     dbg_.-gpu-execute_worker.o
 0002:0000048a       ??_C@_1CO@BOPILBOM@?$AAC?$AAO?$AAN?$AAF?$AAI?$AAG?$AAU?$AAR?$AAE?$AAD?$AA?3?$AA?5?$AAd?$AAi?$AAm?$AAs?$AA?$DN?$AA?$CF?$AAl?$AAl?$AAd?$AA?6?$AA?$AA@ 000000014001448a     dbg_.-gpu-execute_worker.o
 0002:000004b8       ??_C@_1EO@KIFHHFHO@?$AAE?$AAr?$AAr?$AAo?$AAr?$AA?3?$AA?5?$AAa?$AAt?$AA?5?$AAc?$AAl?$AAE?$AAn?$AAq?$AAu?$AAe?$AAu?$AAe?$AAN?$AAD?$AAR?$AAa?$AAn?$AAg?$AAe?$AAK?$AAe?$AAr?$AAn?$AAe?$AAl@ 00000001400144b8     dbg_.-gpu-execute_worker.o
 0002:00000506       ??_C@_1FG@NKPPHDDL@?$AAA?$AAl?$AAl?$AAo?$AAc?$AAa?$AAt?$AAi?$AAn?$AAg?$AA?5?$AAb?$AAu?$AAf?$AAf?$AAe?$AAr?$AA?5?$AAo?$AAf?$AA?5?$AAs?$AAi?$AAz?$AAe?$AA?5?$AA?$CF?$AAl?$AAl?$AAd?$AA?5?$AAp@ 0000000140014506     dbg_.-gpu-new_object.o
 0002:0000055c       ??_C@_1DO@PIAGAENK@?$AAE?$AAR?$AAR?$AAO?$AAR?$AA?3?$AA?5?$AAg?$AAp?$AAu?$AAA?$AAl?$AAl?$AAo?$AAc?$AA?5?$AAf?$AAa?$AAi?$AAl?$AAe?$AAd?$AA?5?$AA?$FL?$AA?$CF?$AAl?$AAl?$AAd?$AA?$FN?$AA?6?$AA?$AA@ 000000014001455c     dbg_.-gpu-new_object.o
 0002:0000059a       ??_C@_1BG@LMPFNDF@?$AAr?$AAe?$AAs?$AAu?$AAl?$AAt?$AA?5?$AA?$CF?$AAp?$AA?6?$AA?$AA@ 000000014001459a     dbg_.-gpu-new_object.o
 0002:000005b0       ??_C@_1FM@LBBNKNII@?$AAE?$AAR?$AAR?$AAO?$AAR?$AA?3?$AA?5?$AAP?$AAi?$AAp?$AAe?$AAs?$AA?5?$AAa?$AAr?$AAe?$AA?5?$AAu?$AAn?$AAs?$AAu?$AAp?$AAp?$AAo?$AAr?$AAt?$AAe?$AAd?$AA?5?$AAo?$AAn?$AA?5@ 00000001400145b0     dbg_.-gpu-new_object.o
 0002:0000060c       ??_C@_1EA@PKIDLDBK@?$AAo?$AAb?$AAj?$AAe?$AAc?$AAt?$AA?5?$AAf?$AAo?$AAr?$AA?5?$AAs?$AAi?$AAz?$AAe?$AA?5?$AA?$CF?$AAl?$AAl?$AAd?$AA?5?$AAa?$AAl?$AAl?$AAo?$AAc?$AAa?$AAt?$AAe?$AAd?$AA?6?$AA?$AA@ 000000014001460c     dbg_.-gpu-new_object.o
 0002:0000064c       ??_C@_1GM@BNFAKJM@?$AAE?$AAR?$AAR?$AAO?$AAR?$AA?3?$AA?5?$AAP?$AAi?$AAp?$AAe?$AAs?$AA?5?$AAa?$AAr?$AAe?$AA?5?$AAu?$AAn?$AAs?$AAu?$AAp?$AAp?$AAo?$AAr?$AAt?$AAe?$AAd?$AA?5?$AAo?$AAn?$AA?5@ 000000014001464c     dbg_.-gpu-new_object.o
 0002:000006b8       ??_C@_1DC@NBDPBMKB@?$AAW?$AAr?$AAo?$AAn?$AAg?$AA?5?$AAt?$AAy?$AAp?$AAe?$AA?5?$AAi?$AAn?$AA?5?$AAN?$AAe?$AAw?$AAO?$AAb?$AAj?$AAe?$AAc?$AAt?$AA?6?$AA?$AA@ 00000001400146b8     dbg_.-gpu-new_object.o
 0002:000006ea       ??_C@_1EG@FBJBJMFK@?$AAN?$AAO?$AAT?$AA?5?$AAS?$AAU?$AAP?$AAP?$AAO?$AAR?$AAT?$AAE?$AAD?$AA?3?$AA?5?$AAp?$AAu?$AAs?$AAh?$AA?5?$AAi?$AAn?$AA?5?$AAg?$AAp?$AAu?$AA?5?$AAo?$AAb?$AAj?$AAe?$AAc@ 00000001400146ea     dbg_.-gpu-push_object.o
 0002:00000730       ??_C@_1FE@GJLEMBH@?$AAN?$AAO?$AAT?$AA?5?$AAS?$AAU?$AAP?$AAP?$AAO?$AAR?$AAT?$AAE?$AAD?$AA?3?$AA?5?$AAp?$AAu?$AAs?$AAh?$AA?5?$AAi?$AAn?$AA?5?$AAg?$AAp?$AAu?$AA?5?$AAo?$AAb?$AAj?$AAe?$AAc@ 0000000140014730     dbg_.-gpu-push_object.o
 0002:00000784       ??_C@_1EI@EPHKLIAN@?$AAN?$AAO?$AAT?$AA?5?$AAS?$AAU?$AAP?$AAP?$AAO?$AAR?$AAT?$AAE?$AAD?$AA?3?$AA?5?$AAq?$AAu?$AAe?$AAr?$AAy?$AA?5?$AAi?$AAn?$AA?5?$AAg?$AAp?$AAu?$AA?5?$AAo?$AAb?$AAj?$AAe@ 0000000140014784     dbg_.-gpu-query_object.o
 0002:000007cc       ??_C@_1FG@PCBNEEAC@?$AAN?$AAO?$AAT?$AA?5?$AAS?$AAU?$AAP?$AAP?$AAO?$AAR?$AAT?$AAE?$AAD?$AA?3?$AA?5?$AAq?$AAu?$AAe?$AAr?$AAy?$AA?5?$AAi?$AAn?$AA?5?$AAg?$AAp?$AAu?$AA?5?$AAo?$AAb?$AAj?$AAe@ 00000001400147cc     dbg_.-gpu-query_object.o
 0002:00000838       ??_C@_1DM@CKKHLHMJ@?$AAP?$AAi?$AAp?$AAe?$AA?5?$AAf?$AAo?$AAr?$AA?5?$AAs?$AAi?$AAz?$AAe?$AA?5?$AA?$CF?$AAl?$AAl?$AAd?$AA?5?$AAa?$AAl?$AAl?$AAo?$AAc?$AAa?$AAt?$AAe?$AAd?$AA?6?$AA?$AA@ 0000000140014838     dbg_.-loc-new_object.o
 0002:00000874       ??_C@_1GK@LJBKHIKD@?$AAA?$AAr?$AAr?$AAa?$AAy?$AA?5?$AAo?$AAf?$AA?5?$AA?$CF?$AAl?$AAl?$AAd?$AA?5?$AAb?$AAy?$AAt?$AAe?$AAs?$AA?0?$AA?5?$AAe?$AAl?$AAe?$AAm?$AAe?$AAn?$AAt?$AA?5?$AAo?$AAf?$AA?5@ 0000000140014874     dbg_.-loc-new_object.o
 0002:000008de       ??_C@_1EC@IBADEGPM@?$AAP?$AAr?$AAo?$AAm?$AAi?$AAs?$AAe?$AA?5?$AAf?$AAo?$AAr?$AA?5?$AAs?$AAi?$AAz?$AAe?$AA?5?$AA?$CF?$AAl?$AAl?$AAd?$AA?5?$AAa?$AAl?$AAl?$AAo?$AAc?$AAa?$AAt?$AAe?$AAd?$AA?6@ 00000001400148de     dbg_.-loc-new_object.o
 0002:00000920       ??_C@_1DO@OEOJCPLG@?$AAC?$AAl?$AAa?$AAs?$AAs?$AA?5?$AAf?$AAo?$AAr?$AA?5?$AAs?$AAi?$AAz?$AAe?$AA?5?$AA?$CF?$AAl?$AAl?$AAd?$AA?5?$AAa?$AAl?$AAl?$AAo?$AAc?$AAa?$AAt?$AAe?$AAd?$AA?6?$AA?$AA@ 0000000140014920     dbg_.-loc-new_object.o
 0002:0000095e       ??_C@_1EO@GECEJMLH@?$AAD?$AAe?$AAf?$AAi?$AAn?$AAe?$AAd?$AA?5?$AAa?$AAr?$AAr?$AAa?$AAy?$AA?5?$AAf?$AAo?$AAr?$AA?5?$AAs?$AAi?$AAz?$AAe?$AA?5?$AA?$CF?$AAl?$AAl?$AAd?$AA?5?$AAa?$AAl?$AAl?$AAo@ 000000014001495e     dbg_.-loc-new_object.o
 0002:000009ac       ??_C@_1M@FHJLFHFE@?$AA?5?$AA?$CF?$AA0?$AA2?$AAx?$AA?$AA@ 00000001400149ac     dbg_.-loc-new_object.o
 0002:000009b8       ??_C@_1CO@JBEOLKLD@?$AA?$FL?$AAi?$AAd?$AA?$DN?$AA?$CF?$AAl?$AAl?$AAx?$AA?$FN?$AA?5?$AA?$FL?$AAs?$AAi?$AAz?$AAe?$AA?$DN?$AA?$CF?$AAl?$AAl?$AAd?$AA?$FN?$AA?6?$AA?$AA@ 00000001400149b8     dbg_.-loc-new_object.o
 0002:00000a08       ??_C@_1EC@FMMFNKHC@?$AAP?$AAa?$AAu?$AAs?$AAe?$AAd?$AA?5?$AAw?$AAo?$AAr?$AAk?$AAe?$AAr?$AA?5?$AA?$CF?$AAl?$AAl?$AAd?$AA?5?$AA?$FL?$AAc?$AAa?$AAu?$AAs?$AAe?$AA?5?$AA?$CF?$AAl?$AAl?$AAd?$AA?$FN?$AA?6@ 0000000140014a08     dbg_.-x64-await_worker.o
 0002:00000a4a       ??_C@_1BG@KNJPCEOH@?$AAw?$AAo?$AAr?$AAk?$AAe?$AAr?$AA?$DN?$AA?$CF?$AAp?$AA?6?$AA?$AA@ 0000000140014a4a     dbg_.-x64-execute_worker.o
 0002:00000a60       ??_C@_1DM@GFFHBIOC@?$AAS?$AAt?$AAa?$AAl?$AAl?$AAi?$AAn?$AAg?$AA?5?$AAw?$AAo?$AAr?$AAk?$AAe?$AAr?$AA?5?$AAa?$AAt?$AA?5?$AAt?$AAh?$AAr?$AAe?$AAa?$AAd?$AA?5?$AA?$CF?$AAp?$AA?6?$AA?$AA@ 0000000140014a60     dbg_.-x64-execute_worker.o
 0002:00000a9c       ??_C@_1BC@BLBJHNOB@?$AAS?$AAu?$AAc?$AAc?$AAe?$AAs?$AAs?$AA?6?$AA?$AA@ 0000000140014a9c     dbg_.-x64-execute_worker.o
 0002:00000aae       ??_C@_1HE@BGCEENEB@?$AAP?$AAa?$AAu?$AAs?$AAe?$AAd?$AA?5?$AAw?$AAo?$AAr?$AAk?$AAe?$AAr?$AA?5?$AA?$CF?$AAl?$AAl?$AAd?$AA?5?$AA?$FL?$AAs?$AAt?$AAa?$AAl?$AAl?$AA?$FN?$AA?3?$AA?5?$AAn?$AAe?$AAx?$AAt@ 0000000140014aae     dbg_.-x64-execute_worker.o
 0002:00000b38       ??_C@_1BG@HIIBALHG@?$AA?$FL?$AAi?$AAd?$AA?$DN?$AA?$CF?$AAl?$AAl?$AAx?$AA?$FN?$AA?6?$AA?$AA@ 0000000140014b38     dbg_.-x64-new_object.o
 0002:00000b4e       ??_C@_0CD@DKCLGKLJ@NULL?5?$DN?$DN?5?$CCThis?5is?5unreachable?5cod@ 0000000140014b4e     dbg_.-x64-new_object.o
 0002:00000b71       ??_C@_0BD@INEGNPMF@x64NewObjectStates?$AA@ 0000000140014b71     dbg_.-x64-new_object.o
 0002:00000b84       ??_C@_0DA@GIEONAEA@D?3?2mipt?2lang3?2runtimes?20?43?2win?2x@ 0000000140014b84     dbg_.-x64-new_object.o
 0002:00000bd4       ??_C@_0BA@DDLBAAIJ@x64OnPushObject?$AA@ 0000000140014bd4     dbg_.-x64-push_object.o
 0002:00000be4       ??_C@_0DB@EHGHMKBL@D?3?2mipt?2lang3?2runtimes?20?43?2win?2x@ 0000000140014be4     dbg_.-x64-push_object.o
 0002:00000c16       ??_C@_1GA@KFMLACKM@?$AAw?$AAa?$AAi?$AAt?$AAi?$AAn?$AAg?$AA?5?$AAf?$AAo?$AAr?$AA?5?$AAr?$AAe?$AAm?$AAo?$AAt?$AAe?$AA?5?$AAp?$AAu?$AAs?$AAh?$AA?5?$AA?$CF?$AAl?$AAl?$AAd?$AA?1?$AA?$CF?$AAl?$AAl@ 0000000140014c16     dbg_.-x64-push_object.o
 0002:00000c76       ??_C@_0BE@CLLDEMCI@x64PushObjectStates?$AA@ 0000000140014c76     dbg_.-x64-push_object.o
 0002:00000c8a       ??_C@_1CG@JJBKNCBO@?$AAp?$AAu?$AAs?$AAh?$AA?5?$AAt?$AAo?$AA?5?$AAo?$AAb?$AAj?$AAe?$AAc?$AAt?$AA?5?$AA?$CF?$AAp?$AA?6?$AA?$AA@ 0000000140014c8a     dbg_.-x64-push_object.o
 0002:00000cb0       ??_C@_1CG@FCDGDINM@?$AAp?$AAu?$AAs?$AAh?$AA?5?$AAt?$AAo?$AA?5?$AAp?$AAi?$AAp?$AAe?$AA?5?$AA?$CF?$AAl?$AAl?$AAd?$AA?6?$AA?$AA@ 0000000140014cb0     dbg_.-x64-push_object.o
 0002:00000cd6       ??_C@_0BB@OIDGLOGK@x64OnQueryObject?$AA@ 0000000140014cd6     dbg_.-x64-query_object.o
 0002:00000ce7       ??_C@_0DC@IFJHCDEN@D?3?2mipt?2lang3?2runtimes?20?43?2win?2x@ 0000000140014ce7     dbg_.-x64-query_object.o
 0002:00000d1a       ??_C@_1EI@HFFKCAJK@?$AAw?$AAa?$AAi?$AAt?$AAi?$AAn?$AAg?$AA?5?$AAf?$AAo?$AAr?$AA?5?$AAr?$AAe?$AAm?$AAo?$AAt?$AAe?$AA?5?$AAq?$AAu?$AAe?$AAr?$AAy?$AA?5?$AA?$CF?$AAl?$AAl?$AAd?$AA?1?$AA?$CF?$AAl@ 0000000140014d1a     dbg_.-x64-query_object.o
 0002:00000d62       ??_C@_0BF@ENLEMDLA@x64QueryObjectStates?$AA@ 0000000140014d62     dbg_.-x64-query_object.o
 0002:00000d78       ??_C@_1CG@NFAKFIFJ@?$AAQ?$AAu?$AAe?$AAr?$AAy?$AA?5?$AAo?$AAb?$AAj?$AAe?$AAc?$AAt?$AA?5?$AA?$CF?$AAl?$AAl?$AAd?$AA?6?$AA?$AA@ 0000000140014d78     dbg_.-x64-query_object.o
 0002:00000d9e       ??_C@_1CM@JHEDMDLC@?$AAq?$AAu?$AAe?$AAr?$AAy?$AA?5?$AAf?$AAr?$AAo?$AAm?$AA?5?$AAp?$AAi?$AAp?$AAe?$AA?5?$AA?$CF?$AAl?$AAl?$AAd?$AA?6?$AA?$AA@ 0000000140014d9e     dbg_.-x64-query_object.o
 0002:00000dca       ??_C@_0P@GBODICPB@x64SleepStates?$AA@ 0000000140014dca     dbg_.-x64-sleep.o
 0002:00000dd9       ??_C@_0CL@GMEBKBIE@D?3?2mipt?2lang3?2runtimes?20?43?2win?2x@ 0000000140014dd9     dbg_.-x64-sleep.o
 0002:00000e04       ??_C@_1CC@KCDEA@?$AAS?$AAl?$AAe?$AAe?$AAp?$AA?5?$AAt?$AAi?$AAm?$AAe?$AA?5?$AA?$CF?$AAl?$AAl?$AAd?$AA?6?$AA?$AA@ 0000000140014e04     dbg_.-x64-sleep.o
 0002:00000e50       ??_C@_1CM@EKFGKDGG@?$AAG?$AAe?$AAt?$AA?5?$AAo?$AAb?$AAj?$AAe?$AAc?$AAt?$AA?5?$AAi?$AAd?$AA?5?$AA?$DN?$AA?5?$AA?$CF?$AAl?$AAl?$AAd?$AA?6?$AA?$AA@ 0000000140014e50     dbg_.-cast_provider.o
 0002:00000e7c       ??_C@_1FE@BCAGMINK@?$AAE?$AAr?$AAr?$AAo?$AAr?$AA?3?$AA?5?$AAn?$AAo?$AA?5?$AAk?$AAn?$AAo?$AAw?$AAn?$AA?5?$AAs?$AAi?$AAz?$AAe?$AA?5?$AAf?$AAo?$AAr?$AA?5?$AAn?$AAo?$AAt?$AA?5?$AAa?$AAr?$AAr@ 0000000140014e7c     dbg_.-cast_provider.o
 0002:00000ed0       ??_C@_1CO@MKKBGDMJ@?$AAg?$AAo?$AAt?$AA?5?$AAl?$AAo?$AAc?$AAa?$AAl?$AA?5?$AAs?$AAi?$AAz?$AAe?$AA?5?$AAa?$AAn?$AAs?$AAw?$AAe?$AAr?$AA?6?$AA?$AA@ 0000000140014ed0     dbg_.-cast_provider.o
 0002:00000efe       ??_C@_1DM@MLLOPCOA@?$AAQ?$AAu?$AAe?$AAr?$AAy?$AAi?$AAn?$AAg?$AA?5?$AAo?$AAb?$AAj?$AAe?$AAc?$AAt?$AA?5?$AAs?$AAi?$AAz?$AAe?$AA?5?$AAo?$AAf?$AA?5?$AA?$CF?$AAl?$AAl?$AAd?$AA?6?$AA?$AA@ 0000000140014efe     dbg_.-cast_provider.o
 0002:00000f3a       ??_C@_1DA@NCDJBGNA@?$AAg?$AAo?$AAt?$AA?5?$AAr?$AAe?$AAm?$AAo?$AAt?$AAe?$AA?5?$AAs?$AAi?$AAz?$AAe?$AA?5?$AAa?$AAn?$AAs?$AAw?$AAe?$AAr?$AA?6?$AA?$AA@ 0000000140014f3a     dbg_.-cast_provider.o
 0002:00000f6a       ??_C@_1EO@EEOKBBBD@?$AAK?$AAn?$AAo?$AAw?$AA?5?$AAs?$AAi?$AAz?$AAe?$AA?$DN?$AA?$CF?$AAl?$AAl?$AAd?$AA?5?$AA?$FL?$AAp?$AAa?$AAr?$AAa?$AAm?$AA?$DN?$AA?$CF?$AAl?$AAl?$AAd?$AA?$FN?$AA?5?$AA?9?$AA?5?$AAi?$AAd@ 0000000140014f6a     dbg_.-cast_provider.o
 0002:00000fb8       ??_C@_1FK@KDAFABDO@?$AAE?$AAr?$AAr?$AAo?$AAr?$AA?3?$AA?5?$AAl?$AAo?$AAc?$AAa?$AAl?$AA?5?$AAo?$AAb?$AAj?$AAe?$AAc?$AAt?$AA?5?$AAw?$AAa?$AAs?$AA?5?$AAr?$AAe?$AAm?$AAo?$AAv?$AAe?$AAd?$AA?5@ 0000000140014fb8     dbg_.-cast_provider.o
 0002:00001012       ??_C@_1FO@HMOHPFHI@?$AAE?$AAr?$AAr?$AAo?$AAr?$AA?5?$AAh?$AAa?$AAp?$AAp?$AAe?$AAn?$AA?5?$AAw?$AAh?$AAi?$AAl?$AAe?$AA?5?$AAc?$AAl?$AAE?$AAn?$AAq?$AAu?$AAe?$AAu?$AAe?$AAR?$AAe?$AAa?$AAd@ 0000000140015012     dbg_.-cast_provider.o
 0002:00001070       ??_C@_1EE@JNODMKEN@?$AAS?$AAu?$AAc?$AAc?$AAe?$AAs?$AAs?$AAi?$AAf?$AAu?$AAl?$AAl?$AAy?$AA?5?$AAc?$AAo?$AAn?$AAv?$AAe?$AAr?$AAt?$AAe?$AAd?$AA?5?$AAg?$AAp?$AAu?$AA?9?$AA?$DO?$AAc?$AAp?$AAu@ 0000000140015070     dbg_.-cast_provider.o
 0002:000010b4       ??_C@_1GA@EEKPNAGK@?$AAE?$AAr?$AAr?$AAo?$AAr?$AA?5?$AAh?$AAa?$AAp?$AAp?$AAe?$AAn?$AA?5?$AAw?$AAh?$AAi?$AAl?$AAe?$AA?5?$AAc?$AAl?$AAE?$AAn?$AAq?$AAu?$AAe?$AAu?$AAe?$AAW?$AAr?$AAi?$AAt@ 00000001400150b4     dbg_.-cast_provider.o
 0002:00001114       ??_C@_1EE@NKOFIBGO@?$AAS?$AAu?$AAc?$AAc?$AAe?$AAs?$AAs?$AAi?$AAf?$AAu?$AAl?$AAl?$AAy?$AA?5?$AAc?$AAo?$AAn?$AAv?$AAe?$AAr?$AAt?$AAe?$AAd?$AA?5?$AAc?$AAp?$AAu?$AA?9?$AA?$DO?$AAg?$AAp?$AAu@ 0000000140015114     dbg_.-cast_provider.o
 0002:00001158       ??_C@_1BM@OBHKMKPP@?$AAR?$AAe?$AAt?$AAu?$AAr?$AAn?$AA?3?$AA?5?$AA?$CF?$AAl?$AAl?$AAd?$AA?6?$AA?$AA@ 0000000140015158     dbg_.-cast_provider.o
 0002:00001174       ??_C@_0O@GKFEADAD@anyCastStates?$AA@ 0000000140015174     dbg_.-cast_provider.o
 0002:00001182       ??_C@_0CP@CMCABPLI@D?3?2mipt?2lang3?2runtimes?20?43?2win?2c@ 0000000140015182     dbg_.-cast_provider.o
 0002:000011b2       ??_C@_1EC@IPADNJOO@?$AAc?$AAo?$AAn?$AAv?$AAe?$AAr?$AAt?$AA?5?$AA?$CF?$AAp?$AA?5?$AA?$FL?$AAt?$AAy?$AAp?$AAe?$AAs?$AA?5?$AA?$CF?$AAl?$AAl?$AAd?$AA?5?$AA?9?$AA?$DO?$AA?5?$AA?$CF?$AAl?$AAl?$AAd?$AA?$FN?$AA?6@ 00000001400151b2     dbg_.-cast_provider.o
 0002:000011f4       ??_C@_1IA@HIJJNPCH@?$AAE?$AAR?$AAR?$AAO?$AAR?$AA?3?$AA?5?$AAn?$AAo?$AAt?$AA?5?$AAs?$AAu?$AAp?$AAp?$AAo?$AAr?$AAt?$AAe?$AAd?$AA?5?$AAc?$AAo?$AAn?$AAv?$AAe?$AAr?$AAs?$AAi?$AAo?$AAn?$AA?5@ 00000001400151f4     dbg_.-cast_provider.o
 0002:00001274       ??_C@_1DK@FINICEEJ@?$AAG?$AAo?$AAt?$AA?5?$AAa?$AAt?$AA?5?$AAl?$AAe?$AAa?$AAs?$AAt?$AA?5?$AA?$CF?$AAl?$AAl?$AAd?$AA?5?$AAp?$AAl?$AAa?$AAt?$AAf?$AAo?$AAr?$AAm?$AAs?$AA?6?$AA?$AA@ 0000000140015274     dbg_.-gpu_subsystem.o
 0002:000012ae       ??_C@_1CA@OOAPHHDP@?$AAP?$AAl?$AAa?$AAt?$AAf?$AAo?$AAr?$AAm?$AA?5?$AA?$CF?$AAl?$AAl?$AAd?$AA?3?$AA?6?$AA?$AA@ 00000001400152ae     dbg_.-gpu_subsystem.o
 0002:000012ce       ??_C@_1DK@CFKCPDLH@?$AA?7?$AA?$CF?$AAl?$AAl?$AAd?$AA?4?$AAN?$AAa?$AAm?$AAe?$AA?5?$AA?5?$AA?5?$AA?5?$AA?5?$AA?5?$AA?5?$AA?5?$AA?5?$AA?5?$AA?5?$AA?5?$AA?5?$AA?3?$AA?5?$AA?$CF?$AAs?$AA?6?$AA?$AA@ 00000001400152ce     dbg_.-gpu_subsystem.o
 0002:00001308       ??_C@_1DK@PKNJPDCN@?$AA?7?$AA?$CF?$AAl?$AAl?$AAd?$AA?4?$AAV?$AAe?$AAn?$AAd?$AAo?$AAr?$AA?5?$AA?5?$AA?5?$AA?5?$AA?5?$AA?5?$AA?5?$AA?5?$AA?5?$AA?5?$AA?5?$AA?3?$AA?5?$AA?$CF?$AAs?$AA?6?$AA?$AA@ 0000000140015308     dbg_.-gpu_subsystem.o
 0002:00001342       ??_C@_1DK@BCHMBHFB@?$AA?7?$AA?$CF?$AAl?$AAl?$AAd?$AA?4?$AAV?$AAe?$AAr?$AAs?$AAi?$AAo?$AAn?$AA?5?$AA?5?$AA?5?$AA?5?$AA?5?$AA?5?$AA?5?$AA?5?$AA?5?$AA?5?$AA?3?$AA?5?$AA?$CF?$AAs?$AA?6?$AA?$AA@ 0000000140015342     dbg_.-gpu_subsystem.o
 0002:0000137c       ??_C@_1DK@PPLGHIMI@?$AA?7?$AA?$CF?$AAl?$AAl?$AAd?$AA?4?$AAP?$AAr?$AAo?$AAf?$AAi?$AAl?$AAe?$AA?5?$AA?5?$AA?5?$AA?5?$AA?5?$AA?5?$AA?5?$AA?5?$AA?5?$AA?5?$AA?3?$AA?5?$AA?$CF?$AAs?$AA?6?$AA?$AA@ 000000014001537c     dbg_.-gpu_subsystem.o
 0002:000013b6       ??_C@_1DK@KGLDJAGB@?$AA?7?$AA?$CF?$AAl?$AAl?$AAd?$AA?4?$AAE?$AAx?$AAt?$AAe?$AAn?$AAs?$AAi?$AAo?$AAn?$AAs?$AA?5?$AA?5?$AA?5?$AA?5?$AA?5?$AA?5?$AA?5?$AA?3?$AA?5?$AA?$CF?$AAs?$AA?6?$AA?$AA@ 00000001400153b6     dbg_.-gpu_subsystem.o
 0002:000013f0       ??_C@_1DO@JAHGICMH@?$AA?7?$AA?$CF?$AAl?$AAl?$AAd?$AA?4?$AAT?$AAi?$AAm?$AAe?$AAr?$AA?5?$AAR?$AAe?$AAs?$AAo?$AAl?$AAu?$AAt?$AAi?$AAo?$AAn?$AA?5?$AA?3?$AA?5?$AA?$CF?$AAl?$AAl?$AAd?$AA?6?$AA?$AA@ 00000001400153f0     dbg_.-gpu_subsystem.o
 0002:0000142e       ??_C@_1FE@GFHOHNKH@?$AAp?$AAl?$AAa?$AAt?$AAf?$AAo?$AAr?$AAm?$AA?5?$AA?$CF?$AAl?$AAl?$AAd?$AA?3?$AA?5?$AAG?$AAo?$AAt?$AA?5?$AAa?$AAt?$AA?5?$AAl?$AAe?$AAa?$AAs?$AAt?$AA?5?$AA?$CF?$AAl?$AAl?$AAd@ 000000014001542e     dbg_.-gpu_subsystem.o
 0002:00001482       ??_C@_1BM@MMFNNAKO@?$AAD?$AAe?$AAv?$AAi?$AAc?$AAe?$AA?5?$AA?$CF?$AAl?$AAl?$AAd?$AA?3?$AA?6?$AA?$AA@ 0000000140015482     dbg_.-gpu_subsystem.o
 0002:0000149e       ??_C@_1FG@GKDLJBIA@?$AA?7?$AA?$CF?$AAl?$AAl?$AAd?$AA?4?$AA?$CF?$AAl?$AAl?$AAd?$AA?4?$AAN?$AAa?$AAm?$AAe?$AA?5?$AA?5?$AA?5?$AA?5?$AA?5?$AA?5?$AA?5?$AA?5?$AA?5?$AA?5?$AA?5?$AA?5?$AA?5?$AA?5?$AA?5?$AA?5?$AA?5@ 000000014001549e     dbg_.-gpu_subsystem.o
 0002:000014f4       ??_C@_1FK@JCGLFMHC@?$AA?7?$AA?$CF?$AAl?$AAl?$AAd?$AA?4?$AA?$CF?$AAl?$AAl?$AAd?$AA?4?$AAA?$AAv?$AAa?$AAi?$AAl?$AAa?$AAb?$AAl?$AAe?$AA?5?$AA?5?$AA?5?$AA?5?$AA?5?$AA?5?$AA?5?$AA?5?$AA?5?$AA?5?$AA?5?$AA?5@ 00000001400154f4     dbg_.-gpu_subsystem.o
 0002:0000154e       ??_C@_1FK@PNFJMFNM@?$AA?7?$AA?$CF?$AAl?$AAl?$AAd?$AA?4?$AA?$CF?$AAl?$AAl?$AAd?$AA?4?$AAT?$AAy?$AAp?$AAe?$AA?5?$AA?5?$AA?5?$AA?5?$AA?5?$AA?5?$AA?5?$AA?5?$AA?5?$AA?5?$AA?5?$AA?5?$AA?5?$AA?5?$AA?5?$AA?5?$AA?5@ 000000014001554e     dbg_.-gpu_subsystem.o
 0002:000015a8       ??_C@_1FG@OJFNKBCG@?$AA?7?$AA?$CF?$AAl?$AAl?$AAd?$AA?4?$AA?$CF?$AAl?$AAl?$AAd?$AA?4?$AAV?$AAe?$AAn?$AAd?$AAo?$AAr?$AA?5?$AA?5?$AA?5?$AA?5?$AA?5?$AA?5?$AA?5?$AA?5?$AA?5?$AA?5?$AA?5?$AA?5?$AA?5?$AA?5?$AA?5@ 00000001400155a8     dbg_.-gpu_subsystem.o
 0002:000015fe       ??_C@_1FG@LICMMOCB@?$AA?7?$AA?$CF?$AAl?$AAl?$AAd?$AA?4?$AA?$CF?$AAl?$AAl?$AAd?$AA?4?$AAD?$AAr?$AAi?$AAv?$AAe?$AAr?$AA?5?$AAV?$AAe?$AAr?$AAs?$AAi?$AAo?$AAn?$AA?5?$AA?5?$AA?5?$AA?5?$AA?5?$AA?5?$AA?5@ 00000001400155fe     dbg_.-gpu_subsystem.o
 0002:00001654       ??_C@_1FG@GEMKEAJB@?$AA?7?$AA?$CF?$AAl?$AAl?$AAd?$AA?4?$AA?$CF?$AAl?$AAl?$AAd?$AA?4?$AAD?$AAe?$AAv?$AAi?$AAc?$AAe?$AA?5?$AAV?$AAe?$AAr?$AAs?$AAi?$AAo?$AAn?$AA?5?$AA?5?$AA?5?$AA?5?$AA?5?$AA?5?$AA?5@ 0000000140015654     dbg_.-gpu_subsystem.o
 0002:000016aa       ??_C@_1FG@MPCNGFNE@?$AA?7?$AA?$CF?$AAl?$AAl?$AAd?$AA?4?$AA?$CF?$AAl?$AAl?$AAd?$AA?4?$AAP?$AAr?$AAo?$AAf?$AAi?$AAl?$AAe?$AA?5?$AA?5?$AA?5?$AA?5?$AA?5?$AA?5?$AA?5?$AA?5?$AA?5?$AA?5?$AA?5?$AA?5?$AA?5?$AA?5@ 00000001400156aa     dbg_.-gpu_subsystem.o
 0002:00001700       ??_C@_1FG@GJMINOLL@?$AA?7?$AA?$CF?$AAl?$AAl?$AAd?$AA?4?$AA?$CF?$AAl?$AAl?$AAd?$AA?4?$AAE?$AAx?$AAt?$AAe?$AAn?$AAs?$AAi?$AAo?$AAn?$AAs?$AA?5?$AA?5?$AA?5?$AA?5?$AA?5?$AA?5?$AA?5?$AA?5?$AA?5?$AA?5?$AA?5@ 0000000140015700     dbg_.-gpu_subsystem.o
 0002:00001756       ??_C@_1FK@NKJEPLPJ@?$AA?7?$AA?$CF?$AAl?$AAl?$AAd?$AA?4?$AA?$CF?$AAl?$AAl?$AAd?$AA?4?$AAM?$AAa?$AAx?$AA?5?$AAC?$AAo?$AAm?$AAp?$AAu?$AAt?$AAe?$AA?5?$AAU?$AAn?$AAi?$AAt?$AAs?$AA?5?$AA?5?$AA?5?$AA?5@ 0000000140015756     dbg_.-gpu_subsystem.o
 0002:000017b0       ??_C@_1FK@OLFGCCPL@?$AA?7?$AA?$CF?$AAl?$AAl?$AAd?$AA?4?$AA?$CF?$AAl?$AAl?$AAd?$AA?4?$AAM?$AAa?$AAx?$AA?5?$AAI?$AAt?$AAe?$AAm?$AA?5?$AAD?$AAi?$AAm?$AAe?$AAn?$AAs?$AAi?$AAo?$AAn?$AAs?$AA?5?$AA?5@ 00000001400157b0     dbg_.-gpu_subsystem.o
 0002:0000180a       ??_C@_1FK@CMFPDFMJ@?$AA?7?$AA?$CF?$AAl?$AAl?$AAd?$AA?4?$AA?$CF?$AAl?$AAl?$AAd?$AA?4?$AAM?$AAa?$AAx?$AA?5?$AAG?$AAr?$AAo?$AAu?$AAp?$AA?5?$AAS?$AAi?$AAz?$AAe?$AA?5?$AA?5?$AA?5?$AA?5?$AA?5?$AA?5?$AA?5@ 000000014001580a     dbg_.-gpu_subsystem.o
 0002:00001864       ??_C@_1GA@OFJKKJHL@?$AA?7?$AA?7?$AA?$CF?$AAl?$AAl?$AAd?$AA?4?$AA?$CF?$AAl?$AAl?$AAd?$AA?4?$AAM?$AAa?$AAx?$AA?5?$AAI?$AAt?$AAe?$AAm?$AA?5?$AAS?$AAi?$AAz?$AAe?$AAs?$AA?$FL?$AA?$CF?$AAl?$AAl?$AAd?$AA?$FN@ 0000000140015864     dbg_.-gpu_subsystem.o
 0002:000018c4       ??_C@_1FK@PBEPJBHG@?$AA?7?$AA?$CF?$AAl?$AAl?$AAd?$AA?4?$AA?$CF?$AAl?$AAl?$AAd?$AA?4?$AAM?$AAa?$AAx?$AA?5?$AAC?$AAl?$AAo?$AAc?$AAk?$AA?5?$AAF?$AAr?$AAe?$AAq?$AAu?$AAe?$AAn?$AAc?$AAy?$AA?5?$AA?5@ 00000001400158c4     dbg_.-gpu_subsystem.o
 0002:0000191e       ??_C@_1FK@EGKKPFNE@?$AA?7?$AA?$CF?$AAl?$AAl?$AAd?$AA?4?$AA?$CF?$AAl?$AAl?$AAd?$AA?4?$AAM?$AAa?$AAx?$AA?5?$AAM?$AAe?$AAm?$AA?5?$AAA?$AAl?$AAl?$AAo?$AAc?$AA?5?$AAS?$AAi?$AAz?$AAe?$AA?5?$AA?5?$AA?5@ 000000014001591e     dbg_.-gpu_subsystem.o
 0002:00001978       ??_C@_1FK@NMMFNGJN@?$AA?7?$AA?$CF?$AAl?$AAl?$AAd?$AA?4?$AA?$CF?$AAl?$AAl?$AAd?$AA?4?$AAG?$AAl?$AAo?$AAb?$AAa?$AAl?$AA?5?$AAM?$AAe?$AAm?$AA?5?$AAC?$AAa?$AAc?$AAh?$AAe?$AAl?$AAi?$AAn?$AAe?$AA?5@ 0000000140015978     dbg_.-gpu_subsystem.o
 0002:000019d2       ??_C@_1FK@NMHJFOBI@?$AA?7?$AA?$CF?$AAl?$AAl?$AAd?$AA?4?$AA?$CF?$AAl?$AAl?$AAd?$AA?4?$AAG?$AAl?$AAo?$AAb?$AAa?$AAl?$AA?5?$AAM?$AAe?$AAm?$AA?5?$AAC?$AAa?$AAc?$AAh?$AAe?$AA?5?$AAS?$AAi?$AAz?$AAe@ 00000001400159d2     dbg_.-gpu_subsystem.o
 0002:00001a2c       ??_C@_1FK@KEPOBMOJ@?$AA?7?$AA?$CF?$AAl?$AAl?$AAd?$AA?4?$AA?$CF?$AAl?$AAl?$AAd?$AA?4?$AAG?$AAl?$AAo?$AAb?$AAa?$AAl?$AA?5?$AAM?$AAe?$AAm?$AA?5?$AAS?$AAi?$AAz?$AAe?$AA?5?$AA?5?$AA?5?$AA?5?$AA?5?$AA?5@ 0000000140015a2c     dbg_.-gpu_subsystem.o
 0002:00001a86       ??_C@_1FK@BEKCEBKI@?$AA?7?$AA?$CF?$AAl?$AAl?$AAd?$AA?4?$AA?$CF?$AAl?$AAl?$AAd?$AA?4?$AAL?$AAo?$AAc?$AAa?$AAl?$AA?5?$AAM?$AAe?$AAm?$AA?5?$AAS?$AAi?$AAz?$AAe?$AA?5?$AA?5?$AA?5?$AA?5?$AA?5?$AA?5?$AA?5@ 0000000140015a86     dbg_.-gpu_subsystem.o
 0002:00001ae0       ??_C@_1DG@HHDGLCMF@?$AAA?$AAt?$AA?5?$AAe?$AAn?$AAd?$AA?5?$AAh?$AAa?$AAv?$AAe?$AA?5?$AA?$CF?$AAl?$AAl?$AAd?$AA?5?$AAd?$AAe?$AAv?$AAi?$AAc?$AAe?$AAs?$AA?4?$AA?6?$AA?$AA@ 0000000140015ae0     dbg_.-gpu_subsystem.o
 0002:00001b16       ??_C@_1FC@JJNHHFIJ@?$AAI?$AAn?$AAi?$AAt?$AA?5?$AAf?$AAo?$AAr?$AAm?$AA?5?$AAp?$AAl?$AAa?$AAt?$AAf?$AAo?$AAr?$AAm?$AA?5?$AA?$CF?$AAl?$AAl?$AAd?$AA?5?$AA?$FL?$AAa?$AAu?$AAt?$AAo?$AA?5?$AAs?$AAe@ 0000000140015b16     dbg_.-gpu_subsystem.o
 0002:00001b68       ??_C@_1EC@CFAEGHOO@?$AAE?$AAr?$AAr?$AAo?$AAr?$AA?5?$AAa?$AAt?$AA?5?$AAc?$AAl?$AAC?$AAr?$AAe?$AAa?$AAt?$AAe?$AAC?$AAo?$AAn?$AAt?$AAe?$AAx?$AAt?$AA?5?$AA?$FL?$AA?$CF?$AAl?$AAl?$AAd?$AA?$FN?$AA?6@ 0000000140015b68     dbg_.-gpu_subsystem.o
 0002:00001baa       ??_C@_1GI@JODPKPLM@?$AAE?$AAr?$AAr?$AAo?$AAr?$AA?5?$AAa?$AAt?$AA?5?$AAc?$AAl?$AAC?$AAr?$AAe?$AAa?$AAt?$AAe?$AAC?$AAo?$AAm?$AAm?$AAa?$AAn?$AAd?$AAQ?$AAu?$AAe?$AAu?$AAe?$AAW?$AAi?$AAt@ 0000000140015baa     dbg_.-gpu_subsystem.o
 0002:00001c12       ??_C@_0FA@OKGFDHAO@?9cl?9single?9precision?9constant?5?9c@ 0000000140015c12     dbg_.-gpu_subsystem.o
 0002:00001c62       ??_C@_1DE@FJCPKFIJ@?$AAB?$AAu?$AAi?$AAl?$AAd?$AAP?$AAr?$AAo?$AAg?$AAr?$AAa?$AAm?$AA?5?$AAE?$AAr?$AAr?$AAo?$AAr?$AA?3?$AA?5?$AA?$CF?$AAl?$AAl?$AAd?$AA?6?$AA?$AA@ 0000000140015c62     dbg_.-gpu_subsystem.o
 0002:00001c96       ??_C@_19PDAGFAKM@?$AA?4?$AA?4?$AA?4?$AA?6?$AA?$AA@ 0000000140015c96     dbg_.-gpu_subsystem.o
 0002:00001ca0       ??_C@_1CO@HIIDKPPP@?$AAB?$AAu?$AAi?$AAl?$AAd?$AAI?$AAn?$AAf?$AAo?$AA?5?$AAE?$AAr?$AAr?$AAo?$AAr?$AA?3?$AA?5?$AA?$CF?$AAl?$AAl?$AAd?$AA?6?$AA?$AA@ 0000000140015ca0     dbg_.-gpu_subsystem.o
 0002:00001cce       ??_C@_1DA@GJKLKGNM@?$AAB?$AAu?$AAi?$AAl?$AAd?$AAI?$AAn?$AAf?$AAo?$AA2?$AA?5?$AAE?$AAr?$AAr?$AAo?$AAr?$AA?3?$AA?5?$AA?$CF?$AAl?$AAl?$AAd?$AA?6?$AA?$AA@ 0000000140015cce     dbg_.-gpu_subsystem.o
 0002:00001cfe       ??_C@_1DA@CBNNMJJB@?$AAE?$AAr?$AAr?$AAo?$AAr?$AA?5?$AAI?$AAn?$AAf?$AAo?$AA?3?$AA?5?$AAc?$AAo?$AAd?$AAe?$AA?$DN?$AA?$CF?$AAl?$AAl?$AAd?$AA?3?$AA?6?$AA?$AA@ 0000000140015cfe     dbg_.-gpu_subsystem.o
 0002:00001d2e       ??_C@_1CA@CAEDKLHA@?$AA?$CF?$AA0?$AA2?$AAx?$AA?5?$AA?$CF?$AA0?$AA2?$AAx?$AA?5?$AA?$CF?$AA0?$AA2?$AAx?$AA?6?$AA?$AA@ 0000000140015d2e     dbg_.-gpu_subsystem.o
 0002:00001d4e       ??_C@_17MJEANDKP@?$AA?$CF?$AAs?$AA?6?$AA?$AA@ 0000000140015d4e     dbg_.-gpu_subsystem.o
 0002:00001d56       ??_C@_1CO@DCKAPNAK@?$AAw?$AAa?$AAi?$AAt?$AAi?$AAn?$AAg?$AA?5?$AAs?$AAt?$AAa?$AAr?$AAt?$AAu?$AAp?$AA?5?$AAp?$AAa?$AAg?$AAe?$AAs?$AA?6?$AA?$AA@ 0000000140015d56     dbg_.-hive_entry.o
 0002:00001d84       ??_C@_1EI@OLFKDNEP@?$AAE?$AAr?$AAr?$AAo?$AAr?$AA?3?$AA?5?$AAa?$AAl?$AAl?$AAo?$AAc?$AAa?$AAt?$AAe?$AAd?$AA?5?$AAa?$AAr?$AAr?$AAa?$AAy?$AA?5?$AAi?$AAs?$AAn?$AA?8?$AAt?$AA?5?$AAl?$AAo?$AAc@ 0000000140015d84     dbg_.-hive_entry.o
 0002:00001dcc       ??_C@_1BM@MGOLOELI@?$AAr?$AAe?$AAs?$AAC?$AAo?$AAd?$AAe?$AAI?$AAd?$AA?$DN?$AA?$CF?$AAp?$AA?6?$AA?$AA@ 0000000140015dcc     dbg_.-hive_entry.o
 0002:00001de8       ??_C@_0CA@HOHIFIDM@priority?5?$DO?$DN?50?5?$CG?$CG?5priority?5?$DM?$DN?564?$AA@ 0000000140015de8     dbg_.-queue.o
 0002:00001e08       ??_C@_0BF@JFMHIIOD@scheduler_queue_push?$AA@ 0000000140015e08     dbg_.-queue.o
 0002:00001e1d       ??_C@_0CH@JPLLODOG@D?3?2mipt?2lang3?2runtimes?20?43?2win?2q@ 0000000140015e1d     dbg_.-queue.o
 0002:00001e44       ??_C@_04PJOLNDGD@data?$AA@ 0000000140015e44     dbg_.-queue.o
 0002:00001ed0       ??_C@_1DO@NMNBJACC@?$AA?9?$AA?9?$AA?9?$AA?9?$AA?9?$AA?5?$AAt?$AAo?$AAt?$AAa?$AAl?$AA?5?$AA?$CF?$AAl?$AAl?$AAd?$AA?5?$AAc?$AAo?$AAn?$AAn?$AAe?$AAc?$AAt?$AAi?$AAo?$AAn?$AAs?$AA?3?$AA?6?$AA?$AA@ 0000000140015ed0     dbg_.-remote.o
 0002:00001f0e       ??_C@_1EM@BPMELAJO@?$AA?9?$AAc?$AAo?$AAn?$AAn?$AAe?$AAc?$AAt?$AAi?$AAo?$AAn?$AA?5?$AA?$FL?$AA?$CF?$AAp?$AA?$FN?$AA?5?$AA?$CF?$AAl?$AAl?$AAd?$AA?3?$AA?5?$AAl?$AAo?$AAc?$AAa?$AAl?$AA_?$AAi?$AAd?$AA?$DN@ 0000000140015f0e     dbg_.-remote.o
 0002:00001f5a       ??_C@_1DC@HEOFFPLC@?$AAo?$AAu?$AAt?$AAg?$AAo?$AAi?$AAn?$AAg?$AA?3?$AA?5?$AAN?$AAo?$AA?5?$AAc?$AAo?$AAn?$AAn?$AAe?$AAc?$AAt?$AAi?$AAo?$AAn?$AA?6?$AA?$AA@ 0000000140015f5a     dbg_.-remote.o
 0002:00001f8c       ??_C@_1DG@HNEHLNLB@?$AAo?$AAu?$AAt?$AAg?$AAo?$AAi?$AAn?$AAg?$AA?3?$AA?5?$AAI?$AAP?$AA?$DN?$AA?$CF?$AAs?$AA?5?$AAP?$AAO?$AAR?$AAT?$AA?$DN?$AA?$CF?$AAl?$AAl?$AAd?$AA?6?$AA?$AA@ 0000000140015f8c     dbg_.-remote.o
 0002:00001fc2       ??_C@_1DI@OKINGPOA@?$AAo?$AAu?$AAt?$AAg?$AAo?$AAi?$AAn?$AAg?$AA?3?$AA?5?$AA?5?$AAI?$AAP?$AA?$DN?$AA?$CF?$AAs?$AA?5?$AAP?$AAO?$AAR?$AAT?$AA?$DN?$AA?$CF?$AAl?$AAl?$AAd?$AA?6?$AA?$AA@ 0000000140015fc2     dbg_.-remote.o
 0002:00001ffa       ??_C@_1CM@KOFOMBCP@?$AAo?$AAu?$AAt?$AAg?$AAo?$AAi?$AAn?$AAg?$AA?3?$AA?5?$AA?5?$AAC?$AAo?$AAr?$AAr?$AAu?$AAp?$AAt?$AAe?$AAd?$AA?6?$AA?$AA@ 0000000140015ffa     dbg_.-remote.o
 0002:00002026       ??_C@_1DC@OBBDDNNB@?$AAi?$AAn?$AAc?$AAo?$AAm?$AAi?$AAn?$AAg?$AA?3?$AA?5?$AAN?$AAo?$AA?5?$AAc?$AAo?$AAn?$AAn?$AAe?$AAc?$AAt?$AAi?$AAo?$AAn?$AA?6?$AA?$AA@ 0000000140016026     dbg_.-remote.o
 0002:00002058       ??_C@_1DG@NNAENLOC@?$AAi?$AAn?$AAc?$AAo?$AAm?$AAi?$AAn?$AAg?$AA?3?$AA?5?$AAI?$AAP?$AA?$DN?$AA?$CF?$AAs?$AA?5?$AAP?$AAO?$AAR?$AAT?$AA?$DN?$AA?$CF?$AAl?$AAl?$AAd?$AA?6?$AA?$AA@ 0000000140016058     dbg_.-remote.o
 0002:0000208e       ??_C@_1DI@NPMKAFFJ@?$AAi?$AAn?$AAc?$AAo?$AAm?$AAi?$AAn?$AAg?$AA?3?$AA?5?$AA?5?$AAI?$AAP?$AA?$DN?$AA?$CF?$AAs?$AA?5?$AAP?$AAO?$AAR?$AAT?$AA?$DN?$AA?$CF?$AAl?$AAl?$AAd?$AA?6?$AA?$AA@ 000000014001608e     dbg_.-remote.o
 0002:000020c6       ??_C@_1GA@HHMMHPKA@?$AA?$CB?$AA?$CB?$AA?$CB?$AA?$CB?$AA?$CB?$AA?5?$AA?$DO?$AA?$DO?$AA?$DO?$AA?$DO?$AA?$DO?$AA?$DO?$AA?5?$AAP?$AAa?$AAg?$AAe?$AA?5?$AAa?$AAl?$AAl?$AAo?$AAc?$AAa?$AAt?$AAi?$AAo?$AAn?$AA?5?$AAi?$AAd?$AA?$DN@ 00000001400160c6     dbg_.-remote.o
 0002:00002126       ??_C@_1DE@OFJFJIIH@?$AAS?$AAe?$AAr?$AAv?$AAe?$AAr?$AA?5?$AAi?$AAd?$AA?$DN?$AA?$CF?$AAl?$AAl?$AAd?$AA?5?$AAc?$AAo?$AAn?$AAf?$AAi?$AAr?$AAm?$AAe?$AAd?$AA?6?$AA?$AA@ 0000000140016126     dbg_.-remote.o
 0002:0000215a       ??_C@_1CG@DJLPCGPG@?$AAC?$AAl?$AAi?$AAe?$AAn?$AAt?$AA?5?$AAc?$AAo?$AAn?$AAn?$AAe?$AAc?$AAt?$AAe?$AAd?$AA?$CB?$AA?6?$AA?$AA@ 000000014001615a     dbg_.-remote.o
 0002:00002180       ??_C@_1GO@KIHGLMJK@?$AAS?$AAe?$AAn?$AAd?$AA?5?$AAc?$AAo?$AAn?$AAf?$AAi?$AAr?$AAm?$AAa?$AAt?$AAi?$AAo?$AAn?$AA?5?$AAo?$AAf?$AA?5?$AAp?$AAa?$AAg?$AAe?$AA?5?$AAa?$AAl?$AAl?$AAo?$AAc?$AAa@ 0000000140016180     dbg_.-remote.o
 0002:000021ee       ??_C@_1FC@NJOMCOBI@?$AAR?$AAe?$AAd?$AAi?$AAr?$AAe?$AAc?$AAt?$AAi?$AAn?$AAg?$AA?5?$AAp?$AAa?$AAg?$AAe?$AA?5?$AAq?$AAu?$AAe?$AAr?$AAy?$AA?5?$AAt?$AAo?$AA?5?$AAl?$AAo?$AAc?$AAa?$AAl?$AA_@ 00000001400161ee     dbg_.-remote.o
 0002:00002240       ??_C@_1EO@MLLDILKB@?$AAR?$AAe?$AAd?$AAi?$AAr?$AAe?$AAc?$AAt?$AAi?$AAn?$AAg?$AA?5?$AAi?$AAd?$AA?5?$AAq?$AAu?$AAe?$AAr?$AAy?$AA?5?$AAt?$AAo?$AA?5?$AAl?$AAo?$AAc?$AAa?$AAl?$AA_?$AAi?$AAd@ 0000000140016240     dbg_.-remote.o
 0002:0000228e       ??_C@_1DM@IBOIDFJO@?$AAs?$AAo?$AAc?$AAk?$AAe?$AAt?$AA?$CI?$AA?$CJ?$AA?5?$AAf?$AAa?$AAi?$AAl?$AAe?$AAd?$AA?5?$AA?$FL?$AAe?$AAr?$AAr?$AAo?$AAr?$AA?$DN?$AA?$CF?$AAl?$AAl?$AAd?$AA?$FN?$AA?6?$AA?$AA@ 000000014001628e     dbg_.-remote.o
 0002:000022ca       ??_C@_1CM@FLPDOBBA@?$AAR?$AAe?$AAq?$AAu?$AAe?$AAs?$AAt?$AAi?$AAn?$AAg?$AA?5?$AAp?$AAo?$AAr?$AAt?$AA?5?$AA?$CF?$AAl?$AAl?$AAd?$AA?6?$AA?$AA@ 00000001400162ca     dbg_.-remote.o
 0002:000022f6       ??_C@_1DK@IOCIPHFJ@?$AAc?$AAo?$AAn?$AAn?$AAe?$AAc?$AAt?$AA?5?$AAf?$AAa?$AAi?$AAl?$AAe?$AAd?$AA?5?$AA?$FL?$AAe?$AAr?$AAr?$AAo?$AAr?$AA?$DN?$AA?$CF?$AAl?$AAl?$AAd?$AA?$FN?$AA?6?$AA?$AA@ 00000001400162f6     dbg_.-remote.o
 0002:00002330       ??_C@_1DO@IMGJNCBG@?$AAC?$AAo?$AAn?$AAn?$AAe?$AAc?$AAt?$AAi?$AAo?$AAn?$AA?5?$AAi?$AAs?$AA?5?$AAs?$AAu?$AAc?$AAc?$AAe?$AAs?$AAs?$AAf?$AAu?$AAl?$AA?$CB?$AA?5?$AA?$FL?$AA1?$AA?$FN?$AA?6?$AA?$AA@ 0000000140016330     dbg_.-remote.o
 0002:0000236e       ??_C@_1GE@BBHPHIKC@?$AAE?$AAr?$AAr?$AAo?$AAr?$AA?5?$AA?9?$AA?5?$AAs?$AAe?$AAr?$AAv?$AAe?$AAr?$AA_?$AAp?$AAo?$AAr?$AAt?$AA?5?$AA?$DN?$AA?$DN?$AA?5?$AA?9?$AA1?$AA?5?$AA?$FL?$AAs?$AAe?$AAr?$AAv?$AAe@ 000000014001636e     dbg_.-remote.o
 0002:000023d2       ??_C@_1EM@HCGPBNNP@?$AAS?$AAt?$AAa?$AAr?$AAt?$AAi?$AAn?$AAg?$AA?5?$AAn?$AAe?$AAw?$AA?5?$AAc?$AAo?$AAn?$AAn?$AAe?$AAc?$AAt?$AAi?$AAo?$AAn?$AA?5?$AAt?$AAo?$AA?5?$AA?$FL?$AA?$CF?$AAs?$AA?$FN?$AA?5@ 00000001400163d2     dbg_.-remote.o
 0002:0000241e       ??_C@_1FE@JKPBPNOM@?$AAE?$AAr?$AAr?$AAo?$AAr?$AA?5?$AAr?$AAe?$AAs?$AAo?$AAl?$AAv?$AAi?$AAn?$AAg?$AA?5?$AAh?$AAo?$AAs?$AAt?$AA?4?$AA?5?$AA?$FL?$AAs?$AAt?$AAa?$AAt?$AAu?$AAs?$AA?$DN?$AA?$CF?$AAl@ 000000014001641e     dbg_.-remote.o
 0002:00002472       ??_C@_1DO@COGNFPF@?$AAC?$AAo?$AAn?$AAn?$AAe?$AAc?$AAt?$AAi?$AAo?$AAn?$AA?5?$AAi?$AAs?$AA?5?$AAs?$AAu?$AAc?$AAc?$AAe?$AAs?$AAs?$AAf?$AAu?$AAl?$AA?$CB?$AA?5?$AA?$FL?$AA2?$AA?$FN?$AA?6?$AA?$AA@ 0000000140016472     dbg_.-remote.o
 0002:000024b0       ??_C@_1FK@FPKJOMKP@?$AAE?$AAr?$AAr?$AAo?$AAr?$AA?3?$AA?5?$AAC?$AAo?$AAu?$AAl?$AAd?$AA?5?$AAn?$AAo?$AAt?$AA?5?$AAc?$AAo?$AAn?$AAn?$AAe?$AAc?$AAt?$AA?5?$AAt?$AAo?$AA?5?$AA?$CF?$AAs?$AA?5?$AA?$FL@ 00000001400164b0     dbg_.-remote.o
 0002:0000250a       ??_C@_1EA@JBNEEBDD@?$AAT?$AAr?$AAy?$AAi?$AAn?$AAg?$AA?5?$AAt?$AAo?$AA?5?$AAg?$AAe?$AAt?$AA?5?$AAm?$AAe?$AAm?$AAo?$AAr?$AAy?$AA?5?$AAp?$AAa?$AAg?$AAe?$AA?5?$AA?$CF?$AAl?$AAl?$AAd?$AA?6?$AA?$AA@ 000000014001650a     dbg_.-remote.o
 0002:0000254a       ??_C@_1EI@BHCKMCLF@?$AAC?$AAr?$AAe?$AAa?$AAt?$AAe?$AAd?$AA?5?$AAb?$AAr?$AAo?$AAa?$AAd?$AAc?$AAa?$AAs?$AAt?$AA?5?$AAw?$AAi?$AAt?$AAh?$AA?5?$AAp?$AAr?$AAe?$AAf?$AAi?$AAx?$AA?$DN?$AA?$CF?$AAl@ 000000014001654a     dbg_.-remote.o
 0002:00002592       ??_C@_1DM@MBBJEJBJ@?$AAT?$AAr?$AAy?$AAi?$AAn?$AAg?$AA?5?$AAt?$AAo?$AA?5?$AAg?$AAe?$AAt?$AA?5?$AAs?$AAe?$AAr?$AAv?$AAe?$AAr?$AA?5?$AAi?$AAd?$AA?5?$AA?$CF?$AAl?$AAl?$AAd?$AA?6?$AA?$AA@ 0000000140016592     dbg_.-remote.o
 0002:000025ce       ??_C@_1GK@DMGCKEJF@?$AAA?$AAn?$AAs?$AAw?$AAe?$AAr?$AA?5?$AAP?$AAu?$AAs?$AAh?$AA?5?$AAO?$AAb?$AAj?$AAe?$AAc?$AAt?$AA?5?$AAt?$AAo?$AA?5?$AAl?$AAo?$AAc?$AAa?$AAl?$AAi?$AAd?$AA?$DN?$AA?$CF?$AAl@ 00000001400165ce     dbg_.-remote.o
 0002:00002638       ??_C@_1GM@MICHOCHB@?$AAA?$AAn?$AAs?$AAw?$AAe?$AAr?$AA?5?$AAQ?$AAu?$AAe?$AAr?$AAy?$AA?5?$AAO?$AAb?$AAj?$AAe?$AAc?$AAt?$AA?5?$AAt?$AAo?$AA?5?$AAl?$AAo?$AAc?$AAa?$AAl?$AAi?$AAd?$AA?$DN?$AA?$CF@ 0000000140016638     dbg_.-remote.o
 0002:000026a4       ??_C@_1FK@FHPCFNAH@?$AAs?$AAe?$AAn?$AAd?$AA?5?$AAb?$AAr?$AAo?$AAa?$AAd?$AAc?$AAa?$AAs?$AAt?$AA?5?$AAa?$AAn?$AAs?$AAw?$AAe?$AAr?$AA?5?$AAp?$AAa?$AAt?$AAh?$AA?5?$AAt?$AAo?$AA?5?$AAl?$AAo@ 00000001400166a4     dbg_.-remote.o
 0002:000026fe       ??_C@_1FM@FIIIPBAA@?$AAs?$AAe?$AAn?$AAd?$AA?5?$AAb?$AAr?$AAo?$AAa?$AAd?$AAc?$AAa?$AAs?$AAt?$AA?5?$AAp?$AAa?$AAt?$AAh?$AA?5?$AAr?$AAe?$AAq?$AAu?$AAe?$AAs?$AAt?$AA?5?$AAt?$AAo?$AA?5?$AAl@ 00000001400166fe     dbg_.-remote.o
 0002:0000275a       ??_C@_1GA@MDBOGCGI@?$AAs?$AAe?$AAn?$AAd?$AA?5?$AAb?$AAr?$AAo?$AAa?$AAd?$AAc?$AAa?$AAs?$AAt?$AA?5?$AAa?$AAn?$AAs?$AAw?$AAe?$AAr?$AA?5?$AAi?$AAd?$AA?5?$AAp?$AAa?$AAt?$AAh?$AA?5?$AAt?$AAo@ 000000014001675a     dbg_.-remote.o
 0002:000027ba       ??_C@_1EO@CDOEBIIP@?$AAS?$AAe?$AAn?$AAd?$AAi?$AAn?$AAg?$AA?5?$AAb?$AAr?$AAo?$AAa?$AAd?$AAc?$AAa?$AAs?$AAt?$AA?5?$AAt?$AAo?$AA?5?$AAf?$AAi?$AAn?$AAd?$AA?5?$AAo?$AAb?$AAj?$AAe?$AAc?$AAt@ 00000001400167ba     dbg_.-remote.o
 0002:00002808       ??_C@_1DC@EHBNKHBD@?$AAr?$AAe?$AAq?$AAu?$AAe?$AAs?$AAt?$AA?5?$AAs?$AAe?$AAt?$AA?5?$AAo?$AAb?$AAj?$AAe?$AAc?$AAt?$AA?$DN?$AA?$CF?$AAl?$AAl?$AAd?$AA?6?$AA?$AA@ 0000000140016808     dbg_.-remote.o
 0002:0000283a       ??_C@_1CO@OBFELGCG@?$AAl?$AAo?$AAc?$AAa?$AAl?$AA?5?$AAo?$AAb?$AAj?$AAe?$AAc?$AAt?$AA?5?$AA?9?$AA?5?$AAa?$AAn?$AAs?$AAw?$AAe?$AAr?$AA?6?$AA?$AA@ 000000014001683a     dbg_.-remote.o
 0002:00002868       ??_C@_1CC@BJNHGOIA@?$AAd?$AAo?$AAn?$AA?8?$AAt?$AA?5?$AAk?$AAn?$AAo?$AAw?$AA?5?$AAp?$AAa?$AAt?$AAh?$AA?6?$AA?$AA@ 0000000140016868     dbg_.-remote.o
 0002:0000288a       ??_C@_1DA@NHJHHADA@?$AAr?$AAe?$AAq?$AAu?$AAe?$AAs?$AAt?$AA?5?$AAs?$AAe?$AAn?$AAt?$AA?5?$AA?$FL?$AAt?$AAo?$AA?5?$AA?$CF?$AAl?$AAl?$AAd?$AA?$FN?$AA?6?$AA?$AA@ 000000014001688a     dbg_.-remote.o
 0002:000028ba       ??_C@_1IK@DBMEHLHD@?$AAS?$AAt?$AAa?$AAr?$AAt?$AAi?$AAn?$AAg?$AA?5?$AAn?$AAe?$AAw?$AA?5?$AAR?$AAE?$AAM?$AAO?$AAT?$AAE?$AA?5?$AAw?$AAo?$AAr?$AAk?$AAe?$AAr?$AA?5?$AA?$CF?$AAl?$AAl?$AAd?$AA?5@ 00000001400168ba     dbg_.-remote.o
 0002:00002944       ??_C@_1EK@DLJDAMIC@?$AAs?$AAe?$AAn?$AAd?$AAi?$AAn?$AAg?$AA?5?$AAh?$AAi?$AAv?$AAe?$AA?5?$AAs?$AAt?$AAa?$AAt?$AAe?$AA?5?$AA?$FL?$AA?$CF?$AAl?$AAl?$AAd?$AA?5?$AA?$CF?$AAl?$AAl?$AAd?$AA?5?$AA?$CF?$AAl@ 0000000140016944     dbg_.-remote.o
 0002:0000298e       ??_C@_1DG@PIHIFHIB@?$AAi?$AAn?$AAt?$AAi?$AAi?$AAa?$AAl?$AAi?$AAz?$AAa?$AAt?$AAi?$AAn?$AAg?$AA?5?$AAn?$AAe?$AAt?$AAw?$AAo?$AAr?$AAk?$AA?4?$AA?4?$AA?4?$AA?6?$AA?$AA@ 000000014001698e     dbg_.-remote.o
 0002:000029c4       ??_C@_1LE@PPGJDLMH@?$AA?$FL?$AAp?$AA?5?$AA?$DM?$AAp?$AAo?$AAr?$AAt?$AA?$DO?$AA?$FN?$AA?5?$AAt?$AAo?$AA?5?$AAs?$AAe?$AAl?$AAe?$AAc?$AAt?$AA?5?$AAp?$AAo?$AAr?$AAt?$AA?5?$AA?$FL?$AAc?$AA?5?$AA?$DM?$AAi?$AAp@ 00000001400169c4     dbg_.-remote.o
 0002:00002a78       ??_C@_1BO@BCIJKPCC@?$AAE?$AAn?$AAt?$AAe?$AAr?$AA?5?$AAc?$AAo?$AAm?$AAm?$AAa?$AAn?$AAd?$AA?$DO?$AA?$AA@ 0000000140016a78     dbg_.-remote.o
 0002:00002a96       ??_C@_1CK@IMAGNILG@?$AAC?$AAo?$AAn?$AAf?$AAi?$AAr?$AAm?$AAe?$AAd?$AA?5?$AAp?$AAo?$AAr?$AAt?$AA?$DN?$AA?$CF?$AAl?$AAl?$AAd?$AA?6?$AA?$AA@ 0000000140016a96     dbg_.-remote.o
 0002:00002ac0       ??_C@_1CE@BDEHPDNE@?$AAG?$AAe?$AAt?$AA?5?$AAc?$AAo?$AAm?$AAm?$AAa?$AAn?$AAd?$AA?5?$AA?$FL?$AA?$CF?$AAs?$AA?$FN?$AA?6?$AA?$AA@ 0000000140016ac0     dbg_.-remote.o
 0002:00002ae4       ??_C@_1DG@NNMMEGKD@?$AAS?$AAe?$AAl?$AAe?$AAc?$AAt?$AAe?$AAd?$AA?5?$AAc?$AAo?$AAn?$AAn?$AAe?$AAc?$AAt?$AA?5?$AAc?$AAo?$AAm?$AAm?$AAa?$AAn?$AAd?$AA?4?$AA?6?$AA?$AA@ 0000000140016ae4     dbg_.-remote.o
 0002:00002b1a       ??_C@_1CI@KPENLAE@?$AAE?$AAn?$AAt?$AAe?$AAr?$AA?5?$AAI?$AAP?$AA?5?$AAa?$AAn?$AAd?$AA?5?$AAP?$AAO?$AAR?$AAT?$AA?4?$AA?6?$AA?$AA@ 0000000140016b1a     dbg_.-remote.o
 0002:00002b42       ??_C@_1EG@CAHECGOL@?$AAT?$AAr?$AAy?$AAi?$AAn?$AAg?$AA?5?$AAt?$AAo?$AA?5?$AAc?$AAo?$AAn?$AAn?$AAe?$AAc?$AAt?$AA?5?$AAt?$AAo?$AA?5?$AA?$FL?$AA?$CF?$AAs?$AA?$FN?$AA?5?$AA?$FL?$AA?$CF?$AAs?$AA?$FN?$AA?4?$AA?4@ 0000000140016b42     dbg_.-remote.o
 0002:00002b88       ??_C@_1DG@GLOHHOJG@?$AAT?$AAe?$AAm?$AAp?$AAo?$AAr?$AAa?$AAr?$AAy?$AA?5?$AAl?$AAo?$AAc?$AAa?$AAl?$AA_?$AAi?$AAd?$AA?5?$AA?$DN?$AA?5?$AA?$CF?$AAl?$AAl?$AAd?$AA?6?$AA?$AA@ 0000000140016b88     dbg_.-remote.o
 0002:00002bbe       ??_C@_1DC@MOJEJJIM@?$AAC?$AAo?$AAn?$AAf?$AAi?$AAg?$AAu?$AAr?$AAa?$AAt?$AAi?$AAo?$AAn?$AA?5?$AAc?$AAo?$AAn?$AAf?$AAi?$AAr?$AAm?$AAe?$AAd?$AA?6?$AA?$AA@ 0000000140016bbe     dbg_.-remote.o
 0002:00002bf0       ??_C@_1BA@IEOPIPPP@?$AAg?$AAe?$AAt?$AA?5?$AAi?$AAd?$AA?6?$AA?$AA@ 0000000140016bf0     dbg_.-remote.o
 0002:00002c00       ??_C@_1BE@JGIALBEO@?$AAs?$AAl?$AAe?$AAe?$AAp?$AAi?$AAn?$AAg?$AA?6?$AA?$AA@ 0000000140016c00     dbg_.-remote.o
 0002:00002c14       ??_C@_1CC@DLADIFA@?$AAr?$AAu?$AAn?$AAn?$AAi?$AAn?$AAg?$AA?5?$AAt?$AAh?$AAr?$AAe?$AAa?$AAd?$AAs?$AA?6?$AA?$AA@ 0000000140016c14     dbg_.-remote.o
 0002:00002c36       ??_C@_1CO@OPIMELJM@?$AAn?$AAe?$AAt?$AAw?$AAo?$AAr?$AAk?$AA?5?$AAi?$AAn?$AAi?$AAt?$AAi?$AAa?$AAl?$AAi?$AAz?$AAa?$AAt?$AAe?$AAd?$AA?6?$AA?$AA@ 0000000140016c36     dbg_.-remote.o
 0002:00002c64       ??_C@_1DM@PKIKMHMJ@?$AA?$FL?$AAN?$AAE?$AAT?$AAW?$AAO?$AAR?$AAK?$AA?$FN?$AA?3?$AA?5?$AAP?$AAe?$AAe?$AAr?$AA?5?$AAd?$AAi?$AAs?$AAc?$AAo?$AAn?$AAn?$AAe?$AAc?$AAt?$AAe?$AAd?$AA?6?$AA?$AA@ 0000000140016c64     dbg_.-remote.o
 0002:00002ca0       ??_C@_1DG@IHKBKGHO@?$AAG?$AAe?$AAt?$AA?5?$AAm?$AAe?$AAs?$AAs?$AAa?$AAg?$AAe?$AA?5?$AAo?$AAf?$AA?5?$AA?$CF?$AAl?$AAl?$AAd?$AA?5?$AAb?$AAy?$AAt?$AAe?$AAs?$AA?6?$AA?$AA@ 0000000140016ca0     dbg_.-remote.o
 0002:00002cd6       ??_C@_1EE@FBAKCJKM@?$AAp?$AAr?$AAo?$AAc?$AAe?$AAs?$AAs?$AA?5?$AAh?$AAe?$AAa?$AAd?$AAe?$AAr?$AA?$FL?$AAo?$AAk?$AA?$FN?$AA?5?$AA?$FL?$AAh?$AAe?$AAa?$AAd?$AAe?$AAr?$AA?$DN?$AA?$CF?$AAl?$AAl?$AAd?$AA?$FN@ 0000000140016cd6     dbg_.-remote.o
 0002:00002d1a       ??_C@_1EE@CIFDCIBF@?$AAp?$AAr?$AAo?$AAc?$AAe?$AAs?$AAs?$AA?5?$AAl?$AAe?$AAn?$AAg?$AAt?$AAh?$AA?$FL?$AAo?$AAk?$AA?$FN?$AA?5?$AA?$FL?$AAl?$AAe?$AAn?$AAg?$AAt?$AAh?$AA?$DN?$AA?$CF?$AAl?$AAl?$AAd?$AA?$FN@ 0000000140016d1a     dbg_.-remote.o
 0002:00002d5e       ??_C@_1CM@JBMABCGC@?$AAp?$AAr?$AAo?$AAc?$AAe?$AAs?$AAs?$AA?5?$AAl?$AAe?$AAn?$AAg?$AAt?$AAh?$AA?$FL?$AAp?$AAa?$AAr?$AAt?$AA?$FN?$AA?6?$AA?$AA@ 0000000140016d5e     dbg_.-remote.o
 0002:00002d8a       ??_C@_1CE@BMKCCAOL@?$AAp?$AAr?$AAo?$AAc?$AAe?$AAs?$AAs?$AA?5?$AAb?$AAo?$AAd?$AAy?$AA?$FL?$AAo?$AAk?$AA?$FN?$AA?6?$AA?$AA@ 0000000140016d8a     dbg_.-remote.o
 0002:00002dae       ??_C@_1FE@JBHEOMDM@?$AAc?$AAo?$AAn?$AAn?$AAe?$AAc?$AAt?$AAi?$AAo?$AAn?$AA?5?$AAw?$AAa?$AAs?$AA?5?$AAc?$AAl?$AAo?$AAs?$AAe?$AAd?$AA?4?$AA?5?$AA?$FL?$AAl?$AAo?$AAc?$AAa?$AAl?$AA_?$AAi?$AAd@ 0000000140016dae     dbg_.-remote.o
 0002:00002e02       ??_C@_1CI@LDDDECLE@?$AAp?$AAr?$AAo?$AAc?$AAe?$AAs?$AAs?$AA?5?$AAb?$AAo?$AAd?$AAy?$AA?$FL?$AAp?$AAa?$AAr?$AAt?$AA?$FN?$AA?6?$AA?$AA@ 0000000140016e02     dbg_.-remote.o
 0002:00002e2a       ??_C@_1FI@DLIHECMG@?$AAG?$AAe?$AAt?$AA?5?$AAa?$AAp?$AAi?$AA?5?$AAc?$AAa?$AAl?$AAl?$AA?5?$AA?$CF?$AAl?$AAl?$AAd?$AA?5?$AAo?$AAf?$AA?5?$AAl?$AAe?$AAn?$AAg?$AAt?$AAh?$AA?3?$AA?5?$AA?$CF?$AAl?$AAl@ 0000000140016e2a     dbg_.-remote.o
 0002:00002e82       ??_C@_1EC@IGPNEALA@?$AAA?$AAP?$AAI?$AA_?$AAR?$AAE?$AAQ?$AAU?$AAE?$AAS?$AAT?$AA_?$AAC?$AAO?$AAN?$AAN?$AAE?$AAC?$AAT?$AAI?$AAO?$AAN?$AA?5?$AAa?$AAn?$AAs?$AAw?$AAe?$AAr?$AAe?$AAd?$AA?6@ 0000000140016e82     dbg_.-remote.o
 0002:00002ec4       ??_C@_1HI@PFGJBABN@?$AAA?$AAP?$AAI?$AA_?$AAA?$AAN?$AAS?$AAW?$AAE?$AAR?$AA_?$AAR?$AAE?$AAQ?$AAU?$AAE?$AAS?$AAT?$AA_?$AAC?$AAO?$AAN?$AAN?$AAE?$AAC?$AAT?$AAI?$AAO?$AAN?$AA?5?$AAu?$AAp@ 0000000140016ec4     dbg_.-remote.o
 0002:00002f3c       ??_C@_1EM@NFKPCEGC@?$AAU?$AAp?$AAd?$AAa?$AAt?$AAe?$AAd?$AA?5?$AAu?$AAs?$AAi?$AAn?$AAg?$AA?5?$AA?$FL?$AAc?$AAo?$AAn?$AA?$DN?$AA?$CF?$AAp?$AA?$FN?$AA?5?$AA?$FL?$AAa?$AAn?$AAd?$AA?5?$AAf?$AAr?$AAe?$AAe@ 0000000140016f3c     dbg_.-remote.o
 0002:00002f88       ??_C@_1LA@ICLCBFDH@?$AAE?$AAr?$AAr?$AAo?$AAr?$AA?3?$AA?5?$AAA?$AAP?$AAI?$AA_?$AAA?$AAN?$AAS?$AAW?$AAE?$AAR?$AA_?$AAR?$AAE?$AAQ?$AAU?$AAE?$AAS?$AAT?$AA_?$AAC?$AAO?$AAN?$AAN?$AAE?$AAC@ 0000000140016f88     dbg_.-remote.o
 0002:00003038       ??_C@_1FA@NLLPLBEB@?$AAA?$AAP?$AAI?$AA_?$AAR?$AAE?$AAQ?$AAU?$AAE?$AAS?$AAT?$AA_?$AAI?$AAD?$AA?5?$AAp?$AAa?$AAg?$AAe?$AA?$DN?$AA?$CF?$AAl?$AAl?$AAd?$AA?5?$AA?$FL?$AAp?$AAr?$AAe?$AAf?$AAi?$AAx@ 0000000140017038     dbg_.-remote.o
 0002:00003088       ??_C@_1BG@IOHEMCP@?$AAR?$AAe?$AAf?$AAu?$AAs?$AAe?$AA?5?$AAi?$AAd?$AA?6?$AA?$AA@ 0000000140017088     dbg_.-remote.o
 0002:0000309e       ??_C@_1EI@DCLENIAC@?$AAC?$AAo?$AAn?$AAf?$AAi?$AAr?$AAm?$AAe?$AAd?$AA?5?$AAb?$AAe?$AAc?$AAo?$AAu?$AAs?$AAe?$AA?5?$AAl?$AAo?$AAc?$AAa?$AAl?$AA_?$AAi?$AAd?$AA?5?$AAd?$AAi?$AAf?$AAf?$AAe@ 000000014001709e     dbg_.-remote.o
 0002:000030e6       ??_C@_1EI@GBBOHBKF@?$AAG?$AAe?$AAt?$AA?5?$AAb?$AAr?$AAo?$AAa?$AAd?$AAc?$AAa?$AAs?$AAt?$AA?5?$AAa?$AAn?$AAs?$AAw?$AAe?$AAr?$AA?5?$AA?$FL?$AAp?$AAr?$AAe?$AAf?$AAi?$AAx?$AA?$DN?$AA?$CF?$AAl?$AAl@ 00000001400170e6     dbg_.-remote.o
 0002:0000312e       ??_C@_1CK@JAOCGICP@?$AAB?$AAr?$AAo?$AAa?$AAd?$AAc?$AAa?$AAs?$AAt?$AA?5?$AAc?$AAo?$AAn?$AAf?$AAi?$AAr?$AAm?$AAe?$AAd?$AA?6?$AA?$AA@ 000000014001712e     dbg_.-remote.o
 0002:00003158       ??_C@_1FM@HIELKEO@?$AAA?$AAP?$AAI?$AA_?$AAR?$AAE?$AAQ?$AAU?$AAE?$AAS?$AAT?$AA_?$AAM?$AAE?$AAM?$AA_?$AAP?$AAA?$AAG?$AAE?$AA?5?$AAp?$AAa?$AAg?$AAe?$AA?$DN?$AA?$CF?$AAl?$AAl?$AAd?$AA?5?$AA?$FL@ 0000000140017158     dbg_.-remote.o
 0002:000031b4       ??_C@_1CG@KIALDCLE@?$AAR?$AAe?$AAf?$AAu?$AAs?$AAe?$AA?5?$AAa?$AAl?$AAl?$AAo?$AAc?$AAa?$AAt?$AAi?$AAo?$AAn?$AA?6?$AA?$AA@ 00000001400171b4     dbg_.-remote.o
 0002:000031da       ??_C@_1CM@IABHOCCE@?$AAg?$AAe?$AAt?$AA?5?$AAp?$AAu?$AAs?$AAh?$AA?5?$AAo?$AAb?$AAj?$AAe?$AAc?$AAt?$AA?5?$AA?$CF?$AAl?$AAl?$AAd?$AA?6?$AA?$AA@ 00000001400171da     dbg_.-remote.o
 0002:00003206       ??_C@_1BM@CKHNEJCK@?$AAl?$AAo?$AAc?$AAa?$AAl?$AA?9?$AAp?$AAu?$AAs?$AAh?$AAe?$AAd?$AA?6?$AA?$AA@ 0000000140017206     dbg_.-remote.o
 0002:00003222       ??_C@_1CG@LACBKCJC@?$AAr?$AAe?$AAm?$AAo?$AAt?$AAe?$AA?9?$AAr?$AAe?$AAd?$AAi?$AAr?$AAe?$AAc?$AAt?$AAe?$AAd?$AA?6?$AA?$AA@ 0000000140017222     dbg_.-remote.o
 0002:00003248       ??_C@_1GM@LPBCPABN@?$AAU?$AAP?$AAD?$AAA?$AAT?$AAE?$AA?5?$AAP?$AAA?$AAT?$AAH?$AA?5?$AA1?$AA?5?$AAT?$AAO?$AA?5?$AA?$CF?$AAl?$AAl?$AAd?$AA?5?$AA?$FL?$AAd?$AAi?$AAs?$AAt?$AAa?$AAn?$AAc?$AAe?$AA?$DN@ 0000000140017248     dbg_.-remote.o
 0002:000032b4       ??_C@_1GM@FBBGBBEM@?$AAU?$AAP?$AAD?$AAA?$AAT?$AAE?$AA?5?$AAP?$AAA?$AAT?$AAH?$AA?5?$AA2?$AA?5?$AAT?$AAO?$AA?5?$AA?$CF?$AAl?$AAl?$AAd?$AA?5?$AA?$FL?$AAd?$AAi?$AAs?$AAt?$AAa?$AAn?$AAc?$AAe?$AA?$DN@ 00000001400172b4     dbg_.-remote.o
 0002:00003320       ??_C@_1HC@GFDBDKMJ@?$AAU?$AAP?$AAD?$AAA?$AAT?$AAE?$AA?5?$AAI?$AAD?$AA?5?$AAP?$AAA?$AAT?$AAH?$AA?5?$AA1?$AA?5?$AAT?$AAO?$AA?5?$AA?$CF?$AAl?$AAl?$AAd?$AA?5?$AA?$FL?$AAd?$AAi?$AAs?$AAt?$AAa?$AAn@ 0000000140017320     dbg_.-remote.o
 0002:00003392       ??_C@_1HC@ILDFNLJI@?$AAU?$AAP?$AAD?$AAA?$AAT?$AAE?$AA?5?$AAI?$AAD?$AA?5?$AAP?$AAA?$AAT?$AAH?$AA?5?$AA2?$AA?5?$AAT?$AAO?$AA?5?$AA?$CF?$AAl?$AAl?$AAd?$AA?5?$AA?$FL?$AAd?$AAi?$AAs?$AAt?$AAa?$AAn@ 0000000140017392     dbg_.-remote.o
 0002:00003404       ??_C@_1HC@IPIJLOJO@?$AAG?$AAe?$AAt?$AA?5?$AAr?$AAe?$AAm?$AAo?$AAt?$AAe?$AA?5?$AAs?$AAt?$AAa?$AAr?$AAt?$AA?5?$AAw?$AAo?$AAr?$AAk?$AAe?$AAr?$AA?5?$AA?$CF?$AAl?$AAl?$AAd?$AA?5?$AAf?$AAr?$AAo@ 0000000140017404     dbg_.-remote.o
 0002:00003476       ??_C@_1FC@CBJJGKKM@?$AAG?$AAE?$AAT?$AA?5?$AAH?$AAI?$AAV?$AAE?$AA?5?$AAS?$AAT?$AAA?$AAT?$AAE?$AA?3?$AA?5?$AA?$CF?$AAl?$AAl?$AAd?$AA?5?$AA?$CF?$AAl?$AAl?$AAd?$AA?5?$AA?$CF?$AAl?$AAl?$AAd?$AA?5?$AA?$FL@ 0000000140017476     dbg_.-remote.o
 0002:000034c8       ??_C@_1CG@PIAFPEME@?$AAS?$AAe?$AAr?$AAv?$AAe?$AAr?$AA?5?$AAs?$AAt?$AAa?$AAr?$AAt?$AAe?$AAd?$AA?4?$AA?4?$AA?4?$AA?6?$AA?$AA@ 00000001400174c8     dbg_.-remote.o
 0002:000034ee       ??_C@_1BI@HLOPLBKF@?$AAb?$AAi?$AAn?$AAd?$AAi?$AAn?$AAg?$AA?4?$AA?4?$AA?4?$AA?6?$AA?$AA@ 00000001400174ee     dbg_.-remote.o
 0002:00003506       ??_C@_1CA@GONFBJEC@?$AAS?$AAo?$AAc?$AAk?$AAe?$AAt?$AA?5?$AAc?$AAr?$AAe?$AAa?$AAt?$AAe?$AAd?$AA?6?$AA?$AA@ 0000000140017506     dbg_.-remote.o
 0002:00003526       ??_C@_1DK@EHAPFJND@?$AAs?$AAe?$AAr?$AAv?$AAe?$AAr?$AA?5?$AAs?$AAt?$AAa?$AAr?$AAt?$AAe?$AAd?$AA?5?$AAo?$AAn?$AA?5?$AAp?$AAo?$AAr?$AAt?$AA?5?$AA?$CF?$AAl?$AAl?$AAd?$AA?6?$AA?$AA@ 0000000140017526     dbg_.-remote.o
 0002:00003560       ??_C@_1CM@OOKLEHNG@?$AAg?$AAe?$AAt?$AA?5?$AAn?$AAa?$AAm?$AAe?$AA?5?$AAf?$AAa?$AAi?$AAl?$AAe?$AAd?$AA?5?$AA?$CF?$AAl?$AAl?$AAd?$AA?6?$AA?$AA@ 0000000140017560     dbg_.-remote.o
 0002:0000358c       ??_C@_1CG@NGNGJBNB@?$AAE?$AAr?$AAr?$AAo?$AAr?$AA?5?$AAh?$AAa?$AAp?$AAp?$AAe?$AAn?$AA?5?$AA?$CF?$AAl?$AAl?$AAd?$AA?6?$AA?$AA@ 000000014001758c     dbg_.-remote.o
 0002:000035b2       ??_C@_1GM@IPHLEIPK@?$AAE?$AAr?$AAr?$AAo?$AAr?$AA?3?$AA?5?$AAf?$AAa?$AAi?$AAl?$AAe?$AAd?$AA?5?$AAt?$AAo?$AA?5?$AAa?$AAl?$AAl?$AAo?$AAc?$AAa?$AAt?$AAe?$AA?5?$AA?$CF?$AAl?$AAl?$AAd?$AA?5?$AAb@ 00000001400175b2     dbg_.-runtime_lib.o
 0002:0000361e       ??_C@_1HA@KLDBOMN@?$AAE?$AAr?$AAr?$AAo?$AAr?$AA?3?$AA?5?$AAf?$AAa?$AAi?$AAl?$AAe?$AAd?$AA?5?$AAt?$AAo?$AA?5?$AAr?$AAe?$AAa?$AAl?$AAl?$AAo?$AAc?$AAa?$AAt?$AAe?$AA?5?$AA?$CF?$AAl?$AAl?$AAd@ 000000014001761e     dbg_.-runtime_lib.o
 0002:0000368e       ??_C@_1EI@DJFGOBAG@?$AAE?$AAr?$AAr?$AAo?$AAr?$AA?3?$AA?5?$AAf?$AAa?$AAi?$AAl?$AAe?$AAd?$AA?5?$AAt?$AAo?$AA?5?$AAf?$AAr?$AAe?$AAe?$AA?5?$AAm?$AAe?$AAm?$AAo?$AAr?$AAy?$AA?3?$AA?5?$AA?$CF?$AAl@ 000000014001768e     dbg_.-runtime_lib.o
 0002:000036d6       ??_C@_1CM@EJGKJCED@?$AAA?$AAs?$AAs?$AAe?$AAr?$AAt?$AAi?$AAo?$AAn?$AA?5?$AAf?$AAa?$AAi?$AAl?$AAe?$AAd?$AA?3?$AA?5?$AA?$CF?$AAs?$AA?6?$AA?$AA@ 00000001400176d6     dbg_.-runtime_lib.o
 0002:00003702       ??_C@_1EI@GJCCEHA@?$AAF?$AAi?$AAl?$AAe?$AA?3?$AA?5?$AA?$CF?$AAs?$AA?0?$AA?5?$AAL?$AAi?$AAn?$AAe?$AA?3?$AA?5?$AA?$CF?$AAl?$AAl?$AAd?$AA?0?$AA?5?$AAF?$AAu?$AAn?$AAc?$AAt?$AAi?$AAo?$AAn?$AA?3?$AA?5@ 0000000140017702     dbg_.-runtime_lib.o
 0002:00003980       ??_C@_1GE@NIGCAFOK@?$AAE?$AAr?$AAr?$AAo?$AAr?$AA?3?$AA?5?$AAg?$AAp?$AAu?$AA?5?$AAw?$AAo?$AAr?$AAk?$AAe?$AAr?$AA?5?$AAd?$AAo?$AAe?$AAn?$AA?8?$AAt?$AA?5?$AAs?$AAu?$AAp?$AAp?$AAo?$AAr?$AAt@ 0000000140017980     dbg_.-runtime.o
 0002:000039e4       ??_C@_1DO@CBJEPNAO@?$AAP?$AAr?$AAo?$AAm?$AAi?$AAs?$AAe?$AA?$CI?$AAs?$AAe?$AAt?$AA?$DN?$AA?$CF?$AA0?$AA2?$AAx?$AA?0?$AA?5?$AAf?$AAi?$AAr?$AAs?$AAt?$AA4?$AAb?$AAy?$AAt?$AAe?$AAs?$AA?$DN?$AA?$AA@ 00000001400179e4     dbg_.-runtime.o
 0002:00003a22       ??_C@_15BCDOKMG@?$AA?$CJ?$AA?6?$AA?$AA@ 0000000140017a22     dbg_.-runtime.o
 0002:00003a28       ??_C@_1EO@JIHFKLGM@?$AAA?$AAr?$AAr?$AAa?$AAy?$AA?$CI?$AAl?$AAe?$AAn?$AAg?$AAt?$AAh?$AA?$DN?$AA?$CF?$AAl?$AAl?$AAd?$AA?0?$AA?5?$AAe?$AAl?$AAe?$AAm?$AAe?$AAn?$AAt?$AA_?$AAs?$AAi?$AAz?$AAe?$AA?$DN@ 0000000140017a28     dbg_.-runtime.o
 0002:00003a76       ??_C@_15IPOKAMGA@?$AA?$HL?$AA?5?$AA?$AA@ 0000000140017a76     dbg_.-runtime.o
 0002:00003a7c       ??_C@_13EHOOFIKC@?$AA?$HN?$AA?$AA@ 0000000140017a7c     dbg_.-runtime.o
 0002:00003a80       ??_C@_15JOGBDECP@?$AA?0?$AA?5?$AA?$AA@ 0000000140017a80     dbg_.-runtime.o
 0002:00003a86       ??_C@_1CG@OGLIMIIK@?$AAC?$AAl?$AAa?$AAs?$AAs?$AA?$CI?$AAf?$AAi?$AAr?$AAs?$AAt?$AA4?$AAb?$AAy?$AAt?$AAe?$AAs?$AA?$DN?$AA?$AA@ 0000000140017a86     dbg_.-runtime.o
 0002:00003aac       ??_C@_1DM@HBMDBMCD@?$AAO?$AAb?$AAj?$AAe?$AAc?$AAt?$AA?5?$AAo?$AAf?$AA?5?$AAu?$AAn?$AAk?$AAn?$AAo?$AAw?$AAn?$AA?5?$AAt?$AAy?$AAp?$AAe?$AA?3?$AA?5?$AA?$CF?$AA0?$AA2?$AAx?$AA?6?$AA?$AA@ 0000000140017aac     dbg_.-runtime.o
 0002:00003ae8       ??_C@_1FG@HBFKKPHD@?$AAW?$AAo?$AAr?$AAk?$AAe?$AAr?$AA?5?$AAa?$AAd?$AAd?$AA?5?$AAt?$AAo?$AA?5?$AAw?$AAa?$AAi?$AAt?$AA?5?$AAl?$AAi?$AAs?$AAt?$AA?5?$AA?$FL?$AAi?$AAd?$AA?$DN?$AA?$CF?$AAl?$AAl?$AAd@ 0000000140017ae8     dbg_.-runtime.o
 0002:00003b3e       ??_C@_1EI@FJBGIEMF@?$AAW?$AAo?$AAr?$AAk?$AAe?$AAr?$AA?5?$AAe?$AAn?$AAq?$AAu?$AAe?$AAu?$AAe?$AAd?$AA?5?$AA?$FL?$AAi?$AAd?$AA?$DN?$AA?$CF?$AAl?$AAl?$AAd?$AA?0?$AA?5?$AAd?$AAa?$AAt?$AAa?$AA?$DN?$AA?$CF@ 0000000140017b3e     dbg_.-runtime.o
 0002:00003b86       ??_C@_1FE@PPKJADDP@?$AAW?$AAa?$AAn?$AAt?$AA?5?$AAr?$AAu?$AAn?$AA?5?$AAr?$AAe?$AAm?$AAo?$AAt?$AAe?$AA?0?$AA?5?$AAb?$AAu?$AAt?$AA?3?$AA?5?$AA?$CF?$AAl?$AAl?$AAd?$AA?5?$AA?$CF?$AAl?$AAl?$AAd?$AA?5@ 0000000140017b86     dbg_.-runtime.o
 0002:00003bda       ??_C@_1IE@FHIKABLD@?$AAE?$AAr?$AAr?$AAo?$AAr?$AA?3?$AA?5?$AAc?$AAa?$AAn?$AA?8?$AAt?$AA?5?$AAr?$AAu?$AAn?$AA?5?$AAr?$AAe?$AAm?$AAo?$AAt?$AAe?$AA?5?$AAw?$AAo?$AAr?$AAk?$AAe?$AAr?$AA?5?$AA?$CF@ 0000000140017bda     dbg_.-runtime.o
 0002:00003c5e       ??_C@_1GC@JGFAAALF@?$AAS?$AAt?$AAa?$AAr?$AAt?$AAi?$AAn?$AAg?$AA?5?$AAn?$AAe?$AAw?$AA?5?$AAl?$AAo?$AAc?$AAa?$AAl?$AA?5?$AAw?$AAo?$AAr?$AAk?$AAe?$AAr?$AA?5?$AA?$CF?$AAl?$AAl?$AAd?$AA?5?$AA?$FL@ 0000000140017c5e     dbg_.-runtime.o
 0002:00003cc0       ??_C@_1HE@GOIHIEDE@?$AAE?$AAr?$AAr?$AAo?$AAr?$AA?3?$AA?5?$AAp?$AAr?$AAo?$AAv?$AAi?$AAd?$AAe?$AAr?$AA?5?$AA?$CF?$AAl?$AAl?$AAd?$AA?5?$AAd?$AAo?$AAe?$AAs?$AAn?$AA?8?$AAt?$AA?5?$AAs?$AAu?$AAp@ 0000000140017cc0     dbg_.-runtime.o
 0002:00003d34       ??_C@_1EG@KLACJNPC@?$AAE?$AAr?$AAr?$AAo?$AAr?$AA?3?$AA?5?$AAt?$AAh?$AAi?$AAs?$AA?5?$AAi?$AAs?$AAn?$AA?8?$AAt?$AA?5?$AAh?$AAi?$AAv?$AAe?$AA?5?$AAe?$AAx?$AAe?$AAc?$AAu?$AAt?$AAa?$AAb?$AAl@ 0000000140017d34     dbg_.-runtime.o
 0002:00003d7a       ??_C@_1GG@OIFEBPCL@?$AAE?$AAr?$AAr?$AAo?$AAr?$AA?3?$AA?5?$AAt?$AAh?$AAi?$AAs?$AA?5?$AAi?$AAs?$AA?5?$AAe?$AAx?$AAe?$AAc?$AAu?$AAt?$AAa?$AAb?$AAl?$AAe?$AA?5?$AAo?$AAf?$AA?5?$AAn?$AAo?$AAt@ 0000000140017d7a     dbg_.-runtime.o
 0002:00003de0       ??_C@_1DC@FFLNADD@?$AAE?$AAr?$AAr?$AAo?$AAr?$AA?3?$AA?5?$AAw?$AAi?$AAn?$AAa?$AAp?$AAi?$AA?5?$AAe?$AAr?$AAr?$AAo?$AAr?$AA?5?$AA?$CF?$AAl?$AAd?$AA?6?$AA?$AA@ 0000000140017de0     dbg_.-runtime.o
 0002:00003e12       ??_C@_1DE@BIGGJJBN@?$AAh?$AAe?$AAa?$AAd?$AAe?$AAr?$AA?5?$AA?$CF?$AAl?$AAl?$AAd?$AA?5?$AAo?$AAf?$AA?5?$AAs?$AAi?$AAz?$AAe?$AA?5?$AA?$CF?$AAl?$AAl?$AAd?$AA?6?$AA?$AA@ 0000000140017e12     dbg_.-runtime.o
 0002:00003e46       ??_C@_1BK@JJBOCJJN@?$AAs?$AAe?$AAt?$AA?5?$AAt?$AAo?$AA?5?$AA?$CF?$AAl?$AAl?$AAd?$AA?5?$AA?$AA@ 0000000140017e46     dbg_.-runtime.o
 0002:00003e60       ??_C@_1JE@CPFCJBNI@?$AAE?$AAR?$AAR?$AAO?$AAR?$AA?3?$AA?5?$AAR?$AAu?$AAn?$AAt?$AAi?$AAm?$AAe?$AA?5?$AAe?$AAn?$AAd?$AAp?$AAo?$AAi?$AAn?$AAt?$AA?5?$AA?$CF?$AAl?$AAl?$AAd?$AA?5?$AAd?$AAo?$AAe@ 0000000140017e60     dbg_.-runtime.o
 0002:00003ef4       ??_C@_1BA@LPJEKMJJ@?$AAp?$AAt?$AAr?$AA?$DN?$AA?$CF?$AAp?$AA?6?$AA?$AA@ 0000000140017ef4     dbg_.-runtime.o
 0002:00003f04       ??_C@_1IG@FGNNCHGH@?$AAw?$AAo?$AAr?$AAk?$AAe?$AAr?$AA?5?$AA?$CF?$AAl?$AAl?$AAd?$AA?5?$AAi?$AAs?$AA?5?$AAd?$AAl?$AAl?$AA?5?$AAc?$AAa?$AAl?$AAl?$AA?5?$AAo?$AAf?$AA?5?$AAl?$AAi?$AAb?$AAr?$AAa@ 0000000140017f04     dbg_.-runtime.o
 0002:00003f8a       ??_C@_1CG@BIKDCCPC@?$AAs?$AAt?$AAa?$AAc?$AAk?$AA?5?$AAu?$AAs?$AAa?$AAg?$AAe?$AA?3?$AA?5?$AA?$CF?$AAl?$AAl?$AAd?$AA?6?$AA?$AA@ 0000000140017f8a     dbg_.-runtime.o
 0002:00003fb0       ??_C@_1GK@IGPNAPLE@?$AAo?$AAu?$AAt?$AAp?$AAu?$AAt?$AA?5?$AAh?$AAa?$AAv?$AAe?$AA?5?$AAs?$AAi?$AAz?$AAe?$AA?5?$AA?$CF?$AAl?$AAl?$AAd?$AA?5?$AA?$FL?$AAa?$AAn?$AAd?$AA?5?$AAa?$AAr?$AAg?$AAs?$AA?5@ 0000000140017fb0     dbg_.-runtime.o
 0002:0000401a       ??_C@_1FE@ENHKIDEL@?$AAa?$AAr?$AAg?$AAu?$AAm?$AAe?$AAn?$AAt?$AA?5?$AA?$CF?$AAl?$AAl?$AAd?$AA?5?$AAh?$AAa?$AAv?$AAe?$AA?5?$AAs?$AAi?$AAz?$AAe?$AA?5?$AA?$CF?$AAl?$AAl?$AAd?$AA?5?$AA?$FL?$AAt?$AAy@ 000000014001801a     dbg_.-runtime.o
 0002:0000406e       ??_C@_1KM@JOOLBIFF@?$AAW?$AAo?$AAr?$AAk?$AAe?$AAr?$AA?5?$AA?$CF?$AAl?$AAl?$AAd?$AA?5?$AA?$FL?$AAx?$AA6?$AA4?$AA?$FN?$AA?5?$AAh?$AAa?$AAv?$AAe?$AA?5?$AAb?$AAe?$AAe?$AAn?$AA?5?$AAl?$AAo?$AAa?$AAd@ 000000014001806e     dbg_.-runtime.o
 0002:0000411a       ??_C@_1HI@GNCDLKLI@?$AAE?$AAr?$AAr?$AAo?$AAr?$AA?3?$AA?5?$AAr?$AAu?$AAn?$AAt?$AAi?$AAm?$AAe?$AA?5?$AAd?$AAo?$AAe?$AAs?$AAn?$AA?8?$AAt?$AA?5?$AAs?$AAu?$AAp?$AAp?$AAo?$AAr?$AAt?$AA?5?$AAs@ 000000014001811a     dbg_.-runtime.o
 0002:00004192       ??_C@_1CI@PHCDEMOE@?$AAb?$AAu?$AAi?$AAl?$AAd?$AAi?$AAn?$AAg?$AA?5?$AAk?$AAe?$AAr?$AAn?$AAe?$AAl?$AA?4?$AA?4?$AA?4?$AA?6?$AA?$AA@ 0000000140018192     dbg_.-runtime.o
 0002:000041ba       ??_C@_04JNAIOECI@krnl?$AA@ 00000001400181ba     dbg_.-runtime.o
 0002:000041c0       ??_C@_1DI@MMAOAOLJ@?$AAE?$AAr?$AAr?$AAo?$AAr?$AA?3?$AA?5?$AAk?$AAe?$AAr?$AAn?$AAe?$AAl?$AA?5?$AAb?$AAu?$AAi?$AAl?$AAd?$AA?5?$AAf?$AAa?$AAi?$AAl?$AAe?$AAd?$AA?6?$AA?$AA@ 00000001400181c0     dbg_.-runtime.o
 0002:000041f8       ??_C@_1LG@BJCBGCLK@?$AAW?$AAo?$AAr?$AAk?$AAe?$AAr?$AA?5?$AA?$CF?$AAl?$AAl?$AAd?$AA?5?$AA?$FL?$AAG?$AAP?$AAU?$AA?$FN?$AA?5?$AAh?$AAa?$AAv?$AAe?$AA?5?$AAb?$AAe?$AAe?$AAn?$AA?5?$AAl?$AAo?$AAa?$AAd@ 00000001400181f8     dbg_.-runtime.o
 0002:000042ae       ??_C@_1EC@HLLMLNEL@?$AAE?$AAr?$AAr?$AAo?$AAr?$AA?3?$AA?5?$AAu?$AAn?$AAk?$AAn?$AAo?$AAw?$AAn?$AA?5?$AAh?$AAe?$AAa?$AAd?$AAe?$AAr?$AA?5?$AAt?$AAy?$AAp?$AAe?$AA?5?$AA?$CF?$AAl?$AAl?$AAd?$AA?6@ 00000001400182ae     dbg_.-runtime.o
 0002:000042f0       ??_C@_1EK@KKIKLCHH@?$AAG?$AAp?$AAu?$AA?5?$AAs?$AAu?$AAs?$AAs?$AAy?$AAs?$AAt?$AAe?$AAm?$AA?5?$AAi?$AAn?$AAi?$AAt?$AAi?$AAa?$AAl?$AAi?$AAz?$AAa?$AAt?$AAi?$AAo?$AAn?$AA?5?$AAf?$AAa?$AAi@ 00000001400182f0     dbg_.-runtime.o
 0002:0000433a       ??_C@_1CC@DEIAIPBB@?$AA?4?$AA?4?$AA?1?$AA?4?$AA?4?$AA?1?$AA?4?$AA?4?$AA?1?$AAr?$AAe?$AAs?$AA?4?$AAb?$AAi?$AAn?$AA?$AA@ 000000014001833a     dbg_.-runtime.o
 0002:0000435c       ??_C@_1FC@OGJDIOEJ@?$AAE?$AAr?$AAr?$AAo?$AAr?$AA?3?$AA?5?$AAc?$AAa?$AAn?$AA?8?$AAt?$AA?5?$AAo?$AAp?$AAe?$AAn?$AA?5?$AA?4?$AA?4?$AA?1?$AA?4?$AA?4?$AA?1?$AA?4?$AA?4?$AA?1?$AAr?$AAe?$AAs?$AA?4?$AAb@ 000000014001835c     dbg_.-runtime.o
 0002:000043ae       ??_C@_1DA@COAPAANM@?$AAE?$AAr?$AAr?$AAo?$AAr?$AA?3?$AA?5?$AAa?$AAt?$AA?5?$AAl?$AAo?$AAa?$AAd?$AAi?$AAn?$AAg?$AA?5?$AAf?$AAi?$AAl?$AAe?$AA?6?$AA?$AA@ 00000001400183ae     dbg_.-runtime.o
 0002:000043de       ??_C@_1EG@BBCENLFA@?$AAT?$AAh?$AAi?$AAs?$AA?5?$AAh?$AAi?$AAv?$AAe?$AA?5?$AAw?$AAi?$AAl?$AAl?$AA?5?$AAn?$AAo?$AAt?$AA?5?$AAr?$AAe?$AAa?$AAd?$AA?5?$AAa?$AAn?$AAy?$AA?5?$AAs?$AAt?$AAd?$AAi@ 00000001400183de     dbg_.-runtime.o
 0002:00004424       ??_C@_1EG@OCFMCBJL@?$AAT?$AAh?$AAi?$AAs?$AA?5?$AAh?$AAi?$AAv?$AAe?$AA?5?$AAw?$AAi?$AAl?$AAl?$AA?5?$AAn?$AAo?$AAt?$AA?5?$AAs?$AAt?$AAo?$AAp?$AA?5?$AAe?$AAx?$AAe?$AAc?$AAu?$AAt?$AAi?$AAo@ 0000000140018424     dbg_.-runtime.o
 0002:0000446a       ??_C@_1DG@MIGAGMEC@?$AAI?$AAn?$AAp?$AAu?$AAt?$AA?5?$AAw?$AAi?$AAl?$AAl?$AA?5?$AAb?$AAe?$AA?5?$AAl?$AAo?$AAc?$AAa?$AAl?$AA?5?$AAa?$AAr?$AAr?$AAa?$AAy?$AA?6?$AA?$AA@ 000000014001846a     dbg_.-runtime.o
 0002:000044a0       ??_C@_1DA@LKDLAMFA@?$AAS?$AAe?$AAt?$AA?5?$AAn?$AAu?$AAm?$AA?5?$AAt?$AAh?$AAr?$AAe?$AAa?$AAd?$AAs?$AA?5?$AA?$DN?$AA?5?$AA?$CF?$AAl?$AAl?$AAd?$AA?6?$AA?$AA@ 00000001400184a0     dbg_.-runtime.o
 0002:000044d0       ??_C@_1II@FCFHMELI@?$AAE?$AAr?$AAr?$AAo?$AAr?$AA?3?$AA?5?$AAt?$AAh?$AAi?$AAs?$AA?5?$AAb?$AAu?$AAi?$AAl?$AAd?$AA?5?$AAd?$AAo?$AAe?$AAs?$AAn?$AA?8?$AAt?$AA?5?$AAa?$AAl?$AAl?$AAo?$AAw?$AA?5@ 00000001400184d0     dbg_.-runtime.o
 0002:00004558       ??_C@_1DE@PNGABHJK@?$AAS?$AAe?$AAt?$AA?5?$AAh?$AAi?$AAv?$AAe?$AA?5?$AAa?$AAs?$AA?5?$AAp?$AAr?$AAo?$AAt?$AAe?$AAc?$AAt?$AAo?$AAr?$AAa?$AAt?$AAe?$AA?6?$AA?$AA@ 0000000140018558     dbg_.-runtime.o
 0002:0000458c       ??_C@_1DG@MLIAHCGJ@?$AAS?$AAe?$AAt?$AA?5?$AAc?$AAh?$AAu?$AAn?$AAk?$AA?5?$AAt?$AAi?$AAm?$AAe?$AA?5?$AAt?$AAo?$AA?5?$AA?$CF?$AAl?$AAl?$AAd?$AA?5?$AAu?$AAs?$AA?6?$AA?$AA@ 000000014001858c     dbg_.-runtime.o
 0002:000045c2       ??_C@_1EC@FNPNOOPH@?$AAU?$AAn?$AAk?$AAn?$AAo?$AAw?$AAn?$AA?5?$AAc?$AAm?$AAd?$AAl?$AAi?$AAn?$AAe?$AA?5?$AAp?$AAa?$AAr?$AAa?$AAm?$AAe?$AAt?$AAe?$AAr?$AA?3?$AA?5?$AA?$CF?$AAl?$AAl?$AAd?$AA?6@ 00000001400185c2     dbg_.-runtime.o
 0002:00004604       ??_C@_1CE@CFOOJILH@?$AAN?$AAU?$AAM?$AA_?$AAT?$AAH?$AAR?$AAE?$AAA?$AAD?$AAS?$AA?$DN?$AA?$CF?$AAl?$AAl?$AAd?$AA?6?$AA?$AA@ 0000000140018604     dbg_.-runtime.o
 0002:00004628       ??_C@_1CG@PNBFEFIC@?$AAR?$AAE?$AAA?$AAD?$AAI?$AAN?$AAG?$AA?5?$AAI?$AAN?$AAP?$AAU?$AAT?$AA?5?$AAA?$AAS?$AA?3?$AA?5?$AA?$AA@ 0000000140018628     dbg_.-runtime.o
 0002:0000464e       ??_C@_1M@HLHACGAA@?$AA?$CF?$AAl?$AAl?$AAd?$AA?5?$AA?$AA@ 000000014001864e     dbg_.-runtime.o
 0002:0000465a       ??_C@_1CM@PELCBDJ@?$AAE?$AAn?$AAt?$AAr?$AAy?$AA?5?$AAw?$AAo?$AAr?$AAk?$AAe?$AAr?$AA?5?$AAi?$AAd?$AA?$DN?$AA?$CF?$AAl?$AAl?$AAd?$AA?6?$AA?$AA@ 000000014001865a     dbg_.-runtime.o
 0002:00004686       ??_C@_1DA@FBHJAJPI@?$AAr?$AAe?$AAs?$AAu?$AAl?$AAt?$AA?5?$AAp?$AAr?$AAo?$AAm?$AAi?$AAs?$AAe?$AA?5?$AA?$CF?$AAp?$AA?5?$AA?$CF?$AAl?$AAl?$AAd?$AA?6?$AA?$AA@ 0000000140018686     dbg_.-runtime.o
 0002:000046b6       ??_C@_1BI@KEMCAKCM@?$AAR?$AAu?$AAn?$AAn?$AAi?$AAn?$AAg?$AA?4?$AA?4?$AA?4?$AA?6?$AA?$AA@ 00000001400186b6     dbg_.-runtime.o
 0002:000046ce       ??_C@_1KG@MGKLLKBJ@?$AA?9?$AA?9?$AA?9?$AA?9?$AA?9?$AA?9?$AA?9?$AA?9?$AA?9?$AA?9?$AA?9?$AA?9?$AA?9?$AA?9?$AA?9?$AA?9?$AA?9?$AA?9?$AA?9?$AA?9?$AA?9?$AA?9?$AA?9?$AA?9?$AA?9?$AA?9?$AA?9?$AA?9?$AA?9?$AA?9?$AA?9?$AA?9@ 00000001400186ce     dbg_.-runtime.o
 0002:00004774       ??_C@_1KC@PDECPKAN@?$AA?9?$AA?9?$AA?9?$AA?9?$AA?9?$AA?9?$AA?9?$AA?9?$AA?9?$AA?9?$AA?9?$AA?9?$AA?9?$AA?9?$AA?9?$AA?9?$AA?9?$AA?9?$AA?9?$AA?9?$AA?9?$AA?9?$AA?9?$AA?9?$AA?9?$AA?9?$AA?9?$AA?9?$AA?9?$AA?9?$AA?9?$AA?9@ 0000000140018774     dbg_.-runtime.o
[...]
 0002:00004a26       ??_C@_13PPFCDPMH@?$AA?$HM?$AA?$AA@ 0000000140018a26     dbg_.-sheduler.o
 0002:00004a2a       ??_C@_1DE@BFFMGPEH@?$AA?5?$AA?5?$AA?5?$AA?5?$AA?5?$AA?5?$AA?5?$AAt?$AAh?$AAr?$AAe?$AAa?$AAd?$AA?5?$AA?$CF?$AA0?$AA2?$AAx?$AA?5?$AA?5?$AA?5?$AA?5?$AA?5?$AA?5?$AA?$HM?$AA?$AA@ 0000000140018a2a     dbg_.-sheduler.o
 0002:00004a5e       ??_C@_1FG@CMFEMGFG@?$AA?5?$AA?5?$AAW?$AAa?$AAi?$AAt?$AA?5?$AA?$HM?$AA?5?$AAQ?$AAu?$AAe?$AAu?$AAe?$AA?5?$AA?$HM?$AA?5?$AAR?$AAP?$AAm?$AAi?$AAs?$AAs?$AA?5?$AA?$HM?$AA?5?$AAR?$AAO?$AAr?$AAe?$AAq?$AA?5@ 0000000140018a5e     dbg_.-sheduler.o
 0002:00004ab4       ??_C@_1DA@DAJCMENO@?$AA?5?$AA?5?$AAe?$AAx?$AAe?$AAc?$AA?5?$AA?1?$AA?5?$AAd?$AAo?$AAn?$AAe?$AA?5?$AA?1?$AA?5?$AAs?$AAt?$AAa?$AAl?$AAl?$AA?5?$AA?$HM?$AA?$AA@ 0000000140018ab4     dbg_.-sheduler.o
 0002:00004ae4       ??_C@_1FG@IKPNLAIG@?$AA?5?$AA?5?$AA?5?$AA?5?$AA?5?$AA?5?$AA?5?$AA?$HM?$AA?5?$AA?5?$AA?5?$AA?5?$AA?5?$AA?5?$AA?5?$AA?$HM?$AA?5?$AA?5?$AA?5?$AA?5?$AA?5?$AA?5?$AA?5?$AA?5?$AA?$HM?$AA?5?$AA?5?$AA?5?$AA?5?$AA?5?$AA?5?$AA?5@ 0000000140018ae4     dbg_.-sheduler.o
 0002:00004b3a       ??_C@_1CK@GLKKGPFH@?$AA?5?$AA?$CF?$AA7?$AAl?$AAl?$AAd?$AA?5?$AA?$CF?$AA6?$AAl?$AAl?$AAd?$AA?5?$AA?$CF?$AA5?$AAl?$AAl?$AAd?$AA?5?$AA?$HM?$AA?$AA@ 0000000140018b3a     dbg_.-sheduler.o
 0002:00004b64       ??_C@_1FE@OBAMBHOF@?$AA?5?$AA?$CF?$AA5?$AAl?$AAl?$AAd?$AA?5?$AA?$HM?$AA?5?$AA?$CF?$AA5?$AAl?$AAl?$AAd?$AA?5?$AA?$HM?$AA?5?$AA?$CF?$AA6?$AAl?$AAl?$AAd?$AA?5?$AA?$HM?$AA?5?$AA?$CF?$AA5?$AAl?$AAl?$AAd?$AA?5?$AA?$HM@ 0000000140018b64     dbg_.-sheduler.o
 0002:00004bb8       ??_C@_1DE@LBGGHMJG@?$AAP?$AAr?$AAo?$AAg?$AAr?$AAa?$AAm?$AA?5?$AAc?$AAa?$AAl?$AAc?$AAu?$AAl?$AAa?$AAt?$AAi?$AAo?$AAn?$AA?5?$AAe?$AAn?$AAd?$AA?4?$AA?6?$AA?$AA@ 0000000140018bb8     dbg_.-sheduler.o
 0002:00004bec       ??_C@_1DO@BPJIIFHN@?$AAr?$AAu?$AAn?$AAn?$AAe?$AAd?$AA?5?$AAt?$AAi?$AAm?$AAe?$AA?3?$AA?5?$AA?$CF?$AAl?$AAl?$AAd?$AA?5?$AA?$FL?$AAf?$AAr?$AAo?$AAm?$AA?5?$AA?$CF?$AAl?$AAl?$AAd?$AA?$FN?$AA?6?$AA?$AA@ 0000000140018bec     dbg_.-sheduler.o
 0002:00004c2a       ??_C@_1DM@HCILGOPA@?$AAF?$AAa?$AAi?$AAl?$AAe?$AAd?$AA?5?$AAt?$AAo?$AA?5?$AAc?$AAr?$AAe?$AAa?$AAt?$AAe?$AA?5?$AAt?$AAh?$AAr?$AAe?$AAa?$AAd?$AA?5?$AA?$CF?$AAl?$AAl?$AAd?$AA?6?$AA?$AA@ 0000000140018c2a     dbg_.-sheduler.o
 0002:00004c68       RtlNtPathSeperatorString   0000000140018c68     ws2_32:indef.obj
 0002:00004c78       ??_C@_13FPGAJAPJ@?$AA?2@   0000000140018c78     ws2_32:indef.obj
 0002:00004c80       RtlDosPathSeperatorsString 0000000140018c80     ws2_32:indef.obj
 0002:00004c90       ??_C@_15MNCACJLI@?$AA?2?$AA?1@ 0000000140018c90     ws2_32:indef.obj
 0002:00004c98       RtlAlternateDosPathSeperatorString 0000000140018c98     ws2_32:indef.obj
 0002:00004ca8       ??_C@_13CGOKJPIL@?$AA?1@   0000000140018ca8     ws2_32:indef.obj
 0002:00004cac       eui48_broadcast            0000000140018cac     ws2_32:indef.obj
 0002:00004d28       scopeid_unspecified        0000000140018d28     ws2_32:indef.obj
 0002:00004d2c       in4addr_any                0000000140018d2c     ws2_32:indef.obj
 0002:00004d30       in4addr_loopback           0000000140018d30     ws2_32:indef.obj
 0002:00004d34       in4addr_broadcast          0000000140018d34     ws2_32:indef.obj
 0002:00004d38       in4addr_allnodesonlink     0000000140018d38     ws2_32:indef.obj
 0002:00004d3c       in4addr_allroutersonlink   0000000140018d3c     ws2_32:indef.obj
 0002:00004d40       in4addr_alligmpv3routersonlink 0000000140018d40     ws2_32:indef.obj
 0002:00004d44       in4addr_allteredohostsonlink 0000000140018d44     ws2_32:indef.obj
 0002:00004d48       in4addr_linklocalprefix    0000000140018d48     ws2_32:indef.obj
 0002:00004d4c       in4addr_multicastprefix    0000000140018d4c     ws2_32:indef.obj
 0002:00004d50       in6addr_any                0000000140018d50     ws2_32:indef.obj
 0002:00004d60       in6addr_loopback           0000000140018d60     ws2_32:indef.obj
 0002:00004d70       in6addr_allnodesonnode     0000000140018d70     ws2_32:indef.obj
 0002:00004d80       in6addr_allnodesonlink     0000000140018d80     ws2_32:indef.obj
 0002:00004d90       in6addr_allroutersonlink   0000000140018d90     ws2_32:indef.obj
 0002:00004da0       in6addr_allmldv2routersonlink 0000000140018da0     ws2_32:indef.obj
 0002:00004db0       in6addr_teredoinitiallinklocaladdress 0000000140018db0     ws2_32:indef.obj
 0002:00004dc0       in6addr_linklocalprefix    0000000140018dc0     ws2_32:indef.obj
 0002:00004dd0       in6addr_multicastprefix    0000000140018dd0     ws2_32:indef.obj
 0002:00004de0       in6addr_solicitednodemulticastprefix 0000000140018de0     ws2_32:indef.obj
 0002:00004df0       in6addr_v4mappedprefix     0000000140018df0     ws2_32:indef.obj
 0002:00004e00       in6addr_6to4prefix         0000000140018e00     ws2_32:indef.obj
 0002:00004e10       in6addr_teredoprefix       0000000140018e10     ws2_32:indef.obj
 0002:00004e20       in6addr_teredoprefix_old   0000000140018e20     ws2_32:indef.obj
 0002:00004e40       BUGCHECK_EFI_GUID          0000000140018e40     ws2_32:indef.obj
 0002:000051f8       __imp_GdiSetBatchLimit     00000001400191f8     gdi32:GDI32.dll
 0002:00005208       __imp_CommandLineToArgvW   0000000140019208     shell32:SHELL32.dll
 0002:00005218       __imp_AcquireSRWLockExclusive 0000000140019218     kernel32:KERNEL32.dll
 0002:00005220       __imp_AcquireSRWLockShared 0000000140019220     kernel32:KERNEL32.dll
 0002:00005228       __imp_CloseHandle          0000000140019228     kernel32:KERNEL32.dll
 0002:00005230       __imp_CreateEventW         0000000140019230     kernel32:KERNEL32.dll
 0002:00005238       __imp_CreateFileW          0000000140019238     kernel32:KERNEL32.dll
 0002:00005240       __imp_CreateIoCompletionPort 0000000140019240     kernel32:KERNEL32.dll
 0002:00005248       __imp_CreateThread         0000000140019248     kernel32:KERNEL32.dll
 0002:00005250       __imp_ExitProcess          0000000140019250     kernel32:KERNEL32.dll
 0002:00005258       __imp_FormatMessageW       0000000140019258     kernel32:KERNEL32.dll
 0002:00005260       __imp_GetCommandLineW      0000000140019260     kernel32:KERNEL32.dll
 0002:00005268       __imp_GetConsoleMode       0000000140019268     kernel32:KERNEL32.dll
 0002:00005270       __imp_GetFileSizeEx        0000000140019270     kernel32:KERNEL32.dll
 0002:00005278       __imp_GetLastError         0000000140019278     kernel32:KERNEL32.dll
 0002:00005280       __imp_GetProcAddress       0000000140019280     kernel32:KERNEL32.dll
 0002:00005288       __imp_GetProcessHeap       0000000140019288     kernel32:KERNEL32.dll
 0002:00005290       __imp_GetQueuedCompletionStatus 0000000140019290     kernel32:KERNEL32.dll
 0002:00005298       __imp_GetStdHandle         0000000140019298     kernel32:KERNEL32.dll
 0002:000052a0       __imp_GetThreadContext     00000001400192a0     kernel32:KERNEL32.dll
 0002:000052a8       __imp_GetTickCount64       00000001400192a8     kernel32:KERNEL32.dll
 0002:000052b0       __imp_HeapAlloc            00000001400192b0     kernel32:KERNEL32.dll
 0002:000052b8       __imp_HeapFree             00000001400192b8     kernel32:KERNEL32.dll
 0002:000052c0       __imp_HeapReAlloc          00000001400192c0     kernel32:KERNEL32.dll
 0002:000052c8       __imp_LoadLibraryA         00000001400192c8     kernel32:KERNEL32.dll
 0002:000052d0       __imp_MultiByteToWideChar  00000001400192d0     kernel32:KERNEL32.dll
 0002:000052d8       __imp_QueryPerformanceCounter 00000001400192d8     kernel32:KERNEL32.dll
 0002:000052e0       __imp_QueryPerformanceFrequency 00000001400192e0     kernel32:KERNEL32.dll
 0002:000052e8       __imp_ReadConsoleW         00000001400192e8     kernel32:KERNEL32.dll
 0002:000052f0       __imp_ReadFile             00000001400192f0     kernel32:KERNEL32.dll
 0002:000052f8       __imp_ReleaseSRWLockExclusive 00000001400192f8     kernel32:KERNEL32.dll
 0002:00005300       __imp_ReleaseSRWLockShared 0000000140019300     kernel32:KERNEL32.dll
 0002:00005308       __imp_ResumeThread         0000000140019308     kernel32:KERNEL32.dll
 0002:00005310       __imp_SetEvent             0000000140019310     kernel32:KERNEL32.dll
 0002:00005318       __imp_SetThreadContext     0000000140019318     kernel32:KERNEL32.dll
 0002:00005320       __imp_Sleep                0000000140019320     kernel32:KERNEL32.dll
 0002:00005328       __imp_SuspendThread        0000000140019328     kernel32:KERNEL32.dll
 0002:00005330       __imp_TlsAlloc             0000000140019330     kernel32:KERNEL32.dll
 0002:00005338       __imp_TlsFree              0000000140019338     kernel32:KERNEL32.dll
 0002:00005340       __imp_TlsGetValue          0000000140019340     kernel32:KERNEL32.dll
 0002:00005348       __imp_TlsSetValue          0000000140019348     kernel32:KERNEL32.dll
 0002:00005350       __imp_TryAcquireSRWLockExclusive 0000000140019350     kernel32:KERNEL32.dll
 0002:00005358       __imp_VirtualAlloc         0000000140019358     kernel32:KERNEL32.dll
 0002:00005360       __imp_WaitForMultipleObjects 0000000140019360     kernel32:KERNEL32.dll
 0002:00005368       __imp_WaitForSingleObject  0000000140019368     kernel32:KERNEL32.dll
 0002:00005370       __imp_WriteConsoleW        0000000140019370     kernel32:KERNEL32.dll
 0002:00005380       __imp_BCryptGenRandom      0000000140019380     bcrypt:bcrypt.dll
 0002:00005390       __imp_WSAGetLastError      0000000140019390     ws2_32:WS2_32.dll
 0002:00005398       __imp_WSARecv              0000000140019398     ws2_32:WS2_32.dll
 0002:000053a0       __imp_WSAStartup           00000001400193a0     ws2_32:WS2_32.dll
 0002:000053a8       __imp_accept               00000001400193a8     ws2_32:WS2_32.dll
 0002:000053b0       __imp_bind                 00000001400193b0     ws2_32:WS2_32.dll
 0002:000053b8       __imp_closesocket          00000001400193b8     ws2_32:WS2_32.dll
 0002:000053c0       __imp_connect              00000001400193c0     ws2_32:WS2_32.dll
 0002:000053c8       __imp_freeaddrinfo         00000001400193c8     ws2_32:WS2_32.dll
 0002:000053d0       __imp_getaddrinfo          00000001400193d0     ws2_32:WS2_32.dll
 0002:000053d8       __imp_getpeername          00000001400193d8     ws2_32:WS2_32.dll
 0002:000053e0       __imp_getsockname          00000001400193e0     ws2_32:WS2_32.dll
 0002:000053e8       __imp_htons                00000001400193e8     ws2_32:WS2_32.dll
 0002:000053f0       __imp_inet_ntop            00000001400193f0     ws2_32:WS2_32.dll
 0002:000053f8       __imp_listen               00000001400193f8     ws2_32:WS2_32.dll
 0002:00005400       __imp_ntohs                0000000140019400     ws2_32:WS2_32.dll
 0002:00005408       __imp_send                 0000000140019408     ws2_32:WS2_32.dll
 0002:00005410       __imp_setsockopt           0000000140019410     ws2_32:WS2_32.dll
 0002:00005418       __imp_socket               0000000140019418     ws2_32:WS2_32.dll
 0002:00005428       __imp_clBuildProgram       0000000140019428     OpenCL:OpenCL.dll
 0002:00005430       __imp_clCreateBuffer       0000000140019430     OpenCL:OpenCL.dll
 0002:00005438       __imp_clCreateCommandQueueWithProperties 0000000140019438     OpenCL:OpenCL.dll
 0002:00005440       __imp_clCreateContext      0000000140019440     OpenCL:OpenCL.dll
 0002:00005448       __imp_clCreateKernel       0000000140019448     OpenCL:OpenCL.dll
 0002:00005450       __imp_clCreateProgramWithSource 0000000140019450     OpenCL:OpenCL.dll
 0002:00005458       __imp_clEnqueueNDRangeKernel 0000000140019458     OpenCL:OpenCL.dll
 0002:00005460       __imp_clEnqueueReadBuffer  0000000140019460     OpenCL:OpenCL.dll
 0002:00005468       __imp_clEnqueueWriteBuffer 0000000140019468     OpenCL:OpenCL.dll
 0002:00005470       __imp_clFinish             0000000140019470     OpenCL:OpenCL.dll
 0002:00005478       __imp_clGetDeviceIDs       0000000140019478     OpenCL:OpenCL.dll
 0002:00005480       __imp_clGetDeviceInfo      0000000140019480     OpenCL:OpenCL.dll
 0002:00005488       __imp_clGetKernelArgInfo   0000000140019488     OpenCL:OpenCL.dll
 0002:00005490       __imp_clGetPlatformIDs     0000000140019490     OpenCL:OpenCL.dll
 0002:00005498       __imp_clGetPlatformInfo    0000000140019498     OpenCL:OpenCL.dll
 0002:000054a0       __imp_clGetProgramBuildInfo 00000001400194a0     OpenCL:OpenCL.dll
 0002:000054a8       __imp_clSetKernelArg       00000001400194a8     OpenCL:OpenCL.dll
 0003:00000000       server_port                000000014001a000     dbg_.-remote.o
 0003:00000008       thisServerId               000000014001a008     dbg_.-remote.o
 0003:00000010       NUM_THREADS                000000014001a010     dbg_.-runtime.o
 0003:00000018       CHUNK_TIME_US              000000014001a018     dbg_.-runtime.o
 0003:00000020       Providers                  000000014001a020     dbg_.-runtime.o
 0003:000000c0       AddressFamilyInformation   000000014001a0c0     ws2_32:indef.obj
 0003:000000f0       connections_lock           000000014001a0f0     dbg_.-api.o
 0003:000000f8       connections_len            000000014001a0f8     dbg_.-api.o
 0003:00000100       pages_lock                 000000014001a100     dbg_.-api.o
 0003:00000108       pages_len                  000000014001a108     dbg_.-api.o
 0003:00000110       known_id_broadcasts        000000014001a110     dbg_.-api.o
 0003:00000130       known_page_broadcasts      000000014001a130     dbg_.-api.o
 0003:00000150       known_path_broadcasts      000000014001a150     dbg_.-api.o
 0003:00000170       known_path_id_broadcasts   000000014001a170     dbg_.-api.o
 0003:00000190       known_objects              000000014001a190     dbg_.-api.o
 0003:000001b0       query_requests             000000014001a1b0     dbg_.-api.o
 0003:000001d0       push_requests              000000014001a1d0     dbg_.-api.o
 0003:000001f0       known_hives                000000014001a1f0     dbg_.-api.o
 0003:00000210       local_objects              000000014001a210     dbg_.-api.o
 0003:00000220       connections                000000014001a220     dbg_.-api.o
 0003:00002220       pages                      000000014001c220     dbg_.-api.o
 0003:00002e20       SL_best_platform           000000014001ce20     dbg_.-gpu_subsystem.o
 0003:00002e24       SL_best_platform_value     000000014001ce24     dbg_.-gpu_subsystem.o
 0003:00002e28       SL_platforms_len           000000014001ce28     dbg_.-gpu_subsystem.o
 0003:00002e30       SL_platforms               000000014001ce30     dbg_.-gpu_subsystem.o
 0003:00002eb0       SL_devices                 000000014001ceb0     dbg_.-gpu_subsystem.o
 0003:000032b0       SL_devices_len             000000014001d2b0     dbg_.-gpu_subsystem.o
 0003:000032f0       SL_main_platform           000000014001d2f0     dbg_.-gpu_subsystem.o
 0003:000032f8       SL_context                 000000014001d2f8     dbg_.-gpu_subsystem.o
 0003:00003300       SL_queues                  000000014001d300     dbg_.-gpu_subsystem.o
 0003:00003700       SL_queues_len              000000014001d700     dbg_.-gpu_subsystem.o
 0003:00003740       glb_scheduler              000000014001d740     dbg_.-queue.o
 0003:00003760       ServerIdGetLock            000000014001d760     dbg_.-remote.o
 0003:00003768       next_local_id              000000014001d768     dbg_.-remote.o
 0003:00003770       glbStatRemotePathMisses    000000014001d770     dbg_.-remote.o
 0003:00003778       glbStatRemoteOutputRequests 000000014001d778     dbg_.-remote.o
 0003:00003780       glbStatRemoteInputRequests 000000014001d780     dbg_.-remote.o
 0003:00003788       hIOCP                      000000014001d788     dbg_.-remote.o
 0003:00003fa0       hHeap                      000000014001dfa0     dbg_.-runtime_lib.o
 0003:00003fa8       hInput                     000000014001dfa8     dbg_.-runtime_lib.o
 0003:00003fb0       buf                        000000014001dfb0     dbg_.-runtime_lib.o
 0003:00013fb0       hOutput                    000000014002dfb0     dbg_.-runtime_lib.o
 0003:00013fb8       frequency                  000000014002dfb8     dbg_.-runtime_lib.o
 0003:00013fc0       Workers                    000000014002dfc0     dbg_.-runtime.o
 0003:00014c40       wait_list_lock             000000014002ec40     dbg_.-runtime.o
 0003:00014c48       wait_list_len              000000014002ec48     dbg_.-runtime.o
 0003:00014c50       dwTlsIndex                 000000014002ec50     dbg_.-runtime.o
 0003:00014c60       wait_list                  000000014002ec60     dbg_.-runtime.o
 0003:000d8160       defined_arrays             00000001400f2160     dbg_.-runtime.o
 0003:000d8168       hContinueEvent             00000001400f2168     dbg_.-sheduler.o
 0003:000d8170       glbMasterInfo              00000001400f2170     dbg_.-sheduler.o
 0003:000d8178       ExPoolZeroingNativelySupported 00000001400f2178     ws2_32:indef.obj

 entry point at         0001:00010d90

 Static symbols

 0001:00003ec0       GetKnownHiveHash           0000000140004ec0     dbg_.-api.o
 0001:00004510       i64GetKnownHiveHash        0000000140005510     dbg_.-api.o
 0001:00004580       i64_raw_update             0000000140005580     dbg_.-api.o
 0001:00008530       scheduler_queue_init       0000000140009530     dbg_.-queue.o
 0001:00008600       scheduler_queue_push       0000000140009600     dbg_.-queue.o
 0001:000088b0       scheduler_rnd              00000001400098b0     dbg_.-queue.o
 0001:00008a50       scheduler_queue_pop        0000000140009a50     dbg_.-queue.o
 0001:00008c00       queue_init                 0000000140009c00     dbg_.-queue.o
 0001:00008c50       queue_push                 0000000140009c50     dbg_.-queue.o
 0001:00008cb0       queue_pop                  0000000140009cb0     dbg_.-queue.o
 0001:0000b9b0       Worker                     000000014000c9b0     dbg_.-remote.o
 0001:0000bf60       ConnectionListnerWorker    000000014000cf60     dbg_.-remote.o
 0001:0000c180       PagesAllocator             000000014000d180     dbg_.-remote.o
 0001:0000c250       StateSender                000000014000d250     dbg_.-remote.o
 0001:0000c2c0       HandleApiCall              000000014000d2c0     dbg_.-remote.o
 0001:00012130       .text                      0000000140013130     asm_dbg.o
 0002:00004cb8       IPSEC_AUTH_TRANSFORM_ID_HMAC_MD5_96 0000000140018cb8     ws2_32:indef.obj
 0002:00004cc0       IPSEC_AUTH_TRANSFORM_ID_HMAC_SHA_1_96 0000000140018cc0     ws2_32:indef.obj
 0002:00004cc8       IPSEC_AUTH_TRANSFORM_ID_HMAC_SHA_256_128 0000000140018cc8     ws2_32:indef.obj
 0002:00004cd0       IPSEC_AUTH_TRANSFORM_ID_GCM_AES_128 0000000140018cd0     ws2_32:indef.obj
 0002:00004cd8       IPSEC_AUTH_TRANSFORM_ID_GCM_AES_192 0000000140018cd8     ws2_32:indef.obj
 0002:00004ce0       IPSEC_AUTH_TRANSFORM_ID_GCM_AES_256 0000000140018ce0     ws2_32:indef.obj
 0002:00004ce8       IPSEC_CIPHER_TRANSFORM_ID_CBC_DES 0000000140018ce8     ws2_32:indef.obj
 0002:00004cf0       IPSEC_CIPHER_TRANSFORM_ID_CBC_3DES 0000000140018cf0     ws2_32:indef.obj
 0002:00004cf8       IPSEC_CIPHER_TRANSFORM_ID_AES_128 0000000140018cf8     ws2_32:indef.obj
 0002:00004d00       IPSEC_CIPHER_TRANSFORM_ID_AES_192 0000000140018d00     ws2_32:indef.obj
 0002:00004d08       IPSEC_CIPHER_TRANSFORM_ID_AES_256 0000000140018d08     ws2_32:indef.obj
 0002:00004d10       IPSEC_CIPHER_TRANSFORM_ID_GCM_AES_128 0000000140018d10     ws2_32:indef.obj
 0002:00004d18       IPSEC_CIPHER_TRANSFORM_ID_GCM_AES_192 0000000140018d18     ws2_32:indef.obj
 0002:00004d20       IPSEC_CIPHER_TRANSFORM_ID_GCM_AES_256 0000000140018d20     ws2_32:indef.obj
 0002:00004e30       BFE_GENERIC_MAPPING        0000000140018e30     ws2_32:indef.obj
 0003:00003790       gai_strerrorW.buff         000000014001d790     dbg_.-remote.o
 0003:000d8179       WFP_TRACE_NULL_DATA        00000001400f2179     ws2_32:indef.obj
 0004:00000000       .data                      00000001400f3000     asm_dbg.o
