 d

 Timestamp is 69912ba1 (Sun Feb 15 05:12:49 2026)

 Preferred load address is 0000000140000000

 Start         Length     Name                   Class
 0001:00000000 00016806H .text                   CODE
 0001:00016806 00001249H .text$mn                CODE
 0002:00000000 00005d24H .rdata                  DATA
 0002:00005d24 00000000H .edata                  DATA
 0002:00005d24 00000164H .rdata$zzzdbg           DATA
 0003:00000000 000004d0H .data                   DATA
 0003:000004d0 00103892H .bss                    DATA
 0004:00000000 00000498H .idata$5                DATA
 0004:00000498 00000064H .idata$2                DATA
 0004:000004fc 00000014H .idata$3                DATA
 0004:00000510 00000498H .idata$4                DATA
 0004:000009a8 0000066eH .idata$6                DATA

  Address         Publics by Value              Rva+Base               Lib:Object

 0000:00000000       __AbsoluteZero             0000000000000000     <absolute>
 0000:00000000       ___safe_se_handler_count   0000000000000000     <absolute>
 0000:00000000       ___safe_se_handler_table   0000000000000000     <absolute>
 0000:00000000       __arm64x_extra_rfe_table   0000000000000000     <absolute>
 0000:00000000       __arm64x_extra_rfe_table_size 0000000000000000     <absolute>
 0000:00000000       __arm64x_native_entrypoint 0000000000000000     <absolute>
 0000:00000000       __arm64x_redirection_metadata 0000000000000000     <absolute>
 0000:00000000       __arm64x_redirection_metadata_count 0000000000000000     <absolute>
 0000:00000000       __dynamic_value_reloc_table 0000000000000000     <absolute>
 0000:00000000       __enclave_config           0000000000000000     <absolute>
 0000:00000000       __guard_check_icall_a64n_fptr 0000000000000000     <absolute>
 0000:00000000       __guard_eh_cont_count      0000000000000000     <absolute>
 0000:00000000       __guard_eh_cont_table      0000000000000000     <absolute>
 0000:00000000       __guard_fids_count         0000000000000000     <absolute>
 0000:00000000       __guard_fids_table         0000000000000000     <absolute>
 0000:00000000       __guard_iat_count          0000000000000000     <absolute>
 0000:00000000       __guard_iat_table          0000000000000000     <absolute>
 0000:00000000       __guard_longjmp_count      0000000000000000     <absolute>
 0000:00000000       __guard_longjmp_table      0000000000000000     <absolute>
 0000:00000000       __hybrid_auxiliary_delayload_iat 0000000000000000     <absolute>
 0000:00000000       __hybrid_auxiliary_delayload_iat_copy 0000000000000000     <absolute>
 0000:00000000       __hybrid_auxiliary_iat     0000000000000000     <absolute>
 0000:00000000       __hybrid_auxiliary_iat_copy 0000000000000000     <absolute>
 0000:00000000       __hybrid_code_map          0000000000000000     <absolute>
 0000:00000000       __hybrid_code_map_count    0000000000000000     <absolute>
 0000:00000000       __hybrid_image_info_bitfield 0000000000000000     <absolute>
 0000:00000000       __volatile_metadata        0000000000000000     <absolute>
 0000:00000000       __x64_code_ranges_to_entry_points 0000000000000000     <absolute>
 0000:00000000       __x64_code_ranges_to_entry_points_count 0000000000000000     <absolute>
 0000:00000100       __guard_flags              0000000000000100     <absolute>
 0001:000004e0       dllPauseWorker             00000001400014e0 f   dbg_.-dll-await_worker.o
 0001:000005d0       dllCallObject              00000001400015d0 f   dbg_.-dll-call_object.o
 0001:000006a0       dllStartNewLocalWorker     00000001400016a0 f   dbg_.-dll-call_object.o
 0001:00000860       dllExecuteWorker           0000000140001860 f   dbg_.-dll-execute_worker.o
 0001:00001450       gpuPauseWorker             0000000140002450 f   dbg_.-gpu-await_worker.o
 0001:00001540       gpuCallObject              0000000140002540 f   dbg_.-gpu-call_object.o
 0001:00001610       gpuStartNewLocalWorker     0000000140002610 f   dbg_.-gpu-call_object.o
 0001:000017d0       gpuExecuteWorker           00000001400027d0 f   dbg_.-gpu-execute_worker.o
 0001:00001e00       gpuNewObjectUsingPage      0000000140002e00 f   dbg_.-gpu-new_object.o
 0001:00001f30       gpuNewObject               0000000140002f30 f   dbg_.-gpu-new_object.o
 0001:00001fe0       gpuPushObject              0000000140002fe0 f   dbg_.-gpu-push_object.o
 0001:00002020       gpuPushPipe                0000000140003020 f   dbg_.-gpu-push_object.o
 0001:00002070       gpuQueryObject             0000000140003070 f   dbg_.-gpu-query_object.o
 0001:000020b0       gpuQueryPipe               00000001400030b0 f   dbg_.-gpu-query_object.o
 0001:00002110       locNewObjectUsingPage      0000000140003110 f   dbg_.-loc-new_object.o
 0001:00002610       locNewObject               0000000140003610 f   dbg_.-loc-new_object.o
 0001:000027b0       locUpdateLocalPush         00000001400037b0 f   dbg_.-loc-push_object.o
 0001:000028d0       locQueryLocalObject        00000001400038d0 f   dbg_.-loc-query_object.o
 0001:00002a90       x64PauseWorker             0000000140003a90 f   dbg_.-x64-await_worker.o
 0001:00002bb0       x64CallObject              0000000140003bb0 f   dbg_.-x64-call_object.o
 0001:00002c80       x64StartNewLocalWorker     0000000140003c80 f   dbg_.-x64-call_object.o
 0001:00002e40       x64ExecuteWorker           0000000140003e40 f   dbg_.-x64-execute_worker.o
 0001:00002e90       x64TryStallWorker          0000000140003e90 f   dbg_.-x64-execute_worker.o
 0001:00003230       x64NewObjectUsingPage      0000000140004230 f   dbg_.-x64-new_object.o
 0001:000037a0       x64NewObjectStates         00000001400047a0 f   dbg_.-x64-new_object.o
 0001:00003860       x64NewObject               0000000140004860 f   dbg_.-x64-new_object.o
 0001:00003b20       x64UpdateLocalPush         0000000140004b20 f   dbg_.-x64-push_object.o
 0001:00003c10       x64OnPushObject            0000000140004c10 f   dbg_.-x64-push_object.o
 0001:00003cd0       x64PushObjectStates        0000000140004cd0 f   dbg_.-x64-push_object.o
 0001:00003e30       x64PushObject              0000000140004e30 f   dbg_.-x64-push_object.o
 0001:000040b0       x64PushPipe                00000001400050b0 f   dbg_.-x64-push_object.o
 0001:00004260       x64QueryLocalObject        0000000140005260 f   dbg_.-x64-query_object.o
 0001:000043c0       x64OnQueryObject           00000001400053c0 f   dbg_.-x64-query_object.o
 0001:000044d0       x64QueryObjectStates       00000001400054d0 f   dbg_.-x64-query_object.o
 0001:00004620       x64QueryObject             0000000140005620 f   dbg_.-x64-query_object.o
 0001:00004830       x64QueryPipe               0000000140005830 f   dbg_.-x64-query_object.o
 0001:000049f0       x64SleepStates             00000001400059f0 f   dbg_.-x64-sleep.o
 0001:00004a80       x64Sleep                   0000000140005a80 f   dbg_.-x64-sleep.o
 0001:00004b80       equal_bytes                0000000140005b80 f   dbg_.-api.o
 0001:00004c80       GetHashtableNoLock         0000000140005c80 f   dbg_.-api.o
 0001:00004e50       SetHashtableNoLock         0000000140005e50 f   dbg_.-api.o
 0001:00005150       GetHashtable               0000000140006150 f   dbg_.-api.o
 0001:000051b0       SetHashtable               00000001400061b0 f   dbg_.-api.o
 0001:00005200       InitInternalStructures     0000000140006200 f   dbg_.-api.o
 0001:000057b0       castOnQueryObject          00000001400067b0 f   dbg_.-cast_provider.o
 0001:00005970       anyCastStates              0000000140006970 f   dbg_.-cast_provider.o
 0001:00006a50       anyCastProvider            0000000140007a50 f   dbg_.-cast_provider.o
 0001:00007160       init_gpu_subsystem         0000000140008160 f   dbg_.-gpu_subsystem.o
 0001:00008c10       gpuBuildFromText           0000000140009c10 f   dbg_.-gpu_subsystem.o
 0001:00008f60       gpuAlloc                   0000000140009f60 f   dbg_.-gpu_subsystem.o
 0001:00008fa0       gpuRun                     0000000140009fa0 f   dbg_.-gpu_subsystem.o
 0001:00009050       gpuFinishQueuesOnPlatform  000000014000a050 f   dbg_.-gpu_subsystem.o
 0001:000090d0       gpuFinishQueue             000000014000a0d0 f   dbg_.-gpu_subsystem.o
 0001:000098f0       StartInitialProcess        000000014000a8f0 f   dbg_.-hive_entry.o
 0001:00009b90       is_less                    000000014000ab90 f   dbg_.-queue.o
 0001:00009bc0       push_up                    000000014000abc0 f   dbg_.-queue.o
 0001:00009d10       push_down                  000000014000ad10 f   dbg_.-queue.o
 0001:00009ee0       queue_init                 000000014000aee0 f   dbg_.-queue.o
 0001:00009fb0       queue_enqueue              000000014000afb0 f   dbg_.-queue.o
 0001:0000a0c0       queue_extract              000000014000b0c0 f   dbg_.-queue.o
 0001:0000a460       GetConnectionById          000000014000b460 f   dbg_.-remote.o
 0001:0000a4f0       DumpConnections            000000014000b4f0 f   dbg_.-remote.o
 0001:0000a840       ConfirmPage                000000014000b840 f   dbg_.-remote.o
 0001:0000a8e0       ConfirmID                  000000014000b8e0 f   dbg_.-remote.o
 0001:0000a930       HandleNewConnection        000000014000b930 f   dbg_.-remote.o
 0001:0000ab10       UpdateWaitingPush          000000014000bb10 f   dbg_.-remote.o
 0001:0000ad50       AnswerPushObject           000000014000bd50 f   dbg_.-remote.o
 0001:0000ae30       SendPageAllocationConfirm  000000014000be30 f   dbg_.-remote.o
 0001:0000aec0       SendIDConfirm              000000014000bec0 f   dbg_.-remote.o
 0001:0000af50       RedirectBroadcastQuery     000000014000bf50 f   dbg_.-remote.o
 0001:0000b0d0       RedirectBroadcastIDQuery   000000014000c0d0 f   dbg_.-remote.o
 0001:0000b250       ConfirmConnection          000000014000c250 f   dbg_.-remote.o
 0001:0000b400       InitiateConnection         000000014000c400 f   dbg_.-remote.o
 0001:0000b770       RequestMemoryPage          000000014000c770 f   dbg_.-remote.o
 0001:0000b880       RequestServerId            000000014000c880 f   dbg_.-remote.o
 0001:0000b990       AnswerQueryObject          000000014000c990 f   dbg_.-remote.o
 0001:0000bad0       AnswerRequestObjectPath    000000014000cad0 f   dbg_.-remote.o
 0001:0000bc10       RequestObjectPathBroadcast 000000014000cc10 f   dbg_.-remote.o
 0001:0000be30       AnswerRequestPathToID      000000014000ce30 f   dbg_.-remote.o
 0001:0000bf70       RequestPathToIDBroadcast   000000014000cf70 f   dbg_.-remote.o
 0001:0000c190       RequestObjectGet           000000014000d190 f   dbg_.-remote.o
 0001:0000c2b0       RequestObjectSet           000000014000d2b0 f   dbg_.-remote.o
 0001:0000c4b0       StartNewWorkerRemote       000000014000d4b0 f   dbg_.-remote.o
 0001:0000c5f0       SendHiveState              000000014000d5f0 f   dbg_.-remote.o
 0001:0000c790       start_remote_subsystem     000000014000d790 f   dbg_.-remote.o
 0001:00010560       gai_strerrorW              0000000140011560 f i dbg_.-remote.o
 0001:000105c0       memset                     00000001400115c0 f   dbg_.-runtime_lib.o
 0001:00010620       memcpy                     0000000140011620 f   dbg_.-runtime_lib.o
 0001:00010690       myMalloc                   0000000140011690 f   dbg_.-runtime_lib.o
 0001:000106e0       myPrintf                   00000001400116e0 f   dbg_.-runtime_lib.o
 0001:00010c50       myRealloc                  0000000140011c50 f   dbg_.-runtime_lib.o
 0001:00010cb0       myFree                     0000000140011cb0 f   dbg_.-runtime_lib.o
 0001:00010cf0       myAtoll                    0000000140011cf0 f   dbg_.-runtime_lib.o
 0001:00010e30       get_char                   0000000140011e30 f   dbg_.-runtime_lib.o
 0001:00010f10       myScanI64                  0000000140011f10 f   dbg_.-runtime_lib.o
 0001:00010fa0       myScanS                    0000000140011fa0 f   dbg_.-runtime_lib.o
 0001:000110a0       PrintI64                   00000001400120a0 f   dbg_.-runtime_lib.o
 0001:00011170       PrintI64H                  0000000140012170 f   dbg_.-runtime_lib.o
 0001:00011210       Print2H                    0000000140012210 f   dbg_.-runtime_lib.o
 0001:000112b0       assertion_failure          00000001400122b0 f   dbg_.-runtime_lib.o
 0001:00011300       myAbs                      0000000140012300 f   dbg_.-runtime_lib.o
 0001:00011330       MicrosecondsToTicks        0000000140012330 f   dbg_.-runtime_lib.o
 0001:00011350       TicksToMicroseconds        0000000140012350 f   dbg_.-runtime_lib.o
 0001:00011370       GetTicks                   0000000140012370 f   dbg_.-runtime_lib.o
 0001:00011390       SheduleTimeoutFromNow      0000000140012390 f   dbg_.-runtime_lib.o
 0001:000113d0       init_lib                   00000001400123d0 f   dbg_.-runtime_lib.o
 0001:000117b0       RegisterObjectWithId       00000001400127b0 f   dbg_.-runtime.o
 0001:000117e0       GetNewObjectId             00000001400127e0 f   dbg_.-runtime.o
 0001:000118d0       universalPauseWorker       00000001400128d0 f   dbg_.-runtime.o
 0001:00011970       universalUpdateLocalPush   0000000140012970 f   dbg_.-runtime.o
 0001:000119d0       UpdateFromQueryResult      00000001400129d0 f   dbg_.-runtime.o
 0001:00011a50       PrintObject                0000000140012a50 f   dbg_.-runtime.o
 0001:00011c50       WaitListWorker             0000000140012c50 f   dbg_.-runtime.o
 0001:00011cc0       EnqueueWorkerFromWaitList  0000000140012cc0 f   dbg_.-runtime.o
 0001:00011d80       UpdateWaitingWorkers       0000000140012d80 f   dbg_.-runtime.o
 0001:00011f40       StartNewWorker             0000000140012f40 f   dbg_.-runtime.o
 0001:00012240       LoadWorker                 0000000140013240 f   dbg_.-runtime.o
 0001:00013410       entry                      0000000140014410 f   dbg_.-runtime.o
 0001:000143e0       SheduleWorker              00000001400153e0 f   dbg_.-sheduler.o
 0001:00014550       ShedulerInstance           0000000140015550 f   dbg_.-sheduler.o
 0001:00014630       TryStallSheduler           0000000140015630 f   dbg_.-sheduler.o
 0001:00014700       MasterSheduler             0000000140015700 f   dbg_.-sheduler.o
 0001:00014ad0       ShedulerStart              0000000140015ad0 f   dbg_.-sheduler.o
 0001:00014ed4       x64_fastPushObject         0000000140015ed4     asm_dbg.o
 0001:00014f3d       x64_fastQueryObject        0000000140015f3d     asm_dbg.o
 0001:00014fa6       x64_fastNewObject          0000000140015fa6     asm_dbg.o
 0001:0001500f       x64_fastCallObject         000000014001600f     asm_dbg.o
 0001:00015078       x64_fastPushPipe           0000000140016078     asm_dbg.o
 0001:000150e1       x64_fastQueryPipe          00000001400160e1     asm_dbg.o
 0001:0001514a       x64_fastSleep              000000014001614a     asm_dbg.o
 0001:000151b3       gpu_fastNewObject          00000001400161b3     asm_dbg.o
 0001:0001521c       gpu_fastCallObject         000000014001621c     asm_dbg.o
 0001:00015285       loc_fastNewObject          0000000140016285     asm_dbg.o
 0001:000152ee       dll_fastCallObject         00000001400162ee     asm_dbg.o
 0001:00015357       any_fastCastProvider       0000000140016357     asm_dbg.o
 0001:000153c0       x64AsmExecuteWorker        00000001400163c0     asm_dbg.o
 0001:00015422       setjmpUN                   0000000140016422     asm_dbg.o
 0001:00015455       longjmpUN                  0000000140016455     asm_dbg.o
 0001:0001547e       DllCall                    000000014001647e     asm_dbg.o
 0001:00016806       CommandLineToArgvW         0000000140017806 f   shell32:SHELL32.dll
 0001:0001680c       TlsGetValue                000000014001780c f   kernel32:KERNEL32.dll
 0001:00016812       GetLastError               0000000140017812 f   kernel32:KERNEL32.dll
 0001:00016818       AcquireSRWLockExclusive    0000000140017818 f   kernel32:KERNEL32.dll
 0001:0001681e       ReleaseSRWLockExclusive    000000014001781e f   kernel32:KERNEL32.dll
 0001:00016824       GetThreadContext           0000000140017824 f   kernel32:KERNEL32.dll
 0001:0001682a       SetThreadContext           000000014001782a f   kernel32:KERNEL32.dll
 0001:00016830       ExitProcess                0000000140017830 f   kernel32:KERNEL32.dll
 0001:00016836       AcquireSRWLockShared       0000000140017836 f   kernel32:KERNEL32.dll
 0001:0001683c       ReleaseSRWLockShared       000000014001783c f   kernel32:KERNEL32.dll
 0001:00016842       Sleep                      0000000140017842 f   kernel32:KERNEL32.dll
 0001:00016848       CreateIoCompletionPort     0000000140017848 f   kernel32:KERNEL32.dll
 0001:0001684e       FormatMessageW             000000014001784e f   kernel32:KERNEL32.dll
 0001:00016854       CreateThread               0000000140017854 f   kernel32:KERNEL32.dll
 0001:0001685a       TryAcquireSRWLockExclusive 000000014001785a f   kernel32:KERNEL32.dll
 0001:00016860       GetQueuedCompletionStatus  0000000140017860 f   kernel32:KERNEL32.dll
 0001:00016866       HeapAlloc                  0000000140017866 f   kernel32:KERNEL32.dll
 0001:0001686c       MultiByteToWideChar        000000014001786c f   kernel32:KERNEL32.dll
 0001:00016872       WriteConsoleW              0000000140017872 f   kernel32:KERNEL32.dll
 0001:00016878       HeapReAlloc                0000000140017878 f   kernel32:KERNEL32.dll
 0001:0001687e       HeapFree                   000000014001787e f   kernel32:KERNEL32.dll
 0001:00016884       GetConsoleMode             0000000140017884 f   kernel32:KERNEL32.dll
 0001:0001688a       ReadConsoleW               000000014001788a f   kernel32:KERNEL32.dll
 0001:00016890       ReadFile                   0000000140017890 f   kernel32:KERNEL32.dll
 0001:00016896       QueryPerformanceCounter    0000000140017896 f   kernel32:KERNEL32.dll
 0001:0001689c       QueryPerformanceFrequency  000000014001789c f   kernel32:KERNEL32.dll
 0001:000168a2       GetStdHandle               00000001400178a2 f   kernel32:KERNEL32.dll
 0001:000168a8       GetProcessHeap             00000001400178a8 f   kernel32:KERNEL32.dll
 0001:000168ae       VirtualAlloc               00000001400178ae f   kernel32:KERNEL32.dll
 0001:000168b4       LoadLibraryA               00000001400178b4 f   kernel32:KERNEL32.dll
 0001:000168ba       GetProcAddress             00000001400178ba f   kernel32:KERNEL32.dll
 0001:000168c0       TlsAlloc                   00000001400178c0 f   kernel32:KERNEL32.dll
 0001:000168c6       CreateFileW                00000001400178c6 f   kernel32:KERNEL32.dll
 0001:000168cc       GetFileSizeEx              00000001400178cc f   kernel32:KERNEL32.dll
 0001:000168d2       CloseHandle                00000001400178d2 f   kernel32:KERNEL32.dll
 0001:000168d8       GetCommandLineW            00000001400178d8 f   kernel32:KERNEL32.dll
 0001:000168de       TlsFree                    00000001400178de f   kernel32:KERNEL32.dll
 0001:000168e4       TlsSetValue                00000001400178e4 f   kernel32:KERNEL32.dll
 0001:000168ea       SuspendThread              00000001400178ea f   kernel32:KERNEL32.dll
 0001:000168f0       ResumeThread               00000001400178f0 f   kernel32:KERNEL32.dll
 0001:000168f6       WaitForMultipleObjects     00000001400178f6 f   kernel32:KERNEL32.dll
 0001:000168fc       WaitForSingleObject        00000001400178fc f   kernel32:KERNEL32.dll
 0001:00016902       BCryptGenRandom            0000000140017902 f   bcrypt:bcrypt.dll
 0001:00016908       getpeername                0000000140017908 f   ws2_32:WS2_32.dll
 0001:0001690e       inet_ntop                  000000014001790e f   ws2_32:WS2_32.dll
 0001:00016914       ntohs                      0000000140017914 f   ws2_32:WS2_32.dll
 0001:0001691a       WSARecv                    000000014001791a f   ws2_32:WS2_32.dll
 0001:00016920       send                       0000000140017920 f   ws2_32:WS2_32.dll
 0001:00016926       socket                     0000000140017926 f   ws2_32:WS2_32.dll
 0001:0001692c       connect                    000000014001792c f   ws2_32:WS2_32.dll
 0001:00016932       closesocket                0000000140017932 f   ws2_32:WS2_32.dll
 0001:00016938       getaddrinfo                0000000140017938 f   ws2_32:WS2_32.dll
 0001:0001693e       freeaddrinfo               000000014001793e f   ws2_32:WS2_32.dll
 0001:00016944       WSAStartup                 0000000140017944 f   ws2_32:WS2_32.dll
 0001:0001694a       setsockopt                 000000014001794a f   ws2_32:WS2_32.dll
 0001:00016950       htons                      0000000140017950 f   ws2_32:WS2_32.dll
 0001:00016956       bind                       0000000140017956 f   ws2_32:WS2_32.dll
 0001:0001695c       getsockname                000000014001795c f   ws2_32:WS2_32.dll
 0001:00016962       WSAGetLastError            0000000140017962 f   ws2_32:WS2_32.dll
 0001:00016968       listen                     0000000140017968 f   ws2_32:WS2_32.dll
 0001:0001696e       accept                     000000014001796e f   ws2_32:WS2_32.dll
 0001:00016974       clGetKernelArgInfo         0000000140017974 f   OpenCL:OpenCL.dll
 0001:0001697a       clSetKernelArg             000000014001797a f   OpenCL:OpenCL.dll
 0001:00016980       clEnqueueNDRangeKernel     0000000140017980 f   OpenCL:OpenCL.dll
 0001:00016986       clEnqueueReadBuffer        0000000140017986 f   OpenCL:OpenCL.dll
 0001:0001698c       clEnqueueWriteBuffer       000000014001798c f   OpenCL:OpenCL.dll
 0001:00016992       clGetPlatformIDs           0000000140017992 f   OpenCL:OpenCL.dll
 0001:00016998       clGetPlatformInfo          0000000140017998 f   OpenCL:OpenCL.dll
 0001:0001699e       clGetDeviceIDs             000000014001799e f   OpenCL:OpenCL.dll
 0001:000169a4       clGetDeviceInfo            00000001400179a4 f   OpenCL:OpenCL.dll
 0001:000169aa       clCreateContext            00000001400179aa f   OpenCL:OpenCL.dll
 0001:000169b0       clCreateCommandQueueWithProperties 00000001400179b0 f   OpenCL:OpenCL.dll
 0001:000169b6       clCreateProgramWithSource  00000001400179b6 f   OpenCL:OpenCL.dll
 0001:000169bc       clBuildProgram             00000001400179bc f   OpenCL:OpenCL.dll
 0001:000169c2       clGetProgramBuildInfo      00000001400179c2 f   OpenCL:OpenCL.dll
 0001:000169c8       clCreateKernel             00000001400179c8 f   OpenCL:OpenCL.dll
 0001:000169ce       clCreateBuffer             00000001400179ce f   OpenCL:OpenCL.dll
 0001:000169d4       clFinish                   00000001400179d4 f   OpenCL:OpenCL.dll
 0002:00000000       ??_C@_1EK@HCHIHAJJ@?$AAP?$AAa?$AAu?$AAs?$AAe?$AAd?$AA?5?$AAw?$AAo?$AAr?$AAk?$AAe?$AAr?$AA?5?$AAD?$AAL?$AAL?$AA?5?$AA?$CF?$AAl?$AAl?$AAd?$AA?5?$AA?$FL?$AAc?$AAa?$AAu?$AAs?$AAe?$AA?5?$AA?$CF?$AAl@ 0000000140019000     dbg_.-dll-await_worker.o
 0002:00000058       ??_C@_1GG@GJHNDGHH@?$AAC?$AAa?$AAl?$AAl?$AAi?$AAn?$AAg?$AA?5?$AAd?$AAl?$AAl?$AAi?$AAm?$AAp?$AAo?$AAr?$AAt?$AA?5?$AAw?$AAo?$AAr?$AAk?$AAe?$AAr?$AA?5?$AA?$CF?$AAl?$AAl?$AAd?$AA?5?$AA?$FL?$AAd@ 0000000140019058     dbg_.-dll-call_object.o
 0002:000000d2       ??_C@_1BC@GMOKLPI@?$AAT?$AAa?$AAb?$AAl?$AAe?$AA?5?$AA?$DN?$AA?5?$AA?$AA@ 00000001400190d2     dbg_.-dll-call_object.o
 0002:000000e8       ??_C@_1M@OMOAGDNC@?$AA?$CF?$AA0?$AA2?$AAx?$AA?5?$AA?$AA@ 00000001400190e8     dbg_.-dll-call_object.o
 0002:000000f6       ??_C@_13LBAGMAIH@?$AA?6?$AA?$AA@ 00000001400190f6     dbg_.-dll-call_object.o
 0002:00000114       ??_C@_1DC@PJLFFJJC@?$AAR?$AAU?$AAN?$AA?5?$AAd?$AAl?$AAl?$AAi?$AAm?$AAp?$AAo?$AAr?$AAt?$AA?5?$AAw?$AAo?$AAr?$AAk?$AAe?$AAr?$AA?$DN?$AA?$CF?$AAp?$AA?6?$AA?$AA@ 0000000140019114     dbg_.-dll-execute_worker.o
 0002:00000150       ??_C@_1CO@MJDCEOJE@?$AAR?$AAe?$AAq?$AAu?$AAe?$AAs?$AAt?$AAi?$AAn?$AAg?$AA?5?$AA?$CF?$AAl?$AAl?$AAd?$AA?5?$AAb?$AAy?$AAt?$AAe?$AAs?$AA?6?$AA?$AA@ 0000000140019150     dbg_.-dll-execute_worker.o
 0002:00000188       ??_C@_1EA@NLGJANLO@?$AAA?$AAr?$AAg?$AAu?$AAm?$AAe?$AAn?$AAt?$AA?5?$AA?$CF?$AAl?$AAl?$AAd?$AA?3?$AA?5?$AA?$FL?$AA?$CF?$AA0?$AA2?$AAx?$AA?$FN?$AA?5?$AA?$FL?$AAt?$AAo?$AA?9?$AA?$DO?$AA?$CF?$AAp?$AA?$FN?$AA?6?$AA?$AA@ 0000000140019188     dbg_.-dll-execute_worker.o
 0002:000001d4       ??_C@_1DI@KIDLNDBO@?$AA?5?$AA?5?$AA?5?$AA?5?$AA?5?$AA?5?$AA?5?$AA?5?$AA?5?$AAo?$AAf?$AA?5?$AAs?$AAi?$AAz?$AAe?$AA?5?$AA?$CF?$AAl?$AAl?$AAd?$AA?$DL?$AA?5?$AA?$DN?$AA?$CF?$AAp?$AA?6?$AA?$AA@ 00000001400191d4     dbg_.-dll-execute_worker.o
 0002:00000218       ??_C@_1DE@HPIEKKI@?$AAc?$AAa?$AAl?$AAl?$AAi?$AAn?$AAg?$AA?5?$AAd?$AAl?$AAl?$AAi?$AAm?$AAp?$AAo?$AAr?$AAt?$AA?5?$AAw?$AAo?$AAr?$AAk?$AAe?$AAr?$AA?6?$AA?$AA@ 0000000140019218     dbg_.-dll-execute_worker.o
 0002:00000256       ??_C@_1CE@FDGKEBHI@?$AAA?$AAR?$AAG?$AA?$FL?$AA?$CF?$AAl?$AAl?$AAd?$AA?$FN?$AA?5?$AA?$DN?$AA?5?$AA?$CF?$AAl?$AAl?$AAd?$AA?6?$AA?$AA@ 0000000140019256     dbg_.-dll-execute_worker.o
 0002:00000282       ??_C@_1EE@IHBKLDNM@?$AAo?$AAu?$AAt?$AAp?$AAu?$AAt?$AA?5?$AAi?$AAs?$AA?5?$AA?$CF?$AAp?$AA?5?$AA?$FL?$AA?9?$AA?$DO?$AAt?$AAo?$AA?5?$AAp?$AAr?$AAo?$AAm?$AAi?$AAs?$AAe?$AA?5?$AA?$CF?$AAl?$AAl?$AAd?$AA?$FN@ 0000000140019282     dbg_.-dll-execute_worker.o
 0002:000002d4       ??_C@_1CO@MGEJJCCL@?$AAr?$AAe?$AAt?$AAu?$AAr?$AAn?$AAe?$AAd?$AA?5?$AA?$CL?$AA?5?$AAE?$AAr?$AAr?$AAo?$AAr?$AA?$DN?$AA?$CF?$AAl?$AAl?$AAd?$AA?6?$AA?$AA@ 00000001400192d4     dbg_.-dll-execute_worker.o
 0002:0000030c       ??_C@_1EK@KEDGKNCB@?$AAP?$AAa?$AAu?$AAs?$AAe?$AAd?$AA?5?$AAw?$AAo?$AAr?$AAk?$AAe?$AAr?$AA?5?$AAG?$AAP?$AAU?$AA?5?$AA?$CF?$AAl?$AAl?$AAd?$AA?5?$AA?$FL?$AAc?$AAa?$AAu?$AAs?$AAe?$AA?5?$AA?$CF?$AAl@ 000000014001930c     dbg_.-gpu-await_worker.o
 0002:00000364       ??_C@_1FC@NMNADHLK@?$AAC?$AAa?$AAl?$AAl?$AAi?$AAn?$AAg?$AA?5?$AAw?$AAo?$AAr?$AAk?$AAe?$AAr?$AA?5?$AA?$CF?$AAl?$AAl?$AAd?$AA?5?$AA?$FL?$AAd?$AAa?$AAt?$AAa?$AA?$DN?$AA?$CF?$AAp?$AA?0?$AA?5?$AAm?$AAo@ 0000000140019364     dbg_.-gpu-call_object.o
 0002:000003c6       ??_C@_1CG@CCFDEFBF@?$AAR?$AAU?$AAN?$AA?5?$AAG?$AAP?$AAU?$AA?5?$AAw?$AAo?$AAr?$AAk?$AAe?$AAr?$AA?$DN?$AA?$CF?$AAp?$AA?6?$AA?$AA@ 00000001400193c6     dbg_.-gpu-execute_worker.o
 0002:000003f4       ??_C@_1DO@MBJBKNM@?$AAE?$AAr?$AAr?$AAo?$AAr?$AA?3?$AA?5?$AAa?$AAt?$AA?5?$AAc?$AAl?$AAS?$AAe?$AAt?$AAK?$AAe?$AAr?$AAn?$AAe?$AAl?$AAA?$AAr?$AAg?$AA?5?$AA?$CF?$AAl?$AAl?$AAd?$AA?6?$AA?$AA@ 00000001400193f4     dbg_.-gpu-execute_worker.o
 0002:0000043e       ??_C@_1CO@BOPILBOM@?$AAC?$AAO?$AAN?$AAF?$AAI?$AAG?$AAU?$AAR?$AAE?$AAD?$AA?3?$AA?5?$AAd?$AAi?$AAm?$AAs?$AA?$DN?$AA?$CF?$AAl?$AAl?$AAd?$AA?6?$AA?$AA@ 000000014001943e     dbg_.-gpu-execute_worker.o
 0002:00000476       ??_C@_1EO@KIFHHFHO@?$AAE?$AAr?$AAr?$AAo?$AAr?$AA?3?$AA?5?$AAa?$AAt?$AA?5?$AAc?$AAl?$AAE?$AAn?$AAq?$AAu?$AAe?$AAu?$AAe?$AAN?$AAD?$AAR?$AAa?$AAn?$AAg?$AAe?$AAK?$AAe?$AAr?$AAn?$AAe?$AAl@ 0000000140019476     dbg_.-gpu-execute_worker.o
 0002:000004d4       ??_C@_1FG@NKPPHDDL@?$AAA?$AAl?$AAl?$AAo?$AAc?$AAa?$AAt?$AAi?$AAn?$AAg?$AA?5?$AAb?$AAu?$AAf?$AAf?$AAe?$AAr?$AA?5?$AAo?$AAf?$AA?5?$AAs?$AAi?$AAz?$AAe?$AA?5?$AA?$CF?$AAl?$AAl?$AAd?$AA?5?$AAp@ 00000001400194d4     dbg_.-gpu-new_object.o
 0002:0000053c       ??_C@_1DO@PIAGAENK@?$AAE?$AAR?$AAR?$AAO?$AAR?$AA?3?$AA?5?$AAg?$AAp?$AAu?$AAA?$AAl?$AAl?$AAo?$AAc?$AA?5?$AAf?$AAa?$AAi?$AAl?$AAe?$AAd?$AA?5?$AA?$FL?$AA?$CF?$AAl?$AAl?$AAd?$AA?$FN?$AA?6?$AA?$AA@ 000000014001953c     dbg_.-gpu-new_object.o
 0002:00000586       ??_C@_1BG@LMPFNDF@?$AAr?$AAe?$AAs?$AAu?$AAl?$AAt?$AA?5?$AA?$CF?$AAp?$AA?6?$AA?$AA@ 0000000140019586     dbg_.-gpu-new_object.o
 0002:000005a0       ??_C@_1FM@LBBNKNII@?$AAE?$AAR?$AAR?$AAO?$AAR?$AA?3?$AA?5?$AAP?$AAi?$AAp?$AAe?$AAs?$AA?5?$AAa?$AAr?$AAe?$AA?5?$AAu?$AAn?$AAs?$AAu?$AAp?$AAp?$AAo?$AAr?$AAt?$AAe?$AAd?$AA?5?$AAo?$AAn?$AA?5@ 00000001400195a0     dbg_.-gpu-new_object.o
 0002:0000060e       ??_C@_1EA@PKIDLDBK@?$AAo?$AAb?$AAj?$AAe?$AAc?$AAt?$AA?5?$AAf?$AAo?$AAr?$AA?5?$AAs?$AAi?$AAz?$AAe?$AA?5?$AA?$CF?$AAl?$AAl?$AAd?$AA?5?$AAa?$AAl?$AAl?$AAo?$AAc?$AAa?$AAt?$AAe?$AAd?$AA?6?$AA?$AA@ 000000014001960e     dbg_.-gpu-new_object.o
 0002:0000065a       ??_C@_1GM@BNFAKJM@?$AAE?$AAR?$AAR?$AAO?$AAR?$AA?3?$AA?5?$AAP?$AAi?$AAp?$AAe?$AAs?$AA?5?$AAa?$AAr?$AAe?$AA?5?$AAu?$AAn?$AAs?$AAu?$AAp?$AAp?$AAo?$AAr?$AAt?$AAe?$AAd?$AA?5?$AAo?$AAn?$AA?5@ 000000014001965a     dbg_.-gpu-new_object.o
 0002:000006dc       ??_C@_1DC@NBDPBMKB@?$AAW?$AAr?$AAo?$AAn?$AAg?$AA?5?$AAt?$AAy?$AAp?$AAe?$AA?5?$AAi?$AAn?$AA?5?$AAN?$AAe?$AAw?$AAO?$AAb?$AAj?$AAe?$AAc?$AAt?$AA?6?$AA?$AA@ 00000001400196dc     dbg_.-gpu-new_object.o
 0002:00000718       ??_C@_1EG@FBJBJMFK@?$AAN?$AAO?$AAT?$AA?5?$AAS?$AAU?$AAP?$AAP?$AAO?$AAR?$AAT?$AAE?$AAD?$AA?3?$AA?5?$AAp?$AAu?$AAs?$AAh?$AA?5?$AAi?$AAn?$AA?5?$AAg?$AAp?$AAu?$AA?5?$AAo?$AAb?$AAj?$AAe?$AAc@ 0000000140019718     dbg_.-gpu-push_object.o
 0002:0000076c       ??_C@_1FE@GJLEMBH@?$AAN?$AAO?$AAT?$AA?5?$AAS?$AAU?$AAP?$AAP?$AAO?$AAR?$AAT?$AAE?$AAD?$AA?3?$AA?5?$AAp?$AAu?$AAs?$AAh?$AA?5?$AAi?$AAn?$AA?5?$AAg?$AAp?$AAu?$AA?5?$AAo?$AAb?$AAj?$AAe?$AAc@ 000000014001976c     dbg_.-gpu-push_object.o
 0002:000007d0       ??_C@_1EI@EPHKLIAN@?$AAN?$AAO?$AAT?$AA?5?$AAS?$AAU?$AAP?$AAP?$AAO?$AAR?$AAT?$AAE?$AAD?$AA?3?$AA?5?$AAq?$AAu?$AAe?$AAr?$AAy?$AA?5?$AAi?$AAn?$AA?5?$AAg?$AAp?$AAu?$AA?5?$AAo?$AAb?$AAj?$AAe@ 00000001400197d0     dbg_.-gpu-query_object.o
 0002:00000826       ??_C@_1FG@PCBNEEAC@?$AAN?$AAO?$AAT?$AA?5?$AAS?$AAU?$AAP?$AAP?$AAO?$AAR?$AAT?$AAE?$AAD?$AA?3?$AA?5?$AAq?$AAu?$AAe?$AAr?$AAy?$AA?5?$AAi?$AAn?$AA?5?$AAg?$AAp?$AAu?$AA?5?$AAo?$AAb?$AAj?$AAe@ 0000000140019826     dbg_.-gpu-query_object.o
 0002:000008a8       ??_C@_1DM@CKKHLHMJ@?$AAP?$AAi?$AAp?$AAe?$AA?5?$AAf?$AAo?$AAr?$AA?5?$AAs?$AAi?$AAz?$AAe?$AA?5?$AA?$CF?$AAl?$AAl?$AAd?$AA?5?$AAa?$AAl?$AAl?$AAo?$AAc?$AAa?$AAt?$AAe?$AAd?$AA?6?$AA?$AA@ 00000001400198a8     dbg_.-loc-new_object.o
 0002:000008f0       ??_C@_1GK@LJBKHIKD@?$AAA?$AAr?$AAr?$AAa?$AAy?$AA?5?$AAo?$AAf?$AA?5?$AA?$CF?$AAl?$AAl?$AAd?$AA?5?$AAb?$AAy?$AAt?$AAe?$AAs?$AA?0?$AA?5?$AAe?$AAl?$AAe?$AAm?$AAe?$AAn?$AAt?$AA?5?$AAo?$AAf?$AA?5@ 00000001400198f0     dbg_.-loc-new_object.o
 0002:00000970       ??_C@_1EC@IBADEGPM@?$AAP?$AAr?$AAo?$AAm?$AAi?$AAs?$AAe?$AA?5?$AAf?$AAo?$AAr?$AA?5?$AAs?$AAi?$AAz?$AAe?$AA?5?$AA?$CF?$AAl?$AAl?$AAd?$AA?5?$AAa?$AAl?$AAl?$AAo?$AAc?$AAa?$AAt?$AAe?$AAd?$AA?6@ 0000000140019970     dbg_.-loc-new_object.o
 0002:000009c0       ??_C@_1DO@OEOJCPLG@?$AAC?$AAl?$AAa?$AAs?$AAs?$AA?5?$AAf?$AAo?$AAr?$AA?5?$AAs?$AAi?$AAz?$AAe?$AA?5?$AA?$CF?$AAl?$AAl?$AAd?$AA?5?$AAa?$AAl?$AAl?$AAo?$AAc?$AAa?$AAt?$AAe?$AAd?$AA?6?$AA?$AA@ 00000001400199c0     dbg_.-loc-new_object.o
 0002:00000a0a       ??_C@_1EO@GECEJMLH@?$AAD?$AAe?$AAf?$AAi?$AAn?$AAe?$AAd?$AA?5?$AAa?$AAr?$AAr?$AAa?$AAy?$AA?5?$AAf?$AAo?$AAr?$AA?5?$AAs?$AAi?$AAz?$AAe?$AA?5?$AA?$CF?$AAl?$AAl?$AAd?$AA?5?$AAa?$AAl?$AAl?$AAo@ 0000000140019a0a     dbg_.-loc-new_object.o
 0002:00000a68       ??_C@_1M@FHJLFHFE@?$AA?5?$AA?$CF?$AA0?$AA2?$AAx?$AA?$AA@ 0000000140019a68     dbg_.-loc-new_object.o
 0002:00000a76       ??_C@_1CO@JBEOLKLD@?$AA?$FL?$AAi?$AAd?$AA?$DN?$AA?$CF?$AAl?$AAl?$AAx?$AA?$FN?$AA?5?$AA?$FL?$AAs?$AAi?$AAz?$AAe?$AA?$DN?$AA?$CF?$AAl?$AAl?$AAd?$AA?$FN?$AA?6?$AA?$AA@ 0000000140019a76     dbg_.-loc-new_object.o
 0002:00000ad6       ??_C@_1EC@FMMFNKHC@?$AAP?$AAa?$AAu?$AAs?$AAe?$AAd?$AA?5?$AAw?$AAo?$AAr?$AAk?$AAe?$AAr?$AA?5?$AA?$CF?$AAl?$AAl?$AAd?$AA?5?$AA?$FL?$AAc?$AAa?$AAu?$AAs?$AAe?$AA?5?$AA?$CF?$AAl?$AAl?$AAd?$AA?$FN?$AA?6@ 0000000140019ad6     dbg_.-x64-await_worker.o
 0002:00000b26       ??_C@_1BG@KNJPCEOH@?$AAw?$AAo?$AAr?$AAk?$AAe?$AAr?$AA?$DN?$AA?$CF?$AAp?$AA?6?$AA?$AA@ 0000000140019b26     dbg_.-x64-execute_worker.o
 0002:00000b40       ??_C@_1DM@GFFHBIOC@?$AAS?$AAt?$AAa?$AAl?$AAl?$AAi?$AAn?$AAg?$AA?5?$AAw?$AAo?$AAr?$AAk?$AAe?$AAr?$AA?5?$AAa?$AAt?$AA?5?$AAt?$AAh?$AAr?$AAe?$AAa?$AAd?$AA?5?$AA?$CF?$AAp?$AA?6?$AA?$AA@ 0000000140019b40     dbg_.-x64-execute_worker.o
 0002:00000b88       ??_C@_1HE@BGCEENEB@?$AAP?$AAa?$AAu?$AAs?$AAe?$AAd?$AA?5?$AAw?$AAo?$AAr?$AAk?$AAe?$AAr?$AA?5?$AA?$CF?$AAl?$AAl?$AAd?$AA?5?$AA?$FL?$AAs?$AAt?$AAa?$AAl?$AAl?$AA?$FN?$AA?3?$AA?5?$AAn?$AAe?$AAx?$AAt@ 0000000140019b88     dbg_.-x64-execute_worker.o
 0002:00000c2c       ??_C@_1BG@HIIBALHG@?$AA?$FL?$AAi?$AAd?$AA?$DN?$AA?$CF?$AAl?$AAl?$AAx?$AA?$FN?$AA?6?$AA?$AA@ 0000000140019c2c     dbg_.-x64-new_object.o
 0002:00000c46       ??_C@_0CD@DKCLGKLJ@NULL?5?$DN?$DN?5?$CCThis?5is?5unreachable?5cod@ 0000000140019c46     dbg_.-x64-new_object.o
 0002:00000c70       ??_C@_0BD@INEGNPMF@x64NewObjectStates?$AA@ 0000000140019c70     dbg_.-x64-new_object.o
 0002:00000c86       ??_C@_0DA@GIEONAEA@D?3?2mipt?2lang3?2runtimes?20?43?2win?2x@ 0000000140019c86     dbg_.-x64-new_object.o
 0002:00000ce6       ??_C@_0BA@DDLBAAIJ@x64OnPushObject?$AA@ 0000000140019ce6     dbg_.-x64-push_object.o
 0002:00000cf9       ??_C@_0DB@EHGHMKBL@D?3?2mipt?2lang3?2runtimes?20?43?2win?2x@ 0000000140019cf9     dbg_.-x64-push_object.o
 0002:00000d34       ??_C@_1GA@KFMLACKM@?$AAw?$AAa?$AAi?$AAt?$AAi?$AAn?$AAg?$AA?5?$AAf?$AAo?$AAr?$AA?5?$AAr?$AAe?$AAm?$AAo?$AAt?$AAe?$AA?5?$AAp?$AAu?$AAs?$AAh?$AA?5?$AA?$CF?$AAl?$AAl?$AAd?$AA?1?$AA?$CF?$AAl?$AAl@ 0000000140019d34     dbg_.-x64-push_object.o
 0002:00000da7       ??_C@_0BE@CLLDEMCI@x64PushObjectStates?$AA@ 0000000140019da7     dbg_.-x64-push_object.o
 0002:00000dc0       ??_C@_1CG@JJBKNCBO@?$AAp?$AAu?$AAs?$AAh?$AA?5?$AAt?$AAo?$AA?5?$AAo?$AAb?$AAj?$AAe?$AAc?$AAt?$AA?5?$AA?$CF?$AAp?$AA?6?$AA?$AA@ 0000000140019dc0     dbg_.-x64-push_object.o
 0002:00000dee       ??_C@_1CG@FCDGDINM@?$AAp?$AAu?$AAs?$AAh?$AA?5?$AAt?$AAo?$AA?5?$AAp?$AAi?$AAp?$AAe?$AA?5?$AA?$CF?$AAl?$AAl?$AAd?$AA?6?$AA?$AA@ 0000000140019dee     dbg_.-x64-push_object.o
 0002:00000e1b       ??_C@_0BB@OIDGLOGK@x64OnQueryObject?$AA@ 0000000140019e1b     dbg_.-x64-query_object.o
 0002:00000e2f       ??_C@_0DC@IFJHCDEN@D?3?2mipt?2lang3?2runtimes?20?43?2win?2x@ 0000000140019e2f     dbg_.-x64-query_object.o
 0002:00000e6c       ??_C@_1EI@HFFKCAJK@?$AAw?$AAa?$AAi?$AAt?$AAi?$AAn?$AAg?$AA?5?$AAf?$AAo?$AAr?$AA?5?$AAr?$AAe?$AAm?$AAo?$AAt?$AAe?$AA?5?$AAq?$AAu?$AAe?$AAr?$AAy?$AA?5?$AA?$CF?$AAl?$AAl?$AAd?$AA?1?$AA?$CF?$AAl@ 0000000140019e6c     dbg_.-x64-query_object.o
 0002:00000ec2       ??_C@_0BF@ENLEMDLA@x64QueryObjectStates?$AA@ 0000000140019ec2     dbg_.-x64-query_object.o
 0002:00000edc       ??_C@_1CG@NFAKFIFJ@?$AAQ?$AAu?$AAe?$AAr?$AAy?$AA?5?$AAo?$AAb?$AAj?$AAe?$AAc?$AAt?$AA?5?$AA?$CF?$AAl?$AAl?$AAd?$AA?6?$AA?$AA@ 0000000140019edc     dbg_.-x64-query_object.o
 0002:00000f0a       ??_C@_1CM@JHEDMDLC@?$AAq?$AAu?$AAe?$AAr?$AAy?$AA?5?$AAf?$AAr?$AAo?$AAm?$AA?5?$AAp?$AAi?$AAp?$AAe?$AA?5?$AA?$CF?$AAl?$AAl?$AAd?$AA?6?$AA?$AA@ 0000000140019f0a     dbg_.-x64-query_object.o
 0002:00000f3e       ??_C@_0P@GBODICPB@x64SleepStates?$AA@ 0000000140019f3e     dbg_.-x64-sleep.o
 0002:00000f50       ??_C@_0CL@GMEBKBIE@D?3?2mipt?2lang3?2runtimes?20?43?2win?2x@ 0000000140019f50     dbg_.-x64-sleep.o
 0002:00000f84       ??_C@_1CC@KCDEA@?$AAS?$AAl?$AAe?$AAe?$AAp?$AA?5?$AAt?$AAi?$AAm?$AAe?$AA?5?$AA?$CF?$AAl?$AAl?$AAd?$AA?6?$AA?$AA@ 0000000140019f84     dbg_.-x64-sleep.o
 0002:00000fdc       ??_C@_1CM@EKFGKDGG@?$AAG?$AAe?$AAt?$AA?5?$AAo?$AAb?$AAj?$AAe?$AAc?$AAt?$AA?5?$AAi?$AAd?$AA?5?$AA?$DN?$AA?5?$AA?$CF?$AAl?$AAl?$AAd?$AA?6?$AA?$AA@ 0000000140019fdc     dbg_.-cast_provider.o
 0002:00001010       ??_C@_1FE@BCAGMINK@?$AAE?$AAr?$AAr?$AAo?$AAr?$AA?3?$AA?5?$AAn?$AAo?$AA?5?$AAk?$AAn?$AAo?$AAw?$AAn?$AA?5?$AAs?$AAi?$AAz?$AAe?$AA?5?$AAf?$AAo?$AAr?$AA?5?$AAn?$AAo?$AAt?$AA?5?$AAa?$AAr?$AAr@ 000000014001a010     dbg_.-cast_provider.o
 0002:00001074       ??_C@_1CO@MKKBGDMJ@?$AAg?$AAo?$AAt?$AA?5?$AAl?$AAo?$AAc?$AAa?$AAl?$AA?5?$AAs?$AAi?$AAz?$AAe?$AA?5?$AAa?$AAn?$AAs?$AAw?$AAe?$AAr?$AA?6?$AA?$AA@ 000000014001a074     dbg_.-cast_provider.o
 0002:000010ac       ??_C@_1DM@MLLOPCOA@?$AAQ?$AAu?$AAe?$AAr?$AAy?$AAi?$AAn?$AAg?$AA?5?$AAo?$AAb?$AAj?$AAe?$AAc?$AAt?$AA?5?$AAs?$AAi?$AAz?$AAe?$AA?5?$AAo?$AAf?$AA?5?$AA?$CF?$AAl?$AAl?$AAd?$AA?6?$AA?$AA@ 000000014001a0ac     dbg_.-cast_provider.o
 0002:000010f4       ??_C@_1DA@NCDJBGNA@?$AAg?$AAo?$AAt?$AA?5?$AAr?$AAe?$AAm?$AAo?$AAt?$AAe?$AA?5?$AAs?$AAi?$AAz?$AAe?$AA?5?$AAa?$AAn?$AAs?$AAw?$AAe?$AAr?$AA?6?$AA?$AA@ 000000014001a0f4     dbg_.-cast_provider.o
 0002:0000112e       ??_C@_1DK@MHAKINPM@?$AAK?$AAn?$AAo?$AAw?$AA?5?$AAs?$AAi?$AAz?$AAe?$AA?$DN?$AA?$CF?$AAl?$AAl?$AAd?$AA?5?$AA?$FL?$AAp?$AAa?$AAr?$AAa?$AAm?$AA?$DN?$AA?$CF?$AAl?$AAl?$AAd?$AA?$FN?$AA?6?$AA?$AA@ 000000014001a12e     dbg_.-cast_provider.o
 0002:00001174       ??_C@_1FK@KDAFABDO@?$AAE?$AAr?$AAr?$AAo?$AAr?$AA?3?$AA?5?$AAl?$AAo?$AAc?$AAa?$AAl?$AA?5?$AAo?$AAb?$AAj?$AAe?$AAc?$AAt?$AA?5?$AAw?$AAa?$AAs?$AA?5?$AAr?$AAe?$AAm?$AAo?$AAv?$AAe?$AAd?$AA?5@ 000000014001a174     dbg_.-cast_provider.o
 0002:000011e0       ??_C@_1FO@HMOHPFHI@?$AAE?$AAr?$AAr?$AAo?$AAr?$AA?5?$AAh?$AAa?$AAp?$AAp?$AAe?$AAn?$AA?5?$AAw?$AAh?$AAi?$AAl?$AAe?$AA?5?$AAc?$AAl?$AAE?$AAn?$AAq?$AAu?$AAe?$AAu?$AAe?$AAR?$AAe?$AAa?$AAd@ 000000014001a1e0     dbg_.-cast_provider.o
 0002:00001250       ??_C@_1EE@JNODMKEN@?$AAS?$AAu?$AAc?$AAc?$AAe?$AAs?$AAs?$AAi?$AAf?$AAu?$AAl?$AAl?$AAy?$AA?5?$AAc?$AAo?$AAn?$AAv?$AAe?$AAr?$AAt?$AAe?$AAd?$AA?5?$AAg?$AAp?$AAu?$AA?9?$AA?$DO?$AAc?$AAp?$AAu@ 000000014001a250     dbg_.-cast_provider.o
 0002:000012a2       ??_C@_1GA@EEKPNAGK@?$AAE?$AAr?$AAr?$AAo?$AAr?$AA?5?$AAh?$AAa?$AAp?$AAp?$AAe?$AAn?$AA?5?$AAw?$AAh?$AAi?$AAl?$AAe?$AA?5?$AAc?$AAl?$AAE?$AAn?$AAq?$AAu?$AAe?$AAu?$AAe?$AAW?$AAr?$AAi?$AAt@ 000000014001a2a2     dbg_.-cast_provider.o
 0002:00001316       ??_C@_1EE@NKOFIBGO@?$AAS?$AAu?$AAc?$AAc?$AAe?$AAs?$AAs?$AAi?$AAf?$AAu?$AAl?$AAl?$AAy?$AA?5?$AAc?$AAo?$AAn?$AAv?$AAe?$AAr?$AAt?$AAe?$AAd?$AA?5?$AAc?$AAp?$AAu?$AA?9?$AA?$DO?$AAg?$AAp?$AAu@ 000000014001a316     dbg_.-cast_provider.o
 0002:00001368       ??_C@_1BM@OBHKMKPP@?$AAR?$AAe?$AAt?$AAu?$AAr?$AAn?$AA?3?$AA?5?$AA?$CF?$AAl?$AAl?$AAd?$AA?6?$AA?$AA@ 000000014001a368     dbg_.-cast_provider.o
 0002:00001389       ??_C@_0O@GKFEADAD@anyCastStates?$AA@ 000000014001a389     dbg_.-cast_provider.o
 0002:00001399       ??_C@_0CP@CMCABPLI@D?3?2mipt?2lang3?2runtimes?20?43?2win?2c@ 000000014001a399     dbg_.-cast_provider.o
 0002:000013d2       ??_C@_1EC@IPADNJOO@?$AAc?$AAo?$AAn?$AAv?$AAe?$AAr?$AAt?$AA?5?$AA?$CF?$AAp?$AA?5?$AA?$FL?$AAt?$AAy?$AAp?$AAe?$AAs?$AA?5?$AA?$CF?$AAl?$AAl?$AAd?$AA?5?$AA?9?$AA?$DO?$AA?5?$AA?$CF?$AAl?$AAl?$AAd?$AA?$FN?$AA?6@ 000000014001a3d2     dbg_.-cast_provider.o
 0002:00001422       ??_C@_1IA@HIJJNPCH@?$AAE?$AAR?$AAR?$AAO?$AAR?$AA?3?$AA?5?$AAn?$AAo?$AAt?$AA?5?$AAs?$AAu?$AAp?$AAp?$AAo?$AAr?$AAt?$AAe?$AAd?$AA?5?$AAc?$AAo?$AAn?$AAv?$AAe?$AAr?$AAs?$AAi?$AAo?$AAn?$AA?5@ 000000014001a422     dbg_.-cast_provider.o
 0002:000014bc       ??_C@_1DK@FINICEEJ@?$AAG?$AAo?$AAt?$AA?5?$AAa?$AAt?$AA?5?$AAl?$AAe?$AAa?$AAs?$AAt?$AA?5?$AA?$CF?$AAl?$AAl?$AAd?$AA?5?$AAp?$AAl?$AAa?$AAt?$AAf?$AAo?$AAr?$AAm?$AAs?$AA?6?$AA?$AA@ 000000014001a4bc     dbg_.-gpu_subsystem.o
 0002:00001502       ??_C@_1CA@OOAPHHDP@?$AAP?$AAl?$AAa?$AAt?$AAf?$AAo?$AAr?$AAm?$AA?5?$AA?$CF?$AAl?$AAl?$AAd?$AA?3?$AA?6?$AA?$AA@ 000000014001a502     dbg_.-gpu_subsystem.o
 0002:00001528       ??_C@_1DK@CFKCPDLH@?$AA?7?$AA?$CF?$AAl?$AAl?$AAd?$AA?4?$AAN?$AAa?$AAm?$AAe?$AA?5?$AA?5?$AA?5?$AA?5?$AA?5?$AA?5?$AA?5?$AA?5?$AA?5?$AA?5?$AA?5?$AA?5?$AA?5?$AA?3?$AA?5?$AA?$CF?$AAs?$AA?6?$AA?$AA@ 000000014001a528     dbg_.-gpu_subsystem.o
 0002:0000156e       ??_C@_1DK@PKNJPDCN@?$AA?7?$AA?$CF?$AAl?$AAl?$AAd?$AA?4?$AAV?$AAe?$AAn?$AAd?$AAo?$AAr?$AA?5?$AA?5?$AA?5?$AA?5?$AA?5?$AA?5?$AA?5?$AA?5?$AA?5?$AA?5?$AA?5?$AA?3?$AA?5?$AA?$CF?$AAs?$AA?6?$AA?$AA@ 000000014001a56e     dbg_.-gpu_subsystem.o
 0002:000015b4       ??_C@_1DK@BCHMBHFB@?$AA?7?$AA?$CF?$AAl?$AAl?$AAd?$AA?4?$AAV?$AAe?$AAr?$AAs?$AAi?$AAo?$AAn?$AA?5?$AA?5?$AA?5?$AA?5?$AA?5?$AA?5?$AA?5?$AA?5?$AA?5?$AA?5?$AA?3?$AA?5?$AA?$CF?$AAs?$AA?6?$AA?$AA@ 000000014001a5b4     dbg_.-gpu_subsystem.o
 0002:000015fa       ??_C@_1DK@PPLGHIMI@?$AA?7?$AA?$CF?$AAl?$AAl?$AAd?$AA?4?$AAP?$AAr?$AAo?$AAf?$AAi?$AAl?$AAe?$AA?5?$AA?5?$AA?5?$AA?5?$AA?5?$AA?5?$AA?5?$AA?5?$AA?5?$AA?5?$AA?3?$AA?5?$AA?$CF?$AAs?$AA?6?$AA?$AA@ 000000014001a5fa     dbg_.-gpu_subsystem.o
 0002:00001640       ??_C@_1DK@KGLDJAGB@?$AA?7?$AA?$CF?$AAl?$AAl?$AAd?$AA?4?$AAE?$AAx?$AAt?$AAe?$AAn?$AAs?$AAi?$AAo?$AAn?$AAs?$AA?5?$AA?5?$AA?5?$AA?5?$AA?5?$AA?5?$AA?5?$AA?3?$AA?5?$AA?$CF?$AAs?$AA?6?$AA?$AA@ 000000014001a640     dbg_.-gpu_subsystem.o
 0002:00001686       ??_C@_1DO@JAHGICMH@?$AA?7?$AA?$CF?$AAl?$AAl?$AAd?$AA?4?$AAT?$AAi?$AAm?$AAe?$AAr?$AA?5?$AAR?$AAe?$AAs?$AAo?$AAl?$AAu?$AAt?$AAi?$AAo?$AAn?$AA?5?$AA?3?$AA?5?$AA?$CF?$AAl?$AAl?$AAd?$AA?6?$AA?$AA@ 000000014001a686     dbg_.-gpu_subsystem.o
 0002:000016d0       ??_C@_1FE@GFHOHNKH@?$AAp?$AAl?$AAa?$AAt?$AAf?$AAo?$AAr?$AAm?$AA?5?$AA?$CF?$AAl?$AAl?$AAd?$AA?3?$AA?5?$AAG?$AAo?$AAt?$AA?5?$AAa?$AAt?$AA?5?$AAl?$AAe?$AAa?$AAs?$AAt?$AA?5?$AA?$CF?$AAl?$AAl?$AAd@ 000000014001a6d0     dbg_.-gpu_subsystem.o
 0002:00001734       ??_C@_1BM@MMFNNAKO@?$AAD?$AAe?$AAv?$AAi?$AAc?$AAe?$AA?5?$AA?$CF?$AAl?$AAl?$AAd?$AA?3?$AA?6?$AA?$AA@ 000000014001a734     dbg_.-gpu_subsystem.o
 0002:00001756       ??_C@_1FG@GKDLJBIA@?$AA?7?$AA?$CF?$AAl?$AAl?$AAd?$AA?4?$AA?$CF?$AAl?$AAl?$AAd?$AA?4?$AAN?$AAa?$AAm?$AAe?$AA?5?$AA?5?$AA?5?$AA?5?$AA?5?$AA?5?$AA?5?$AA?5?$AA?5?$AA?5?$AA?5?$AA?5?$AA?5?$AA?5?$AA?5?$AA?5?$AA?5@ 000000014001a756     dbg_.-gpu_subsystem.o
 0002:000017be       ??_C@_1FK@JCGLFMHC@?$AA?7?$AA?$CF?$AAl?$AAl?$AAd?$AA?4?$AA?$CF?$AAl?$AAl?$AAd?$AA?4?$AAA?$AAv?$AAa?$AAi?$AAl?$AAa?$AAb?$AAl?$AAe?$AA?5?$AA?5?$AA?5?$AA?5?$AA?5?$AA?5?$AA?5?$AA?5?$AA?5?$AA?5?$AA?5?$AA?5@ 000000014001a7be     dbg_.-gpu_subsystem.o
 0002:0000182a       ??_C@_1FK@PNFJMFNM@?$AA?7?$AA?$CF?$AAl?$AAl?$AAd?$AA?4?$AA?$CF?$AAl?$AAl?$AAd?$AA?4?$AAT?$AAy?$AAp?$AAe?$AA?5?$AA?5?$AA?5?$AA?5?$AA?5?$AA?5?$AA?5?$AA?5?$AA?5?$AA?5?$AA?5?$AA?5?$AA?5?$AA?5?$AA?5?$AA?5?$AA?5@ 000000014001a82a     dbg_.-gpu_subsystem.o
 0002:00001896       ??_C@_1FG@OJFNKBCG@?$AA?7?$AA?$CF?$AAl?$AAl?$AAd?$AA?4?$AA?$CF?$AAl?$AAl?$AAd?$AA?4?$AAV?$AAe?$AAn?$AAd?$AAo?$AAr?$AA?5?$AA?5?$AA?5?$AA?5?$AA?5?$AA?5?$AA?5?$AA?5?$AA?5?$AA?5?$AA?5?$AA?5?$AA?5?$AA?5?$AA?5@ 000000014001a896     dbg_.-gpu_subsystem.o
 0002:000018fe       ??_C@_1FG@LICMMOCB@?$AA?7?$AA?$CF?$AAl?$AAl?$AAd?$AA?4?$AA?$CF?$AAl?$AAl?$AAd?$AA?4?$AAD?$AAr?$AAi?$AAv?$AAe?$AAr?$AA?5?$AAV?$AAe?$AAr?$AAs?$AAi?$AAo?$AAn?$AA?5?$AA?5?$AA?5?$AA?5?$AA?5?$AA?5?$AA?5@ 000000014001a8fe     dbg_.-gpu_subsystem.o
 0002:00001966       ??_C@_1FG@GEMKEAJB@?$AA?7?$AA?$CF?$AAl?$AAl?$AAd?$AA?4?$AA?$CF?$AAl?$AAl?$AAd?$AA?4?$AAD?$AAe?$AAv?$AAi?$AAc?$AAe?$AA?5?$AAV?$AAe?$AAr?$AAs?$AAi?$AAo?$AAn?$AA?5?$AA?5?$AA?5?$AA?5?$AA?5?$AA?5?$AA?5@ 000000014001a966     dbg_.-gpu_subsystem.o
 0002:000019ce       ??_C@_1FG@MPCNGFNE@?$AA?7?$AA?$CF?$AAl?$AAl?$AAd?$AA?4?$AA?$CF?$AAl?$AAl?$AAd?$AA?4?$AAP?$AAr?$AAo?$AAf?$AAi?$AAl?$AAe?$AA?5?$AA?5?$AA?5?$AA?5?$AA?5?$AA?5?$AA?5?$AA?5?$AA?5?$AA?5?$AA?5?$AA?5?$AA?5?$AA?5@ 000000014001a9ce     dbg_.-gpu_subsystem.o
 0002:00001a36       ??_C@_1FG@GJMINOLL@?$AA?7?$AA?$CF?$AAl?$AAl?$AAd?$AA?4?$AA?$CF?$AAl?$AAl?$AAd?$AA?4?$AAE?$AAx?$AAt?$AAe?$AAn?$AAs?$AAi?$AAo?$AAn?$AAs?$AA?5?$AA?5?$AA?5?$AA?5?$AA?5?$AA?5?$AA?5?$AA?5?$AA?5?$AA?5?$AA?5@ 000000014001aa36     dbg_.-gpu_subsystem.o
 0002:00001a9e       ??_C@_1FK@NKJEPLPJ@?$AA?7?$AA?$CF?$AAl?$AAl?$AAd?$AA?4?$AA?$CF?$AAl?$AAl?$AAd?$AA?4?$AAM?$AAa?$AAx?$AA?5?$AAC?$AAo?$AAm?$AAp?$AAu?$AAt?$AAe?$AA?5?$AAU?$AAn?$AAi?$AAt?$AAs?$AA?5?$AA?5?$AA?5?$AA?5@ 000000014001aa9e     dbg_.-gpu_subsystem.o
 0002:00001b0a       ??_C@_1FK@OLFGCCPL@?$AA?7?$AA?$CF?$AAl?$AAl?$AAd?$AA?4?$AA?$CF?$AAl?$AAl?$AAd?$AA?4?$AAM?$AAa?$AAx?$AA?5?$AAI?$AAt?$AAe?$AAm?$AA?5?$AAD?$AAi?$AAm?$AAe?$AAn?$AAs?$AAi?$AAo?$AAn?$AAs?$AA?5?$AA?5@ 000000014001ab0a     dbg_.-gpu_subsystem.o
 0002:00001b76       ??_C@_1FK@CMFPDFMJ@?$AA?7?$AA?$CF?$AAl?$AAl?$AAd?$AA?4?$AA?$CF?$AAl?$AAl?$AAd?$AA?4?$AAM?$AAa?$AAx?$AA?5?$AAG?$AAr?$AAo?$AAu?$AAp?$AA?5?$AAS?$AAi?$AAz?$AAe?$AA?5?$AA?5?$AA?5?$AA?5?$AA?5?$AA?5?$AA?5@ 000000014001ab76     dbg_.-gpu_subsystem.o
 0002:00001be2       ??_C@_1GA@OFJKKJHL@?$AA?7?$AA?7?$AA?$CF?$AAl?$AAl?$AAd?$AA?4?$AA?$CF?$AAl?$AAl?$AAd?$AA?4?$AAM?$AAa?$AAx?$AA?5?$AAI?$AAt?$AAe?$AAm?$AA?5?$AAS?$AAi?$AAz?$AAe?$AAs?$AA?$FL?$AA?$CF?$AAl?$AAl?$AAd?$AA?$FN@ 000000014001abe2     dbg_.-gpu_subsystem.o
 0002:00001c56       ??_C@_1FK@PBEPJBHG@?$AA?7?$AA?$CF?$AAl?$AAl?$AAd?$AA?4?$AA?$CF?$AAl?$AAl?$AAd?$AA?4?$AAM?$AAa?$AAx?$AA?5?$AAC?$AAl?$AAo?$AAc?$AAk?$AA?5?$AAF?$AAr?$AAe?$AAq?$AAu?$AAe?$AAn?$AAc?$AAy?$AA?5?$AA?5@ 000000014001ac56     dbg_.-gpu_subsystem.o
 0002:00001cc2       ??_C@_1FK@EGKKPFNE@?$AA?7?$AA?$CF?$AAl?$AAl?$AAd?$AA?4?$AA?$CF?$AAl?$AAl?$AAd?$AA?4?$AAM?$AAa?$AAx?$AA?5?$AAM?$AAe?$AAm?$AA?5?$AAA?$AAl?$AAl?$AAo?$AAc?$AA?5?$AAS?$AAi?$AAz?$AAe?$AA?5?$AA?5?$AA?5@ 000000014001acc2     dbg_.-gpu_subsystem.o
 0002:00001d2e       ??_C@_1FK@NMMFNGJN@?$AA?7?$AA?$CF?$AAl?$AAl?$AAd?$AA?4?$AA?$CF?$AAl?$AAl?$AAd?$AA?4?$AAG?$AAl?$AAo?$AAb?$AAa?$AAl?$AA?5?$AAM?$AAe?$AAm?$AA?5?$AAC?$AAa?$AAc?$AAh?$AAe?$AAl?$AAi?$AAn?$AAe?$AA?5@ 000000014001ad2e     dbg_.-gpu_subsystem.o
 0002:00001d9a       ??_C@_1FK@NMHJFOBI@?$AA?7?$AA?$CF?$AAl?$AAl?$AAd?$AA?4?$AA?$CF?$AAl?$AAl?$AAd?$AA?4?$AAG?$AAl?$AAo?$AAb?$AAa?$AAl?$AA?5?$AAM?$AAe?$AAm?$AA?5?$AAC?$AAa?$AAc?$AAh?$AAe?$AA?5?$AAS?$AAi?$AAz?$AAe@ 000000014001ad9a     dbg_.-gpu_subsystem.o
 0002:00001e06       ??_C@_1FK@KEPOBMOJ@?$AA?7?$AA?$CF?$AAl?$AAl?$AAd?$AA?4?$AA?$CF?$AAl?$AAl?$AAd?$AA?4?$AAG?$AAl?$AAo?$AAb?$AAa?$AAl?$AA?5?$AAM?$AAe?$AAm?$AA?5?$AAS?$AAi?$AAz?$AAe?$AA?5?$AA?5?$AA?5?$AA?5?$AA?5?$AA?5@ 000000014001ae06     dbg_.-gpu_subsystem.o
 0002:00001e72       ??_C@_1FK@BEKCEBKI@?$AA?7?$AA?$CF?$AAl?$AAl?$AAd?$AA?4?$AA?$CF?$AAl?$AAl?$AAd?$AA?4?$AAL?$AAo?$AAc?$AAa?$AAl?$AA?5?$AAM?$AAe?$AAm?$AA?5?$AAS?$AAi?$AAz?$AAe?$AA?5?$AA?5?$AA?5?$AA?5?$AA?5?$AA?5?$AA?5@ 000000014001ae72     dbg_.-gpu_subsystem.o
 0002:00001ede       ??_C@_1DG@HHDGLCMF@?$AAA?$AAt?$AA?5?$AAe?$AAn?$AAd?$AA?5?$AAh?$AAa?$AAv?$AAe?$AA?5?$AA?$CF?$AAl?$AAl?$AAd?$AA?5?$AAd?$AAe?$AAv?$AAi?$AAc?$AAe?$AAs?$AA?4?$AA?6?$AA?$AA@ 000000014001aede     dbg_.-gpu_subsystem.o
 0002:00001f1e       ??_C@_1FC@JJNHHFIJ@?$AAI?$AAn?$AAi?$AAt?$AA?5?$AAf?$AAo?$AAr?$AAm?$AA?5?$AAp?$AAl?$AAa?$AAt?$AAf?$AAo?$AAr?$AAm?$AA?5?$AA?$CF?$AAl?$AAl?$AAd?$AA?5?$AA?$FL?$AAa?$AAu?$AAt?$AAo?$AA?5?$AAs?$AAe@ 000000014001af1e     dbg_.-gpu_subsystem.o
 0002:00001f80       ??_C@_1EC@CFAEGHOO@?$AAE?$AAr?$AAr?$AAo?$AAr?$AA?5?$AAa?$AAt?$AA?5?$AAc?$AAl?$AAC?$AAr?$AAe?$AAa?$AAt?$AAe?$AAC?$AAo?$AAn?$AAt?$AAe?$AAx?$AAt?$AA?5?$AA?$FL?$AA?$CF?$AAl?$AAl?$AAd?$AA?$FN?$AA?6@ 000000014001af80     dbg_.-gpu_subsystem.o
 0002:00001fd0       ??_C@_1GI@JODPKPLM@?$AAE?$AAr?$AAr?$AAo?$AAr?$AA?5?$AAa?$AAt?$AA?5?$AAc?$AAl?$AAC?$AAr?$AAe?$AAa?$AAt?$AAe?$AAC?$AAo?$AAm?$AAm?$AAa?$AAn?$AAd?$AAQ?$AAu?$AAe?$AAu?$AAe?$AAW?$AAi?$AAt@ 000000014001afd0     dbg_.-gpu_subsystem.o
 0002:0000204c       ??_C@_0FA@OKGFDHAO@?9cl?9single?9precision?9constant?5?9c@ 000000014001b04c     dbg_.-gpu_subsystem.o
 0002:000020ac       ??_C@_1DE@FJCPKFIJ@?$AAB?$AAu?$AAi?$AAl?$AAd?$AAP?$AAr?$AAo?$AAg?$AAr?$AAa?$AAm?$AA?5?$AAE?$AAr?$AAr?$AAo?$AAr?$AA?3?$AA?5?$AA?$CF?$AAl?$AAl?$AAd?$AA?6?$AA?$AA@ 000000014001b0ac     dbg_.-gpu_subsystem.o
 0002:000020ea       ??_C@_19PDAGFAKM@?$AA?4?$AA?4?$AA?4?$AA?6?$AA?$AA@ 000000014001b0ea     dbg_.-gpu_subsystem.o
 0002:000020f6       ??_C@_1CO@HIIDKPPP@?$AAB?$AAu?$AAi?$AAl?$AAd?$AAI?$AAn?$AAf?$AAo?$AA?5?$AAE?$AAr?$AAr?$AAo?$AAr?$AA?3?$AA?5?$AA?$CF?$AAl?$AAl?$AAd?$AA?6?$AA?$AA@ 000000014001b0f6     dbg_.-gpu_subsystem.o
 0002:0000212e       ??_C@_1DA@GJKLKGNM@?$AAB?$AAu?$AAi?$AAl?$AAd?$AAI?$AAn?$AAf?$AAo?$AA2?$AA?5?$AAE?$AAr?$AAr?$AAo?$AAr?$AA?3?$AA?5?$AA?$CF?$AAl?$AAl?$AAd?$AA?6?$AA?$AA@ 000000014001b12e     dbg_.-gpu_subsystem.o
 0002:00002168       ??_C@_1DA@CBNNMJJB@?$AAE?$AAr?$AAr?$AAo?$AAr?$AA?5?$AAI?$AAn?$AAf?$AAo?$AA?3?$AA?5?$AAc?$AAo?$AAd?$AAe?$AA?$DN?$AA?$CF?$AAl?$AAl?$AAd?$AA?3?$AA?6?$AA?$AA@ 000000014001b168     dbg_.-gpu_subsystem.o
 0002:000021a2       ??_C@_1CA@CAEDKLHA@?$AA?$CF?$AA0?$AA2?$AAx?$AA?5?$AA?$CF?$AA0?$AA2?$AAx?$AA?5?$AA?$CF?$AA0?$AA2?$AAx?$AA?6?$AA?$AA@ 000000014001b1a2     dbg_.-gpu_subsystem.o
 0002:000021c8       ??_C@_17MJEANDKP@?$AA?$CF?$AAs?$AA?6?$AA?$AA@ 000000014001b1c8     dbg_.-gpu_subsystem.o
 0002:000021d2       ??_C@_1CO@DCKAPNAK@?$AAw?$AAa?$AAi?$AAt?$AAi?$AAn?$AAg?$AA?5?$AAs?$AAt?$AAa?$AAr?$AAt?$AAu?$AAp?$AA?5?$AAp?$AAa?$AAg?$AAe?$AAs?$AA?6?$AA?$AA@ 000000014001b1d2     dbg_.-hive_entry.o
 0002:0000220a       ??_C@_1EI@OLFKDNEP@?$AAE?$AAr?$AAr?$AAo?$AAr?$AA?3?$AA?5?$AAa?$AAl?$AAl?$AAo?$AAc?$AAa?$AAt?$AAe?$AAd?$AA?5?$AAa?$AAr?$AAr?$AAa?$AAy?$AA?5?$AAi?$AAs?$AAn?$AA?8?$AAt?$AA?5?$AAl?$AAo?$AAc@ 000000014001b20a     dbg_.-hive_entry.o
 0002:00002260       ??_C@_1BM@MGOLOELI@?$AAr?$AAe?$AAs?$AAC?$AAo?$AAd?$AAe?$AAI?$AAd?$AA?$DN?$AA?$CF?$AAp?$AA?6?$AA?$AA@ 000000014001b260     dbg_.-hive_entry.o
 0002:00002282       ??_C@_1DO@NMNBJACC@?$AA?9?$AA?9?$AA?9?$AA?9?$AA?9?$AA?5?$AAt?$AAo?$AAt?$AAa?$AAl?$AA?5?$AA?$CF?$AAl?$AAl?$AAd?$AA?5?$AAc?$AAo?$AAn?$AAn?$AAe?$AAc?$AAt?$AAi?$AAo?$AAn?$AAs?$AA?3?$AA?6?$AA?$AA@ 000000014001b282     dbg_.-remote.o
 0002:000022cc       ??_C@_1EM@BPMELAJO@?$AA?9?$AAc?$AAo?$AAn?$AAn?$AAe?$AAc?$AAt?$AAi?$AAo?$AAn?$AA?5?$AA?$FL?$AA?$CF?$AAp?$AA?$FN?$AA?5?$AA?$CF?$AAl?$AAl?$AAd?$AA?3?$AA?5?$AAl?$AAo?$AAc?$AAa?$AAl?$AA_?$AAi?$AAd?$AA?$DN@ 000000014001b2cc     dbg_.-remote.o
 0002:00002328       ??_C@_1DC@HEOFFPLC@?$AAo?$AAu?$AAt?$AAg?$AAo?$AAi?$AAn?$AAg?$AA?3?$AA?5?$AAN?$AAo?$AA?5?$AAc?$AAo?$AAn?$AAn?$AAe?$AAc?$AAt?$AAi?$AAo?$AAn?$AA?6?$AA?$AA@ 000000014001b328     dbg_.-remote.o
 0002:00002364       ??_C@_1DG@HNEHLNLB@?$AAo?$AAu?$AAt?$AAg?$AAo?$AAi?$AAn?$AAg?$AA?3?$AA?5?$AAI?$AAP?$AA?$DN?$AA?$CF?$AAs?$AA?5?$AAP?$AAO?$AAR?$AAT?$AA?$DN?$AA?$CF?$AAl?$AAl?$AAd?$AA?6?$AA?$AA@ 000000014001b364     dbg_.-remote.o
 0002:000023a4       ??_C@_1DI@OKINGPOA@?$AAo?$AAu?$AAt?$AAg?$AAo?$AAi?$AAn?$AAg?$AA?3?$AA?5?$AA?5?$AAI?$AAP?$AA?$DN?$AA?$CF?$AAs?$AA?5?$AAP?$AAO?$AAR?$AAT?$AA?$DN?$AA?$CF?$AAl?$AAl?$AAd?$AA?6?$AA?$AA@ 000000014001b3a4     dbg_.-remote.o
 0002:000023e8       ??_C@_1CM@KOFOMBCP@?$AAo?$AAu?$AAt?$AAg?$AAo?$AAi?$AAn?$AAg?$AA?3?$AA?5?$AA?5?$AAC?$AAo?$AAr?$AAr?$AAu?$AAp?$AAt?$AAe?$AAd?$AA?6?$AA?$AA@ 000000014001b3e8     dbg_.-remote.o
 0002:0000241c       ??_C@_1DC@OBBDDNNB@?$AAi?$AAn?$AAc?$AAo?$AAm?$AAi?$AAn?$AAg?$AA?3?$AA?5?$AAN?$AAo?$AA?5?$AAc?$AAo?$AAn?$AAn?$AAe?$AAc?$AAt?$AAi?$AAo?$AAn?$AA?6?$AA?$AA@ 000000014001b41c     dbg_.-remote.o
 0002:00002458       ??_C@_1DG@NNAENLOC@?$AAi?$AAn?$AAc?$AAo?$AAm?$AAi?$AAn?$AAg?$AA?3?$AA?5?$AAI?$AAP?$AA?$DN?$AA?$CF?$AAs?$AA?5?$AAP?$AAO?$AAR?$AAT?$AA?$DN?$AA?$CF?$AAl?$AAl?$AAd?$AA?6?$AA?$AA@ 000000014001b458     dbg_.-remote.o
 0002:00002498       ??_C@_1DI@NPMKAFFJ@?$AAi?$AAn?$AAc?$AAo?$AAm?$AAi?$AAn?$AAg?$AA?3?$AA?5?$AA?5?$AAI?$AAP?$AA?$DN?$AA?$CF?$AAs?$AA?5?$AAP?$AAO?$AAR?$AAT?$AA?$DN?$AA?$CF?$AAl?$AAl?$AAd?$AA?6?$AA?$AA@ 000000014001b498     dbg_.-remote.o
 0002:000024dc       ??_C@_1GA@HHMMHPKA@?$AA?$CB?$AA?$CB?$AA?$CB?$AA?$CB?$AA?$CB?$AA?5?$AA?$DO?$AA?$DO?$AA?$DO?$AA?$DO?$AA?$DO?$AA?$DO?$AA?5?$AAP?$AAa?$AAg?$AAe?$AA?5?$AAa?$AAl?$AAl?$AAo?$AAc?$AAa?$AAt?$AAi?$AAo?$AAn?$AA?5?$AAi?$AAd?$AA?$DN@ 000000014001b4dc     dbg_.-remote.o
 0002:00002550       ??_C@_1DE@OFJFJIIH@?$AAS?$AAe?$AAr?$AAv?$AAe?$AAr?$AA?5?$AAi?$AAd?$AA?$DN?$AA?$CF?$AAl?$AAl?$AAd?$AA?5?$AAc?$AAo?$AAn?$AAf?$AAi?$AAr?$AAm?$AAe?$AAd?$AA?6?$AA?$AA@ 000000014001b550     dbg_.-remote.o
 0002:0000258e       ??_C@_1CG@DJLPCGPG@?$AAC?$AAl?$AAi?$AAe?$AAn?$AAt?$AA?5?$AAc?$AAo?$AAn?$AAn?$AAe?$AAc?$AAt?$AAe?$AAd?$AA?$CB?$AA?6?$AA?$AA@ 000000014001b58e     dbg_.-remote.o
 0002:000025bc       ??_C@_1GO@KIHGLMJK@?$AAS?$AAe?$AAn?$AAd?$AA?5?$AAc?$AAo?$AAn?$AAf?$AAi?$AAr?$AAm?$AAa?$AAt?$AAi?$AAo?$AAn?$AA?5?$AAo?$AAf?$AA?5?$AAp?$AAa?$AAg?$AAe?$AA?5?$AAa?$AAl?$AAl?$AAo?$AAc?$AAa@ 000000014001b5bc     dbg_.-remote.o
 0002:00002640       ??_C@_1FC@NJOMCOBI@?$AAR?$AAe?$AAd?$AAi?$AAr?$AAe?$AAc?$AAt?$AAi?$AAn?$AAg?$AA?5?$AAp?$AAa?$AAg?$AAe?$AA?5?$AAq?$AAu?$AAe?$AAr?$AAy?$AA?5?$AAt?$AAo?$AA?5?$AAl?$AAo?$AAc?$AAa?$AAl?$AA_@ 000000014001b640     dbg_.-remote.o
 0002:000026a2       ??_C@_1EO@MLLDILKB@?$AAR?$AAe?$AAd?$AAi?$AAr?$AAe?$AAc?$AAt?$AAi?$AAn?$AAg?$AA?5?$AAi?$AAd?$AA?5?$AAq?$AAu?$AAe?$AAr?$AAy?$AA?5?$AAt?$AAo?$AA?5?$AAl?$AAo?$AAc?$AAa?$AAl?$AA_?$AAi?$AAd@ 000000014001b6a2     dbg_.-remote.o
 0002:00002700       ??_C@_1DM@IBOIDFJO@?$AAs?$AAo?$AAc?$AAk?$AAe?$AAt?$AA?$CI?$AA?$CJ?$AA?5?$AAf?$AAa?$AAi?$AAl?$AAe?$AAd?$AA?5?$AA?$FL?$AAe?$AAr?$AAr?$AAo?$AAr?$AA?$DN?$AA?$CF?$AAl?$AAl?$AAd?$AA?$FN?$AA?6?$AA?$AA@ 000000014001b700     dbg_.-remote.o
 0002:00002748       ??_C@_1CM@FLPDOBBA@?$AAR?$AAe?$AAq?$AAu?$AAe?$AAs?$AAt?$AAi?$AAn?$AAg?$AA?5?$AAp?$AAo?$AAr?$AAt?$AA?5?$AA?$CF?$AAl?$AAl?$AAd?$AA?6?$AA?$AA@ 000000014001b748     dbg_.-remote.o
 0002:0000277c       ??_C@_1DK@IOCIPHFJ@?$AAc?$AAo?$AAn?$AAn?$AAe?$AAc?$AAt?$AA?5?$AAf?$AAa?$AAi?$AAl?$AAe?$AAd?$AA?5?$AA?$FL?$AAe?$AAr?$AAr?$AAo?$AAr?$AA?$DN?$AA?$CF?$AAl?$AAl?$AAd?$AA?$FN?$AA?6?$AA?$AA@ 000000014001b77c     dbg_.-remote.o
 0002:000027c2       ??_C@_1DO@IMGJNCBG@?$AAC?$AAo?$AAn?$AAn?$AAe?$AAc?$AAt?$AAi?$AAo?$AAn?$AA?5?$AAi?$AAs?$AA?5?$AAs?$AAu?$AAc?$AAc?$AAe?$AAs?$AAs?$AAf?$AAu?$AAl?$AA?$CB?$AA?5?$AA?$FL?$AA1?$AA?$FN?$AA?6?$AA?$AA@ 000000014001b7c2     dbg_.-remote.o
 0002:000028aa       ??_C@_1GE@BBHPHIKC@?$AAE?$AAr?$AAr?$AAo?$AAr?$AA?5?$AA?9?$AA?5?$AAs?$AAe?$AAr?$AAv?$AAe?$AAr?$AA_?$AAp?$AAo?$AAr?$AAt?$AA?5?$AA?$DN?$AA?$DN?$AA?5?$AA?9?$AA1?$AA?5?$AA?$FL?$AAs?$AAe?$AAr?$AAv?$AAe@ 000000014001b8aa     dbg_.-remote.o
 0002:00002922       ??_C@_1EM@HCGPBNNP@?$AAS?$AAt?$AAa?$AAr?$AAt?$AAi?$AAn?$AAg?$AA?5?$AAn?$AAe?$AAw?$AA?5?$AAc?$AAo?$AAn?$AAn?$AAe?$AAc?$AAt?$AAi?$AAo?$AAn?$AA?5?$AAt?$AAo?$AA?5?$AA?$FL?$AA?$CF?$AAs?$AA?$FN?$AA?5@ 000000014001b922     dbg_.-remote.o
 0002:0000297e       ??_C@_1FE@JKPBPNOM@?$AAE?$AAr?$AAr?$AAo?$AAr?$AA?5?$AAr?$AAe?$AAs?$AAo?$AAl?$AAv?$AAi?$AAn?$AAg?$AA?5?$AAh?$AAo?$AAs?$AAt?$AA?4?$AA?5?$AA?$FL?$AAs?$AAt?$AAa?$AAt?$AAu?$AAs?$AA?$DN?$AA?$CF?$AAl@ 000000014001b97e     dbg_.-remote.o
 0002:000029e2       ??_C@_1DO@COGNFPF@?$AAC?$AAo?$AAn?$AAn?$AAe?$AAc?$AAt?$AAi?$AAo?$AAn?$AA?5?$AAi?$AAs?$AA?5?$AAs?$AAu?$AAc?$AAc?$AAe?$AAs?$AAs?$AAf?$AAu?$AAl?$AA?$CB?$AA?5?$AA?$FL?$AA2?$AA?$FN?$AA?6?$AA?$AA@ 000000014001b9e2     dbg_.-remote.o
 0002:00002a2c       ??_C@_1FK@FPKJOMKP@?$AAE?$AAr?$AAr?$AAo?$AAr?$AA?3?$AA?5?$AAC?$AAo?$AAu?$AAl?$AAd?$AA?5?$AAn?$AAo?$AAt?$AA?5?$AAc?$AAo?$AAn?$AAn?$AAe?$AAc?$AAt?$AA?5?$AAt?$AAo?$AA?5?$AA?$CF?$AAs?$AA?5?$AA?$FL@ 000000014001ba2c     dbg_.-remote.o
 0002:00002a98       ??_C@_1EA@JBNEEBDD@?$AAT?$AAr?$AAy?$AAi?$AAn?$AAg?$AA?5?$AAt?$AAo?$AA?5?$AAg?$AAe?$AAt?$AA?5?$AAm?$AAe?$AAm?$AAo?$AAr?$AAy?$AA?5?$AAp?$AAa?$AAg?$AAe?$AA?5?$AA?$CF?$AAl?$AAl?$AAd?$AA?6?$AA?$AA@ 000000014001ba98     dbg_.-remote.o
 0002:00002ae4       ??_C@_1EI@BHCKMCLF@?$AAC?$AAr?$AAe?$AAa?$AAt?$AAe?$AAd?$AA?5?$AAb?$AAr?$AAo?$AAa?$AAd?$AAc?$AAa?$AAs?$AAt?$AA?5?$AAw?$AAi?$AAt?$AAh?$AA?5?$AAp?$AAr?$AAe?$AAf?$AAi?$AAx?$AA?$DN?$AA?$CF?$AAl@ 000000014001bae4     dbg_.-remote.o
 0002:00002b3a       ??_C@_1DM@MBBJEJBJ@?$AAT?$AAr?$AAy?$AAi?$AAn?$AAg?$AA?5?$AAt?$AAo?$AA?5?$AAg?$AAe?$AAt?$AA?5?$AAs?$AAe?$AAr?$AAv?$AAe?$AAr?$AA?5?$AAi?$AAd?$AA?5?$AA?$CF?$AAl?$AAl?$AAd?$AA?6?$AA?$AA@ 000000014001bb3a     dbg_.-remote.o
 0002:00002b82       ??_C@_1GK@DMGCKEJF@?$AAA?$AAn?$AAs?$AAw?$AAe?$AAr?$AA?5?$AAP?$AAu?$AAs?$AAh?$AA?5?$AAO?$AAb?$AAj?$AAe?$AAc?$AAt?$AA?5?$AAt?$AAo?$AA?5?$AAl?$AAo?$AAc?$AAa?$AAl?$AAi?$AAd?$AA?$DN?$AA?$CF?$AAl@ 000000014001bb82     dbg_.-remote.o
 0002:00002c02       ??_C@_1GM@MICHOCHB@?$AAA?$AAn?$AAs?$AAw?$AAe?$AAr?$AA?5?$AAQ?$AAu?$AAe?$AAr?$AAy?$AA?5?$AAO?$AAb?$AAj?$AAe?$AAc?$AAt?$AA?5?$AAt?$AAo?$AA?5?$AAl?$AAo?$AAc?$AAa?$AAl?$AAi?$AAd?$AA?$DN?$AA?$CF@ 000000014001bc02     dbg_.-remote.o
 0002:00002c84       ??_C@_1FK@FHPCFNAH@?$AAs?$AAe?$AAn?$AAd?$AA?5?$AAb?$AAr?$AAo?$AAa?$AAd?$AAc?$AAa?$AAs?$AAt?$AA?5?$AAa?$AAn?$AAs?$AAw?$AAe?$AAr?$AA?5?$AAp?$AAa?$AAt?$AAh?$AA?5?$AAt?$AAo?$AA?5?$AAl?$AAo@ 000000014001bc84     dbg_.-remote.o
 0002:00002cf0       ??_C@_1FM@FIIIPBAA@?$AAs?$AAe?$AAn?$AAd?$AA?5?$AAb?$AAr?$AAo?$AAa?$AAd?$AAc?$AAa?$AAs?$AAt?$AA?5?$AAp?$AAa?$AAt?$AAh?$AA?5?$AAr?$AAe?$AAq?$AAu?$AAe?$AAs?$AAt?$AA?5?$AAt?$AAo?$AA?5?$AAl@ 000000014001bcf0     dbg_.-remote.o
 0002:00002d5e       ??_C@_1GA@MDBOGCGI@?$AAs?$AAe?$AAn?$AAd?$AA?5?$AAb?$AAr?$AAo?$AAa?$AAd?$AAc?$AAa?$AAs?$AAt?$AA?5?$AAa?$AAn?$AAs?$AAw?$AAe?$AAr?$AA?5?$AAi?$AAd?$AA?5?$AAp?$AAa?$AAt?$AAh?$AA?5?$AAt?$AAo@ 000000014001bd5e     dbg_.-remote.o
 0002:00002dd2       ??_C@_1EO@CDOEBIIP@?$AAS?$AAe?$AAn?$AAd?$AAi?$AAn?$AAg?$AA?5?$AAb?$AAr?$AAo?$AAa?$AAd?$AAc?$AAa?$AAs?$AAt?$AA?5?$AAt?$AAo?$AA?5?$AAf?$AAi?$AAn?$AAd?$AA?5?$AAo?$AAb?$AAj?$AAe?$AAc?$AAt@ 000000014001bdd2     dbg_.-remote.o
 0002:00002e30       ??_C@_1DC@EHBNKHBD@?$AAr?$AAe?$AAq?$AAu?$AAe?$AAs?$AAt?$AA?5?$AAs?$AAe?$AAt?$AA?5?$AAo?$AAb?$AAj?$AAe?$AAc?$AAt?$AA?$DN?$AA?$CF?$AAl?$AAl?$AAd?$AA?6?$AA?$AA@ 000000014001be30     dbg_.-remote.o
 0002:00002e6c       ??_C@_1CO@OBFELGCG@?$AAl?$AAo?$AAc?$AAa?$AAl?$AA?5?$AAo?$AAb?$AAj?$AAe?$AAc?$AAt?$AA?5?$AA?9?$AA?5?$AAa?$AAn?$AAs?$AAw?$AAe?$AAr?$AA?6?$AA?$AA@ 000000014001be6c     dbg_.-remote.o
 0002:00002ea4       ??_C@_1CC@BJNHGOIA@?$AAd?$AAo?$AAn?$AA?8?$AAt?$AA?5?$AAk?$AAn?$AAo?$AAw?$AA?5?$AAp?$AAa?$AAt?$AAh?$AA?6?$AA?$AA@ 000000014001bea4     dbg_.-remote.o
 0002:00002ecc       ??_C@_1DA@NHJHHADA@?$AAr?$AAe?$AAq?$AAu?$AAe?$AAs?$AAt?$AA?5?$AAs?$AAe?$AAn?$AAt?$AA?5?$AA?$FL?$AAt?$AAo?$AA?5?$AA?$CF?$AAl?$AAl?$AAd?$AA?$FN?$AA?6?$AA?$AA@ 000000014001becc     dbg_.-remote.o
 0002:00002f06       ??_C@_1IK@DBMEHLHD@?$AAS?$AAt?$AAa?$AAr?$AAt?$AAi?$AAn?$AAg?$AA?5?$AAn?$AAe?$AAw?$AA?5?$AAR?$AAE?$AAM?$AAO?$AAT?$AAE?$AA?5?$AAw?$AAo?$AAr?$AAk?$AAe?$AAr?$AA?5?$AA?$CF?$AAl?$AAl?$AAd?$AA?5@ 000000014001bf06     dbg_.-remote.o
 0002:00002fac       ??_C@_1EK@DLJDAMIC@?$AAs?$AAe?$AAn?$AAd?$AAi?$AAn?$AAg?$AA?5?$AAh?$AAi?$AAv?$AAe?$AA?5?$AAs?$AAt?$AAa?$AAt?$AAe?$AA?5?$AA?$FL?$AA?$CF?$AAl?$AAl?$AAd?$AA?5?$AA?$CF?$AAl?$AAl?$AAd?$AA?5?$AA?$CF?$AAl@ 000000014001bfac     dbg_.-remote.o
 0002:00003004       ??_C@_1DG@PIHIFHIB@?$AAi?$AAn?$AAt?$AAi?$AAi?$AAa?$AAl?$AAi?$AAz?$AAa?$AAt?$AAi?$AAn?$AAg?$AA?5?$AAn?$AAe?$AAt?$AAw?$AAo?$AAr?$AAk?$AA?4?$AA?4?$AA?4?$AA?6?$AA?$AA@ 000000014001c004     dbg_.-remote.o
 0002:00003044       ??_C@_1LE@PPGJDLMH@?$AA?$FL?$AAp?$AA?5?$AA?$DM?$AAp?$AAo?$AAr?$AAt?$AA?$DO?$AA?$FN?$AA?5?$AAt?$AAo?$AA?5?$AAs?$AAe?$AAl?$AAe?$AAc?$AAt?$AA?5?$AAp?$AAo?$AAr?$AAt?$AA?5?$AA?$FL?$AAc?$AA?5?$AA?$DM?$AAi?$AAp@ 000000014001c044     dbg_.-remote.o
 0002:0000311c       ??_C@_1BO@BCIJKPCC@?$AAE?$AAn?$AAt?$AAe?$AAr?$AA?5?$AAc?$AAo?$AAm?$AAm?$AAa?$AAn?$AAd?$AA?$DO?$AA?$AA@ 000000014001c11c     dbg_.-remote.o
 0002:00003140       ??_C@_1CK@IMAGNILG@?$AAC?$AAo?$AAn?$AAf?$AAi?$AAr?$AAm?$AAe?$AAd?$AA?5?$AAp?$AAo?$AAr?$AAt?$AA?$DN?$AA?$CF?$AAl?$AAl?$AAd?$AA?6?$AA?$AA@ 000000014001c140     dbg_.-remote.o
 0002:00003172       ??_C@_1CE@BDEHPDNE@?$AAG?$AAe?$AAt?$AA?5?$AAc?$AAo?$AAm?$AAm?$AAa?$AAn?$AAd?$AA?5?$AA?$FL?$AA?$CF?$AAs?$AA?$FN?$AA?6?$AA?$AA@ 000000014001c172     dbg_.-remote.o
 0002:0000319e       ??_C@_1DG@NNMMEGKD@?$AAS?$AAe?$AAl?$AAe?$AAc?$AAt?$AAe?$AAd?$AA?5?$AAc?$AAo?$AAn?$AAn?$AAe?$AAc?$AAt?$AA?5?$AAc?$AAo?$AAm?$AAm?$AAa?$AAn?$AAd?$AA?4?$AA?6?$AA?$AA@ 000000014001c19e     dbg_.-remote.o
 0002:000031de       ??_C@_1CI@KPENLAE@?$AAE?$AAn?$AAt?$AAe?$AAr?$AA?5?$AAI?$AAP?$AA?5?$AAa?$AAn?$AAd?$AA?5?$AAP?$AAO?$AAR?$AAT?$AA?4?$AA?6?$AA?$AA@ 000000014001c1de     dbg_.-remote.o
 0002:0000320e       ??_C@_1EG@CAHECGOL@?$AAT?$AAr?$AAy?$AAi?$AAn?$AAg?$AA?5?$AAt?$AAo?$AA?5?$AAc?$AAo?$AAn?$AAn?$AAe?$AAc?$AAt?$AA?5?$AAt?$AAo?$AA?5?$AA?$FL?$AA?$CF?$AAs?$AA?$FN?$AA?5?$AA?$FL?$AA?$CF?$AAs?$AA?$FN?$AA?4?$AA?4@ 000000014001c20e     dbg_.-remote.o
 0002:00003262       ??_C@_1DG@GLOHHOJG@?$AAT?$AAe?$AAm?$AAp?$AAo?$AAr?$AAa?$AAr?$AAy?$AA?5?$AAl?$AAo?$AAc?$AAa?$AAl?$AA_?$AAi?$AAd?$AA?5?$AA?$DN?$AA?5?$AA?$CF?$AAl?$AAl?$AAd?$AA?6?$AA?$AA@ 000000014001c262     dbg_.-remote.o
 0002:000032a2       ??_C@_1DC@MOJEJJIM@?$AAC?$AAo?$AAn?$AAf?$AAi?$AAg?$AAu?$AAr?$AAa?$AAt?$AAi?$AAo?$AAn?$AA?5?$AAc?$AAo?$AAn?$AAf?$AAi?$AAr?$AAm?$AAe?$AAd?$AA?6?$AA?$AA@ 000000014001c2a2     dbg_.-remote.o
 0002:000032de       ??_C@_1BA@IEOPIPPP@?$AAg?$AAe?$AAt?$AA?5?$AAi?$AAd?$AA?6?$AA?$AA@ 000000014001c2de     dbg_.-remote.o
 0002:000032f2       ??_C@_1BE@JGIALBEO@?$AAs?$AAl?$AAe?$AAe?$AAp?$AAi?$AAn?$AAg?$AA?6?$AA?$AA@ 000000014001c2f2     dbg_.-remote.o
 0002:0000330a       ??_C@_1CC@DLADIFA@?$AAr?$AAu?$AAn?$AAn?$AAi?$AAn?$AAg?$AA?5?$AAt?$AAh?$AAr?$AAe?$AAa?$AAd?$AAs?$AA?6?$AA?$AA@ 000000014001c30a     dbg_.-remote.o
 0002:00003332       ??_C@_1CO@OPIMELJM@?$AAn?$AAe?$AAt?$AAw?$AAo?$AAr?$AAk?$AA?5?$AAi?$AAn?$AAi?$AAt?$AAi?$AAa?$AAl?$AAi?$AAz?$AAa?$AAt?$AAe?$AAd?$AA?6?$AA?$AA@ 000000014001c332     dbg_.-remote.o
 0002:0000336a       ??_C@_1DM@PKIKMHMJ@?$AA?$FL?$AAN?$AAE?$AAT?$AAW?$AAO?$AAR?$AAK?$AA?$FN?$AA?3?$AA?5?$AAP?$AAe?$AAe?$AAr?$AA?5?$AAd?$AAi?$AAs?$AAc?$AAo?$AAn?$AAn?$AAe?$AAc?$AAt?$AAe?$AAd?$AA?6?$AA?$AA@ 000000014001c36a     dbg_.-remote.o
 0002:000033b2       ??_C@_1DG@IHKBKGHO@?$AAG?$AAe?$AAt?$AA?5?$AAm?$AAe?$AAs?$AAs?$AAa?$AAg?$AAe?$AA?5?$AAo?$AAf?$AA?5?$AA?$CF?$AAl?$AAl?$AAd?$AA?5?$AAb?$AAy?$AAt?$AAe?$AAs?$AA?6?$AA?$AA@ 000000014001c3b2     dbg_.-remote.o
 0002:000033f2       ??_C@_1EE@FBAKCJKM@?$AAp?$AAr?$AAo?$AAc?$AAe?$AAs?$AAs?$AA?5?$AAh?$AAe?$AAa?$AAd?$AAe?$AAr?$AA?$FL?$AAo?$AAk?$AA?$FN?$AA?5?$AA?$FL?$AAh?$AAe?$AAa?$AAd?$AAe?$AAr?$AA?$DN?$AA?$CF?$AAl?$AAl?$AAd?$AA?$FN@ 000000014001c3f2     dbg_.-remote.o
 0002:00003444       ??_C@_1EE@CIFDCIBF@?$AAp?$AAr?$AAo?$AAc?$AAe?$AAs?$AAs?$AA?5?$AAl?$AAe?$AAn?$AAg?$AAt?$AAh?$AA?$FL?$AAo?$AAk?$AA?$FN?$AA?5?$AA?$FL?$AAl?$AAe?$AAn?$AAg?$AAt?$AAh?$AA?$DN?$AA?$CF?$AAl?$AAl?$AAd?$AA?$FN@ 000000014001c444     dbg_.-remote.o
 0002:00003496       ??_C@_1CM@JBMABCGC@?$AAp?$AAr?$AAo?$AAc?$AAe?$AAs?$AAs?$AA?5?$AAl?$AAe?$AAn?$AAg?$AAt?$AAh?$AA?$FL?$AAp?$AAa?$AAr?$AAt?$AA?$FN?$AA?6?$AA?$AA@ 000000014001c496     dbg_.-remote.o
 0002:000034ca       ??_C@_1CE@BMKCCAOL@?$AAp?$AAr?$AAo?$AAc?$AAe?$AAs?$AAs?$AA?5?$AAb?$AAo?$AAd?$AAy?$AA?$FL?$AAo?$AAk?$AA?$FN?$AA?6?$AA?$AA@ 000000014001c4ca     dbg_.-remote.o
 0002:000034f6       ??_C@_1FE@JBHEOMDM@?$AAc?$AAo?$AAn?$AAn?$AAe?$AAc?$AAt?$AAi?$AAo?$AAn?$AA?5?$AAw?$AAa?$AAs?$AA?5?$AAc?$AAl?$AAo?$AAs?$AAe?$AAd?$AA?4?$AA?5?$AA?$FL?$AAl?$AAo?$AAc?$AAa?$AAl?$AA_?$AAi?$AAd@ 000000014001c4f6     dbg_.-remote.o
 0002:0000355a       ??_C@_1CI@LDDDECLE@?$AAp?$AAr?$AAo?$AAc?$AAe?$AAs?$AAs?$AA?5?$AAb?$AAo?$AAd?$AAy?$AA?$FL?$AAp?$AAa?$AAr?$AAt?$AA?$FN?$AA?6?$AA?$AA@ 000000014001c55a     dbg_.-remote.o
 0002:0000358a       ??_C@_1FI@DLIHECMG@?$AAG?$AAe?$AAt?$AA?5?$AAa?$AAp?$AAi?$AA?5?$AAc?$AAa?$AAl?$AAl?$AA?5?$AA?$CF?$AAl?$AAl?$AAd?$AA?5?$AAo?$AAf?$AA?5?$AAl?$AAe?$AAn?$AAg?$AAt?$AAh?$AA?3?$AA?5?$AA?$CF?$AAl?$AAl@ 000000014001c58a     dbg_.-remote.o
 0002:000035f4       ??_C@_1EC@IGPNEALA@?$AAA?$AAP?$AAI?$AA_?$AAR?$AAE?$AAQ?$AAU?$AAE?$AAS?$AAT?$AA_?$AAC?$AAO?$AAN?$AAN?$AAE?$AAC?$AAT?$AAI?$AAO?$AAN?$AA?5?$AAa?$AAn?$AAs?$AAw?$AAe?$AAr?$AAe?$AAd?$AA?6@ 000000014001c5f4     dbg_.-remote.o
 0002:00003644       ??_C@_1HI@PFGJBABN@?$AAA?$AAP?$AAI?$AA_?$AAA?$AAN?$AAS?$AAW?$AAE?$AAR?$AA_?$AAR?$AAE?$AAQ?$AAU?$AAE?$AAS?$AAT?$AA_?$AAC?$AAO?$AAN?$AAN?$AAE?$AAC?$AAT?$AAI?$AAO?$AAN?$AA?5?$AAu?$AAp@ 000000014001c644     dbg_.-remote.o
 0002:000036d4       ??_C@_1EM@NFKPCEGC@?$AAU?$AAp?$AAd?$AAa?$AAt?$AAe?$AAd?$AA?5?$AAu?$AAs?$AAi?$AAn?$AAg?$AA?5?$AA?$FL?$AAc?$AAo?$AAn?$AA?$DN?$AA?$CF?$AAp?$AA?$FN?$AA?5?$AA?$FL?$AAa?$AAn?$AAd?$AA?5?$AAf?$AAr?$AAe?$AAe@ 000000014001c6d4     dbg_.-remote.o
 0002:00003730       ??_C@_1LA@ICLCBFDH@?$AAE?$AAr?$AAr?$AAo?$AAr?$AA?3?$AA?5?$AAA?$AAP?$AAI?$AA_?$AAA?$AAN?$AAS?$AAW?$AAE?$AAR?$AA_?$AAR?$AAE?$AAQ?$AAU?$AAE?$AAS?$AAT?$AA_?$AAC?$AAO?$AAN?$AAN?$AAE?$AAC@ 000000014001c730     dbg_.-remote.o
 0002:00003804       ??_C@_1FA@NLLPLBEB@?$AAA?$AAP?$AAI?$AA_?$AAR?$AAE?$AAQ?$AAU?$AAE?$AAS?$AAT?$AA_?$AAI?$AAD?$AA?5?$AAp?$AAa?$AAg?$AAe?$AA?$DN?$AA?$CF?$AAl?$AAl?$AAd?$AA?5?$AA?$FL?$AAp?$AAr?$AAe?$AAf?$AAi?$AAx@ 000000014001c804     dbg_.-remote.o
 0002:00003864       ??_C@_1BG@IOHEMCP@?$AAR?$AAe?$AAf?$AAu?$AAs?$AAe?$AA?5?$AAi?$AAd?$AA?6?$AA?$AA@ 000000014001c864     dbg_.-remote.o
 0002:0000387e       ??_C@_1EI@DCLENIAC@?$AAC?$AAo?$AAn?$AAf?$AAi?$AAr?$AAm?$AAe?$AAd?$AA?5?$AAb?$AAe?$AAc?$AAo?$AAu?$AAs?$AAe?$AA?5?$AAl?$AAo?$AAc?$AAa?$AAl?$AA_?$AAi?$AAd?$AA?5?$AAd?$AAi?$AAf?$AAf?$AAe@ 000000014001c87e     dbg_.-remote.o
 0002:000038d4       ??_C@_1EI@GBBOHBKF@?$AAG?$AAe?$AAt?$AA?5?$AAb?$AAr?$AAo?$AAa?$AAd?$AAc?$AAa?$AAs?$AAt?$AA?5?$AAa?$AAn?$AAs?$AAw?$AAe?$AAr?$AA?5?$AA?$FL?$AAp?$AAr?$AAe?$AAf?$AAi?$AAx?$AA?$DN?$AA?$CF?$AAl?$AAl@ 000000014001c8d4     dbg_.-remote.o
 0002:0000392a       ??_C@_1CK@JAOCGICP@?$AAB?$AAr?$AAo?$AAa?$AAd?$AAc?$AAa?$AAs?$AAt?$AA?5?$AAc?$AAo?$AAn?$AAf?$AAi?$AAr?$AAm?$AAe?$AAd?$AA?6?$AA?$AA@ 000000014001c92a     dbg_.-remote.o
 0002:0000395c       ??_C@_1FM@HIELKEO@?$AAA?$AAP?$AAI?$AA_?$AAR?$AAE?$AAQ?$AAU?$AAE?$AAS?$AAT?$AA_?$AAM?$AAE?$AAM?$AA_?$AAP?$AAA?$AAG?$AAE?$AA?5?$AAp?$AAa?$AAg?$AAe?$AA?$DN?$AA?$CF?$AAl?$AAl?$AAd?$AA?5?$AA?$FL@ 000000014001c95c     dbg_.-remote.o
 0002:000039ca       ??_C@_1CG@KIALDCLE@?$AAR?$AAe?$AAf?$AAu?$AAs?$AAe?$AA?5?$AAa?$AAl?$AAl?$AAo?$AAc?$AAa?$AAt?$AAi?$AAo?$AAn?$AA?6?$AA?$AA@ 000000014001c9ca     dbg_.-remote.o
 0002:000039f8       ??_C@_1CM@IABHOCCE@?$AAg?$AAe?$AAt?$AA?5?$AAp?$AAu?$AAs?$AAh?$AA?5?$AAo?$AAb?$AAj?$AAe?$AAc?$AAt?$AA?5?$AA?$CF?$AAl?$AAl?$AAd?$AA?6?$AA?$AA@ 000000014001c9f8     dbg_.-remote.o
 0002:00003a2c       ??_C@_1BM@CKHNEJCK@?$AAl?$AAo?$AAc?$AAa?$AAl?$AA?9?$AAp?$AAu?$AAs?$AAh?$AAe?$AAd?$AA?6?$AA?$AA@ 000000014001ca2c     dbg_.-remote.o
 0002:00003a4e       ??_C@_1CG@LACBKCJC@?$AAr?$AAe?$AAm?$AAo?$AAt?$AAe?$AA?9?$AAr?$AAe?$AAd?$AAi?$AAr?$AAe?$AAc?$AAt?$AAe?$AAd?$AA?6?$AA?$AA@ 000000014001ca4e     dbg_.-remote.o
 0002:00003a7c       ??_C@_1GM@LPBCPABN@?$AAU?$AAP?$AAD?$AAA?$AAT?$AAE?$AA?5?$AAP?$AAA?$AAT?$AAH?$AA?5?$AA1?$AA?5?$AAT?$AAO?$AA?5?$AA?$CF?$AAl?$AAl?$AAd?$AA?5?$AA?$FL?$AAd?$AAi?$AAs?$AAt?$AAa?$AAn?$AAc?$AAe?$AA?$DN@ 000000014001ca7c     dbg_.-remote.o
 0002:00003afe       ??_C@_1GM@FBBGBBEM@?$AAU?$AAP?$AAD?$AAA?$AAT?$AAE?$AA?5?$AAP?$AAA?$AAT?$AAH?$AA?5?$AA2?$AA?5?$AAT?$AAO?$AA?5?$AA?$CF?$AAl?$AAl?$AAd?$AA?5?$AA?$FL?$AAd?$AAi?$AAs?$AAt?$AAa?$AAn?$AAc?$AAe?$AA?$DN@ 000000014001cafe     dbg_.-remote.o
 0002:00003b80       ??_C@_1HC@GFDBDKMJ@?$AAU?$AAP?$AAD?$AAA?$AAT?$AAE?$AA?5?$AAI?$AAD?$AA?5?$AAP?$AAA?$AAT?$AAH?$AA?5?$AA1?$AA?5?$AAT?$AAO?$AA?5?$AA?$CF?$AAl?$AAl?$AAd?$AA?5?$AA?$FL?$AAd?$AAi?$AAs?$AAt?$AAa?$AAn@ 000000014001cb80     dbg_.-remote.o
 0002:00003c08       ??_C@_1HC@ILDFNLJI@?$AAU?$AAP?$AAD?$AAA?$AAT?$AAE?$AA?5?$AAI?$AAD?$AA?5?$AAP?$AAA?$AAT?$AAH?$AA?5?$AA2?$AA?5?$AAT?$AAO?$AA?5?$AA?$CF?$AAl?$AAl?$AAd?$AA?5?$AA?$FL?$AAd?$AAi?$AAs?$AAt?$AAa?$AAn@ 000000014001cc08     dbg_.-remote.o
 0002:00003c90       ??_C@_1HC@IPIJLOJO@?$AAG?$AAe?$AAt?$AA?5?$AAr?$AAe?$AAm?$AAo?$AAt?$AAe?$AA?5?$AAs?$AAt?$AAa?$AAr?$AAt?$AA?5?$AAw?$AAo?$AAr?$AAk?$AAe?$AAr?$AA?5?$AA?$CF?$AAl?$AAl?$AAd?$AA?5?$AAf?$AAr?$AAo@ 000000014001cc90     dbg_.-remote.o
 0002:00003d18       ??_C@_1FC@CBJJGKKM@?$AAG?$AAE?$AAT?$AA?5?$AAH?$AAI?$AAV?$AAE?$AA?5?$AAS?$AAT?$AAA?$AAT?$AAE?$AA?3?$AA?5?$AA?$CF?$AAl?$AAl?$AAd?$AA?5?$AA?$CF?$AAl?$AAl?$AAd?$AA?5?$AA?$CF?$AAl?$AAl?$AAd?$AA?5?$AA?$FL@ 000000014001cd18     dbg_.-remote.o
 0002:00003d7a       ??_C@_1CG@PIAFPEME@?$AAS?$AAe?$AAr?$AAv?$AAe?$AAr?$AA?5?$AAs?$AAt?$AAa?$AAr?$AAt?$AAe?$AAd?$AA?4?$AA?4?$AA?4?$AA?6?$AA?$AA@ 000000014001cd7a     dbg_.-remote.o
 0002:00003da8       ??_C@_1BI@HLOPLBKF@?$AAb?$AAi?$AAn?$AAd?$AAi?$AAn?$AAg?$AA?4?$AA?4?$AA?4?$AA?6?$AA?$AA@ 000000014001cda8     dbg_.-remote.o
 0002:00003dc4       ??_C@_1CA@GONFBJEC@?$AAS?$AAo?$AAc?$AAk?$AAe?$AAt?$AA?5?$AAc?$AAr?$AAe?$AAa?$AAt?$AAe?$AAd?$AA?6?$AA?$AA@ 000000014001cdc4     dbg_.-remote.o
 0002:00003dea       ??_C@_1DK@EHAPFJND@?$AAs?$AAe?$AAr?$AAv?$AAe?$AAr?$AA?5?$AAs?$AAt?$AAa?$AAr?$AAt?$AAe?$AAd?$AA?5?$AAo?$AAn?$AA?5?$AAp?$AAo?$AAr?$AAt?$AA?5?$AA?$CF?$AAl?$AAl?$AAd?$AA?6?$AA?$AA@ 000000014001cdea     dbg_.-remote.o
 0002:00003e30       ??_C@_1CM@OOKLEHNG@?$AAg?$AAe?$AAt?$AA?5?$AAn?$AAa?$AAm?$AAe?$AA?5?$AAf?$AAa?$AAi?$AAl?$AAe?$AAd?$AA?5?$AA?$CF?$AAl?$AAl?$AAd?$AA?6?$AA?$AA@ 000000014001ce30     dbg_.-remote.o
 0002:00003e64       ??_C@_1CG@NGNGJBNB@?$AAE?$AAr?$AAr?$AAo?$AAr?$AA?5?$AAh?$AAa?$AAp?$AAp?$AAe?$AAn?$AA?5?$AA?$CF?$AAl?$AAl?$AAd?$AA?6?$AA?$AA@ 000000014001ce64     dbg_.-remote.o
 0002:00003e92       ??_C@_1FA@MICONLJJ@?$AAE?$AAr?$AAr?$AAo?$AAr?$AA?3?$AA?5?$AAf?$AAa?$AAi?$AAl?$AAe?$AAd?$AA?5?$AAt?$AAo?$AA?5?$AAa?$AAl?$AAl?$AAo?$AAc?$AAa?$AAt?$AAe?$AA?5?$AAm?$AAe?$AAm?$AAo?$AAr?$AAy@ 000000014001ce92     dbg_.-runtime_lib.o
 0002:00003ef2       ??_C@_1FE@CPMEHOGL@?$AAE?$AAr?$AAr?$AAo?$AAr?$AA?3?$AA?5?$AAf?$AAa?$AAi?$AAl?$AAe?$AAd?$AA?5?$AAt?$AAo?$AA?5?$AAr?$AAe?$AAa?$AAl?$AAl?$AAo?$AAc?$AAa?$AAt?$AAe?$AA?5?$AAm?$AAe?$AAm?$AAo@ 000000014001cef2     dbg_.-runtime_lib.o
 0002:00003f56       ??_C@_1EI@DJFGOBAG@?$AAE?$AAr?$AAr?$AAo?$AAr?$AA?3?$AA?5?$AAf?$AAa?$AAi?$AAl?$AAe?$AAd?$AA?5?$AAt?$AAo?$AA?5?$AAf?$AAr?$AAe?$AAe?$AA?5?$AAm?$AAe?$AAm?$AAo?$AAr?$AAy?$AA?3?$AA?5?$AA?$CF?$AAl@ 000000014001cf56     dbg_.-runtime_lib.o
 0002:00003fac       ??_C@_1CM@EJGKJCED@?$AAA?$AAs?$AAs?$AAe?$AAr?$AAt?$AAi?$AAo?$AAn?$AA?5?$AAf?$AAa?$AAi?$AAl?$AAe?$AAd?$AA?3?$AA?5?$AA?$CF?$AAs?$AA?6?$AA?$AA@ 000000014001cfac     dbg_.-runtime_lib.o
 0002:00003fe0       ??_C@_1EI@GJCCEHA@?$AAF?$AAi?$AAl?$AAe?$AA?3?$AA?5?$AA?$CF?$AAs?$AA?0?$AA?5?$AAL?$AAi?$AAn?$AAe?$AA?3?$AA?5?$AA?$CF?$AAl?$AAl?$AAd?$AA?0?$AA?5?$AAF?$AAu?$AAn?$AAc?$AAt?$AAi?$AAo?$AAn?$AA?3?$AA?5@ 000000014001cfe0     dbg_.-runtime_lib.o
 0002:000042dc       ??_C@_1GE@NIGCAFOK@?$AAE?$AAr?$AAr?$AAo?$AAr?$AA?3?$AA?5?$AAg?$AAp?$AAu?$AA?5?$AAw?$AAo?$AAr?$AAk?$AAe?$AAr?$AA?5?$AAd?$AAo?$AAe?$AAn?$AA?8?$AAt?$AA?5?$AAs?$AAu?$AAp?$AAp?$AAo?$AAr?$AAt@ 000000014001d2dc     dbg_.-runtime.o
 0002:00004354       ??_C@_1DO@CBJEPNAO@?$AAP?$AAr?$AAo?$AAm?$AAi?$AAs?$AAe?$AA?$CI?$AAs?$AAe?$AAt?$AA?$DN?$AA?$CF?$AA0?$AA2?$AAx?$AA?0?$AA?5?$AAf?$AAi?$AAr?$AAs?$AAt?$AA4?$AAb?$AAy?$AAt?$AAe?$AAs?$AA?$DN?$AA?$AA@ 000000014001d354     dbg_.-runtime.o
 0002:0000439e       ??_C@_15BCDOKMG@?$AA?$CJ?$AA?6?$AA?$AA@ 000000014001d39e     dbg_.-runtime.o
 0002:000043a6       ??_C@_1EO@JIHFKLGM@?$AAA?$AAr?$AAr?$AAa?$AAy?$AA?$CI?$AAl?$AAe?$AAn?$AAg?$AAt?$AAh?$AA?$DN?$AA?$CF?$AAl?$AAl?$AAd?$AA?0?$AA?5?$AAe?$AAl?$AAe?$AAm?$AAe?$AAn?$AAt?$AA_?$AAs?$AAi?$AAz?$AAe?$AA?$DN@ 000000014001d3a6     dbg_.-runtime.o
 0002:00004404       ??_C@_15IPOKAMGA@?$AA?$HL?$AA?5?$AA?$AA@ 000000014001d404     dbg_.-runtime.o
 0002:0000440c       ??_C@_13EHOOFIKC@?$AA?$HN?$AA?$AA@ 000000014001d40c     dbg_.-runtime.o
 0002:00004410       ??_C@_15JOGBDECP@?$AA?0?$AA?5?$AA?$AA@ 000000014001d410     dbg_.-runtime.o
 0002:00004418       ??_C@_1CG@OGLIMIIK@?$AAC?$AAl?$AAa?$AAs?$AAs?$AA?$CI?$AAf?$AAi?$AAr?$AAs?$AAt?$AA4?$AAb?$AAy?$AAt?$AAe?$AAs?$AA?$DN?$AA?$AA@ 000000014001d418     dbg_.-runtime.o
 0002:00004446       ??_C@_1DM@HBMDBMCD@?$AAO?$AAb?$AAj?$AAe?$AAc?$AAt?$AA?5?$AAo?$AAf?$AA?5?$AAu?$AAn?$AAk?$AAn?$AAo?$AAw?$AAn?$AA?5?$AAt?$AAy?$AAp?$AAe?$AA?3?$AA?5?$AA?$CF?$AA0?$AA2?$AAx?$AA?6?$AA?$AA@ 000000014001d446     dbg_.-runtime.o
 0002:0000448e       ??_C@_1FG@HBFKKPHD@?$AAW?$AAo?$AAr?$AAk?$AAe?$AAr?$AA?5?$AAa?$AAd?$AAd?$AA?5?$AAt?$AAo?$AA?5?$AAw?$AAa?$AAi?$AAt?$AA?5?$AAl?$AAi?$AAs?$AAt?$AA?5?$AA?$FL?$AAi?$AAd?$AA?$DN?$AA?$CF?$AAl?$AAl?$AAd@ 000000014001d48e     dbg_.-runtime.o
 0002:000044f6       ??_C@_1EI@FJBGIEMF@?$AAW?$AAo?$AAr?$AAk?$AAe?$AAr?$AA?5?$AAe?$AAn?$AAq?$AAu?$AAe?$AAu?$AAe?$AAd?$AA?5?$AA?$FL?$AAi?$AAd?$AA?$DN?$AA?$CF?$AAl?$AAl?$AAd?$AA?0?$AA?5?$AAd?$AAa?$AAt?$AAa?$AA?$DN?$AA?$CF@ 000000014001d4f6     dbg_.-runtime.o
 0002:0000454c       ??_C@_1FE@PPKJADDP@?$AAW?$AAa?$AAn?$AAt?$AA?5?$AAr?$AAu?$AAn?$AA?5?$AAr?$AAe?$AAm?$AAo?$AAt?$AAe?$AA?0?$AA?5?$AAb?$AAu?$AAt?$AA?3?$AA?5?$AA?$CF?$AAl?$AAl?$AAd?$AA?5?$AA?$CF?$AAl?$AAl?$AAd?$AA?5@ 000000014001d54c     dbg_.-runtime.o
 0002:000045b0       ??_C@_1IE@FHIKABLD@?$AAE?$AAr?$AAr?$AAo?$AAr?$AA?3?$AA?5?$AAc?$AAa?$AAn?$AA?8?$AAt?$AA?5?$AAr?$AAu?$AAn?$AA?5?$AAr?$AAe?$AAm?$AAo?$AAt?$AAe?$AA?5?$AAw?$AAo?$AAr?$AAk?$AAe?$AAr?$AA?5?$AA?$CF@ 000000014001d5b0     dbg_.-runtime.o
 0002:0000464e       ??_C@_1GC@JGFAAALF@?$AAS?$AAt?$AAa?$AAr?$AAt?$AAi?$AAn?$AAg?$AA?5?$AAn?$AAe?$AAw?$AA?5?$AAl?$AAo?$AAc?$AAa?$AAl?$AA?5?$AAw?$AAo?$AAr?$AAk?$AAe?$AAr?$AA?5?$AA?$CF?$AAl?$AAl?$AAd?$AA?5?$AA?$FL@ 000000014001d64e     dbg_.-runtime.o
 0002:000046c4       ??_C@_1HE@GOIHIEDE@?$AAE?$AAr?$AAr?$AAo?$AAr?$AA?3?$AA?5?$AAp?$AAr?$AAo?$AAv?$AAi?$AAd?$AAe?$AAr?$AA?5?$AA?$CF?$AAl?$AAl?$AAd?$AA?5?$AAd?$AAo?$AAe?$AAs?$AAn?$AA?8?$AAt?$AA?5?$AAs?$AAu?$AAp@ 000000014001d6c4     dbg_.-runtime.o
 0002:00004750       ??_C@_1EG@KLACJNPC@?$AAE?$AAr?$AAr?$AAo?$AAr?$AA?3?$AA?5?$AAt?$AAh?$AAi?$AAs?$AA?5?$AAi?$AAs?$AAn?$AA?8?$AAt?$AA?5?$AAh?$AAi?$AAv?$AAe?$AA?5?$AAe?$AAx?$AAe?$AAc?$AAu?$AAt?$AAa?$AAb?$AAl@ 000000014001d750     dbg_.-runtime.o
 0002:000047a4       ??_C@_1GG@OIFEBPCL@?$AAE?$AAr?$AAr?$AAo?$AAr?$AA?3?$AA?5?$AAt?$AAh?$AAi?$AAs?$AA?5?$AAi?$AAs?$AA?5?$AAe?$AAx?$AAe?$AAc?$AAu?$AAt?$AAa?$AAb?$AAl?$AAe?$AA?5?$AAo?$AAf?$AA?5?$AAn?$AAo?$AAt@ 000000014001d7a4     dbg_.-runtime.o
 0002:0000481e       ??_C@_1DC@FFLNADD@?$AAE?$AAr?$AAr?$AAo?$AAr?$AA?3?$AA?5?$AAw?$AAi?$AAn?$AAa?$AAp?$AAi?$AA?5?$AAe?$AAr?$AAr?$AAo?$AAr?$AA?5?$AA?$CF?$AAl?$AAd?$AA?6?$AA?$AA@ 000000014001d81e     dbg_.-runtime.o
 0002:0000485a       ??_C@_1DE@BIGGJJBN@?$AAh?$AAe?$AAa?$AAd?$AAe?$AAr?$AA?5?$AA?$CF?$AAl?$AAl?$AAd?$AA?5?$AAo?$AAf?$AA?5?$AAs?$AAi?$AAz?$AAe?$AA?5?$AA?$CF?$AAl?$AAl?$AAd?$AA?6?$AA?$AA@ 000000014001d85a     dbg_.-runtime.o
 0002:00004898       ??_C@_1BK@JJBOCJJN@?$AAs?$AAe?$AAt?$AA?5?$AAt?$AAo?$AA?5?$AA?$CF?$AAl?$AAl?$AAd?$AA?5?$AA?$AA@ 000000014001d898     dbg_.-runtime.o
 0002:000048b8       ??_C@_1JE@CPFCJBNI@?$AAE?$AAR?$AAR?$AAO?$AAR?$AA?3?$AA?5?$AAR?$AAu?$AAn?$AAt?$AAi?$AAm?$AAe?$AA?5?$AAe?$AAn?$AAd?$AAp?$AAo?$AAi?$AAn?$AAt?$AA?5?$AA?$CF?$AAl?$AAl?$AAd?$AA?5?$AAd?$AAo?$AAe@ 000000014001d8b8     dbg_.-runtime.o
 0002:0000496a       ??_C@_1BA@LPJEKMJJ@?$AAp?$AAt?$AAr?$AA?$DN?$AA?$CF?$AAp?$AA?6?$AA?$AA@ 000000014001d96a     dbg_.-runtime.o
 0002:0000497e       ??_C@_1IG@FGNNCHGH@?$AAw?$AAo?$AAr?$AAk?$AAe?$AAr?$AA?5?$AA?$CF?$AAl?$AAl?$AAd?$AA?5?$AAi?$AAs?$AA?5?$AAd?$AAl?$AAl?$AA?5?$AAc?$AAa?$AAl?$AAl?$AA?5?$AAo?$AAf?$AA?5?$AAl?$AAi?$AAb?$AAr?$AAa@ 000000014001d97e     dbg_.-runtime.o
 0002:00004a1e       ??_C@_1CG@BIKDCCPC@?$AAs?$AAt?$AAa?$AAc?$AAk?$AA?5?$AAu?$AAs?$AAa?$AAg?$AAe?$AA?3?$AA?5?$AA?$CF?$AAl?$AAl?$AAd?$AA?6?$AA?$AA@ 000000014001da1e     dbg_.-runtime.o
 0002:00004a4c       ??_C@_1GK@IGPNAPLE@?$AAo?$AAu?$AAt?$AAp?$AAu?$AAt?$AA?5?$AAh?$AAa?$AAv?$AAe?$AA?5?$AAs?$AAi?$AAz?$AAe?$AA?5?$AA?$CF?$AAl?$AAl?$AAd?$AA?5?$AA?$FL?$AAa?$AAn?$AAd?$AA?5?$AAa?$AAr?$AAg?$AAs?$AA?5@ 000000014001da4c     dbg_.-runtime.o
 0002:00004acc       ??_C@_1FE@ENHKIDEL@?$AAa?$AAr?$AAg?$AAu?$AAm?$AAe?$AAn?$AAt?$AA?5?$AA?$CF?$AAl?$AAl?$AAd?$AA?5?$AAh?$AAa?$AAv?$AAe?$AA?5?$AAs?$AAi?$AAz?$AAe?$AA?5?$AA?$CF?$AAl?$AAl?$AAd?$AA?5?$AA?$FL?$AAt?$AAy@ 000000014001dacc     dbg_.-runtime.o
 0002:00004b30       ??_C@_1KM@JOOLBIFF@?$AAW?$AAo?$AAr?$AAk?$AAe?$AAr?$AA?5?$AA?$CF?$AAl?$AAl?$AAd?$AA?5?$AA?$FL?$AAx?$AA6?$AA4?$AA?$FN?$AA?5?$AAh?$AAa?$AAv?$AAe?$AA?5?$AAb?$AAe?$AAe?$AAn?$AA?5?$AAl?$AAo?$AAa?$AAd@ 000000014001db30     dbg_.-runtime.o
 0002:00004bfe       ??_C@_1HI@GNCDLKLI@?$AAE?$AAr?$AAr?$AAo?$AAr?$AA?3?$AA?5?$AAr?$AAu?$AAn?$AAt?$AAi?$AAm?$AAe?$AA?5?$AAd?$AAo?$AAe?$AAs?$AAn?$AA?8?$AAt?$AA?5?$AAs?$AAu?$AAp?$AAp?$AAo?$AAr?$AAt?$AA?5?$AAs@ 000000014001dbfe     dbg_.-runtime.o
 0002:00004c8e       ??_C@_1CI@PHCDEMOE@?$AAb?$AAu?$AAi?$AAl?$AAd?$AAi?$AAn?$AAg?$AA?5?$AAk?$AAe?$AAr?$AAn?$AAe?$AAl?$AA?4?$AA?4?$AA?4?$AA?6?$AA?$AA@ 000000014001dc8e     dbg_.-runtime.o
 0002:00004cbe       ??_C@_04JNAIOECI@krnl?$AA@ 000000014001dcbe     dbg_.-runtime.o
 0002:00004cc4       ??_C@_1DI@MMAOAOLJ@?$AAE?$AAr?$AAr?$AAo?$AAr?$AA?3?$AA?5?$AAk?$AAe?$AAr?$AAn?$AAe?$AAl?$AA?5?$AAb?$AAu?$AAi?$AAl?$AAd?$AA?5?$AAf?$AAa?$AAi?$AAl?$AAe?$AAd?$AA?6?$AA?$AA@ 000000014001dcc4     dbg_.-runtime.o
 0002:00004d08       ??_C@_1LG@BJCBGCLK@?$AAW?$AAo?$AAr?$AAk?$AAe?$AAr?$AA?5?$AA?$CF?$AAl?$AAl?$AAd?$AA?5?$AA?$FL?$AAG?$AAP?$AAU?$AA?$FN?$AA?5?$AAh?$AAa?$AAv?$AAe?$AA?5?$AAb?$AAe?$AAe?$AAn?$AA?5?$AAl?$AAo?$AAa?$AAd@ 000000014001dd08     dbg_.-runtime.o
 0002:00004de2       ??_C@_1EC@HLLMLNEL@?$AAE?$AAr?$AAr?$AAo?$AAr?$AA?3?$AA?5?$AAu?$AAn?$AAk?$AAn?$AAo?$AAw?$AAn?$AA?5?$AAh?$AAe?$AAa?$AAd?$AAe?$AAr?$AA?5?$AAt?$AAy?$AAp?$AAe?$AA?5?$AA?$CF?$AAl?$AAl?$AAd?$AA?6@ 000000014001dde2     dbg_.-runtime.o
 0002:00004e32       ??_C@_1EK@KKIKLCHH@?$AAG?$AAp?$AAu?$AA?5?$AAs?$AAu?$AAs?$AAs?$AAy?$AAs?$AAt?$AAe?$AAm?$AA?5?$AAi?$AAn?$AAi?$AAt?$AAi?$AAa?$AAl?$AAi?$AAz?$AAa?$AAt?$AAi?$AAo?$AAn?$AA?5?$AAf?$AAa?$AAi@ 000000014001de32     dbg_.-runtime.o
 0002:00004e8a       ??_C@_1CC@DEIAIPBB@?$AA?4?$AA?4?$AA?1?$AA?4?$AA?4?$AA?1?$AA?4?$AA?4?$AA?1?$AAr?$AAe?$AAs?$AA?4?$AAb?$AAi?$AAn?$AA?$AA@ 000000014001de8a     dbg_.-runtime.o
 0002:00004eb2       ??_C@_1FC@OGJDIOEJ@?$AAE?$AAr?$AAr?$AAo?$AAr?$AA?3?$AA?5?$AAc?$AAa?$AAn?$AA?8?$AAt?$AA?5?$AAo?$AAp?$AAe?$AAn?$AA?5?$AA?4?$AA?4?$AA?1?$AA?4?$AA?4?$AA?1?$AA?4?$AA?4?$AA?1?$AAr?$AAe?$AAs?$AA?4?$AAb@ 000000014001deb2     dbg_.-runtime.o
 0002:00004f14       ??_C@_1DA@COAPAANM@?$AAE?$AAr?$AAr?$AAo?$AAr?$AA?3?$AA?5?$AAa?$AAt?$AA?5?$AAl?$AAo?$AAa?$AAd?$AAi?$AAn?$AAg?$AA?5?$AAf?$AAi?$AAl?$AAe?$AA?6?$AA?$AA@ 000000014001df14     dbg_.-runtime.o
 0002:00004f4e       ??_C@_1EG@BBCENLFA@?$AAT?$AAh?$AAi?$AAs?$AA?5?$AAh?$AAi?$AAv?$AAe?$AA?5?$AAw?$AAi?$AAl?$AAl?$AA?5?$AAn?$AAo?$AAt?$AA?5?$AAr?$AAe?$AAa?$AAd?$AA?5?$AAa?$AAn?$AAy?$AA?5?$AAs?$AAt?$AAd?$AAi@ 000000014001df4e     dbg_.-runtime.o
 0002:00004fa2       ??_C@_1EG@OCFMCBJL@?$AAT?$AAh?$AAi?$AAs?$AA?5?$AAh?$AAi?$AAv?$AAe?$AA?5?$AAw?$AAi?$AAl?$AAl?$AA?5?$AAn?$AAo?$AAt?$AA?5?$AAs?$AAt?$AAo?$AAp?$AA?5?$AAe?$AAx?$AAe?$AAc?$AAu?$AAt?$AAi?$AAo@ 000000014001dfa2     dbg_.-runtime.o
 0002:00004ff6       ??_C@_1DA@LKDLAMFA@?$AAS?$AAe?$AAt?$AA?5?$AAn?$AAu?$AAm?$AA?5?$AAt?$AAh?$AAr?$AAe?$AAa?$AAd?$AAs?$AA?5?$AA?$DN?$AA?5?$AA?$CF?$AAl?$AAl?$AAd?$AA?6?$AA?$AA@ 000000014001dff6     dbg_.-runtime.o
 0002:00005030       ??_C@_1II@FCFHMELI@?$AAE?$AAr?$AAr?$AAo?$AAr?$AA?3?$AA?5?$AAt?$AAh?$AAi?$AAs?$AA?5?$AAb?$AAu?$AAi?$AAl?$AAd?$AA?5?$AAd?$AAo?$AAe?$AAs?$AAn?$AA?8?$AAt?$AA?5?$AAa?$AAl?$AAl?$AAo?$AAw?$AA?5@ 000000014001e030     dbg_.-runtime.o
 0002:000050d4       ??_C@_1DE@PNGABHJK@?$AAS?$AAe?$AAt?$AA?5?$AAh?$AAi?$AAv?$AAe?$AA?5?$AAa?$AAs?$AA?5?$AAp?$AAr?$AAo?$AAt?$AAe?$AAc?$AAt?$AAo?$AAr?$AAa?$AAt?$AAe?$AA?6?$AA?$AA@ 000000014001e0d4     dbg_.-runtime.o
 0002:00005112       ??_C@_1DG@MLIAHCGJ@?$AAS?$AAe?$AAt?$AA?5?$AAc?$AAh?$AAu?$AAn?$AAk?$AA?5?$AAt?$AAi?$AAm?$AAe?$AA?5?$AAt?$AAo?$AA?5?$AA?$CF?$AAl?$AAl?$AAd?$AA?5?$AAu?$AAs?$AA?6?$AA?$AA@ 000000014001e112     dbg_.-runtime.o
 0002:00005152       ??_C@_1EC@FNPNOOPH@?$AAU?$AAn?$AAk?$AAn?$AAo?$AAw?$AAn?$AA?5?$AAc?$AAm?$AAd?$AAl?$AAi?$AAn?$AAe?$AA?5?$AAp?$AAa?$AAr?$AAa?$AAm?$AAe?$AAt?$AAe?$AAr?$AA?3?$AA?5?$AA?$CF?$AAl?$AAl?$AAd?$AA?6@ 000000014001e152     dbg_.-runtime.o
 0002:000051a2       ??_C@_1CE@CFOOJILH@?$AAN?$AAU?$AAM?$AA_?$AAT?$AAH?$AAR?$AAE?$AAA?$AAD?$AAS?$AA?$DN?$AA?$CF?$AAl?$AAl?$AAd?$AA?6?$AA?$AA@ 000000014001e1a2     dbg_.-runtime.o
 0002:000051ce       ??_C@_1CG@PNBFEFIC@?$AAR?$AAE?$AAA?$AAD?$AAI?$AAN?$AAG?$AA?5?$AAI?$AAN?$AAP?$AAU?$AAT?$AA?5?$AAA?$AAS?$AA?3?$AA?5?$AA?$AA@ 000000014001e1ce     dbg_.-runtime.o
 0002:000051fc       ??_C@_1M@HLHACGAA@?$AA?$CF?$AAl?$AAl?$AAd?$AA?5?$AA?$AA@ 000000014001e1fc     dbg_.-runtime.o
 0002:0000520a       ??_C@_1CM@PELCBDJ@?$AAE?$AAn?$AAt?$AAr?$AAy?$AA?5?$AAw?$AAo?$AAr?$AAk?$AAe?$AAr?$AA?5?$AAi?$AAd?$AA?$DN?$AA?$CF?$AAl?$AAl?$AAd?$AA?6?$AA?$AA@ 000000014001e20a     dbg_.-runtime.o
 0002:0000523e       ??_C@_1DA@FBHJAJPI@?$AAr?$AAe?$AAs?$AAu?$AAl?$AAt?$AA?5?$AAp?$AAr?$AAo?$AAm?$AAi?$AAs?$AAe?$AA?5?$AA?$CF?$AAp?$AA?5?$AA?$CF?$AAl?$AAl?$AAd?$AA?6?$AA?$AA@ 000000014001e23e     dbg_.-runtime.o
 0002:00005278       ??_C@_1BI@KEMCAKCM@?$AAR?$AAu?$AAn?$AAn?$AAi?$AAn?$AAg?$AA?4?$AA?4?$AA?4?$AA?6?$AA?$AA@ 000000014001e278     dbg_.-runtime.o
 0002:00005294       ??_C@_1KG@MGKLLKBJ@?$AA?9?$AA?9?$AA?9?$AA?9?$AA?9?$AA?9?$AA?9?$AA?9?$AA?9?$AA?9?$AA?9?$AA?9?$AA?9?$AA?9?$AA?9?$AA?9?$AA?9?$AA?9?$AA?9?$AA?9?$AA?9?$AA?9?$AA?9?$AA?9?$AA?9?$AA?9?$AA?9?$AA?9?$AA?9?$AA?9?$AA?9?$AA?9@ 000000014001e294     dbg_.-runtime.o
[...]
 0003:00003b28       SL_platforms_len           0000000140022b28     dbg_.-gpu_subsystem.o
 0003:00003b30       SL_platforms               0000000140022b30     dbg_.-gpu_subsystem.o
 0003:00003bb0       SL_devices                 0000000140022bb0     dbg_.-gpu_subsystem.o
 0003:00003fb0       SL_devices_len             0000000140022fb0     dbg_.-gpu_subsystem.o
 0003:00003ff0       SL_main_platform           0000000140022ff0     dbg_.-gpu_subsystem.o
 0003:00003ff8       SL_context                 0000000140022ff8     dbg_.-gpu_subsystem.o
 0003:00004000       SL_queues                  0000000140023000     dbg_.-gpu_subsystem.o
 0003:00004400       SL_queues_len              0000000140023400     dbg_.-gpu_subsystem.o
 0003:00004620       queues                     0000000140023620     dbg_.-queue.o
 0003:00004a20       queue_size                 0000000140023a20     dbg_.-queue.o
 0003:00004b00       ServerIdGetLock            0000000140023b00     dbg_.-remote.o
 0003:00004b08       next_local_id              0000000140023b08     dbg_.-remote.o
 0003:00004b10       hIOCP                      0000000140023b10     dbg_.-remote.o
 0003:000054d0       hHeap                      00000001400244d0     dbg_.-runtime_lib.o
 0003:000054d8       hInput                     00000001400244d8     dbg_.-runtime_lib.o
 0003:000054e0       buf                        00000001400244e0     dbg_.-runtime_lib.o
 0003:000154e0       hOutput                    00000001400344e0     dbg_.-runtime_lib.o
 0003:000154e8       frequency                  00000001400344e8     dbg_.-runtime_lib.o
 0003:00018830       Workers                    0000000140037830     dbg_.-runtime.o
 0003:000194b0       wait_list_lock             00000001400384b0     dbg_.-runtime.o
 0003:000194b8       wait_list_len              00000001400384b8     dbg_.-runtime.o
 0003:000194c0       dwTlsIndex                 00000001400384c0     dbg_.-runtime.o
 0003:000194d0       wait_list                  00000001400384d0     dbg_.-runtime.o
 0003:000dc9d0       defined_arrays             00000001400fb9d0     dbg_.-runtime.o
 0003:00103d61       ExPoolZeroingNativelySupported 0000000140122d61     ws2_32:indef.obj
 0004:00000000       __imp_WaitForMultipleObjects 0000000140123000     kernel32:KERNEL32.dll
 0004:00000008       __imp_WaitForSingleObject  0000000140123008     kernel32:KERNEL32.dll
 0004:00000010       __imp_TlsGetValue          0000000140123010     kernel32:KERNEL32.dll
 0004:00000018       __imp_GetLastError         0000000140123018     kernel32:KERNEL32.dll
 0004:00000020       __imp_AcquireSRWLockExclusive 0000000140123020     kernel32:KERNEL32.dll
 0004:00000028       __imp_ReleaseSRWLockExclusive 0000000140123028     kernel32:KERNEL32.dll
 0004:00000030       __imp_GetThreadContext     0000000140123030     kernel32:KERNEL32.dll
 0004:00000038       __imp_SetThreadContext     0000000140123038     kernel32:KERNEL32.dll
 0004:00000040       __imp_ExitProcess          0000000140123040     kernel32:KERNEL32.dll
 0004:00000048       __imp_AcquireSRWLockShared 0000000140123048     kernel32:KERNEL32.dll
 0004:00000050       __imp_ReleaseSRWLockShared 0000000140123050     kernel32:KERNEL32.dll
 0004:00000058       __imp_Sleep                0000000140123058     kernel32:KERNEL32.dll
 0004:00000060       __imp_CreateIoCompletionPort 0000000140123060     kernel32:KERNEL32.dll
 0004:00000068       __imp_FormatMessageW       0000000140123068     kernel32:KERNEL32.dll
 0004:00000070       __imp_CreateThread         0000000140123070     kernel32:KERNEL32.dll
 0004:00000078       __imp_TryAcquireSRWLockExclusive 0000000140123078     kernel32:KERNEL32.dll
 0004:00000080       __imp_GetQueuedCompletionStatus 0000000140123080     kernel32:KERNEL32.dll
 0004:00000088       __imp_HeapAlloc            0000000140123088     kernel32:KERNEL32.dll
 0004:00000090       __imp_MultiByteToWideChar  0000000140123090     kernel32:KERNEL32.dll
 0004:00000098       __imp_WriteConsoleW        0000000140123098     kernel32:KERNEL32.dll
 0004:000000a0       __imp_HeapReAlloc          00000001401230a0     kernel32:KERNEL32.dll
 0004:000000a8       __imp_HeapFree             00000001401230a8     kernel32:KERNEL32.dll
 0004:000000b0       __imp_GetConsoleMode       00000001401230b0     kernel32:KERNEL32.dll
 0004:000000b8       __imp_ReadConsoleW         00000001401230b8     kernel32:KERNEL32.dll
 0004:000000c0       __imp_ReadFile             00000001401230c0     kernel32:KERNEL32.dll
 0004:000000c8       __imp_QueryPerformanceCounter 00000001401230c8     kernel32:KERNEL32.dll
 0004:000000d0       __imp_QueryPerformanceFrequency 00000001401230d0     kernel32:KERNEL32.dll
 0004:000000d8       __imp_GetStdHandle         00000001401230d8     kernel32:KERNEL32.dll
 0004:000000e0       __imp_GetProcessHeap       00000001401230e0     kernel32:KERNEL32.dll
 0004:000000e8       __imp_VirtualAlloc         00000001401230e8     kernel32:KERNEL32.dll
 0004:000000f0       __imp_LoadLibraryA         00000001401230f0     kernel32:KERNEL32.dll
 0004:000000f8       __imp_GetProcAddress       00000001401230f8     kernel32:KERNEL32.dll
 0004:00000100       __imp_TlsAlloc             0000000140123100     kernel32:KERNEL32.dll
 0004:00000108       __imp_CreateFileW          0000000140123108     kernel32:KERNEL32.dll
 0004:00000110       __imp_GetFileSizeEx        0000000140123110     kernel32:KERNEL32.dll
 0004:00000118       __imp_CloseHandle          0000000140123118     kernel32:KERNEL32.dll
 0004:00000120       __imp_GetCommandLineW      0000000140123120     kernel32:KERNEL32.dll
 0004:00000128       __imp_TlsFree              0000000140123128     kernel32:KERNEL32.dll
 0004:00000130       __imp_TlsSetValue          0000000140123130     kernel32:KERNEL32.dll
 0004:00000138       __imp_SuspendThread        0000000140123138     kernel32:KERNEL32.dll
 0004:00000140       __imp_ResumeThread         0000000140123140     kernel32:KERNEL32.dll
 0004:00000148       \177KERNEL32_NULL_THUNK_DATA 0000000140123148     kernel32:KERNEL32.dll
 0004:000001e0       __imp_clFinish             00000001401231e0     OpenCL:OpenCL.dll
 0004:000001e8       __imp_clCreateContext      00000001401231e8     OpenCL:OpenCL.dll
 0004:000001f0       __imp_clCreateBuffer       00000001401231f0     OpenCL:OpenCL.dll
 0004:000001f8       __imp_clCreateKernel       00000001401231f8     OpenCL:OpenCL.dll
 0004:00000200       __imp_clGetProgramBuildInfo 0000000140123200     OpenCL:OpenCL.dll
 0004:00000208       __imp_clBuildProgram       0000000140123208     OpenCL:OpenCL.dll
 0004:00000210       __imp_clCreateProgramWithSource 0000000140123210     OpenCL:OpenCL.dll
 0004:00000218       __imp_clCreateCommandQueueWithProperties 0000000140123218     OpenCL:OpenCL.dll
 0004:00000220       __imp_clGetKernelArgInfo   0000000140123220     OpenCL:OpenCL.dll
 0004:00000228       __imp_clGetDeviceInfo      0000000140123228     OpenCL:OpenCL.dll
 0004:00000230       __imp_clGetDeviceIDs       0000000140123230     OpenCL:OpenCL.dll
 0004:00000238       __imp_clGetPlatformInfo    0000000140123238     OpenCL:OpenCL.dll
 0004:00000240       __imp_clGetPlatformIDs     0000000140123240     OpenCL:OpenCL.dll
 0004:00000248       __imp_clEnqueueWriteBuffer 0000000140123248     OpenCL:OpenCL.dll
 0004:00000250       __imp_clEnqueueReadBuffer  0000000140123250     OpenCL:OpenCL.dll
 0004:00000258       __imp_clEnqueueNDRangeKernel 0000000140123258     OpenCL:OpenCL.dll
 0004:00000260       __imp_clSetKernelArg       0000000140123260     OpenCL:OpenCL.dll
 0004:00000268       \177OpenCL_NULL_THUNK_DATA 0000000140123268     OpenCL:OpenCL.dll
 0004:000002d8       __imp_CommandLineToArgvW   00000001401232d8     shell32:SHELL32.dll
 0004:000002e0       \177SHELL32_NULL_THUNK_DATA 00000001401232e0     shell32:SHELL32.dll
 0004:00000338       __imp_accept               0000000140123338     ws2_32:WS2_32.dll
 0004:00000340       __imp_listen               0000000140123340     ws2_32:WS2_32.dll
 0004:00000348       __imp_WSAGetLastError      0000000140123348     ws2_32:WS2_32.dll
 0004:00000350       __imp_bind                 0000000140123350     ws2_32:WS2_32.dll
 0004:00000358       __imp_htons                0000000140123358     ws2_32:WS2_32.dll
 0004:00000360       __imp_setsockopt           0000000140123360     ws2_32:WS2_32.dll
 0004:00000368       __imp_WSAStartup           0000000140123368     ws2_32:WS2_32.dll
 0004:00000370       __imp_freeaddrinfo         0000000140123370     ws2_32:WS2_32.dll
 0004:00000378       __imp_getaddrinfo          0000000140123378     ws2_32:WS2_32.dll
 0004:00000380       __imp_closesocket          0000000140123380     ws2_32:WS2_32.dll
 0004:00000388       __imp_connect              0000000140123388     ws2_32:WS2_32.dll
 0004:00000390       __imp_socket               0000000140123390     ws2_32:WS2_32.dll
 0004:00000398       __imp_send                 0000000140123398     ws2_32:WS2_32.dll
 0004:000003a0       __imp_WSARecv              00000001401233a0     ws2_32:WS2_32.dll
 0004:000003a8       __imp_ntohs                00000001401233a8     ws2_32:WS2_32.dll
 0004:000003b0       __imp_inet_ntop            00000001401233b0     ws2_32:WS2_32.dll
 0004:000003b8       __imp_getpeername          00000001401233b8     ws2_32:WS2_32.dll
 0004:000003c0       __imp_getsockname          00000001401233c0     ws2_32:WS2_32.dll
 0004:000003c8       \177WS2_32_NULL_THUNK_DATA 00000001401233c8     ws2_32:WS2_32.dll
 0004:00000438       __imp_BCryptGenRandom      0000000140123438     bcrypt:bcrypt.dll
 0004:00000440       \177bcrypt_NULL_THUNK_DATA 0000000140123440     bcrypt:bcrypt.dll
 0004:00000498       __IMPORT_DESCRIPTOR_SHELL32 0000000140123498     shell32:SHELL32.dll
 0004:000004ac       __IMPORT_DESCRIPTOR_KERNEL32 00000001401234ac     kernel32:KERNEL32.dll
 0004:000004c0       __IMPORT_DESCRIPTOR_bcrypt 00000001401234c0     bcrypt:bcrypt.dll
 0004:000004d4       __IMPORT_DESCRIPTOR_WS2_32 00000001401234d4     ws2_32:WS2_32.dll
 0004:000004e8       __IMPORT_DESCRIPTOR_OpenCL 00000001401234e8     OpenCL:OpenCL.dll
 0004:000004fc       __NULL_IMPORT_DESCRIPTOR   00000001401234fc     shell32:SHELL32.dll

 entry point at        0001:0000001e

 Static symbols

 0000:ffedb000       .debug$S                   0000000140000000     bcrypt:bcrypt.dll
 0000:ffedb000       .debug$S                   0000000140000000     kernel32:KERNEL32.dll
 0000:ffedb000       .debug$S                   0000000140000000     kernel32:KERNEL32.dll
 0000:ffedb000       .debug$S                   0000000140000000     kernel32:KERNEL32.dll
 0000:ffedb000       .debug$S                   0000000140000000     kernel32:KERNEL32.dll
 0000:ffedb000       .debug$S                   0000000140000000     kernel32:KERNEL32.dll
 0000:ffedb000       .debug$S                   0000000140000000     kernel32:KERNEL32.dll
 0000:ffedb000       .debug$S                   0000000140000000     kernel32:KERNEL32.dll
 0000:ffedb000       .debug$S                   0000000140000000     kernel32:KERNEL32.dll
 0000:ffedb000       .debug$S                   0000000140000000     kernel32:KERNEL32.dll
 0000:ffedb000       .debug$S                   0000000140000000     kernel32:KERNEL32.dll
 0000:ffedb000       .debug$S                   0000000140000000     kernel32:KERNEL32.dll
 0000:ffedb000       .debug$S                   0000000140000000     kernel32:KERNEL32.dll
 0000:ffedb000       .debug$S                   0000000140000000     kernel32:KERNEL32.dll
 0000:ffedb000       .debug$S                   0000000140000000     kernel32:KERNEL32.dll
 0000:ffedb000       .debug$S                   0000000140000000     kernel32:KERNEL32.dll
 0000:ffedb000       .debug$S                   0000000140000000     kernel32:KERNEL32.dll
 0000:ffedb000       .debug$S                   0000000140000000     kernel32:KERNEL32.dll
 0000:ffedb000       .debug$S                   0000000140000000     kernel32:KERNEL32.dll
 0000:ffedb000       .debug$S                   0000000140000000     kernel32:KERNEL32.dll
 0000:ffedb000       .debug$S                   0000000140000000     kernel32:KERNEL32.dll
 0000:ffedb000       .debug$S                   0000000140000000     kernel32:KERNEL32.dll
 0000:ffedb000       .debug$S                   0000000140000000     kernel32:KERNEL32.dll
 0000:ffedb000       .debug$S                   0000000140000000     kernel32:KERNEL32.dll
 0000:ffedb000       .debug$S                   0000000140000000     kernel32:KERNEL32.dll
 0000:ffedb000       .debug$S                   0000000140000000     kernel32:KERNEL32.dll
 0000:ffedb000       .debug$S                   0000000140000000     kernel32:KERNEL32.dll
 0000:ffedb000       .debug$S                   0000000140000000     kernel32:KERNEL32.dll
 0000:ffedb000       .debug$S                   0000000140000000     kernel32:KERNEL32.dll
 0000:ffedb000       .debug$S                   0000000140000000     kernel32:KERNEL32.dll
 0000:ffedb000       .debug$S                   0000000140000000     kernel32:KERNEL32.dll
 0000:ffedb000       .debug$S                   0000000140000000     kernel32:KERNEL32.dll
 0000:ffedb000       .debug$S                   0000000140000000     kernel32:KERNEL32.dll
 0000:ffedb000       .debug$S                   0000000140000000     kernel32:KERNEL32.dll
 0000:ffedb000       .debug$S                   0000000140000000     kernel32:KERNEL32.dll
 0000:ffedb000       .debug$S                   0000000140000000     kernel32:KERNEL32.dll
 0000:ffedb000       .debug$S                   0000000140000000     kernel32:KERNEL32.dll
 0000:ffedb000       .debug$S                   0000000140000000     kernel32:KERNEL32.dll
 0000:ffedb000       .debug$S                   0000000140000000     kernel32:KERNEL32.dll
 0000:ffedb000       .debug$S                   0000000140000000     kernel32:KERNEL32.dll
 0000:ffedb000       .debug$S                   0000000140000000     kernel32:KERNEL32.dll
 0000:ffedb000       .debug$S                   0000000140000000     kernel32:KERNEL32.dll
 0000:ffedb000       .debug$S                   0000000140000000     shell32:SHELL32.dll
 0000:ffedb000       .debug$S                   0000000140000000     ws2_32:WS2_32.dll
 0000:ffedb000       .debug$S                   0000000140000000     ws2_32:WS2_32.dll
 0000:ffedb000       .debug$S                   0000000140000000     ws2_32:WS2_32.dll
 0000:ffedb000       .debug$S                   0000000140000000     ws2_32:WS2_32.dll
 0000:ffedb000       .debug$S                   0000000140000000     ws2_32:WS2_32.dll
 0000:ffedb000       .debug$S                   0000000140000000     ws2_32:WS2_32.dll
 0000:ffedb000       .debug$S                   0000000140000000     ws2_32:WS2_32.dll
 0000:ffedb000       .debug$S                   0000000140000000     ws2_32:WS2_32.dll
 0000:ffedb000       .debug$S                   0000000140000000     ws2_32:WS2_32.dll
 0000:ffedb000       .debug$S                   0000000140000000     ws2_32:WS2_32.dll
 0000:ffedb000       .debug$S                   0000000140000000     ws2_32:WS2_32.dll
 0000:ffedb000       .debug$S                   0000000140000000     ws2_32:WS2_32.dll
 0000:ffedb000       .debug$S                   0000000140000000     ws2_32:WS2_32.dll
 0000:ffedb000       .debug$S                   0000000140000000     ws2_32:WS2_32.dll
 0000:ffedb000       .debug$S                   0000000140000000     ws2_32:WS2_32.dll
 0000:ffedb000       .debug$S                   0000000140000000     ws2_32:WS2_32.dll
 0000:ffedb000       .debug$S                   0000000140000000     ws2_32:WS2_32.dll
 0000:ffedb000       .debug$S                   0000000140000000     ws2_32:WS2_32.dll
 0000:ffedb000       .debug$S                   0000000140000000     OpenCL:OpenCL.dll
 0000:ffedb000       .debug$S                   0000000140000000     OpenCL:OpenCL.dll
 0000:ffedb000       .debug$S                   0000000140000000     OpenCL:OpenCL.dll
 0000:ffedb000       .debug$S                   0000000140000000     OpenCL:OpenCL.dll
 0000:ffedb000       .debug$S                   0000000140000000     OpenCL:OpenCL.dll
 0000:ffedb000       .debug$S                   0000000140000000     OpenCL:OpenCL.dll
 0000:ffedb000       .debug$S                   0000000140000000     OpenCL:OpenCL.dll
 0000:ffedb000       .debug$S                   0000000140000000     OpenCL:OpenCL.dll
 0000:ffedb000       .debug$S                   0000000140000000     OpenCL:OpenCL.dll
 0000:ffedb000       .debug$S                   0000000140000000     OpenCL:OpenCL.dll
 0000:ffedb000       .debug$S                   0000000140000000     OpenCL:OpenCL.dll
 0000:ffedb000       .debug$S                   0000000140000000     OpenCL:OpenCL.dll
 0000:ffedb000       .debug$S                   0000000140000000     OpenCL:OpenCL.dll
 0000:ffedb000       .debug$S                   0000000140000000     OpenCL:OpenCL.dll
 0000:ffedb000       .debug$S                   0000000140000000     OpenCL:OpenCL.dll
 0000:ffedb000       .debug$S                   0000000140000000     OpenCL:OpenCL.dll
 0000:ffedb000       .debug$S                   0000000140000000     OpenCL:OpenCL.dll
 0001:00004d50       GetKnownHiveHash           0000000140005d50 f   dbg_.-api.o
 0001:00009cf0       p                          000000014000acf0 f   dbg_.-queue.o
 0001:0000cb60       Worker                     000000014000db60 f   dbg_.-remote.o
 0001:0000d110       ConnectionListnerWorker    000000014000e110 f   dbg_.-remote.o
 0001:0000d330       PagesAllocator             000000014000e330 f   dbg_.-remote.o
 0001:0000d400       StateSender                000000014000e400 f   dbg_.-remote.o
 0001:0000d420       HandleApiCall              000000014000e420 f   dbg_.-remote.o
 0001:00014ed4       .text                      0000000140015ed4     asm_dbg.o
 0002:00005890       BFE_GENERIC_MAPPING        000000014001e890     ws2_32:indef.obj
 0002:00005a40       IPSEC_AUTH_TRANSFORM_ID_HMAC_MD5_96 000000014001ea40     ws2_32:indef.obj
 0002:00005a50       IPSEC_AUTH_TRANSFORM_ID_HMAC_SHA_1_96 000000014001ea50     ws2_32:indef.obj
 0002:00005a60       IPSEC_AUTH_TRANSFORM_ID_HMAC_SHA_256_128 000000014001ea60     ws2_32:indef.obj
 0002:00005a70       IPSEC_AUTH_TRANSFORM_ID_GCM_AES_128 000000014001ea70     ws2_32:indef.obj
 0002:00005a80       IPSEC_AUTH_TRANSFORM_ID_GCM_AES_192 000000014001ea80     ws2_32:indef.obj
 0002:00005a90       IPSEC_AUTH_TRANSFORM_ID_GCM_AES_256 000000014001ea90     ws2_32:indef.obj
 0002:00005aa0       IPSEC_CIPHER_TRANSFORM_ID_CBC_DES 000000014001eaa0     ws2_32:indef.obj
 0002:00005ab0       IPSEC_CIPHER_TRANSFORM_ID_CBC_3DES 000000014001eab0     ws2_32:indef.obj
 0002:00005ac0       IPSEC_CIPHER_TRANSFORM_ID_AES_128 000000014001eac0     ws2_32:indef.obj
 0002:00005ad0       IPSEC_CIPHER_TRANSFORM_ID_AES_192 000000014001ead0     ws2_32:indef.obj
 0002:00005ae0       IPSEC_CIPHER_TRANSFORM_ID_AES_256 000000014001eae0     ws2_32:indef.obj
 0002:00005af0       IPSEC_CIPHER_TRANSFORM_ID_GCM_AES_128 000000014001eaf0     ws2_32:indef.obj
 0002:00005b00       IPSEC_CIPHER_TRANSFORM_ID_GCM_AES_192 000000014001eb00     ws2_32:indef.obj
 0002:00005b10       IPSEC_CIPHER_TRANSFORM_ID_GCM_AES_256 000000014001eb10     ws2_32:indef.obj
 0003:00000100       .data                      000000014001f100     asm_dbg.o
 0003:00004b20       gai_strerrorW.buff         0000000140023b20     dbg_.-remote.o
 0003:00103d60       WFP_TRACE_NULL_DATA        0000000140122d60     ws2_32:indef.obj
 0004:000009be       .idata$6                   00000001401239be     shell32:SHELL32.dll
 0004:00000cb6       .idata$6                   0000000140123cb6     kernel32:KERNEL32.dll
 0004:00000cd6       .idata$6                   0000000140123cd6     bcrypt:bcrypt.dll
 0004:00000d16       .idata$6                   0000000140123d16     ws2_32:WS2_32.dll
 0004:00000e8c       .idata$6                   0000000140123e8c     OpenCL:OpenCL.dll
