 a

 Timestamp is 69dfdbf2 (Wed Apr 15 21:41:54 2026)

 Preferred load address is 0000000140000000

 Start         Length     Name                   Class
 0001:00000000 0001173fH .text                   CODE
 0002:00000000 00001eb8H .rdata                  DATA
 0003:00000000 000000f4H .data                   DATA
 0003:000000f4 0001437eH .bss                    DATA
 0004:00000000 00000222H .data                   DATA

  Address         Publics by Value              Rva+Base               Lib:Object

 0001:00000000       dllPauseWorker             0000000140001000     .-dll-await_worker.o
 0001:000000b0       dllCallObject              00000001400010b0     .-dll-call_object.o
 0001:00000130       dllStartNewLocalWorker     0000000140001130     .-dll-call_object.o
 0001:00000270       dllExecuteWorker           0000000140001270     .-dll-execute_worker.o
 0001:00000e80       memset                     0000000140001e80     .-runtime_lib.o
 0001:00000ee0       memcpy                     0000000140001ee0     .-runtime_lib.o
 0001:00000ff0       myMalloc                   0000000140001ff0     .-runtime_lib.o
 0001:00001050       myPrintf                   0000000140002050     .-runtime_lib.o
 0001:000015c0       myRealloc                  00000001400025c0     .-runtime_lib.o
 0001:00001620       myFree                     0000000140002620     .-runtime_lib.o
 0001:00001660       myAtoll                    0000000140002660     .-runtime_lib.o
 0001:000017a0       get_char                   00000001400027a0     .-runtime_lib.o
 0001:00001880       myScanI64                  0000000140002880     .-runtime_lib.o
 0001:00001910       myScanS                    0000000140002910     .-runtime_lib.o
 0001:00001a10       PrintI64                   0000000140002a10     .-runtime_lib.o
 0001:00001ae0       PrintI64H                  0000000140002ae0     .-runtime_lib.o
 0001:00001b80       Print2H                    0000000140002b80     .-runtime_lib.o
 0001:00001c20       assertion_failure          0000000140002c20     .-runtime_lib.o
 0001:00001c70       myAbs                      0000000140002c70     .-runtime_lib.o
 0001:00001ca0       MicrosecondsToTicks        0000000140002ca0     .-runtime_lib.o
 0001:00001cc0       TicksToMicroseconds        0000000140002cc0     .-runtime_lib.o
 0001:00001ce0       GetTicks                   0000000140002ce0     .-runtime_lib.o
 0001:00001d00       SheduleTimeoutFromNow      0000000140002d00     .-runtime_lib.o
 0001:00001d40       init_lib                   0000000140002d40     .-runtime_lib.o
 0001:00001d90       gpuPauseWorker             0000000140002d90     ..-common-gpu-await_worker.o
 0001:00001e40       gpuCallObject              0000000140002e40     ..-common-gpu-call_object.o
 0001:00001ec0       gpuStartNewLocalWorker     0000000140002ec0     ..-common-gpu-call_object.o
 0001:00002000       gpuExecuteWorker           0000000140003000     ..-common-gpu-execute_worker.o
 0001:000024f0       gpuNewObjectUsingPage      00000001400034f0     ..-common-gpu-new_object.o
 0001:000025f0       gpuNewObject               00000001400035f0     ..-common-gpu-new_object.o
 0001:00002640       gpuPushObject              0000000140003640     ..-common-gpu-push_object.o
 0001:00002680       gpuPushPipe                0000000140003680     ..-common-gpu-push_object.o
 0001:000026c0       gpuQueryObject             00000001400036c0     ..-common-gpu-query_object.o
 0001:00002700       gpuQueryPipe               0000000140003700     ..-common-gpu-query_object.o
 0001:00002740       locNewObjectUsingPage      0000000140003740     ..-common-loc-new_object.o
 0001:00002b90       locNewObject               0000000140003b90     ..-common-loc-new_object.o
 0001:00002be0       locUpdateLocalPush         0000000140003be0     ..-common-loc-push_object.o
 0001:00002cd0       locQueryLocalObject        0000000140003cd0     ..-common-loc-query_object.o
 0001:00002e30       x64PauseWorker             0000000140003e30     ..-common-x64-await_worker.o
 0001:00002f00       x64CallObject              0000000140003f00     ..-common-x64-call_object.o
 0001:00002f80       x64StartNewLocalWorker     0000000140003f80     ..-common-x64-call_object.o
 0001:000030d0       x64ExecuteWorker           00000001400040d0     ..-common-x64-execute_worker.o
 0001:00003110       x64TryStallWorker          0000000140004110     ..-common-x64-execute_worker.o
 0001:000033b0       x64NewObjectUsingPage      00000001400043b0     ..-common-x64-new_object.o
 0001:00003810       x64NewObjectStates         0000000140004810     ..-common-x64-new_object.o
 0001:000038b0       x64NewObject               00000001400048b0     ..-common-x64-new_object.o
 0001:000039a0       x64UpdateLocalPush         00000001400049a0     ..-common-x64-push_object.o
 0001:00003a90       x64OnPushObject            0000000140004a90     ..-common-x64-push_object.o
 0001:00003b20       x64PushObjectStates        0000000140004b20     ..-common-x64-push_object.o
 0001:00003c40       x64PushObject              0000000140004c40     ..-common-x64-push_object.o
 0001:00003ec0       x64PushPipe                0000000140004ec0     ..-common-x64-push_object.o
 0001:00003ef0       x64QueryLocalObject        0000000140004ef0     ..-common-x64-query_object.o
 0001:00004050       x64OnQueryObject           0000000140005050     ..-common-x64-query_object.o
 0001:00004130       x64QueryObjectStates       0000000140005130     ..-common-x64-query_object.o
 0001:00004260       x64QueryObject             0000000140005260     ..-common-x64-query_object.o
 0001:00004480       x64QueryPipe               0000000140005480     ..-common-x64-query_object.o
 0001:000044b0       x64SleepStates             00000001400054b0     ..-common-x64-sleep.o
 0001:00004520       x64Sleep                   0000000140005520     ..-common-x64-sleep.o
 0001:000045c0       equal_bytes                00000001400055c0     ..-common-api.o
 0001:000046c0       GetHashtableNoLock         00000001400056c0     ..-common-api.o
 0001:00004890       SetHashtableNoLock         0000000140005890     ..-common-api.o
 0001:00004b90       GetHashtable               0000000140005b90     ..-common-api.o
 0001:00004bf0       SetHashtable               0000000140005bf0     ..-common-api.o
 0001:00004c40       i64_get                    0000000140005c40     ..-common-api.o
 0001:00005100       i64GetHashtableNoLock      0000000140006100     ..-common-api.o
 0001:00005140       i64SetHashtableNoLock      0000000140006140     ..-common-api.o
 0001:000052d0       i64GetHashtable            00000001400062d0     ..-common-api.o
 0001:00005300       i64SetHashtable            0000000140006300     ..-common-api.o
 0001:00005330       InitInternalStructures     0000000140006330     ..-common-api.o
 0001:000056c0       castOnQueryObject          00000001400066c0     ..-common-cast_provider.o
 0001:00005880       anyCastStates              0000000140006880     ..-common-cast_provider.o
 0001:00006990       anyCastProvider            0000000140007990     ..-common-cast_provider.o
 0001:00006b50       init_gpu_subsystem         0000000140007b50     ..-common-gpu_subsystem.o
 0001:000082a0       gpuBuildFromText           00000001400092a0     ..-common-gpu_subsystem.o
 0001:000085f0       gpuAlloc                   00000001400095f0     ..-common-gpu_subsystem.o
 0001:00008630       gpuRun                     0000000140009630     ..-common-gpu_subsystem.o
 0001:000086e0       gpuFinishQueuesOnPlatform  00000001400096e0     ..-common-gpu_subsystem.o
 0001:00008760       gpuFinishQueue             0000000140009760     ..-common-gpu_subsystem.o
 0001:000087a0       StartInitialProcess        00000001400097a0     ..-common-hive_entry.o
 0001:00008a10       scheduler_init             0000000140009a10     ..-common-queue.o
 0001:00008b10       scheduler_enqueue_with_affinity 0000000140009b10     ..-common-queue.o
 0001:00008c50       scheduler_enqueue          0000000140009c50     ..-common-queue.o
 0001:00008e30       scheduler_dequeue          0000000140009e30     ..-common-queue.o
 0001:000092e0       b_send                     000000014000a2e0     ..-common-remote.o
 0001:00009400       b_flush                    000000014000a400     ..-common-remote.o
 0001:00009450       GetConnectionById          000000014000a450     ..-common-remote.o
 0001:000094e0       ConfirmPage                000000014000a4e0     ..-common-remote.o
 0001:00009570       ConfirmID                  000000014000a570     ..-common-remote.o
 0001:000095c0       HandleNewConnection        000000014000a5c0     ..-common-remote.o
 0001:00009850       UpdateWaitingQuery         000000014000a850     ..-common-remote.o
 0001:00009b70       AnswerQueryObject          000000014000ab70     ..-common-remote.o
 0001:00009c70       UpdateWaitingPush          000000014000ac70     ..-common-remote.o
 0001:00009ee0       AnswerPushObject           000000014000aee0     ..-common-remote.o
 0001:00009fa0       SendPageAllocationConfirm  000000014000afa0     ..-common-remote.o
 0001:0000a020       SendIDConfirm              000000014000b020     ..-common-remote.o
 0001:0000a0a0       RedirectBroadcastQuery     000000014000b0a0     ..-common-remote.o
 0001:0000a200       RedirectBroadcastIDQuery   000000014000b200     ..-common-remote.o
 0001:0000a360       ConfirmConnection          000000014000b360     ..-common-remote.o
 0001:0000a5b0       InitiateConnection         000000014000b5b0     ..-common-remote.o
 0001:0000a9f0       RequestMemoryPage          000000014000b9f0     ..-common-remote.o
 0001:0000aaf0       RequestServerId            000000014000baf0     ..-common-remote.o
 0001:0000abe0       AnswerRequestObjectPath    000000014000bbe0     ..-common-remote.o
 0001:0000ad00       RequestObjectPathBroadcast 000000014000bd00     ..-common-remote.o
 0001:0000af00       AnswerRequestPathToID      000000014000bf00     ..-common-remote.o
 0001:0000b020       RequestPathToIDBroadcast   000000014000c020     ..-common-remote.o
 0001:0000b220       RequestObjectGet           000000014000c220     ..-common-remote.o
 0001:0000b4e0       RequestObjectSet           000000014000c4e0     ..-common-remote.o
 0001:0000b860       StartNewWorkerRemote       000000014000c860     ..-common-remote.o
 0001:0000b980       SendHiveState              000000014000c980     ..-common-remote.o
 0001:0000baf0       start_remote_subsystem     000000014000caf0     ..-common-remote.o
 0001:0000e060       RegisterObjectWithId       000000014000f060     ..-common-runtime.o
 0001:0000e090       GetNewObjectId             000000014000f090     ..-common-runtime.o
 0001:0000e180       universalPauseWorker       000000014000f180     ..-common-runtime.o
 0001:0000e200       universalUpdateLocalPush   000000014000f200     ..-common-runtime.o
 0001:0000e260       UpdateFromQueryResult      000000014000f260     ..-common-runtime.o
 0001:0000e2e0       PrintObject                000000014000f2e0     ..-common-runtime.o
 0001:0000e3f0       WaitListNode               000000014000f3f0     ..-common-runtime.o
 0001:0000e4a0       WaitListWorker             000000014000f4a0     ..-common-runtime.o
 0001:0000e4e0       EnqueueWorkerFromWaitList  000000014000f4e0     ..-common-runtime.o
 0001:0000e5f0       UpdateWaitingWorkers       000000014000f5f0     ..-common-runtime.o
 0001:0000e870       StartNewWorker             000000014000f870     ..-common-runtime.o
 0001:0000eb10       LoadWorker                 000000014000fb10     ..-common-runtime.o
 0001:0000fc10       entry                      0000000140010c10     ..-common-runtime.o
 0001:000105f0       WaitListUpdateWorker       00000001400115f0     ..-common-sheduler.o
 0001:00010630       SheduleWorker              0000000140011630     ..-common-sheduler.o
 0001:00010780       ShedulerInstance           0000000140011780     ..-common-sheduler.o
 0001:00010830       TryStallSheduler           0000000140011830     ..-common-sheduler.o
 0001:00010900       MasterSheduler             0000000140011900     ..-common-sheduler.o
 0001:00010e40       ShedulerStart              0000000140011e40     ..-common-sheduler.o
 0001:00011110       x64_fastPushObject         0000000140012110     asm.o
 0001:00011179       x64_fastQueryObject        0000000140012179     asm.o
 0001:000111e2       x64_fastNewObject          00000001400121e2     asm.o
 0001:0001124b       x64_fastCallObject         000000014001224b     asm.o
 0001:000112b4       x64_fastPushPipe           00000001400122b4     asm.o
 0001:0001131d       x64_fastQueryPipe          000000014001231d     asm.o
 0001:00011386       x64_fastSleep              0000000140012386     asm.o
 0001:000113ef       gpu_fastNewObject          00000001400123ef     asm.o
 0001:00011458       gpu_fastCallObject         0000000140012458     asm.o
 0001:000114c1       loc_fastNewObject          00000001400124c1     asm.o
 0001:0001152a       dll_fastCallObject         000000014001252a     asm.o
 0001:00011593       any_fastCastProvider       0000000140012593     asm.o
 0001:000115fc       x64AsmExecuteWorker        00000001400125fc     asm.o
 0001:0001165e       setjmpUN                   000000014001265e     asm.o
 0001:00011691       longjmpUN                  0000000140012691     asm.o
 0001:000116ba       DllCall                    00000001400126ba     asm.o
 0001:00011740       GdiSetBatchLimit           0000000140012740     gdi32:GDI32.dll
 0001:00011750       CommandLineToArgvW         0000000140012750     shell32:SHELL32.dll
 0001:00011760       AcquireSRWLockExclusive    0000000140012760     kernel32:KERNEL32.dll
 0001:00011770       AcquireSRWLockShared       0000000140012770     kernel32:KERNEL32.dll
 0001:00011780       CloseHandle                0000000140012780     kernel32:KERNEL32.dll
 0001:00011790       CreateEventW               0000000140012790     kernel32:KERNEL32.dll
 0001:000117a0       CreateFileW                00000001400127a0     kernel32:KERNEL32.dll
 0001:000117b0       CreateIoCompletionPort     00000001400127b0     kernel32:KERNEL32.dll
 0001:000117c0       CreateThread               00000001400127c0     kernel32:KERNEL32.dll
 0001:000117d0       ExitProcess                00000001400127d0     kernel32:KERNEL32.dll
 0001:000117e0       GetCommandLineW            00000001400127e0     kernel32:KERNEL32.dll
 0001:000117f0       GetConsoleMode             00000001400127f0     kernel32:KERNEL32.dll
 0001:00011800       GetFileSizeEx              0000000140012800     kernel32:KERNEL32.dll
 0001:00011810       GetLastError               0000000140012810     kernel32:KERNEL32.dll
 0001:00011820       GetProcAddress             0000000140012820     kernel32:KERNEL32.dll
 0001:00011830       GetProcessHeap             0000000140012830     kernel32:KERNEL32.dll
 0001:00011840       GetQueuedCompletionStatus  0000000140012840     kernel32:KERNEL32.dll
 0001:00011850       GetStdHandle               0000000140012850     kernel32:KERNEL32.dll
 0001:00011860       GetThreadContext           0000000140012860     kernel32:KERNEL32.dll
 0001:00011870       HeapAlloc                  0000000140012870     kernel32:KERNEL32.dll
 0001:00011880       HeapFree                   0000000140012880     kernel32:KERNEL32.dll
 0001:00011890       HeapReAlloc                0000000140012890     kernel32:KERNEL32.dll
 0001:000118a0       LoadLibraryA               00000001400128a0     kernel32:KERNEL32.dll
 0001:000118b0       MultiByteToWideChar        00000001400128b0     kernel32:KERNEL32.dll
 0001:000118c0       QueryPerformanceCounter    00000001400128c0     kernel32:KERNEL32.dll
 0001:000118d0       QueryPerformanceFrequency  00000001400128d0     kernel32:KERNEL32.dll
 0001:000118e0       ReadConsoleW               00000001400128e0     kernel32:KERNEL32.dll
 0001:000118f0       ReadFile                   00000001400128f0     kernel32:KERNEL32.dll
 0001:00011900       ReleaseSRWLockExclusive    0000000140012900     kernel32:KERNEL32.dll
 0001:00011910       ReleaseSRWLockShared       0000000140012910     kernel32:KERNEL32.dll
 0001:00011920       ResumeThread               0000000140012920     kernel32:KERNEL32.dll
 0001:00011930       SetEvent                   0000000140012930     kernel32:KERNEL32.dll
 0001:00011940       SetThreadContext           0000000140012940     kernel32:KERNEL32.dll
 0001:00011950       Sleep                      0000000140012950     kernel32:KERNEL32.dll
 0001:00011960       SuspendThread              0000000140012960     kernel32:KERNEL32.dll
 0001:00011970       TlsAlloc                   0000000140012970     kernel32:KERNEL32.dll
 0001:00011980       TlsFree                    0000000140012980     kernel32:KERNEL32.dll
 0001:00011990       TlsGetValue                0000000140012990     kernel32:KERNEL32.dll
 0001:000119a0       TlsSetValue                00000001400129a0     kernel32:KERNEL32.dll
 0001:000119b0       TryAcquireSRWLockExclusive 00000001400129b0     kernel32:KERNEL32.dll
 0001:000119c0       VirtualAlloc               00000001400129c0     kernel32:KERNEL32.dll
 0001:000119d0       WaitForMultipleObjects     00000001400129d0     kernel32:KERNEL32.dll
 0001:000119e0       WaitForSingleObject        00000001400129e0     kernel32:KERNEL32.dll
 0001:000119f0       WriteConsoleW              00000001400129f0     kernel32:KERNEL32.dll
 0001:00011a00       BCryptGenRandom            0000000140012a00     bcrypt:bcrypt.dll
 0001:00011a10       WSAGetLastError            0000000140012a10     ws2_32:WS2_32.dll
 0001:00011a20       WSARecv                    0000000140012a20     ws2_32:WS2_32.dll
 0001:00011a30       WSAStartup                 0000000140012a30     ws2_32:WS2_32.dll
 0001:00011a40       accept                     0000000140012a40     ws2_32:WS2_32.dll
 0001:00011a50       bind                       0000000140012a50     ws2_32:WS2_32.dll
 0001:00011a60       closesocket                0000000140012a60     ws2_32:WS2_32.dll
 0001:00011a70       connect                    0000000140012a70     ws2_32:WS2_32.dll
 0001:00011a80       freeaddrinfo               0000000140012a80     ws2_32:WS2_32.dll
 0001:00011a90       getaddrinfo                0000000140012a90     ws2_32:WS2_32.dll
 0001:00011aa0       getsockname                0000000140012aa0     ws2_32:WS2_32.dll
 0001:00011ab0       htons                      0000000140012ab0     ws2_32:WS2_32.dll
 0001:00011ac0       listen                     0000000140012ac0     ws2_32:WS2_32.dll
 0001:00011ad0       ntohs                      0000000140012ad0     ws2_32:WS2_32.dll
 0001:00011ae0       send                       0000000140012ae0     ws2_32:WS2_32.dll
 0001:00011af0       setsockopt                 0000000140012af0     ws2_32:WS2_32.dll
 0001:00011b00       socket                     0000000140012b00     ws2_32:WS2_32.dll
 0001:00011b10       clBuildProgram             0000000140012b10     OpenCL:OpenCL.dll
 0001:00011b20       clCreateBuffer             0000000140012b20     OpenCL:OpenCL.dll
 0001:00011b30       clCreateCommandQueueWithProperties 0000000140012b30     OpenCL:OpenCL.dll
 0001:00011b40       clCreateContext            0000000140012b40     OpenCL:OpenCL.dll
 0001:00011b50       clCreateKernel             0000000140012b50     OpenCL:OpenCL.dll
 0001:00011b60       clCreateProgramWithSource  0000000140012b60     OpenCL:OpenCL.dll
 0001:00011b70       clEnqueueNDRangeKernel     0000000140012b70     OpenCL:OpenCL.dll
 0001:00011b80       clEnqueueReadBuffer        0000000140012b80     OpenCL:OpenCL.dll
 0001:00011b90       clEnqueueWriteBuffer       0000000140012b90     OpenCL:OpenCL.dll
 0001:00011ba0       clFinish                   0000000140012ba0     OpenCL:OpenCL.dll
 0001:00011bb0       clGetDeviceIDs             0000000140012bb0     OpenCL:OpenCL.dll
 0001:00011bc0       clGetDeviceInfo            0000000140012bc0     OpenCL:OpenCL.dll
 0001:00011bd0       clGetKernelArgInfo         0000000140012bd0     OpenCL:OpenCL.dll
 0001:00011be0       clGetPlatformIDs           0000000140012be0     OpenCL:OpenCL.dll
 0001:00011bf0       clGetPlatformInfo          0000000140012bf0     OpenCL:OpenCL.dll
 0001:00011c00       clGetProgramBuildInfo      0000000140012c00     OpenCL:OpenCL.dll
 0001:00011c10       clSetKernelArg             0000000140012c10     OpenCL:OpenCL.dll
 0002:00000014       ??_C@_1FE@MNCEKKEL@?$AAE?$AAr?$AAr?$AAo?$AAr?$AA?3?$AA?5?$AAU?$AAN?$AAK?$AAN?$AAO?$AAW?$AAN?$AA?5?$AAp?$AAr?$AAo?$AAv?$AAi?$AAd?$AAe?$AAr?$AA?5?$AA?$CF?$AAl?$AAl?$AAd?$AA?5?$AAi?$AAn?$AA?5@ 0000000140013014     .-dll-execute_worker.o
 0002:00000068       ??_C@_1HO@GIMLMCLD@?$AAr?$AAe?$AAt?$AAu?$AAr?$AAn?$AAe?$AAd?$AA?5?$AA?$CL?$AA?5?$AAE?$AAr?$AAr?$AAo?$AAr?$AA?$DN?$AA?$CF?$AAl?$AAl?$AAd?$AA?5?$AA?$FL?$AAb?$AAe?$AAf?$AAo?$AAr?$AAe?$AA?5?$AAc?$AAa@ 0000000140013068     .-dll-execute_worker.o
 0002:000000e6       ??_C@_1GM@IPHLEIPK@?$AAE?$AAr?$AAr?$AAo?$AAr?$AA?3?$AA?5?$AAf?$AAa?$AAi?$AAl?$AAe?$AAd?$AA?5?$AAt?$AAo?$AA?5?$AAa?$AAl?$AAl?$AAo?$AAc?$AAa?$AAt?$AAe?$AA?5?$AA?$CF?$AAl?$AAl?$AAd?$AA?5?$AAb@ 00000001400130e6     .-runtime_lib.o
 0002:00000152       ??_C@_1HA@KLDBOMN@?$AAE?$AAr?$AAr?$AAo?$AAr?$AA?3?$AA?5?$AAf?$AAa?$AAi?$AAl?$AAe?$AAd?$AA?5?$AAt?$AAo?$AA?5?$AAr?$AAe?$AAa?$AAl?$AAl?$AAo?$AAc?$AAa?$AAt?$AAe?$AA?5?$AA?$CF?$AAl?$AAl?$AAd@ 0000000140013152     .-runtime_lib.o
 0002:000001c2       ??_C@_1EI@DJFGOBAG@?$AAE?$AAr?$AAr?$AAo?$AAr?$AA?3?$AA?5?$AAf?$AAa?$AAi?$AAl?$AAe?$AAd?$AA?5?$AAt?$AAo?$AA?5?$AAf?$AAr?$AAe?$AAe?$AA?5?$AAm?$AAe?$AAm?$AAo?$AAr?$AAy?$AA?3?$AA?5?$AA?$CF?$AAl@ 00000001400131c2     .-runtime_lib.o
 0002:0000020a       ??_C@_1CM@EJGKJCED@?$AAA?$AAs?$AAs?$AAe?$AAr?$AAt?$AAi?$AAo?$AAn?$AA?5?$AAf?$AAa?$AAi?$AAl?$AAe?$AAd?$AA?3?$AA?5?$AA?$CF?$AAs?$AA?6?$AA?$AA@ 000000014001320a     .-runtime_lib.o
 0002:00000236       ??_C@_1EI@GJCCEHA@?$AAF?$AAi?$AAl?$AAe?$AA?3?$AA?5?$AA?$CF?$AAs?$AA?0?$AA?5?$AAL?$AAi?$AAn?$AAe?$AA?3?$AA?5?$AA?$CF?$AAl?$AAl?$AAd?$AA?0?$AA?5?$AAF?$AAu?$AAn?$AAc?$AAt?$AAi?$AAo?$AAn?$AA?3?$AA?5@ 0000000140013236     .-runtime_lib.o
 0002:0000027e       ??_C@_1DO@MBJBKNM@?$AAE?$AAr?$AAr?$AAo?$AAr?$AA?3?$AA?5?$AAa?$AAt?$AA?5?$AAc?$AAl?$AAS?$AAe?$AAt?$AAK?$AAe?$AAr?$AAn?$AAe?$AAl?$AAA?$AAr?$AAg?$AA?5?$AA?$CF?$AAl?$AAl?$AAd?$AA?6?$AA?$AA@ 000000014001327e     ..-common-gpu-execute_worker.o
 0002:000002bc       ??_C@_1EO@KIFHHFHO@?$AAE?$AAr?$AAr?$AAo?$AAr?$AA?3?$AA?5?$AAa?$AAt?$AA?5?$AAc?$AAl?$AAE?$AAn?$AAq?$AAu?$AAe?$AAu?$AAe?$AAN?$AAD?$AAR?$AAa?$AAn?$AAg?$AAe?$AAK?$AAe?$AAr?$AAn?$AAe?$AAl@ 00000001400132bc     ..-common-gpu-execute_worker.o
 0002:0000030a       ??_C@_1DO@PIAGAENK@?$AAE?$AAR?$AAR?$AAO?$AAR?$AA?3?$AA?5?$AAg?$AAp?$AAu?$AAA?$AAl?$AAl?$AAo?$AAc?$AA?5?$AAf?$AAa?$AAi?$AAl?$AAe?$AAd?$AA?5?$AA?$FL?$AA?$CF?$AAl?$AAl?$AAd?$AA?$FN?$AA?6?$AA?$AA@ 000000014001330a     ..-common-gpu-new_object.o
 0002:00000348       ??_C@_1BG@LMPFNDF@?$AAr?$AAe?$AAs?$AAu?$AAl?$AAt?$AA?5?$AA?$CF?$AAp?$AA?6?$AA?$AA@ 0000000140013348     ..-common-gpu-new_object.o
 0002:0000035e       ??_C@_1FM@LBBNKNII@?$AAE?$AAR?$AAR?$AAO?$AAR?$AA?3?$AA?5?$AAP?$AAi?$AAp?$AAe?$AAs?$AA?5?$AAa?$AAr?$AAe?$AA?5?$AAu?$AAn?$AAs?$AAu?$AAp?$AAp?$AAo?$AAr?$AAt?$AAe?$AAd?$AA?5?$AAo?$AAn?$AA?5@ 000000014001335e     ..-common-gpu-new_object.o
 0002:000003ba       ??_C@_1GM@BNFAKJM@?$AAE?$AAR?$AAR?$AAO?$AAR?$AA?3?$AA?5?$AAP?$AAi?$AAp?$AAe?$AAs?$AA?5?$AAa?$AAr?$AAe?$AA?5?$AAu?$AAn?$AAs?$AAu?$AAp?$AAp?$AAo?$AAr?$AAt?$AAe?$AAd?$AA?5?$AAo?$AAn?$AA?5@ 00000001400133ba     ..-common-gpu-new_object.o
 0002:00000426       ??_C@_1EG@FBJBJMFK@?$AAN?$AAO?$AAT?$AA?5?$AAS?$AAU?$AAP?$AAP?$AAO?$AAR?$AAT?$AAE?$AAD?$AA?3?$AA?5?$AAp?$AAu?$AAs?$AAh?$AA?5?$AAi?$AAn?$AA?5?$AAg?$AAp?$AAu?$AA?5?$AAo?$AAb?$AAj?$AAe?$AAc@ 0000000140013426     ..-common-gpu-push_object.o
 0002:0000046c       ??_C@_1FE@GJLEMBH@?$AAN?$AAO?$AAT?$AA?5?$AAS?$AAU?$AAP?$AAP?$AAO?$AAR?$AAT?$AAE?$AAD?$AA?3?$AA?5?$AAp?$AAu?$AAs?$AAh?$AA?5?$AAi?$AAn?$AA?5?$AAg?$AAp?$AAu?$AA?5?$AAo?$AAb?$AAj?$AAe?$AAc@ 000000014001346c     ..-common-gpu-push_object.o
 0002:000004c0       ??_C@_1EI@EPHKLIAN@?$AAN?$AAO?$AAT?$AA?5?$AAS?$AAU?$AAP?$AAP?$AAO?$AAR?$AAT?$AAE?$AAD?$AA?3?$AA?5?$AAq?$AAu?$AAe?$AAr?$AAy?$AA?5?$AAi?$AAn?$AA?5?$AAg?$AAp?$AAu?$AA?5?$AAo?$AAb?$AAj?$AAe@ 00000001400134c0     ..-common-gpu-query_object.o
 0002:00000508       ??_C@_1FG@PCBNEEAC@?$AAN?$AAO?$AAT?$AA?5?$AAS?$AAU?$AAP?$AAP?$AAO?$AAR?$AAT?$AAE?$AAD?$AA?3?$AA?5?$AAq?$AAu?$AAe?$AAr?$AAy?$AA?5?$AAi?$AAn?$AA?5?$AAg?$AAp?$AAu?$AA?5?$AAo?$AAb?$AAj?$AAe@ 0000000140013508     ..-common-gpu-query_object.o
 0002:000005f0       ??_C@_1FE@BCAGMINK@?$AAE?$AAr?$AAr?$AAo?$AAr?$AA?3?$AA?5?$AAn?$AAo?$AA?5?$AAk?$AAn?$AAo?$AAw?$AAn?$AA?5?$AAs?$AAi?$AAz?$AAe?$AA?5?$AAf?$AAo?$AAr?$AA?5?$AAn?$AAo?$AAt?$AA?5?$AAa?$AAr?$AAr@ 00000001400135f0     ..-common-cast_provider.o
 0002:00000644       ??_C@_1FK@KDAFABDO@?$AAE?$AAr?$AAr?$AAo?$AAr?$AA?3?$AA?5?$AAl?$AAo?$AAc?$AAa?$AAl?$AA?5?$AAo?$AAb?$AAj?$AAe?$AAc?$AAt?$AA?5?$AAw?$AAa?$AAs?$AA?5?$AAr?$AAe?$AAm?$AAo?$AAv?$AAe?$AAd?$AA?5@ 0000000140013644     ..-common-cast_provider.o
 0002:0000069e       ??_C@_1FO@HMOHPFHI@?$AAE?$AAr?$AAr?$AAo?$AAr?$AA?5?$AAh?$AAa?$AAp?$AAp?$AAe?$AAn?$AA?5?$AAw?$AAh?$AAi?$AAl?$AAe?$AA?5?$AAc?$AAl?$AAE?$AAn?$AAq?$AAu?$AAe?$AAu?$AAe?$AAR?$AAe?$AAa?$AAd@ 000000014001369e     ..-common-cast_provider.o
 0002:000006fc       ??_C@_1GA@EEKPNAGK@?$AAE?$AAr?$AAr?$AAo?$AAr?$AA?5?$AAh?$AAa?$AAp?$AAp?$AAe?$AAn?$AA?5?$AAw?$AAh?$AAi?$AAl?$AAe?$AA?5?$AAc?$AAl?$AAE?$AAn?$AAq?$AAu?$AAe?$AAu?$AAe?$AAW?$AAr?$AAi?$AAt@ 00000001400136fc     ..-common-cast_provider.o
 0002:0000075c       ??_C@_1IA@HIJJNPCH@?$AAE?$AAR?$AAR?$AAO?$AAR?$AA?3?$AA?5?$AAn?$AAo?$AAt?$AA?5?$AAs?$AAu?$AAp?$AAp?$AAo?$AAr?$AAt?$AAe?$AAd?$AA?5?$AAc?$AAo?$AAn?$AAv?$AAe?$AAr?$AAs?$AAi?$AAo?$AAn?$AA?5@ 000000014001375c     ..-common-cast_provider.o
 0002:000007dc       ??_C@_1EC@CFAEGHOO@?$AAE?$AAr?$AAr?$AAo?$AAr?$AA?5?$AAa?$AAt?$AA?5?$AAc?$AAl?$AAC?$AAr?$AAe?$AAa?$AAt?$AAe?$AAC?$AAo?$AAn?$AAt?$AAe?$AAx?$AAt?$AA?5?$AA?$FL?$AA?$CF?$AAl?$AAl?$AAd?$AA?$FN?$AA?6@ 00000001400137dc     ..-common-gpu_subsystem.o
 0002:0000081e       ??_C@_1GI@JODPKPLM@?$AAE?$AAr?$AAr?$AAo?$AAr?$AA?5?$AAa?$AAt?$AA?5?$AAc?$AAl?$AAC?$AAr?$AAe?$AAa?$AAt?$AAe?$AAC?$AAo?$AAm?$AAm?$AAa?$AAn?$AAd?$AAQ?$AAu?$AAe?$AAu?$AAe?$AAW?$AAi?$AAt@ 000000014001381e     ..-common-gpu_subsystem.o
 0002:00000886       ??_C@_0FA@OKGFDHAO@?9cl?9single?9precision?9constant?5?9c@ 0000000140013886     ..-common-gpu_subsystem.o
 0002:000008d6       ??_C@_1DE@FJCPKFIJ@?$AAB?$AAu?$AAi?$AAl?$AAd?$AAP?$AAr?$AAo?$AAg?$AAr?$AAa?$AAm?$AA?5?$AAE?$AAr?$AAr?$AAo?$AAr?$AA?3?$AA?5?$AA?$CF?$AAl?$AAl?$AAd?$AA?6?$AA?$AA@ 00000001400138d6     ..-common-gpu_subsystem.o
 0002:0000090a       ??_C@_19PDAGFAKM@?$AA?4?$AA?4?$AA?4?$AA?6?$AA?$AA@ 000000014001390a     ..-common-gpu_subsystem.o
 0002:00000914       ??_C@_1CO@HIIDKPPP@?$AAB?$AAu?$AAi?$AAl?$AAd?$AAI?$AAn?$AAf?$AAo?$AA?5?$AAE?$AAr?$AAr?$AAo?$AAr?$AA?3?$AA?5?$AA?$CF?$AAl?$AAl?$AAd?$AA?6?$AA?$AA@ 0000000140013914     ..-common-gpu_subsystem.o
 0002:00000942       ??_C@_1DA@GJKLKGNM@?$AAB?$AAu?$AAi?$AAl?$AAd?$AAI?$AAn?$AAf?$AAo?$AA2?$AA?5?$AAE?$AAr?$AAr?$AAo?$AAr?$AA?3?$AA?5?$AA?$CF?$AAl?$AAl?$AAd?$AA?6?$AA?$AA@ 0000000140013942     ..-common-gpu_subsystem.o
 0002:00000972       ??_C@_1DA@CBNNMJJB@?$AAE?$AAr?$AAr?$AAo?$AAr?$AA?5?$AAI?$AAn?$AAf?$AAo?$AA?3?$AA?5?$AAc?$AAo?$AAd?$AAe?$AA?$DN?$AA?$CF?$AAl?$AAl?$AAd?$AA?3?$AA?6?$AA?$AA@ 0000000140013972     ..-common-gpu_subsystem.o
 0002:000009a2       ??_C@_1CA@CAEDKLHA@?$AA?$CF?$AA0?$AA2?$AAx?$AA?5?$AA?$CF?$AA0?$AA2?$AAx?$AA?5?$AA?$CF?$AA0?$AA2?$AAx?$AA?6?$AA?$AA@ 00000001400139a2     ..-common-gpu_subsystem.o
 0002:000009c2       ??_C@_17MJEANDKP@?$AA?$CF?$AAs?$AA?6?$AA?$AA@ 00000001400139c2     ..-common-gpu_subsystem.o
 0002:000009ca       ??_C@_1CO@DCKAPNAK@?$AAw?$AAa?$AAi?$AAt?$AAi?$AAn?$AAg?$AA?5?$AAs?$AAt?$AAa?$AAr?$AAt?$AAu?$AAp?$AA?5?$AAp?$AAa?$AAg?$AAe?$AAs?$AA?6?$AA?$AA@ 00000001400139ca     ..-common-hive_entry.o
 0002:000009f8       ??_C@_1EI@OLFKDNEP@?$AAE?$AAr?$AAr?$AAo?$AAr?$AA?3?$AA?5?$AAa?$AAl?$AAl?$AAo?$AAc?$AAa?$AAt?$AAe?$AAd?$AA?5?$AAa?$AAr?$AAr?$AAa?$AAy?$AA?5?$AAi?$AAs?$AAn?$AA?8?$AAt?$AA?5?$AAl?$AAo?$AAc@ 00000001400139f8     ..-common-hive_entry.o
 0002:00000ac0       ??_C@_1DE@OFJFJIIH@?$AAS?$AAe?$AAr?$AAv?$AAe?$AAr?$AA?5?$AAi?$AAd?$AA?$DN?$AA?$CF?$AAl?$AAl?$AAd?$AA?5?$AAc?$AAo?$AAn?$AAf?$AAi?$AAr?$AAm?$AAe?$AAd?$AA?6?$AA?$AA@ 0000000140013ac0     ..-common-remote.o
 0002:00000af4       ??_C@_1CG@DJLPCGPG@?$AAC?$AAl?$AAi?$AAe?$AAn?$AAt?$AA?5?$AAc?$AAo?$AAn?$AAn?$AAe?$AAc?$AAt?$AAe?$AAd?$AA?$CB?$AA?6?$AA?$AA@ 0000000140013af4     ..-common-remote.o
 0002:00000b1a       ??_C@_1FK@FPKJOMKP@?$AAE?$AAr?$AAr?$AAo?$AAr?$AA?3?$AA?5?$AAC?$AAo?$AAu?$AAl?$AAd?$AA?5?$AAn?$AAo?$AAt?$AA?5?$AAc?$AAo?$AAn?$AAn?$AAe?$AAc?$AAt?$AA?5?$AAt?$AAo?$AA?5?$AA?$CF?$AAs?$AA?5?$AA?$FL@ 0000000140013b1a     ..-common-remote.o
 0002:00000b74       ??_C@_1LE@PPGJDLMH@?$AA?$FL?$AAp?$AA?5?$AA?$DM?$AAp?$AAo?$AAr?$AAt?$AA?$DO?$AA?$FN?$AA?5?$AAt?$AAo?$AA?5?$AAs?$AAe?$AAl?$AAe?$AAc?$AAt?$AA?5?$AAp?$AAo?$AAr?$AAt?$AA?5?$AA?$FL?$AAc?$AA?5?$AA?$DM?$AAi?$AAp@ 0000000140013b74     ..-common-remote.o
 0002:00000c28       ??_C@_1BO@BCIJKPCC@?$AAE?$AAn?$AAt?$AAe?$AAr?$AA?5?$AAc?$AAo?$AAm?$AAm?$AAa?$AAn?$AAd?$AA?$DO?$AA?$AA@ 0000000140013c28     ..-common-remote.o
 0002:00000c46       ??_C@_1CK@IMAGNILG@?$AAC?$AAo?$AAn?$AAf?$AAi?$AAr?$AAm?$AAe?$AAd?$AA?5?$AAp?$AAo?$AAr?$AAt?$AA?$DN?$AA?$CF?$AAl?$AAl?$AAd?$AA?6?$AA?$AA@ 0000000140013c46     ..-common-remote.o
 0002:00000c70       ??_C@_1DG@NNMMEGKD@?$AAS?$AAe?$AAl?$AAe?$AAc?$AAt?$AAe?$AAd?$AA?5?$AAc?$AAo?$AAn?$AAn?$AAe?$AAc?$AAt?$AA?5?$AAc?$AAo?$AAm?$AAm?$AAa?$AAn?$AAd?$AA?4?$AA?6?$AA?$AA@ 0000000140013c70     ..-common-remote.o
 0002:00000ca6       ??_C@_1CI@KPENLAE@?$AAE?$AAn?$AAt?$AAe?$AAr?$AA?5?$AAI?$AAP?$AA?5?$AAa?$AAn?$AAd?$AA?5?$AAP?$AAO?$AAR?$AAT?$AA?4?$AA?6?$AA?$AA@ 0000000140013ca6     ..-common-remote.o
 0002:00000cce       ??_C@_1EG@CAHECGOL@?$AAT?$AAr?$AAy?$AAi?$AAn?$AAg?$AA?5?$AAt?$AAo?$AA?5?$AAc?$AAo?$AAn?$AAn?$AAe?$AAc?$AAt?$AA?5?$AAt?$AAo?$AA?5?$AA?$FL?$AA?$CF?$AAs?$AA?$FN?$AA?5?$AA?$FL?$AA?$CF?$AAs?$AA?$FN?$AA?4?$AA?4@ 0000000140013cce     ..-common-remote.o
 0002:00000d14       ??_C@_1DG@GLOHHOJG@?$AAT?$AAe?$AAm?$AAp?$AAo?$AAr?$AAa?$AAr?$AAy?$AA?5?$AAl?$AAo?$AAc?$AAa?$AAl?$AA_?$AAi?$AAd?$AA?5?$AA?$DN?$AA?5?$AA?$CF?$AAl?$AAl?$AAd?$AA?6?$AA?$AA@ 0000000140013d14     ..-common-remote.o
 0002:00000d4a       ??_C@_1DC@MOJEJJIM@?$AAC?$AAo?$AAn?$AAf?$AAi?$AAg?$AAu?$AAr?$AAa?$AAt?$AAi?$AAo?$AAn?$AA?5?$AAc?$AAo?$AAn?$AAf?$AAi?$AAr?$AAm?$AAe?$AAd?$AA?6?$AA?$AA@ 0000000140013d4a     ..-common-remote.o
 0002:00000d7c       ??_C@_1DM@PKIKMHMJ@?$AA?$FL?$AAN?$AAE?$AAT?$AAW?$AAO?$AAR?$AAK?$AA?$FN?$AA?3?$AA?5?$AAP?$AAe?$AAe?$AAr?$AA?5?$AAd?$AAi?$AAs?$AAc?$AAo?$AAn?$AAn?$AAe?$AAc?$AAt?$AAe?$AAd?$AA?6?$AA?$AA@ 0000000140013d7c     ..-common-remote.o
 0002:00000db8       ??_C@_1FE@JBHEOMDM@?$AAc?$AAo?$AAn?$AAn?$AAe?$AAc?$AAt?$AAi?$AAo?$AAn?$AA?5?$AAw?$AAa?$AAs?$AA?5?$AAc?$AAl?$AAo?$AAs?$AAe?$AAd?$AA?4?$AA?5?$AA?$FL?$AAl?$AAo?$AAc?$AAa?$AAl?$AA_?$AAi?$AAd@ 0000000140013db8     ..-common-remote.o
 0002:00000e0c       ??_C@_1LA@ICLCBFDH@?$AAE?$AAr?$AAr?$AAo?$AAr?$AA?3?$AA?5?$AAA?$AAP?$AAI?$AA_?$AAA?$AAN?$AAS?$AAW?$AAE?$AAR?$AA_?$AAR?$AAE?$AAQ?$AAU?$AAE?$AAS?$AAT?$AA_?$AAC?$AAO?$AAN?$AAN?$AAE?$AAC@ 0000000140013e0c     ..-common-remote.o
 0002:00000ebc       ??_C@_1DK@EHAPFJND@?$AAs?$AAe?$AAr?$AAv?$AAe?$AAr?$AA?5?$AAs?$AAt?$AAa?$AAr?$AAt?$AAe?$AAd?$AA?5?$AAo?$AAn?$AA?5?$AAp?$AAo?$AAr?$AAt?$AA?5?$AA?$CF?$AAl?$AAl?$AAd?$AA?6?$AA?$AA@ 0000000140013ebc     ..-common-remote.o
 0002:00000ef6       ??_C@_1CM@OOKLEHNG@?$AAg?$AAe?$AAt?$AA?5?$AAn?$AAa?$AAm?$AAe?$AA?5?$AAf?$AAa?$AAi?$AAl?$AAe?$AAd?$AA?5?$AA?$CF?$AAl?$AAl?$AAd?$AA?6?$AA?$AA@ 0000000140013ef6     ..-common-remote.o
 0002:00000f22       ??_C@_1CG@NGNGJBNB@?$AAE?$AAr?$AAr?$AAo?$AAr?$AA?5?$AAh?$AAa?$AAp?$AAp?$AAe?$AAn?$AA?5?$AA?$CF?$AAl?$AAl?$AAd?$AA?6?$AA?$AA@ 0000000140013f22     ..-common-remote.o
 0002:0000117c       ??_C@_1GG@FCHEHEMI@?$AAE?$AAr?$AAr?$AAo?$AAr?$AA?3?$AA?5?$AAt?$AAh?$AAi?$AAs?$AA?5?$AAw?$AAo?$AAr?$AAk?$AAe?$AAr?$AA?5?$AAd?$AAo?$AAe?$AAn?$AA?8?$AAt?$AA?5?$AAs?$AAu?$AAp?$AAp?$AAo?$AAr@ 000000014001417c     ..-common-runtime.o
 0002:000011e2       ??_C@_1IE@FHIKABLD@?$AAE?$AAr?$AAr?$AAo?$AAr?$AA?3?$AA?5?$AAc?$AAa?$AAn?$AA?8?$AAt?$AA?5?$AAr?$AAu?$AAn?$AA?5?$AAr?$AAe?$AAm?$AAo?$AAt?$AAe?$AA?5?$AAw?$AAo?$AAr?$AAk?$AAe?$AAr?$AA?5?$AA?$CF@ 00000001400141e2     ..-common-runtime.o
 0002:00001266       ??_C@_1HE@GOIHIEDE@?$AAE?$AAr?$AAr?$AAo?$AAr?$AA?3?$AA?5?$AAp?$AAr?$AAo?$AAv?$AAi?$AAd?$AAe?$AAr?$AA?5?$AA?$CF?$AAl?$AAl?$AAd?$AA?5?$AAd?$AAo?$AAe?$AAs?$AAn?$AA?8?$AAt?$AA?5?$AAs?$AAu?$AAp@ 0000000140014266     ..-common-runtime.o
 0002:000012da       ??_C@_1JE@CPFCJBNI@?$AAE?$AAR?$AAR?$AAO?$AAR?$AA?3?$AA?5?$AAR?$AAu?$AAn?$AAt?$AAi?$AAm?$AAe?$AA?5?$AAe?$AAn?$AAd?$AAp?$AAo?$AAi?$AAn?$AAt?$AA?5?$AA?$CF?$AAl?$AAl?$AAd?$AA?5?$AAd?$AAo?$AAe@ 00000001400142da     ..-common-runtime.o
 0002:0000136e       ??_C@_1GO@BJLCMKCN@?$AAE?$AAr?$AAr?$AAo?$AAr?$AA?3?$AA?5?$AAc?$AAa?$AAn?$AA?8?$AAt?$AA?5?$AAl?$AAo?$AAa?$AAd?$AA?5?$AAd?$AAl?$AAl?$AA?5?$AAf?$AAu?$AAn?$AAc?$AAt?$AAi?$AAo?$AAn?$AA?5?$AA?$DM@ 000000014001436e     ..-common-runtime.o
 0002:000013dc       ??_C@_1HI@GNCDLKLI@?$AAE?$AAr?$AAr?$AAo?$AAr?$AA?3?$AA?5?$AAr?$AAu?$AAn?$AAt?$AAi?$AAm?$AAe?$AA?5?$AAd?$AAo?$AAe?$AAs?$AAn?$AA?8?$AAt?$AA?5?$AAs?$AAu?$AAp?$AAp?$AAo?$AAr?$AAt?$AA?5?$AAs@ 00000001400143dc     ..-common-runtime.o
 0002:00001454       ??_C@_1CI@PHCDEMOE@?$AAb?$AAu?$AAi?$AAl?$AAd?$AAi?$AAn?$AAg?$AA?5?$AAk?$AAe?$AAr?$AAn?$AAe?$AAl?$AA?4?$AA?4?$AA?4?$AA?6?$AA?$AA@ 0000000140014454     ..-common-runtime.o
 0002:0000147c       ??_C@_04JNAIOECI@krnl?$AA@ 000000014001447c     ..-common-runtime.o
 0002:00001482       ??_C@_1DI@MMAOAOLJ@?$AAE?$AAr?$AAr?$AAo?$AAr?$AA?3?$AA?5?$AAk?$AAe?$AAr?$AAn?$AAe?$AAl?$AA?5?$AAb?$AAu?$AAi?$AAl?$AAd?$AA?5?$AAf?$AAa?$AAi?$AAl?$AAe?$AAd?$AA?6?$AA?$AA@ 0000000140014482     ..-common-runtime.o
 0002:000014ba       ??_C@_1EK@KKIKLCHH@?$AAG?$AAp?$AAu?$AA?5?$AAs?$AAu?$AAs?$AAs?$AAy?$AAs?$AAt?$AAe?$AAm?$AA?5?$AAi?$AAn?$AAi?$AAt?$AAi?$AAa?$AAl?$AAi?$AAz?$AAa?$AAt?$AAi?$AAo?$AAn?$AA?5?$AAf?$AAa?$AAi@ 00000001400144ba     ..-common-runtime.o
 0002:00001504       ??_C@_1CC@DEIAIPBB@?$AA?4?$AA?4?$AA?1?$AA?4?$AA?4?$AA?1?$AA?4?$AA?4?$AA?1?$AAr?$AAe?$AAs?$AA?4?$AAb?$AAi?$AAn?$AA?$AA@ 0000000140014504     ..-common-runtime.o
 0002:00001526       ??_C@_1FC@OGJDIOEJ@?$AAE?$AAr?$AAr?$AAo?$AAr?$AA?3?$AA?5?$AAc?$AAa?$AAn?$AA?8?$AAt?$AA?5?$AAo?$AAp?$AAe?$AAn?$AA?5?$AA?4?$AA?4?$AA?1?$AA?4?$AA?4?$AA?1?$AA?4?$AA?4?$AA?1?$AAr?$AAe?$AAs?$AA?4?$AAb@ 0000000140014526     ..-common-runtime.o
 0002:00001578       ??_C@_1EG@BBCENLFA@?$AAT?$AAh?$AAi?$AAs?$AA?5?$AAh?$AAi?$AAv?$AAe?$AA?5?$AAw?$AAi?$AAl?$AAl?$AA?5?$AAn?$AAo?$AAt?$AA?5?$AAr?$AAe?$AAa?$AAd?$AA?5?$AAa?$AAn?$AAy?$AA?5?$AAs?$AAt?$AAd?$AAi@ 0000000140014578     ..-common-runtime.o
 0002:000015be       ??_C@_1EG@OCFMCBJL@?$AAT?$AAh?$AAi?$AAs?$AA?5?$AAh?$AAi?$AAv?$AAe?$AA?5?$AAw?$AAi?$AAl?$AAl?$AA?5?$AAn?$AAo?$AAt?$AA?5?$AAs?$AAt?$AAo?$AAp?$AA?5?$AAe?$AAx?$AAe?$AAc?$AAu?$AAt?$AAi?$AAo@ 00000001400145be     ..-common-runtime.o
 0002:00001604       ??_C@_1DG@MIGAGMEC@?$AAI?$AAn?$AAp?$AAu?$AAt?$AA?5?$AAw?$AAi?$AAl?$AAl?$AA?5?$AAb?$AAe?$AA?5?$AAl?$AAo?$AAc?$AAa?$AAl?$AA?5?$AAa?$AAr?$AAr?$AAa?$AAy?$AA?6?$AA?$AA@ 0000000140014604     ..-common-runtime.o
 0002:0000163a       ??_C@_1EO@OELCJDNB@?$AAW?$AAi?$AAl?$AAl?$AA?5?$AAn?$AAo?$AAt?$AA?5?$AAp?$AAr?$AAi?$AAn?$AAt?$AA?5?$AAt?$AAa?$AAb?$AAl?$AAe?$AA?5?$AAw?$AAi?$AAt?$AAh?$AA?5?$AAi?$AAn?$AAf?$AAo?$AAr?$AAm@ 000000014001463a     ..-common-runtime.o
 0002:00001688       ??_C@_1DA@LKDLAMFA@?$AAS?$AAe?$AAt?$AA?5?$AAn?$AAu?$AAm?$AA?5?$AAt?$AAh?$AAr?$AAe?$AAa?$AAd?$AAs?$AA?5?$AA?$DN?$AA?5?$AA?$CF?$AAl?$AAl?$AAd?$AA?6?$AA?$AA@ 0000000140014688     ..-common-runtime.o
 0002:000016b8       ??_C@_1II@FCFHMELI@?$AAE?$AAr?$AAr?$AAo?$AAr?$AA?3?$AA?5?$AAt?$AAh?$AAi?$AAs?$AA?5?$AAb?$AAu?$AAi?$AAl?$AAd?$AA?5?$AAd?$AAo?$AAe?$AAs?$AAn?$AA?8?$AAt?$AA?5?$AAa?$AAl?$AAl?$AAo?$AAw?$AA?5@ 00000001400146b8     ..-common-runtime.o
 0002:00001740       ??_C@_1DE@PNGABHJK@?$AAS?$AAe?$AAt?$AA?5?$AAh?$AAi?$AAv?$AAe?$AA?5?$AAa?$AAs?$AA?5?$AAp?$AAr?$AAo?$AAt?$AAe?$AAc?$AAt?$AAo?$AAr?$AAa?$AAt?$AAe?$AA?6?$AA?$AA@ 0000000140014740     ..-common-runtime.o
 0002:00001774       ??_C@_1DG@MLIAHCGJ@?$AAS?$AAe?$AAt?$AA?5?$AAc?$AAh?$AAu?$AAn?$AAk?$AA?5?$AAt?$AAi?$AAm?$AAe?$AA?5?$AAt?$AAo?$AA?5?$AA?$CF?$AAl?$AAl?$AAd?$AA?5?$AAu?$AAs?$AA?6?$AA?$AA@ 0000000140014774     ..-common-runtime.o
 0002:000017aa       ??_C@_1EC@FNPNOOPH@?$AAU?$AAn?$AAk?$AAn?$AAo?$AAw?$AAn?$AA?5?$AAc?$AAm?$AAd?$AAl?$AAi?$AAn?$AAe?$AA?5?$AAp?$AAa?$AAr?$AAa?$AAm?$AAe?$AAt?$AAe?$AAr?$AA?3?$AA?5?$AA?$CF?$AAl?$AAl?$AAd?$AA?6@ 00000001400147aa     ..-common-runtime.o
 0002:000017ec       ??_C@_1CE@CFOOJILH@?$AAN?$AAU?$AAM?$AA_?$AAT?$AAH?$AAR?$AAE?$AAA?$AAD?$AAS?$AA?$DN?$AA?$CF?$AAl?$AAl?$AAd?$AA?6?$AA?$AA@ 00000001400147ec     ..-common-runtime.o
 0002:00001810       ??_C@_1BI@KEMCAKCM@?$AAR?$AAu?$AAn?$AAn?$AAi?$AAn?$AAg?$AA?4?$AA?4?$AA?4?$AA?6?$AA?$AA@ 0000000140014810     ..-common-runtime.o
 0002:00001828       ??_C@_1KG@MGKLLKBJ@?$AA?9?$AA?9?$AA?9?$AA?9?$AA?9?$AA?9?$AA?9?$AA?9?$AA?9?$AA?9?$AA?9?$AA?9?$AA?9?$AA?9?$AA?9?$AA?9?$AA?9?$AA?9?$AA?9?$AA?9?$AA?9?$AA?9?$AA?9?$AA?9?$AA?9?$AA?9?$AA?9?$AA?9?$AA?9?$AA?9?$AA?9?$AA?9@ 0000000140014828     ..-common-runtime.o
 0002:000018ce       ??_C@_1KC@PDECPKAN@?$AA?9?$AA?9?$AA?9?$AA?9?$AA?9?$AA?9?$AA?9?$AA?9?$AA?9?$AA?9?$AA?9?$AA?9?$AA?9?$AA?9?$AA?9?$AA?9?$AA?9?$AA?9?$AA?9?$AA?9?$AA?9?$AA?9?$AA?9?$AA?9?$AA?9?$AA?9?$AA?9?$AA?9?$AA?9?$AA?9?$AA?9?$AA?9@ 00000001400148ce     ..-common-runtime.o
 0002:00001970       ??_C@_1DK@PNJBIJCI@?$AAP?$AAr?$AAo?$AAg?$AAr?$AAa?$AAm?$AA?5?$AAf?$AAi?$AAn?$AAi?$AAs?$AAh?$AAe?$AAd?$AA?5?$AAi?$AAn?$AA?5?$AA?$CF?$AAl?$AAl?$AAd?$AA?5?$AAm?$AAs?$AA?6?$AA?$AA@ 0000000140014970     ..-common-runtime.o
 0002:000019aa       ??_C@_1EK@FDFELEEK@?$AAR?$AAe?$AAs?$AAu?$AAl?$AAt?$AA?5?$AAp?$AAr?$AAo?$AAm?$AAi?$AAs?$AAe?$AA?5?$AAn?$AAo?$AAt?$AA?5?$AAf?$AAo?$AAu?$AAn?$AAd?$AA?5?$AAo?$AAn?$AA?5?$AAm?$AAa?$AAc?$AAh@ 00000001400149aa     ..-common-runtime.o
 0002:000019f4       ??_C@_1DO@BFPIHEIA@?$AAP?$AAr?$AAo?$AAg?$AAr?$AAa?$AAm?$AA?5?$AAe?$AAx?$AAi?$AAt?$AAe?$AAd?$AA?5?$AAw?$AAi?$AAt?$AAh?$AA?5?$AAc?$AAo?$AAd?$AAe?$AA?5?$AA?$CF?$AAl?$AAl?$AAx?$AA?6?$AA?$AA@ 00000001400149f4     ..-common-runtime.o
 0002:00001a32       ??_C@_1CK@DKIDNDNE@?$AAP?$AAr?$AAe?$AAs?$AAs?$AA?5?$AAC?$AAt?$AAr?$AAl?$AA?$CL?$AAC?$AA?5?$AAt?$AAo?$AA?5?$AAe?$AAn?$AAd?$AA?6?$AA?$AA@ 0000000140014a32     ..-common-runtime.o
 0002:00001a5c       ??_C@_1GO@CEANDIOF@?$AAR?$AAe?$AAs?$AAu?$AAl?$AAt?$AA?5?$AAo?$AAf?$AA?5?$AAm?$AAa?$AAi?$AAn?$AA?5?$AAf?$AAu?$AAn?$AAc?$AAt?$AAi?$AAo?$AAn?$AA?5?$AAi?$AAs?$AAn?$AA?8?$AAt?$AA?5?$AAr?$AAe@ 0000000140014a5c     ..-common-runtime.o
 0002:00001aca       ??_C@_13PPFCDPMH@?$AA?$HM?$AA?$AA@ 0000000140014aca     ..-common-sheduler.o
 0002:00001ace       ??_C@_1DE@BFFMGPEH@?$AA?5?$AA?5?$AA?5?$AA?5?$AA?5?$AA?5?$AA?5?$AAt?$AAh?$AAr?$AAe?$AAa?$AAd?$AA?5?$AA?$CF?$AA0?$AA2?$AAx?$AA?5?$AA?5?$AA?5?$AA?5?$AA?5?$AA?5?$AA?$HM?$AA?$AA@ 0000000140014ace     ..-common-sheduler.o
 0002:00001b02       ??_C@_1FG@CMFEMGFG@?$AA?5?$AA?5?$AAW?$AAa?$AAi?$AAt?$AA?5?$AA?$HM?$AA?5?$AAQ?$AAu?$AAe?$AAu?$AAe?$AA?5?$AA?$HM?$AA?5?$AAR?$AAP?$AAm?$AAi?$AAs?$AAs?$AA?5?$AA?$HM?$AA?5?$AAR?$AAO?$AAr?$AAe?$AAq?$AA?5@ 0000000140014b02     ..-common-sheduler.o
 0002:00001b58       ??_C@_1DA@DAJCMENO@?$AA?5?$AA?5?$AAe?$AAx?$AAe?$AAc?$AA?5?$AA?1?$AA?5?$AAd?$AAo?$AAn?$AAe?$AA?5?$AA?1?$AA?5?$AAs?$AAt?$AAa?$AAl?$AAl?$AA?5?$AA?$HM?$AA?$AA@ 0000000140014b58     ..-common-sheduler.o
 0002:00001b88       ??_C@_1FG@IKPNLAIG@?$AA?5?$AA?5?$AA?5?$AA?5?$AA?5?$AA?5?$AA?5?$AA?$HM?$AA?5?$AA?5?$AA?5?$AA?5?$AA?5?$AA?5?$AA?5?$AA?$HM?$AA?5?$AA?5?$AA?5?$AA?5?$AA?5?$AA?5?$AA?5?$AA?5?$AA?$HM?$AA?5?$AA?5?$AA?5?$AA?5?$AA?5?$AA?5?$AA?5@ 0000000140014b88     ..-common-sheduler.o
 0002:00001bde       ??_C@_1CK@GLKKGPFH@?$AA?5?$AA?$CF?$AA7?$AAl?$AAl?$AAd?$AA?5?$AA?$CF?$AA6?$AAl?$AAl?$AAd?$AA?5?$AA?$CF?$AA5?$AAl?$AAl?$AAd?$AA?5?$AA?$HM?$AA?$AA@ 0000000140014bde     ..-common-sheduler.o
 0002:00001c08       ??_C@_1FE@OBAMBHOF@?$AA?5?$AA?$CF?$AA5?$AAl?$AAl?$AAd?$AA?5?$AA?$HM?$AA?5?$AA?$CF?$AA5?$AAl?$AAl?$AAd?$AA?5?$AA?$HM?$AA?5?$AA?$CF?$AA6?$AAl?$AAl?$AAd?$AA?5?$AA?$HM?$AA?5?$AA?$CF?$AA5?$AAl?$AAl?$AAd?$AA?5?$AA?$HM@ 0000000140014c08     ..-common-sheduler.o
 0002:00001c5c       ??_C@_1DE@LBGGHMJG@?$AAP?$AAr?$AAo?$AAg?$AAr?$AAa?$AAm?$AA?5?$AAc?$AAa?$AAl?$AAc?$AAu?$AAl?$AAa?$AAt?$AAi?$AAo?$AAn?$AA?5?$AAe?$AAn?$AAd?$AA?4?$AA?6?$AA?$AA@ 0000000140014c5c     ..-common-sheduler.o
 0002:00001c90       ??_C@_1DM@HCILGOPA@?$AAF?$AAa?$AAi?$AAl?$AAe?$AAd?$AA?5?$AAt?$AAo?$AA?5?$AAc?$AAr?$AAe?$AAa?$AAt?$AAe?$AA?5?$AAt?$AAh?$AAr?$AAe?$AAa?$AAd?$AA?5?$AA?$CF?$AAl?$AAl?$AAd?$AA?6?$AA?$AA@ 0000000140014c90     ..-common-sheduler.o
 0002:00001cd0       RtlNtPathSeperatorString   0000000140014cd0     ws2_32:indef.obj
 0002:00001ce0       ??_C@_13FPGAJAPJ@?$AA?2@   0000000140014ce0     ws2_32:indef.obj
 0002:00001ce8       RtlDosPathSeperatorsString 0000000140014ce8     ws2_32:indef.obj
 0002:00001cf8       ??_C@_15MNCACJLI@?$AA?2?$AA?1@ 0000000140014cf8     ws2_32:indef.obj
 0002:00001d00       RtlAlternateDosPathSeperatorString 0000000140014d00     ws2_32:indef.obj
 0002:00001d10       ??_C@_13CGOKJPIL@?$AA?1@   0000000140014d10     ws2_32:indef.obj
 0002:00001d28       eui48_broadcast            0000000140014d28     ws2_32:indef.obj
 0002:00001d30       scopeid_unspecified        0000000140014d30     ws2_32:indef.obj
 0002:00001d34       in4addr_any                0000000140014d34     ws2_32:indef.obj
 0002:00001d38       in4addr_loopback           0000000140014d38     ws2_32:indef.obj
 0002:00001d3c       in4addr_broadcast          0000000140014d3c     ws2_32:indef.obj
 0002:00001d40       in4addr_allnodesonlink     0000000140014d40     ws2_32:indef.obj
 0002:00001d44       in4addr_allroutersonlink   0000000140014d44     ws2_32:indef.obj
 0002:00001d48       in4addr_alligmpv3routersonlink 0000000140014d48     ws2_32:indef.obj
 0002:00001d4c       in4addr_allteredohostsonlink 0000000140014d4c     ws2_32:indef.obj
 0002:00001d50       in4addr_linklocalprefix    0000000140014d50     ws2_32:indef.obj
 0002:00001d54       in4addr_multicastprefix    0000000140014d54     ws2_32:indef.obj
 0002:00001d58       in6addr_any                0000000140014d58     ws2_32:indef.obj
 0002:00001d68       in6addr_loopback           0000000140014d68     ws2_32:indef.obj
 0002:00001d78       in6addr_allnodesonnode     0000000140014d78     ws2_32:indef.obj
 0002:00001d88       in6addr_allnodesonlink     0000000140014d88     ws2_32:indef.obj
 0002:00001d98       in6addr_allroutersonlink   0000000140014d98     ws2_32:indef.obj
 0002:00001da8       in6addr_allmldv2routersonlink 0000000140014da8     ws2_32:indef.obj
 0002:00001db8       in6addr_teredoinitiallinklocaladdress 0000000140014db8     ws2_32:indef.obj
 0002:00001dc8       in6addr_linklocalprefix    0000000140014dc8     ws2_32:indef.obj
 0002:00001dd8       in6addr_multicastprefix    0000000140014dd8     ws2_32:indef.obj
 0002:00001de8       in6addr_solicitednodemulticastprefix 0000000140014de8     ws2_32:indef.obj
 0002:00001df8       in6addr_v4mappedprefix     0000000140014df8     ws2_32:indef.obj
 0002:00001e08       in6addr_6to4prefix         0000000140014e08     ws2_32:indef.obj
 0002:00001e18       in6addr_teredoprefix       0000000140014e18     ws2_32:indef.obj
 0002:00001e28       in6addr_teredoprefix_old   0000000140014e28     ws2_32:indef.obj
 0002:00001e38       BUGCHECK_EFI_GUID          0000000140014e38     ws2_32:indef.obj
 0002:00002240       __imp_GdiSetBatchLimit     0000000140015240     gdi32:GDI32.dll
 0002:00002250       __imp_CommandLineToArgvW   0000000140015250     shell32:SHELL32.dll
 0002:00002260       __imp_AcquireSRWLockExclusive 0000000140015260     kernel32:KERNEL32.dll
 0002:00002268       __imp_AcquireSRWLockShared 0000000140015268     kernel32:KERNEL32.dll
 0002:00002270       __imp_CloseHandle          0000000140015270     kernel32:KERNEL32.dll
 0002:00002278       __imp_CreateEventW         0000000140015278     kernel32:KERNEL32.dll
 0002:00002280       __imp_CreateFileW          0000000140015280     kernel32:KERNEL32.dll
 0002:00002288       __imp_CreateIoCompletionPort 0000000140015288     kernel32:KERNEL32.dll
 0002:00002290       __imp_CreateThread         0000000140015290     kernel32:KERNEL32.dll
 0002:00002298       __imp_ExitProcess          0000000140015298     kernel32:KERNEL32.dll
 0002:000022a0       __imp_GetCommandLineW      00000001400152a0     kernel32:KERNEL32.dll
 0002:000022a8       __imp_GetConsoleMode       00000001400152a8     kernel32:KERNEL32.dll
 0002:000022b0       __imp_GetFileSizeEx        00000001400152b0     kernel32:KERNEL32.dll
 0002:000022b8       __imp_GetLastError         00000001400152b8     kernel32:KERNEL32.dll
 0002:000022c0       __imp_GetProcAddress       00000001400152c0     kernel32:KERNEL32.dll
 0002:000022c8       __imp_GetProcessHeap       00000001400152c8     kernel32:KERNEL32.dll
 0002:000022d0       __imp_GetQueuedCompletionStatus 00000001400152d0     kernel32:KERNEL32.dll
 0002:000022d8       __imp_GetStdHandle         00000001400152d8     kernel32:KERNEL32.dll
 0002:000022e0       __imp_GetThreadContext     00000001400152e0     kernel32:KERNEL32.dll
 0002:000022e8       __imp_HeapAlloc            00000001400152e8     kernel32:KERNEL32.dll
 0002:000022f0       __imp_HeapFree             00000001400152f0     kernel32:KERNEL32.dll
 0002:000022f8       __imp_HeapReAlloc          00000001400152f8     kernel32:KERNEL32.dll
 0002:00002300       __imp_LoadLibraryA         0000000140015300     kernel32:KERNEL32.dll
 0002:00002308       __imp_MultiByteToWideChar  0000000140015308     kernel32:KERNEL32.dll
 0002:00002310       __imp_QueryPerformanceCounter 0000000140015310     kernel32:KERNEL32.dll
 0002:00002318       __imp_QueryPerformanceFrequency 0000000140015318     kernel32:KERNEL32.dll
 0002:00002320       __imp_ReadConsoleW         0000000140015320     kernel32:KERNEL32.dll
 0002:00002328       __imp_ReadFile             0000000140015328     kernel32:KERNEL32.dll
 0002:00002330       __imp_ReleaseSRWLockExclusive 0000000140015330     kernel32:KERNEL32.dll
 0002:00002338       __imp_ReleaseSRWLockShared 0000000140015338     kernel32:KERNEL32.dll
 0002:00002340       __imp_ResumeThread         0000000140015340     kernel32:KERNEL32.dll
 0002:00002348       __imp_SetEvent             0000000140015348     kernel32:KERNEL32.dll
 0002:00002350       __imp_SetThreadContext     0000000140015350     kernel32:KERNEL32.dll
 0002:00002358       __imp_Sleep                0000000140015358     kernel32:KERNEL32.dll
 0002:00002360       __imp_SuspendThread        0000000140015360     kernel32:KERNEL32.dll
 0002:00002368       __imp_TlsAlloc             0000000140015368     kernel32:KERNEL32.dll
 0002:00002370       __imp_TlsFree              0000000140015370     kernel32:KERNEL32.dll
 0002:00002378       __imp_TlsGetValue          0000000140015378     kernel32:KERNEL32.dll
 0002:00002380       __imp_TlsSetValue          0000000140015380     kernel32:KERNEL32.dll
 0002:00002388       __imp_TryAcquireSRWLockExclusive 0000000140015388     kernel32:KERNEL32.dll
 0002:00002390       __imp_VirtualAlloc         0000000140015390     kernel32:KERNEL32.dll
 0002:00002398       __imp_WaitForMultipleObjects 0000000140015398     kernel32:KERNEL32.dll
 0002:000023a0       __imp_WaitForSingleObject  00000001400153a0     kernel32:KERNEL32.dll
 0002:000023a8       __imp_WriteConsoleW        00000001400153a8     kernel32:KERNEL32.dll
 0002:000023b8       __imp_BCryptGenRandom      00000001400153b8     bcrypt:bcrypt.dll
 0002:000023c8       __imp_WSAGetLastError      00000001400153c8     ws2_32:WS2_32.dll
 0002:000023d0       __imp_WSARecv              00000001400153d0     ws2_32:WS2_32.dll
 0002:000023d8       __imp_WSAStartup           00000001400153d8     ws2_32:WS2_32.dll
 0002:000023e0       __imp_accept               00000001400153e0     ws2_32:WS2_32.dll
 0002:000023e8       __imp_bind                 00000001400153e8     ws2_32:WS2_32.dll
 0002:000023f0       __imp_closesocket          00000001400153f0     ws2_32:WS2_32.dll
 0002:000023f8       __imp_connect              00000001400153f8     ws2_32:WS2_32.dll
 0002:00002400       __imp_freeaddrinfo         0000000140015400     ws2_32:WS2_32.dll
 0002:00002408       __imp_getaddrinfo          0000000140015408     ws2_32:WS2_32.dll
 0002:00002410       __imp_getsockname          0000000140015410     ws2_32:WS2_32.dll
 0002:00002418       __imp_htons                0000000140015418     ws2_32:WS2_32.dll
 0002:00002420       __imp_listen               0000000140015420     ws2_32:WS2_32.dll
 0002:00002428       __imp_ntohs                0000000140015428     ws2_32:WS2_32.dll
 0002:00002430       __imp_send                 0000000140015430     ws2_32:WS2_32.dll
 0002:00002438       __imp_setsockopt           0000000140015438     ws2_32:WS2_32.dll
 0002:00002440       __imp_socket               0000000140015440     ws2_32:WS2_32.dll
 0002:00002450       __imp_clBuildProgram       0000000140015450     OpenCL:OpenCL.dll
 0002:00002458       __imp_clCreateBuffer       0000000140015458     OpenCL:OpenCL.dll
 0002:00002460       __imp_clCreateCommandQueueWithProperties 0000000140015460     OpenCL:OpenCL.dll
 0002:00002468       __imp_clCreateContext      0000000140015468     OpenCL:OpenCL.dll
 0002:00002470       __imp_clCreateKernel       0000000140015470     OpenCL:OpenCL.dll
 0002:00002478       __imp_clCreateProgramWithSource 0000000140015478     OpenCL:OpenCL.dll
 0002:00002480       __imp_clEnqueueNDRangeKernel 0000000140015480     OpenCL:OpenCL.dll
 0002:00002488       __imp_clEnqueueReadBuffer  0000000140015488     OpenCL:OpenCL.dll
 0002:00002490       __imp_clEnqueueWriteBuffer 0000000140015490     OpenCL:OpenCL.dll
 0002:00002498       __imp_clFinish             0000000140015498     OpenCL:OpenCL.dll
 0002:000024a0       __imp_clGetDeviceIDs       00000001400154a0     OpenCL:OpenCL.dll
 0002:000024a8       __imp_clGetDeviceInfo      00000001400154a8     OpenCL:OpenCL.dll
 0002:000024b0       __imp_clGetKernelArgInfo   00000001400154b0     OpenCL:OpenCL.dll
 0002:000024b8       __imp_clGetPlatformIDs     00000001400154b8     OpenCL:OpenCL.dll
 0002:000024c0       __imp_clGetPlatformInfo    00000001400154c0     OpenCL:OpenCL.dll
 0002:000024c8       __imp_clGetProgramBuildInfo 00000001400154c8     OpenCL:OpenCL.dll
 0002:000024d0       __imp_clSetKernelArg       00000001400154d0     OpenCL:OpenCL.dll
 0003:00000000       server_port                0000000140016000     ..-common-remote.o
 0003:00000008       thisServerId               0000000140016008     ..-common-remote.o
 0003:00000010       printStats                 0000000140016010     ..-common-runtime.o
 0003:00000018       NUM_THREADS                0000000140016018     ..-common-runtime.o
 0003:00000020       CHUNK_TIME_US              0000000140016020     ..-common-runtime.o
 0003:00000030       Providers                  0000000140016030     ..-common-runtime.o
 0003:000000d0       AddressFamilyInformation   00000001400160d0     ws2_32:indef.obj
 0003:00000100       hHeap                      0000000140016100     .-runtime_lib.o
 0003:00000108       hInput                     0000000140016108     .-runtime_lib.o
 0003:00000110       buf                        0000000140016110     .-runtime_lib.o
 0003:00010110       hOutput                    0000000140026110     .-runtime_lib.o
 0003:00010118       frequency                  0000000140026118     .-runtime_lib.o
 0003:00010120       connections_lock           0000000140026120     ..-common-api.o
 0003:00010128       connections_len            0000000140026128     ..-common-api.o
 0003:00010130       pages_lock                 0000000140026130     ..-common-api.o
 0003:00010138       pages_len                  0000000140026138     ..-common-api.o
 0003:00010140       known_id_broadcasts        0000000140026140     ..-common-api.o
 0003:00010160       known_page_broadcasts      0000000140026160     ..-common-api.o
 0003:00010180       known_path_broadcasts      0000000140026180     ..-common-api.o
 0003:000101a0       known_path_id_broadcasts   00000001400261a0     ..-common-api.o
 0003:000101c0       known_objects              00000001400261c0     ..-common-api.o
 0003:000101e0       query_requests             00000001400261e0     ..-common-api.o
 0003:00010200       push_requests              0000000140026200     ..-common-api.o
 0003:00010220       known_hives                0000000140026220     ..-common-api.o
 0003:00010240       local_objects              0000000140026240     ..-common-api.o
 0003:00010250       connections                0000000140026250     ..-common-api.o
 0003:00012250       pages                      0000000140028250     ..-common-api.o
 0003:00012e50       SL_best_platform           0000000140028e50     ..-common-gpu_subsystem.o
 0003:00012e54       SL_best_platform_value     0000000140028e54     ..-common-gpu_subsystem.o
 0003:00012e58       SL_platforms_len           0000000140028e58     ..-common-gpu_subsystem.o
 0003:00012e60       SL_platforms               0000000140028e60     ..-common-gpu_subsystem.o
 0003:00012ee0       SL_devices                 0000000140028ee0     ..-common-gpu_subsystem.o
 0003:000132e0       SL_devices_len             00000001400292e0     ..-common-gpu_subsystem.o
 0003:00013320       SL_main_platform           0000000140029320     ..-common-gpu_subsystem.o
 0003:00013328       SL_context                 0000000140029328     ..-common-gpu_subsystem.o
 0003:00013330       SL_queues                  0000000140029330     ..-common-gpu_subsystem.o
 0003:00013730       SL_queues_len              0000000140029730     ..-common-gpu_subsystem.o
 0003:00013770       glb_scheduler              0000000140029770     ..-common-queue.o
 0003:00013790       ServerIdGetLock            0000000140029790     ..-common-remote.o
 0003:00013798       next_local_id              0000000140029798     ..-common-remote.o
 0003:000137a0       glbStatRemotePathMisses    00000001400297a0     ..-common-remote.o
 0003:000137a8       glbStatRemoteOutputRequests 00000001400297a8     ..-common-remote.o
 0003:000137b0       glbStatRemoteInputRequests 00000001400297b0     ..-common-remote.o
 0003:000137b8       hIOCP                      00000001400297b8     ..-common-remote.o
 0003:000137c0       Workers                    00000001400297c0     ..-common-runtime.o
 0003:00014440       wait_list                  000000014002a440     ..-common-runtime.o
 0003:00014448       wait_list_len              000000014002a448     ..-common-runtime.o
 0003:00014450       dwTlsIndex                 000000014002a450     ..-common-runtime.o
 0003:00014458       defined_arrays             000000014002a458     ..-common-runtime.o
 0003:00014460       hContinueEvent             000000014002a460     ..-common-sheduler.o
 0003:00014468       glbMasterInfo              000000014002a468     ..-common-sheduler.o
 0003:00014471       ExPoolZeroingNativelySupported 000000014002a471     ws2_32:indef.obj

 entry point at         0001:0000fc10

 Static symbols

 0001:00004790       GetKnownHiveHash           0000000140005790     ..-common-api.o
 0001:00004de0       i64GetKnownHiveHash        0000000140005de0     ..-common-api.o
 0001:00004e50       i64_raw_update             0000000140005e50     ..-common-api.o
 0001:00008ab0       scheduler_queue_init       0000000140009ab0     ..-common-queue.o
 0001:00008b80       scheduler_queue_push       0000000140009b80     ..-common-queue.o
 0001:00008dd0       scheduler_rnd              0000000140009dd0     ..-common-queue.o
 0001:00008f70       scheduler_queue_pop        0000000140009f70     ..-common-queue.o
 0001:00009120       queue_init                 000000014000a120     ..-common-queue.o
 0001:00009170       queue_push                 000000014000a170     ..-common-queue.o
 0001:000091d0       queue_pop                  000000014000a1d0     ..-common-queue.o
 0001:0000be60       Worker                     000000014000ce60     ..-common-remote.o
 0001:0000c3b0       ConnectionListnerWorker    000000014000d3b0     ..-common-remote.o
 0001:0000c5b0       PagesAllocator             000000014000d5b0     ..-common-remote.o
 0001:0000c680       StateSender                000000014000d680     ..-common-remote.o
 0001:0000c6f0       HandleApiCall              000000014000d6f0     ..-common-remote.o
 0001:00011110       .text                      0000000140012110     asm.o
 0002:00001d18       BFE_GENERIC_MAPPING        0000000140014d18     ws2_32:indef.obj
 0002:00001e48       IPSEC_AUTH_TRANSFORM_ID_HMAC_MD5_96 0000000140014e48     ws2_32:indef.obj
 0002:00001e50       IPSEC_AUTH_TRANSFORM_ID_HMAC_SHA_1_96 0000000140014e50     ws2_32:indef.obj
 0002:00001e58       IPSEC_AUTH_TRANSFORM_ID_HMAC_SHA_256_128 0000000140014e58     ws2_32:indef.obj
 0002:00001e60       IPSEC_AUTH_TRANSFORM_ID_GCM_AES_128 0000000140014e60     ws2_32:indef.obj
 0002:00001e68       IPSEC_AUTH_TRANSFORM_ID_GCM_AES_192 0000000140014e68     ws2_32:indef.obj
 0002:00001e70       IPSEC_AUTH_TRANSFORM_ID_GCM_AES_256 0000000140014e70     ws2_32:indef.obj
 0002:00001e78       IPSEC_CIPHER_TRANSFORM_ID_CBC_DES 0000000140014e78     ws2_32:indef.obj
 0002:00001e80       IPSEC_CIPHER_TRANSFORM_ID_CBC_3DES 0000000140014e80     ws2_32:indef.obj
 0002:00001e88       IPSEC_CIPHER_TRANSFORM_ID_AES_128 0000000140014e88     ws2_32:indef.obj
 0002:00001e90       IPSEC_CIPHER_TRANSFORM_ID_AES_192 0000000140014e90     ws2_32:indef.obj
 0002:00001e98       IPSEC_CIPHER_TRANSFORM_ID_AES_256 0000000140014e98     ws2_32:indef.obj
 0002:00001ea0       IPSEC_CIPHER_TRANSFORM_ID_GCM_AES_128 0000000140014ea0     ws2_32:indef.obj
 0002:00001ea8       IPSEC_CIPHER_TRANSFORM_ID_GCM_AES_192 0000000140014ea8     ws2_32:indef.obj
 0002:00001eb0       IPSEC_CIPHER_TRANSFORM_ID_GCM_AES_256 0000000140014eb0     ws2_32:indef.obj
 0003:00014470       WFP_TRACE_NULL_DATA        000000014002a470     ws2_32:indef.obj
 0004:00000000       .data                      000000014002b000     asm.o
