 a

 Timestamp is 69c6a530 (Fri Mar 27 18:41:36 2026)

 Preferred load address is 0000000140000000

 Start         Length     Name                   Class
 0001:00000000 0000ba3bH .text                   CODE
 0002:00000000 00001eb8H .rdata                  DATA
 0003:00000000 000000e4H .data                   DATA
 0003:000000e4 000d7c76H .bss                    DATA
 0004:00000000 00000222H .data                   DATA

  Address         Publics by Value              Rva+Base               Lib:Object

 0001:00000000       dllPauseWorker             0000000140001000     .-dll-await_worker.o
 0001:00000070       dllCallObject              0000000140001070     .-dll-call_object.o
 0001:00000090       dllStartNewLocalWorker     0000000140001090     .-dll-call_object.o
 0001:00000160       dllExecuteWorker           0000000140001160     .-dll-execute_worker.o
 0001:000007a0       gpuPauseWorker             00000001400017a0     .-gpu-await_worker.o
 0001:00000810       gpuCallObject              0000000140001810     .-gpu-call_object.o
 0001:00000830       gpuStartNewLocalWorker     0000000140001830     .-gpu-call_object.o
 0001:00000900       gpuExecuteWorker           0000000140001900     .-gpu-execute_worker.o
 0001:00000c00       gpuNewObjectUsingPage      0000000140001c00     .-gpu-new_object.o
 0001:00000cc0       gpuNewObject               0000000140001cc0     .-gpu-new_object.o
 0001:00000d70       gpuPushObject              0000000140001d70     .-gpu-push_object.o
 0001:00000d90       gpuPushPipe                0000000140001d90     .-gpu-push_object.o
 0001:00000db0       gpuQueryObject             0000000140001db0     .-gpu-query_object.o
 0001:00000dd0       gpuQueryPipe               0000000140001dd0     .-gpu-query_object.o
 0001:00000df0       locNewObjectUsingPage      0000000140001df0     .-loc-new_object.o
 0001:00000fa0       locNewObject               0000000140001fa0     .-loc-new_object.o
 0001:00000fd0       locUpdateLocalPush         0000000140001fd0     .-loc-push_object.o
 0001:00001020       locQueryLocalObject        0000000140002020     .-loc-query_object.o
 0001:00001080       x64PauseWorker             0000000140002080     .-x64-await_worker.o
 0001:00001110       x64CallObject              0000000140002110     .-x64-call_object.o
 0001:00001130       x64StartNewLocalWorker     0000000140002130     .-x64-call_object.o
 0001:00001200       x64ExecuteWorker           0000000140002200     .-x64-execute_worker.o
 0001:00001220       x64TryStallWorker          0000000140002220     .-x64-execute_worker.o
 0001:000013f0       x64NewObjectUsingPage      00000001400023f0     .-x64-new_object.o
 0001:000015b0       x64NewObjectStates         00000001400025b0     .-x64-new_object.o
 0001:00001610       x64NewObject               0000000140002610     .-x64-new_object.o
 0001:000016a0       x64UpdateLocalPush         00000001400026a0     .-x64-push_object.o
 0001:000016f0       x64OnPushObject            00000001400026f0     .-x64-push_object.o
 0001:00001740       x64PushObjectStates        0000000140002740     .-x64-push_object.o
 0001:00001810       x64PushObject              0000000140002810     .-x64-push_object.o
 0001:00001980       x64PushPipe                0000000140002980     .-x64-push_object.o
 0001:00001990       x64QueryLocalObject        0000000140002990     .-x64-query_object.o
 0001:000019f0       x64OnQueryObject           00000001400029f0     .-x64-query_object.o
 0001:00001a70       x64QueryObjectStates       0000000140002a70     .-x64-query_object.o
 0001:00001b30       x64QueryObject             0000000140002b30     .-x64-query_object.o
 0001:00001c70       x64QueryPipe               0000000140002c70     .-x64-query_object.o
 0001:00001c80       x64SleepStates             0000000140002c80     .-x64-sleep.o
 0001:00001cb0       x64Sleep                   0000000140002cb0     .-x64-sleep.o
 0001:00001d10       equal_bytes                0000000140002d10     .-api.o
 0001:00001d70       GetHashtableNoLock         0000000140002d70     .-api.o
 0001:00001f90       SetHashtableNoLock         0000000140002f90     .-api.o
 0001:000024f0       GetHashtable               00000001400034f0     .-api.o
 0001:00002540       SetHashtable               0000000140003540     .-api.o
 0001:00002580       i64_get                    0000000140003580     .-api.o
 0001:00002710       i64GetHashtableNoLock      0000000140003710     .-api.o
 0001:00002720       i64SetHashtableNoLock      0000000140003720     .-api.o
 0001:00002860       i64GetHashtable            0000000140003860     .-api.o
 0001:00002870       i64SetHashtable            0000000140003870     .-api.o
 0001:00002880       InitInternalStructures     0000000140003880     .-api.o
 0001:00002b50       castOnQueryObject          0000000140003b50     .-cast_provider.o
 0001:00002c30       anyCastStates              0000000140003c30     .-cast_provider.o
 0001:00003360       anyCastProvider            0000000140004360     .-cast_provider.o
 0001:00003440       init_gpu_subsystem         0000000140004440     .-gpu_subsystem.o
 0001:00004010       gpuBuildFromText           0000000140005010     .-gpu_subsystem.o
 0001:00004230       gpuAlloc                   0000000140005230     .-gpu_subsystem.o
 0001:00004260       gpuRun                     0000000140005260     .-gpu_subsystem.o
 0001:000042d0       gpuFinishQueuesOnPlatform  00000001400052d0     .-gpu_subsystem.o
 0001:00004330       gpuFinishQueue             0000000140005330     .-gpu_subsystem.o
 0001:00004350       StartInitialProcess        0000000140005350     .-hive_entry.o
 0001:00004530       is_less                    0000000140005530     .-queue.o
 0001:00004540       push_up                    0000000140005540     .-queue.o
 0001:000045a0       push_down                  00000001400055a0     .-queue.o
 0001:00004650       queue_init                 0000000140005650     .-queue.o
 0001:00004cb0       queue_enqueue              0000000140005cb0     .-queue.o
 0001:00004da0       queue_extract              0000000140005da0     .-queue.o
 0001:00004fc0       b_send                     0000000140005fc0     .-remote.o
 0001:00005070       b_flush                    0000000140006070     .-remote.o
 0001:000050b0       GetConnectionById          00000001400060b0     .-remote.o
 0001:00005100       ConfirmPage                0000000140006100     .-remote.o
 0001:00005160       ConfirmID                  0000000140006160     .-remote.o
 0001:000051b0       HandleNewConnection        00000001400061b0     .-remote.o
 0001:00005340       UpdateWaitingPush          0000000140006340     .-remote.o
 0001:00005560       AnswerPushObject           0000000140006560     .-remote.o
 0001:000055f0       SendPageAllocationConfirm  00000001400065f0     .-remote.o
 0001:00005660       SendIDConfirm              0000000140006660     .-remote.o
 0001:000056d0       RedirectBroadcastQuery     00000001400066d0     .-remote.o
 0001:000057e0       RedirectBroadcastIDQuery   00000001400067e0     .-remote.o
 0001:000058f0       ConfirmConnection          00000001400068f0     .-remote.o
 0001:00005a00       InitiateConnection         0000000140006a00     .-remote.o
 0001:00005c60       RequestMemoryPage          0000000140006c60     .-remote.o
 0001:00005d60       RequestServerId            0000000140006d60     .-remote.o
 0001:00005e40       AnswerQueryObject          0000000140006e40     .-remote.o
 0001:00005f00       AnswerRequestObjectPath    0000000140006f00     .-remote.o
 0001:00006000       RequestObjectPathBroadcast 0000000140007000     .-remote.o
 0001:00006190       AnswerRequestPathToID      0000000140007190     .-remote.o
 0001:00006290       RequestPathToIDBroadcast   0000000140007290     .-remote.o
 0001:00006420       RequestObjectGet           0000000140007420     .-remote.o
 0001:00006530       RequestObjectSet           0000000140007530     .-remote.o
 0001:000066c0       StartNewWorkerRemote       00000001400076c0     .-remote.o
 0001:000067a0       SendHiveState              00000001400077a0     .-remote.o
 0001:000068e0       start_remote_subsystem     00000001400078e0     .-remote.o
 0001:00008850       memset                     0000000140009850     .-runtime_lib.o
 0001:00008920       memcpy                     0000000140009920     .-runtime_lib.o
 0001:00008bc0       myMalloc                   0000000140009bc0     .-runtime_lib.o
 0001:00008c10       myPrintf                   0000000140009c10     .-runtime_lib.o
 0001:00009440       myRealloc                  000000014000a440     .-runtime_lib.o
 0001:00009490       myFree                     000000014000a490     .-runtime_lib.o
 0001:000094d0       myAtoll                    000000014000a4d0     .-runtime_lib.o
 0001:00009580       get_char                   000000014000a580     .-runtime_lib.o
 0001:00009640       myScanI64                  000000014000a640     .-runtime_lib.o
 0001:000096a0       myScanS                    000000014000a6a0     .-runtime_lib.o
 0001:00009710       PrintI64                   000000014000a710     .-runtime_lib.o
 0001:00009790       PrintI64H                  000000014000a790     .-runtime_lib.o
 0001:000097d0       Print2H                    000000014000a7d0     .-runtime_lib.o
 0001:00009810       assertion_failure          000000014000a810     .-runtime_lib.o
 0001:00009850       myAbs                      000000014000a850     .-runtime_lib.o
 0001:00009860       MicrosecondsToTicks        000000014000a860     .-runtime_lib.o
 0001:00009890       TicksToMicroseconds        000000014000a890     .-runtime_lib.o
 0001:000098c0       GetTicks                   000000014000a8c0     .-runtime_lib.o
 0001:000098e0       SheduleTimeoutFromNow      000000014000a8e0     .-runtime_lib.o
 0001:00009930       init_lib                   000000014000a930     .-runtime_lib.o
 0001:00009980       RegisterObjectWithId       000000014000a980     .-runtime.o
 0001:000099a0       GetNewObjectId             000000014000a9a0     .-runtime.o
 0001:00009a30       universalPauseWorker       000000014000aa30     .-runtime.o
 0001:00009ab0       universalUpdateLocalPush   000000014000aab0     .-runtime.o
 0001:00009ac0       UpdateFromQueryResult      000000014000aac0     .-runtime.o
 0001:00009b00       PrintObject                000000014000ab00     .-runtime.o
 0001:00009b10       WaitListWorker             000000014000ab10     .-runtime.o
 0001:00009b60       EnqueueWorkerFromWaitList  000000014000ab60     .-runtime.o
 0001:00009bd0       UpdateWaitingWorkers       000000014000abd0     .-runtime.o
 0001:00009d70       StartNewWorker             000000014000ad70     .-runtime.o
 0001:00009f30       LoadWorker                 000000014000af30     .-runtime.o
 0001:0000a6c0       entry                      000000014000b6c0     .-runtime.o
 0001:0000ace0       SheduleWorker              000000014000bce0     .-sheduler.o
 0001:0000adb0       ShedulerInstance           000000014000bdb0     .-sheduler.o
 0001:0000af10       TryStallSheduler           000000014000bf10     .-sheduler.o
 0001:0000af90       MasterSheduler             000000014000bf90     .-sheduler.o
 0001:0000b270       ShedulerStart              000000014000c270     .-sheduler.o
 0001:0000b40c       x64_fastPushObject         000000014000c40c     asm.o
 0001:0000b475       x64_fastQueryObject        000000014000c475     asm.o
 0001:0000b4de       x64_fastNewObject          000000014000c4de     asm.o
 0001:0000b547       x64_fastCallObject         000000014000c547     asm.o
 0001:0000b5b0       x64_fastPushPipe           000000014000c5b0     asm.o
 0001:0000b619       x64_fastQueryPipe          000000014000c619     asm.o
 0001:0000b682       x64_fastSleep              000000014000c682     asm.o
 0001:0000b6eb       gpu_fastNewObject          000000014000c6eb     asm.o
 0001:0000b754       gpu_fastCallObject         000000014000c754     asm.o
 0001:0000b7bd       loc_fastNewObject          000000014000c7bd     asm.o
 0001:0000b826       dll_fastCallObject         000000014000c826     asm.o
 0001:0000b88f       any_fastCastProvider       000000014000c88f     asm.o
 0001:0000b8f8       x64AsmExecuteWorker        000000014000c8f8     asm.o
 0001:0000b95a       setjmpUN                   000000014000c95a     asm.o
 0001:0000b98d       longjmpUN                  000000014000c98d     asm.o
 0001:0000b9b6       DllCall                    000000014000c9b6     asm.o
 0001:0000ba40       GdiSetBatchLimit           000000014000ca40     gdi32:GDI32.dll
 0001:0000ba50       CommandLineToArgvW         000000014000ca50     shell32:SHELL32.dll
 0001:0000ba60       AcquireSRWLockExclusive    000000014000ca60     kernel32:KERNEL32.dll
 0001:0000ba70       AcquireSRWLockShared       000000014000ca70     kernel32:KERNEL32.dll
 0001:0000ba80       CloseHandle                000000014000ca80     kernel32:KERNEL32.dll
 0001:0000ba90       CreateEventW               000000014000ca90     kernel32:KERNEL32.dll
 0001:0000baa0       CreateFileW                000000014000caa0     kernel32:KERNEL32.dll
 0001:0000bab0       CreateIoCompletionPort     000000014000cab0     kernel32:KERNEL32.dll
 0001:0000bac0       CreateThread               000000014000cac0     kernel32:KERNEL32.dll
 0001:0000bad0       ExitProcess                000000014000cad0     kernel32:KERNEL32.dll
 0001:0000bae0       GetCommandLineW            000000014000cae0     kernel32:KERNEL32.dll
 0001:0000baf0       GetConsoleMode             000000014000caf0     kernel32:KERNEL32.dll
 0001:0000bb00       GetFileSizeEx              000000014000cb00     kernel32:KERNEL32.dll
 0001:0000bb10       GetLastError               000000014000cb10     kernel32:KERNEL32.dll
 0001:0000bb20       GetProcAddress             000000014000cb20     kernel32:KERNEL32.dll
 0001:0000bb30       GetProcessHeap             000000014000cb30     kernel32:KERNEL32.dll
 0001:0000bb40       GetQueuedCompletionStatus  000000014000cb40     kernel32:KERNEL32.dll
 0001:0000bb50       GetStdHandle               000000014000cb50     kernel32:KERNEL32.dll
 0001:0000bb60       GetThreadContext           000000014000cb60     kernel32:KERNEL32.dll
 0001:0000bb70       HeapAlloc                  000000014000cb70     kernel32:KERNEL32.dll
 0001:0000bb80       HeapFree                   000000014000cb80     kernel32:KERNEL32.dll
 0001:0000bb90       HeapReAlloc                000000014000cb90     kernel32:KERNEL32.dll
 0001:0000bba0       LoadLibraryA               000000014000cba0     kernel32:KERNEL32.dll
 0001:0000bbb0       MultiByteToWideChar        000000014000cbb0     kernel32:KERNEL32.dll
 0001:0000bbc0       QueryPerformanceCounter    000000014000cbc0     kernel32:KERNEL32.dll
 0001:0000bbd0       QueryPerformanceFrequency  000000014000cbd0     kernel32:KERNEL32.dll
 0001:0000bbe0       ReadConsoleW               000000014000cbe0     kernel32:KERNEL32.dll
 0001:0000bbf0       ReadFile                   000000014000cbf0     kernel32:KERNEL32.dll
 0001:0000bc00       ReleaseSRWLockExclusive    000000014000cc00     kernel32:KERNEL32.dll
 0001:0000bc10       ReleaseSRWLockShared       000000014000cc10     kernel32:KERNEL32.dll
 0001:0000bc20       ResumeThread               000000014000cc20     kernel32:KERNEL32.dll
 0001:0000bc30       SetEvent                   000000014000cc30     kernel32:KERNEL32.dll
 0001:0000bc40       SetThreadContext           000000014000cc40     kernel32:KERNEL32.dll
 0001:0000bc50       Sleep                      000000014000cc50     kernel32:KERNEL32.dll
 0001:0000bc60       SuspendThread              000000014000cc60     kernel32:KERNEL32.dll
 0001:0000bc70       TlsAlloc                   000000014000cc70     kernel32:KERNEL32.dll
 0001:0000bc80       TlsFree                    000000014000cc80     kernel32:KERNEL32.dll
 0001:0000bc90       TlsGetValue                000000014000cc90     kernel32:KERNEL32.dll
 0001:0000bca0       TlsSetValue                000000014000cca0     kernel32:KERNEL32.dll
 0001:0000bcb0       TryAcquireSRWLockExclusive 000000014000ccb0     kernel32:KERNEL32.dll
 0001:0000bcc0       VirtualAlloc               000000014000ccc0     kernel32:KERNEL32.dll
 0001:0000bcd0       WaitForMultipleObjects     000000014000ccd0     kernel32:KERNEL32.dll
 0001:0000bce0       WaitForSingleObject        000000014000cce0     kernel32:KERNEL32.dll
 0001:0000bcf0       WriteConsoleW              000000014000ccf0     kernel32:KERNEL32.dll
 0001:0000bd00       BCryptGenRandom            000000014000cd00     bcrypt:bcrypt.dll
 0001:0000bd10       WSAGetLastError            000000014000cd10     ws2_32:WS2_32.dll
 0001:0000bd20       WSARecv                    000000014000cd20     ws2_32:WS2_32.dll
 0001:0000bd30       WSAStartup                 000000014000cd30     ws2_32:WS2_32.dll
 0001:0000bd40       accept                     000000014000cd40     ws2_32:WS2_32.dll
 0001:0000bd50       bind                       000000014000cd50     ws2_32:WS2_32.dll
 0001:0000bd60       closesocket                000000014000cd60     ws2_32:WS2_32.dll
 0001:0000bd70       connect                    000000014000cd70     ws2_32:WS2_32.dll
 0001:0000bd80       freeaddrinfo               000000014000cd80     ws2_32:WS2_32.dll
 0001:0000bd90       getaddrinfo                000000014000cd90     ws2_32:WS2_32.dll
 0001:0000bda0       getsockname                000000014000cda0     ws2_32:WS2_32.dll
 0001:0000bdb0       htons                      000000014000cdb0     ws2_32:WS2_32.dll
 0001:0000bdc0       listen                     000000014000cdc0     ws2_32:WS2_32.dll
 0001:0000bdd0       ntohs                      000000014000cdd0     ws2_32:WS2_32.dll
 0001:0000bde0       send                       000000014000cde0     ws2_32:WS2_32.dll
 0001:0000bdf0       setsockopt                 000000014000cdf0     ws2_32:WS2_32.dll
 0001:0000be00       socket                     000000014000ce00     ws2_32:WS2_32.dll
 0001:0000be10       clBuildProgram             000000014000ce10     OpenCL:OpenCL.dll
 0001:0000be20       clCreateBuffer             000000014000ce20     OpenCL:OpenCL.dll
 0001:0000be30       clCreateCommandQueueWithProperties 000000014000ce30     OpenCL:OpenCL.dll
 0001:0000be40       clCreateContext            000000014000ce40     OpenCL:OpenCL.dll
 0001:0000be50       clCreateKernel             000000014000ce50     OpenCL:OpenCL.dll
 0001:0000be60       clCreateProgramWithSource  000000014000ce60     OpenCL:OpenCL.dll
 0001:0000be70       clEnqueueNDRangeKernel     000000014000ce70     OpenCL:OpenCL.dll
 0001:0000be80       clEnqueueReadBuffer        000000014000ce80     OpenCL:OpenCL.dll
 0001:0000be90       clEnqueueWriteBuffer       000000014000ce90     OpenCL:OpenCL.dll
 0001:0000bea0       clFinish                   000000014000cea0     OpenCL:OpenCL.dll
 0001:0000beb0       clGetDeviceIDs             000000014000ceb0     OpenCL:OpenCL.dll
 0001:0000bec0       clGetDeviceInfo            000000014000cec0     OpenCL:OpenCL.dll
 0001:0000bed0       clGetKernelArgInfo         000000014000ced0     OpenCL:OpenCL.dll
 0001:0000bee0       clGetPlatformIDs           000000014000cee0     OpenCL:OpenCL.dll
 0001:0000bef0       clGetPlatformInfo          000000014000cef0     OpenCL:OpenCL.dll
 0001:0000bf00       clGetProgramBuildInfo      000000014000cf00     OpenCL:OpenCL.dll
 0001:0000bf10       clSetKernelArg             000000014000cf10     OpenCL:OpenCL.dll
 0002:00000014       ??_C@_1FE@MNCEKKEL@?$AAE?$AAr?$AAr?$AAo?$AAr?$AA?3?$AA?5?$AAU?$AAN?$AAK?$AAN?$AAO?$AAW?$AAN?$AA?5?$AAp?$AAr?$AAo?$AAv?$AAi?$AAd?$AAe?$AAr?$AA?5?$AA?$CF?$AAl?$AAl?$AAd?$AA?5?$AAi?$AAn?$AA?5@ 000000014000d014     .-dll-execute_worker.o
 0002:00000068       ??_C@_1HO@GIMLMCLD@?$AAr?$AAe?$AAt?$AAu?$AAr?$AAn?$AAe?$AAd?$AA?5?$AA?$CL?$AA?5?$AAE?$AAr?$AAr?$AAo?$AAr?$AA?$DN?$AA?$CF?$AAl?$AAl?$AAd?$AA?5?$AA?$FL?$AAb?$AAe?$AAf?$AAo?$AAr?$AAe?$AA?5?$AAc?$AAa@ 000000014000d068     .-dll-execute_worker.o
 0002:000000e6       ??_C@_1DO@MBJBKNM@?$AAE?$AAr?$AAr?$AAo?$AAr?$AA?3?$AA?5?$AAa?$AAt?$AA?5?$AAc?$AAl?$AAS?$AAe?$AAt?$AAK?$AAe?$AAr?$AAn?$AAe?$AAl?$AAA?$AAr?$AAg?$AA?5?$AA?$CF?$AAl?$AAl?$AAd?$AA?6?$AA?$AA@ 000000014000d0e6     .-gpu-execute_worker.o
 0002:00000124       ??_C@_1EO@KIFHHFHO@?$AAE?$AAr?$AAr?$AAo?$AAr?$AA?3?$AA?5?$AAa?$AAt?$AA?5?$AAc?$AAl?$AAE?$AAn?$AAq?$AAu?$AAe?$AAu?$AAe?$AAN?$AAD?$AAR?$AAa?$AAn?$AAg?$AAe?$AAK?$AAe?$AAr?$AAn?$AAe?$AAl@ 000000014000d124     .-gpu-execute_worker.o
 0002:00000172       ??_C@_1DO@PIAGAENK@?$AAE?$AAR?$AAR?$AAO?$AAR?$AA?3?$AA?5?$AAg?$AAp?$AAu?$AAA?$AAl?$AAl?$AAo?$AAc?$AA?5?$AAf?$AAa?$AAi?$AAl?$AAe?$AAd?$AA?5?$AA?$FL?$AA?$CF?$AAl?$AAl?$AAd?$AA?$FN?$AA?6?$AA?$AA@ 000000014000d172     .-gpu-new_object.o
 0002:000001b0       ??_C@_1BG@LMPFNDF@?$AAr?$AAe?$AAs?$AAu?$AAl?$AAt?$AA?5?$AA?$CF?$AAp?$AA?6?$AA?$AA@ 000000014000d1b0     .-gpu-new_object.o
 0002:000001c6       ??_C@_1FM@LBBNKNII@?$AAE?$AAR?$AAR?$AAO?$AAR?$AA?3?$AA?5?$AAP?$AAi?$AAp?$AAe?$AAs?$AA?5?$AAa?$AAr?$AAe?$AA?5?$AAu?$AAn?$AAs?$AAu?$AAp?$AAp?$AAo?$AAr?$AAt?$AAe?$AAd?$AA?5?$AAo?$AAn?$AA?5@ 000000014000d1c6     .-gpu-new_object.o
 0002:00000222       ??_C@_1GM@BNFAKJM@?$AAE?$AAR?$AAR?$AAO?$AAR?$AA?3?$AA?5?$AAP?$AAi?$AAp?$AAe?$AAs?$AA?5?$AAa?$AAr?$AAe?$AA?5?$AAu?$AAn?$AAs?$AAu?$AAp?$AAp?$AAo?$AAr?$AAt?$AAe?$AAd?$AA?5?$AAo?$AAn?$AA?5@ 000000014000d222     .-gpu-new_object.o
 0002:0000028e       ??_C@_1EG@FBJBJMFK@?$AAN?$AAO?$AAT?$AA?5?$AAS?$AAU?$AAP?$AAP?$AAO?$AAR?$AAT?$AAE?$AAD?$AA?3?$AA?5?$AAp?$AAu?$AAs?$AAh?$AA?5?$AAi?$AAn?$AA?5?$AAg?$AAp?$AAu?$AA?5?$AAo?$AAb?$AAj?$AAe?$AAc@ 000000014000d28e     .-gpu-push_object.o
 0002:000002d4       ??_C@_1FE@GJLEMBH@?$AAN?$AAO?$AAT?$AA?5?$AAS?$AAU?$AAP?$AAP?$AAO?$AAR?$AAT?$AAE?$AAD?$AA?3?$AA?5?$AAp?$AAu?$AAs?$AAh?$AA?5?$AAi?$AAn?$AA?5?$AAg?$AAp?$AAu?$AA?5?$AAo?$AAb?$AAj?$AAe?$AAc@ 000000014000d2d4     .-gpu-push_object.o
 0002:00000328       ??_C@_1EI@EPHKLIAN@?$AAN?$AAO?$AAT?$AA?5?$AAS?$AAU?$AAP?$AAP?$AAO?$AAR?$AAT?$AAE?$AAD?$AA?3?$AA?5?$AAq?$AAu?$AAe?$AAr?$AAy?$AA?5?$AAi?$AAn?$AA?5?$AAg?$AAp?$AAu?$AA?5?$AAo?$AAb?$AAj?$AAe@ 000000014000d328     .-gpu-query_object.o
 0002:00000370       ??_C@_1FG@PCBNEEAC@?$AAN?$AAO?$AAT?$AA?5?$AAS?$AAU?$AAP?$AAP?$AAO?$AAR?$AAT?$AAE?$AAD?$AA?3?$AA?5?$AAq?$AAu?$AAe?$AAr?$AAy?$AA?5?$AAi?$AAn?$AA?5?$AAg?$AAp?$AAu?$AA?5?$AAo?$AAb?$AAj?$AAe@ 000000014000d370     .-gpu-query_object.o
 0002:000004a0       __ymm@0000000000000006fffffffffffffff000000000000000000000000000000003 000000014000d4a0     .-cast_provider.o
 0002:000004c0       ??_C@_1FE@BCAGMINK@?$AAE?$AAr?$AAr?$AAo?$AAr?$AA?3?$AA?5?$AAn?$AAo?$AA?5?$AAk?$AAn?$AAo?$AAw?$AAn?$AA?5?$AAs?$AAi?$AAz?$AAe?$AA?5?$AAf?$AAo?$AAr?$AA?5?$AAn?$AAo?$AAt?$AA?5?$AAa?$AAr?$AAr@ 000000014000d4c0     .-cast_provider.o
 0002:00000514       ??_C@_1FK@KDAFABDO@?$AAE?$AAr?$AAr?$AAo?$AAr?$AA?3?$AA?5?$AAl?$AAo?$AAc?$AAa?$AAl?$AA?5?$AAo?$AAb?$AAj?$AAe?$AAc?$AAt?$AA?5?$AAw?$AAa?$AAs?$AA?5?$AAr?$AAe?$AAm?$AAo?$AAv?$AAe?$AAd?$AA?5@ 000000014000d514     .-cast_provider.o
 0002:0000056e       ??_C@_1FO@HMOHPFHI@?$AAE?$AAr?$AAr?$AAo?$AAr?$AA?5?$AAh?$AAa?$AAp?$AAp?$AAe?$AAn?$AA?5?$AAw?$AAh?$AAi?$AAl?$AAe?$AA?5?$AAc?$AAl?$AAE?$AAn?$AAq?$AAu?$AAe?$AAu?$AAe?$AAR?$AAe?$AAa?$AAd@ 000000014000d56e     .-cast_provider.o
 0002:000005cc       ??_C@_1GA@EEKPNAGK@?$AAE?$AAr?$AAr?$AAo?$AAr?$AA?5?$AAh?$AAa?$AAp?$AAp?$AAe?$AAn?$AA?5?$AAw?$AAh?$AAi?$AAl?$AAe?$AA?5?$AAc?$AAl?$AAE?$AAn?$AAq?$AAu?$AAe?$AAu?$AAe?$AAW?$AAr?$AAi?$AAt@ 000000014000d5cc     .-cast_provider.o
 0002:0000062c       ??_C@_1BM@OBHKMKPP@?$AAR?$AAe?$AAt?$AAu?$AAr?$AAn?$AA?3?$AA?5?$AA?$CF?$AAl?$AAl?$AAd?$AA?6?$AA?$AA@ 000000014000d62c     .-cast_provider.o
 0002:00000648       ??_C@_1EC@IPADNJOO@?$AAc?$AAo?$AAn?$AAv?$AAe?$AAr?$AAt?$AA?5?$AA?$CF?$AAp?$AA?5?$AA?$FL?$AAt?$AAy?$AAp?$AAe?$AAs?$AA?5?$AA?$CF?$AAl?$AAl?$AAd?$AA?5?$AA?9?$AA?$DO?$AA?5?$AA?$CF?$AAl?$AAl?$AAd?$AA?$FN?$AA?6@ 000000014000d648     .-cast_provider.o
 0002:0000068a       ??_C@_1IA@HIJJNPCH@?$AAE?$AAR?$AAR?$AAO?$AAR?$AA?3?$AA?5?$AAn?$AAo?$AAt?$AA?5?$AAs?$AAu?$AAp?$AAp?$AAo?$AAr?$AAt?$AAe?$AAd?$AA?5?$AAc?$AAo?$AAn?$AAv?$AAe?$AAr?$AAs?$AAi?$AAo?$AAn?$AA?5@ 000000014000d68a     .-cast_provider.o
 0002:0000070a       ??_C@_1EC@CFAEGHOO@?$AAE?$AAr?$AAr?$AAo?$AAr?$AA?5?$AAa?$AAt?$AA?5?$AAc?$AAl?$AAC?$AAr?$AAe?$AAa?$AAt?$AAe?$AAC?$AAo?$AAn?$AAt?$AAe?$AAx?$AAt?$AA?5?$AA?$FL?$AA?$CF?$AAl?$AAl?$AAd?$AA?$FN?$AA?6@ 000000014000d70a     .-gpu_subsystem.o
 0002:0000074c       ??_C@_1GI@JODPKPLM@?$AAE?$AAr?$AAr?$AAo?$AAr?$AA?5?$AAa?$AAt?$AA?5?$AAc?$AAl?$AAC?$AAr?$AAe?$AAa?$AAt?$AAe?$AAC?$AAo?$AAm?$AAm?$AAa?$AAn?$AAd?$AAQ?$AAu?$AAe?$AAu?$AAe?$AAW?$AAi?$AAt@ 000000014000d74c     .-gpu_subsystem.o
 0002:000007b4       ??_C@_0FA@OKGFDHAO@?9cl?9single?9precision?9constant?5?9c@ 000000014000d7b4     .-gpu_subsystem.o
 0002:00000804       ??_C@_1DE@FJCPKFIJ@?$AAB?$AAu?$AAi?$AAl?$AAd?$AAP?$AAr?$AAo?$AAg?$AAr?$AAa?$AAm?$AA?5?$AAE?$AAr?$AAr?$AAo?$AAr?$AA?3?$AA?5?$AA?$CF?$AAl?$AAl?$AAd?$AA?6?$AA?$AA@ 000000014000d804     .-gpu_subsystem.o
 0002:00000838       ??_C@_19PDAGFAKM@?$AA?4?$AA?4?$AA?4?$AA?6?$AA?$AA@ 000000014000d838     .-gpu_subsystem.o
 0002:00000842       ??_C@_1CO@HIIDKPPP@?$AAB?$AAu?$AAi?$AAl?$AAd?$AAI?$AAn?$AAf?$AAo?$AA?5?$AAE?$AAr?$AAr?$AAo?$AAr?$AA?3?$AA?5?$AA?$CF?$AAl?$AAl?$AAd?$AA?6?$AA?$AA@ 000000014000d842     .-gpu_subsystem.o
 0002:00000870       ??_C@_1DA@GJKLKGNM@?$AAB?$AAu?$AAi?$AAl?$AAd?$AAI?$AAn?$AAf?$AAo?$AA2?$AA?5?$AAE?$AAr?$AAr?$AAo?$AAr?$AA?3?$AA?5?$AA?$CF?$AAl?$AAl?$AAd?$AA?6?$AA?$AA@ 000000014000d870     .-gpu_subsystem.o
 0002:000008a0       ??_C@_1DA@CBNNMJJB@?$AAE?$AAr?$AAr?$AAo?$AAr?$AA?5?$AAI?$AAn?$AAf?$AAo?$AA?3?$AA?5?$AAc?$AAo?$AAd?$AAe?$AA?$DN?$AA?$CF?$AAl?$AAl?$AAd?$AA?3?$AA?6?$AA?$AA@ 000000014000d8a0     .-gpu_subsystem.o
 0002:000008d0       ??_C@_1CA@CAEDKLHA@?$AA?$CF?$AA0?$AA2?$AAx?$AA?5?$AA?$CF?$AA0?$AA2?$AAx?$AA?5?$AA?$CF?$AA0?$AA2?$AAx?$AA?6?$AA?$AA@ 000000014000d8d0     .-gpu_subsystem.o
 0002:000008f0       ??_C@_17MJEANDKP@?$AA?$CF?$AAs?$AA?6?$AA?$AA@ 000000014000d8f0     .-gpu_subsystem.o
 0002:000008f8       ??_C@_1CO@DCKAPNAK@?$AAw?$AAa?$AAi?$AAt?$AAi?$AAn?$AAg?$AA?5?$AAs?$AAt?$AAa?$AAr?$AAt?$AAu?$AAp?$AA?5?$AAp?$AAa?$AAg?$AAe?$AAs?$AA?6?$AA?$AA@ 000000014000d8f8     .-hive_entry.o
 0002:00000926       ??_C@_1EI@OLFKDNEP@?$AAE?$AAr?$AAr?$AAo?$AAr?$AA?3?$AA?5?$AAa?$AAl?$AAl?$AAo?$AAc?$AAa?$AAt?$AAe?$AAd?$AA?5?$AAa?$AAr?$AAr?$AAa?$AAy?$AA?5?$AAi?$AAs?$AAn?$AA?8?$AAt?$AA?5?$AAl?$AAo?$AAc@ 000000014000d926     .-hive_entry.o
 0002:00000a10       ??_C@_1DE@OFJFJIIH@?$AAS?$AAe?$AAr?$AAv?$AAe?$AAr?$AA?5?$AAi?$AAd?$AA?$DN?$AA?$CF?$AAl?$AAl?$AAd?$AA?5?$AAc?$AAo?$AAn?$AAf?$AAi?$AAr?$AAm?$AAe?$AAd?$AA?6?$AA?$AA@ 000000014000da10     .-remote.o
 0002:00000a44       ??_C@_1CG@DJLPCGPG@?$AAC?$AAl?$AAi?$AAe?$AAn?$AAt?$AA?5?$AAc?$AAo?$AAn?$AAn?$AAe?$AAc?$AAt?$AAe?$AAd?$AA?$CB?$AA?6?$AA?$AA@ 000000014000da44     .-remote.o
 0002:00000a6a       ??_C@_1FK@FPKJOMKP@?$AAE?$AAr?$AAr?$AAo?$AAr?$AA?3?$AA?5?$AAC?$AAo?$AAu?$AAl?$AAd?$AA?5?$AAn?$AAo?$AAt?$AA?5?$AAc?$AAo?$AAn?$AAn?$AAe?$AAc?$AAt?$AA?5?$AAt?$AAo?$AA?5?$AA?$CF?$AAs?$AA?5?$AA?$FL@ 000000014000da6a     .-remote.o
 0002:00000ac4       ??_C@_1LE@PPGJDLMH@?$AA?$FL?$AAp?$AA?5?$AA?$DM?$AAp?$AAo?$AAr?$AAt?$AA?$DO?$AA?$FN?$AA?5?$AAt?$AAo?$AA?5?$AAs?$AAe?$AAl?$AAe?$AAc?$AAt?$AA?5?$AAp?$AAo?$AAr?$AAt?$AA?5?$AA?$FL?$AAc?$AA?5?$AA?$DM?$AAi?$AAp@ 000000014000dac4     .-remote.o
 0002:00000b78       ??_C@_1BO@BCIJKPCC@?$AAE?$AAn?$AAt?$AAe?$AAr?$AA?5?$AAc?$AAo?$AAm?$AAm?$AAa?$AAn?$AAd?$AA?$DO?$AA?$AA@ 000000014000db78     .-remote.o
 0002:00000b96       ??_C@_1CK@IMAGNILG@?$AAC?$AAo?$AAn?$AAf?$AAi?$AAr?$AAm?$AAe?$AAd?$AA?5?$AAp?$AAo?$AAr?$AAt?$AA?$DN?$AA?$CF?$AAl?$AAl?$AAd?$AA?6?$AA?$AA@ 000000014000db96     .-remote.o
 0002:00000bc0       ??_C@_1DG@NNMMEGKD@?$AAS?$AAe?$AAl?$AAe?$AAc?$AAt?$AAe?$AAd?$AA?5?$AAc?$AAo?$AAn?$AAn?$AAe?$AAc?$AAt?$AA?5?$AAc?$AAo?$AAm?$AAm?$AAa?$AAn?$AAd?$AA?4?$AA?6?$AA?$AA@ 000000014000dbc0     .-remote.o
 0002:00000bf6       ??_C@_1CI@KPENLAE@?$AAE?$AAn?$AAt?$AAe?$AAr?$AA?5?$AAI?$AAP?$AA?5?$AAa?$AAn?$AAd?$AA?5?$AAP?$AAO?$AAR?$AAT?$AA?4?$AA?6?$AA?$AA@ 000000014000dbf6     .-remote.o
 0002:00000c1e       ??_C@_1EG@CAHECGOL@?$AAT?$AAr?$AAy?$AAi?$AAn?$AAg?$AA?5?$AAt?$AAo?$AA?5?$AAc?$AAo?$AAn?$AAn?$AAe?$AAc?$AAt?$AA?5?$AAt?$AAo?$AA?5?$AA?$FL?$AA?$CF?$AAs?$AA?$FN?$AA?5?$AA?$FL?$AA?$CF?$AAs?$AA?$FN?$AA?4?$AA?4@ 000000014000dc1e     .-remote.o
 0002:00000c64       ??_C@_1DG@GLOHHOJG@?$AAT?$AAe?$AAm?$AAp?$AAo?$AAr?$AAa?$AAr?$AAy?$AA?5?$AAl?$AAo?$AAc?$AAa?$AAl?$AA_?$AAi?$AAd?$AA?5?$AA?$DN?$AA?5?$AA?$CF?$AAl?$AAl?$AAd?$AA?6?$AA?$AA@ 000000014000dc64     .-remote.o
 0002:00000c9a       ??_C@_1DC@MOJEJJIM@?$AAC?$AAo?$AAn?$AAf?$AAi?$AAg?$AAu?$AAr?$AAa?$AAt?$AAi?$AAo?$AAn?$AA?5?$AAc?$AAo?$AAn?$AAf?$AAi?$AAr?$AAm?$AAe?$AAd?$AA?6?$AA?$AA@ 000000014000dc9a     .-remote.o
 0002:00000ccc       ??_C@_1DM@PKIKMHMJ@?$AA?$FL?$AAN?$AAE?$AAT?$AAW?$AAO?$AAR?$AAK?$AA?$FN?$AA?3?$AA?5?$AAP?$AAe?$AAe?$AAr?$AA?5?$AAd?$AAi?$AAs?$AAc?$AAo?$AAn?$AAn?$AAe?$AAc?$AAt?$AAe?$AAd?$AA?6?$AA?$AA@ 000000014000dccc     .-remote.o
 0002:00000d08       ??_C@_1FE@JBHEOMDM@?$AAc?$AAo?$AAn?$AAn?$AAe?$AAc?$AAt?$AAi?$AAo?$AAn?$AA?5?$AAw?$AAa?$AAs?$AA?5?$AAc?$AAl?$AAo?$AAs?$AAe?$AAd?$AA?4?$AA?5?$AA?$FL?$AAl?$AAo?$AAc?$AAa?$AAl?$AA_?$AAi?$AAd@ 000000014000dd08     .-remote.o
 0002:00000d5c       ??_C@_1LA@ICLCBFDH@?$AAE?$AAr?$AAr?$AAo?$AAr?$AA?3?$AA?5?$AAA?$AAP?$AAI?$AA_?$AAA?$AAN?$AAS?$AAW?$AAE?$AAR?$AA_?$AAR?$AAE?$AAQ?$AAU?$AAE?$AAS?$AAT?$AA_?$AAC?$AAO?$AAN?$AAN?$AAE?$AAC@ 000000014000dd5c     .-remote.o
 0002:00000e0c       ??_C@_1DK@EHAPFJND@?$AAs?$AAe?$AAr?$AAv?$AAe?$AAr?$AA?5?$AAs?$AAt?$AAa?$AAr?$AAt?$AAe?$AAd?$AA?5?$AAo?$AAn?$AA?5?$AAp?$AAo?$AAr?$AAt?$AA?5?$AA?$CF?$AAl?$AAl?$AAd?$AA?6?$AA?$AA@ 000000014000de0c     .-remote.o
 0002:00000e46       ??_C@_1CM@OOKLEHNG@?$AAg?$AAe?$AAt?$AA?5?$AAn?$AAa?$AAm?$AAe?$AA?5?$AAf?$AAa?$AAi?$AAl?$AAe?$AAd?$AA?5?$AA?$CF?$AAl?$AAl?$AAd?$AA?6?$AA?$AA@ 000000014000de46     .-remote.o
 0002:00000e72       ??_C@_1CG@NGNGJBNB@?$AAE?$AAr?$AAr?$AAo?$AAr?$AA?5?$AAh?$AAa?$AAp?$AAp?$AAe?$AAn?$AA?5?$AA?$CF?$AAl?$AAl?$AAd?$AA?6?$AA?$AA@ 000000014000de72     .-remote.o
 0002:00000ea0       __ymm@0020002000200020002000200020002000200020002000200020002000200020 000000014000dea0     .-runtime_lib.o
 0002:00000ec0       ??_C@_1FA@MICONLJJ@?$AAE?$AAr?$AAr?$AAo?$AAr?$AA?3?$AA?5?$AAf?$AAa?$AAi?$AAl?$AAe?$AAd?$AA?5?$AAt?$AAo?$AA?5?$AAa?$AAl?$AAl?$AAo?$AAc?$AAa?$AAt?$AAe?$AA?5?$AAm?$AAe?$AAm?$AAo?$AAr?$AAy@ 000000014000dec0     .-runtime_lib.o
 0002:00000f10       ??_C@_1FE@CPMEHOGL@?$AAE?$AAr?$AAr?$AAo?$AAr?$AA?3?$AA?5?$AAf?$AAa?$AAi?$AAl?$AAe?$AAd?$AA?5?$AAt?$AAo?$AA?5?$AAr?$AAe?$AAa?$AAl?$AAl?$AAo?$AAc?$AAa?$AAt?$AAe?$AA?5?$AAm?$AAe?$AAm?$AAo@ 000000014000df10     .-runtime_lib.o
 0002:00000f64       ??_C@_1EI@DJFGOBAG@?$AAE?$AAr?$AAr?$AAo?$AAr?$AA?3?$AA?5?$AAf?$AAa?$AAi?$AAl?$AAe?$AAd?$AA?5?$AAt?$AAo?$AA?5?$AAf?$AAr?$AAe?$AAe?$AA?5?$AAm?$AAe?$AAm?$AAo?$AAr?$AAy?$AA?3?$AA?5?$AA?$CF?$AAl@ 000000014000df64     .-runtime_lib.o
 0002:00000fac       ??_C@_1CM@EJGKJCED@?$AAA?$AAs?$AAs?$AAe?$AAr?$AAt?$AAi?$AAo?$AAn?$AA?5?$AAf?$AAa?$AAi?$AAl?$AAe?$AAd?$AA?3?$AA?5?$AA?$CF?$AAs?$AA?6?$AA?$AA@ 000000014000dfac     .-runtime_lib.o
 0002:00000fd8       ??_C@_1EI@GJCCEHA@?$AAF?$AAi?$AAl?$AAe?$AA?3?$AA?5?$AA?$CF?$AAs?$AA?0?$AA?5?$AAL?$AAi?$AAn?$AAe?$AA?3?$AA?5?$AA?$CF?$AAl?$AAl?$AAd?$AA?0?$AA?5?$AAF?$AAu?$AAn?$AAc?$AAt?$AAi?$AAo?$AAn?$AA?3?$AA?5@ 000000014000dfd8     .-runtime_lib.o
 0002:0000126c       ??_C@_1GE@NIGCAFOK@?$AAE?$AAr?$AAr?$AAo?$AAr?$AA?3?$AA?5?$AAg?$AAp?$AAu?$AA?5?$AAw?$AAo?$AAr?$AAk?$AAe?$AAr?$AA?5?$AAd?$AAo?$AAe?$AAn?$AA?8?$AAt?$AA?5?$AAs?$AAu?$AAp?$AAp?$AAo?$AAr?$AAt@ 000000014000e26c     .-runtime.o
 0002:000012d0       ??_C@_1IE@FHIKABLD@?$AAE?$AAr?$AAr?$AAo?$AAr?$AA?3?$AA?5?$AAc?$AAa?$AAn?$AA?8?$AAt?$AA?5?$AAr?$AAu?$AAn?$AA?5?$AAr?$AAe?$AAm?$AAo?$AAt?$AAe?$AA?5?$AAw?$AAo?$AAr?$AAk?$AAe?$AAr?$AA?5?$AA?$CF@ 000000014000e2d0     .-runtime.o
 0002:00001354       ??_C@_1HE@GOIHIEDE@?$AAE?$AAr?$AAr?$AAo?$AAr?$AA?3?$AA?5?$AAp?$AAr?$AAo?$AAv?$AAi?$AAd?$AAe?$AAr?$AA?5?$AA?$CF?$AAl?$AAl?$AAd?$AA?5?$AAd?$AAo?$AAe?$AAs?$AAn?$AA?8?$AAt?$AA?5?$AAs?$AAu?$AAp@ 000000014000e354     .-runtime.o
 0002:000013c8       ??_C@_1JE@CPFCJBNI@?$AAE?$AAR?$AAR?$AAO?$AAR?$AA?3?$AA?5?$AAR?$AAu?$AAn?$AAt?$AAi?$AAm?$AAe?$AA?5?$AAe?$AAn?$AAd?$AAp?$AAo?$AAi?$AAn?$AAt?$AA?5?$AA?$CF?$AAl?$AAl?$AAd?$AA?5?$AAd?$AAo?$AAe@ 000000014000e3c8     .-runtime.o
 0002:0000145c       ??_C@_1HI@GNCDLKLI@?$AAE?$AAr?$AAr?$AAo?$AAr?$AA?3?$AA?5?$AAr?$AAu?$AAn?$AAt?$AAi?$AAm?$AAe?$AA?5?$AAd?$AAo?$AAe?$AAs?$AAn?$AA?8?$AAt?$AA?5?$AAs?$AAu?$AAp?$AAp?$AAo?$AAr?$AAt?$AA?5?$AAs@ 000000014000e45c     .-runtime.o
 0002:000014d4       ??_C@_1CI@PHCDEMOE@?$AAb?$AAu?$AAi?$AAl?$AAd?$AAi?$AAn?$AAg?$AA?5?$AAk?$AAe?$AAr?$AAn?$AAe?$AAl?$AA?4?$AA?4?$AA?4?$AA?6?$AA?$AA@ 000000014000e4d4     .-runtime.o
 0002:000014fc       ??_C@_04JNAIOECI@krnl?$AA@ 000000014000e4fc     .-runtime.o
 0002:00001502       ??_C@_1DI@MMAOAOLJ@?$AAE?$AAr?$AAr?$AAo?$AAr?$AA?3?$AA?5?$AAk?$AAe?$AAr?$AAn?$AAe?$AAl?$AA?5?$AAb?$AAu?$AAi?$AAl?$AAd?$AA?5?$AAf?$AAa?$AAi?$AAl?$AAe?$AAd?$AA?6?$AA?$AA@ 000000014000e502     .-runtime.o
 0002:0000153a       ??_C@_1EK@KKIKLCHH@?$AAG?$AAp?$AAu?$AA?5?$AAs?$AAu?$AAs?$AAs?$AAy?$AAs?$AAt?$AAe?$AAm?$AA?5?$AAi?$AAn?$AAi?$AAt?$AAi?$AAa?$AAl?$AAi?$AAz?$AAa?$AAt?$AAi?$AAo?$AAn?$AA?5?$AAf?$AAa?$AAi@ 000000014000e53a     .-runtime.o
 0002:00001584       ??_C@_1CC@DEIAIPBB@?$AA?4?$AA?4?$AA?1?$AA?4?$AA?4?$AA?1?$AA?4?$AA?4?$AA?1?$AAr?$AAe?$AAs?$AA?4?$AAb?$AAi?$AAn?$AA?$AA@ 000000014000e584     .-runtime.o
 0002:000015a6       ??_C@_1FC@OGJDIOEJ@?$AAE?$AAr?$AAr?$AAo?$AAr?$AA?3?$AA?5?$AAc?$AAa?$AAn?$AA?8?$AAt?$AA?5?$AAo?$AAp?$AAe?$AAn?$AA?5?$AA?4?$AA?4?$AA?1?$AA?4?$AA?4?$AA?1?$AA?4?$AA?4?$AA?1?$AAr?$AAe?$AAs?$AA?4?$AAb@ 000000014000e5a6     .-runtime.o
 0002:000015f8       ??_C@_1EG@BBCENLFA@?$AAT?$AAh?$AAi?$AAs?$AA?5?$AAh?$AAi?$AAv?$AAe?$AA?5?$AAw?$AAi?$AAl?$AAl?$AA?5?$AAn?$AAo?$AAt?$AA?5?$AAr?$AAe?$AAa?$AAd?$AA?5?$AAa?$AAn?$AAy?$AA?5?$AAs?$AAt?$AAd?$AAi@ 000000014000e5f8     .-runtime.o
 0002:0000163e       ??_C@_1EG@OCFMCBJL@?$AAT?$AAh?$AAi?$AAs?$AA?5?$AAh?$AAi?$AAv?$AAe?$AA?5?$AAw?$AAi?$AAl?$AAl?$AA?5?$AAn?$AAo?$AAt?$AA?5?$AAs?$AAt?$AAo?$AAp?$AA?5?$AAe?$AAx?$AAe?$AAc?$AAu?$AAt?$AAi?$AAo@ 000000014000e63e     .-runtime.o
 0002:00001684       ??_C@_1DA@LKDLAMFA@?$AAS?$AAe?$AAt?$AA?5?$AAn?$AAu?$AAm?$AA?5?$AAt?$AAh?$AAr?$AAe?$AAa?$AAd?$AAs?$AA?5?$AA?$DN?$AA?5?$AA?$CF?$AAl?$AAl?$AAd?$AA?6?$AA?$AA@ 000000014000e684     .-runtime.o
 0002:000016b4       ??_C@_1II@FCFHMELI@?$AAE?$AAr?$AAr?$AAo?$AAr?$AA?3?$AA?5?$AAt?$AAh?$AAi?$AAs?$AA?5?$AAb?$AAu?$AAi?$AAl?$AAd?$AA?5?$AAd?$AAo?$AAe?$AAs?$AAn?$AA?8?$AAt?$AA?5?$AAa?$AAl?$AAl?$AAo?$AAw?$AA?5@ 000000014000e6b4     .-runtime.o
 0002:0000173c       ??_C@_1DE@PNGABHJK@?$AAS?$AAe?$AAt?$AA?5?$AAh?$AAi?$AAv?$AAe?$AA?5?$AAa?$AAs?$AA?5?$AAp?$AAr?$AAo?$AAt?$AAe?$AAc?$AAt?$AAo?$AAr?$AAa?$AAt?$AAe?$AA?6?$AA?$AA@ 000000014000e73c     .-runtime.o
 0002:00001770       ??_C@_1DG@MLIAHCGJ@?$AAS?$AAe?$AAt?$AA?5?$AAc?$AAh?$AAu?$AAn?$AAk?$AA?5?$AAt?$AAi?$AAm?$AAe?$AA?5?$AAt?$AAo?$AA?5?$AA?$CF?$AAl?$AAl?$AAd?$AA?5?$AAu?$AAs?$AA?6?$AA?$AA@ 000000014000e770     .-runtime.o
 0002:000017a6       ??_C@_1EC@FNPNOOPH@?$AAU?$AAn?$AAk?$AAn?$AAo?$AAw?$AAn?$AA?5?$AAc?$AAm?$AAd?$AAl?$AAi?$AAn?$AAe?$AA?5?$AAp?$AAa?$AAr?$AAa?$AAm?$AAe?$AAt?$AAe?$AAr?$AA?3?$AA?5?$AA?$CF?$AAl?$AAl?$AAd?$AA?6@ 000000014000e7a6     .-runtime.o
 0002:000017e8       ??_C@_1CE@CFOOJILH@?$AAN?$AAU?$AAM?$AA_?$AAT?$AAH?$AAR?$AAE?$AAA?$AAD?$AAS?$AA?$DN?$AA?$CF?$AAl?$AAl?$AAd?$AA?6?$AA?$AA@ 000000014000e7e8     .-runtime.o
 0002:0000180c       ??_C@_1BI@KEMCAKCM@?$AAR?$AAu?$AAn?$AAn?$AAi?$AAn?$AAg?$AA?4?$AA?4?$AA?4?$AA?6?$AA?$AA@ 000000014000e80c     .-runtime.o
 0002:00001824       ??_C@_1KG@MGKLLKBJ@?$AA?9?$AA?9?$AA?9?$AA?9?$AA?9?$AA?9?$AA?9?$AA?9?$AA?9?$AA?9?$AA?9?$AA?9?$AA?9?$AA?9?$AA?9?$AA?9?$AA?9?$AA?9?$AA?9?$AA?9?$AA?9?$AA?9?$AA?9?$AA?9?$AA?9?$AA?9?$AA?9?$AA?9?$AA?9?$AA?9?$AA?9?$AA?9@ 000000014000e824     .-runtime.o
 0002:000018ca       ??_C@_1KC@PDECPKAN@?$AA?9?$AA?9?$AA?9?$AA?9?$AA?9?$AA?9?$AA?9?$AA?9?$AA?9?$AA?9?$AA?9?$AA?9?$AA?9?$AA?9?$AA?9?$AA?9?$AA?9?$AA?9?$AA?9?$AA?9?$AA?9?$AA?9?$AA?9?$AA?9?$AA?9?$AA?9?$AA?9?$AA?9?$AA?9?$AA?9?$AA?9?$AA?9@ 000000014000e8ca     .-runtime.o
 0002:0000196c       ??_C@_1DK@PNJBIJCI@?$AAP?$AAr?$AAo?$AAg?$AAr?$AAa?$AAm?$AA?5?$AAf?$AAi?$AAn?$AAi?$AAs?$AAh?$AAe?$AAd?$AA?5?$AAi?$AAn?$AA?5?$AA?$CF?$AAl?$AAl?$AAd?$AA?5?$AAm?$AAs?$AA?6?$AA?$AA@ 000000014000e96c     .-runtime.o
 0002:000019a6       ??_C@_1EK@FDFELEEK@?$AAR?$AAe?$AAs?$AAu?$AAl?$AAt?$AA?5?$AAp?$AAr?$AAo?$AAm?$AAi?$AAs?$AAe?$AA?5?$AAn?$AAo?$AAt?$AA?5?$AAf?$AAo?$AAu?$AAn?$AAd?$AA?5?$AAo?$AAn?$AA?5?$AAm?$AAa?$AAc?$AAh@ 000000014000e9a6     .-runtime.o
 0002:000019f0       ??_C@_1DO@BFPIHEIA@?$AAP?$AAr?$AAo?$AAg?$AAr?$AAa?$AAm?$AA?5?$AAe?$AAx?$AAi?$AAt?$AAe?$AAd?$AA?5?$AAw?$AAi?$AAt?$AAh?$AA?5?$AAc?$AAo?$AAd?$AAe?$AA?5?$AA?$CF?$AAl?$AAl?$AAx?$AA?6?$AA?$AA@ 000000014000e9f0     .-runtime.o
 0002:00001a2e       ??_C@_1CK@DKIDNDNE@?$AAP?$AAr?$AAe?$AAs?$AAs?$AA?5?$AAC?$AAt?$AAr?$AAl?$AA?$CL?$AAC?$AA?5?$AAt?$AAo?$AA?5?$AAe?$AAn?$AAd?$AA?6?$AA?$AA@ 000000014000ea2e     .-runtime.o
 0002:00001a58       ??_C@_1GO@CEANDIOF@?$AAR?$AAe?$AAs?$AAu?$AAl?$AAt?$AA?5?$AAo?$AAf?$AA?5?$AAm?$AAa?$AAi?$AAn?$AA?5?$AAf?$AAu?$AAn?$AAc?$AAt?$AAi?$AAo?$AAn?$AA?5?$AAi?$AAs?$AAn?$AA?8?$AAt?$AA?5?$AAr?$AAe@ 000000014000ea58     .-runtime.o
 0002:00001ac6       ??_C@_1DI@MLNAPEIE@?$AAS?$AAh?$AAe?$AAd?$AAu?$AAl?$AAe?$AAr?$AAI?$AAn?$AAs?$AAt?$AAa?$AAn?$AAc?$AAe?$AA?5?$AAc?$AAo?$AAm?$AAp?$AAl?$AAe?$AAt?$AAe?$AAd?$AA?6?$AA?$AA@ 000000014000eac6     .-sheduler.o
 0002:00001afe       ??_C@_13PPFCDPMH@?$AA?$HM?$AA?$AA@ 000000014000eafe     .-sheduler.o
 0002:00001b02       ??_C@_1DE@BFFMGPEH@?$AA?5?$AA?5?$AA?5?$AA?5?$AA?5?$AA?5?$AA?5?$AAt?$AAh?$AAr?$AAe?$AAa?$AAd?$AA?5?$AA?$CF?$AA0?$AA2?$AAx?$AA?5?$AA?5?$AA?5?$AA?5?$AA?5?$AA?5?$AA?$HM?$AA?$AA@ 000000014000eb02     .-sheduler.o
 0002:00001b36       ??_C@_1FG@CMFEMGFG@?$AA?5?$AA?5?$AAW?$AAa?$AAi?$AAt?$AA?5?$AA?$HM?$AA?5?$AAQ?$AAu?$AAe?$AAu?$AAe?$AA?5?$AA?$HM?$AA?5?$AAR?$AAP?$AAm?$AAi?$AAs?$AAs?$AA?5?$AA?$HM?$AA?5?$AAR?$AAO?$AAr?$AAe?$AAq?$AA?5@ 000000014000eb36     .-sheduler.o
 0002:00001b8c       ??_C@_1DA@DAJCMENO@?$AA?5?$AA?5?$AAe?$AAx?$AAe?$AAc?$AA?5?$AA?1?$AA?5?$AAd?$AAo?$AAn?$AAe?$AA?5?$AA?1?$AA?5?$AAs?$AAt?$AAa?$AAl?$AAl?$AA?5?$AA?$HM?$AA?$AA@ 000000014000eb8c     .-sheduler.o
 0002:00001bbc       ??_C@_1FG@IKPNLAIG@?$AA?5?$AA?5?$AA?5?$AA?5?$AA?5?$AA?5?$AA?5?$AA?$HM?$AA?5?$AA?5?$AA?5?$AA?5?$AA?5?$AA?5?$AA?5?$AA?$HM?$AA?5?$AA?5?$AA?5?$AA?5?$AA?5?$AA?5?$AA?5?$AA?5?$AA?$HM?$AA?5?$AA?5?$AA?5?$AA?5?$AA?5?$AA?5?$AA?5@ 000000014000ebbc     .-sheduler.o
 0002:00001c12       ??_C@_1CK@GLKKGPFH@?$AA?5?$AA?$CF?$AA7?$AAl?$AAl?$AAd?$AA?5?$AA?$CF?$AA6?$AAl?$AAl?$AAd?$AA?5?$AA?$CF?$AA5?$AAl?$AAl?$AAd?$AA?5?$AA?$HM?$AA?$AA@ 000000014000ec12     .-sheduler.o
 0002:00001c3c       ??_C@_1FE@OBAMBHOF@?$AA?5?$AA?$CF?$AA5?$AAl?$AAl?$AAd?$AA?5?$AA?$HM?$AA?5?$AA?$CF?$AA5?$AAl?$AAl?$AAd?$AA?5?$AA?$HM?$AA?5?$AA?$CF?$AA6?$AAl?$AAl?$AAd?$AA?5?$AA?$HM?$AA?5?$AA?$CF?$AA5?$AAl?$AAl?$AAd?$AA?5?$AA?$HM@ 000000014000ec3c     .-sheduler.o
 0002:00001c90       ??_C@_1DM@HCILGOPA@?$AAF?$AAa?$AAi?$AAl?$AAe?$AAd?$AA?5?$AAt?$AAo?$AA?5?$AAc?$AAr?$AAe?$AAa?$AAt?$AAe?$AA?5?$AAt?$AAh?$AAr?$AAe?$AAa?$AAd?$AA?5?$AA?$CF?$AAl?$AAl?$AAd?$AA?6?$AA?$AA@ 000000014000ec90     .-sheduler.o
 0002:00001cd0       RtlNtPathSeperatorString   000000014000ecd0     ws2_32:indef.obj
 0002:00001ce0       ??_C@_13FPGAJAPJ@?$AA?2@   000000014000ece0     ws2_32:indef.obj
 0002:00001ce8       RtlDosPathSeperatorsString 000000014000ece8     ws2_32:indef.obj
 0002:00001cf8       ??_C@_15MNCACJLI@?$AA?2?$AA?1@ 000000014000ecf8     ws2_32:indef.obj
 0002:00001d00       RtlAlternateDosPathSeperatorString 000000014000ed00     ws2_32:indef.obj
 0002:00001d10       ??_C@_13CGOKJPIL@?$AA?1@   000000014000ed10     ws2_32:indef.obj
 0002:00001d14       eui48_broadcast            000000014000ed14     ws2_32:indef.obj
 0002:00001d90       scopeid_unspecified        000000014000ed90     ws2_32:indef.obj
 0002:00001d94       in4addr_any                000000014000ed94     ws2_32:indef.obj
 0002:00001d98       in4addr_loopback           000000014000ed98     ws2_32:indef.obj
 0002:00001d9c       in4addr_broadcast          000000014000ed9c     ws2_32:indef.obj
 0002:00001da0       in4addr_allnodesonlink     000000014000eda0     ws2_32:indef.obj
 0002:00001da4       in4addr_allroutersonlink   000000014000eda4     ws2_32:indef.obj
 0002:00001da8       in4addr_alligmpv3routersonlink 000000014000eda8     ws2_32:indef.obj
 0002:00001dac       in4addr_allteredohostsonlink 000000014000edac     ws2_32:indef.obj
 0002:00001db0       in4addr_linklocalprefix    000000014000edb0     ws2_32:indef.obj
 0002:00001db4       in4addr_multicastprefix    000000014000edb4     ws2_32:indef.obj
 0002:00001db8       in6addr_any                000000014000edb8     ws2_32:indef.obj
 0002:00001dc8       in6addr_loopback           000000014000edc8     ws2_32:indef.obj
 0002:00001dd8       in6addr_allnodesonnode     000000014000edd8     ws2_32:indef.obj
 0002:00001de8       in6addr_allnodesonlink     000000014000ede8     ws2_32:indef.obj
 0002:00001df8       in6addr_allroutersonlink   000000014000edf8     ws2_32:indef.obj
 0002:00001e08       in6addr_allmldv2routersonlink 000000014000ee08     ws2_32:indef.obj
 0002:00001e18       in6addr_teredoinitiallinklocaladdress 000000014000ee18     ws2_32:indef.obj
 0002:00001e28       in6addr_linklocalprefix    000000014000ee28     ws2_32:indef.obj
 0002:00001e38       in6addr_multicastprefix    000000014000ee38     ws2_32:indef.obj
 0002:00001e48       in6addr_solicitednodemulticastprefix 000000014000ee48     ws2_32:indef.obj
 0002:00001e58       in6addr_v4mappedprefix     000000014000ee58     ws2_32:indef.obj
 0002:00001e68       in6addr_6to4prefix         000000014000ee68     ws2_32:indef.obj
 0002:00001e78       in6addr_teredoprefix       000000014000ee78     ws2_32:indef.obj
 0002:00001e88       in6addr_teredoprefix_old   000000014000ee88     ws2_32:indef.obj
 0002:00001ea8       BUGCHECK_EFI_GUID          000000014000eea8     ws2_32:indef.obj
 0002:00002240       __imp_GdiSetBatchLimit     000000014000f240     gdi32:GDI32.dll
 0002:00002250       __imp_CommandLineToArgvW   000000014000f250     shell32:SHELL32.dll
 0002:00002260       __imp_AcquireSRWLockExclusive 000000014000f260     kernel32:KERNEL32.dll
 0002:00002268       __imp_AcquireSRWLockShared 000000014000f268     kernel32:KERNEL32.dll
 0002:00002270       __imp_CloseHandle          000000014000f270     kernel32:KERNEL32.dll
 0002:00002278       __imp_CreateEventW         000000014000f278     kernel32:KERNEL32.dll
 0002:00002280       __imp_CreateFileW          000000014000f280     kernel32:KERNEL32.dll
 0002:00002288       __imp_CreateIoCompletionPort 000000014000f288     kernel32:KERNEL32.dll
 0002:00002290       __imp_CreateThread         000000014000f290     kernel32:KERNEL32.dll
 0002:00002298       __imp_ExitProcess          000000014000f298     kernel32:KERNEL32.dll
 0002:000022a0       __imp_GetCommandLineW      000000014000f2a0     kernel32:KERNEL32.dll
 0002:000022a8       __imp_GetConsoleMode       000000014000f2a8     kernel32:KERNEL32.dll
 0002:000022b0       __imp_GetFileSizeEx        000000014000f2b0     kernel32:KERNEL32.dll
 0002:000022b8       __imp_GetLastError         000000014000f2b8     kernel32:KERNEL32.dll
 0002:000022c0       __imp_GetProcAddress       000000014000f2c0     kernel32:KERNEL32.dll
 0002:000022c8       __imp_GetProcessHeap       000000014000f2c8     kernel32:KERNEL32.dll
 0002:000022d0       __imp_GetQueuedCompletionStatus 000000014000f2d0     kernel32:KERNEL32.dll
 0002:000022d8       __imp_GetStdHandle         000000014000f2d8     kernel32:KERNEL32.dll
 0002:000022e0       __imp_GetThreadContext     000000014000f2e0     kernel32:KERNEL32.dll
 0002:000022e8       __imp_HeapAlloc            000000014000f2e8     kernel32:KERNEL32.dll
 0002:000022f0       __imp_HeapFree             000000014000f2f0     kernel32:KERNEL32.dll
 0002:000022f8       __imp_HeapReAlloc          000000014000f2f8     kernel32:KERNEL32.dll
 0002:00002300       __imp_LoadLibraryA         000000014000f300     kernel32:KERNEL32.dll
 0002:00002308       __imp_MultiByteToWideChar  000000014000f308     kernel32:KERNEL32.dll
 0002:00002310       __imp_QueryPerformanceCounter 000000014000f310     kernel32:KERNEL32.dll
 0002:00002318       __imp_QueryPerformanceFrequency 000000014000f318     kernel32:KERNEL32.dll
 0002:00002320       __imp_ReadConsoleW         000000014000f320     kernel32:KERNEL32.dll
 0002:00002328       __imp_ReadFile             000000014000f328     kernel32:KERNEL32.dll
 0002:00002330       __imp_ReleaseSRWLockExclusive 000000014000f330     kernel32:KERNEL32.dll
 0002:00002338       __imp_ReleaseSRWLockShared 000000014000f338     kernel32:KERNEL32.dll
 0002:00002340       __imp_ResumeThread         000000014000f340     kernel32:KERNEL32.dll
 0002:00002348       __imp_SetEvent             000000014000f348     kernel32:KERNEL32.dll
 0002:00002350       __imp_SetThreadContext     000000014000f350     kernel32:KERNEL32.dll
 0002:00002358       __imp_Sleep                000000014000f358     kernel32:KERNEL32.dll
 0002:00002360       __imp_SuspendThread        000000014000f360     kernel32:KERNEL32.dll
 0002:00002368       __imp_TlsAlloc             000000014000f368     kernel32:KERNEL32.dll
 0002:00002370       __imp_TlsFree              000000014000f370     kernel32:KERNEL32.dll
 0002:00002378       __imp_TlsGetValue          000000014000f378     kernel32:KERNEL32.dll
 0002:00002380       __imp_TlsSetValue          000000014000f380     kernel32:KERNEL32.dll
 0002:00002388       __imp_TryAcquireSRWLockExclusive 000000014000f388     kernel32:KERNEL32.dll
 0002:00002390       __imp_VirtualAlloc         000000014000f390     kernel32:KERNEL32.dll
 0002:00002398       __imp_WaitForMultipleObjects 000000014000f398     kernel32:KERNEL32.dll
 0002:000023a0       __imp_WaitForSingleObject  000000014000f3a0     kernel32:KERNEL32.dll
 0002:000023a8       __imp_WriteConsoleW        000000014000f3a8     kernel32:KERNEL32.dll
 0002:000023b8       __imp_BCryptGenRandom      000000014000f3b8     bcrypt:bcrypt.dll
 0002:000023c8       __imp_WSAGetLastError      000000014000f3c8     ws2_32:WS2_32.dll
 0002:000023d0       __imp_WSARecv              000000014000f3d0     ws2_32:WS2_32.dll
 0002:000023d8       __imp_WSAStartup           000000014000f3d8     ws2_32:WS2_32.dll
 0002:000023e0       __imp_accept               000000014000f3e0     ws2_32:WS2_32.dll
 0002:000023e8       __imp_bind                 000000014000f3e8     ws2_32:WS2_32.dll
 0002:000023f0       __imp_closesocket          000000014000f3f0     ws2_32:WS2_32.dll
 0002:000023f8       __imp_connect              000000014000f3f8     ws2_32:WS2_32.dll
 0002:00002400       __imp_freeaddrinfo         000000014000f400     ws2_32:WS2_32.dll
 0002:00002408       __imp_getaddrinfo          000000014000f408     ws2_32:WS2_32.dll
 0002:00002410       __imp_getsockname          000000014000f410     ws2_32:WS2_32.dll
 0002:00002418       __imp_htons                000000014000f418     ws2_32:WS2_32.dll
 0002:00002420       __imp_listen               000000014000f420     ws2_32:WS2_32.dll
 0002:00002428       __imp_ntohs                000000014000f428     ws2_32:WS2_32.dll
 0002:00002430       __imp_send                 000000014000f430     ws2_32:WS2_32.dll
 0002:00002438       __imp_setsockopt           000000014000f438     ws2_32:WS2_32.dll
 0002:00002440       __imp_socket               000000014000f440     ws2_32:WS2_32.dll
 0002:00002450       __imp_clBuildProgram       000000014000f450     OpenCL:OpenCL.dll
 0002:00002458       __imp_clCreateBuffer       000000014000f458     OpenCL:OpenCL.dll
 0002:00002460       __imp_clCreateCommandQueueWithProperties 000000014000f460     OpenCL:OpenCL.dll
 0002:00002468       __imp_clCreateContext      000000014000f468     OpenCL:OpenCL.dll
 0002:00002470       __imp_clCreateKernel       000000014000f470     OpenCL:OpenCL.dll
 0002:00002478       __imp_clCreateProgramWithSource 000000014000f478     OpenCL:OpenCL.dll
 0002:00002480       __imp_clEnqueueNDRangeKernel 000000014000f480     OpenCL:OpenCL.dll
 0002:00002488       __imp_clEnqueueReadBuffer  000000014000f488     OpenCL:OpenCL.dll
 0002:00002490       __imp_clEnqueueWriteBuffer 000000014000f490     OpenCL:OpenCL.dll
 0002:00002498       __imp_clFinish             000000014000f498     OpenCL:OpenCL.dll
 0002:000024a0       __imp_clGetDeviceIDs       000000014000f4a0     OpenCL:OpenCL.dll
 0002:000024a8       __imp_clGetDeviceInfo      000000014000f4a8     OpenCL:OpenCL.dll
 0002:000024b0       __imp_clGetKernelArgInfo   000000014000f4b0     OpenCL:OpenCL.dll
 0002:000024b8       __imp_clGetPlatformIDs     000000014000f4b8     OpenCL:OpenCL.dll
 0002:000024c0       __imp_clGetPlatformInfo    000000014000f4c0     OpenCL:OpenCL.dll
 0002:000024c8       __imp_clGetProgramBuildInfo 000000014000f4c8     OpenCL:OpenCL.dll
 0002:000024d0       __imp_clSetKernelArg       000000014000f4d0     OpenCL:OpenCL.dll
 0003:00000000       server_port                0000000140010000     .-remote.o
 0003:00000008       thisServerId               0000000140010008     .-remote.o
 0003:00000010       NUM_THREADS                0000000140010010     .-runtime.o
 0003:00000018       CHUNK_TIME_US              0000000140010018     .-runtime.o
 0003:00000020       Providers                  0000000140010020     .-runtime.o
 0003:000000c0       AddressFamilyInformation   00000001400100c0     ws2_32:indef.obj
 0003:000000f0       connections_lock           00000001400100f0     .-api.o
 0003:000000f8       connections_len            00000001400100f8     .-api.o
 0003:00000100       pages_lock                 0000000140010100     .-api.o
 0003:00000108       pages_len                  0000000140010108     .-api.o
 0003:00000110       known_id_broadcasts        0000000140010110     .-api.o
 0003:00000130       known_page_broadcasts      0000000140010130     .-api.o
 0003:00000150       known_path_broadcasts      0000000140010150     .-api.o
 0003:00000170       known_path_id_broadcasts   0000000140010170     .-api.o
 0003:00000190       known_objects              0000000140010190     .-api.o
 0003:000001b0       query_requests             00000001400101b0     .-api.o
 0003:000001d0       push_requests              00000001400101d0     .-api.o
 0003:000001f0       known_hives                00000001400101f0     .-api.o
 0003:00000210       local_objects              0000000140010210     .-api.o
 0003:00000220       connections                0000000140010220     .-api.o
 0003:00002220       pages                      0000000140012220     .-api.o
 0003:00002e20       SL_best_platform           0000000140012e20     .-gpu_subsystem.o
 0003:00002e24       SL_best_platform_value     0000000140012e24     .-gpu_subsystem.o
 0003:00002e28       SL_platforms_len           0000000140012e28     .-gpu_subsystem.o
 0003:00002e30       SL_platforms               0000000140012e30     .-gpu_subsystem.o
 0003:00002eb0       SL_devices                 0000000140012eb0     .-gpu_subsystem.o
 0003:000032b0       SL_devices_len             00000001400132b0     .-gpu_subsystem.o
 0003:000032f0       SL_main_platform           00000001400132f0     .-gpu_subsystem.o
 0003:000032f8       SL_context                 00000001400132f8     .-gpu_subsystem.o
 0003:00003300       SL_queues                  0000000140013300     .-gpu_subsystem.o
 0003:00003700       SL_queues_len              0000000140013700     .-gpu_subsystem.o
 0003:00003740       queues                     0000000140013740     .-queue.o
 0003:00003b40       queue_size                 0000000140013b40     .-queue.o
 0003:00003b48       ServerIdGetLock            0000000140013b48     .-remote.o
 0003:00003b50       next_local_id              0000000140013b50     .-remote.o
 0003:00003b58       glbStatRemotePathMisses    0000000140013b58     .-remote.o
 0003:00003b60       glbStatRemoteOutputRequests 0000000140013b60     .-remote.o
 0003:00003b68       glbStatRemoteInputRequests 0000000140013b68     .-remote.o
 0003:00003b70       hIOCP                      0000000140013b70     .-remote.o
 0003:00003b80       hHeap                      0000000140013b80     .-runtime_lib.o
 0003:00003b88       hInput                     0000000140013b88     .-runtime_lib.o
 0003:00003b90       buf                        0000000140013b90     .-runtime_lib.o
 0003:00013b90       hOutput                    0000000140023b90     .-runtime_lib.o
 0003:00013b98       frequency                  0000000140023b98     .-runtime_lib.o
 0003:00013ba0       Workers                    0000000140023ba0     .-runtime.o
 0003:00014820       wait_list_lock             0000000140024820     .-runtime.o
 0003:00014828       wait_list_len              0000000140024828     .-runtime.o
 0003:00014830       dwTlsIndex                 0000000140024830     .-runtime.o
 0003:00014840       wait_list                  0000000140024840     .-runtime.o
 0003:000d7d40       defined_arrays             00000001400e7d40     .-runtime.o
 0003:000d7d48       hContinueEvent             00000001400e7d48     .-sheduler.o
 0003:000d7d50       glbMasterInfo              00000001400e7d50     .-sheduler.o
 0003:000d7d58       ExPoolZeroingNativelySupported 00000001400e7d58     ws2_32:indef.obj

 entry point at         0001:0000a6c0

 Static symbols

 0001:00006c20       Worker                     0000000140007c20     .-remote.o
 0001:00008110       ConnectionListnerWorker    0000000140009110     .-remote.o
 0001:00008430       PagesAllocator             0000000140009430     .-remote.o
 0001:000086d0       StateSender                00000001400096d0     .-remote.o
 0001:0000b40c       .text                      000000014000c40c     asm.o
 0002:00001d20       IPSEC_AUTH_TRANSFORM_ID_HMAC_MD5_96 000000014000ed20     ws2_32:indef.obj
 0002:00001d28       IPSEC_AUTH_TRANSFORM_ID_HMAC_SHA_1_96 000000014000ed28     ws2_32:indef.obj
 0002:00001d30       IPSEC_AUTH_TRANSFORM_ID_HMAC_SHA_256_128 000000014000ed30     ws2_32:indef.obj
 0002:00001d38       IPSEC_AUTH_TRANSFORM_ID_GCM_AES_128 000000014000ed38     ws2_32:indef.obj
 0002:00001d40       IPSEC_AUTH_TRANSFORM_ID_GCM_AES_192 000000014000ed40     ws2_32:indef.obj
 0002:00001d48       IPSEC_AUTH_TRANSFORM_ID_GCM_AES_256 000000014000ed48     ws2_32:indef.obj
 0002:00001d50       IPSEC_CIPHER_TRANSFORM_ID_CBC_DES 000000014000ed50     ws2_32:indef.obj
 0002:00001d58       IPSEC_CIPHER_TRANSFORM_ID_CBC_3DES 000000014000ed58     ws2_32:indef.obj
 0002:00001d60       IPSEC_CIPHER_TRANSFORM_ID_AES_128 000000014000ed60     ws2_32:indef.obj
 0002:00001d68       IPSEC_CIPHER_TRANSFORM_ID_AES_192 000000014000ed68     ws2_32:indef.obj
 0002:00001d70       IPSEC_CIPHER_TRANSFORM_ID_AES_256 000000014000ed70     ws2_32:indef.obj
 0002:00001d78       IPSEC_CIPHER_TRANSFORM_ID_GCM_AES_128 000000014000ed78     ws2_32:indef.obj
 0002:00001d80       IPSEC_CIPHER_TRANSFORM_ID_GCM_AES_192 000000014000ed80     ws2_32:indef.obj
 0002:00001d88       IPSEC_CIPHER_TRANSFORM_ID_GCM_AES_256 000000014000ed88     ws2_32:indef.obj
 0002:00001e98       BFE_GENERIC_MAPPING        000000014000ee98     ws2_32:indef.obj
 0003:000d7d59       WFP_TRACE_NULL_DATA        00000001400e7d59     ws2_32:indef.obj
 0004:00000000       .data                      00000001400e8000     asm.o
