 a

 Timestamp is 698b585c (Tue Feb 10 19:10:04 2026)

 Preferred load address is 0000000140000000

 Start         Length     Name                   Class
 0001:00000000 0000e03fH .text                   CODE
 0002:00000000 000016f8H .rdata                  DATA
 0003:00000000 00000094H .data                   DATA
 0003:00000094 000c8556H .bss                    DATA
 0004:00000000 00000200H .data                   DATA

  Address         Publics by Value              Rva+Base               Lib:Object

 0001:00000000       dllPauseWorker             0000000140001000     .-dll-await_worker.o
 0001:000000b0       dllCallObject              00000001400010b0     .-dll-call_object.o
 0001:00000130       dllExecuteWorker           0000000140001130     .-dll-execute_worker.o
 0001:00000980       gpuPauseWorker             0000000140001980     .-gpu-await_worker.o
 0001:00000a30       gpuCallObject              0000000140001a30     .-gpu-call_object.o
 0001:00000ab0       gpuExecuteWorker           0000000140001ab0     .-gpu-execute_worker.o
 0001:00000f70       gpuNewObjectUsingPage      0000000140001f70     .-gpu-new_object.o
 0001:00001070       gpuNewObject               0000000140002070     .-gpu-new_object.o
 0001:000010c0       gpuPushObject              00000001400020c0     .-gpu-push_object.o
 0001:00001100       gpuPushPipe                0000000140002100     .-gpu-push_object.o
 0001:00001140       gpuQueryObject             0000000140002140     .-gpu-query_object.o
 0001:00001180       gpuQueryPipe               0000000140002180     .-gpu-query_object.o
 0001:000011c0       locNewObjectUsingPage      00000001400021c0     .-loc-new_object.o
 0001:00001610       locNewObject               0000000140002610     .-loc-new_object.o
 0001:00001660       locUpdateLocalPush         0000000140002660     .-loc-push_object.o
 0001:00001750       locQueryLocalObject        0000000140002750     .-loc-query_object.o
 0001:000018b0       x64PauseWorker             00000001400028b0     .-x64-await_worker.o
 0001:00001980       x64CallObject              0000000140002980     .-x64-call_object.o
 0001:00001a00       x64ExecuteWorker           0000000140002a00     .-x64-execute_worker.o
 0001:00001a40       x64NewObjectUsingPage      0000000140002a40     .-x64-new_object.o
 0001:00001ea0       x64NewObjectStates         0000000140002ea0     .-x64-new_object.o
 0001:00001f30       x64NewObject               0000000140002f30     .-x64-new_object.o
 0001:00002020       x64UpdateLocalPush         0000000140003020     .-x64-push_object.o
 0001:00002110       x64OnPushObject            0000000140003110     .-x64-push_object.o
 0001:000021a0       x64PushObjectStates        00000001400031a0     .-x64-push_object.o
 0001:00002290       x64PushObject              0000000140003290     .-x64-push_object.o
 0001:000024e0       x64PushPipe                00000001400034e0     .-x64-push_object.o
 0001:00002510       x64QueryLocalObject        0000000140003510     .-x64-query_object.o
 0001:00002670       x64OnQueryObject           0000000140003670     .-x64-query_object.o
 0001:00002740       x64QueryObjectStates       0000000140003740     .-x64-query_object.o
 0001:00002840       x64QueryObject             0000000140003840     .-x64-query_object.o
 0001:00002a30       x64QueryPipe               0000000140003a30     .-x64-query_object.o
 0001:00002a60       equal_bytes                0000000140003a60     .-api.o
 0001:00002b60       GetHashtableNoLock         0000000140003b60     .-api.o
 0001:00002d30       SetHashtableNoLock         0000000140003d30     .-api.o
 0001:00003030       GetHashtable               0000000140004030     .-api.o
 0001:00003090       SetHashtable               0000000140004090     .-api.o
 0001:000030e0       InitInternalStructures     00000001400040e0     .-api.o
 0001:00003420       castOnQueryObject          0000000140004420     .-cast_provider.o
 0001:000035e0       anyCastStates              00000001400045e0     .-cast_provider.o
 0001:00004610       anyCastProvider            0000000140005610     .-cast_provider.o
 0001:00004800       init_gpu_subsystem         0000000140005800     .-gpu_subsystem.o
 0001:00005f50       gpuBuildFromText           0000000140006f50     .-gpu_subsystem.o
 0001:00006230       gpuAlloc                   0000000140007230     .-gpu_subsystem.o
 0001:00006270       gpuRun                     0000000140007270     .-gpu_subsystem.o
 0001:00006320       gpuFinishQueuesOnPlatform  0000000140007320     .-gpu_subsystem.o
 0001:000063a0       gpuFinishQueue             00000001400073a0     .-gpu_subsystem.o
 0001:000063e0       StartInitialProcess        00000001400073e0     .-hive_entry.o
 0001:000065f0       is_less                    00000001400075f0     .-queue.o
 0001:00006620       push_up                    0000000140007620     .-queue.o
 0001:00006760       push_down                  0000000140007760     .-queue.o
 0001:00006900       queue_init                 0000000140007900     .-queue.o
 0001:00006950       queue_enqueue              0000000140007950     .-queue.o
 0001:000069b0       queue_extract              00000001400079b0     .-queue.o
 0001:00006a40       GetConnectionById          0000000140007a40     .-remote.o
 0001:00006ad0       ConfirmPage                0000000140007ad0     .-remote.o
 0001:00006b60       ConfirmID                  0000000140007b60     .-remote.o
 0001:00006bb0       HandleNewConnection        0000000140007bb0     .-remote.o
 0001:00006d90       UpdateWaitingPush          0000000140007d90     .-remote.o
 0001:00006fd0       AnswerPushObject           0000000140007fd0     .-remote.o
 0001:00007090       SendPageAllocationConfirm  0000000140008090     .-remote.o
 0001:00007110       SendIDConfirm              0000000140008110     .-remote.o
 0001:00007190       RedirectBroadcastQuery     0000000140008190     .-remote.o
 0001:000072f0       RedirectBroadcastIDQuery   00000001400082f0     .-remote.o
 0001:00007450       ConfirmConnection          0000000140008450     .-remote.o
 0001:000075c0       InitiateConnection         00000001400085c0     .-remote.o
 0001:000078e0       RequestMemoryPage          00000001400088e0     .-remote.o
 0001:000079d0       RequestServerId            00000001400089d0     .-remote.o
 0001:00007ac0       AnswerQueryObject          0000000140008ac0     .-remote.o
 0001:00007bc0       AnswerRequestObjectPath    0000000140008bc0     .-remote.o
 0001:00007ce0       RequestObjectPathBroadcast 0000000140008ce0     .-remote.o
 0001:00007ed0       AnswerRequestPathToID      0000000140008ed0     .-remote.o
 0001:00007ff0       RequestPathToIDBroadcast   0000000140008ff0     .-remote.o
 0001:000081e0       RequestObjectGet           00000001400091e0     .-remote.o
 0001:000082f0       RequestObjectSet           00000001400092f0     .-remote.o
 0001:000084b0       StartNewWorkerRemote       00000001400094b0     .-remote.o
 0001:000085c0       SendHiveState              00000001400095c0     .-remote.o
 0001:00008750       start_remote_subsystem     0000000140009750     .-remote.o
 0001:0000ade0       memset                     000000014000bde0     .-runtime_lib.o
 0001:0000ae40       memcpy                     000000014000be40     .-runtime_lib.o
 0001:0000aeb0       myMalloc                   000000014000beb0     .-runtime_lib.o
 0001:0000af00       myPrintf                   000000014000bf00     .-runtime_lib.o
 0001:0000b230       myRealloc                  000000014000c230     .-runtime_lib.o
 0001:0000b290       myFree                     000000014000c290     .-runtime_lib.o
 0001:0000b2d0       myAtoll                    000000014000c2d0     .-runtime_lib.o
 0001:0000b410       get_char                   000000014000c410     .-runtime_lib.o
 0001:0000b4f0       myScanI64                  000000014000c4f0     .-runtime_lib.o
 0001:0000b580       myScanS                    000000014000c580     .-runtime_lib.o
 0001:0000b680       PrintI64                   000000014000c680     .-runtime_lib.o
 0001:0000b750       PrintI64H                  000000014000c750     .-runtime_lib.o
 0001:0000b7f0       Print2H                    000000014000c7f0     .-runtime_lib.o
 0001:0000b890       assertion_failure          000000014000c890     .-runtime_lib.o
 0001:0000b8e0       myAbs                      000000014000c8e0     .-runtime_lib.o
 0001:0000b910       MicrosecondsToTicks        000000014000c910     .-runtime_lib.o
 0001:0000b930       TicksToMicroseconds        000000014000c930     .-runtime_lib.o
 0001:0000b950       GetTicks                   000000014000c950     .-runtime_lib.o
 0001:0000b970       SheduleTimeoutFromNow      000000014000c970     .-runtime_lib.o
 0001:0000b9b0       init_lib                   000000014000c9b0     .-runtime_lib.o
 0001:0000ba00       RegisterObjectWithId       000000014000ca00     .-runtime.o
 0001:0000ba30       GetNewObjectId             000000014000ca30     .-runtime.o
 0001:0000bb20       universalPauseWorker       000000014000cb20     .-runtime.o
 0001:0000bbc0       universalUpdateLocalPush   000000014000cbc0     .-runtime.o
 0001:0000bc20       UpdateFromQueryResult      000000014000cc20     .-runtime.o
 0001:0000bca0       PrintObject                000000014000cca0     .-runtime.o
 0001:0000bdb0       WaitListWorker             000000014000cdb0     .-runtime.o
 0001:0000be00       EnqueueWorkerFromWaitList  000000014000ce00     .-runtime.o
 0001:0000bea0       UpdateWaitingWorkers       000000014000cea0     .-runtime.o
 0001:0000c040       SheduleWorker              000000014000d040     .-runtime.o
 0001:0000c160       StartNewWorker             000000014000d160     .-runtime.o
 0001:0000c4a0       LoadWorker                 000000014000d4a0     .-runtime.o
 0001:0000d370       ShedulerInstance           000000014000e370     .-runtime.o
 0001:0000d460       entry                      000000014000e460     .-runtime.o
 0001:0000da94       x64_fastPushObject         000000014000ea94     asm.o
 0001:0000dafd       x64_fastQueryObject        000000014000eafd     asm.o
 0001:0000db66       x64_fastNewObject          000000014000eb66     asm.o
 0001:0000dbcf       x64_fastCallObject         000000014000ebcf     asm.o
 0001:0000dc38       x64_fastPushPipe           000000014000ec38     asm.o
 0001:0000dca1       x64_fastQueryPipe          000000014000eca1     asm.o
 0001:0000dd0a       gpu_fastNewObject          000000014000ed0a     asm.o
 0001:0000dd73       gpu_fastCallObject         000000014000ed73     asm.o
 0001:0000dddc       loc_fastNewObject          000000014000eddc     asm.o
 0001:0000de45       dll_fastCallObject         000000014000ee45     asm.o
 0001:0000deae       any_fastCastProvider       000000014000eeae     asm.o
 0001:0000df17       x64AsmExecuteWorker        000000014000ef17     asm.o
 0001:0000df5e       setjmpUN                   000000014000ef5e     asm.o
 0001:0000df91       longjmpUN                  000000014000ef91     asm.o
 0001:0000dfba       DllCall                    000000014000efba     asm.o
 0001:0000e040       CommandLineToArgvW         000000014000f040     shell32:SHELL32.dll
 0001:0000e050       AcquireSRWLockExclusive    000000014000f050     kernel32:KERNEL32.dll
 0001:0000e060       AcquireSRWLockShared       000000014000f060     kernel32:KERNEL32.dll
 0001:0000e070       CloseHandle                000000014000f070     kernel32:KERNEL32.dll
 0001:0000e080       CreateFileW                000000014000f080     kernel32:KERNEL32.dll
 0001:0000e090       CreateIoCompletionPort     000000014000f090     kernel32:KERNEL32.dll
 0001:0000e0a0       CreateThread               000000014000f0a0     kernel32:KERNEL32.dll
 0001:0000e0b0       ExitProcess                000000014000f0b0     kernel32:KERNEL32.dll
 0001:0000e0c0       GetCommandLineW            000000014000f0c0     kernel32:KERNEL32.dll
 0001:0000e0d0       GetConsoleMode             000000014000f0d0     kernel32:KERNEL32.dll
 0001:0000e0e0       GetFileSizeEx              000000014000f0e0     kernel32:KERNEL32.dll
 0001:0000e0f0       GetLastError               000000014000f0f0     kernel32:KERNEL32.dll
 0001:0000e100       GetProcAddress             000000014000f100     kernel32:KERNEL32.dll
 0001:0000e110       GetProcessHeap             000000014000f110     kernel32:KERNEL32.dll
 0001:0000e120       GetQueuedCompletionStatus  000000014000f120     kernel32:KERNEL32.dll
 0001:0000e130       GetStdHandle               000000014000f130     kernel32:KERNEL32.dll
 0001:0000e140       HeapAlloc                  000000014000f140     kernel32:KERNEL32.dll
 0001:0000e150       HeapFree                   000000014000f150     kernel32:KERNEL32.dll
 0001:0000e160       HeapReAlloc                000000014000f160     kernel32:KERNEL32.dll
 0001:0000e170       LoadLibraryA               000000014000f170     kernel32:KERNEL32.dll
 0001:0000e180       MultiByteToWideChar        000000014000f180     kernel32:KERNEL32.dll
 0001:0000e190       QueryPerformanceCounter    000000014000f190     kernel32:KERNEL32.dll
 0001:0000e1a0       QueryPerformanceFrequency  000000014000f1a0     kernel32:KERNEL32.dll
 0001:0000e1b0       ReadConsoleW               000000014000f1b0     kernel32:KERNEL32.dll
 0001:0000e1c0       ReadFile                   000000014000f1c0     kernel32:KERNEL32.dll
 0001:0000e1d0       ReleaseSRWLockExclusive    000000014000f1d0     kernel32:KERNEL32.dll
 0001:0000e1e0       ReleaseSRWLockShared       000000014000f1e0     kernel32:KERNEL32.dll
 0001:0000e1f0       Sleep                      000000014000f1f0     kernel32:KERNEL32.dll
 0001:0000e200       TlsAlloc                   000000014000f200     kernel32:KERNEL32.dll
 0001:0000e210       TlsFree                    000000014000f210     kernel32:KERNEL32.dll
 0001:0000e220       TlsGetValue                000000014000f220     kernel32:KERNEL32.dll
 0001:0000e230       TlsSetValue                000000014000f230     kernel32:KERNEL32.dll
 0001:0000e240       TryAcquireSRWLockExclusive 000000014000f240     kernel32:KERNEL32.dll
 0001:0000e250       VirtualAlloc               000000014000f250     kernel32:KERNEL32.dll
 0001:0000e260       WaitForMultipleObjects     000000014000f260     kernel32:KERNEL32.dll
 0001:0000e270       WriteConsoleW              000000014000f270     kernel32:KERNEL32.dll
 0001:0000e280       BCryptGenRandom            000000014000f280     bcrypt:bcrypt.dll
 0001:0000e290       WSAGetLastError            000000014000f290     ws2_32:WS2_32.dll
 0001:0000e2a0       WSARecv                    000000014000f2a0     ws2_32:WS2_32.dll
 0001:0000e2b0       WSAStartup                 000000014000f2b0     ws2_32:WS2_32.dll
 0001:0000e2c0       accept                     000000014000f2c0     ws2_32:WS2_32.dll
 0001:0000e2d0       bind                       000000014000f2d0     ws2_32:WS2_32.dll
 0001:0000e2e0       closesocket                000000014000f2e0     ws2_32:WS2_32.dll
 0001:0000e2f0       connect                    000000014000f2f0     ws2_32:WS2_32.dll
 0001:0000e300       freeaddrinfo               000000014000f300     ws2_32:WS2_32.dll
 0001:0000e310       getaddrinfo                000000014000f310     ws2_32:WS2_32.dll
 0001:0000e320       getsockname                000000014000f320     ws2_32:WS2_32.dll
 0001:0000e330       htons                      000000014000f330     ws2_32:WS2_32.dll
 0001:0000e340       listen                     000000014000f340     ws2_32:WS2_32.dll
 0001:0000e350       ntohs                      000000014000f350     ws2_32:WS2_32.dll
 0001:0000e360       send                       000000014000f360     ws2_32:WS2_32.dll
 0001:0000e370       setsockopt                 000000014000f370     ws2_32:WS2_32.dll
 0001:0000e380       socket                     000000014000f380     ws2_32:WS2_32.dll
 0001:0000e390       clBuildProgram             000000014000f390     OpenCL:OpenCL.dll
 0001:0000e3a0       clCreateBuffer             000000014000f3a0     OpenCL:OpenCL.dll
 0001:0000e3b0       clCreateCommandQueueWithProperties 000000014000f3b0     OpenCL:OpenCL.dll
 0001:0000e3c0       clCreateContext            000000014000f3c0     OpenCL:OpenCL.dll
 0001:0000e3d0       clCreateKernel             000000014000f3d0     OpenCL:OpenCL.dll
 0001:0000e3e0       clCreateProgramWithSource  000000014000f3e0     OpenCL:OpenCL.dll
 0001:0000e3f0       clEnqueueNDRangeKernel     000000014000f3f0     OpenCL:OpenCL.dll
 0001:0000e400       clEnqueueReadBuffer        000000014000f400     OpenCL:OpenCL.dll
 0001:0000e410       clEnqueueWriteBuffer       000000014000f410     OpenCL:OpenCL.dll
 0001:0000e420       clFinish                   000000014000f420     OpenCL:OpenCL.dll
 0001:0000e430       clGetDeviceIDs             000000014000f430     OpenCL:OpenCL.dll
 0001:0000e440       clGetDeviceInfo            000000014000f440     OpenCL:OpenCL.dll
 0001:0000e450       clGetKernelArgInfo         000000014000f450     OpenCL:OpenCL.dll
 0001:0000e460       clGetPlatformIDs           000000014000f460     OpenCL:OpenCL.dll
 0001:0000e470       clGetPlatformInfo          000000014000f470     OpenCL:OpenCL.dll
 0001:0000e480       clGetProgramBuildInfo      000000014000f480     OpenCL:OpenCL.dll
 0001:0000e490       clSetKernelArg             000000014000f490     OpenCL:OpenCL.dll
 0002:00000014       ??_C@_1DO@MBJBKNM@?$AAE?$AAr?$AAr?$AAo?$AAr?$AA?3?$AA?5?$AAa?$AAt?$AA?5?$AAc?$AAl?$AAS?$AAe?$AAt?$AAK?$AAe?$AAr?$AAn?$AAe?$AAl?$AAA?$AAr?$AAg?$AA?5?$AA?$CF?$AAl?$AAl?$AAd?$AA?6?$AA?$AA@ 0000000140010014     .-gpu-execute_worker.o
 0002:00000052       ??_C@_1EO@KIFHHFHO@?$AAE?$AAr?$AAr?$AAo?$AAr?$AA?3?$AA?5?$AAa?$AAt?$AA?5?$AAc?$AAl?$AAE?$AAn?$AAq?$AAu?$AAe?$AAu?$AAe?$AAN?$AAD?$AAR?$AAa?$AAn?$AAg?$AAe?$AAK?$AAe?$AAr?$AAn?$AAe?$AAl@ 0000000140010052     .-gpu-execute_worker.o
 0002:000000a0       ??_C@_1DO@PIAGAENK@?$AAE?$AAR?$AAR?$AAO?$AAR?$AA?3?$AA?5?$AAg?$AAp?$AAu?$AAA?$AAl?$AAl?$AAo?$AAc?$AA?5?$AAf?$AAa?$AAi?$AAl?$AAe?$AAd?$AA?5?$AA?$FL?$AA?$CF?$AAl?$AAl?$AAd?$AA?$FN?$AA?6?$AA?$AA@ 00000001400100a0     .-gpu-new_object.o
 0002:000000de       ??_C@_1BG@LMPFNDF@?$AAr?$AAe?$AAs?$AAu?$AAl?$AAt?$AA?5?$AA?$CF?$AAp?$AA?6?$AA?$AA@ 00000001400100de     .-gpu-new_object.o
 0002:000000f4       ??_C@_1FM@LBBNKNII@?$AAE?$AAR?$AAR?$AAO?$AAR?$AA?3?$AA?5?$AAP?$AAi?$AAp?$AAe?$AAs?$AA?5?$AAa?$AAr?$AAe?$AA?5?$AAu?$AAn?$AAs?$AAu?$AAp?$AAp?$AAo?$AAr?$AAt?$AAe?$AAd?$AA?5?$AAo?$AAn?$AA?5@ 00000001400100f4     .-gpu-new_object.o
 0002:00000150       ??_C@_1GM@BNFAKJM@?$AAE?$AAR?$AAR?$AAO?$AAR?$AA?3?$AA?5?$AAP?$AAi?$AAp?$AAe?$AAs?$AA?5?$AAa?$AAr?$AAe?$AA?5?$AAu?$AAn?$AAs?$AAu?$AAp?$AAp?$AAo?$AAr?$AAt?$AAe?$AAd?$AA?5?$AAo?$AAn?$AA?5@ 0000000140010150     .-gpu-new_object.o
 0002:000001bc       ??_C@_1EG@FBJBJMFK@?$AAN?$AAO?$AAT?$AA?5?$AAS?$AAU?$AAP?$AAP?$AAO?$AAR?$AAT?$AAE?$AAD?$AA?3?$AA?5?$AAp?$AAu?$AAs?$AAh?$AA?5?$AAi?$AAn?$AA?5?$AAg?$AAp?$AAu?$AA?5?$AAo?$AAb?$AAj?$AAe?$AAc@ 00000001400101bc     .-gpu-push_object.o
 0002:00000202       ??_C@_1FE@GJLEMBH@?$AAN?$AAO?$AAT?$AA?5?$AAS?$AAU?$AAP?$AAP?$AAO?$AAR?$AAT?$AAE?$AAD?$AA?3?$AA?5?$AAp?$AAu?$AAs?$AAh?$AA?5?$AAi?$AAn?$AA?5?$AAg?$AAp?$AAu?$AA?5?$AAo?$AAb?$AAj?$AAe?$AAc@ 0000000140010202     .-gpu-push_object.o
 0002:00000256       ??_C@_1EI@EPHKLIAN@?$AAN?$AAO?$AAT?$AA?5?$AAS?$AAU?$AAP?$AAP?$AAO?$AAR?$AAT?$AAE?$AAD?$AA?3?$AA?5?$AAq?$AAu?$AAe?$AAr?$AAy?$AA?5?$AAi?$AAn?$AA?5?$AAg?$AAp?$AAu?$AA?5?$AAo?$AAb?$AAj?$AAe@ 0000000140010256     .-gpu-query_object.o
 0002:0000029e       ??_C@_1FG@PCBNEEAC@?$AAN?$AAO?$AAT?$AA?5?$AAS?$AAU?$AAP?$AAP?$AAO?$AAR?$AAT?$AAE?$AAD?$AA?3?$AA?5?$AAq?$AAu?$AAe?$AAr?$AAy?$AA?5?$AAi?$AAn?$AA?5?$AAg?$AAp?$AAu?$AA?5?$AAo?$AAb?$AAj?$AAe@ 000000014001029e     .-gpu-query_object.o
 0002:00000380       ??_C@_1FE@BCAGMINK@?$AAE?$AAr?$AAr?$AAo?$AAr?$AA?3?$AA?5?$AAn?$AAo?$AA?5?$AAk?$AAn?$AAo?$AAw?$AAn?$AA?5?$AAs?$AAi?$AAz?$AAe?$AA?5?$AAf?$AAo?$AAr?$AA?5?$AAn?$AAo?$AAt?$AA?5?$AAa?$AAr?$AAr@ 0000000140010380     .-cast_provider.o
 0002:000003d4       ??_C@_1FK@KDAFABDO@?$AAE?$AAr?$AAr?$AAo?$AAr?$AA?3?$AA?5?$AAl?$AAo?$AAc?$AAa?$AAl?$AA?5?$AAo?$AAb?$AAj?$AAe?$AAc?$AAt?$AA?5?$AAw?$AAa?$AAs?$AA?5?$AAr?$AAe?$AAm?$AAo?$AAv?$AAe?$AAd?$AA?5@ 00000001400103d4     .-cast_provider.o
 0002:0000042e       ??_C@_1FO@HMOHPFHI@?$AAE?$AAr?$AAr?$AAo?$AAr?$AA?5?$AAh?$AAa?$AAp?$AAp?$AAe?$AAn?$AA?5?$AAw?$AAh?$AAi?$AAl?$AAe?$AA?5?$AAc?$AAl?$AAE?$AAn?$AAq?$AAu?$AAe?$AAu?$AAe?$AAR?$AAe?$AAa?$AAd@ 000000014001042e     .-cast_provider.o
 0002:0000048c       ??_C@_1GA@EEKPNAGK@?$AAE?$AAr?$AAr?$AAo?$AAr?$AA?5?$AAh?$AAa?$AAp?$AAp?$AAe?$AAn?$AA?5?$AAw?$AAh?$AAi?$AAl?$AAe?$AA?5?$AAc?$AAl?$AAE?$AAn?$AAq?$AAu?$AAe?$AAu?$AAe?$AAW?$AAr?$AAi?$AAt@ 000000014001048c     .-cast_provider.o
 0002:000004ec       ??_C@_1BM@OBHKMKPP@?$AAR?$AAe?$AAt?$AAu?$AAr?$AAn?$AA?3?$AA?5?$AA?$CF?$AAl?$AAl?$AAd?$AA?6?$AA?$AA@ 00000001400104ec     .-cast_provider.o
 0002:00000508       ??_C@_1EC@IPADNJOO@?$AAc?$AAo?$AAn?$AAv?$AAe?$AAr?$AAt?$AA?5?$AA?$CF?$AAp?$AA?5?$AA?$FL?$AAt?$AAy?$AAp?$AAe?$AAs?$AA?5?$AA?$CF?$AAl?$AAl?$AAd?$AA?5?$AA?9?$AA?$DO?$AA?5?$AA?$CF?$AAl?$AAl?$AAd?$AA?$FN?$AA?6@ 0000000140010508     .-cast_provider.o
 0002:0000054a       ??_C@_1IA@HIJJNPCH@?$AAE?$AAR?$AAR?$AAO?$AAR?$AA?3?$AA?5?$AAn?$AAo?$AAt?$AA?5?$AAs?$AAu?$AAp?$AAp?$AAo?$AAr?$AAt?$AAe?$AAd?$AA?5?$AAc?$AAo?$AAn?$AAv?$AAe?$AAr?$AAs?$AAi?$AAo?$AAn?$AA?5@ 000000014001054a     .-cast_provider.o
 0002:000005ca       ??_C@_1EC@CFAEGHOO@?$AAE?$AAr?$AAr?$AAo?$AAr?$AA?5?$AAa?$AAt?$AA?5?$AAc?$AAl?$AAC?$AAr?$AAe?$AAa?$AAt?$AAe?$AAC?$AAo?$AAn?$AAt?$AAe?$AAx?$AAt?$AA?5?$AA?$FL?$AA?$CF?$AAl?$AAl?$AAd?$AA?$FN?$AA?6@ 00000001400105ca     .-gpu_subsystem.o
 0002:0000060c       ??_C@_1GI@JODPKPLM@?$AAE?$AAr?$AAr?$AAo?$AAr?$AA?5?$AAa?$AAt?$AA?5?$AAc?$AAl?$AAC?$AAr?$AAe?$AAa?$AAt?$AAe?$AAC?$AAo?$AAm?$AAm?$AAa?$AAn?$AAd?$AAQ?$AAu?$AAe?$AAu?$AAe?$AAW?$AAi?$AAt@ 000000014001060c     .-gpu_subsystem.o
 0002:00000674       ??_C@_0FA@OKGFDHAO@?9cl?9single?9precision?9constant?5?9c@ 0000000140010674     .-gpu_subsystem.o
 0002:000006c4       ??_C@_1DE@FJCPKFIJ@?$AAB?$AAu?$AAi?$AAl?$AAd?$AAP?$AAr?$AAo?$AAg?$AAr?$AAa?$AAm?$AA?5?$AAE?$AAr?$AAr?$AAo?$AAr?$AA?3?$AA?5?$AA?$CF?$AAl?$AAl?$AAd?$AA?6?$AA?$AA@ 00000001400106c4     .-gpu_subsystem.o
 0002:000006f8       ??_C@_1CO@HIIDKPPP@?$AAB?$AAu?$AAi?$AAl?$AAd?$AAI?$AAn?$AAf?$AAo?$AA?5?$AAE?$AAr?$AAr?$AAo?$AAr?$AA?3?$AA?5?$AA?$CF?$AAl?$AAl?$AAd?$AA?6?$AA?$AA@ 00000001400106f8     .-gpu_subsystem.o
 0002:00000726       ??_C@_1DA@GJKLKGNM@?$AAB?$AAu?$AAi?$AAl?$AAd?$AAI?$AAn?$AAf?$AAo?$AA2?$AA?5?$AAE?$AAr?$AAr?$AAo?$AAr?$AA?3?$AA?5?$AA?$CF?$AAl?$AAl?$AAd?$AA?6?$AA?$AA@ 0000000140010726     .-gpu_subsystem.o
 0002:00000756       ??_C@_1EA@DAHNIOPF@?$AAE?$AAr?$AAr?$AAo?$AAr?$AA?5?$AAI?$AAn?$AAf?$AAo?$AA?3?$AA?5?$AAc?$AAo?$AAd?$AAe?$AA?$DN?$AA?$CF?$AAl?$AAl?$AAd?$AA?3?$AA?5?$AAi?$AAn?$AAf?$AAo?$AA?$DN?$AA?$CF?$AAs?$AA?6?$AA?$AA@ 0000000140010756     .-gpu_subsystem.o
 0002:00000796       ??_C@_1CO@DCKAPNAK@?$AAw?$AAa?$AAi?$AAt?$AAi?$AAn?$AAg?$AA?5?$AAs?$AAt?$AAa?$AAr?$AAt?$AAu?$AAp?$AA?5?$AAp?$AAa?$AAg?$AAe?$AAs?$AA?6?$AA?$AA@ 0000000140010796     .-hive_entry.o
 0002:000007c4       ??_C@_1EI@OLFKDNEP@?$AAE?$AAr?$AAr?$AAo?$AAr?$AA?3?$AA?5?$AAa?$AAl?$AAl?$AAo?$AAc?$AAa?$AAt?$AAe?$AAd?$AA?5?$AAa?$AAr?$AAr?$AAa?$AAy?$AA?5?$AAi?$AAs?$AAn?$AA?8?$AAt?$AA?5?$AAl?$AAo?$AAc@ 00000001400107c4     .-hive_entry.o
 0002:00000890       ??_C@_1DE@OFJFJIIH@?$AAS?$AAe?$AAr?$AAv?$AAe?$AAr?$AA?5?$AAi?$AAd?$AA?$DN?$AA?$CF?$AAl?$AAl?$AAd?$AA?5?$AAc?$AAo?$AAn?$AAf?$AAi?$AAr?$AAm?$AAe?$AAd?$AA?6?$AA?$AA@ 0000000140010890     .-remote.o
 0002:000008c4       ??_C@_1FK@FPKJOMKP@?$AAE?$AAr?$AAr?$AAo?$AAr?$AA?3?$AA?5?$AAC?$AAo?$AAu?$AAl?$AAd?$AA?5?$AAn?$AAo?$AAt?$AA?5?$AAc?$AAo?$AAn?$AAn?$AAe?$AAc?$AAt?$AA?5?$AAt?$AAo?$AA?5?$AA?$CF?$AAs?$AA?5?$AA?$FL@ 00000001400108c4     .-remote.o
 0002:0000091e       ??_C@_1CK@IMAGNILG@?$AAC?$AAo?$AAn?$AAf?$AAi?$AAr?$AAm?$AAe?$AAd?$AA?5?$AAp?$AAo?$AAr?$AAt?$AA?$DN?$AA?$CF?$AAl?$AAl?$AAd?$AA?6?$AA?$AA@ 000000014001091e     .-remote.o
 0002:00000948       ??_C@_1DG@NNMMEGKD@?$AAS?$AAe?$AAl?$AAe?$AAc?$AAt?$AAe?$AAd?$AA?5?$AAc?$AAo?$AAn?$AAn?$AAe?$AAc?$AAt?$AA?5?$AAc?$AAo?$AAm?$AAm?$AAa?$AAn?$AAd?$AA?4?$AA?6?$AA?$AA@ 0000000140010948     .-remote.o
 0002:0000097e       ??_C@_1CI@KPENLAE@?$AAE?$AAn?$AAt?$AAe?$AAr?$AA?5?$AAI?$AAP?$AA?5?$AAa?$AAn?$AAd?$AA?5?$AAP?$AAO?$AAR?$AAT?$AA?4?$AA?6?$AA?$AA@ 000000014001097e     .-remote.o
 0002:000009a6       ??_C@_1EG@CAHECGOL@?$AAT?$AAr?$AAy?$AAi?$AAn?$AAg?$AA?5?$AAt?$AAo?$AA?5?$AAc?$AAo?$AAn?$AAn?$AAe?$AAc?$AAt?$AA?5?$AAt?$AAo?$AA?5?$AA?$FL?$AA?$CF?$AAs?$AA?$FN?$AA?5?$AA?$FL?$AA?$CF?$AAs?$AA?$FN?$AA?4?$AA?4@ 00000001400109a6     .-remote.o
 0002:000009ec       ??_C@_1DG@GLOHHOJG@?$AAT?$AAe?$AAm?$AAp?$AAo?$AAr?$AAa?$AAr?$AAy?$AA?5?$AAl?$AAo?$AAc?$AAa?$AAl?$AA_?$AAi?$AAd?$AA?5?$AA?$DN?$AA?5?$AA?$CF?$AAl?$AAl?$AAd?$AA?6?$AA?$AA@ 00000001400109ec     .-remote.o
 0002:00000a22       ??_C@_1DC@MOJEJJIM@?$AAC?$AAo?$AAn?$AAf?$AAi?$AAg?$AAu?$AAr?$AAa?$AAt?$AAi?$AAo?$AAn?$AA?5?$AAc?$AAo?$AAn?$AAf?$AAi?$AAr?$AAm?$AAe?$AAd?$AA?6?$AA?$AA@ 0000000140010a22     .-remote.o
 0002:00000a54       ??_C@_1DM@PKIKMHMJ@?$AA?$FL?$AAN?$AAE?$AAT?$AAW?$AAO?$AAR?$AAK?$AA?$FN?$AA?3?$AA?5?$AAP?$AAe?$AAe?$AAr?$AA?5?$AAd?$AAi?$AAs?$AAc?$AAo?$AAn?$AAn?$AAe?$AAc?$AAt?$AAe?$AAd?$AA?6?$AA?$AA@ 0000000140010a54     .-remote.o
 0002:00000a90       ??_C@_1FE@JBHEOMDM@?$AAc?$AAo?$AAn?$AAn?$AAe?$AAc?$AAt?$AAi?$AAo?$AAn?$AA?5?$AAw?$AAa?$AAs?$AA?5?$AAc?$AAl?$AAo?$AAs?$AAe?$AAd?$AA?4?$AA?5?$AA?$FL?$AAl?$AAo?$AAc?$AAa?$AAl?$AA_?$AAi?$AAd@ 0000000140010a90     .-remote.o
 0002:00000ae4       ??_C@_1LA@ICLCBFDH@?$AAE?$AAr?$AAr?$AAo?$AAr?$AA?3?$AA?5?$AAA?$AAP?$AAI?$AA_?$AAA?$AAN?$AAS?$AAW?$AAE?$AAR?$AA_?$AAR?$AAE?$AAQ?$AAU?$AAE?$AAS?$AAT?$AA_?$AAC?$AAO?$AAN?$AAN?$AAE?$AAC@ 0000000140010ae4     .-remote.o
 0002:00000b94       ??_C@_1DK@EHAPFJND@?$AAs?$AAe?$AAr?$AAv?$AAe?$AAr?$AA?5?$AAs?$AAt?$AAa?$AAr?$AAt?$AAe?$AAd?$AA?5?$AAo?$AAn?$AA?5?$AAp?$AAo?$AAr?$AAt?$AA?5?$AA?$CF?$AAl?$AAl?$AAd?$AA?6?$AA?$AA@ 0000000140010b94     .-remote.o
 0002:00000bce       ??_C@_1CM@OOKLEHNG@?$AAg?$AAe?$AAt?$AA?5?$AAn?$AAa?$AAm?$AAe?$AA?5?$AAf?$AAa?$AAi?$AAl?$AAe?$AAd?$AA?5?$AA?$CF?$AAl?$AAl?$AAd?$AA?6?$AA?$AA@ 0000000140010bce     .-remote.o
 0002:00000bfa       ??_C@_1CG@NGNGJBNB@?$AAE?$AAr?$AAr?$AAo?$AAr?$AA?5?$AAh?$AAa?$AAp?$AAp?$AAe?$AAn?$AA?5?$AA?$CF?$AAl?$AAl?$AAd?$AA?6?$AA?$AA@ 0000000140010bfa     .-remote.o
 0002:00000c20       ??_C@_1FA@MICONLJJ@?$AAE?$AAr?$AAr?$AAo?$AAr?$AA?3?$AA?5?$AAf?$AAa?$AAi?$AAl?$AAe?$AAd?$AA?5?$AAt?$AAo?$AA?5?$AAa?$AAl?$AAl?$AAo?$AAc?$AAa?$AAt?$AAe?$AA?5?$AAm?$AAe?$AAm?$AAo?$AAr?$AAy@ 0000000140010c20     .-runtime_lib.o
 0002:00000c70       ??_C@_1FE@CPMEHOGL@?$AAE?$AAr?$AAr?$AAo?$AAr?$AA?3?$AA?5?$AAf?$AAa?$AAi?$AAl?$AAe?$AAd?$AA?5?$AAt?$AAo?$AA?5?$AAr?$AAe?$AAa?$AAl?$AAl?$AAo?$AAc?$AAa?$AAt?$AAe?$AA?5?$AAm?$AAe?$AAm?$AAo@ 0000000140010c70     .-runtime_lib.o
 0002:00000cc4       ??_C@_1EI@DJFGOBAG@?$AAE?$AAr?$AAr?$AAo?$AAr?$AA?3?$AA?5?$AAf?$AAa?$AAi?$AAl?$AAe?$AAd?$AA?5?$AAt?$AAo?$AA?5?$AAf?$AAr?$AAe?$AAe?$AA?5?$AAm?$AAe?$AAm?$AAo?$AAr?$AAy?$AA?3?$AA?5?$AA?$CF?$AAl@ 0000000140010cc4     .-runtime_lib.o
 0002:00000d0c       ??_C@_1CM@EJGKJCED@?$AAA?$AAs?$AAs?$AAe?$AAr?$AAt?$AAi?$AAo?$AAn?$AA?5?$AAf?$AAa?$AAi?$AAl?$AAe?$AAd?$AA?3?$AA?5?$AA?$CF?$AAs?$AA?6?$AA?$AA@ 0000000140010d0c     .-runtime_lib.o
 0002:00000d38       ??_C@_1EI@GJCCEHA@?$AAF?$AAi?$AAl?$AAe?$AA?3?$AA?5?$AA?$CF?$AAs?$AA?0?$AA?5?$AAL?$AAi?$AAn?$AAe?$AA?3?$AA?5?$AA?$CF?$AAl?$AAl?$AAd?$AA?0?$AA?5?$AAF?$AAu?$AAn?$AAc?$AAt?$AAi?$AAo?$AAn?$AA?3?$AA?5@ 0000000140010d38     .-runtime_lib.o
 0002:00000f90       ??_C@_1GE@NIGCAFOK@?$AAE?$AAr?$AAr?$AAo?$AAr?$AA?3?$AA?5?$AAg?$AAp?$AAu?$AA?5?$AAw?$AAo?$AAr?$AAk?$AAe?$AAr?$AA?5?$AAd?$AAo?$AAe?$AAn?$AA?8?$AAt?$AA?5?$AAs?$AAu?$AAp?$AAp?$AAo?$AAr?$AAt@ 0000000140010f90     .-runtime.o
 0002:00000ff4       ??_C@_1GM@IJHLNMBE@?$AAt?$AAh?$AAr?$AAe?$AAa?$AAd?$AA?5?$AA?$CF?$AAl?$AAl?$AAd?$AA?3?$AA?5?$AA?5?$AAW?$AAa?$AAi?$AAt?$AA?$HM?$AAQ?$AAu?$AAe?$AAu?$AAe?$AAd?$AA?5?$AA?$CF?$AAl?$AAl?$AAd?$AA?$HM?$AA?$CF@ 0000000140010ff4     .-runtime.o
 0002:00001060       ??_C@_1JE@CPFCJBNI@?$AAE?$AAR?$AAR?$AAO?$AAR?$AA?3?$AA?5?$AAR?$AAu?$AAn?$AAt?$AAi?$AAm?$AAe?$AA?5?$AAe?$AAn?$AAd?$AAp?$AAo?$AAi?$AAn?$AAt?$AA?5?$AA?$CF?$AAl?$AAl?$AAd?$AA?5?$AAd?$AAo?$AAe@ 0000000140011060     .-runtime.o
 0002:000010f4       ??_C@_1BM@EIGFADGI@?$AAR?$AAE?$AAA?$AAD?$AA?5?$AAS?$AAT?$AAR?$AAI?$AAN?$AAG?$AA?3?$AA?6?$AA?$AA@ 00000001400110f4     .-runtime.o
 0002:00001110       ??_C@_1HI@GNCDLKLI@?$AAE?$AAr?$AAr?$AAo?$AAr?$AA?3?$AA?5?$AAr?$AAu?$AAn?$AAt?$AAi?$AAm?$AAe?$AA?5?$AAd?$AAo?$AAe?$AAs?$AAn?$AA?8?$AAt?$AA?5?$AAs?$AAu?$AAp?$AAp?$AAo?$AAr?$AAt?$AA?5?$AAs@ 0000000140011110     .-runtime.o
 0002:00001188       ??_C@_1CI@PHCDEMOE@?$AAb?$AAu?$AAi?$AAl?$AAd?$AAi?$AAn?$AAg?$AA?5?$AAk?$AAe?$AAr?$AAn?$AAe?$AAl?$AA?4?$AA?4?$AA?4?$AA?6?$AA?$AA@ 0000000140011188     .-runtime.o
 0002:000011b0       ??_C@_17MJEANDKP@?$AA?$CF?$AAs?$AA?6?$AA?$AA@ 00000001400111b0     .-runtime.o
 0002:000011b8       ??_C@_04JNAIOECI@krnl?$AA@ 00000001400111b8     .-runtime.o
 0002:000011be       ??_C@_1DI@MMAOAOLJ@?$AAE?$AAr?$AAr?$AAo?$AAr?$AA?3?$AA?5?$AAk?$AAe?$AAr?$AAn?$AAe?$AAl?$AA?5?$AAb?$AAu?$AAi?$AAl?$AAd?$AA?5?$AAf?$AAa?$AAi?$AAl?$AAe?$AAd?$AA?6?$AA?$AA@ 00000001400111be     .-runtime.o
 0002:000011f6       ??_C@_1DI@MLNAPEIE@?$AAS?$AAh?$AAe?$AAd?$AAu?$AAl?$AAe?$AAr?$AAI?$AAn?$AAs?$AAt?$AAa?$AAn?$AAc?$AAe?$AA?5?$AAc?$AAo?$AAm?$AAp?$AAl?$AAe?$AAt?$AAe?$AAd?$AA?6?$AA?$AA@ 00000001400111f6     .-runtime.o
 0002:0000122e       ??_C@_1CG@NNOPFBAI@?$AAp?$AAr?$AAo?$AAm?$AAi?$AAs?$AAe?$AA?5?$AAn?$AAo?$AAt?$AA?5?$AAf?$AAo?$AAu?$AAn?$AAd?$AA?6?$AA?$AA@ 000000014001122e     .-runtime.o
 0002:00001254       ??_C@_1EK@KKIKLCHH@?$AAG?$AAp?$AAu?$AA?5?$AAs?$AAu?$AAs?$AAs?$AAy?$AAs?$AAt?$AAe?$AAm?$AA?5?$AAi?$AAn?$AAi?$AAt?$AAi?$AAa?$AAl?$AAi?$AAz?$AAa?$AAt?$AAi?$AAo?$AAn?$AA?5?$AAf?$AAa?$AAi@ 0000000140011254     .-runtime.o
 0002:0000129e       ??_C@_1CC@DEIAIPBB@?$AA?4?$AA?4?$AA?1?$AA?4?$AA?4?$AA?1?$AA?4?$AA?4?$AA?1?$AAr?$AAe?$AAs?$AA?4?$AAb?$AAi?$AAn?$AA?$AA@ 000000014001129e     .-runtime.o
 0002:000012c0       ??_C@_1FC@OGJDIOEJ@?$AAE?$AAr?$AAr?$AAo?$AAr?$AA?3?$AA?5?$AAc?$AAa?$AAn?$AA?8?$AAt?$AA?5?$AAo?$AAp?$AAe?$AAn?$AA?5?$AA?4?$AA?4?$AA?1?$AA?4?$AA?4?$AA?1?$AA?4?$AA?4?$AA?1?$AAr?$AAe?$AAs?$AA?4?$AAb@ 00000001400112c0     .-runtime.o
 0002:00001312       ??_C@_1EC@FNPNOOPH@?$AAU?$AAn?$AAk?$AAn?$AAo?$AAw?$AAn?$AA?5?$AAc?$AAm?$AAd?$AAl?$AAi?$AAn?$AAe?$AA?5?$AAp?$AAa?$AAr?$AAa?$AAm?$AAe?$AAt?$AAe?$AAr?$AA?3?$AA?5?$AA?$CF?$AAl?$AAl?$AAd?$AA?6@ 0000000140011312     .-runtime.o
 0002:00001354       ??_C@_1CE@CFOOJILH@?$AAN?$AAU?$AAM?$AA_?$AAT?$AAH?$AAR?$AAE?$AAA?$AAD?$AAS?$AA?$DN?$AA?$CF?$AAl?$AAl?$AAd?$AA?6?$AA?$AA@ 0000000140011354     .-runtime.o
 0002:00001378       ??_C@_1BI@KEMCAKCM@?$AAR?$AAu?$AAn?$AAn?$AAi?$AAn?$AAg?$AA?4?$AA?4?$AA?4?$AA?6?$AA?$AA@ 0000000140011378     .-runtime.o
 0002:00001390       ??_C@_1DM@HCILGOPA@?$AAF?$AAa?$AAi?$AAl?$AAe?$AAd?$AA?5?$AAt?$AAo?$AA?5?$AAc?$AAr?$AAe?$AAa?$AAt?$AAe?$AA?5?$AAt?$AAh?$AAr?$AAe?$AAa?$AAd?$AA?5?$AA?$CF?$AAl?$AAl?$AAd?$AA?6?$AA?$AA@ 0000000140011390     .-runtime.o
 0002:000013cc       ??_C@_1CE@FBEJGOMB@?$AAP?$AAr?$AAo?$AAg?$AAr?$AAa?$AAm?$AA?5?$AAf?$AAi?$AAn?$AAi?$AAs?$AAh?$AAe?$AAd?$AA?6?$AA?$AA@ 00000001400113cc     .-runtime.o
 0002:000013f0       ??_C@_1EK@FDFELEEK@?$AAR?$AAe?$AAs?$AAu?$AAl?$AAt?$AA?5?$AAp?$AAr?$AAo?$AAm?$AAi?$AAs?$AAe?$AA?5?$AAn?$AAo?$AAt?$AA?5?$AAf?$AAo?$AAu?$AAn?$AAd?$AA?5?$AAo?$AAn?$AA?5?$AAm?$AAa?$AAc?$AAh@ 00000001400113f0     .-runtime.o
 0002:0000143a       ??_C@_1DO@BFPIHEIA@?$AAP?$AAr?$AAo?$AAg?$AAr?$AAa?$AAm?$AA?5?$AAe?$AAx?$AAi?$AAt?$AAe?$AAd?$AA?5?$AAw?$AAi?$AAt?$AAh?$AA?5?$AAc?$AAo?$AAd?$AAe?$AA?5?$AA?$CF?$AAl?$AAl?$AAx?$AA?6?$AA?$AA@ 000000014001143a     .-runtime.o
 0002:00001478       ??_C@_1CK@DKIDNDNE@?$AAP?$AAr?$AAe?$AAs?$AAs?$AA?5?$AAC?$AAt?$AAr?$AAl?$AA?$CL?$AAC?$AA?5?$AAt?$AAo?$AA?5?$AAe?$AAn?$AAd?$AA?6?$AA?$AA@ 0000000140011478     .-runtime.o
 0002:000014a2       ??_C@_1GO@CEANDIOF@?$AAR?$AAe?$AAs?$AAu?$AAl?$AAt?$AA?5?$AAo?$AAf?$AA?5?$AAm?$AAa?$AAi?$AAn?$AA?5?$AAf?$AAu?$AAn?$AAc?$AAt?$AAi?$AAo?$AAn?$AA?5?$AAi?$AAs?$AAn?$AA?8?$AAt?$AA?5?$AAr?$AAe@ 00000001400114a2     .-runtime.o
 0002:00001510       RtlNtPathSeperatorString   0000000140011510     ws2_32:indef.obj
 0002:00001520       ??_C@_13FPGAJAPJ@?$AA?2@   0000000140011520     ws2_32:indef.obj
 0002:00001528       RtlDosPathSeperatorsString 0000000140011528     ws2_32:indef.obj
 0002:00001538       ??_C@_15MNCACJLI@?$AA?2?$AA?1@ 0000000140011538     ws2_32:indef.obj
 0002:00001540       RtlAlternateDosPathSeperatorString 0000000140011540     ws2_32:indef.obj
 0002:00001550       ??_C@_13CGOKJPIL@?$AA?1@   0000000140011550     ws2_32:indef.obj
 0002:00001554       eui48_broadcast            0000000140011554     ws2_32:indef.obj
 0002:000015d0       scopeid_unspecified        00000001400115d0     ws2_32:indef.obj
 0002:000015d4       in4addr_any                00000001400115d4     ws2_32:indef.obj
 0002:000015d8       in4addr_loopback           00000001400115d8     ws2_32:indef.obj
 0002:000015dc       in4addr_broadcast          00000001400115dc     ws2_32:indef.obj
 0002:000015e0       in4addr_allnodesonlink     00000001400115e0     ws2_32:indef.obj
 0002:000015e4       in4addr_allroutersonlink   00000001400115e4     ws2_32:indef.obj
 0002:000015e8       in4addr_alligmpv3routersonlink 00000001400115e8     ws2_32:indef.obj
 0002:000015ec       in4addr_allteredohostsonlink 00000001400115ec     ws2_32:indef.obj
 0002:000015f0       in4addr_linklocalprefix    00000001400115f0     ws2_32:indef.obj
 0002:000015f4       in4addr_multicastprefix    00000001400115f4     ws2_32:indef.obj
 0002:000015f8       in6addr_any                00000001400115f8     ws2_32:indef.obj
 0002:00001608       in6addr_loopback           0000000140011608     ws2_32:indef.obj
 0002:00001618       in6addr_allnodesonnode     0000000140011618     ws2_32:indef.obj
 0002:00001628       in6addr_allnodesonlink     0000000140011628     ws2_32:indef.obj
 0002:00001638       in6addr_allroutersonlink   0000000140011638     ws2_32:indef.obj
 0002:00001648       in6addr_allmldv2routersonlink 0000000140011648     ws2_32:indef.obj
 0002:00001658       in6addr_teredoinitiallinklocaladdress 0000000140011658     ws2_32:indef.obj
 0002:00001668       in6addr_linklocalprefix    0000000140011668     ws2_32:indef.obj
 0002:00001678       in6addr_multicastprefix    0000000140011678     ws2_32:indef.obj
 0002:00001688       in6addr_solicitednodemulticastprefix 0000000140011688     ws2_32:indef.obj
 0002:00001698       in6addr_v4mappedprefix     0000000140011698     ws2_32:indef.obj
 0002:000016a8       in6addr_6to4prefix         00000001400116a8     ws2_32:indef.obj
 0002:000016b8       in6addr_teredoprefix       00000001400116b8     ws2_32:indef.obj
 0002:000016c8       in6addr_teredoprefix_old   00000001400116c8     ws2_32:indef.obj
 0002:000016e8       BUGCHECK_EFI_GUID          00000001400116e8     ws2_32:indef.obj
 0002:00001a28       __imp_CommandLineToArgvW   0000000140011a28     shell32:SHELL32.dll
 0002:00001a38       __imp_AcquireSRWLockExclusive 0000000140011a38     kernel32:KERNEL32.dll
 0002:00001a40       __imp_AcquireSRWLockShared 0000000140011a40     kernel32:KERNEL32.dll
 0002:00001a48       __imp_CloseHandle          0000000140011a48     kernel32:KERNEL32.dll
 0002:00001a50       __imp_CreateFileW          0000000140011a50     kernel32:KERNEL32.dll
 0002:00001a58       __imp_CreateIoCompletionPort 0000000140011a58     kernel32:KERNEL32.dll
 0002:00001a60       __imp_CreateThread         0000000140011a60     kernel32:KERNEL32.dll
 0002:00001a68       __imp_ExitProcess          0000000140011a68     kernel32:KERNEL32.dll
 0002:00001a70       __imp_GetCommandLineW      0000000140011a70     kernel32:KERNEL32.dll
 0002:00001a78       __imp_GetConsoleMode       0000000140011a78     kernel32:KERNEL32.dll
 0002:00001a80       __imp_GetFileSizeEx        0000000140011a80     kernel32:KERNEL32.dll
 0002:00001a88       __imp_GetLastError         0000000140011a88     kernel32:KERNEL32.dll
 0002:00001a90       __imp_GetProcAddress       0000000140011a90     kernel32:KERNEL32.dll
 0002:00001a98       __imp_GetProcessHeap       0000000140011a98     kernel32:KERNEL32.dll
 0002:00001aa0       __imp_GetQueuedCompletionStatus 0000000140011aa0     kernel32:KERNEL32.dll
 0002:00001aa8       __imp_GetStdHandle         0000000140011aa8     kernel32:KERNEL32.dll
 0002:00001ab0       __imp_HeapAlloc            0000000140011ab0     kernel32:KERNEL32.dll
 0002:00001ab8       __imp_HeapFree             0000000140011ab8     kernel32:KERNEL32.dll
 0002:00001ac0       __imp_HeapReAlloc          0000000140011ac0     kernel32:KERNEL32.dll
 0002:00001ac8       __imp_LoadLibraryA         0000000140011ac8     kernel32:KERNEL32.dll
 0002:00001ad0       __imp_MultiByteToWideChar  0000000140011ad0     kernel32:KERNEL32.dll
 0002:00001ad8       __imp_QueryPerformanceCounter 0000000140011ad8     kernel32:KERNEL32.dll
 0002:00001ae0       __imp_QueryPerformanceFrequency 0000000140011ae0     kernel32:KERNEL32.dll
 0002:00001ae8       __imp_ReadConsoleW         0000000140011ae8     kernel32:KERNEL32.dll
 0002:00001af0       __imp_ReadFile             0000000140011af0     kernel32:KERNEL32.dll
 0002:00001af8       __imp_ReleaseSRWLockExclusive 0000000140011af8     kernel32:KERNEL32.dll
 0002:00001b00       __imp_ReleaseSRWLockShared 0000000140011b00     kernel32:KERNEL32.dll
 0002:00001b08       __imp_Sleep                0000000140011b08     kernel32:KERNEL32.dll
 0002:00001b10       __imp_TlsAlloc             0000000140011b10     kernel32:KERNEL32.dll
 0002:00001b18       __imp_TlsFree              0000000140011b18     kernel32:KERNEL32.dll
 0002:00001b20       __imp_TlsGetValue          0000000140011b20     kernel32:KERNEL32.dll
 0002:00001b28       __imp_TlsSetValue          0000000140011b28     kernel32:KERNEL32.dll
 0002:00001b30       __imp_TryAcquireSRWLockExclusive 0000000140011b30     kernel32:KERNEL32.dll
 0002:00001b38       __imp_VirtualAlloc         0000000140011b38     kernel32:KERNEL32.dll
 0002:00001b40       __imp_WaitForMultipleObjects 0000000140011b40     kernel32:KERNEL32.dll
 0002:00001b48       __imp_WriteConsoleW        0000000140011b48     kernel32:KERNEL32.dll
 0002:00001b58       __imp_BCryptGenRandom      0000000140011b58     bcrypt:bcrypt.dll
 0002:00001b68       __imp_WSAGetLastError      0000000140011b68     ws2_32:WS2_32.dll
 0002:00001b70       __imp_WSARecv              0000000140011b70     ws2_32:WS2_32.dll
 0002:00001b78       __imp_WSAStartup           0000000140011b78     ws2_32:WS2_32.dll
 0002:00001b80       __imp_accept               0000000140011b80     ws2_32:WS2_32.dll
 0002:00001b88       __imp_bind                 0000000140011b88     ws2_32:WS2_32.dll
 0002:00001b90       __imp_closesocket          0000000140011b90     ws2_32:WS2_32.dll
 0002:00001b98       __imp_connect              0000000140011b98     ws2_32:WS2_32.dll
 0002:00001ba0       __imp_freeaddrinfo         0000000140011ba0     ws2_32:WS2_32.dll
 0002:00001ba8       __imp_getaddrinfo          0000000140011ba8     ws2_32:WS2_32.dll
 0002:00001bb0       __imp_getsockname          0000000140011bb0     ws2_32:WS2_32.dll
 0002:00001bb8       __imp_htons                0000000140011bb8     ws2_32:WS2_32.dll
 0002:00001bc0       __imp_listen               0000000140011bc0     ws2_32:WS2_32.dll
 0002:00001bc8       __imp_ntohs                0000000140011bc8     ws2_32:WS2_32.dll
 0002:00001bd0       __imp_send                 0000000140011bd0     ws2_32:WS2_32.dll
 0002:00001bd8       __imp_setsockopt           0000000140011bd8     ws2_32:WS2_32.dll
 0002:00001be0       __imp_socket               0000000140011be0     ws2_32:WS2_32.dll
 0002:00001bf0       __imp_clBuildProgram       0000000140011bf0     OpenCL:OpenCL.dll
 0002:00001bf8       __imp_clCreateBuffer       0000000140011bf8     OpenCL:OpenCL.dll
 0002:00001c00       __imp_clCreateCommandQueueWithProperties 0000000140011c00     OpenCL:OpenCL.dll
 0002:00001c08       __imp_clCreateContext      0000000140011c08     OpenCL:OpenCL.dll
 0002:00001c10       __imp_clCreateKernel       0000000140011c10     OpenCL:OpenCL.dll
 0002:00001c18       __imp_clCreateProgramWithSource 0000000140011c18     OpenCL:OpenCL.dll
 0002:00001c20       __imp_clEnqueueNDRangeKernel 0000000140011c20     OpenCL:OpenCL.dll
 0002:00001c28       __imp_clEnqueueReadBuffer  0000000140011c28     OpenCL:OpenCL.dll
 0002:00001c30       __imp_clEnqueueWriteBuffer 0000000140011c30     OpenCL:OpenCL.dll
 0002:00001c38       __imp_clFinish             0000000140011c38     OpenCL:OpenCL.dll
 0002:00001c40       __imp_clGetDeviceIDs       0000000140011c40     OpenCL:OpenCL.dll
 0002:00001c48       __imp_clGetDeviceInfo      0000000140011c48     OpenCL:OpenCL.dll
 0002:00001c50       __imp_clGetKernelArgInfo   0000000140011c50     OpenCL:OpenCL.dll
 0002:00001c58       __imp_clGetPlatformIDs     0000000140011c58     OpenCL:OpenCL.dll
 0002:00001c60       __imp_clGetPlatformInfo    0000000140011c60     OpenCL:OpenCL.dll
 0002:00001c68       __imp_clGetProgramBuildInfo 0000000140011c68     OpenCL:OpenCL.dll
 0002:00001c70       __imp_clSetKernelArg       0000000140011c70     OpenCL:OpenCL.dll
 0003:00000000       server_port                0000000140013000     .-remote.o
 0003:00000008       thisServerId               0000000140013008     .-remote.o
 0003:00000010       Providers                  0000000140013010     .-runtime.o
 0003:00000070       AddressFamilyInformation   0000000140013070     ws2_32:indef.obj
 0003:000000a0       connections_lock           00000001400130a0     .-api.o
 0003:000000a8       connections_len            00000001400130a8     .-api.o
 0003:000000b0       pages_lock                 00000001400130b0     .-api.o
 0003:000000b8       pages_len                  00000001400130b8     .-api.o
 0003:000000c0       known_id_broadcasts        00000001400130c0     .-api.o
 0003:000000e0       known_page_broadcasts      00000001400130e0     .-api.o
 0003:00000100       known_path_broadcasts      0000000140013100     .-api.o
 0003:00000120       known_path_id_broadcasts   0000000140013120     .-api.o
 0003:00000140       local_objects              0000000140013140     .-api.o
 0003:00000160       known_objects              0000000140013160     .-api.o
 0003:00000180       query_requests             0000000140013180     .-api.o
 0003:000001a0       push_requests              00000001400131a0     .-api.o
 0003:000001c0       known_hives                00000001400131c0     .-api.o
 0003:000001e0       connections                00000001400131e0     .-api.o
 0003:000021e0       pages                      00000001400151e0     .-api.o
 0003:00002de0       SL_best_platform           0000000140015de0     .-gpu_subsystem.o
 0003:00002de4       SL_best_platform_value     0000000140015de4     .-gpu_subsystem.o
 0003:00002de8       SL_platforms_len           0000000140015de8     .-gpu_subsystem.o
 0003:00002df0       SL_platforms               0000000140015df0     .-gpu_subsystem.o
 0003:00002e70       SL_devices                 0000000140015e70     .-gpu_subsystem.o
 0003:00003270       SL_devices_len             0000000140016270     .-gpu_subsystem.o
 0003:000032b0       SL_main_platform           00000001400162b0     .-gpu_subsystem.o
 0003:000032b8       SL_context                 00000001400162b8     .-gpu_subsystem.o
 0003:000032c0       SL_queues                  00000001400162c0     .-gpu_subsystem.o
 0003:000036c0       SL_queues_len              00000001400166c0     .-gpu_subsystem.o
 0003:00003700       queue                      0000000140016700     .-queue.o
 0003:00003720       ServerIdGetLock            0000000140016720     .-remote.o
 0003:00003728       next_local_id              0000000140016728     .-remote.o
 0003:00003730       hIOCP                      0000000140016730     .-remote.o
 0003:00003740       hHeap                      0000000140016740     .-runtime_lib.o
 0003:00003748       hInput                     0000000140016748     .-runtime_lib.o
 0003:00003750       buf                        0000000140016750     .-runtime_lib.o
 0003:00004750       hOutput                    0000000140017750     .-runtime_lib.o
 0003:00004758       frequency                  0000000140017758     .-runtime_lib.o
 0003:00004760       Workers                    0000000140017760     .-runtime.o
 0003:000050c0       wait_list_lock             00000001400180c0     .-runtime.o
 0003:000050c8       wait_list_len              00000001400180c8     .-runtime.o
 0003:000050d0       dwTlsIndex                 00000001400180d0     .-runtime.o
 0003:000050e0       wait_list                  00000001400180e0     .-runtime.o
 0003:000c85e0       defined_arrays             00000001400db5e0     .-runtime.o
 0003:000c85e8       ExPoolZeroingNativelySupported 00000001400db5e8     ws2_32:indef.obj

 entry point at         0001:0000d460

 Static symbols

 0001:00002c30       GetKnownHiveHash           0000000140003c30     .-api.o
 0001:00006740       p                          0000000140007740     .-queue.o
 0001:00008aa0       Worker                     0000000140009aa0     .-remote.o
 0001:00008fe0       ConnectionListnerWorker    0000000140009fe0     .-remote.o
 0001:000091e0       PagesAllocator             000000014000a1e0     .-remote.o
 0001:000092b0       StateSender                000000014000a2b0     .-remote.o
 0001:000092d0       HandleApiCall              000000014000a2d0     .-remote.o
 0001:0000da94       .text                      000000014000ea94     asm.o
 0002:00001560       IPSEC_AUTH_TRANSFORM_ID_HMAC_MD5_96 0000000140011560     ws2_32:indef.obj
 0002:00001568       IPSEC_AUTH_TRANSFORM_ID_HMAC_SHA_1_96 0000000140011568     ws2_32:indef.obj
 0002:00001570       IPSEC_AUTH_TRANSFORM_ID_HMAC_SHA_256_128 0000000140011570     ws2_32:indef.obj
 0002:00001578       IPSEC_AUTH_TRANSFORM_ID_GCM_AES_128 0000000140011578     ws2_32:indef.obj
 0002:00001580       IPSEC_AUTH_TRANSFORM_ID_GCM_AES_192 0000000140011580     ws2_32:indef.obj
 0002:00001588       IPSEC_AUTH_TRANSFORM_ID_GCM_AES_256 0000000140011588     ws2_32:indef.obj
 0002:00001590       IPSEC_CIPHER_TRANSFORM_ID_CBC_DES 0000000140011590     ws2_32:indef.obj
 0002:00001598       IPSEC_CIPHER_TRANSFORM_ID_CBC_3DES 0000000140011598     ws2_32:indef.obj
 0002:000015a0       IPSEC_CIPHER_TRANSFORM_ID_AES_128 00000001400115a0     ws2_32:indef.obj
 0002:000015a8       IPSEC_CIPHER_TRANSFORM_ID_AES_192 00000001400115a8     ws2_32:indef.obj
 0002:000015b0       IPSEC_CIPHER_TRANSFORM_ID_AES_256 00000001400115b0     ws2_32:indef.obj
 0002:000015b8       IPSEC_CIPHER_TRANSFORM_ID_GCM_AES_128 00000001400115b8     ws2_32:indef.obj
 0002:000015c0       IPSEC_CIPHER_TRANSFORM_ID_GCM_AES_192 00000001400115c0     ws2_32:indef.obj
 0002:000015c8       IPSEC_CIPHER_TRANSFORM_ID_GCM_AES_256 00000001400115c8     ws2_32:indef.obj
 0002:000016d8       BFE_GENERIC_MAPPING        00000001400116d8     ws2_32:indef.obj
 0003:000c85e9       WFP_TRACE_NULL_DATA        00000001400db5e9     ws2_32:indef.obj
 0004:00000000       .data                      00000001400dc000     asm.o
