 a

 Timestamp is 6989fe89 (Mon Feb  9 18:34:33 2026)

 Preferred load address is 0000000140000000

 Start         Length     Name                   Class
 0001:00000000 0000dd22H .text                   CODE
 0002:00000000 00002110H .rdata                  DATA
 0003:00000000 0000007cH .data                   DATA
 0003:0000007c 000c854eH .bss                    DATA
 0004:00000000 00000200H .data                   DATA

  Address         Publics by Value              Rva+Base               Lib:Object

 0001:00000000       dllPauseWorker             0000000140001000     .-dll-await_worker.o
 0001:000000b0       dllCallObject              00000001400010b0     .-dll-call_object.o
 0001:00000130       dllExecuteWorker           0000000140001130     .-dll-execute_worker.o
 0001:00000980       gpuPauseWorker             0000000140001980     .-gpu-await_worker.o
 0001:00000a30       gpuCallObject              0000000140001a30     .-gpu-call_object.o
 0001:00000ab0       gpuExecuteWorker           0000000140001ab0     .-gpu-execute_worker.o
 0001:00000f70       gpuNewObjectUsingPage      0000000140001f70     .-gpu-new_object.o
 0001:00001070       gpuNewObject               0000000140002070     .-gpu-new_object.o
 0001:000010c0       gpuPushObject              00000001400020c0     .-gpu-push_object.o
 0001:00001100       gpuPushPipe                0000000140002100     .-gpu-push_object.o
 0001:00001140       gpuQueryObject             0000000140002140     .-gpu-query_object.o
 0001:00001180       gpuQueryPipe               0000000140002180     .-gpu-query_object.o
 0001:000011c0       x64PauseWorker             00000001400021c0     .-x64-await_worker.o
 0001:00001290       x64CallObject              0000000140002290     .-x64-call_object.o
 0001:00001310       x64ExecuteWorker           0000000140002310     .-x64-execute_worker.o
 0001:00001350       x64NewObjectUsingPage      0000000140002350     .-x64-new_object.o
 0001:000017b0       x64NewObjectStates         00000001400027b0     .-x64-new_object.o
 0001:00001840       x64NewObject               0000000140002840     .-x64-new_object.o
 0001:00001930       x64UpdateLocalPush         0000000140002930     .-x64-push_object.o
 0001:00001a20       x64OnPushObject            0000000140002a20     .-x64-push_object.o
 0001:00001ab0       x64PushObjectStates        0000000140002ab0     .-x64-push_object.o
 0001:00001ba0       x64PushObject              0000000140002ba0     .-x64-push_object.o
 0001:00001df0       x64PushPipe                0000000140002df0     .-x64-push_object.o
 0001:00001e20       x64QueryLocalObject        0000000140002e20     .-x64-query_object.o
 0001:00001f80       x64OnQueryObject           0000000140002f80     .-x64-query_object.o
 0001:00002050       x64QueryObjectStates       0000000140003050     .-x64-query_object.o
 0001:00002150       x64QueryObject             0000000140003150     .-x64-query_object.o
 0001:00002340       x64QueryPipe               0000000140003340     .-x64-query_object.o
 0001:00002370       equal_bytes                0000000140003370     .-api.o
 0001:00002470       GetHashtableNoLock         0000000140003470     .-api.o
 0001:00002640       SetHashtableNoLock         0000000140003640     .-api.o
 0001:00002940       GetHashtable               0000000140003940     .-api.o
 0001:000029a0       SetHashtable               00000001400039a0     .-api.o
 0001:000029f0       InitInternalStructures     00000001400039f0     .-api.o
 0001:00002d30       castOnQueryObject          0000000140003d30     .-cast_provider.o
 0001:00002ef0       anyCastStates              0000000140003ef0     .-cast_provider.o
 0001:00003f20       anyCastProvider            0000000140004f20     .-cast_provider.o
 0001:00004110       init_gpu_subsystem         0000000140005110     .-gpu_subsystem.o
 0001:00005bc0       gpuBuildFromText           0000000140006bc0     .-gpu_subsystem.o
 0001:00005ea0       gpuAlloc                   0000000140006ea0     .-gpu_subsystem.o
 0001:00005ee0       gpuRun                     0000000140006ee0     .-gpu_subsystem.o
 0001:00005f90       gpuFinishQueuesOnPlatform  0000000140006f90     .-gpu_subsystem.o
 0001:00006010       gpuFinishQueue             0000000140007010     .-gpu_subsystem.o
 0001:00006050       StartInitialProcess        0000000140007050     .-hive_entry.o
 0001:00006260       is_less                    0000000140007260     .-queue.o
 0001:00006290       push_up                    0000000140007290     .-queue.o
 0001:000063d0       push_down                  00000001400073d0     .-queue.o
 0001:00006570       queue_init                 0000000140007570     .-queue.o
 0001:000065c0       queue_enqueue              00000001400075c0     .-queue.o
 0001:00006620       queue_extract              0000000140007620     .-queue.o
 0001:000066b0       GetConnectionById          00000001400076b0     .-remote.o
 0001:00006740       ConfirmPage                0000000140007740     .-remote.o
 0001:000067d0       ConfirmID                  00000001400077d0     .-remote.o
 0001:00006820       HandleNewConnection        0000000140007820     .-remote.o
 0001:00006a00       UpdateWaitingPush          0000000140007a00     .-remote.o
 0001:00006c40       AnswerPushObject           0000000140007c40     .-remote.o
 0001:00006d00       SendPageAllocationConfirm  0000000140007d00     .-remote.o
 0001:00006d80       SendIDConfirm              0000000140007d80     .-remote.o
 0001:00006e00       RedirectBroadcastQuery     0000000140007e00     .-remote.o
 0001:00006f60       RedirectBroadcastIDQuery   0000000140007f60     .-remote.o
 0001:000070c0       ConfirmConnection          00000001400080c0     .-remote.o
 0001:00007230       InitiateConnection         0000000140008230     .-remote.o
 0001:00007550       RequestMemoryPage          0000000140008550     .-remote.o
 0001:00007640       RequestServerId            0000000140008640     .-remote.o
 0001:00007740       AnswerQueryObject          0000000140008740     .-remote.o
 0001:00007840       AnswerRequestObjectPath    0000000140008840     .-remote.o
 0001:00007960       RequestObjectPathBroadcast 0000000140008960     .-remote.o
 0001:00007b50       AnswerRequestPathToID      0000000140008b50     .-remote.o
 0001:00007c70       RequestPathToIDBroadcast   0000000140008c70     .-remote.o
 0001:00007e60       RequestObjectGet           0000000140008e60     .-remote.o
 0001:00007f70       RequestObjectSet           0000000140008f70     .-remote.o
 0001:00008130       StartNewWorkerRemote       0000000140009130     .-remote.o
 0001:00008240       SendHiveState              0000000140009240     .-remote.o
 0001:000083d0       start_remote_subsystem     00000001400093d0     .-remote.o
 0001:0000ab20       memset                     000000014000bb20     .-runtime_lib.o
 0001:0000ab80       memcpy                     000000014000bb80     .-runtime_lib.o
 0001:0000abf0       myMalloc                   000000014000bbf0     .-runtime_lib.o
 0001:0000ac40       myPrintf                   000000014000bc40     .-runtime_lib.o
 0001:0000af70       myRealloc                  000000014000bf70     .-runtime_lib.o
 0001:0000afd0       myFree                     000000014000bfd0     .-runtime_lib.o
 0001:0000b010       myAtoll                    000000014000c010     .-runtime_lib.o
 0001:0000b150       get_char                   000000014000c150     .-runtime_lib.o
 0001:0000b230       myScanI64                  000000014000c230     .-runtime_lib.o
 0001:0000b2c0       myScanS                    000000014000c2c0     .-runtime_lib.o
 0001:0000b3c0       PrintI64                   000000014000c3c0     .-runtime_lib.o
 0001:0000b490       PrintI64H                  000000014000c490     .-runtime_lib.o
 0001:0000b530       Print2H                    000000014000c530     .-runtime_lib.o
 0001:0000b5d0       assertion_failure          000000014000c5d0     .-runtime_lib.o
 0001:0000b620       myAbs                      000000014000c620     .-runtime_lib.o
 0001:0000b650       MicrosecondsToTicks        000000014000c650     .-runtime_lib.o
 0001:0000b670       TicksToMicroseconds        000000014000c670     .-runtime_lib.o
 0001:0000b690       GetTicks                   000000014000c690     .-runtime_lib.o
 0001:0000b6b0       SheduleTimeoutFromNow      000000014000c6b0     .-runtime_lib.o
 0001:0000b6f0       init_lib                   000000014000c6f0     .-runtime_lib.o
 0001:0000b740       RegisterObjectWithId       000000014000c740     .-runtime.o
 0001:0000b770       GetNewObjectId             000000014000c770     .-runtime.o
 0001:0000b860       universalPauseWorker       000000014000c860     .-runtime.o
 0001:0000b900       universalUpdateLocalPush   000000014000c900     .-runtime.o
 0001:0000b960       UpdateFromQueryResult      000000014000c960     .-runtime.o
 0001:0000b9e0       PrintObject                000000014000c9e0     .-runtime.o
 0001:0000baf0       WaitListWorker             000000014000caf0     .-runtime.o
 0001:0000bb40       EnqueueWorkerFromWaitList  000000014000cb40     .-runtime.o
 0001:0000bbe0       UpdateWaitingWorkers       000000014000cbe0     .-runtime.o
 0001:0000bd80       SheduleWorker              000000014000cd80     .-runtime.o
 0001:0000bea0       StartNewWorker             000000014000cea0     .-runtime.o
 0001:0000c1e0       LoadWorker                 000000014000d1e0     .-runtime.o
 0001:0000d0a0       ShedulerInstance           000000014000e0a0     .-runtime.o
 0001:0000d190       entry                      000000014000e190     .-runtime.o
 0001:0000d7e0       x64_fastPushObject         000000014000e7e0     asm.o
 0001:0000d849       x64_fastQueryObject        000000014000e849     asm.o
 0001:0000d8b2       x64_fastNewObject          000000014000e8b2     asm.o
 0001:0000d91b       x64_fastCallObject         000000014000e91b     asm.o
 0001:0000d984       x64_fastPushPipe           000000014000e984     asm.o
 0001:0000d9ed       x64_fastQueryPipe          000000014000e9ed     asm.o
 0001:0000da56       gpu_fastNewObject          000000014000ea56     asm.o
 0001:0000dabf       gpu_fastCallObject         000000014000eabf     asm.o
 0001:0000db28       dll_fastCallObject         000000014000eb28     asm.o
 0001:0000db91       any_fastCastProvider       000000014000eb91     asm.o
 0001:0000dbfa       x64AsmExecuteWorker        000000014000ebfa     asm.o
 0001:0000dc41       setjmpUN                   000000014000ec41     asm.o
 0001:0000dc74       longjmpUN                  000000014000ec74     asm.o
 0001:0000dc9d       DllCall                    000000014000ec9d     asm.o
 0001:0000dd30       CommandLineToArgvW         000000014000ed30     shell32:SHELL32.dll
 0001:0000dd40       AcquireSRWLockExclusive    000000014000ed40     kernel32:KERNEL32.dll
 0001:0000dd50       AcquireSRWLockShared       000000014000ed50     kernel32:KERNEL32.dll
 0001:0000dd60       CloseHandle                000000014000ed60     kernel32:KERNEL32.dll
 0001:0000dd70       CreateFileW                000000014000ed70     kernel32:KERNEL32.dll
 0001:0000dd80       CreateIoCompletionPort     000000014000ed80     kernel32:KERNEL32.dll
 0001:0000dd90       CreateThread               000000014000ed90     kernel32:KERNEL32.dll
 0001:0000dda0       ExitProcess                000000014000eda0     kernel32:KERNEL32.dll
 0001:0000ddb0       GetCommandLineW            000000014000edb0     kernel32:KERNEL32.dll
 0001:0000ddc0       GetConsoleMode             000000014000edc0     kernel32:KERNEL32.dll
 0001:0000ddd0       GetFileSizeEx              000000014000edd0     kernel32:KERNEL32.dll
 0001:0000dde0       GetLastError               000000014000ede0     kernel32:KERNEL32.dll
 0001:0000ddf0       GetProcAddress             000000014000edf0     kernel32:KERNEL32.dll
 0001:0000de00       GetProcessHeap             000000014000ee00     kernel32:KERNEL32.dll
 0001:0000de10       GetQueuedCompletionStatus  000000014000ee10     kernel32:KERNEL32.dll
 0001:0000de20       GetStdHandle               000000014000ee20     kernel32:KERNEL32.dll
 0001:0000de30       HeapAlloc                  000000014000ee30     kernel32:KERNEL32.dll
 0001:0000de40       HeapFree                   000000014000ee40     kernel32:KERNEL32.dll
 0001:0000de50       HeapReAlloc                000000014000ee50     kernel32:KERNEL32.dll
 0001:0000de60       LoadLibraryA               000000014000ee60     kernel32:KERNEL32.dll
 0001:0000de70       MultiByteToWideChar        000000014000ee70     kernel32:KERNEL32.dll
 0001:0000de80       QueryPerformanceCounter    000000014000ee80     kernel32:KERNEL32.dll
 0001:0000de90       QueryPerformanceFrequency  000000014000ee90     kernel32:KERNEL32.dll
 0001:0000dea0       ReadConsoleW               000000014000eea0     kernel32:KERNEL32.dll
 0001:0000deb0       ReadFile                   000000014000eeb0     kernel32:KERNEL32.dll
 0001:0000dec0       ReleaseSRWLockExclusive    000000014000eec0     kernel32:KERNEL32.dll
 0001:0000ded0       ReleaseSRWLockShared       000000014000eed0     kernel32:KERNEL32.dll
 0001:0000dee0       Sleep                      000000014000eee0     kernel32:KERNEL32.dll
 0001:0000def0       TlsAlloc                   000000014000eef0     kernel32:KERNEL32.dll
 0001:0000df00       TlsFree                    000000014000ef00     kernel32:KERNEL32.dll
 0001:0000df10       TlsGetValue                000000014000ef10     kernel32:KERNEL32.dll
 0001:0000df20       TlsSetValue                000000014000ef20     kernel32:KERNEL32.dll
 0001:0000df30       TryAcquireSRWLockExclusive 000000014000ef30     kernel32:KERNEL32.dll
 0001:0000df40       VirtualAlloc               000000014000ef40     kernel32:KERNEL32.dll
 0001:0000df50       WaitForMultipleObjects     000000014000ef50     kernel32:KERNEL32.dll
 0001:0000df60       WriteConsoleW              000000014000ef60     kernel32:KERNEL32.dll
 0001:0000df70       BCryptGenRandom            000000014000ef70     bcrypt:bcrypt.dll
 0001:0000df80       WSAGetLastError            000000014000ef80     ws2_32:WS2_32.dll
 0001:0000df90       WSARecv                    000000014000ef90     ws2_32:WS2_32.dll
 0001:0000dfa0       WSAStartup                 000000014000efa0     ws2_32:WS2_32.dll
 0001:0000dfb0       accept                     000000014000efb0     ws2_32:WS2_32.dll
 0001:0000dfc0       bind                       000000014000efc0     ws2_32:WS2_32.dll
 0001:0000dfd0       closesocket                000000014000efd0     ws2_32:WS2_32.dll
 0001:0000dfe0       connect                    000000014000efe0     ws2_32:WS2_32.dll
 0001:0000dff0       freeaddrinfo               000000014000eff0     ws2_32:WS2_32.dll
 0001:0000e000       getaddrinfo                000000014000f000     ws2_32:WS2_32.dll
 0001:0000e010       getsockname                000000014000f010     ws2_32:WS2_32.dll
 0001:0000e020       htons                      000000014000f020     ws2_32:WS2_32.dll
 0001:0000e030       listen                     000000014000f030     ws2_32:WS2_32.dll
 0001:0000e040       ntohs                      000000014000f040     ws2_32:WS2_32.dll
 0001:0000e050       send                       000000014000f050     ws2_32:WS2_32.dll
 0001:0000e060       setsockopt                 000000014000f060     ws2_32:WS2_32.dll
 0001:0000e070       socket                     000000014000f070     ws2_32:WS2_32.dll
 0001:0000e080       clBuildProgram             000000014000f080     OpenCL:OpenCL.dll
 0001:0000e090       clCreateBuffer             000000014000f090     OpenCL:OpenCL.dll
 0001:0000e0a0       clCreateCommandQueueWithProperties 000000014000f0a0     OpenCL:OpenCL.dll
 0001:0000e0b0       clCreateContext            000000014000f0b0     OpenCL:OpenCL.dll
 0001:0000e0c0       clCreateKernel             000000014000f0c0     OpenCL:OpenCL.dll
 0001:0000e0d0       clCreateProgramWithSource  000000014000f0d0     OpenCL:OpenCL.dll
 0001:0000e0e0       clEnqueueNDRangeKernel     000000014000f0e0     OpenCL:OpenCL.dll
 0001:0000e0f0       clEnqueueReadBuffer        000000014000f0f0     OpenCL:OpenCL.dll
 0001:0000e100       clEnqueueWriteBuffer       000000014000f100     OpenCL:OpenCL.dll
 0001:0000e110       clFinish                   000000014000f110     OpenCL:OpenCL.dll
 0001:0000e120       clGetDeviceIDs             000000014000f120     OpenCL:OpenCL.dll
 0001:0000e130       clGetDeviceInfo            000000014000f130     OpenCL:OpenCL.dll
 0001:0000e140       clGetKernelArgInfo         000000014000f140     OpenCL:OpenCL.dll
 0001:0000e150       clGetPlatformIDs           000000014000f150     OpenCL:OpenCL.dll
 0001:0000e160       clGetPlatformInfo          000000014000f160     OpenCL:OpenCL.dll
 0001:0000e170       clGetProgramBuildInfo      000000014000f170     OpenCL:OpenCL.dll
 0001:0000e180       clSetKernelArg             000000014000f180     OpenCL:OpenCL.dll
 0002:00000014       ??_C@_1DO@MBJBKNM@?$AAE?$AAr?$AAr?$AAo?$AAr?$AA?3?$AA?5?$AAa?$AAt?$AA?5?$AAc?$AAl?$AAS?$AAe?$AAt?$AAK?$AAe?$AAr?$AAn?$AAe?$AAl?$AAA?$AAr?$AAg?$AA?5?$AA?$CF?$AAl?$AAl?$AAd?$AA?6?$AA?$AA@ 0000000140010014     .-gpu-execute_worker.o
 0002:00000052       ??_C@_1EO@KIFHHFHO@?$AAE?$AAr?$AAr?$AAo?$AAr?$AA?3?$AA?5?$AAa?$AAt?$AA?5?$AAc?$AAl?$AAE?$AAn?$AAq?$AAu?$AAe?$AAu?$AAe?$AAN?$AAD?$AAR?$AAa?$AAn?$AAg?$AAe?$AAK?$AAe?$AAr?$AAn?$AAe?$AAl@ 0000000140010052     .-gpu-execute_worker.o
 0002:000000a0       ??_C@_1DO@PIAGAENK@?$AAE?$AAR?$AAR?$AAO?$AAR?$AA?3?$AA?5?$AAg?$AAp?$AAu?$AAA?$AAl?$AAl?$AAo?$AAc?$AA?5?$AAf?$AAa?$AAi?$AAl?$AAe?$AAd?$AA?5?$AA?$FL?$AA?$CF?$AAl?$AAl?$AAd?$AA?$FN?$AA?6?$AA?$AA@ 00000001400100a0     .-gpu-new_object.o
 0002:000000de       ??_C@_1BG@LMPFNDF@?$AAr?$AAe?$AAs?$AAu?$AAl?$AAt?$AA?5?$AA?$CF?$AAp?$AA?6?$AA?$AA@ 00000001400100de     .-gpu-new_object.o
 0002:000000f4       ??_C@_1FM@LBBNKNII@?$AAE?$AAR?$AAR?$AAO?$AAR?$AA?3?$AA?5?$AAP?$AAi?$AAp?$AAe?$AAs?$AA?5?$AAa?$AAr?$AAe?$AA?5?$AAu?$AAn?$AAs?$AAu?$AAp?$AAp?$AAo?$AAr?$AAt?$AAe?$AAd?$AA?5?$AAo?$AAn?$AA?5@ 00000001400100f4     .-gpu-new_object.o
 0002:00000150       ??_C@_1GM@BNFAKJM@?$AAE?$AAR?$AAR?$AAO?$AAR?$AA?3?$AA?5?$AAP?$AAi?$AAp?$AAe?$AAs?$AA?5?$AAa?$AAr?$AAe?$AA?5?$AAu?$AAn?$AAs?$AAu?$AAp?$AAp?$AAo?$AAr?$AAt?$AAe?$AAd?$AA?5?$AAo?$AAn?$AA?5@ 0000000140010150     .-gpu-new_object.o
 0002:000001bc       ??_C@_1EG@FBJBJMFK@?$AAN?$AAO?$AAT?$AA?5?$AAS?$AAU?$AAP?$AAP?$AAO?$AAR?$AAT?$AAE?$AAD?$AA?3?$AA?5?$AAp?$AAu?$AAs?$AAh?$AA?5?$AAi?$AAn?$AA?5?$AAg?$AAp?$AAu?$AA?5?$AAo?$AAb?$AAj?$AAe?$AAc@ 00000001400101bc     .-gpu-push_object.o
 0002:00000202       ??_C@_1FE@GJLEMBH@?$AAN?$AAO?$AAT?$AA?5?$AAS?$AAU?$AAP?$AAP?$AAO?$AAR?$AAT?$AAE?$AAD?$AA?3?$AA?5?$AAp?$AAu?$AAs?$AAh?$AA?5?$AAi?$AAn?$AA?5?$AAg?$AAp?$AAu?$AA?5?$AAo?$AAb?$AAj?$AAe?$AAc@ 0000000140010202     .-gpu-push_object.o
 0002:00000256       ??_C@_1EI@EPHKLIAN@?$AAN?$AAO?$AAT?$AA?5?$AAS?$AAU?$AAP?$AAP?$AAO?$AAR?$AAT?$AAE?$AAD?$AA?3?$AA?5?$AAq?$AAu?$AAe?$AAr?$AAy?$AA?5?$AAi?$AAn?$AA?5?$AAg?$AAp?$AAu?$AA?5?$AAo?$AAb?$AAj?$AAe@ 0000000140010256     .-gpu-query_object.o
 0002:0000029e       ??_C@_1FG@PCBNEEAC@?$AAN?$AAO?$AAT?$AA?5?$AAS?$AAU?$AAP?$AAP?$AAO?$AAR?$AAT?$AAE?$AAD?$AA?3?$AA?5?$AAq?$AAu?$AAe?$AAr?$AAy?$AA?5?$AAi?$AAn?$AA?5?$AAg?$AAp?$AAu?$AA?5?$AAo?$AAb?$AAj?$AAe@ 000000014001029e     .-gpu-query_object.o
 0002:0000034c       ??_C@_1FE@BCAGMINK@?$AAE?$AAr?$AAr?$AAo?$AAr?$AA?3?$AA?5?$AAn?$AAo?$AA?5?$AAk?$AAn?$AAo?$AAw?$AAn?$AA?5?$AAs?$AAi?$AAz?$AAe?$AA?5?$AAf?$AAo?$AAr?$AA?5?$AAn?$AAo?$AAt?$AA?5?$AAa?$AAr?$AAr@ 000000014001034c     .-cast_provider.o
 0002:000003a0       ??_C@_1FK@KDAFABDO@?$AAE?$AAr?$AAr?$AAo?$AAr?$AA?3?$AA?5?$AAl?$AAo?$AAc?$AAa?$AAl?$AA?5?$AAo?$AAb?$AAj?$AAe?$AAc?$AAt?$AA?5?$AAw?$AAa?$AAs?$AA?5?$AAr?$AAe?$AAm?$AAo?$AAv?$AAe?$AAd?$AA?5@ 00000001400103a0     .-cast_provider.o
 0002:000003fa       ??_C@_1FO@HMOHPFHI@?$AAE?$AAr?$AAr?$AAo?$AAr?$AA?5?$AAh?$AAa?$AAp?$AAp?$AAe?$AAn?$AA?5?$AAw?$AAh?$AAi?$AAl?$AAe?$AA?5?$AAc?$AAl?$AAE?$AAn?$AAq?$AAu?$AAe?$AAu?$AAe?$AAR?$AAe?$AAa?$AAd@ 00000001400103fa     .-cast_provider.o
 0002:00000458       ??_C@_1GA@EEKPNAGK@?$AAE?$AAr?$AAr?$AAo?$AAr?$AA?5?$AAh?$AAa?$AAp?$AAp?$AAe?$AAn?$AA?5?$AAw?$AAh?$AAi?$AAl?$AAe?$AA?5?$AAc?$AAl?$AAE?$AAn?$AAq?$AAu?$AAe?$AAu?$AAe?$AAW?$AAr?$AAi?$AAt@ 0000000140010458     .-cast_provider.o
 0002:000004b8       ??_C@_1BM@OBHKMKPP@?$AAR?$AAe?$AAt?$AAu?$AAr?$AAn?$AA?3?$AA?5?$AA?$CF?$AAl?$AAl?$AAd?$AA?6?$AA?$AA@ 00000001400104b8     .-cast_provider.o
 0002:000004d4       ??_C@_1EC@IPADNJOO@?$AAc?$AAo?$AAn?$AAv?$AAe?$AAr?$AAt?$AA?5?$AA?$CF?$AAp?$AA?5?$AA?$FL?$AAt?$AAy?$AAp?$AAe?$AAs?$AA?5?$AA?$CF?$AAl?$AAl?$AAd?$AA?5?$AA?9?$AA?$DO?$AA?5?$AA?$CF?$AAl?$AAl?$AAd?$AA?$FN?$AA?6@ 00000001400104d4     .-cast_provider.o
 0002:00000516       ??_C@_1IA@HIJJNPCH@?$AAE?$AAR?$AAR?$AAO?$AAR?$AA?3?$AA?5?$AAn?$AAo?$AAt?$AA?5?$AAs?$AAu?$AAp?$AAp?$AAo?$AAr?$AAt?$AAe?$AAd?$AA?5?$AAc?$AAo?$AAn?$AAv?$AAe?$AAr?$AAs?$AAi?$AAo?$AAn?$AA?5@ 0000000140010516     .-cast_provider.o
 0002:00000596       ??_C@_1DK@FINICEEJ@?$AAG?$AAo?$AAt?$AA?5?$AAa?$AAt?$AA?5?$AAl?$AAe?$AAa?$AAs?$AAt?$AA?5?$AA?$CF?$AAl?$AAl?$AAd?$AA?5?$AAp?$AAl?$AAa?$AAt?$AAf?$AAo?$AAr?$AAm?$AAs?$AA?6?$AA?$AA@ 0000000140010596     .-gpu_subsystem.o
 0002:000005d0       ??_C@_1CA@OOAPHHDP@?$AAP?$AAl?$AAa?$AAt?$AAf?$AAo?$AAr?$AAm?$AA?5?$AA?$CF?$AAl?$AAl?$AAd?$AA?3?$AA?6?$AA?$AA@ 00000001400105d0     .-gpu_subsystem.o
 0002:000005f0       ??_C@_1DK@CFKCPDLH@?$AA?7?$AA?$CF?$AAl?$AAl?$AAd?$AA?4?$AAN?$AAa?$AAm?$AAe?$AA?5?$AA?5?$AA?5?$AA?5?$AA?5?$AA?5?$AA?5?$AA?5?$AA?5?$AA?5?$AA?5?$AA?5?$AA?5?$AA?3?$AA?5?$AA?$CF?$AAs?$AA?6?$AA?$AA@ 00000001400105f0     .-gpu_subsystem.o
 0002:0000062a       ??_C@_1DK@PKNJPDCN@?$AA?7?$AA?$CF?$AAl?$AAl?$AAd?$AA?4?$AAV?$AAe?$AAn?$AAd?$AAo?$AAr?$AA?5?$AA?5?$AA?5?$AA?5?$AA?5?$AA?5?$AA?5?$AA?5?$AA?5?$AA?5?$AA?5?$AA?3?$AA?5?$AA?$CF?$AAs?$AA?6?$AA?$AA@ 000000014001062a     .-gpu_subsystem.o
 0002:00000664       ??_C@_1DK@BCHMBHFB@?$AA?7?$AA?$CF?$AAl?$AAl?$AAd?$AA?4?$AAV?$AAe?$AAr?$AAs?$AAi?$AAo?$AAn?$AA?5?$AA?5?$AA?5?$AA?5?$AA?5?$AA?5?$AA?5?$AA?5?$AA?5?$AA?5?$AA?3?$AA?5?$AA?$CF?$AAs?$AA?6?$AA?$AA@ 0000000140010664     .-gpu_subsystem.o
 0002:0000069e       ??_C@_1DK@PPLGHIMI@?$AA?7?$AA?$CF?$AAl?$AAl?$AAd?$AA?4?$AAP?$AAr?$AAo?$AAf?$AAi?$AAl?$AAe?$AA?5?$AA?5?$AA?5?$AA?5?$AA?5?$AA?5?$AA?5?$AA?5?$AA?5?$AA?5?$AA?3?$AA?5?$AA?$CF?$AAs?$AA?6?$AA?$AA@ 000000014001069e     .-gpu_subsystem.o
 0002:000006d8       ??_C@_1DK@KGLDJAGB@?$AA?7?$AA?$CF?$AAl?$AAl?$AAd?$AA?4?$AAE?$AAx?$AAt?$AAe?$AAn?$AAs?$AAi?$AAo?$AAn?$AAs?$AA?5?$AA?5?$AA?5?$AA?5?$AA?5?$AA?5?$AA?5?$AA?3?$AA?5?$AA?$CF?$AAs?$AA?6?$AA?$AA@ 00000001400106d8     .-gpu_subsystem.o
 0002:00000712       ??_C@_1DO@JAHGICMH@?$AA?7?$AA?$CF?$AAl?$AAl?$AAd?$AA?4?$AAT?$AAi?$AAm?$AAe?$AAr?$AA?5?$AAR?$AAe?$AAs?$AAo?$AAl?$AAu?$AAt?$AAi?$AAo?$AAn?$AA?5?$AA?3?$AA?5?$AA?$CF?$AAl?$AAl?$AAd?$AA?6?$AA?$AA@ 0000000140010712     .-gpu_subsystem.o
 0002:00000750       ??_C@_13LBAGMAIH@?$AA?6?$AA?$AA@ 0000000140010750     .-gpu_subsystem.o
 0002:00000754       ??_C@_1FE@GFHOHNKH@?$AAp?$AAl?$AAa?$AAt?$AAf?$AAo?$AAr?$AAm?$AA?5?$AA?$CF?$AAl?$AAl?$AAd?$AA?3?$AA?5?$AAG?$AAo?$AAt?$AA?5?$AAa?$AAt?$AA?5?$AAl?$AAe?$AAa?$AAs?$AAt?$AA?5?$AA?$CF?$AAl?$AAl?$AAd@ 0000000140010754     .-gpu_subsystem.o
 0002:000007a8       ??_C@_1BM@MMFNNAKO@?$AAD?$AAe?$AAv?$AAi?$AAc?$AAe?$AA?5?$AA?$CF?$AAl?$AAl?$AAd?$AA?3?$AA?6?$AA?$AA@ 00000001400107a8     .-gpu_subsystem.o
 0002:000007c4       ??_C@_1FG@GKDLJBIA@?$AA?7?$AA?$CF?$AAl?$AAl?$AAd?$AA?4?$AA?$CF?$AAl?$AAl?$AAd?$AA?4?$AAN?$AAa?$AAm?$AAe?$AA?5?$AA?5?$AA?5?$AA?5?$AA?5?$AA?5?$AA?5?$AA?5?$AA?5?$AA?5?$AA?5?$AA?5?$AA?5?$AA?5?$AA?5?$AA?5?$AA?5@ 00000001400107c4     .-gpu_subsystem.o
 0002:0000081a       ??_C@_1FK@JCGLFMHC@?$AA?7?$AA?$CF?$AAl?$AAl?$AAd?$AA?4?$AA?$CF?$AAl?$AAl?$AAd?$AA?4?$AAA?$AAv?$AAa?$AAi?$AAl?$AAa?$AAb?$AAl?$AAe?$AA?5?$AA?5?$AA?5?$AA?5?$AA?5?$AA?5?$AA?5?$AA?5?$AA?5?$AA?5?$AA?5?$AA?5@ 000000014001081a     .-gpu_subsystem.o
 0002:00000874       ??_C@_1FK@PNFJMFNM@?$AA?7?$AA?$CF?$AAl?$AAl?$AAd?$AA?4?$AA?$CF?$AAl?$AAl?$AAd?$AA?4?$AAT?$AAy?$AAp?$AAe?$AA?5?$AA?5?$AA?5?$AA?5?$AA?5?$AA?5?$AA?5?$AA?5?$AA?5?$AA?5?$AA?5?$AA?5?$AA?5?$AA?5?$AA?5?$AA?5?$AA?5@ 0000000140010874     .-gpu_subsystem.o
 0002:000008ce       ??_C@_1FG@OJFNKBCG@?$AA?7?$AA?$CF?$AAl?$AAl?$AAd?$AA?4?$AA?$CF?$AAl?$AAl?$AAd?$AA?4?$AAV?$AAe?$AAn?$AAd?$AAo?$AAr?$AA?5?$AA?5?$AA?5?$AA?5?$AA?5?$AA?5?$AA?5?$AA?5?$AA?5?$AA?5?$AA?5?$AA?5?$AA?5?$AA?5?$AA?5@ 00000001400108ce     .-gpu_subsystem.o
 0002:00000924       ??_C@_1FG@LICMMOCB@?$AA?7?$AA?$CF?$AAl?$AAl?$AAd?$AA?4?$AA?$CF?$AAl?$AAl?$AAd?$AA?4?$AAD?$AAr?$AAi?$AAv?$AAe?$AAr?$AA?5?$AAV?$AAe?$AAr?$AAs?$AAi?$AAo?$AAn?$AA?5?$AA?5?$AA?5?$AA?5?$AA?5?$AA?5?$AA?5@ 0000000140010924     .-gpu_subsystem.o
 0002:0000097a       ??_C@_1FG@GEMKEAJB@?$AA?7?$AA?$CF?$AAl?$AAl?$AAd?$AA?4?$AA?$CF?$AAl?$AAl?$AAd?$AA?4?$AAD?$AAe?$AAv?$AAi?$AAc?$AAe?$AA?5?$AAV?$AAe?$AAr?$AAs?$AAi?$AAo?$AAn?$AA?5?$AA?5?$AA?5?$AA?5?$AA?5?$AA?5?$AA?5@ 000000014001097a     .-gpu_subsystem.o
 0002:000009d0       ??_C@_1FG@MPCNGFNE@?$AA?7?$AA?$CF?$AAl?$AAl?$AAd?$AA?4?$AA?$CF?$AAl?$AAl?$AAd?$AA?4?$AAP?$AAr?$AAo?$AAf?$AAi?$AAl?$AAe?$AA?5?$AA?5?$AA?5?$AA?5?$AA?5?$AA?5?$AA?5?$AA?5?$AA?5?$AA?5?$AA?5?$AA?5?$AA?5?$AA?5@ 00000001400109d0     .-gpu_subsystem.o
 0002:00000a26       ??_C@_1FG@GJMINOLL@?$AA?7?$AA?$CF?$AAl?$AAl?$AAd?$AA?4?$AA?$CF?$AAl?$AAl?$AAd?$AA?4?$AAE?$AAx?$AAt?$AAe?$AAn?$AAs?$AAi?$AAo?$AAn?$AAs?$AA?5?$AA?5?$AA?5?$AA?5?$AA?5?$AA?5?$AA?5?$AA?5?$AA?5?$AA?5?$AA?5@ 0000000140010a26     .-gpu_subsystem.o
 0002:00000a7c       ??_C@_1FK@NKJEPLPJ@?$AA?7?$AA?$CF?$AAl?$AAl?$AAd?$AA?4?$AA?$CF?$AAl?$AAl?$AAd?$AA?4?$AAM?$AAa?$AAx?$AA?5?$AAC?$AAo?$AAm?$AAp?$AAu?$AAt?$AAe?$AA?5?$AAU?$AAn?$AAi?$AAt?$AAs?$AA?5?$AA?5?$AA?5?$AA?5@ 0000000140010a7c     .-gpu_subsystem.o
 0002:00000ad6       ??_C@_1FK@OLFGCCPL@?$AA?7?$AA?$CF?$AAl?$AAl?$AAd?$AA?4?$AA?$CF?$AAl?$AAl?$AAd?$AA?4?$AAM?$AAa?$AAx?$AA?5?$AAI?$AAt?$AAe?$AAm?$AA?5?$AAD?$AAi?$AAm?$AAe?$AAn?$AAs?$AAi?$AAo?$AAn?$AAs?$AA?5?$AA?5@ 0000000140010ad6     .-gpu_subsystem.o
 0002:00000b30       ??_C@_1FK@CMFPDFMJ@?$AA?7?$AA?$CF?$AAl?$AAl?$AAd?$AA?4?$AA?$CF?$AAl?$AAl?$AAd?$AA?4?$AAM?$AAa?$AAx?$AA?5?$AAG?$AAr?$AAo?$AAu?$AAp?$AA?5?$AAS?$AAi?$AAz?$AAe?$AA?5?$AA?5?$AA?5?$AA?5?$AA?5?$AA?5?$AA?5@ 0000000140010b30     .-gpu_subsystem.o
 0002:00000b8a       ??_C@_1GA@OFJKKJHL@?$AA?7?$AA?7?$AA?$CF?$AAl?$AAl?$AAd?$AA?4?$AA?$CF?$AAl?$AAl?$AAd?$AA?4?$AAM?$AAa?$AAx?$AA?5?$AAI?$AAt?$AAe?$AAm?$AA?5?$AAS?$AAi?$AAz?$AAe?$AAs?$AA?$FL?$AA?$CF?$AAl?$AAl?$AAd?$AA?$FN@ 0000000140010b8a     .-gpu_subsystem.o
 0002:00000bea       ??_C@_1FK@PBEPJBHG@?$AA?7?$AA?$CF?$AAl?$AAl?$AAd?$AA?4?$AA?$CF?$AAl?$AAl?$AAd?$AA?4?$AAM?$AAa?$AAx?$AA?5?$AAC?$AAl?$AAo?$AAc?$AAk?$AA?5?$AAF?$AAr?$AAe?$AAq?$AAu?$AAe?$AAn?$AAc?$AAy?$AA?5?$AA?5@ 0000000140010bea     .-gpu_subsystem.o
 0002:00000c44       ??_C@_1FK@EGKKPFNE@?$AA?7?$AA?$CF?$AAl?$AAl?$AAd?$AA?4?$AA?$CF?$AAl?$AAl?$AAd?$AA?4?$AAM?$AAa?$AAx?$AA?5?$AAM?$AAe?$AAm?$AA?5?$AAA?$AAl?$AAl?$AAo?$AAc?$AA?5?$AAS?$AAi?$AAz?$AAe?$AA?5?$AA?5?$AA?5@ 0000000140010c44     .-gpu_subsystem.o
 0002:00000c9e       ??_C@_1FK@NMMFNGJN@?$AA?7?$AA?$CF?$AAl?$AAl?$AAd?$AA?4?$AA?$CF?$AAl?$AAl?$AAd?$AA?4?$AAG?$AAl?$AAo?$AAb?$AAa?$AAl?$AA?5?$AAM?$AAe?$AAm?$AA?5?$AAC?$AAa?$AAc?$AAh?$AAe?$AAl?$AAi?$AAn?$AAe?$AA?5@ 0000000140010c9e     .-gpu_subsystem.o
 0002:00000cf8       ??_C@_1FK@NMHJFOBI@?$AA?7?$AA?$CF?$AAl?$AAl?$AAd?$AA?4?$AA?$CF?$AAl?$AAl?$AAd?$AA?4?$AAG?$AAl?$AAo?$AAb?$AAa?$AAl?$AA?5?$AAM?$AAe?$AAm?$AA?5?$AAC?$AAa?$AAc?$AAh?$AAe?$AA?5?$AAS?$AAi?$AAz?$AAe@ 0000000140010cf8     .-gpu_subsystem.o
 0002:00000d52       ??_C@_1FK@KEPOBMOJ@?$AA?7?$AA?$CF?$AAl?$AAl?$AAd?$AA?4?$AA?$CF?$AAl?$AAl?$AAd?$AA?4?$AAG?$AAl?$AAo?$AAb?$AAa?$AAl?$AA?5?$AAM?$AAe?$AAm?$AA?5?$AAS?$AAi?$AAz?$AAe?$AA?5?$AA?5?$AA?5?$AA?5?$AA?5?$AA?5@ 0000000140010d52     .-gpu_subsystem.o
 0002:00000dac       ??_C@_1FK@BEKCEBKI@?$AA?7?$AA?$CF?$AAl?$AAl?$AAd?$AA?4?$AA?$CF?$AAl?$AAl?$AAd?$AA?4?$AAL?$AAo?$AAc?$AAa?$AAl?$AA?5?$AAM?$AAe?$AAm?$AA?5?$AAS?$AAi?$AAz?$AAe?$AA?5?$AA?5?$AA?5?$AA?5?$AA?5?$AA?5?$AA?5@ 0000000140010dac     .-gpu_subsystem.o
 0002:00000e06       ??_C@_1DG@HHDGLCMF@?$AAA?$AAt?$AA?5?$AAe?$AAn?$AAd?$AA?5?$AAh?$AAa?$AAv?$AAe?$AA?5?$AA?$CF?$AAl?$AAl?$AAd?$AA?5?$AAd?$AAe?$AAv?$AAi?$AAc?$AAe?$AAs?$AA?4?$AA?6?$AA?$AA@ 0000000140010e06     .-gpu_subsystem.o
 0002:00000e3c       ??_C@_1FC@JJNHHFIJ@?$AAI?$AAn?$AAi?$AAt?$AA?5?$AAf?$AAo?$AAr?$AAm?$AA?5?$AAp?$AAl?$AAa?$AAt?$AAf?$AAo?$AAr?$AAm?$AA?5?$AA?$CF?$AAl?$AAl?$AAd?$AA?5?$AA?$FL?$AAa?$AAu?$AAt?$AAo?$AA?5?$AAs?$AAe@ 0000000140010e3c     .-gpu_subsystem.o
 0002:00000e8e       ??_C@_1EC@CFAEGHOO@?$AAE?$AAr?$AAr?$AAo?$AAr?$AA?5?$AAa?$AAt?$AA?5?$AAc?$AAl?$AAC?$AAr?$AAe?$AAa?$AAt?$AAe?$AAC?$AAo?$AAn?$AAt?$AAe?$AAx?$AAt?$AA?5?$AA?$FL?$AA?$CF?$AAl?$AAl?$AAd?$AA?$FN?$AA?6@ 0000000140010e8e     .-gpu_subsystem.o
 0002:00000ed0       ??_C@_1GI@JODPKPLM@?$AAE?$AAr?$AAr?$AAo?$AAr?$AA?5?$AAa?$AAt?$AA?5?$AAc?$AAl?$AAC?$AAr?$AAe?$AAa?$AAt?$AAe?$AAC?$AAo?$AAm?$AAm?$AAa?$AAn?$AAd?$AAQ?$AAu?$AAe?$AAu?$AAe?$AAW?$AAi?$AAt@ 0000000140010ed0     .-gpu_subsystem.o
 0002:00000f38       ??_C@_0FA@OKGFDHAO@?9cl?9single?9precision?9constant?5?9c@ 0000000140010f38     .-gpu_subsystem.o
 0002:00000f88       ??_C@_1DE@FJCPKFIJ@?$AAB?$AAu?$AAi?$AAl?$AAd?$AAP?$AAr?$AAo?$AAg?$AAr?$AAa?$AAm?$AA?5?$AAE?$AAr?$AAr?$AAo?$AAr?$AA?3?$AA?5?$AA?$CF?$AAl?$AAl?$AAd?$AA?6?$AA?$AA@ 0000000140010f88     .-gpu_subsystem.o
 0002:00000fbc       ??_C@_1CO@HIIDKPPP@?$AAB?$AAu?$AAi?$AAl?$AAd?$AAI?$AAn?$AAf?$AAo?$AA?5?$AAE?$AAr?$AAr?$AAo?$AAr?$AA?3?$AA?5?$AA?$CF?$AAl?$AAl?$AAd?$AA?6?$AA?$AA@ 0000000140010fbc     .-gpu_subsystem.o
 0002:00000fea       ??_C@_1DA@GJKLKGNM@?$AAB?$AAu?$AAi?$AAl?$AAd?$AAI?$AAn?$AAf?$AAo?$AA2?$AA?5?$AAE?$AAr?$AAr?$AAo?$AAr?$AA?3?$AA?5?$AA?$CF?$AAl?$AAl?$AAd?$AA?6?$AA?$AA@ 0000000140010fea     .-gpu_subsystem.o
 0002:0000101a       ??_C@_1EA@DAHNIOPF@?$AAE?$AAr?$AAr?$AAo?$AAr?$AA?5?$AAI?$AAn?$AAf?$AAo?$AA?3?$AA?5?$AAc?$AAo?$AAd?$AAe?$AA?$DN?$AA?$CF?$AAl?$AAl?$AAd?$AA?3?$AA?5?$AAi?$AAn?$AAf?$AAo?$AA?$DN?$AA?$CF?$AAs?$AA?6?$AA?$AA@ 000000014001101a     .-gpu_subsystem.o
 0002:0000105a       ??_C@_1CO@DCKAPNAK@?$AAw?$AAa?$AAi?$AAt?$AAi?$AAn?$AAg?$AA?5?$AAs?$AAt?$AAa?$AAr?$AAt?$AAu?$AAp?$AA?5?$AAp?$AAa?$AAg?$AAe?$AAs?$AA?6?$AA?$AA@ 000000014001105a     .-hive_entry.o
 0002:00001088       ??_C@_1EI@OLFKDNEP@?$AAE?$AAr?$AAr?$AAo?$AAr?$AA?3?$AA?5?$AAa?$AAl?$AAl?$AAo?$AAc?$AAa?$AAt?$AAe?$AAd?$AA?5?$AAa?$AAr?$AAr?$AAa?$AAy?$AA?5?$AAi?$AAs?$AAn?$AA?8?$AAt?$AA?5?$AAl?$AAo?$AAc@ 0000000140011088     .-hive_entry.o
 0002:00001150       ??_C@_1DE@OFJFJIIH@?$AAS?$AAe?$AAr?$AAv?$AAe?$AAr?$AA?5?$AAi?$AAd?$AA?$DN?$AA?$CF?$AAl?$AAl?$AAd?$AA?5?$AAc?$AAo?$AAn?$AAf?$AAi?$AAr?$AAm?$AAe?$AAd?$AA?6?$AA?$AA@ 0000000140011150     .-remote.o
 0002:00001184       ??_C@_1FK@FPKJOMKP@?$AAE?$AAr?$AAr?$AAo?$AAr?$AA?3?$AA?5?$AAC?$AAo?$AAu?$AAl?$AAd?$AA?5?$AAn?$AAo?$AAt?$AA?5?$AAc?$AAo?$AAn?$AAn?$AAe?$AAc?$AAt?$AA?5?$AAt?$AAo?$AA?5?$AA?$CF?$AAs?$AA?5?$AA?$FL@ 0000000140011184     .-remote.o
 0002:000011de       ??_C@_1DM@MBBJEJBJ@?$AAT?$AAr?$AAy?$AAi?$AAn?$AAg?$AA?5?$AAt?$AAo?$AA?5?$AAg?$AAe?$AAt?$AA?5?$AAs?$AAe?$AAr?$AAv?$AAe?$AAr?$AA?5?$AAi?$AAd?$AA?5?$AA?$CF?$AAl?$AAl?$AAd?$AA?6?$AA?$AA@ 00000001400111de     .-remote.o
 0002:0000121a       ??_C@_1CG@OHMMGKJ@?$AAi?$AAn?$AAt?$AAi?$AAi?$AAa?$AAl?$AAi?$AAz?$AAa?$AAt?$AAi?$AAn?$AAg?$AA?4?$AA?4?$AA?4?$AA?6?$AA?$AA@ 000000014001121a     .-remote.o
 0002:00001240       ??_C@_1BA@DBJDCPKB@?$AAp?$AA?5?$AA?$CF?$AAl?$AAl?$AAd?$AA?6?$AA?$AA@ 0000000140011240     .-remote.o
 0002:00001250       ??_C@_1CK@IMAGNILG@?$AAC?$AAo?$AAn?$AAf?$AAi?$AAr?$AAm?$AAe?$AAd?$AA?5?$AAp?$AAo?$AAr?$AAt?$AA?$DN?$AA?$CF?$AAl?$AAl?$AAd?$AA?6?$AA?$AA@ 0000000140011250     .-remote.o
 0002:0000127a       ??_C@_1DG@NNMMEGKD@?$AAS?$AAe?$AAl?$AAe?$AAc?$AAt?$AAe?$AAd?$AA?5?$AAc?$AAo?$AAn?$AAn?$AAe?$AAc?$AAt?$AA?5?$AAc?$AAo?$AAm?$AAm?$AAa?$AAn?$AAd?$AA?4?$AA?6?$AA?$AA@ 000000014001127a     .-remote.o
 0002:000012b0       ??_C@_1CI@KPENLAE@?$AAE?$AAn?$AAt?$AAe?$AAr?$AA?5?$AAI?$AAP?$AA?5?$AAa?$AAn?$AAd?$AA?5?$AAP?$AAO?$AAR?$AAT?$AA?4?$AA?6?$AA?$AA@ 00000001400112b0     .-remote.o
 0002:000012d8       ??_C@_1EG@CAHECGOL@?$AAT?$AAr?$AAy?$AAi?$AAn?$AAg?$AA?5?$AAt?$AAo?$AA?5?$AAc?$AAo?$AAn?$AAn?$AAe?$AAc?$AAt?$AA?5?$AAt?$AAo?$AA?5?$AA?$FL?$AA?$CF?$AAs?$AA?$FN?$AA?5?$AA?$FL?$AA?$CF?$AAs?$AA?$FN?$AA?4?$AA?4@ 00000001400112d8     .-remote.o
 0002:0000131e       ??_C@_1DG@GLOHHOJG@?$AAT?$AAe?$AAm?$AAp?$AAo?$AAr?$AAa?$AAr?$AAy?$AA?5?$AAl?$AAo?$AAc?$AAa?$AAl?$AA_?$AAi?$AAd?$AA?5?$AA?$DN?$AA?5?$AA?$CF?$AAl?$AAl?$AAd?$AA?6?$AA?$AA@ 000000014001131e     .-remote.o
 0002:00001354       ??_C@_1DC@MOJEJJIM@?$AAC?$AAo?$AAn?$AAf?$AAi?$AAg?$AAu?$AAr?$AAa?$AAt?$AAi?$AAo?$AAn?$AA?5?$AAc?$AAo?$AAn?$AAf?$AAi?$AAr?$AAm?$AAe?$AAd?$AA?6?$AA?$AA@ 0000000140011354     .-remote.o
 0002:00001386       ??_C@_1BA@IEOPIPPP@?$AAg?$AAe?$AAt?$AA?5?$AAi?$AAd?$AA?6?$AA?$AA@ 0000000140011386     .-remote.o
 0002:00001396       ??_C@_1BE@JGIALBEO@?$AAs?$AAl?$AAe?$AAe?$AAp?$AAi?$AAn?$AAg?$AA?6?$AA?$AA@ 0000000140011396     .-remote.o
 0002:000013aa       ??_C@_1CC@DLADIFA@?$AAr?$AAu?$AAn?$AAn?$AAi?$AAn?$AAg?$AA?5?$AAt?$AAh?$AAr?$AAe?$AAa?$AAd?$AAs?$AA?6?$AA?$AA@ 00000001400113aa     .-remote.o
 0002:000013cc       ??_C@_1CO@OPIMELJM@?$AAn?$AAe?$AAt?$AAw?$AAo?$AAr?$AAk?$AA?5?$AAi?$AAn?$AAi?$AAt?$AAi?$AAa?$AAl?$AAi?$AAz?$AAa?$AAt?$AAe?$AAd?$AA?6?$AA?$AA@ 00000001400113cc     .-remote.o
 0002:000013fa       ??_C@_1DM@PKIKMHMJ@?$AA?$FL?$AAN?$AAE?$AAT?$AAW?$AAO?$AAR?$AAK?$AA?$FN?$AA?3?$AA?5?$AAP?$AAe?$AAe?$AAr?$AA?5?$AAd?$AAi?$AAs?$AAc?$AAo?$AAn?$AAn?$AAe?$AAc?$AAt?$AAe?$AAd?$AA?6?$AA?$AA@ 00000001400113fa     .-remote.o
 0002:00001436       ??_C@_1CO@OOHNIMCC@?$AAc?$AAl?$AAo?$AAs?$AAi?$AAn?$AAg?$AA?5?$AAc?$AAo?$AAn?$AAn?$AAe?$AAc?$AAt?$AAi?$AAo?$AAn?$AA?4?$AA?4?$AA?4?$AA?6?$AA?$AA@ 0000000140011436     .-remote.o
 0002:00001464       ??_C@_1LA@ICLCBFDH@?$AAE?$AAr?$AAr?$AAo?$AAr?$AA?3?$AA?5?$AAA?$AAP?$AAI?$AA_?$AAA?$AAN?$AAS?$AAW?$AAE?$AAR?$AA_?$AAR?$AAE?$AAQ?$AAU?$AAE?$AAS?$AAT?$AA_?$AAC?$AAO?$AAN?$AAN?$AAE?$AAC@ 0000000140011464     .-remote.o
 0002:00001514       ??_C@_1CG@PIAFPEME@?$AAS?$AAe?$AAr?$AAv?$AAe?$AAr?$AA?5?$AAs?$AAt?$AAa?$AAr?$AAt?$AAe?$AAd?$AA?4?$AA?4?$AA?4?$AA?6?$AA?$AA@ 0000000140011514     .-remote.o
 0002:0000153a       ??_C@_1BI@HLOPLBKF@?$AAb?$AAi?$AAn?$AAd?$AAi?$AAn?$AAg?$AA?4?$AA?4?$AA?4?$AA?6?$AA?$AA@ 000000014001153a     .-remote.o
 0002:00001552       ??_C@_1CA@GONFBJEC@?$AAS?$AAo?$AAc?$AAk?$AAe?$AAt?$AA?5?$AAc?$AAr?$AAe?$AAa?$AAt?$AAe?$AAd?$AA?6?$AA?$AA@ 0000000140011552     .-remote.o
 0002:00001572       ??_C@_1DK@EHAPFJND@?$AAs?$AAe?$AAr?$AAv?$AAe?$AAr?$AA?5?$AAs?$AAt?$AAa?$AAr?$AAt?$AAe?$AAd?$AA?5?$AAo?$AAn?$AA?5?$AAp?$AAo?$AAr?$AAt?$AA?5?$AA?$CF?$AAl?$AAl?$AAd?$AA?6?$AA?$AA@ 0000000140011572     .-remote.o
 0002:000015ac       ??_C@_1CM@OOKLEHNG@?$AAg?$AAe?$AAt?$AA?5?$AAn?$AAa?$AAm?$AAe?$AA?5?$AAf?$AAa?$AAi?$AAl?$AAe?$AAd?$AA?5?$AA?$CF?$AAl?$AAl?$AAd?$AA?6?$AA?$AA@ 00000001400115ac     .-remote.o
 0002:000015d8       ??_C@_1CG@NGNGJBNB@?$AAE?$AAr?$AAr?$AAo?$AAr?$AA?5?$AAh?$AAa?$AAp?$AAp?$AAe?$AAn?$AA?5?$AA?$CF?$AAl?$AAl?$AAd?$AA?6?$AA?$AA@ 00000001400115d8     .-remote.o
 0002:000015fe       ??_C@_1FA@MICONLJJ@?$AAE?$AAr?$AAr?$AAo?$AAr?$AA?3?$AA?5?$AAf?$AAa?$AAi?$AAl?$AAe?$AAd?$AA?5?$AAt?$AAo?$AA?5?$AAa?$AAl?$AAl?$AAo?$AAc?$AAa?$AAt?$AAe?$AA?5?$AAm?$AAe?$AAm?$AAo?$AAr?$AAy@ 00000001400115fe     .-runtime_lib.o
 0002:0000164e       ??_C@_1FE@CPMEHOGL@?$AAE?$AAr?$AAr?$AAo?$AAr?$AA?3?$AA?5?$AAf?$AAa?$AAi?$AAl?$AAe?$AAd?$AA?5?$AAt?$AAo?$AA?5?$AAr?$AAe?$AAa?$AAl?$AAl?$AAo?$AAc?$AAa?$AAt?$AAe?$AA?5?$AAm?$AAe?$AAm?$AAo@ 000000014001164e     .-runtime_lib.o
 0002:000016a2       ??_C@_1EI@DJFGOBAG@?$AAE?$AAr?$AAr?$AAo?$AAr?$AA?3?$AA?5?$AAf?$AAa?$AAi?$AAl?$AAe?$AAd?$AA?5?$AAt?$AAo?$AA?5?$AAf?$AAr?$AAe?$AAe?$AA?5?$AAm?$AAe?$AAm?$AAo?$AAr?$AAy?$AA?3?$AA?5?$AA?$CF?$AAl@ 00000001400116a2     .-runtime_lib.o
 0002:000016ea       ??_C@_1CM@EJGKJCED@?$AAA?$AAs?$AAs?$AAe?$AAr?$AAt?$AAi?$AAo?$AAn?$AA?5?$AAf?$AAa?$AAi?$AAl?$AAe?$AAd?$AA?3?$AA?5?$AA?$CF?$AAs?$AA?6?$AA?$AA@ 00000001400116ea     .-runtime_lib.o
 0002:00001716       ??_C@_1EI@GJCCEHA@?$AAF?$AAi?$AAl?$AAe?$AA?3?$AA?5?$AA?$CF?$AAs?$AA?0?$AA?5?$AAL?$AAi?$AAn?$AAe?$AA?3?$AA?5?$AA?$CF?$AAl?$AAl?$AAd?$AA?0?$AA?5?$AAF?$AAu?$AAn?$AAc?$AAt?$AAi?$AAo?$AAn?$AA?3?$AA?5@ 0000000140011716     .-runtime_lib.o
 0002:0000194c       ??_C@_1GE@NIGCAFOK@?$AAE?$AAr?$AAr?$AAo?$AAr?$AA?3?$AA?5?$AAg?$AAp?$AAu?$AA?5?$AAw?$AAo?$AAr?$AAk?$AAe?$AAr?$AA?5?$AAd?$AAo?$AAe?$AAn?$AA?8?$AAt?$AA?5?$AAs?$AAu?$AAp?$AAp?$AAo?$AAr?$AAt@ 000000014001194c     .-runtime.o
 0002:000019b0       ??_C@_1GM@IJHLNMBE@?$AAt?$AAh?$AAr?$AAe?$AAa?$AAd?$AA?5?$AA?$CF?$AAl?$AAl?$AAd?$AA?3?$AA?5?$AA?5?$AAW?$AAa?$AAi?$AAt?$AA?$HM?$AAQ?$AAu?$AAe?$AAu?$AAe?$AAd?$AA?5?$AA?$CF?$AAl?$AAl?$AAd?$AA?$HM?$AA?$CF@ 00000001400119b0     .-runtime.o
 0002:00001a1c       ??_C@_1JE@CPFCJBNI@?$AAE?$AAR?$AAR?$AAO?$AAR?$AA?3?$AA?5?$AAR?$AAu?$AAn?$AAt?$AAi?$AAm?$AAe?$AA?5?$AAe?$AAn?$AAd?$AAp?$AAo?$AAi?$AAn?$AAt?$AA?5?$AA?$CF?$AAl?$AAl?$AAd?$AA?5?$AAd?$AAo?$AAe@ 0000000140011a1c     .-runtime.o
 0002:00001ab0       ??_C@_1BM@EIGFADGI@?$AAR?$AAE?$AAA?$AAD?$AA?5?$AAS?$AAT?$AAR?$AAI?$AAN?$AAG?$AA?3?$AA?6?$AA?$AA@ 0000000140011ab0     .-runtime.o
 0002:00001acc       ??_C@_1HI@GNCDLKLI@?$AAE?$AAr?$AAr?$AAo?$AAr?$AA?3?$AA?5?$AAr?$AAu?$AAn?$AAt?$AAi?$AAm?$AAe?$AA?5?$AAd?$AAo?$AAe?$AAs?$AAn?$AA?8?$AAt?$AA?5?$AAs?$AAu?$AAp?$AAp?$AAo?$AAr?$AAt?$AA?5?$AAs@ 0000000140011acc     .-runtime.o
 0002:00001b44       ??_C@_1CI@PHCDEMOE@?$AAb?$AAu?$AAi?$AAl?$AAd?$AAi?$AAn?$AAg?$AA?5?$AAk?$AAe?$AAr?$AAn?$AAe?$AAl?$AA?4?$AA?4?$AA?4?$AA?6?$AA?$AA@ 0000000140011b44     .-runtime.o
 0002:00001b6c       ??_C@_17MJEANDKP@?$AA?$CF?$AAs?$AA?6?$AA?$AA@ 0000000140011b6c     .-runtime.o
 0002:00001b74       ??_C@_04JNAIOECI@krnl?$AA@ 0000000140011b74     .-runtime.o
 0002:00001b7a       ??_C@_1DI@MMAOAOLJ@?$AAE?$AAr?$AAr?$AAo?$AAr?$AA?3?$AA?5?$AAk?$AAe?$AAr?$AAn?$AAe?$AAl?$AA?5?$AAb?$AAu?$AAi?$AAl?$AAd?$AA?5?$AAf?$AAa?$AAi?$AAl?$AAe?$AAd?$AA?6?$AA?$AA@ 0000000140011b7a     .-runtime.o
 0002:00001bb2       ??_C@_1DI@MLNAPEIE@?$AAS?$AAh?$AAe?$AAd?$AAu?$AAl?$AAe?$AAr?$AAI?$AAn?$AAs?$AAt?$AAa?$AAn?$AAc?$AAe?$AA?5?$AAc?$AAo?$AAm?$AAp?$AAl?$AAe?$AAt?$AAe?$AAd?$AA?6?$AA?$AA@ 0000000140011bb2     .-runtime.o
 0002:00001bea       ??_C@_1CG@NNOPFBAI@?$AAp?$AAr?$AAo?$AAm?$AAi?$AAs?$AAe?$AA?5?$AAn?$AAo?$AAt?$AA?5?$AAf?$AAo?$AAu?$AAn?$AAd?$AA?6?$AA?$AA@ 0000000140011bea     .-runtime.o
 0002:00001c10       ??_C@_1EK@KKIKLCHH@?$AAG?$AAp?$AAu?$AA?5?$AAs?$AAu?$AAs?$AAs?$AAy?$AAs?$AAt?$AAe?$AAm?$AA?5?$AAi?$AAn?$AAi?$AAt?$AAi?$AAa?$AAl?$AAi?$AAz?$AAa?$AAt?$AAi?$AAo?$AAn?$AA?5?$AAf?$AAa?$AAi@ 0000000140011c10     .-runtime.o
 0002:00001c5a       ??_C@_1CC@DEIAIPBB@?$AA?4?$AA?4?$AA?1?$AA?4?$AA?4?$AA?1?$AA?4?$AA?4?$AA?1?$AAr?$AAe?$AAs?$AA?4?$AAb?$AAi?$AAn?$AA?$AA@ 0000000140011c5a     .-runtime.o
 0002:00001c7c       ??_C@_1FC@OGJDIOEJ@?$AAE?$AAr?$AAr?$AAo?$AAr?$AA?3?$AA?5?$AAc?$AAa?$AAn?$AA?8?$AAt?$AA?5?$AAo?$AAp?$AAe?$AAn?$AA?5?$AA?4?$AA?4?$AA?1?$AA?4?$AA?4?$AA?1?$AA?4?$AA?4?$AA?1?$AAr?$AAe?$AAs?$AA?4?$AAb@ 0000000140011c7c     .-runtime.o
 0002:00001cce       ??_C@_1CE@CFOOJILH@?$AAN?$AAU?$AAM?$AA_?$AAT?$AAH?$AAR?$AAE?$AAA?$AAD?$AAS?$AA?$DN?$AA?$CF?$AAl?$AAl?$AAd?$AA?6?$AA?$AA@ 0000000140011cce     .-runtime.o
 0002:00001cf2       ??_C@_1DM@FEOJJAHB@?$AAS?$AAt?$AAa?$AAr?$AAt?$AAi?$AAn?$AAg?$AA?5?$AAw?$AAi?$AAt?$AAh?$AAo?$AAu?$AAt?$AA?5?$AAa?$AAn?$AAy?$AA?5?$AAw?$AAo?$AAr?$AAk?$AAe?$AAr?$AAs?$AA?6?$AA?$AA@ 0000000140011cf2     .-runtime.o
 0002:00001d2e       ??_C@_1CM@PELCBDJ@?$AAE?$AAn?$AAt?$AAr?$AAy?$AA?5?$AAw?$AAo?$AAr?$AAk?$AAe?$AAr?$AA?5?$AAi?$AAd?$AA?$DN?$AA?$CF?$AAl?$AAl?$AAd?$AA?6?$AA?$AA@ 0000000140011d2e     .-runtime.o
 0002:00001d5a       ??_C@_1DA@FBHJAJPI@?$AAr?$AAe?$AAs?$AAu?$AAl?$AAt?$AA?5?$AAp?$AAr?$AAo?$AAm?$AAi?$AAs?$AAe?$AA?5?$AA?$CF?$AAp?$AA?5?$AA?$CF?$AAl?$AAl?$AAd?$AA?6?$AA?$AA@ 0000000140011d5a     .-runtime.o
 0002:00001d8a       ??_C@_1BI@KEMCAKCM@?$AAR?$AAu?$AAn?$AAn?$AAi?$AAn?$AAg?$AA?4?$AA?4?$AA?4?$AA?6?$AA?$AA@ 0000000140011d8a     .-runtime.o
 0002:00001da2       ??_C@_1DM@HCILGOPA@?$AAF?$AAa?$AAi?$AAl?$AAe?$AAd?$AA?5?$AAt?$AAo?$AA?5?$AAc?$AAr?$AAe?$AAa?$AAt?$AAe?$AA?5?$AAt?$AAh?$AAr?$AAe?$AAa?$AAd?$AA?5?$AA?$CF?$AAl?$AAl?$AAd?$AA?6?$AA?$AA@ 0000000140011da2     .-runtime.o
 0002:00001dde       ??_C@_1CE@FBEJGOMB@?$AAP?$AAr?$AAo?$AAg?$AAr?$AAa?$AAm?$AA?5?$AAf?$AAi?$AAn?$AAi?$AAs?$AAh?$AAe?$AAd?$AA?6?$AA?$AA@ 0000000140011dde     .-runtime.o
 0002:00001e02       ??_C@_1EK@FDFELEEK@?$AAR?$AAe?$AAs?$AAu?$AAl?$AAt?$AA?5?$AAp?$AAr?$AAo?$AAm?$AAi?$AAs?$AAe?$AA?5?$AAn?$AAo?$AAt?$AA?5?$AAf?$AAo?$AAu?$AAn?$AAd?$AA?5?$AAo?$AAn?$AA?5?$AAm?$AAa?$AAc?$AAh@ 0000000140011e02     .-runtime.o
 0002:00001e4c       ??_C@_1DO@BFPIHEIA@?$AAP?$AAr?$AAo?$AAg?$AAr?$AAa?$AAm?$AA?5?$AAe?$AAx?$AAi?$AAt?$AAe?$AAd?$AA?5?$AAw?$AAi?$AAt?$AAh?$AA?5?$AAc?$AAo?$AAd?$AAe?$AA?5?$AA?$CF?$AAl?$AAl?$AAx?$AA?6?$AA?$AA@ 0000000140011e4c     .-runtime.o
 0002:00001e8a       ??_C@_1CK@DKIDNDNE@?$AAP?$AAr?$AAe?$AAs?$AAs?$AA?5?$AAC?$AAt?$AAr?$AAl?$AA?$CL?$AAC?$AA?5?$AAt?$AAo?$AA?5?$AAe?$AAn?$AAd?$AA?6?$AA?$AA@ 0000000140011e8a     .-runtime.o
 0002:00001eb4       ??_C@_1GO@CEANDIOF@?$AAR?$AAe?$AAs?$AAu?$AAl?$AAt?$AA?5?$AAo?$AAf?$AA?5?$AAm?$AAa?$AAi?$AAn?$AA?5?$AAf?$AAu?$AAn?$AAc?$AAt?$AAi?$AAo?$AAn?$AA?5?$AAi?$AAs?$AAn?$AA?8?$AAt?$AA?5?$AAr?$AAe@ 0000000140011eb4     .-runtime.o
 0002:00001f28       RtlNtPathSeperatorString   0000000140011f28     ws2_32:indef.obj
 0002:00001f38       ??_C@_13FPGAJAPJ@?$AA?2@   0000000140011f38     ws2_32:indef.obj
 0002:00001f40       RtlDosPathSeperatorsString 0000000140011f40     ws2_32:indef.obj
 0002:00001f50       ??_C@_15MNCACJLI@?$AA?2?$AA?1@ 0000000140011f50     ws2_32:indef.obj
 0002:00001f58       RtlAlternateDosPathSeperatorString 0000000140011f58     ws2_32:indef.obj
 0002:00001f68       ??_C@_13CGOKJPIL@?$AA?1@   0000000140011f68     ws2_32:indef.obj
 0002:00001f6c       eui48_broadcast            0000000140011f6c     ws2_32:indef.obj
 0002:00001fe8       scopeid_unspecified        0000000140011fe8     ws2_32:indef.obj
 0002:00001fec       in4addr_any                0000000140011fec     ws2_32:indef.obj
 0002:00001ff0       in4addr_loopback           0000000140011ff0     ws2_32:indef.obj
 0002:00001ff4       in4addr_broadcast          0000000140011ff4     ws2_32:indef.obj
 0002:00001ff8       in4addr_allnodesonlink     0000000140011ff8     ws2_32:indef.obj
 0002:00001ffc       in4addr_allroutersonlink   0000000140011ffc     ws2_32:indef.obj
 0002:00002000       in4addr_alligmpv3routersonlink 0000000140012000     ws2_32:indef.obj
 0002:00002004       in4addr_allteredohostsonlink 0000000140012004     ws2_32:indef.obj
 0002:00002008       in4addr_linklocalprefix    0000000140012008     ws2_32:indef.obj
 0002:0000200c       in4addr_multicastprefix    000000014001200c     ws2_32:indef.obj
 0002:00002010       in6addr_any                0000000140012010     ws2_32:indef.obj
 0002:00002020       in6addr_loopback           0000000140012020     ws2_32:indef.obj
 0002:00002030       in6addr_allnodesonnode     0000000140012030     ws2_32:indef.obj
 0002:00002040       in6addr_allnodesonlink     0000000140012040     ws2_32:indef.obj
 0002:00002050       in6addr_allroutersonlink   0000000140012050     ws2_32:indef.obj
 0002:00002060       in6addr_allmldv2routersonlink 0000000140012060     ws2_32:indef.obj
 0002:00002070       in6addr_teredoinitiallinklocaladdress 0000000140012070     ws2_32:indef.obj
 0002:00002080       in6addr_linklocalprefix    0000000140012080     ws2_32:indef.obj
 0002:00002090       in6addr_multicastprefix    0000000140012090     ws2_32:indef.obj
 0002:000020a0       in6addr_solicitednodemulticastprefix 00000001400120a0     ws2_32:indef.obj
 0002:000020b0       in6addr_v4mappedprefix     00000001400120b0     ws2_32:indef.obj
 0002:000020c0       in6addr_6to4prefix         00000001400120c0     ws2_32:indef.obj
 0002:000020d0       in6addr_teredoprefix       00000001400120d0     ws2_32:indef.obj
 0002:000020e0       in6addr_teredoprefix_old   00000001400120e0     ws2_32:indef.obj
 0002:00002100       BUGCHECK_EFI_GUID          0000000140012100     ws2_32:indef.obj
 0002:00002440       __imp_CommandLineToArgvW   0000000140012440     shell32:SHELL32.dll
 0002:00002450       __imp_AcquireSRWLockExclusive 0000000140012450     kernel32:KERNEL32.dll
 0002:00002458       __imp_AcquireSRWLockShared 0000000140012458     kernel32:KERNEL32.dll
 0002:00002460       __imp_CloseHandle          0000000140012460     kernel32:KERNEL32.dll
 0002:00002468       __imp_CreateFileW          0000000140012468     kernel32:KERNEL32.dll
 0002:00002470       __imp_CreateIoCompletionPort 0000000140012470     kernel32:KERNEL32.dll
 0002:00002478       __imp_CreateThread         0000000140012478     kernel32:KERNEL32.dll
 0002:00002480       __imp_ExitProcess          0000000140012480     kernel32:KERNEL32.dll
 0002:00002488       __imp_GetCommandLineW      0000000140012488     kernel32:KERNEL32.dll
 0002:00002490       __imp_GetConsoleMode       0000000140012490     kernel32:KERNEL32.dll
 0002:00002498       __imp_GetFileSizeEx        0000000140012498     kernel32:KERNEL32.dll
 0002:000024a0       __imp_GetLastError         00000001400124a0     kernel32:KERNEL32.dll
 0002:000024a8       __imp_GetProcAddress       00000001400124a8     kernel32:KERNEL32.dll
 0002:000024b0       __imp_GetProcessHeap       00000001400124b0     kernel32:KERNEL32.dll
 0002:000024b8       __imp_GetQueuedCompletionStatus 00000001400124b8     kernel32:KERNEL32.dll
 0002:000024c0       __imp_GetStdHandle         00000001400124c0     kernel32:KERNEL32.dll
 0002:000024c8       __imp_HeapAlloc            00000001400124c8     kernel32:KERNEL32.dll
 0002:000024d0       __imp_HeapFree             00000001400124d0     kernel32:KERNEL32.dll
 0002:000024d8       __imp_HeapReAlloc          00000001400124d8     kernel32:KERNEL32.dll
 0002:000024e0       __imp_LoadLibraryA         00000001400124e0     kernel32:KERNEL32.dll
 0002:000024e8       __imp_MultiByteToWideChar  00000001400124e8     kernel32:KERNEL32.dll
 0002:000024f0       __imp_QueryPerformanceCounter 00000001400124f0     kernel32:KERNEL32.dll
 0002:000024f8       __imp_QueryPerformanceFrequency 00000001400124f8     kernel32:KERNEL32.dll
 0002:00002500       __imp_ReadConsoleW         0000000140012500     kernel32:KERNEL32.dll
 0002:00002508       __imp_ReadFile             0000000140012508     kernel32:KERNEL32.dll
 0002:00002510       __imp_ReleaseSRWLockExclusive 0000000140012510     kernel32:KERNEL32.dll
 0002:00002518       __imp_ReleaseSRWLockShared 0000000140012518     kernel32:KERNEL32.dll
 0002:00002520       __imp_Sleep                0000000140012520     kernel32:KERNEL32.dll
 0002:00002528       __imp_TlsAlloc             0000000140012528     kernel32:KERNEL32.dll
 0002:00002530       __imp_TlsFree              0000000140012530     kernel32:KERNEL32.dll
 0002:00002538       __imp_TlsGetValue          0000000140012538     kernel32:KERNEL32.dll
 0002:00002540       __imp_TlsSetValue          0000000140012540     kernel32:KERNEL32.dll
 0002:00002548       __imp_TryAcquireSRWLockExclusive 0000000140012548     kernel32:KERNEL32.dll
 0002:00002550       __imp_VirtualAlloc         0000000140012550     kernel32:KERNEL32.dll
 0002:00002558       __imp_WaitForMultipleObjects 0000000140012558     kernel32:KERNEL32.dll
 0002:00002560       __imp_WriteConsoleW        0000000140012560     kernel32:KERNEL32.dll
 0002:00002570       __imp_BCryptGenRandom      0000000140012570     bcrypt:bcrypt.dll
 0002:00002580       __imp_WSAGetLastError      0000000140012580     ws2_32:WS2_32.dll
 0002:00002588       __imp_WSARecv              0000000140012588     ws2_32:WS2_32.dll
 0002:00002590       __imp_WSAStartup           0000000140012590     ws2_32:WS2_32.dll
 0002:00002598       __imp_accept               0000000140012598     ws2_32:WS2_32.dll
 0002:000025a0       __imp_bind                 00000001400125a0     ws2_32:WS2_32.dll
 0002:000025a8       __imp_closesocket          00000001400125a8     ws2_32:WS2_32.dll
 0002:000025b0       __imp_connect              00000001400125b0     ws2_32:WS2_32.dll
 0002:000025b8       __imp_freeaddrinfo         00000001400125b8     ws2_32:WS2_32.dll
 0002:000025c0       __imp_getaddrinfo          00000001400125c0     ws2_32:WS2_32.dll
 0002:000025c8       __imp_getsockname          00000001400125c8     ws2_32:WS2_32.dll
 0002:000025d0       __imp_htons                00000001400125d0     ws2_32:WS2_32.dll
 0002:000025d8       __imp_listen               00000001400125d8     ws2_32:WS2_32.dll
 0002:000025e0       __imp_ntohs                00000001400125e0     ws2_32:WS2_32.dll
 0002:000025e8       __imp_send                 00000001400125e8     ws2_32:WS2_32.dll
 0002:000025f0       __imp_setsockopt           00000001400125f0     ws2_32:WS2_32.dll
 0002:000025f8       __imp_socket               00000001400125f8     ws2_32:WS2_32.dll
 0002:00002608       __imp_clBuildProgram       0000000140012608     OpenCL:OpenCL.dll
 0002:00002610       __imp_clCreateBuffer       0000000140012610     OpenCL:OpenCL.dll
 0002:00002618       __imp_clCreateCommandQueueWithProperties 0000000140012618     OpenCL:OpenCL.dll
 0002:00002620       __imp_clCreateContext      0000000140012620     OpenCL:OpenCL.dll
 0002:00002628       __imp_clCreateKernel       0000000140012628     OpenCL:OpenCL.dll
 0002:00002630       __imp_clCreateProgramWithSource 0000000140012630     OpenCL:OpenCL.dll
 0002:00002638       __imp_clEnqueueNDRangeKernel 0000000140012638     OpenCL:OpenCL.dll
 0002:00002640       __imp_clEnqueueReadBuffer  0000000140012640     OpenCL:OpenCL.dll
 0002:00002648       __imp_clEnqueueWriteBuffer 0000000140012648     OpenCL:OpenCL.dll
 0002:00002650       __imp_clFinish             0000000140012650     OpenCL:OpenCL.dll
 0002:00002658       __imp_clGetDeviceIDs       0000000140012658     OpenCL:OpenCL.dll
 0002:00002660       __imp_clGetDeviceInfo      0000000140012660     OpenCL:OpenCL.dll
 0002:00002668       __imp_clGetKernelArgInfo   0000000140012668     OpenCL:OpenCL.dll
 0002:00002670       __imp_clGetPlatformIDs     0000000140012670     OpenCL:OpenCL.dll
 0002:00002678       __imp_clGetPlatformInfo    0000000140012678     OpenCL:OpenCL.dll
 0002:00002680       __imp_clGetProgramBuildInfo 0000000140012680     OpenCL:OpenCL.dll
 0002:00002688       __imp_clSetKernelArg       0000000140012688     OpenCL:OpenCL.dll
 0003:00000000       server_port                0000000140013000     .-remote.o
 0003:00000008       thisServerId               0000000140013008     .-remote.o
 0003:00000010       Providers                  0000000140013010     .-runtime.o
 0003:00000058       AddressFamilyInformation   0000000140013058     ws2_32:indef.obj
 0003:00000080       connections_lock           0000000140013080     .-api.o
 0003:00000088       connections_len            0000000140013088     .-api.o
 0003:00000090       pages_lock                 0000000140013090     .-api.o
 0003:00000098       pages_len                  0000000140013098     .-api.o
 0003:000000a0       known_id_broadcasts        00000001400130a0     .-api.o
 0003:000000c0       known_page_broadcasts      00000001400130c0     .-api.o
 0003:000000e0       known_path_broadcasts      00000001400130e0     .-api.o
 0003:00000100       known_path_id_broadcasts   0000000140013100     .-api.o
 0003:00000120       local_objects              0000000140013120     .-api.o
 0003:00000140       known_objects              0000000140013140     .-api.o
 0003:00000160       query_requests             0000000140013160     .-api.o
 0003:00000180       push_requests              0000000140013180     .-api.o
 0003:000001a0       known_hives                00000001400131a0     .-api.o
 0003:000001c0       connections                00000001400131c0     .-api.o
 0003:000021c0       pages                      00000001400151c0     .-api.o
 0003:00002dc0       SL_best_platform           0000000140015dc0     .-gpu_subsystem.o
 0003:00002dc4       SL_best_platform_value     0000000140015dc4     .-gpu_subsystem.o
 0003:00002dc8       SL_platforms_len           0000000140015dc8     .-gpu_subsystem.o
 0003:00002dd0       SL_platforms               0000000140015dd0     .-gpu_subsystem.o
 0003:00002e50       SL_devices                 0000000140015e50     .-gpu_subsystem.o
 0003:00003250       SL_devices_len             0000000140016250     .-gpu_subsystem.o
 0003:00003290       SL_main_platform           0000000140016290     .-gpu_subsystem.o
 0003:00003298       SL_context                 0000000140016298     .-gpu_subsystem.o
 0003:000032a0       SL_queues                  00000001400162a0     .-gpu_subsystem.o
 0003:000036a0       SL_queues_len              00000001400166a0     .-gpu_subsystem.o
 0003:000036e0       queue                      00000001400166e0     .-queue.o
 0003:00003700       ServerIdGetLock            0000000140016700     .-remote.o
 0003:00003708       next_local_id              0000000140016708     .-remote.o
 0003:00003710       hIOCP                      0000000140016710     .-remote.o
 0003:00003720       hHeap                      0000000140016720     .-runtime_lib.o
 0003:00003728       hInput                     0000000140016728     .-runtime_lib.o
 0003:00003730       buf                        0000000140016730     .-runtime_lib.o
 0003:00004730       hOutput                    0000000140017730     .-runtime_lib.o
 0003:00004738       frequency                  0000000140017738     .-runtime_lib.o
 0003:00004740       Workers                    0000000140017740     .-runtime.o
 0003:000050a0       wait_list_lock             00000001400180a0     .-runtime.o
 0003:000050a8       wait_list_len              00000001400180a8     .-runtime.o
 0003:000050b0       dwTlsIndex                 00000001400180b0     .-runtime.o
 0003:000050c0       wait_list                  00000001400180c0     .-runtime.o
 0003:000c85c0       defined_arrays             00000001400db5c0     .-runtime.o
 0003:000c85c8       ExPoolZeroingNativelySupported 00000001400db5c8     ws2_32:indef.obj

 entry point at         0001:0000d190

 Static symbols

 0001:00002540       GetKnownHiveHash           0000000140003540     .-api.o
 0001:000063b0       p                          00000001400073b0     .-queue.o
 0001:000087d0       Worker                     00000001400097d0     .-remote.o
 0001:00008d00       ConnectionListnerWorker    0000000140009d00     .-remote.o
 0001:00008f20       PagesAllocator             0000000140009f20     .-remote.o
 0001:00008ff0       StateSender                0000000140009ff0     .-remote.o
 0001:00009010       HandleApiCall              000000014000a010     .-remote.o
 0001:0000d7e0       .text                      000000014000e7e0     asm.o
 0002:00001f78       IPSEC_AUTH_TRANSFORM_ID_HMAC_MD5_96 0000000140011f78     ws2_32:indef.obj
 0002:00001f80       IPSEC_AUTH_TRANSFORM_ID_HMAC_SHA_1_96 0000000140011f80     ws2_32:indef.obj
 0002:00001f88       IPSEC_AUTH_TRANSFORM_ID_HMAC_SHA_256_128 0000000140011f88     ws2_32:indef.obj
 0002:00001f90       IPSEC_AUTH_TRANSFORM_ID_GCM_AES_128 0000000140011f90     ws2_32:indef.obj
 0002:00001f98       IPSEC_AUTH_TRANSFORM_ID_GCM_AES_192 0000000140011f98     ws2_32:indef.obj
 0002:00001fa0       IPSEC_AUTH_TRANSFORM_ID_GCM_AES_256 0000000140011fa0     ws2_32:indef.obj
 0002:00001fa8       IPSEC_CIPHER_TRANSFORM_ID_CBC_DES 0000000140011fa8     ws2_32:indef.obj
 0002:00001fb0       IPSEC_CIPHER_TRANSFORM_ID_CBC_3DES 0000000140011fb0     ws2_32:indef.obj
 0002:00001fb8       IPSEC_CIPHER_TRANSFORM_ID_AES_128 0000000140011fb8     ws2_32:indef.obj
 0002:00001fc0       IPSEC_CIPHER_TRANSFORM_ID_AES_192 0000000140011fc0     ws2_32:indef.obj
 0002:00001fc8       IPSEC_CIPHER_TRANSFORM_ID_AES_256 0000000140011fc8     ws2_32:indef.obj
 0002:00001fd0       IPSEC_CIPHER_TRANSFORM_ID_GCM_AES_128 0000000140011fd0     ws2_32:indef.obj
 0002:00001fd8       IPSEC_CIPHER_TRANSFORM_ID_GCM_AES_192 0000000140011fd8     ws2_32:indef.obj
 0002:00001fe0       IPSEC_CIPHER_TRANSFORM_ID_GCM_AES_256 0000000140011fe0     ws2_32:indef.obj
 0002:000020f0       BFE_GENERIC_MAPPING        00000001400120f0     ws2_32:indef.obj
 0003:000c85c9       WFP_TRACE_NULL_DATA        00000001400db5c9     ws2_32:indef.obj
 0004:00000000       .data                      00000001400dc000     asm.o
