 a

 Timestamp is 697ed850 (Sun Feb  1 07:36:32 2026)

 Preferred load address is 0000000140000000

 Start         Length     Name                   Class
 0001:00000000 0000879aH .text                   CODE
 0002:00000000 00000b40H .rdata                  DATA
 0003:00000000 00000034H .data                   DATA
 0003:00000040 000db48eH .bss                    DATA
 0004:00000000 000006a2H .data                   DATA

  Address         Publics by Value              Rva+Base               Lib:Object

 0001:00000000       equal_bytes                0000000140001000     api.o
 0001:00000090       GetHashtableNoLock         0000000140001090     api.o
 0001:000001c0       SetHashtableNoLock         00000001400011c0     api.o
 0001:000004c0       GetHashtable               00000001400014c0     api.o
 0001:00000520       SetHashtable               0000000140001520     api.o
 0001:00000570       InitInternalStructures     0000000140001570     api.o
 0001:000008b0       PauseWorker                00000001400018b0     await_worker.o
 0001:00000950       RegisterObjectWithId       0000000140001950     new_object.o
 0001:00000980       NewObjectUsingPage         0000000140001980     new_object.o
 0001:00000cf0       GetNewObjectId             0000000140001cf0     new_object.o
 0001:00000de0       NewObject                  0000000140001de0     new_object.o
 0001:00000ed0       UpdateLocalPush            0000000140001ed0     push_object.o
 0001:00000fa0       PushObject                 0000000140001fa0     push_object.o
 0001:00001210       PushPipe                   0000000140002210     push_object.o
 0001:00001240       UpdateFromQueryResult      0000000140002240     query_object.o
 0001:000012c0       QueryLocalObject           00000001400022c0     query_object.o
 0001:00001420       QueryObject                0000000140002420     query_object.o
 0001:00001620       QueryPipe                  0000000140002620     query_object.o
 0001:00001650       GetConnectionById          0000000140002650     remote.o
 0001:000016e0       ConfirmPage                00000001400026e0     remote.o
 0001:00001770       ConfirmID                  0000000140002770     remote.o
 0001:000017c0       HandleNewConnection        00000001400027c0     remote.o
 0001:000019a0       UpdateWaitingPush          00000001400029a0     remote.o
 0001:00001c20       AnswerPushObject           0000000140002c20     remote.o
 0001:00001ce0       SendPageAllocationConfirm  0000000140002ce0     remote.o
 0001:00001d60       SendIDConfirm              0000000140002d60     remote.o
 0001:00001de0       RedirectBroadcastQuery     0000000140002de0     remote.o
 0001:00001f40       RedirectBroadcastIDQuery   0000000140002f40     remote.o
 0001:000020a0       ConfirmConnection          00000001400030a0     remote.o
 0001:00002210       InitiateConnection         0000000140003210     remote.o
 0001:00002530       RequestMemoryPage          0000000140003530     remote.o
 0001:00002620       RequestServerId            0000000140003620     remote.o
 0001:00002720       AnswerQueryObject          0000000140003720     remote.o
 0001:00002820       AnswerRequestObjectPath    0000000140003820     remote.o
 0001:00002940       RequestObjectPathBroadcast 0000000140003940     remote.o
 0001:00002b30       AnswerRequestPathToID      0000000140003b30     remote.o
 0001:00002c50       RequestPathToIDBroadcast   0000000140003c50     remote.o
 0001:00002e40       RequestObjectGet           0000000140003e40     remote.o
 0001:00002f50       RequestObjectSet           0000000140003f50     remote.o
 0001:00003100       StartNewWorkerRemote       0000000140004100     remote.o
 0001:00003210       SendHiveState              0000000140004210     remote.o
 0001:000033c0       start_remote_subsystem     00000001400043c0     remote.o
 0001:000059c0       memset                     00000001400069c0     runtime_lib.o
 0001:00005a20       memcpy                     0000000140006a20     runtime_lib.o
 0001:00005a90       myMalloc                   0000000140006a90     runtime_lib.o
 0001:00005ae0       myPrintf                   0000000140006ae0     runtime_lib.o
 0001:00005e10       myFree                     0000000140006e10     runtime_lib.o
 0001:00005e50       myAtoll                    0000000140006e50     runtime_lib.o
 0001:00005f90       get_char                   0000000140006f90     runtime_lib.o
 0001:00006070       myScanI64                  0000000140007070     runtime_lib.o
 0001:00006100       myScanS                    0000000140007100     runtime_lib.o
 0001:00006200       PrintI64                   0000000140007200     runtime_lib.o
 0001:000062d0       PrintI64H                  00000001400072d0     runtime_lib.o
 0001:00006370       Print2H                    0000000140007370     runtime_lib.o
 0001:00006410       assertion_failure          0000000140007410     runtime_lib.o
 0001:00006460       myAbs                      0000000140007460     runtime_lib.o
 0001:00006490       MicrosecondsToTicks        0000000140007490     runtime_lib.o
 0001:000064b0       TicksToMicroseconds        00000001400074b0     runtime_lib.o
 0001:000064d0       GetTicks                   00000001400074d0     runtime_lib.o
 0001:000064f0       SheduleTimeoutFromNow      00000001400074f0     runtime_lib.o
 0001:00006530       init_lib                   0000000140007530     runtime_lib.o
 0001:00006580       PrintObject                0000000140007580     runtime.o
 0001:00006690       WaitListWorker             0000000140007690     runtime.o
 0001:00006760       EnqueueWorkerFromWaitList  0000000140007760     runtime.o
 0001:000067f0       EnqueueWorker              00000001400077f0     runtime.o
 0001:00006840       UpdateWaitingWorkers       0000000140007840     runtime.o
 0001:00006b80       SheduleWorker              0000000140007b80     runtime.o
 0001:00006fc0       StartNewWorker             0000000140007fc0     runtime.o
 0001:000072a0       CallObject                 00000001400082a0     runtime.o
 0001:00007310       LoadWorker                 0000000140008310     runtime.o
 0001:00007cd0       ShedulerInstance           0000000140008cd0     runtime.o
 0001:00007d30       entry                      0000000140008d30     runtime.o
 0001:000083b4       fastPushObject             00000001400093b4     asm.o
 0001:00008435       fastPushPipe               0000000140009435     asm.o
 0001:000084b6       fastQueryObject            00000001400094b6     asm.o
 0001:0000853a       fastQueryPipe              000000014000953a     asm.o
 0001:000085be       fastNewObject              00000001400095be     asm.o
 0001:00008637       fastCallObject             0000000140009637     asm.o
 0001:0000866d       ExecuteWorker              000000014000966d     asm.o
 0001:000086b4       setjmpUN                   00000001400096b4     asm.o
 0001:000086e7       longjmpUN                  00000001400096e7     asm.o
 0001:00008710       DllCall                    0000000140009710     asm.o
 0001:000087a0       CommandLineToArgvW         00000001400097a0     shell32:SHELL32.dll
 0001:000087b0       AcquireSRWLockExclusive    00000001400097b0     kernel32:KERNEL32.dll
 0001:000087c0       AcquireSRWLockShared       00000001400097c0     kernel32:KERNEL32.dll
 0001:000087d0       CloseHandle                00000001400097d0     kernel32:KERNEL32.dll
 0001:000087e0       CreateFileW                00000001400097e0     kernel32:KERNEL32.dll
 0001:000087f0       CreateIoCompletionPort     00000001400097f0     kernel32:KERNEL32.dll
 0001:00008800       CreateThread               0000000140009800     kernel32:KERNEL32.dll
 0001:00008810       ExitProcess                0000000140009810     kernel32:KERNEL32.dll
 0001:00008820       GetCommandLineW            0000000140009820     kernel32:KERNEL32.dll
 0001:00008830       GetConsoleMode             0000000140009830     kernel32:KERNEL32.dll
 0001:00008840       GetFileSizeEx              0000000140009840     kernel32:KERNEL32.dll
 0001:00008850       GetLastError               0000000140009850     kernel32:KERNEL32.dll
 0001:00008860       GetProcAddress             0000000140009860     kernel32:KERNEL32.dll
 0001:00008870       GetProcessHeap             0000000140009870     kernel32:KERNEL32.dll
 0001:00008880       GetQueuedCompletionStatus  0000000140009880     kernel32:KERNEL32.dll
 0001:00008890       GetStdHandle               0000000140009890     kernel32:KERNEL32.dll
 0001:000088a0       HeapAlloc                  00000001400098a0     kernel32:KERNEL32.dll
 0001:000088b0       HeapFree                   00000001400098b0     kernel32:KERNEL32.dll
 0001:000088c0       LoadLibraryA               00000001400098c0     kernel32:KERNEL32.dll
 0001:000088d0       MultiByteToWideChar        00000001400098d0     kernel32:KERNEL32.dll
 0001:000088e0       QueryPerformanceCounter    00000001400098e0     kernel32:KERNEL32.dll
 0001:000088f0       QueryPerformanceFrequency  00000001400098f0     kernel32:KERNEL32.dll
 0001:00008900       ReadConsoleW               0000000140009900     kernel32:KERNEL32.dll
 0001:00008910       ReadFile                   0000000140009910     kernel32:KERNEL32.dll
 0001:00008920       ReleaseSRWLockExclusive    0000000140009920     kernel32:KERNEL32.dll
 0001:00008930       ReleaseSRWLockShared       0000000140009930     kernel32:KERNEL32.dll
 0001:00008940       Sleep                      0000000140009940     kernel32:KERNEL32.dll
 0001:00008950       TlsAlloc                   0000000140009950     kernel32:KERNEL32.dll
 0001:00008960       TlsFree                    0000000140009960     kernel32:KERNEL32.dll
 0001:00008970       TlsGetValue                0000000140009970     kernel32:KERNEL32.dll
 0001:00008980       TlsSetValue                0000000140009980     kernel32:KERNEL32.dll
 0001:00008990       TryAcquireSRWLockExclusive 0000000140009990     kernel32:KERNEL32.dll
 0001:000089a0       VirtualAlloc               00000001400099a0     kernel32:KERNEL32.dll
 0001:000089b0       WaitForMultipleObjects     00000001400099b0     kernel32:KERNEL32.dll
 0001:000089c0       WriteConsoleW              00000001400099c0     kernel32:KERNEL32.dll
 0001:000089d0       BCryptGenRandom            00000001400099d0     bcrypt:bcrypt.dll
 0001:000089e0       WSARecv                    00000001400099e0     ws2_32:WS2_32.dll
 0001:000089f0       WSAStartup                 00000001400099f0     ws2_32:WS2_32.dll
 0001:00008a00       accept                     0000000140009a00     ws2_32:WS2_32.dll
 0001:00008a10       bind                       0000000140009a10     ws2_32:WS2_32.dll
 0001:00008a20       closesocket                0000000140009a20     ws2_32:WS2_32.dll
 0001:00008a30       connect                    0000000140009a30     ws2_32:WS2_32.dll
 0001:00008a40       freeaddrinfo               0000000140009a40     ws2_32:WS2_32.dll
 0001:00008a50       getaddrinfo                0000000140009a50     ws2_32:WS2_32.dll
 0001:00008a60       getsockname                0000000140009a60     ws2_32:WS2_32.dll
 0001:00008a70       htons                      0000000140009a70     ws2_32:WS2_32.dll
 0001:00008a80       listen                     0000000140009a80     ws2_32:WS2_32.dll
 0001:00008a90       ntohs                      0000000140009a90     ws2_32:WS2_32.dll
 0001:00008aa0       send                       0000000140009aa0     ws2_32:WS2_32.dll
 0001:00008ab0       setsockopt                 0000000140009ab0     ws2_32:WS2_32.dll
 0001:00008ac0       socket                     0000000140009ac0     ws2_32:WS2_32.dll
 0002:000000c0       ??_C@_1DE@OFJFJIIH@?$AAS?$AAe?$AAr?$AAv?$AAe?$AAr?$AA?5?$AAi?$AAd?$AA?$DN?$AA?$CF?$AAl?$AAl?$AAd?$AA?5?$AAc?$AAo?$AAn?$AAf?$AAi?$AAr?$AAm?$AAe?$AAd?$AA?6?$AA?$AA@ 000000014000a0c0     remote.o
 0002:000000f4       ??_C@_1FK@FPKJOMKP@?$AAE?$AAr?$AAr?$AAo?$AAr?$AA?3?$AA?5?$AAC?$AAo?$AAu?$AAl?$AAd?$AA?5?$AAn?$AAo?$AAt?$AA?5?$AAc?$AAo?$AAn?$AAn?$AAe?$AAc?$AAt?$AA?5?$AAt?$AAo?$AA?5?$AA?$CF?$AAs?$AA?5?$AA?$FL@ 000000014000a0f4     remote.o
 0002:0000014e       ??_C@_1DM@MBBJEJBJ@?$AAT?$AAr?$AAy?$AAi?$AAn?$AAg?$AA?5?$AAt?$AAo?$AA?5?$AAg?$AAe?$AAt?$AA?5?$AAs?$AAe?$AAr?$AAv?$AAe?$AAr?$AA?5?$AAi?$AAd?$AA?5?$AA?$CF?$AAl?$AAl?$AAd?$AA?6?$AA?$AA@ 000000014000a14e     remote.o
 0002:0000018a       ??_C@_1CK@IMAGNILG@?$AAC?$AAo?$AAn?$AAf?$AAi?$AAr?$AAm?$AAe?$AAd?$AA?5?$AAp?$AAo?$AAr?$AAt?$AA?$DN?$AA?$CF?$AAl?$AAl?$AAd?$AA?6?$AA?$AA@ 000000014000a18a     remote.o
 0002:000001b4       ??_C@_1DG@NNMMEGKD@?$AAS?$AAe?$AAl?$AAe?$AAc?$AAt?$AAe?$AAd?$AA?5?$AAc?$AAo?$AAn?$AAn?$AAe?$AAc?$AAt?$AA?5?$AAc?$AAo?$AAm?$AAm?$AAa?$AAn?$AAd?$AA?4?$AA?6?$AA?$AA@ 000000014000a1b4     remote.o
 0002:000001ea       ??_C@_1CI@KPENLAE@?$AAE?$AAn?$AAt?$AAe?$AAr?$AA?5?$AAI?$AAP?$AA?5?$AAa?$AAn?$AAd?$AA?5?$AAP?$AAO?$AAR?$AAT?$AA?4?$AA?6?$AA?$AA@ 000000014000a1ea     remote.o
 0002:00000212       ??_C@_1EG@CAHECGOL@?$AAT?$AAr?$AAy?$AAi?$AAn?$AAg?$AA?5?$AAt?$AAo?$AA?5?$AAc?$AAo?$AAn?$AAn?$AAe?$AAc?$AAt?$AA?5?$AAt?$AAo?$AA?5?$AA?$FL?$AA?$CF?$AAs?$AA?$FN?$AA?5?$AA?$FL?$AA?$CF?$AAs?$AA?$FN?$AA?4?$AA?4@ 000000014000a212     remote.o
 0002:00000258       ??_C@_1DG@GLOHHOJG@?$AAT?$AAe?$AAm?$AAp?$AAo?$AAr?$AAa?$AAr?$AAy?$AA?5?$AAl?$AAo?$AAc?$AAa?$AAl?$AA_?$AAi?$AAd?$AA?5?$AA?$DN?$AA?5?$AA?$CF?$AAl?$AAl?$AAd?$AA?6?$AA?$AA@ 000000014000a258     remote.o
 0002:0000028e       ??_C@_1DC@MOJEJJIM@?$AAC?$AAo?$AAn?$AAf?$AAi?$AAg?$AAu?$AAr?$AAa?$AAt?$AAi?$AAo?$AAn?$AA?5?$AAc?$AAo?$AAn?$AAf?$AAi?$AAr?$AAm?$AAe?$AAd?$AA?6?$AA?$AA@ 000000014000a28e     remote.o
 0002:000002c0       ??_C@_1DM@PKIKMHMJ@?$AA?$FL?$AAN?$AAE?$AAT?$AAW?$AAO?$AAR?$AAK?$AA?$FN?$AA?3?$AA?5?$AAP?$AAe?$AAe?$AAr?$AA?5?$AAd?$AAi?$AAs?$AAc?$AAo?$AAn?$AAn?$AAe?$AAc?$AAt?$AAe?$AAd?$AA?6?$AA?$AA@ 000000014000a2c0     remote.o
 0002:000002fc       ??_C@_1CO@OOHNIMCC@?$AAc?$AAl?$AAo?$AAs?$AAi?$AAn?$AAg?$AA?5?$AAc?$AAo?$AAn?$AAn?$AAe?$AAc?$AAt?$AAi?$AAo?$AAn?$AA?4?$AA?4?$AA?4?$AA?6?$AA?$AA@ 000000014000a2fc     remote.o
 0002:0000032a       ??_C@_1LA@ICLCBFDH@?$AAE?$AAr?$AAr?$AAo?$AAr?$AA?3?$AA?5?$AAA?$AAP?$AAI?$AA_?$AAA?$AAN?$AAS?$AAW?$AAE?$AAR?$AA_?$AAR?$AAE?$AAQ?$AAU?$AAE?$AAS?$AAT?$AA_?$AAC?$AAO?$AAN?$AAN?$AAE?$AAC@ 000000014000a32a     remote.o
 0002:000003da       ??_C@_1DK@EHAPFJND@?$AAs?$AAe?$AAr?$AAv?$AAe?$AAr?$AA?5?$AAs?$AAt?$AAa?$AAr?$AAt?$AAe?$AAd?$AA?5?$AAo?$AAn?$AA?5?$AAp?$AAo?$AAr?$AAt?$AA?5?$AA?$CF?$AAl?$AAl?$AAd?$AA?6?$AA?$AA@ 000000014000a3da     remote.o
 0002:00000414       ??_C@_1FA@MICONLJJ@?$AAE?$AAr?$AAr?$AAo?$AAr?$AA?3?$AA?5?$AAf?$AAa?$AAi?$AAl?$AAe?$AAd?$AA?5?$AAt?$AAo?$AA?5?$AAa?$AAl?$AAl?$AAo?$AAc?$AAa?$AAt?$AAe?$AA?5?$AAm?$AAe?$AAm?$AAo?$AAr?$AAy@ 000000014000a414     runtime_lib.o
 0002:00000464       ??_C@_1EI@DJFGOBAG@?$AAE?$AAr?$AAr?$AAo?$AAr?$AA?3?$AA?5?$AAf?$AAa?$AAi?$AAl?$AAe?$AAd?$AA?5?$AAt?$AAo?$AA?5?$AAf?$AAr?$AAe?$AAe?$AA?5?$AAm?$AAe?$AAm?$AAo?$AAr?$AAy?$AA?3?$AA?5?$AA?$CF?$AAl@ 000000014000a464     runtime_lib.o
 0002:000004ac       ??_C@_1CM@EJGKJCED@?$AAA?$AAs?$AAs?$AAe?$AAr?$AAt?$AAi?$AAo?$AAn?$AA?5?$AAf?$AAa?$AAi?$AAl?$AAe?$AAd?$AA?3?$AA?5?$AA?$CF?$AAs?$AA?6?$AA?$AA@ 000000014000a4ac     runtime_lib.o
 0002:000004d8       ??_C@_1EI@GJCCEHA@?$AAF?$AAi?$AAl?$AAe?$AA?3?$AA?5?$AA?$CF?$AAs?$AA?0?$AA?5?$AAL?$AAi?$AAn?$AAe?$AA?3?$AA?5?$AA?$CF?$AAl?$AAl?$AAd?$AA?0?$AA?5?$AAF?$AAu?$AAn?$AAc?$AAt?$AAi?$AAo?$AAn?$AA?3?$AA?5@ 000000014000a4d8     runtime_lib.o
 0002:000005a0       ??_C@_1DO@IALLLPBG@?$AAN?$AAO?$AAT?$AA?5?$AAI?$AAM?$AAP?$AAL?$AAE?$AAM?$AAE?$AAN?$AAT?$AAE?$AAD?$AA?5?$AAW?$AAA?$AAI?$AAT?$AAI?$AAN?$AAG?$AA_?$AAT?$AAI?$AAM?$AAE?$AAR?$AA?6?$AA?$AA@ 000000014000a5a0     runtime.o
 0002:000005de       ??_C@_1GM@IJHLNMBE@?$AAt?$AAh?$AAr?$AAe?$AAa?$AAd?$AA?5?$AA?$CF?$AAl?$AAl?$AAd?$AA?3?$AA?5?$AA?5?$AAW?$AAa?$AAi?$AAt?$AA?$HM?$AAQ?$AAu?$AAe?$AAu?$AAe?$AAd?$AA?5?$AA?$CF?$AAl?$AAl?$AAd?$AA?$HM?$AA?$CF@ 000000014000a5de     runtime.o
 0002:0000064a       ??_C@_1HI@GNCDLKLI@?$AAE?$AAr?$AAr?$AAo?$AAr?$AA?3?$AA?5?$AAr?$AAu?$AAn?$AAt?$AAi?$AAm?$AAe?$AA?5?$AAd?$AAo?$AAe?$AAs?$AAn?$AA?8?$AAt?$AA?5?$AAs?$AAu?$AAp?$AAp?$AAo?$AAr?$AAt?$AA?5?$AAs@ 000000014000a64a     runtime.o
 0002:000006c2       ??_C@_1CC@DEIAIPBB@?$AA?4?$AA?4?$AA?1?$AA?4?$AA?4?$AA?1?$AA?4?$AA?4?$AA?1?$AAr?$AAe?$AAs?$AA?4?$AAb?$AAi?$AAn?$AA?$AA@ 000000014000a6c2     runtime.o
 0002:000006e4       ??_C@_1FC@OGJDIOEJ@?$AAE?$AAr?$AAr?$AAo?$AAr?$AA?3?$AA?5?$AAc?$AAa?$AAn?$AA?8?$AAt?$AA?5?$AAo?$AAp?$AAe?$AAn?$AA?5?$AA?4?$AA?4?$AA?1?$AA?4?$AA?4?$AA?1?$AA?4?$AA?4?$AA?1?$AAr?$AAe?$AAs?$AA?4?$AAb@ 000000014000a6e4     runtime.o
 0002:00000736       ??_C@_1DM@FEOJJAHB@?$AAS?$AAt?$AAa?$AAr?$AAt?$AAi?$AAn?$AAg?$AA?5?$AAw?$AAi?$AAt?$AAh?$AAo?$AAu?$AAt?$AA?5?$AAa?$AAn?$AAy?$AA?5?$AAw?$AAo?$AAr?$AAk?$AAe?$AAr?$AAs?$AA?6?$AA?$AA@ 000000014000a736     runtime.o
 0002:00000772       ??_C@_1CO@DCKAPNAK@?$AAw?$AAa?$AAi?$AAt?$AAi?$AAn?$AAg?$AA?5?$AAs?$AAt?$AAa?$AAr?$AAt?$AAu?$AAp?$AA?5?$AAp?$AAa?$AAg?$AAe?$AAs?$AA?6?$AA?$AA@ 000000014000a772     runtime.o
 0002:000007a0       ??_C@_1EI@OLFKDNEP@?$AAE?$AAr?$AAr?$AAo?$AAr?$AA?3?$AA?5?$AAa?$AAl?$AAl?$AAo?$AAc?$AAa?$AAt?$AAe?$AAd?$AA?5?$AAa?$AAr?$AAr?$AAa?$AAy?$AA?5?$AAi?$AAs?$AAn?$AA?8?$AAt?$AA?5?$AAl?$AAo?$AAc@ 000000014000a7a0     runtime.o
 0002:000007e8       ??_C@_1BI@KEMCAKCM@?$AAR?$AAu?$AAn?$AAn?$AAi?$AAn?$AAg?$AA?4?$AA?4?$AA?4?$AA?6?$AA?$AA@ 000000014000a7e8     runtime.o
 0002:00000800       ??_C@_1DM@HCILGOPA@?$AAF?$AAa?$AAi?$AAl?$AAe?$AAd?$AA?5?$AAt?$AAo?$AA?5?$AAc?$AAr?$AAe?$AAa?$AAt?$AAe?$AA?5?$AAt?$AAh?$AAr?$AAe?$AAa?$AAd?$AA?5?$AA?$CF?$AAl?$AAl?$AAd?$AA?6?$AA?$AA@ 000000014000a800     runtime.o
 0002:0000083c       ??_C@_1CE@FBEJGOMB@?$AAP?$AAr?$AAo?$AAg?$AAr?$AAa?$AAm?$AA?5?$AAf?$AAi?$AAn?$AAi?$AAs?$AAh?$AAe?$AAd?$AA?6?$AA?$AA@ 000000014000a83c     runtime.o
 0002:00000860       ??_C@_1EK@FDFELEEK@?$AAR?$AAe?$AAs?$AAu?$AAl?$AAt?$AA?5?$AAp?$AAr?$AAo?$AAm?$AAi?$AAs?$AAe?$AA?5?$AAn?$AAo?$AAt?$AA?5?$AAf?$AAo?$AAu?$AAn?$AAd?$AA?5?$AAo?$AAn?$AA?5?$AAm?$AAa?$AAc?$AAh@ 000000014000a860     runtime.o
 0002:000008aa       ??_C@_1DO@BFPIHEIA@?$AAP?$AAr?$AAo?$AAg?$AAr?$AAa?$AAm?$AA?5?$AAe?$AAx?$AAi?$AAt?$AAe?$AAd?$AA?5?$AAw?$AAi?$AAt?$AAh?$AA?5?$AAc?$AAo?$AAd?$AAe?$AA?5?$AA?$CF?$AAl?$AAl?$AAx?$AA?6?$AA?$AA@ 000000014000a8aa     runtime.o
 0002:000008e8       ??_C@_1GO@CEANDIOF@?$AAR?$AAe?$AAs?$AAu?$AAl?$AAt?$AA?5?$AAo?$AAf?$AA?5?$AAm?$AAa?$AAi?$AAn?$AA?5?$AAf?$AAu?$AAn?$AAc?$AAt?$AAi?$AAo?$AAn?$AA?5?$AAi?$AAs?$AAn?$AA?8?$AAt?$AA?5?$AAr?$AAe@ 000000014000a8e8     runtime.o
 0002:00000958       RtlNtPathSeperatorString   000000014000a958     ws2_32:indef.obj
 0002:00000968       ??_C@_13FPGAJAPJ@?$AA?2@   000000014000a968     ws2_32:indef.obj
 0002:00000970       RtlDosPathSeperatorsString 000000014000a970     ws2_32:indef.obj
 0002:00000980       ??_C@_15MNCACJLI@?$AA?2?$AA?1@ 000000014000a980     ws2_32:indef.obj
 0002:00000988       RtlAlternateDosPathSeperatorString 000000014000a988     ws2_32:indef.obj
 0002:00000998       ??_C@_13CGOKJPIL@?$AA?1@   000000014000a998     ws2_32:indef.obj
 0002:000009b0       eui48_broadcast            000000014000a9b0     ws2_32:indef.obj
 0002:000009b8       scopeid_unspecified        000000014000a9b8     ws2_32:indef.obj
 0002:000009bc       in4addr_any                000000014000a9bc     ws2_32:indef.obj
 0002:000009c0       in4addr_loopback           000000014000a9c0     ws2_32:indef.obj
 0002:000009c4       in4addr_broadcast          000000014000a9c4     ws2_32:indef.obj
 0002:000009c8       in4addr_allnodesonlink     000000014000a9c8     ws2_32:indef.obj
 0002:000009cc       in4addr_allroutersonlink   000000014000a9cc     ws2_32:indef.obj
 0002:000009d0       in4addr_alligmpv3routersonlink 000000014000a9d0     ws2_32:indef.obj
 0002:000009d4       in4addr_allteredohostsonlink 000000014000a9d4     ws2_32:indef.obj
 0002:000009d8       in4addr_linklocalprefix    000000014000a9d8     ws2_32:indef.obj
 0002:000009dc       in4addr_multicastprefix    000000014000a9dc     ws2_32:indef.obj
 0002:000009e0       in6addr_any                000000014000a9e0     ws2_32:indef.obj
 0002:000009f0       in6addr_loopback           000000014000a9f0     ws2_32:indef.obj
 0002:00000a00       in6addr_allnodesonnode     000000014000aa00     ws2_32:indef.obj
 0002:00000a10       in6addr_allnodesonlink     000000014000aa10     ws2_32:indef.obj
 0002:00000a20       in6addr_allroutersonlink   000000014000aa20     ws2_32:indef.obj
 0002:00000a30       in6addr_allmldv2routersonlink 000000014000aa30     ws2_32:indef.obj
 0002:00000a40       in6addr_teredoinitiallinklocaladdress 000000014000aa40     ws2_32:indef.obj
 0002:00000a50       in6addr_linklocalprefix    000000014000aa50     ws2_32:indef.obj
 0002:00000a60       in6addr_multicastprefix    000000014000aa60     ws2_32:indef.obj
 0002:00000a70       in6addr_solicitednodemulticastprefix 000000014000aa70     ws2_32:indef.obj
 0002:00000a80       in6addr_v4mappedprefix     000000014000aa80     ws2_32:indef.obj
 0002:00000a90       in6addr_6to4prefix         000000014000aa90     ws2_32:indef.obj
 0002:00000aa0       in6addr_teredoprefix       000000014000aaa0     ws2_32:indef.obj
 0002:00000ab0       in6addr_teredoprefix_old   000000014000aab0     ws2_32:indef.obj
 0002:00000ac0       BUGCHECK_EFI_GUID          000000014000aac0     ws2_32:indef.obj
 0002:00000db8       __imp_CommandLineToArgvW   000000014000adb8     shell32:SHELL32.dll
 0002:00000dc8       __imp_AcquireSRWLockExclusive 000000014000adc8     kernel32:KERNEL32.dll
 0002:00000dd0       __imp_AcquireSRWLockShared 000000014000add0     kernel32:KERNEL32.dll
 0002:00000dd8       __imp_CloseHandle          000000014000add8     kernel32:KERNEL32.dll
 0002:00000de0       __imp_CreateFileW          000000014000ade0     kernel32:KERNEL32.dll
 0002:00000de8       __imp_CreateIoCompletionPort 000000014000ade8     kernel32:KERNEL32.dll
 0002:00000df0       __imp_CreateThread         000000014000adf0     kernel32:KERNEL32.dll
 0002:00000df8       __imp_ExitProcess          000000014000adf8     kernel32:KERNEL32.dll
 0002:00000e00       __imp_GetCommandLineW      000000014000ae00     kernel32:KERNEL32.dll
 0002:00000e08       __imp_GetConsoleMode       000000014000ae08     kernel32:KERNEL32.dll
 0002:00000e10       __imp_GetFileSizeEx        000000014000ae10     kernel32:KERNEL32.dll
 0002:00000e18       __imp_GetLastError         000000014000ae18     kernel32:KERNEL32.dll
 0002:00000e20       __imp_GetProcAddress       000000014000ae20     kernel32:KERNEL32.dll
 0002:00000e28       __imp_GetProcessHeap       000000014000ae28     kernel32:KERNEL32.dll
 0002:00000e30       __imp_GetQueuedCompletionStatus 000000014000ae30     kernel32:KERNEL32.dll
 0002:00000e38       __imp_GetStdHandle         000000014000ae38     kernel32:KERNEL32.dll
 0002:00000e40       __imp_HeapAlloc            000000014000ae40     kernel32:KERNEL32.dll
 0002:00000e48       __imp_HeapFree             000000014000ae48     kernel32:KERNEL32.dll
 0002:00000e50       __imp_LoadLibraryA         000000014000ae50     kernel32:KERNEL32.dll
 0002:00000e58       __imp_MultiByteToWideChar  000000014000ae58     kernel32:KERNEL32.dll
 0002:00000e60       __imp_QueryPerformanceCounter 000000014000ae60     kernel32:KERNEL32.dll
 0002:00000e68       __imp_QueryPerformanceFrequency 000000014000ae68     kernel32:KERNEL32.dll
 0002:00000e70       __imp_ReadConsoleW         000000014000ae70     kernel32:KERNEL32.dll
 0002:00000e78       __imp_ReadFile             000000014000ae78     kernel32:KERNEL32.dll
 0002:00000e80       __imp_ReleaseSRWLockExclusive 000000014000ae80     kernel32:KERNEL32.dll
 0002:00000e88       __imp_ReleaseSRWLockShared 000000014000ae88     kernel32:KERNEL32.dll
 0002:00000e90       __imp_Sleep                000000014000ae90     kernel32:KERNEL32.dll
 0002:00000e98       __imp_TlsAlloc             000000014000ae98     kernel32:KERNEL32.dll
 0002:00000ea0       __imp_TlsFree              000000014000aea0     kernel32:KERNEL32.dll
 0002:00000ea8       __imp_TlsGetValue          000000014000aea8     kernel32:KERNEL32.dll
 0002:00000eb0       __imp_TlsSetValue          000000014000aeb0     kernel32:KERNEL32.dll
 0002:00000eb8       __imp_TryAcquireSRWLockExclusive 000000014000aeb8     kernel32:KERNEL32.dll
 0002:00000ec0       __imp_VirtualAlloc         000000014000aec0     kernel32:KERNEL32.dll
 0002:00000ec8       __imp_WaitForMultipleObjects 000000014000aec8     kernel32:KERNEL32.dll
 0002:00000ed0       __imp_WriteConsoleW        000000014000aed0     kernel32:KERNEL32.dll
 0002:00000ee0       __imp_BCryptGenRandom      000000014000aee0     bcrypt:bcrypt.dll
 0002:00000ef0       __imp_WSARecv              000000014000aef0     ws2_32:WS2_32.dll
 0002:00000ef8       __imp_WSAStartup           000000014000aef8     ws2_32:WS2_32.dll
 0002:00000f00       __imp_accept               000000014000af00     ws2_32:WS2_32.dll
 0002:00000f08       __imp_bind                 000000014000af08     ws2_32:WS2_32.dll
 0002:00000f10       __imp_closesocket          000000014000af10     ws2_32:WS2_32.dll
 0002:00000f18       __imp_connect              000000014000af18     ws2_32:WS2_32.dll
 0002:00000f20       __imp_freeaddrinfo         000000014000af20     ws2_32:WS2_32.dll
 0002:00000f28       __imp_getaddrinfo          000000014000af28     ws2_32:WS2_32.dll
 0002:00000f30       __imp_getsockname          000000014000af30     ws2_32:WS2_32.dll
 0002:00000f38       __imp_htons                000000014000af38     ws2_32:WS2_32.dll
 0002:00000f40       __imp_listen               000000014000af40     ws2_32:WS2_32.dll
 0002:00000f48       __imp_ntohs                000000014000af48     ws2_32:WS2_32.dll
 0002:00000f50       __imp_send                 000000014000af50     ws2_32:WS2_32.dll
 0002:00000f58       __imp_setsockopt           000000014000af58     ws2_32:WS2_32.dll
 0002:00000f60       __imp_socket               000000014000af60     ws2_32:WS2_32.dll
 0003:00000000       server_port                000000014000c000     remote.o
 0003:00000008       thisServerId               000000014000c008     remote.o
 0003:00000010       AddressFamilyInformation   000000014000c010     ws2_32:indef.obj
 0003:00000040       connections_lock           000000014000c040     api.o
 0003:00000048       connections_len            000000014000c048     api.o
 0003:00000050       pages_lock                 000000014000c050     api.o
 0003:00000058       pages_len                  000000014000c058     api.o
 0003:00000060       known_id_broadcasts        000000014000c060     api.o
 0003:00000080       known_page_broadcasts      000000014000c080     api.o
 0003:000000a0       known_path_broadcasts      000000014000c0a0     api.o
 0003:000000c0       known_path_id_broadcasts   000000014000c0c0     api.o
 0003:000000e0       local_objects              000000014000c0e0     api.o
 0003:00000100       known_objects              000000014000c100     api.o
 0003:00000120       query_requests             000000014000c120     api.o
 0003:00000140       push_requests              000000014000c140     api.o
 0003:00000160       known_hives                000000014000c160     api.o
 0003:00000180       connections                000000014000c180     api.o
 0003:00002180       pages                      000000014000e180     api.o
 0003:00002d80       ServerIdGetLock            000000014000ed80     remote.o
 0003:00002d88       next_local_id              000000014000ed88     remote.o
 0003:00002d90       hIOCP                      000000014000ed90     remote.o
 0003:00002da0       hHeap                      000000014000eda0     runtime_lib.o
 0003:00002da8       hInput                     000000014000eda8     runtime_lib.o
 0003:00002db0       buf                        000000014000edb0     runtime_lib.o
 0003:00003db0       hOutput                    000000014000fdb0     runtime_lib.o
 0003:00003db8       frequency                  000000014000fdb8     runtime_lib.o
 0003:00003dc0       Workers                    000000014000fdc0     runtime.o
 0003:00004720       wait_list_lock             0000000140010720     runtime.o
 0003:00004728       wait_list_len              0000000140010728     runtime.o
 0003:00004730       queue_lock                 0000000140010730     runtime.o
 0003:00004738       queue_len                  0000000140010738     runtime.o
 0003:00004740       wait_list                  0000000140010740     runtime.o
 0003:000c7c40       queue                      00000001400d3c40     runtime.o
 0003:000db4c0       defined_arrays             00000001400e74c0     runtime.o
 0003:000db4c8       dwTlsIndex                 00000001400e74c8     runtime.o
 0003:000db4cd       ExPoolZeroingNativelySupported 00000001400e74cd     ws2_32:indef.obj
 0004:00000400       context                    00000001400e8400     asm.o

 entry point at         0001:00007d30

 Static symbols

 0001:00000160       GetKnownHiveHash           0000000140001160     api.o
 0001:000036e0       Worker                     00000001400046e0     remote.o
 0001:00003c10       ConnectionListnerWorker    0000000140004c10     remote.o
 0001:00003dd0       PagesAllocator             0000000140004dd0     remote.o
 0001:00003e90       StateSender                0000000140004e90     remote.o
 0001:00003eb0       HandleApiCall              0000000140004eb0     remote.o
 0001:000083b4       .text                      00000001400093b4     asm.o
 0002:000009a0       BFE_GENERIC_MAPPING        000000014000a9a0     ws2_32:indef.obj
 0002:00000ad0       IPSEC_AUTH_TRANSFORM_ID_HMAC_MD5_96 000000014000aad0     ws2_32:indef.obj
 0002:00000ad8       IPSEC_AUTH_TRANSFORM_ID_HMAC_SHA_1_96 000000014000aad8     ws2_32:indef.obj
 0002:00000ae0       IPSEC_AUTH_TRANSFORM_ID_HMAC_SHA_256_128 000000014000aae0     ws2_32:indef.obj
 0002:00000ae8       IPSEC_AUTH_TRANSFORM_ID_GCM_AES_128 000000014000aae8     ws2_32:indef.obj
 0002:00000af0       IPSEC_AUTH_TRANSFORM_ID_GCM_AES_192 000000014000aaf0     ws2_32:indef.obj
 0002:00000af8       IPSEC_AUTH_TRANSFORM_ID_GCM_AES_256 000000014000aaf8     ws2_32:indef.obj
 0002:00000b00       IPSEC_CIPHER_TRANSFORM_ID_CBC_DES 000000014000ab00     ws2_32:indef.obj
 0002:00000b08       IPSEC_CIPHER_TRANSFORM_ID_CBC_3DES 000000014000ab08     ws2_32:indef.obj
 0002:00000b10       IPSEC_CIPHER_TRANSFORM_ID_AES_128 000000014000ab10     ws2_32:indef.obj
 0002:00000b18       IPSEC_CIPHER_TRANSFORM_ID_AES_192 000000014000ab18     ws2_32:indef.obj
 0002:00000b20       IPSEC_CIPHER_TRANSFORM_ID_AES_256 000000014000ab20     ws2_32:indef.obj
 0002:00000b28       IPSEC_CIPHER_TRANSFORM_ID_GCM_AES_128 000000014000ab28     ws2_32:indef.obj
 0002:00000b30       IPSEC_CIPHER_TRANSFORM_ID_GCM_AES_192 000000014000ab30     ws2_32:indef.obj
 0002:00000b38       IPSEC_CIPHER_TRANSFORM_ID_GCM_AES_256 000000014000ab38     ws2_32:indef.obj
 0003:000db4cc       WFP_TRACE_NULL_DATA        00000001400e74cc     ws2_32:indef.obj
 0004:00000000       .data                      00000001400e8000     asm.o
