 a

 Timestamp is 6988be5c (Sun Feb  8 19:48:28 2026)

 Preferred load address is 0000000140000000

 Start         Length     Name                   Class
 0001:00000000 0000cc0dH .text                   CODE
 0002:00000000 00002038H .rdata                  DATA
 0003:00000000 00000064H .data                   DATA
 0003:00000064 000dbdceH .bss                    DATA
 0004:00000000 00000200H .data                   DATA

  Address         Publics by Value              Rva+Base               Lib:Object

 0001:00000000       gpuPauseWorker             0000000140001000     .-gpu-await_worker.o
 0001:000000b0       gpuCallObject              00000001400010b0     .-gpu-call_object.o
 0001:00000130       gpuExecuteWorker           0000000140001130     .-gpu-execute_worker.o
 0001:00000650       gpuNewObjectUsingPage      0000000140001650     .-gpu-new_object.o
 0001:00000750       gpuNewObject               0000000140001750     .-gpu-new_object.o
 0001:000007a0       gpuPushObject              00000001400017a0     .-gpu-push_object.o
 0001:000007e0       gpuPushPipe                00000001400017e0     .-gpu-push_object.o
 0001:00000820       gpuQueryObject             0000000140001820     .-gpu-query_object.o
 0001:00000860       gpuQueryPipe               0000000140001860     .-gpu-query_object.o
 0001:000008a0       x64PauseWorker             00000001400018a0     .-x64-await_worker.o
 0001:00000950       x64CallObject              0000000140001950     .-x64-call_object.o
 0001:000009d0       x64ExecuteWorker           00000001400019d0     .-x64-execute_worker.o
 0001:00000a20       x64NewObjectUsingPage      0000000140001a20     .-x64-new_object.o
 0001:00000e20       x64NewObjectStates         0000000140001e20     .-x64-new_object.o
 0001:00000eb0       x64NewObject               0000000140001eb0     .-x64-new_object.o
 0001:00000fa0       x64UpdateLocalPush         0000000140001fa0     .-x64-push_object.o
 0001:00001090       x64OnPushObject            0000000140002090     .-x64-push_object.o
 0001:00001120       x64PushObjectStates        0000000140002120     .-x64-push_object.o
 0001:00001210       x64PushObject              0000000140002210     .-x64-push_object.o
 0001:00001460       x64PushPipe                0000000140002460     .-x64-push_object.o
 0001:00001490       x64QueryLocalObject        0000000140002490     .-x64-query_object.o
 0001:000015f0       x64OnQueryObject           00000001400025f0     .-x64-query_object.o
 0001:000016c0       x64QueryObjectStates       00000001400026c0     .-x64-query_object.o
 0001:000017c0       x64QueryObject             00000001400027c0     .-x64-query_object.o
 0001:000019b0       x64QueryPipe               00000001400029b0     .-x64-query_object.o
 0001:000019e0       equal_bytes                00000001400029e0     .-api.o
 0001:00001a70       GetHashtableNoLock         0000000140002a70     .-api.o
 0001:00001ba0       SetHashtableNoLock         0000000140002ba0     .-api.o
 0001:00001ea0       GetHashtable               0000000140002ea0     .-api.o
 0001:00001f00       SetHashtable               0000000140002f00     .-api.o
 0001:00001f50       InitInternalStructures     0000000140002f50     .-api.o
 0001:00002290       castOnQueryObject          0000000140003290     .-cast_provider.o
 0001:00002450       anyCastStates              0000000140003450     .-cast_provider.o
 0001:00003480       anyCastProvider            0000000140004480     .-cast_provider.o
 0001:00003670       init_gpu_subsystem         0000000140004670     .-gpu_subsystem.o
 0001:00005120       gpuBuildFromText           0000000140006120     .-gpu_subsystem.o
 0001:00005400       gpuAlloc                   0000000140006400     .-gpu_subsystem.o
 0001:00005440       gpuRun                     0000000140006440     .-gpu_subsystem.o
 0001:000054f0       gpuFinishQueuesOnPlatform  00000001400064f0     .-gpu_subsystem.o
 0001:00005570       gpuFinishQueue             0000000140006570     .-gpu_subsystem.o
 0001:000055b0       StartInitialProcess        00000001400065b0     .-hive_entry.o
 0001:000057c0       GetConnectionById          00000001400067c0     .-remote.o
 0001:00005850       ConfirmPage                0000000140006850     .-remote.o
 0001:000058e0       ConfirmID                  00000001400068e0     .-remote.o
 0001:00005930       HandleNewConnection        0000000140006930     .-remote.o
 0001:00005b10       UpdateWaitingPush          0000000140006b10     .-remote.o
 0001:00005d50       AnswerPushObject           0000000140006d50     .-remote.o
 0001:00005e10       SendPageAllocationConfirm  0000000140006e10     .-remote.o
 0001:00005e90       SendIDConfirm              0000000140006e90     .-remote.o
 0001:00005f10       RedirectBroadcastQuery     0000000140006f10     .-remote.o
 0001:00006070       RedirectBroadcastIDQuery   0000000140007070     .-remote.o
 0001:000061d0       ConfirmConnection          00000001400071d0     .-remote.o
 0001:00006340       InitiateConnection         0000000140007340     .-remote.o
 0001:00006660       RequestMemoryPage          0000000140007660     .-remote.o
 0001:00006750       RequestServerId            0000000140007750     .-remote.o
 0001:00006850       AnswerQueryObject          0000000140007850     .-remote.o
 0001:00006950       AnswerRequestObjectPath    0000000140007950     .-remote.o
 0001:00006a70       RequestObjectPathBroadcast 0000000140007a70     .-remote.o
 0001:00006c60       AnswerRequestPathToID      0000000140007c60     .-remote.o
 0001:00006d80       RequestPathToIDBroadcast   0000000140007d80     .-remote.o
 0001:00006f70       RequestObjectGet           0000000140007f70     .-remote.o
 0001:00007080       RequestObjectSet           0000000140008080     .-remote.o
 0001:00007240       StartNewWorkerRemote       0000000140008240     .-remote.o
 0001:00007350       SendHiveState              0000000140008350     .-remote.o
 0001:00007500       start_remote_subsystem     0000000140008500     .-remote.o
 0001:00009b10       memset                     000000014000ab10     .-runtime_lib.o
 0001:00009b70       memcpy                     000000014000ab70     .-runtime_lib.o
 0001:00009be0       myMalloc                   000000014000abe0     .-runtime_lib.o
 0001:00009c30       myPrintf                   000000014000ac30     .-runtime_lib.o
 0001:00009f60       myRealloc                  000000014000af60     .-runtime_lib.o
 0001:00009fc0       myFree                     000000014000afc0     .-runtime_lib.o
 0001:0000a000       myAtoll                    000000014000b000     .-runtime_lib.o
 0001:0000a140       get_char                   000000014000b140     .-runtime_lib.o
 0001:0000a220       myScanI64                  000000014000b220     .-runtime_lib.o
 0001:0000a2b0       myScanS                    000000014000b2b0     .-runtime_lib.o
 0001:0000a3b0       PrintI64                   000000014000b3b0     .-runtime_lib.o
 0001:0000a480       PrintI64H                  000000014000b480     .-runtime_lib.o
 0001:0000a520       Print2H                    000000014000b520     .-runtime_lib.o
 0001:0000a5c0       assertion_failure          000000014000b5c0     .-runtime_lib.o
 0001:0000a610       myAbs                      000000014000b610     .-runtime_lib.o
 0001:0000a640       MicrosecondsToTicks        000000014000b640     .-runtime_lib.o
 0001:0000a660       TicksToMicroseconds        000000014000b660     .-runtime_lib.o
 0001:0000a680       GetTicks                   000000014000b680     .-runtime_lib.o
 0001:0000a6a0       SheduleTimeoutFromNow      000000014000b6a0     .-runtime_lib.o
 0001:0000a6e0       init_lib                   000000014000b6e0     .-runtime_lib.o
 0001:0000a730       RegisterObjectWithId       000000014000b730     .-runtime.o
 0001:0000a760       GetNewObjectId             000000014000b760     .-runtime.o
 0001:0000a850       universalPauseWorker       000000014000b850     .-runtime.o
 0001:0000a8f0       universalUpdateLocalPush   000000014000b8f0     .-runtime.o
 0001:0000a950       UpdateFromQueryResult      000000014000b950     .-runtime.o
 0001:0000a9d0       PrintObject                000000014000b9d0     .-runtime.o
 0001:0000aae0       WaitListWorker             000000014000bae0     .-runtime.o
 0001:0000ab30       EnqueueWorkerFromWaitList  000000014000bb30     .-runtime.o
 0001:0000abc0       EnqueueWorker              000000014000bbc0     .-runtime.o
 0001:0000ac10       UpdateWaitingWorkers       000000014000bc10     .-runtime.o
 0001:0000adc0       SheduleWorker              000000014000bdc0     .-runtime.o
 0001:0000af30       StartNewWorker             000000014000bf30     .-runtime.o
 0001:0000b210       LoadWorker                 000000014000c210     .-runtime.o
 0001:0000c020       ShedulerInstance           000000014000d020     .-runtime.o
 0001:0000c120       entry                      000000014000d120     .-runtime.o
 0001:0000c684       x64_fastPushObject         000000014000d684     asm.o
 0001:0000c700       x64_fastQueryObject        000000014000d700     asm.o
 0001:0000c77c       x64_fastNewObject          000000014000d77c     asm.o
 0001:0000c7f8       x64_fastCallObject         000000014000d7f8     asm.o
 0001:0000c874       x64_fastPushPipe           000000014000d874     asm.o
 0001:0000c8f0       x64_fastQueryPipe          000000014000d8f0     asm.o
 0001:0000c96c       gpu_fastNewObject          000000014000d96c     asm.o
 0001:0000c9e8       gpu_fastCallObject         000000014000d9e8     asm.o
 0001:0000ca64       any_fastCastProvider       000000014000da64     asm.o
 0001:0000cae0       x64AsmExecuteWorker        000000014000dae0     asm.o
 0001:0000cb27       setjmpUN                   000000014000db27     asm.o
 0001:0000cb5a       longjmpUN                  000000014000db5a     asm.o
 0001:0000cb83       DllCall                    000000014000db83     asm.o
 0001:0000cc10       CommandLineToArgvW         000000014000dc10     shell32:SHELL32.dll
 0001:0000cc20       AcquireSRWLockExclusive    000000014000dc20     kernel32:KERNEL32.dll
 0001:0000cc30       AcquireSRWLockShared       000000014000dc30     kernel32:KERNEL32.dll
 0001:0000cc40       CloseHandle                000000014000dc40     kernel32:KERNEL32.dll
 0001:0000cc50       CreateFileW                000000014000dc50     kernel32:KERNEL32.dll
 0001:0000cc60       CreateIoCompletionPort     000000014000dc60     kernel32:KERNEL32.dll
 0001:0000cc70       CreateThread               000000014000dc70     kernel32:KERNEL32.dll
 0001:0000cc80       ExitProcess                000000014000dc80     kernel32:KERNEL32.dll
 0001:0000cc90       GetCommandLineW            000000014000dc90     kernel32:KERNEL32.dll
 0001:0000cca0       GetConsoleMode             000000014000dca0     kernel32:KERNEL32.dll
 0001:0000ccb0       GetFileSizeEx              000000014000dcb0     kernel32:KERNEL32.dll
 0001:0000ccc0       GetLastError               000000014000dcc0     kernel32:KERNEL32.dll
 0001:0000ccd0       GetProcAddress             000000014000dcd0     kernel32:KERNEL32.dll
 0001:0000cce0       GetProcessHeap             000000014000dce0     kernel32:KERNEL32.dll
 0001:0000ccf0       GetQueuedCompletionStatus  000000014000dcf0     kernel32:KERNEL32.dll
 0001:0000cd00       GetStdHandle               000000014000dd00     kernel32:KERNEL32.dll
 0001:0000cd10       HeapAlloc                  000000014000dd10     kernel32:KERNEL32.dll
 0001:0000cd20       HeapFree                   000000014000dd20     kernel32:KERNEL32.dll
 0001:0000cd30       HeapReAlloc                000000014000dd30     kernel32:KERNEL32.dll
 0001:0000cd40       LoadLibraryA               000000014000dd40     kernel32:KERNEL32.dll
 0001:0000cd50       MultiByteToWideChar        000000014000dd50     kernel32:KERNEL32.dll
 0001:0000cd60       QueryPerformanceCounter    000000014000dd60     kernel32:KERNEL32.dll
 0001:0000cd70       QueryPerformanceFrequency  000000014000dd70     kernel32:KERNEL32.dll
 0001:0000cd80       ReadConsoleW               000000014000dd80     kernel32:KERNEL32.dll
 0001:0000cd90       ReadFile                   000000014000dd90     kernel32:KERNEL32.dll
 0001:0000cda0       ReleaseSRWLockExclusive    000000014000dda0     kernel32:KERNEL32.dll
 0001:0000cdb0       ReleaseSRWLockShared       000000014000ddb0     kernel32:KERNEL32.dll
 0001:0000cdc0       Sleep                      000000014000ddc0     kernel32:KERNEL32.dll
 0001:0000cdd0       TlsAlloc                   000000014000ddd0     kernel32:KERNEL32.dll
 0001:0000cde0       TlsFree                    000000014000dde0     kernel32:KERNEL32.dll
 0001:0000cdf0       TlsGetValue                000000014000ddf0     kernel32:KERNEL32.dll
 0001:0000ce00       TlsSetValue                000000014000de00     kernel32:KERNEL32.dll
 0001:0000ce10       TryAcquireSRWLockExclusive 000000014000de10     kernel32:KERNEL32.dll
 0001:0000ce20       VirtualAlloc               000000014000de20     kernel32:KERNEL32.dll
 0001:0000ce30       WaitForMultipleObjects     000000014000de30     kernel32:KERNEL32.dll
 0001:0000ce40       WriteConsoleW              000000014000de40     kernel32:KERNEL32.dll
 0001:0000ce50       BCryptGenRandom            000000014000de50     bcrypt:bcrypt.dll
 0001:0000ce60       WSARecv                    000000014000de60     ws2_32:WS2_32.dll
 0001:0000ce70       WSAStartup                 000000014000de70     ws2_32:WS2_32.dll
 0001:0000ce80       accept                     000000014000de80     ws2_32:WS2_32.dll
 0001:0000ce90       bind                       000000014000de90     ws2_32:WS2_32.dll
 0001:0000cea0       closesocket                000000014000dea0     ws2_32:WS2_32.dll
 0001:0000ceb0       connect                    000000014000deb0     ws2_32:WS2_32.dll
 0001:0000cec0       freeaddrinfo               000000014000dec0     ws2_32:WS2_32.dll
 0001:0000ced0       getaddrinfo                000000014000ded0     ws2_32:WS2_32.dll
 0001:0000cee0       getsockname                000000014000dee0     ws2_32:WS2_32.dll
 0001:0000cef0       htons                      000000014000def0     ws2_32:WS2_32.dll
 0001:0000cf00       listen                     000000014000df00     ws2_32:WS2_32.dll
 0001:0000cf10       ntohs                      000000014000df10     ws2_32:WS2_32.dll
 0001:0000cf20       send                       000000014000df20     ws2_32:WS2_32.dll
 0001:0000cf30       setsockopt                 000000014000df30     ws2_32:WS2_32.dll
 0001:0000cf40       socket                     000000014000df40     ws2_32:WS2_32.dll
 0001:0000cf50       clBuildProgram             000000014000df50     OpenCL:OpenCL.dll
 0001:0000cf60       clCreateBuffer             000000014000df60     OpenCL:OpenCL.dll
 0001:0000cf70       clCreateCommandQueueWithProperties 000000014000df70     OpenCL:OpenCL.dll
 0001:0000cf80       clCreateContext            000000014000df80     OpenCL:OpenCL.dll
 0001:0000cf90       clCreateKernel             000000014000df90     OpenCL:OpenCL.dll
 0001:0000cfa0       clCreateProgramWithSource  000000014000dfa0     OpenCL:OpenCL.dll
 0001:0000cfb0       clEnqueueNDRangeKernel     000000014000dfb0     OpenCL:OpenCL.dll
 0001:0000cfc0       clEnqueueReadBuffer        000000014000dfc0     OpenCL:OpenCL.dll
 0001:0000cfd0       clEnqueueWriteBuffer       000000014000dfd0     OpenCL:OpenCL.dll
 0001:0000cfe0       clFinish                   000000014000dfe0     OpenCL:OpenCL.dll
 0001:0000cff0       clGetDeviceIDs             000000014000dff0     OpenCL:OpenCL.dll
 0001:0000d000       clGetDeviceInfo            000000014000e000     OpenCL:OpenCL.dll
 0001:0000d010       clGetKernelArgInfo         000000014000e010     OpenCL:OpenCL.dll
 0001:0000d020       clGetPlatformIDs           000000014000e020     OpenCL:OpenCL.dll
 0001:0000d030       clGetPlatformInfo          000000014000e030     OpenCL:OpenCL.dll
 0001:0000d040       clGetProgramBuildInfo      000000014000e040     OpenCL:OpenCL.dll
 0001:0000d050       clSetKernelArg             000000014000e050     OpenCL:OpenCL.dll
 0002:00000000       ??_C@_1CG@CCFDEFBF@?$AAR?$AAU?$AAN?$AA?5?$AAG?$AAP?$AAU?$AA?5?$AAw?$AAo?$AAr?$AAk?$AAe?$AAr?$AA?$DN?$AA?$CF?$AAp?$AA?6?$AA?$AA@ 000000014000f000     .-gpu-execute_worker.o
 0002:00000026       ??_C@_1BI@JNLCKLDN@?$AAA?$AAA?$AAA?$AA?5?$AA?$FL?$AA?$CF?$AAl?$AAl?$AAd?$AA?$FN?$AA?6?$AA?$AA@ 000000014000f026     .-gpu-execute_worker.o
 0002:0000003e       ??_C@_19MAKPMOIH@?$AAB?$AAB?$AAB?$AA?6?$AA?$AA@ 000000014000f03e     .-gpu-execute_worker.o
 0002:00000048       ??_C@_1DO@MBJBKNM@?$AAE?$AAr?$AAr?$AAo?$AAr?$AA?3?$AA?5?$AAa?$AAt?$AA?5?$AAc?$AAl?$AAS?$AAe?$AAt?$AAK?$AAe?$AAr?$AAn?$AAe?$AAl?$AAA?$AAr?$AAg?$AA?5?$AA?$CF?$AAl?$AAl?$AAd?$AA?6?$AA?$AA@ 000000014000f048     .-gpu-execute_worker.o
 0002:00000086       ??_C@_1O@ECLOLCME@?$AAo?$AAk?$AA?4?$AA?4?$AA?4?$AA?6?$AA?$AA@ 000000014000f086     .-gpu-execute_worker.o
 0002:00000094       ??_C@_1CO@BOPILBOM@?$AAC?$AAO?$AAN?$AAF?$AAI?$AAG?$AAU?$AAR?$AAE?$AAD?$AA?3?$AA?5?$AAd?$AAi?$AAm?$AAs?$AA?$DN?$AA?$CF?$AAl?$AAl?$AAd?$AA?6?$AA?$AA@ 000000014000f094     .-gpu-execute_worker.o
 0002:000000c2       ??_C@_1EO@KIFHHFHO@?$AAE?$AAr?$AAr?$AAo?$AAr?$AA?3?$AA?5?$AAa?$AAt?$AA?5?$AAc?$AAl?$AAE?$AAn?$AAq?$AAu?$AAe?$AAu?$AAe?$AAN?$AAD?$AAR?$AAa?$AAn?$AAg?$AAe?$AAK?$AAe?$AAr?$AAn?$AAe?$AAl@ 000000014000f0c2     .-gpu-execute_worker.o
 0002:00000110       ??_C@_1DO@PIAGAENK@?$AAE?$AAR?$AAR?$AAO?$AAR?$AA?3?$AA?5?$AAg?$AAp?$AAu?$AAA?$AAl?$AAl?$AAo?$AAc?$AA?5?$AAf?$AAa?$AAi?$AAl?$AAe?$AAd?$AA?5?$AA?$FL?$AA?$CF?$AAl?$AAl?$AAd?$AA?$FN?$AA?6?$AA?$AA@ 000000014000f110     .-gpu-new_object.o
 0002:0000014e       ??_C@_1BG@LMPFNDF@?$AAr?$AAe?$AAs?$AAu?$AAl?$AAt?$AA?5?$AA?$CF?$AAp?$AA?6?$AA?$AA@ 000000014000f14e     .-gpu-new_object.o
 0002:00000164       ??_C@_1FM@LBBNKNII@?$AAE?$AAR?$AAR?$AAO?$AAR?$AA?3?$AA?5?$AAP?$AAi?$AAp?$AAe?$AAs?$AA?5?$AAa?$AAr?$AAe?$AA?5?$AAu?$AAn?$AAs?$AAu?$AAp?$AAp?$AAo?$AAr?$AAt?$AAe?$AAd?$AA?5?$AAo?$AAn?$AA?5@ 000000014000f164     .-gpu-new_object.o
 0002:000001c0       ??_C@_1GM@BNFAKJM@?$AAE?$AAR?$AAR?$AAO?$AAR?$AA?3?$AA?5?$AAP?$AAi?$AAp?$AAe?$AAs?$AA?5?$AAa?$AAr?$AAe?$AA?5?$AAu?$AAn?$AAs?$AAu?$AAp?$AAp?$AAo?$AAr?$AAt?$AAe?$AAd?$AA?5?$AAo?$AAn?$AA?5@ 000000014000f1c0     .-gpu-new_object.o
 0002:0000022c       ??_C@_1EG@FBJBJMFK@?$AAN?$AAO?$AAT?$AA?5?$AAS?$AAU?$AAP?$AAP?$AAO?$AAR?$AAT?$AAE?$AAD?$AA?3?$AA?5?$AAp?$AAu?$AAs?$AAh?$AA?5?$AAi?$AAn?$AA?5?$AAg?$AAp?$AAu?$AA?5?$AAo?$AAb?$AAj?$AAe?$AAc@ 000000014000f22c     .-gpu-push_object.o
 0002:00000272       ??_C@_1FE@GJLEMBH@?$AAN?$AAO?$AAT?$AA?5?$AAS?$AAU?$AAP?$AAP?$AAO?$AAR?$AAT?$AAE?$AAD?$AA?3?$AA?5?$AAp?$AAu?$AAs?$AAh?$AA?5?$AAi?$AAn?$AA?5?$AAg?$AAp?$AAu?$AA?5?$AAo?$AAb?$AAj?$AAe?$AAc@ 000000014000f272     .-gpu-push_object.o
 0002:000002c6       ??_C@_1EI@EPHKLIAN@?$AAN?$AAO?$AAT?$AA?5?$AAS?$AAU?$AAP?$AAP?$AAO?$AAR?$AAT?$AAE?$AAD?$AA?3?$AA?5?$AAq?$AAu?$AAe?$AAr?$AAy?$AA?5?$AAi?$AAn?$AA?5?$AAg?$AAp?$AAu?$AA?5?$AAo?$AAb?$AAj?$AAe@ 000000014000f2c6     .-gpu-query_object.o
 0002:0000030e       ??_C@_1FG@PCBNEEAC@?$AAN?$AAO?$AAT?$AA?5?$AAS?$AAU?$AAP?$AAP?$AAO?$AAR?$AAT?$AAE?$AAD?$AA?3?$AA?5?$AAq?$AAu?$AAe?$AAr?$AAy?$AA?5?$AAi?$AAn?$AA?5?$AAg?$AAp?$AAu?$AA?5?$AAo?$AAb?$AAj?$AAe@ 000000014000f30e     .-gpu-query_object.o
 0002:00000364       ??_C@_1BG@KNJPCEOH@?$AAw?$AAo?$AAr?$AAk?$AAe?$AAr?$AA?$DN?$AA?$CF?$AAp?$AA?6?$AA?$AA@ 000000014000f364     .-x64-execute_worker.o
 0002:000003d4       ??_C@_1FE@BCAGMINK@?$AAE?$AAr?$AAr?$AAo?$AAr?$AA?3?$AA?5?$AAn?$AAo?$AA?5?$AAk?$AAn?$AAo?$AAw?$AAn?$AA?5?$AAs?$AAi?$AAz?$AAe?$AA?5?$AAf?$AAo?$AAr?$AA?5?$AAn?$AAo?$AAt?$AA?5?$AAa?$AAr?$AAr@ 000000014000f3d4     .-cast_provider.o
 0002:00000428       ??_C@_1FK@KDAFABDO@?$AAE?$AAr?$AAr?$AAo?$AAr?$AA?3?$AA?5?$AAl?$AAo?$AAc?$AAa?$AAl?$AA?5?$AAo?$AAb?$AAj?$AAe?$AAc?$AAt?$AA?5?$AAw?$AAa?$AAs?$AA?5?$AAr?$AAe?$AAm?$AAo?$AAv?$AAe?$AAd?$AA?5@ 000000014000f428     .-cast_provider.o
 0002:00000482       ??_C@_1FO@HMOHPFHI@?$AAE?$AAr?$AAr?$AAo?$AAr?$AA?5?$AAh?$AAa?$AAp?$AAp?$AAe?$AAn?$AA?5?$AAw?$AAh?$AAi?$AAl?$AAe?$AA?5?$AAc?$AAl?$AAE?$AAn?$AAq?$AAu?$AAe?$AAu?$AAe?$AAR?$AAe?$AAa?$AAd@ 000000014000f482     .-cast_provider.o
 0002:000004e0       ??_C@_1GA@EEKPNAGK@?$AAE?$AAr?$AAr?$AAo?$AAr?$AA?5?$AAh?$AAa?$AAp?$AAp?$AAe?$AAn?$AA?5?$AAw?$AAh?$AAi?$AAl?$AAe?$AA?5?$AAc?$AAl?$AAE?$AAn?$AAq?$AAu?$AAe?$AAu?$AAe?$AAW?$AAr?$AAi?$AAt@ 000000014000f4e0     .-cast_provider.o
 0002:00000540       ??_C@_1BM@OBHKMKPP@?$AAR?$AAe?$AAt?$AAu?$AAr?$AAn?$AA?3?$AA?5?$AA?$CF?$AAl?$AAl?$AAd?$AA?6?$AA?$AA@ 000000014000f540     .-cast_provider.o
 0002:0000055c       ??_C@_1EC@IPADNJOO@?$AAc?$AAo?$AAn?$AAv?$AAe?$AAr?$AAt?$AA?5?$AA?$CF?$AAp?$AA?5?$AA?$FL?$AAt?$AAy?$AAp?$AAe?$AAs?$AA?5?$AA?$CF?$AAl?$AAl?$AAd?$AA?5?$AA?9?$AA?$DO?$AA?5?$AA?$CF?$AAl?$AAl?$AAd?$AA?$FN?$AA?6@ 000000014000f55c     .-cast_provider.o
 0002:0000059e       ??_C@_1IA@HIJJNPCH@?$AAE?$AAR?$AAR?$AAO?$AAR?$AA?3?$AA?5?$AAn?$AAo?$AAt?$AA?5?$AAs?$AAu?$AAp?$AAp?$AAo?$AAr?$AAt?$AAe?$AAd?$AA?5?$AAc?$AAo?$AAn?$AAv?$AAe?$AAr?$AAs?$AAi?$AAo?$AAn?$AA?5@ 000000014000f59e     .-cast_provider.o
 0002:0000061e       ??_C@_1DK@FINICEEJ@?$AAG?$AAo?$AAt?$AA?5?$AAa?$AAt?$AA?5?$AAl?$AAe?$AAa?$AAs?$AAt?$AA?5?$AA?$CF?$AAl?$AAl?$AAd?$AA?5?$AAp?$AAl?$AAa?$AAt?$AAf?$AAo?$AAr?$AAm?$AAs?$AA?6?$AA?$AA@ 000000014000f61e     .-gpu_subsystem.o
 0002:00000658       ??_C@_1CA@OOAPHHDP@?$AAP?$AAl?$AAa?$AAt?$AAf?$AAo?$AAr?$AAm?$AA?5?$AA?$CF?$AAl?$AAl?$AAd?$AA?3?$AA?6?$AA?$AA@ 000000014000f658     .-gpu_subsystem.o
 0002:00000678       ??_C@_1DK@CFKCPDLH@?$AA?7?$AA?$CF?$AAl?$AAl?$AAd?$AA?4?$AAN?$AAa?$AAm?$AAe?$AA?5?$AA?5?$AA?5?$AA?5?$AA?5?$AA?5?$AA?5?$AA?5?$AA?5?$AA?5?$AA?5?$AA?5?$AA?5?$AA?3?$AA?5?$AA?$CF?$AAs?$AA?6?$AA?$AA@ 000000014000f678     .-gpu_subsystem.o
 0002:000006b2       ??_C@_1DK@PKNJPDCN@?$AA?7?$AA?$CF?$AAl?$AAl?$AAd?$AA?4?$AAV?$AAe?$AAn?$AAd?$AAo?$AAr?$AA?5?$AA?5?$AA?5?$AA?5?$AA?5?$AA?5?$AA?5?$AA?5?$AA?5?$AA?5?$AA?5?$AA?3?$AA?5?$AA?$CF?$AAs?$AA?6?$AA?$AA@ 000000014000f6b2     .-gpu_subsystem.o
 0002:000006ec       ??_C@_1DK@BCHMBHFB@?$AA?7?$AA?$CF?$AAl?$AAl?$AAd?$AA?4?$AAV?$AAe?$AAr?$AAs?$AAi?$AAo?$AAn?$AA?5?$AA?5?$AA?5?$AA?5?$AA?5?$AA?5?$AA?5?$AA?5?$AA?5?$AA?5?$AA?3?$AA?5?$AA?$CF?$AAs?$AA?6?$AA?$AA@ 000000014000f6ec     .-gpu_subsystem.o
 0002:00000726       ??_C@_1DK@PPLGHIMI@?$AA?7?$AA?$CF?$AAl?$AAl?$AAd?$AA?4?$AAP?$AAr?$AAo?$AAf?$AAi?$AAl?$AAe?$AA?5?$AA?5?$AA?5?$AA?5?$AA?5?$AA?5?$AA?5?$AA?5?$AA?5?$AA?5?$AA?3?$AA?5?$AA?$CF?$AAs?$AA?6?$AA?$AA@ 000000014000f726     .-gpu_subsystem.o
 0002:00000760       ??_C@_1DK@KGLDJAGB@?$AA?7?$AA?$CF?$AAl?$AAl?$AAd?$AA?4?$AAE?$AAx?$AAt?$AAe?$AAn?$AAs?$AAi?$AAo?$AAn?$AAs?$AA?5?$AA?5?$AA?5?$AA?5?$AA?5?$AA?5?$AA?5?$AA?3?$AA?5?$AA?$CF?$AAs?$AA?6?$AA?$AA@ 000000014000f760     .-gpu_subsystem.o
 0002:0000079a       ??_C@_1DO@JAHGICMH@?$AA?7?$AA?$CF?$AAl?$AAl?$AAd?$AA?4?$AAT?$AAi?$AAm?$AAe?$AAr?$AA?5?$AAR?$AAe?$AAs?$AAo?$AAl?$AAu?$AAt?$AAi?$AAo?$AAn?$AA?5?$AA?3?$AA?5?$AA?$CF?$AAl?$AAl?$AAd?$AA?6?$AA?$AA@ 000000014000f79a     .-gpu_subsystem.o
 0002:000007d8       ??_C@_13LBAGMAIH@?$AA?6?$AA?$AA@ 000000014000f7d8     .-gpu_subsystem.o
 0002:000007dc       ??_C@_1FE@GFHOHNKH@?$AAp?$AAl?$AAa?$AAt?$AAf?$AAo?$AAr?$AAm?$AA?5?$AA?$CF?$AAl?$AAl?$AAd?$AA?3?$AA?5?$AAG?$AAo?$AAt?$AA?5?$AAa?$AAt?$AA?5?$AAl?$AAe?$AAa?$AAs?$AAt?$AA?5?$AA?$CF?$AAl?$AAl?$AAd@ 000000014000f7dc     .-gpu_subsystem.o
 0002:00000830       ??_C@_1BM@MMFNNAKO@?$AAD?$AAe?$AAv?$AAi?$AAc?$AAe?$AA?5?$AA?$CF?$AAl?$AAl?$AAd?$AA?3?$AA?6?$AA?$AA@ 000000014000f830     .-gpu_subsystem.o
 0002:0000084c       ??_C@_1FG@GKDLJBIA@?$AA?7?$AA?$CF?$AAl?$AAl?$AAd?$AA?4?$AA?$CF?$AAl?$AAl?$AAd?$AA?4?$AAN?$AAa?$AAm?$AAe?$AA?5?$AA?5?$AA?5?$AA?5?$AA?5?$AA?5?$AA?5?$AA?5?$AA?5?$AA?5?$AA?5?$AA?5?$AA?5?$AA?5?$AA?5?$AA?5?$AA?5@ 000000014000f84c     .-gpu_subsystem.o
 0002:000008a2       ??_C@_1FK@JCGLFMHC@?$AA?7?$AA?$CF?$AAl?$AAl?$AAd?$AA?4?$AA?$CF?$AAl?$AAl?$AAd?$AA?4?$AAA?$AAv?$AAa?$AAi?$AAl?$AAa?$AAb?$AAl?$AAe?$AA?5?$AA?5?$AA?5?$AA?5?$AA?5?$AA?5?$AA?5?$AA?5?$AA?5?$AA?5?$AA?5?$AA?5@ 000000014000f8a2     .-gpu_subsystem.o
 0002:000008fc       ??_C@_1FK@PNFJMFNM@?$AA?7?$AA?$CF?$AAl?$AAl?$AAd?$AA?4?$AA?$CF?$AAl?$AAl?$AAd?$AA?4?$AAT?$AAy?$AAp?$AAe?$AA?5?$AA?5?$AA?5?$AA?5?$AA?5?$AA?5?$AA?5?$AA?5?$AA?5?$AA?5?$AA?5?$AA?5?$AA?5?$AA?5?$AA?5?$AA?5?$AA?5@ 000000014000f8fc     .-gpu_subsystem.o
 0002:00000956       ??_C@_1FG@OJFNKBCG@?$AA?7?$AA?$CF?$AAl?$AAl?$AAd?$AA?4?$AA?$CF?$AAl?$AAl?$AAd?$AA?4?$AAV?$AAe?$AAn?$AAd?$AAo?$AAr?$AA?5?$AA?5?$AA?5?$AA?5?$AA?5?$AA?5?$AA?5?$AA?5?$AA?5?$AA?5?$AA?5?$AA?5?$AA?5?$AA?5?$AA?5@ 000000014000f956     .-gpu_subsystem.o
 0002:000009ac       ??_C@_1FG@LICMMOCB@?$AA?7?$AA?$CF?$AAl?$AAl?$AAd?$AA?4?$AA?$CF?$AAl?$AAl?$AAd?$AA?4?$AAD?$AAr?$AAi?$AAv?$AAe?$AAr?$AA?5?$AAV?$AAe?$AAr?$AAs?$AAi?$AAo?$AAn?$AA?5?$AA?5?$AA?5?$AA?5?$AA?5?$AA?5?$AA?5@ 000000014000f9ac     .-gpu_subsystem.o
 0002:00000a02       ??_C@_1FG@GEMKEAJB@?$AA?7?$AA?$CF?$AAl?$AAl?$AAd?$AA?4?$AA?$CF?$AAl?$AAl?$AAd?$AA?4?$AAD?$AAe?$AAv?$AAi?$AAc?$AAe?$AA?5?$AAV?$AAe?$AAr?$AAs?$AAi?$AAo?$AAn?$AA?5?$AA?5?$AA?5?$AA?5?$AA?5?$AA?5?$AA?5@ 000000014000fa02     .-gpu_subsystem.o
 0002:00000a58       ??_C@_1FG@MPCNGFNE@?$AA?7?$AA?$CF?$AAl?$AAl?$AAd?$AA?4?$AA?$CF?$AAl?$AAl?$AAd?$AA?4?$AAP?$AAr?$AAo?$AAf?$AAi?$AAl?$AAe?$AA?5?$AA?5?$AA?5?$AA?5?$AA?5?$AA?5?$AA?5?$AA?5?$AA?5?$AA?5?$AA?5?$AA?5?$AA?5?$AA?5@ 000000014000fa58     .-gpu_subsystem.o
 0002:00000aae       ??_C@_1FG@GJMINOLL@?$AA?7?$AA?$CF?$AAl?$AAl?$AAd?$AA?4?$AA?$CF?$AAl?$AAl?$AAd?$AA?4?$AAE?$AAx?$AAt?$AAe?$AAn?$AAs?$AAi?$AAo?$AAn?$AAs?$AA?5?$AA?5?$AA?5?$AA?5?$AA?5?$AA?5?$AA?5?$AA?5?$AA?5?$AA?5?$AA?5@ 000000014000faae     .-gpu_subsystem.o
 0002:00000b04       ??_C@_1FK@NKJEPLPJ@?$AA?7?$AA?$CF?$AAl?$AAl?$AAd?$AA?4?$AA?$CF?$AAl?$AAl?$AAd?$AA?4?$AAM?$AAa?$AAx?$AA?5?$AAC?$AAo?$AAm?$AAp?$AAu?$AAt?$AAe?$AA?5?$AAU?$AAn?$AAi?$AAt?$AAs?$AA?5?$AA?5?$AA?5?$AA?5@ 000000014000fb04     .-gpu_subsystem.o
 0002:00000b5e       ??_C@_1FK@OLFGCCPL@?$AA?7?$AA?$CF?$AAl?$AAl?$AAd?$AA?4?$AA?$CF?$AAl?$AAl?$AAd?$AA?4?$AAM?$AAa?$AAx?$AA?5?$AAI?$AAt?$AAe?$AAm?$AA?5?$AAD?$AAi?$AAm?$AAe?$AAn?$AAs?$AAi?$AAo?$AAn?$AAs?$AA?5?$AA?5@ 000000014000fb5e     .-gpu_subsystem.o
 0002:00000bb8       ??_C@_1FK@CMFPDFMJ@?$AA?7?$AA?$CF?$AAl?$AAl?$AAd?$AA?4?$AA?$CF?$AAl?$AAl?$AAd?$AA?4?$AAM?$AAa?$AAx?$AA?5?$AAG?$AAr?$AAo?$AAu?$AAp?$AA?5?$AAS?$AAi?$AAz?$AAe?$AA?5?$AA?5?$AA?5?$AA?5?$AA?5?$AA?5?$AA?5@ 000000014000fbb8     .-gpu_subsystem.o
 0002:00000c12       ??_C@_1GA@OFJKKJHL@?$AA?7?$AA?7?$AA?$CF?$AAl?$AAl?$AAd?$AA?4?$AA?$CF?$AAl?$AAl?$AAd?$AA?4?$AAM?$AAa?$AAx?$AA?5?$AAI?$AAt?$AAe?$AAm?$AA?5?$AAS?$AAi?$AAz?$AAe?$AAs?$AA?$FL?$AA?$CF?$AAl?$AAl?$AAd?$AA?$FN@ 000000014000fc12     .-gpu_subsystem.o
 0002:00000c72       ??_C@_1FK@PBEPJBHG@?$AA?7?$AA?$CF?$AAl?$AAl?$AAd?$AA?4?$AA?$CF?$AAl?$AAl?$AAd?$AA?4?$AAM?$AAa?$AAx?$AA?5?$AAC?$AAl?$AAo?$AAc?$AAk?$AA?5?$AAF?$AAr?$AAe?$AAq?$AAu?$AAe?$AAn?$AAc?$AAy?$AA?5?$AA?5@ 000000014000fc72     .-gpu_subsystem.o
 0002:00000ccc       ??_C@_1FK@EGKKPFNE@?$AA?7?$AA?$CF?$AAl?$AAl?$AAd?$AA?4?$AA?$CF?$AAl?$AAl?$AAd?$AA?4?$AAM?$AAa?$AAx?$AA?5?$AAM?$AAe?$AAm?$AA?5?$AAA?$AAl?$AAl?$AAo?$AAc?$AA?5?$AAS?$AAi?$AAz?$AAe?$AA?5?$AA?5?$AA?5@ 000000014000fccc     .-gpu_subsystem.o
 0002:00000d26       ??_C@_1FK@NMMFNGJN@?$AA?7?$AA?$CF?$AAl?$AAl?$AAd?$AA?4?$AA?$CF?$AAl?$AAl?$AAd?$AA?4?$AAG?$AAl?$AAo?$AAb?$AAa?$AAl?$AA?5?$AAM?$AAe?$AAm?$AA?5?$AAC?$AAa?$AAc?$AAh?$AAe?$AAl?$AAi?$AAn?$AAe?$AA?5@ 000000014000fd26     .-gpu_subsystem.o
 0002:00000d80       ??_C@_1FK@NMHJFOBI@?$AA?7?$AA?$CF?$AAl?$AAl?$AAd?$AA?4?$AA?$CF?$AAl?$AAl?$AAd?$AA?4?$AAG?$AAl?$AAo?$AAb?$AAa?$AAl?$AA?5?$AAM?$AAe?$AAm?$AA?5?$AAC?$AAa?$AAc?$AAh?$AAe?$AA?5?$AAS?$AAi?$AAz?$AAe@ 000000014000fd80     .-gpu_subsystem.o
 0002:00000dda       ??_C@_1FK@KEPOBMOJ@?$AA?7?$AA?$CF?$AAl?$AAl?$AAd?$AA?4?$AA?$CF?$AAl?$AAl?$AAd?$AA?4?$AAG?$AAl?$AAo?$AAb?$AAa?$AAl?$AA?5?$AAM?$AAe?$AAm?$AA?5?$AAS?$AAi?$AAz?$AAe?$AA?5?$AA?5?$AA?5?$AA?5?$AA?5?$AA?5@ 000000014000fdda     .-gpu_subsystem.o
 0002:00000e34       ??_C@_1FK@BEKCEBKI@?$AA?7?$AA?$CF?$AAl?$AAl?$AAd?$AA?4?$AA?$CF?$AAl?$AAl?$AAd?$AA?4?$AAL?$AAo?$AAc?$AAa?$AAl?$AA?5?$AAM?$AAe?$AAm?$AA?5?$AAS?$AAi?$AAz?$AAe?$AA?5?$AA?5?$AA?5?$AA?5?$AA?5?$AA?5?$AA?5@ 000000014000fe34     .-gpu_subsystem.o
 0002:00000e8e       ??_C@_1DG@HHDGLCMF@?$AAA?$AAt?$AA?5?$AAe?$AAn?$AAd?$AA?5?$AAh?$AAa?$AAv?$AAe?$AA?5?$AA?$CF?$AAl?$AAl?$AAd?$AA?5?$AAd?$AAe?$AAv?$AAi?$AAc?$AAe?$AAs?$AA?4?$AA?6?$AA?$AA@ 000000014000fe8e     .-gpu_subsystem.o
 0002:00000ec4       ??_C@_1FC@JJNHHFIJ@?$AAI?$AAn?$AAi?$AAt?$AA?5?$AAf?$AAo?$AAr?$AAm?$AA?5?$AAp?$AAl?$AAa?$AAt?$AAf?$AAo?$AAr?$AAm?$AA?5?$AA?$CF?$AAl?$AAl?$AAd?$AA?5?$AA?$FL?$AAa?$AAu?$AAt?$AAo?$AA?5?$AAs?$AAe@ 000000014000fec4     .-gpu_subsystem.o
 0002:00000f16       ??_C@_1EC@CFAEGHOO@?$AAE?$AAr?$AAr?$AAo?$AAr?$AA?5?$AAa?$AAt?$AA?5?$AAc?$AAl?$AAC?$AAr?$AAe?$AAa?$AAt?$AAe?$AAC?$AAo?$AAn?$AAt?$AAe?$AAx?$AAt?$AA?5?$AA?$FL?$AA?$CF?$AAl?$AAl?$AAd?$AA?$FN?$AA?6@ 000000014000ff16     .-gpu_subsystem.o
 0002:00000f58       ??_C@_1GI@JODPKPLM@?$AAE?$AAr?$AAr?$AAo?$AAr?$AA?5?$AAa?$AAt?$AA?5?$AAc?$AAl?$AAC?$AAr?$AAe?$AAa?$AAt?$AAe?$AAC?$AAo?$AAm?$AAm?$AAa?$AAn?$AAd?$AAQ?$AAu?$AAe?$AAu?$AAe?$AAW?$AAi?$AAt@ 000000014000ff58     .-gpu_subsystem.o
 0002:00000fc0       ??_C@_0FA@OKGFDHAO@?9cl?9single?9precision?9constant?5?9c@ 000000014000ffc0     .-gpu_subsystem.o
 0002:00001010       ??_C@_1DE@FJCPKFIJ@?$AAB?$AAu?$AAi?$AAl?$AAd?$AAP?$AAr?$AAo?$AAg?$AAr?$AAa?$AAm?$AA?5?$AAE?$AAr?$AAr?$AAo?$AAr?$AA?3?$AA?5?$AA?$CF?$AAl?$AAl?$AAd?$AA?6?$AA?$AA@ 0000000140010010     .-gpu_subsystem.o
 0002:00001044       ??_C@_1CO@HIIDKPPP@?$AAB?$AAu?$AAi?$AAl?$AAd?$AAI?$AAn?$AAf?$AAo?$AA?5?$AAE?$AAr?$AAr?$AAo?$AAr?$AA?3?$AA?5?$AA?$CF?$AAl?$AAl?$AAd?$AA?6?$AA?$AA@ 0000000140010044     .-gpu_subsystem.o
 0002:00001072       ??_C@_1DA@GJKLKGNM@?$AAB?$AAu?$AAi?$AAl?$AAd?$AAI?$AAn?$AAf?$AAo?$AA2?$AA?5?$AAE?$AAr?$AAr?$AAo?$AAr?$AA?3?$AA?5?$AA?$CF?$AAl?$AAl?$AAd?$AA?6?$AA?$AA@ 0000000140010072     .-gpu_subsystem.o
 0002:000010a2       ??_C@_1EA@DAHNIOPF@?$AAE?$AAr?$AAr?$AAo?$AAr?$AA?5?$AAI?$AAn?$AAf?$AAo?$AA?3?$AA?5?$AAc?$AAo?$AAd?$AAe?$AA?$DN?$AA?$CF?$AAl?$AAl?$AAd?$AA?3?$AA?5?$AAi?$AAn?$AAf?$AAo?$AA?$DN?$AA?$CF?$AAs?$AA?6?$AA?$AA@ 00000001400100a2     .-gpu_subsystem.o
 0002:000010e2       ??_C@_1CO@DCKAPNAK@?$AAw?$AAa?$AAi?$AAt?$AAi?$AAn?$AAg?$AA?5?$AAs?$AAt?$AAa?$AAr?$AAt?$AAu?$AAp?$AA?5?$AAp?$AAa?$AAg?$AAe?$AAs?$AA?6?$AA?$AA@ 00000001400100e2     .-hive_entry.o
 0002:00001110       ??_C@_1EI@OLFKDNEP@?$AAE?$AAr?$AAr?$AAo?$AAr?$AA?3?$AA?5?$AAa?$AAl?$AAl?$AAo?$AAc?$AAa?$AAt?$AAe?$AAd?$AA?5?$AAa?$AAr?$AAr?$AAa?$AAy?$AA?5?$AAi?$AAs?$AAn?$AA?8?$AAt?$AA?5?$AAl?$AAo?$AAc@ 0000000140010110     .-hive_entry.o
 0002:000011e0       ??_C@_1DE@OFJFJIIH@?$AAS?$AAe?$AAr?$AAv?$AAe?$AAr?$AA?5?$AAi?$AAd?$AA?$DN?$AA?$CF?$AAl?$AAl?$AAd?$AA?5?$AAc?$AAo?$AAn?$AAf?$AAi?$AAr?$AAm?$AAe?$AAd?$AA?6?$AA?$AA@ 00000001400101e0     .-remote.o
 0002:00001214       ??_C@_1FK@FPKJOMKP@?$AAE?$AAr?$AAr?$AAo?$AAr?$AA?3?$AA?5?$AAC?$AAo?$AAu?$AAl?$AAd?$AA?5?$AAn?$AAo?$AAt?$AA?5?$AAc?$AAo?$AAn?$AAn?$AAe?$AAc?$AAt?$AA?5?$AAt?$AAo?$AA?5?$AA?$CF?$AAs?$AA?5?$AA?$FL@ 0000000140010214     .-remote.o
 0002:0000126e       ??_C@_1DM@MBBJEJBJ@?$AAT?$AAr?$AAy?$AAi?$AAn?$AAg?$AA?5?$AAt?$AAo?$AA?5?$AAg?$AAe?$AAt?$AA?5?$AAs?$AAe?$AAr?$AAv?$AAe?$AAr?$AA?5?$AAi?$AAd?$AA?5?$AA?$CF?$AAl?$AAl?$AAd?$AA?6?$AA?$AA@ 000000014001026e     .-remote.o
 0002:000012aa       ??_C@_1CK@IMAGNILG@?$AAC?$AAo?$AAn?$AAf?$AAi?$AAr?$AAm?$AAe?$AAd?$AA?5?$AAp?$AAo?$AAr?$AAt?$AA?$DN?$AA?$CF?$AAl?$AAl?$AAd?$AA?6?$AA?$AA@ 00000001400102aa     .-remote.o
 0002:000012d4       ??_C@_1DG@NNMMEGKD@?$AAS?$AAe?$AAl?$AAe?$AAc?$AAt?$AAe?$AAd?$AA?5?$AAc?$AAo?$AAn?$AAn?$AAe?$AAc?$AAt?$AA?5?$AAc?$AAo?$AAm?$AAm?$AAa?$AAn?$AAd?$AA?4?$AA?6?$AA?$AA@ 00000001400102d4     .-remote.o
 0002:0000130a       ??_C@_1CI@KPENLAE@?$AAE?$AAn?$AAt?$AAe?$AAr?$AA?5?$AAI?$AAP?$AA?5?$AAa?$AAn?$AAd?$AA?5?$AAP?$AAO?$AAR?$AAT?$AA?4?$AA?6?$AA?$AA@ 000000014001030a     .-remote.o
 0002:00001332       ??_C@_1EG@CAHECGOL@?$AAT?$AAr?$AAy?$AAi?$AAn?$AAg?$AA?5?$AAt?$AAo?$AA?5?$AAc?$AAo?$AAn?$AAn?$AAe?$AAc?$AAt?$AA?5?$AAt?$AAo?$AA?5?$AA?$FL?$AA?$CF?$AAs?$AA?$FN?$AA?5?$AA?$FL?$AA?$CF?$AAs?$AA?$FN?$AA?4?$AA?4@ 0000000140010332     .-remote.o
 0002:00001378       ??_C@_1DG@GLOHHOJG@?$AAT?$AAe?$AAm?$AAp?$AAo?$AAr?$AAa?$AAr?$AAy?$AA?5?$AAl?$AAo?$AAc?$AAa?$AAl?$AA_?$AAi?$AAd?$AA?5?$AA?$DN?$AA?5?$AA?$CF?$AAl?$AAl?$AAd?$AA?6?$AA?$AA@ 0000000140010378     .-remote.o
 0002:000013ae       ??_C@_1DC@MOJEJJIM@?$AAC?$AAo?$AAn?$AAf?$AAi?$AAg?$AAu?$AAr?$AAa?$AAt?$AAi?$AAo?$AAn?$AA?5?$AAc?$AAo?$AAn?$AAf?$AAi?$AAr?$AAm?$AAe?$AAd?$AA?6?$AA?$AA@ 00000001400103ae     .-remote.o
 0002:000013e0       ??_C@_1DM@PKIKMHMJ@?$AA?$FL?$AAN?$AAE?$AAT?$AAW?$AAO?$AAR?$AAK?$AA?$FN?$AA?3?$AA?5?$AAP?$AAe?$AAe?$AAr?$AA?5?$AAd?$AAi?$AAs?$AAc?$AAo?$AAn?$AAn?$AAe?$AAc?$AAt?$AAe?$AAd?$AA?6?$AA?$AA@ 00000001400103e0     .-remote.o
 0002:0000141c       ??_C@_1CO@OOHNIMCC@?$AAc?$AAl?$AAo?$AAs?$AAi?$AAn?$AAg?$AA?5?$AAc?$AAo?$AAn?$AAn?$AAe?$AAc?$AAt?$AAi?$AAo?$AAn?$AA?4?$AA?4?$AA?4?$AA?6?$AA?$AA@ 000000014001041c     .-remote.o
 0002:0000144a       ??_C@_1LA@ICLCBFDH@?$AAE?$AAr?$AAr?$AAo?$AAr?$AA?3?$AA?5?$AAA?$AAP?$AAI?$AA_?$AAA?$AAN?$AAS?$AAW?$AAE?$AAR?$AA_?$AAR?$AAE?$AAQ?$AAU?$AAE?$AAS?$AAT?$AA_?$AAC?$AAO?$AAN?$AAN?$AAE?$AAC@ 000000014001044a     .-remote.o
 0002:000014fa       ??_C@_1DK@EHAPFJND@?$AAs?$AAe?$AAr?$AAv?$AAe?$AAr?$AA?5?$AAs?$AAt?$AAa?$AAr?$AAt?$AAe?$AAd?$AA?5?$AAo?$AAn?$AA?5?$AAp?$AAo?$AAr?$AAt?$AA?5?$AA?$CF?$AAl?$AAl?$AAd?$AA?6?$AA?$AA@ 00000001400104fa     .-remote.o
 0002:00001534       ??_C@_1FA@MICONLJJ@?$AAE?$AAr?$AAr?$AAo?$AAr?$AA?3?$AA?5?$AAf?$AAa?$AAi?$AAl?$AAe?$AAd?$AA?5?$AAt?$AAo?$AA?5?$AAa?$AAl?$AAl?$AAo?$AAc?$AAa?$AAt?$AAe?$AA?5?$AAm?$AAe?$AAm?$AAo?$AAr?$AAy@ 0000000140010534     .-runtime_lib.o
 0002:00001584       ??_C@_1FE@CPMEHOGL@?$AAE?$AAr?$AAr?$AAo?$AAr?$AA?3?$AA?5?$AAf?$AAa?$AAi?$AAl?$AAe?$AAd?$AA?5?$AAt?$AAo?$AA?5?$AAr?$AAe?$AAa?$AAl?$AAl?$AAo?$AAc?$AAa?$AAt?$AAe?$AA?5?$AAm?$AAe?$AAm?$AAo@ 0000000140010584     .-runtime_lib.o
 0002:000015d8       ??_C@_1EI@DJFGOBAG@?$AAE?$AAr?$AAr?$AAo?$AAr?$AA?3?$AA?5?$AAf?$AAa?$AAi?$AAl?$AAe?$AAd?$AA?5?$AAt?$AAo?$AA?5?$AAf?$AAr?$AAe?$AAe?$AA?5?$AAm?$AAe?$AAm?$AAo?$AAr?$AAy?$AA?3?$AA?5?$AA?$CF?$AAl@ 00000001400105d8     .-runtime_lib.o
 0002:00001620       ??_C@_1CM@EJGKJCED@?$AAA?$AAs?$AAs?$AAe?$AAr?$AAt?$AAi?$AAo?$AAn?$AA?5?$AAf?$AAa?$AAi?$AAl?$AAe?$AAd?$AA?3?$AA?5?$AA?$CF?$AAs?$AA?6?$AA?$AA@ 0000000140010620     .-runtime_lib.o
 0002:0000164c       ??_C@_1EI@GJCCEHA@?$AAF?$AAi?$AAl?$AAe?$AA?3?$AA?5?$AA?$CF?$AAs?$AA?0?$AA?5?$AAL?$AAi?$AAn?$AAe?$AA?3?$AA?5?$AA?$CF?$AAl?$AAl?$AAd?$AA?0?$AA?5?$AAF?$AAu?$AAn?$AAc?$AAt?$AAi?$AAo?$AAn?$AA?3?$AA?5@ 000000014001064c     .-runtime_lib.o
 0002:00001858       ??_C@_1GE@NIGCAFOK@?$AAE?$AAr?$AAr?$AAo?$AAr?$AA?3?$AA?5?$AAg?$AAp?$AAu?$AA?5?$AAw?$AAo?$AAr?$AAk?$AAe?$AAr?$AA?5?$AAd?$AAo?$AAe?$AAn?$AA?8?$AAt?$AA?5?$AAs?$AAu?$AAp?$AAp?$AAo?$AAr?$AAt@ 0000000140010858     .-runtime.o
 0002:000018bc       ??_C@_1O@KNIHKCDL@?$AAb?$AAr?$AAe?$AAa?$AAk?$AA?6?$AA?$AA@ 00000001400108bc     .-runtime.o
 0002:000018ca       ??_C@_1GM@IJHLNMBE@?$AAt?$AAh?$AAr?$AAe?$AAa?$AAd?$AA?5?$AA?$CF?$AAl?$AAl?$AAd?$AA?3?$AA?5?$AA?5?$AAW?$AAa?$AAi?$AAt?$AA?$HM?$AAQ?$AAu?$AAe?$AAu?$AAe?$AAd?$AA?5?$AA?$CF?$AAl?$AAl?$AAd?$AA?$HM?$AA?$CF@ 00000001400108ca     .-runtime.o
 0002:00001936       ??_C@_1DC@OKNAINOC@?$AAc?$AAo?$AAp?$AAy?$AA?$CI?$AA?$CF?$AAp?$AA?$CJ?$AA?$DN?$AAq?$AAu?$AAe?$AAu?$AAe?$AA?$FL?$AA?$CF?$AAl?$AAl?$AAd?$AA?$FN?$AA?$DN?$AA?$CF?$AAp?$AA?6?$AA?$AA@ 0000000140010936     .-runtime.o
 0002:00001968       ??_C@_1JE@CPFCJBNI@?$AAE?$AAR?$AAR?$AAO?$AAR?$AA?3?$AA?5?$AAR?$AAu?$AAn?$AAt?$AAi?$AAm?$AAe?$AA?5?$AAe?$AAn?$AAd?$AAp?$AAo?$AAi?$AAn?$AAt?$AA?5?$AA?$CF?$AAl?$AAl?$AAd?$AA?5?$AAd?$AAo?$AAe@ 0000000140010968     .-runtime.o
 0002:000019fc       ??_C@_1HI@GNCDLKLI@?$AAE?$AAr?$AAr?$AAo?$AAr?$AA?3?$AA?5?$AAr?$AAu?$AAn?$AAt?$AAi?$AAm?$AAe?$AA?5?$AAd?$AAo?$AAe?$AAs?$AAn?$AA?8?$AAt?$AA?5?$AAs?$AAu?$AAp?$AAp?$AAo?$AAr?$AAt?$AA?5?$AAs@ 00000001400109fc     .-runtime.o
 0002:00001a74       ??_C@_1CI@PHCDEMOE@?$AAb?$AAu?$AAi?$AAl?$AAd?$AAi?$AAn?$AAg?$AA?5?$AAk?$AAe?$AAr?$AAn?$AAe?$AAl?$AA?4?$AA?4?$AA?4?$AA?6?$AA?$AA@ 0000000140010a74     .-runtime.o
 0002:00001a9c       ??_C@_17MJEANDKP@?$AA?$CF?$AAs?$AA?6?$AA?$AA@ 0000000140010a9c     .-runtime.o
 0002:00001aa4       ??_C@_04JNAIOECI@krnl?$AA@ 0000000140010aa4     .-runtime.o
 0002:00001aaa       ??_C@_1DI@MMAOAOLJ@?$AAE?$AAr?$AAr?$AAo?$AAr?$AA?3?$AA?5?$AAk?$AAe?$AAr?$AAn?$AAe?$AAl?$AA?5?$AAb?$AAu?$AAi?$AAl?$AAd?$AA?5?$AAf?$AAa?$AAi?$AAl?$AAe?$AAd?$AA?6?$AA?$AA@ 0000000140010aaa     .-runtime.o
 0002:00001ae2       ??_C@_1DI@MLNAPEIE@?$AAS?$AAh?$AAe?$AAd?$AAu?$AAl?$AAe?$AAr?$AAI?$AAn?$AAs?$AAt?$AAa?$AAn?$AAc?$AAe?$AA?5?$AAc?$AAo?$AAm?$AAp?$AAl?$AAe?$AAt?$AAe?$AAd?$AA?6?$AA?$AA@ 0000000140010ae2     .-runtime.o
 0002:00001b1a       ??_C@_1CC@MEKDJGLK@?$AAp?$AAr?$AAo?$AAm?$AAi?$AAs?$AAe?$AA?5?$AAn?$AAo?$AAt?$AA?5?$AAs?$AAe?$AAt?$AA?6?$AA?$AA@ 0000000140010b1a     .-runtime.o
 0002:00001b3c       ??_C@_1CG@NNOPFBAI@?$AAp?$AAr?$AAo?$AAm?$AAi?$AAs?$AAe?$AA?5?$AAn?$AAo?$AAt?$AA?5?$AAf?$AAo?$AAu?$AAn?$AAd?$AA?6?$AA?$AA@ 0000000140010b3c     .-runtime.o
 0002:00001b62       ??_C@_1EK@KKIKLCHH@?$AAG?$AAp?$AAu?$AA?5?$AAs?$AAu?$AAs?$AAs?$AAy?$AAs?$AAt?$AAe?$AAm?$AA?5?$AAi?$AAn?$AAi?$AAt?$AAi?$AAa?$AAl?$AAi?$AAz?$AAa?$AAt?$AAi?$AAo?$AAn?$AA?5?$AAf?$AAa?$AAi@ 0000000140010b62     .-runtime.o
 0002:00001bac       ??_C@_1CC@DEIAIPBB@?$AA?4?$AA?4?$AA?1?$AA?4?$AA?4?$AA?1?$AA?4?$AA?4?$AA?1?$AAr?$AAe?$AAs?$AA?4?$AAb?$AAi?$AAn?$AA?$AA@ 0000000140010bac     .-runtime.o
 0002:00001bce       ??_C@_1FC@OGJDIOEJ@?$AAE?$AAr?$AAr?$AAo?$AAr?$AA?3?$AA?5?$AAc?$AAa?$AAn?$AA?8?$AAt?$AA?5?$AAo?$AAp?$AAe?$AAn?$AA?5?$AA?4?$AA?4?$AA?1?$AA?4?$AA?4?$AA?1?$AA?4?$AA?4?$AA?1?$AAr?$AAe?$AAs?$AA?4?$AAb@ 0000000140010bce     .-runtime.o
 0002:00001c20       ??_C@_1DM@FEOJJAHB@?$AAS?$AAt?$AAa?$AAr?$AAt?$AAi?$AAn?$AAg?$AA?5?$AAw?$AAi?$AAt?$AAh?$AAo?$AAu?$AAt?$AA?5?$AAa?$AAn?$AAy?$AA?5?$AAw?$AAo?$AAr?$AAk?$AAe?$AAr?$AAs?$AA?6?$AA?$AA@ 0000000140010c20     .-runtime.o
 0002:00001c5c       ??_C@_1CM@PELCBDJ@?$AAE?$AAn?$AAt?$AAr?$AAy?$AA?5?$AAw?$AAo?$AAr?$AAk?$AAe?$AAr?$AA?5?$AAi?$AAd?$AA?$DN?$AA?$CF?$AAl?$AAl?$AAd?$AA?6?$AA?$AA@ 0000000140010c5c     .-runtime.o
 0002:00001c88       ??_C@_1DA@FBHJAJPI@?$AAr?$AAe?$AAs?$AAu?$AAl?$AAt?$AA?5?$AAp?$AAr?$AAo?$AAm?$AAi?$AAs?$AAe?$AA?5?$AA?$CF?$AAp?$AA?5?$AA?$CF?$AAl?$AAl?$AAd?$AA?6?$AA?$AA@ 0000000140010c88     .-runtime.o
 0002:00001cb8       ??_C@_1BI@KEMCAKCM@?$AAR?$AAu?$AAn?$AAn?$AAi?$AAn?$AAg?$AA?4?$AA?4?$AA?4?$AA?6?$AA?$AA@ 0000000140010cb8     .-runtime.o
 0002:00001cd0       ??_C@_1DM@HCILGOPA@?$AAF?$AAa?$AAi?$AAl?$AAe?$AAd?$AA?5?$AAt?$AAo?$AA?5?$AAc?$AAr?$AAe?$AAa?$AAt?$AAe?$AA?5?$AAt?$AAh?$AAr?$AAe?$AAa?$AAd?$AA?5?$AA?$CF?$AAl?$AAl?$AAd?$AA?6?$AA?$AA@ 0000000140010cd0     .-runtime.o
 0002:00001d0c       ??_C@_1CE@FBEJGOMB@?$AAP?$AAr?$AAo?$AAg?$AAr?$AAa?$AAm?$AA?5?$AAf?$AAi?$AAn?$AAi?$AAs?$AAh?$AAe?$AAd?$AA?6?$AA?$AA@ 0000000140010d0c     .-runtime.o
 0002:00001d30       ??_C@_1EK@FDFELEEK@?$AAR?$AAe?$AAs?$AAu?$AAl?$AAt?$AA?5?$AAp?$AAr?$AAo?$AAm?$AAi?$AAs?$AAe?$AA?5?$AAn?$AAo?$AAt?$AA?5?$AAf?$AAo?$AAu?$AAn?$AAd?$AA?5?$AAo?$AAn?$AA?5?$AAm?$AAa?$AAc?$AAh@ 0000000140010d30     .-runtime.o
 0002:00001d7a       ??_C@_1DO@BFPIHEIA@?$AAP?$AAr?$AAo?$AAg?$AAr?$AAa?$AAm?$AA?5?$AAe?$AAx?$AAi?$AAt?$AAe?$AAd?$AA?5?$AAw?$AAi?$AAt?$AAh?$AA?5?$AAc?$AAo?$AAd?$AAe?$AA?5?$AA?$CF?$AAl?$AAl?$AAx?$AA?6?$AA?$AA@ 0000000140010d7a     .-runtime.o
 0002:00001db8       ??_C@_1CK@DKIDNDNE@?$AAP?$AAr?$AAe?$AAs?$AAs?$AA?5?$AAC?$AAt?$AAr?$AAl?$AA?$CL?$AAC?$AA?5?$AAt?$AAo?$AA?5?$AAe?$AAn?$AAd?$AA?6?$AA?$AA@ 0000000140010db8     .-runtime.o
 0002:00001de2       ??_C@_1GO@CEANDIOF@?$AAR?$AAe?$AAs?$AAu?$AAl?$AAt?$AA?5?$AAo?$AAf?$AA?5?$AAm?$AAa?$AAi?$AAn?$AA?5?$AAf?$AAu?$AAn?$AAc?$AAt?$AAi?$AAo?$AAn?$AA?5?$AAi?$AAs?$AAn?$AA?8?$AAt?$AA?5?$AAr?$AAe@ 0000000140010de2     .-runtime.o
 0002:00001e50       RtlNtPathSeperatorString   0000000140010e50     ws2_32:indef.obj
 0002:00001e60       ??_C@_13FPGAJAPJ@?$AA?2@   0000000140010e60     ws2_32:indef.obj
 0002:00001e68       RtlDosPathSeperatorsString 0000000140010e68     ws2_32:indef.obj
 0002:00001e78       ??_C@_15MNCACJLI@?$AA?2?$AA?1@ 0000000140010e78     ws2_32:indef.obj
 0002:00001e80       RtlAlternateDosPathSeperatorString 0000000140010e80     ws2_32:indef.obj
 0002:00001e90       ??_C@_13CGOKJPIL@?$AA?1@   0000000140010e90     ws2_32:indef.obj
 0002:00001ea8       eui48_broadcast            0000000140010ea8     ws2_32:indef.obj
 0002:00001eb0       scopeid_unspecified        0000000140010eb0     ws2_32:indef.obj
 0002:00001eb4       in4addr_any                0000000140010eb4     ws2_32:indef.obj
 0002:00001eb8       in4addr_loopback           0000000140010eb8     ws2_32:indef.obj
 0002:00001ebc       in4addr_broadcast          0000000140010ebc     ws2_32:indef.obj
 0002:00001ec0       in4addr_allnodesonlink     0000000140010ec0     ws2_32:indef.obj
 0002:00001ec4       in4addr_allroutersonlink   0000000140010ec4     ws2_32:indef.obj
 0002:00001ec8       in4addr_alligmpv3routersonlink 0000000140010ec8     ws2_32:indef.obj
 0002:00001ecc       in4addr_allteredohostsonlink 0000000140010ecc     ws2_32:indef.obj
 0002:00001ed0       in4addr_linklocalprefix    0000000140010ed0     ws2_32:indef.obj
 0002:00001ed4       in4addr_multicastprefix    0000000140010ed4     ws2_32:indef.obj
 0002:00001ed8       in6addr_any                0000000140010ed8     ws2_32:indef.obj
 0002:00001ee8       in6addr_loopback           0000000140010ee8     ws2_32:indef.obj
 0002:00001ef8       in6addr_allnodesonnode     0000000140010ef8     ws2_32:indef.obj
 0002:00001f08       in6addr_allnodesonlink     0000000140010f08     ws2_32:indef.obj
 0002:00001f18       in6addr_allroutersonlink   0000000140010f18     ws2_32:indef.obj
 0002:00001f28       in6addr_allmldv2routersonlink 0000000140010f28     ws2_32:indef.obj
 0002:00001f38       in6addr_teredoinitiallinklocaladdress 0000000140010f38     ws2_32:indef.obj
 0002:00001f48       in6addr_linklocalprefix    0000000140010f48     ws2_32:indef.obj
 0002:00001f58       in6addr_multicastprefix    0000000140010f58     ws2_32:indef.obj
 0002:00001f68       in6addr_solicitednodemulticastprefix 0000000140010f68     ws2_32:indef.obj
 0002:00001f78       in6addr_v4mappedprefix     0000000140010f78     ws2_32:indef.obj
 0002:00001f88       in6addr_6to4prefix         0000000140010f88     ws2_32:indef.obj
 0002:00001f98       in6addr_teredoprefix       0000000140010f98     ws2_32:indef.obj
 0002:00001fa8       in6addr_teredoprefix_old   0000000140010fa8     ws2_32:indef.obj
 0002:00001fb8       BUGCHECK_EFI_GUID          0000000140010fb8     ws2_32:indef.obj
 0002:00002360       __imp_CommandLineToArgvW   0000000140011360     shell32:SHELL32.dll
 0002:00002370       __imp_AcquireSRWLockExclusive 0000000140011370     kernel32:KERNEL32.dll
 0002:00002378       __imp_AcquireSRWLockShared 0000000140011378     kernel32:KERNEL32.dll
 0002:00002380       __imp_CloseHandle          0000000140011380     kernel32:KERNEL32.dll
 0002:00002388       __imp_CreateFileW          0000000140011388     kernel32:KERNEL32.dll
 0002:00002390       __imp_CreateIoCompletionPort 0000000140011390     kernel32:KERNEL32.dll
 0002:00002398       __imp_CreateThread         0000000140011398     kernel32:KERNEL32.dll
 0002:000023a0       __imp_ExitProcess          00000001400113a0     kernel32:KERNEL32.dll
 0002:000023a8       __imp_GetCommandLineW      00000001400113a8     kernel32:KERNEL32.dll
 0002:000023b0       __imp_GetConsoleMode       00000001400113b0     kernel32:KERNEL32.dll
 0002:000023b8       __imp_GetFileSizeEx        00000001400113b8     kernel32:KERNEL32.dll
 0002:000023c0       __imp_GetLastError         00000001400113c0     kernel32:KERNEL32.dll
 0002:000023c8       __imp_GetProcAddress       00000001400113c8     kernel32:KERNEL32.dll
 0002:000023d0       __imp_GetProcessHeap       00000001400113d0     kernel32:KERNEL32.dll
 0002:000023d8       __imp_GetQueuedCompletionStatus 00000001400113d8     kernel32:KERNEL32.dll
 0002:000023e0       __imp_GetStdHandle         00000001400113e0     kernel32:KERNEL32.dll
 0002:000023e8       __imp_HeapAlloc            00000001400113e8     kernel32:KERNEL32.dll
 0002:000023f0       __imp_HeapFree             00000001400113f0     kernel32:KERNEL32.dll
 0002:000023f8       __imp_HeapReAlloc          00000001400113f8     kernel32:KERNEL32.dll
 0002:00002400       __imp_LoadLibraryA         0000000140011400     kernel32:KERNEL32.dll
 0002:00002408       __imp_MultiByteToWideChar  0000000140011408     kernel32:KERNEL32.dll
 0002:00002410       __imp_QueryPerformanceCounter 0000000140011410     kernel32:KERNEL32.dll
 0002:00002418       __imp_QueryPerformanceFrequency 0000000140011418     kernel32:KERNEL32.dll
 0002:00002420       __imp_ReadConsoleW         0000000140011420     kernel32:KERNEL32.dll
 0002:00002428       __imp_ReadFile             0000000140011428     kernel32:KERNEL32.dll
 0002:00002430       __imp_ReleaseSRWLockExclusive 0000000140011430     kernel32:KERNEL32.dll
 0002:00002438       __imp_ReleaseSRWLockShared 0000000140011438     kernel32:KERNEL32.dll
 0002:00002440       __imp_Sleep                0000000140011440     kernel32:KERNEL32.dll
 0002:00002448       __imp_TlsAlloc             0000000140011448     kernel32:KERNEL32.dll
 0002:00002450       __imp_TlsFree              0000000140011450     kernel32:KERNEL32.dll
 0002:00002458       __imp_TlsGetValue          0000000140011458     kernel32:KERNEL32.dll
 0002:00002460       __imp_TlsSetValue          0000000140011460     kernel32:KERNEL32.dll
 0002:00002468       __imp_TryAcquireSRWLockExclusive 0000000140011468     kernel32:KERNEL32.dll
 0002:00002470       __imp_VirtualAlloc         0000000140011470     kernel32:KERNEL32.dll
 0002:00002478       __imp_WaitForMultipleObjects 0000000140011478     kernel32:KERNEL32.dll
 0002:00002480       __imp_WriteConsoleW        0000000140011480     kernel32:KERNEL32.dll
 0002:00002490       __imp_BCryptGenRandom      0000000140011490     bcrypt:bcrypt.dll
 0002:000024a0       __imp_WSARecv              00000001400114a0     ws2_32:WS2_32.dll
 0002:000024a8       __imp_WSAStartup           00000001400114a8     ws2_32:WS2_32.dll
 0002:000024b0       __imp_accept               00000001400114b0     ws2_32:WS2_32.dll
 0002:000024b8       __imp_bind                 00000001400114b8     ws2_32:WS2_32.dll
 0002:000024c0       __imp_closesocket          00000001400114c0     ws2_32:WS2_32.dll
 0002:000024c8       __imp_connect              00000001400114c8     ws2_32:WS2_32.dll
 0002:000024d0       __imp_freeaddrinfo         00000001400114d0     ws2_32:WS2_32.dll
 0002:000024d8       __imp_getaddrinfo          00000001400114d8     ws2_32:WS2_32.dll
 0002:000024e0       __imp_getsockname          00000001400114e0     ws2_32:WS2_32.dll
 0002:000024e8       __imp_htons                00000001400114e8     ws2_32:WS2_32.dll
 0002:000024f0       __imp_listen               00000001400114f0     ws2_32:WS2_32.dll
 0002:000024f8       __imp_ntohs                00000001400114f8     ws2_32:WS2_32.dll
 0002:00002500       __imp_send                 0000000140011500     ws2_32:WS2_32.dll
 0002:00002508       __imp_setsockopt           0000000140011508     ws2_32:WS2_32.dll
 0002:00002510       __imp_socket               0000000140011510     ws2_32:WS2_32.dll
 0002:00002520       __imp_clBuildProgram       0000000140011520     OpenCL:OpenCL.dll
 0002:00002528       __imp_clCreateBuffer       0000000140011528     OpenCL:OpenCL.dll
 0002:00002530       __imp_clCreateCommandQueueWithProperties 0000000140011530     OpenCL:OpenCL.dll
 0002:00002538       __imp_clCreateContext      0000000140011538     OpenCL:OpenCL.dll
 0002:00002540       __imp_clCreateKernel       0000000140011540     OpenCL:OpenCL.dll
 0002:00002548       __imp_clCreateProgramWithSource 0000000140011548     OpenCL:OpenCL.dll
 0002:00002550       __imp_clEnqueueNDRangeKernel 0000000140011550     OpenCL:OpenCL.dll
 0002:00002558       __imp_clEnqueueReadBuffer  0000000140011558     OpenCL:OpenCL.dll
 0002:00002560       __imp_clEnqueueWriteBuffer 0000000140011560     OpenCL:OpenCL.dll
 0002:00002568       __imp_clFinish             0000000140011568     OpenCL:OpenCL.dll
 0002:00002570       __imp_clGetDeviceIDs       0000000140011570     OpenCL:OpenCL.dll
 0002:00002578       __imp_clGetDeviceInfo      0000000140011578     OpenCL:OpenCL.dll
 0002:00002580       __imp_clGetKernelArgInfo   0000000140011580     OpenCL:OpenCL.dll
 0002:00002588       __imp_clGetPlatformIDs     0000000140011588     OpenCL:OpenCL.dll
 0002:00002590       __imp_clGetPlatformInfo    0000000140011590     OpenCL:OpenCL.dll
 0002:00002598       __imp_clGetProgramBuildInfo 0000000140011598     OpenCL:OpenCL.dll
 0002:000025a0       __imp_clSetKernelArg       00000001400115a0     OpenCL:OpenCL.dll
 0003:00000000       server_port                0000000140012000     .-remote.o
 0003:00000008       thisServerId               0000000140012008     .-remote.o
 0003:00000010       Providers                  0000000140012010     .-runtime.o
 0003:00000040       AddressFamilyInformation   0000000140012040     ws2_32:indef.obj
 0003:00000070       connections_lock           0000000140012070     .-api.o
 0003:00000078       connections_len            0000000140012078     .-api.o
 0003:00000080       pages_lock                 0000000140012080     .-api.o
 0003:00000088       pages_len                  0000000140012088     .-api.o
 0003:00000090       known_id_broadcasts        0000000140012090     .-api.o
 0003:000000b0       known_page_broadcasts      00000001400120b0     .-api.o
 0003:000000d0       known_path_broadcasts      00000001400120d0     .-api.o
 0003:000000f0       known_path_id_broadcasts   00000001400120f0     .-api.o
 0003:00000110       local_objects              0000000140012110     .-api.o
 0003:00000130       known_objects              0000000140012130     .-api.o
 0003:00000150       query_requests             0000000140012150     .-api.o
 0003:00000170       push_requests              0000000140012170     .-api.o
 0003:00000190       known_hives                0000000140012190     .-api.o
 0003:000001b0       connections                00000001400121b0     .-api.o
 0003:000021b0       pages                      00000001400141b0     .-api.o
 0003:00002db0       SL_best_platform           0000000140014db0     .-gpu_subsystem.o
 0003:00002db4       SL_best_platform_value     0000000140014db4     .-gpu_subsystem.o
 0003:00002db8       SL_platforms_len           0000000140014db8     .-gpu_subsystem.o
 0003:00002dc0       SL_platforms               0000000140014dc0     .-gpu_subsystem.o
 0003:00002e40       SL_devices                 0000000140014e40     .-gpu_subsystem.o
 0003:00003240       SL_devices_len             0000000140015240     .-gpu_subsystem.o
 0003:00003280       SL_main_platform           0000000140015280     .-gpu_subsystem.o
 0003:00003288       SL_context                 0000000140015288     .-gpu_subsystem.o
 0003:00003290       SL_queues                  0000000140015290     .-gpu_subsystem.o
 0003:00003690       SL_queues_len              0000000140015690     .-gpu_subsystem.o
 0003:000036d0       ServerIdGetLock            00000001400156d0     .-remote.o
 0003:000036d8       next_local_id              00000001400156d8     .-remote.o
 0003:000036e0       hIOCP                      00000001400156e0     .-remote.o
 0003:000036f0       hHeap                      00000001400156f0     .-runtime_lib.o
 0003:000036f8       hInput                     00000001400156f8     .-runtime_lib.o
 0003:00003700       buf                        0000000140015700     .-runtime_lib.o
 0003:00004700       hOutput                    0000000140016700     .-runtime_lib.o
 0003:00004708       frequency                  0000000140016708     .-runtime_lib.o
 0003:00004710       Workers                    0000000140016710     .-runtime.o
 0003:00005070       wait_list_lock             0000000140017070     .-runtime.o
 0003:00005078       wait_list_len              0000000140017078     .-runtime.o
 0003:00005080       queue_lock                 0000000140017080     .-runtime.o
 0003:00005088       queue_len                  0000000140017088     .-runtime.o
 0003:00005090       dwTlsIndex                 0000000140017090     .-runtime.o
 0003:000050a0       wait_list                  00000001400170a0     .-runtime.o
 0003:000c85a0       queue                      00000001400da5a0     .-runtime.o
 0003:000dbe28       defined_arrays             00000001400ede28     .-runtime.o
 0003:000dbe31       ExPoolZeroingNativelySupported 00000001400ede31     ws2_32:indef.obj
 0004:00000000       context                    00000001400ee000     asm.o

 entry point at         0001:0000c120

 Static symbols

 0001:00001b40       GetKnownHiveHash           0000000140002b40     .-api.o
 0001:00007820       Worker                     0000000140008820     .-remote.o
 0001:00007d50       ConnectionListnerWorker    0000000140008d50     .-remote.o
 0001:00007f10       PagesAllocator             0000000140008f10     .-remote.o
 0001:00007fe0       StateSender                0000000140008fe0     .-remote.o
 0001:00008000       HandleApiCall              0000000140009000     .-remote.o
 0001:0000c684       .text                      000000014000d684     asm.o
 0002:00001e98       BFE_GENERIC_MAPPING        0000000140010e98     ws2_32:indef.obj
 0002:00001fc8       IPSEC_AUTH_TRANSFORM_ID_HMAC_MD5_96 0000000140010fc8     ws2_32:indef.obj
 0002:00001fd0       IPSEC_AUTH_TRANSFORM_ID_HMAC_SHA_1_96 0000000140010fd0     ws2_32:indef.obj
 0002:00001fd8       IPSEC_AUTH_TRANSFORM_ID_HMAC_SHA_256_128 0000000140010fd8     ws2_32:indef.obj
 0002:00001fe0       IPSEC_AUTH_TRANSFORM_ID_GCM_AES_128 0000000140010fe0     ws2_32:indef.obj
 0002:00001fe8       IPSEC_AUTH_TRANSFORM_ID_GCM_AES_192 0000000140010fe8     ws2_32:indef.obj
 0002:00001ff0       IPSEC_AUTH_TRANSFORM_ID_GCM_AES_256 0000000140010ff0     ws2_32:indef.obj
 0002:00001ff8       IPSEC_CIPHER_TRANSFORM_ID_CBC_DES 0000000140010ff8     ws2_32:indef.obj
 0002:00002000       IPSEC_CIPHER_TRANSFORM_ID_CBC_3DES 0000000140011000     ws2_32:indef.obj
 0002:00002008       IPSEC_CIPHER_TRANSFORM_ID_AES_128 0000000140011008     ws2_32:indef.obj
 0002:00002010       IPSEC_CIPHER_TRANSFORM_ID_AES_192 0000000140011010     ws2_32:indef.obj
 0002:00002018       IPSEC_CIPHER_TRANSFORM_ID_AES_256 0000000140011018     ws2_32:indef.obj
 0002:00002020       IPSEC_CIPHER_TRANSFORM_ID_GCM_AES_128 0000000140011020     ws2_32:indef.obj
 0002:00002028       IPSEC_CIPHER_TRANSFORM_ID_GCM_AES_192 0000000140011028     ws2_32:indef.obj
 0002:00002030       IPSEC_CIPHER_TRANSFORM_ID_GCM_AES_256 0000000140011030     ws2_32:indef.obj
 0003:000dbe20       UpdateWaitingWorkers.xt    00000001400ede20     .-runtime.o
 0003:000dbe30       WFP_TRACE_NULL_DATA        00000001400ede30     ws2_32:indef.obj
 0004:00000000       .data                      00000001400ee000     asm.o
