 a

 Timestamp is 6989347d (Mon Feb  9 04:12:29 2026)

 Preferred load address is 0000000140000000

 Start         Length     Name                   Class
 0001:00000000 0000d664H .text                   CODE
 0002:00000000 00001fe0H .rdata                  DATA
 0003:00000000 0000007cH .data                   DATA
 0003:0000007c 000dbdbeH .bss                    DATA
 0004:00000000 00000200H .data                   DATA

  Address         Publics by Value              Rva+Base               Lib:Object

 0001:00000000       dllPauseWorker             0000000140001000     .-dll-await_worker.o
 0001:000000b0       dllCallObject              00000001400010b0     .-dll-call_object.o
 0001:00000130       dllExecuteWorker           0000000140001130     .-dll-execute_worker.o
 0001:000009a0       gpuPauseWorker             00000001400019a0     .-gpu-await_worker.o
 0001:00000a50       gpuCallObject              0000000140001a50     .-gpu-call_object.o
 0001:00000ad0       gpuExecuteWorker           0000000140001ad0     .-gpu-execute_worker.o
 0001:00000f90       gpuNewObjectUsingPage      0000000140001f90     .-gpu-new_object.o
 0001:00001090       gpuNewObject               0000000140002090     .-gpu-new_object.o
 0001:000010e0       gpuPushObject              00000001400020e0     .-gpu-push_object.o
 0001:00001120       gpuPushPipe                0000000140002120     .-gpu-push_object.o
 0001:00001160       gpuQueryObject             0000000140002160     .-gpu-query_object.o
 0001:000011a0       gpuQueryPipe               00000001400021a0     .-gpu-query_object.o
 0001:000011e0       x64PauseWorker             00000001400021e0     .-x64-await_worker.o
 0001:00001290       x64CallObject              0000000140002290     .-x64-call_object.o
 0001:00001310       x64ExecuteWorker           0000000140002310     .-x64-execute_worker.o
 0001:00001360       x64NewObjectUsingPage      0000000140002360     .-x64-new_object.o
 0001:000017c0       x64NewObjectStates         00000001400027c0     .-x64-new_object.o
 0001:00001850       x64NewObject               0000000140002850     .-x64-new_object.o
 0001:00001940       x64UpdateLocalPush         0000000140002940     .-x64-push_object.o
 0001:00001a30       x64OnPushObject            0000000140002a30     .-x64-push_object.o
 0001:00001ac0       x64PushObjectStates        0000000140002ac0     .-x64-push_object.o
 0001:00001bb0       x64PushObject              0000000140002bb0     .-x64-push_object.o
 0001:00001e00       x64PushPipe                0000000140002e00     .-x64-push_object.o
 0001:00001e30       x64QueryLocalObject        0000000140002e30     .-x64-query_object.o
 0001:00001f90       x64OnQueryObject           0000000140002f90     .-x64-query_object.o
 0001:00002060       x64QueryObjectStates       0000000140003060     .-x64-query_object.o
 0001:00002160       x64QueryObject             0000000140003160     .-x64-query_object.o
 0001:00002350       x64QueryPipe               0000000140003350     .-x64-query_object.o
 0001:00002380       equal_bytes                0000000140003380     .-api.o
 0001:00002410       GetHashtableNoLock         0000000140003410     .-api.o
 0001:00002540       SetHashtableNoLock         0000000140003540     .-api.o
 0001:00002840       GetHashtable               0000000140003840     .-api.o
 0001:000028a0       SetHashtable               00000001400038a0     .-api.o
 0001:000028f0       InitInternalStructures     00000001400038f0     .-api.o
 0001:00002c30       castOnQueryObject          0000000140003c30     .-cast_provider.o
 0001:00002df0       anyCastStates              0000000140003df0     .-cast_provider.o
 0001:00003e20       anyCastProvider            0000000140004e20     .-cast_provider.o
 0001:00004010       init_gpu_subsystem         0000000140005010     .-gpu_subsystem.o
 0001:00005ac0       gpuBuildFromText           0000000140006ac0     .-gpu_subsystem.o
 0001:00005da0       gpuAlloc                   0000000140006da0     .-gpu_subsystem.o
 0001:00005de0       gpuRun                     0000000140006de0     .-gpu_subsystem.o
 0001:00005e90       gpuFinishQueuesOnPlatform  0000000140006e90     .-gpu_subsystem.o
 0001:00005f10       gpuFinishQueue             0000000140006f10     .-gpu_subsystem.o
 0001:00005f50       StartInitialProcess        0000000140006f50     .-hive_entry.o
 0001:00006160       GetConnectionById          0000000140007160     .-remote.o
 0001:000061f0       ConfirmPage                00000001400071f0     .-remote.o
 0001:00006280       ConfirmID                  0000000140007280     .-remote.o
 0001:000062d0       HandleNewConnection        00000001400072d0     .-remote.o
 0001:000064b0       UpdateWaitingPush          00000001400074b0     .-remote.o
 0001:000066f0       AnswerPushObject           00000001400076f0     .-remote.o
 0001:000067b0       SendPageAllocationConfirm  00000001400077b0     .-remote.o
 0001:00006830       SendIDConfirm              0000000140007830     .-remote.o
 0001:000068b0       RedirectBroadcastQuery     00000001400078b0     .-remote.o
 0001:00006a10       RedirectBroadcastIDQuery   0000000140007a10     .-remote.o
 0001:00006b70       ConfirmConnection          0000000140007b70     .-remote.o
 0001:00006ce0       InitiateConnection         0000000140007ce0     .-remote.o
 0001:00007000       RequestMemoryPage          0000000140008000     .-remote.o
 0001:000070f0       RequestServerId            00000001400080f0     .-remote.o
 0001:000071f0       AnswerQueryObject          00000001400081f0     .-remote.o
 0001:000072f0       AnswerRequestObjectPath    00000001400082f0     .-remote.o
 0001:00007410       RequestObjectPathBroadcast 0000000140008410     .-remote.o
 0001:00007600       AnswerRequestPathToID      0000000140008600     .-remote.o
 0001:00007720       RequestPathToIDBroadcast   0000000140008720     .-remote.o
 0001:00007910       RequestObjectGet           0000000140008910     .-remote.o
 0001:00007a20       RequestObjectSet           0000000140008a20     .-remote.o
 0001:00007be0       StartNewWorkerRemote       0000000140008be0     .-remote.o
 0001:00007cf0       SendHiveState              0000000140008cf0     .-remote.o
 0001:00007ea0       start_remote_subsystem     0000000140008ea0     .-remote.o
 0001:0000a4b0       memset                     000000014000b4b0     .-runtime_lib.o
 0001:0000a510       memcpy                     000000014000b510     .-runtime_lib.o
 0001:0000a580       myMalloc                   000000014000b580     .-runtime_lib.o
 0001:0000a5d0       myPrintf                   000000014000b5d0     .-runtime_lib.o
 0001:0000a900       myRealloc                  000000014000b900     .-runtime_lib.o
 0001:0000a960       myFree                     000000014000b960     .-runtime_lib.o
 0001:0000a9a0       myAtoll                    000000014000b9a0     .-runtime_lib.o
 0001:0000aae0       get_char                   000000014000bae0     .-runtime_lib.o
 0001:0000abc0       myScanI64                  000000014000bbc0     .-runtime_lib.o
 0001:0000ac50       myScanS                    000000014000bc50     .-runtime_lib.o
 0001:0000ad50       PrintI64                   000000014000bd50     .-runtime_lib.o
 0001:0000ae20       PrintI64H                  000000014000be20     .-runtime_lib.o
 0001:0000aec0       Print2H                    000000014000bec0     .-runtime_lib.o
 0001:0000af60       assertion_failure          000000014000bf60     .-runtime_lib.o
 0001:0000afb0       myAbs                      000000014000bfb0     .-runtime_lib.o
 0001:0000afe0       MicrosecondsToTicks        000000014000bfe0     .-runtime_lib.o
 0001:0000b000       TicksToMicroseconds        000000014000c000     .-runtime_lib.o
 0001:0000b020       GetTicks                   000000014000c020     .-runtime_lib.o
 0001:0000b040       SheduleTimeoutFromNow      000000014000c040     .-runtime_lib.o
 0001:0000b080       init_lib                   000000014000c080     .-runtime_lib.o
 0001:0000b0d0       RegisterObjectWithId       000000014000c0d0     .-runtime.o
 0001:0000b100       GetNewObjectId             000000014000c100     .-runtime.o
 0001:0000b1f0       universalPauseWorker       000000014000c1f0     .-runtime.o
 0001:0000b290       universalUpdateLocalPush   000000014000c290     .-runtime.o
 0001:0000b2f0       UpdateFromQueryResult      000000014000c2f0     .-runtime.o
 0001:0000b370       PrintObject                000000014000c370     .-runtime.o
 0001:0000b480       WaitListWorker             000000014000c480     .-runtime.o
 0001:0000b4d0       EnqueueWorkerFromWaitList  000000014000c4d0     .-runtime.o
 0001:0000b560       EnqueueWorker              000000014000c560     .-runtime.o
 0001:0000b5b0       UpdateWaitingWorkers       000000014000c5b0     .-runtime.o
 0001:0000b730       SheduleWorker              000000014000c730     .-runtime.o
 0001:0000b870       StartNewWorker             000000014000c870     .-runtime.o
 0001:0000bb50       LoadWorker                 000000014000cb50     .-runtime.o
 0001:0000ca10       ShedulerInstance           000000014000da10     .-runtime.o
 0001:0000cb00       entry                      000000014000db00     .-runtime.o
 0001:0000d064       x64_fastPushObject         000000014000e064     asm.o
 0001:0000d0e0       x64_fastQueryObject        000000014000e0e0     asm.o
 0001:0000d15c       x64_fastNewObject          000000014000e15c     asm.o
 0001:0000d1d8       x64_fastCallObject         000000014000e1d8     asm.o
 0001:0000d254       x64_fastPushPipe           000000014000e254     asm.o
 0001:0000d2d0       x64_fastQueryPipe          000000014000e2d0     asm.o
 0001:0000d34c       gpu_fastNewObject          000000014000e34c     asm.o
 0001:0000d3c8       gpu_fastCallObject         000000014000e3c8     asm.o
 0001:0000d444       dll_fastCallObject         000000014000e444     asm.o
 0001:0000d4c0       any_fastCastProvider       000000014000e4c0     asm.o
 0001:0000d53c       x64AsmExecuteWorker        000000014000e53c     asm.o
 0001:0000d583       setjmpUN                   000000014000e583     asm.o
 0001:0000d5b6       longjmpUN                  000000014000e5b6     asm.o
 0001:0000d5df       DllCall                    000000014000e5df     asm.o
 0001:0000d670       CommandLineToArgvW         000000014000e670     shell32:SHELL32.dll
 0001:0000d680       AcquireSRWLockExclusive    000000014000e680     kernel32:KERNEL32.dll
 0001:0000d690       AcquireSRWLockShared       000000014000e690     kernel32:KERNEL32.dll
 0001:0000d6a0       CloseHandle                000000014000e6a0     kernel32:KERNEL32.dll
 0001:0000d6b0       CreateFileW                000000014000e6b0     kernel32:KERNEL32.dll
 0001:0000d6c0       CreateIoCompletionPort     000000014000e6c0     kernel32:KERNEL32.dll
 0001:0000d6d0       CreateThread               000000014000e6d0     kernel32:KERNEL32.dll
 0001:0000d6e0       ExitProcess                000000014000e6e0     kernel32:KERNEL32.dll
 0001:0000d6f0       GetCommandLineW            000000014000e6f0     kernel32:KERNEL32.dll
 0001:0000d700       GetConsoleMode             000000014000e700     kernel32:KERNEL32.dll
 0001:0000d710       GetFileSizeEx              000000014000e710     kernel32:KERNEL32.dll
 0001:0000d720       GetLastError               000000014000e720     kernel32:KERNEL32.dll
 0001:0000d730       GetProcAddress             000000014000e730     kernel32:KERNEL32.dll
 0001:0000d740       GetProcessHeap             000000014000e740     kernel32:KERNEL32.dll
 0001:0000d750       GetQueuedCompletionStatus  000000014000e750     kernel32:KERNEL32.dll
 0001:0000d760       GetStdHandle               000000014000e760     kernel32:KERNEL32.dll
 0001:0000d770       HeapAlloc                  000000014000e770     kernel32:KERNEL32.dll
 0001:0000d780       HeapFree                   000000014000e780     kernel32:KERNEL32.dll
 0001:0000d790       HeapReAlloc                000000014000e790     kernel32:KERNEL32.dll
 0001:0000d7a0       LoadLibraryA               000000014000e7a0     kernel32:KERNEL32.dll
 0001:0000d7b0       MultiByteToWideChar        000000014000e7b0     kernel32:KERNEL32.dll
 0001:0000d7c0       QueryPerformanceCounter    000000014000e7c0     kernel32:KERNEL32.dll
 0001:0000d7d0       QueryPerformanceFrequency  000000014000e7d0     kernel32:KERNEL32.dll
 0001:0000d7e0       ReadConsoleW               000000014000e7e0     kernel32:KERNEL32.dll
 0001:0000d7f0       ReadFile                   000000014000e7f0     kernel32:KERNEL32.dll
 0001:0000d800       ReleaseSRWLockExclusive    000000014000e800     kernel32:KERNEL32.dll
 0001:0000d810       ReleaseSRWLockShared       000000014000e810     kernel32:KERNEL32.dll
 0001:0000d820       Sleep                      000000014000e820     kernel32:KERNEL32.dll
 0001:0000d830       TlsAlloc                   000000014000e830     kernel32:KERNEL32.dll
 0001:0000d840       TlsFree                    000000014000e840     kernel32:KERNEL32.dll
 0001:0000d850       TlsGetValue                000000014000e850     kernel32:KERNEL32.dll
 0001:0000d860       TlsSetValue                000000014000e860     kernel32:KERNEL32.dll
 0001:0000d870       TryAcquireSRWLockExclusive 000000014000e870     kernel32:KERNEL32.dll
 0001:0000d880       VirtualAlloc               000000014000e880     kernel32:KERNEL32.dll
 0001:0000d890       WaitForMultipleObjects     000000014000e890     kernel32:KERNEL32.dll
 0001:0000d8a0       WriteConsoleW              000000014000e8a0     kernel32:KERNEL32.dll
 0001:0000d8b0       BCryptGenRandom            000000014000e8b0     bcrypt:bcrypt.dll
 0001:0000d8c0       WSARecv                    000000014000e8c0     ws2_32:WS2_32.dll
 0001:0000d8d0       WSAStartup                 000000014000e8d0     ws2_32:WS2_32.dll
 0001:0000d8e0       accept                     000000014000e8e0     ws2_32:WS2_32.dll
 0001:0000d8f0       bind                       000000014000e8f0     ws2_32:WS2_32.dll
 0001:0000d900       closesocket                000000014000e900     ws2_32:WS2_32.dll
 0001:0000d910       connect                    000000014000e910     ws2_32:WS2_32.dll
 0001:0000d920       freeaddrinfo               000000014000e920     ws2_32:WS2_32.dll
 0001:0000d930       getaddrinfo                000000014000e930     ws2_32:WS2_32.dll
 0001:0000d940       getsockname                000000014000e940     ws2_32:WS2_32.dll
 0001:0000d950       htons                      000000014000e950     ws2_32:WS2_32.dll
 0001:0000d960       listen                     000000014000e960     ws2_32:WS2_32.dll
 0001:0000d970       ntohs                      000000014000e970     ws2_32:WS2_32.dll
 0001:0000d980       send                       000000014000e980     ws2_32:WS2_32.dll
 0001:0000d990       setsockopt                 000000014000e990     ws2_32:WS2_32.dll
 0001:0000d9a0       socket                     000000014000e9a0     ws2_32:WS2_32.dll
 0001:0000d9b0       clBuildProgram             000000014000e9b0     OpenCL:OpenCL.dll
 0001:0000d9c0       clCreateBuffer             000000014000e9c0     OpenCL:OpenCL.dll
 0001:0000d9d0       clCreateCommandQueueWithProperties 000000014000e9d0     OpenCL:OpenCL.dll
 0001:0000d9e0       clCreateContext            000000014000e9e0     OpenCL:OpenCL.dll
 0001:0000d9f0       clCreateKernel             000000014000e9f0     OpenCL:OpenCL.dll
 0001:0000da00       clCreateProgramWithSource  000000014000ea00     OpenCL:OpenCL.dll
 0001:0000da10       clEnqueueNDRangeKernel     000000014000ea10     OpenCL:OpenCL.dll
 0001:0000da20       clEnqueueReadBuffer        000000014000ea20     OpenCL:OpenCL.dll
 0001:0000da30       clEnqueueWriteBuffer       000000014000ea30     OpenCL:OpenCL.dll
 0001:0000da40       clFinish                   000000014000ea40     OpenCL:OpenCL.dll
 0001:0000da50       clGetDeviceIDs             000000014000ea50     OpenCL:OpenCL.dll
 0001:0000da60       clGetDeviceInfo            000000014000ea60     OpenCL:OpenCL.dll
 0001:0000da70       clGetKernelArgInfo         000000014000ea70     OpenCL:OpenCL.dll
 0001:0000da80       clGetPlatformIDs           000000014000ea80     OpenCL:OpenCL.dll
 0001:0000da90       clGetPlatformInfo          000000014000ea90     OpenCL:OpenCL.dll
 0001:0000daa0       clGetProgramBuildInfo      000000014000eaa0     OpenCL:OpenCL.dll
 0001:0000dab0       clSetKernelArg             000000014000eab0     OpenCL:OpenCL.dll
 0002:00000014       ??_C@_1CM@LINKHLDO@?$AAw?$AAo?$AAr?$AAk?$AAe?$AAr?$AA?5?$AAi?$AAd?$AA?$DN?$AA?$CF?$AAl?$AAl?$AAd?$AA?5?$AA?$FL?$AAd?$AAl?$AAl?$AA?$FN?$AA?6?$AA?$AA@ 000000014000f014     .-dll-execute_worker.o
 0002:00000040       ??_C@_1DO@MBJBKNM@?$AAE?$AAr?$AAr?$AAo?$AAr?$AA?3?$AA?5?$AAa?$AAt?$AA?5?$AAc?$AAl?$AAS?$AAe?$AAt?$AAK?$AAe?$AAr?$AAn?$AAe?$AAl?$AAA?$AAr?$AAg?$AA?5?$AA?$CF?$AAl?$AAl?$AAd?$AA?6?$AA?$AA@ 000000014000f040     .-gpu-execute_worker.o
 0002:0000007e       ??_C@_1EO@KIFHHFHO@?$AAE?$AAr?$AAr?$AAo?$AAr?$AA?3?$AA?5?$AAa?$AAt?$AA?5?$AAc?$AAl?$AAE?$AAn?$AAq?$AAu?$AAe?$AAu?$AAe?$AAN?$AAD?$AAR?$AAa?$AAn?$AAg?$AAe?$AAK?$AAe?$AAr?$AAn?$AAe?$AAl@ 000000014000f07e     .-gpu-execute_worker.o
 0002:000000cc       ??_C@_1DO@PIAGAENK@?$AAE?$AAR?$AAR?$AAO?$AAR?$AA?3?$AA?5?$AAg?$AAp?$AAu?$AAA?$AAl?$AAl?$AAo?$AAc?$AA?5?$AAf?$AAa?$AAi?$AAl?$AAe?$AAd?$AA?5?$AA?$FL?$AA?$CF?$AAl?$AAl?$AAd?$AA?$FN?$AA?6?$AA?$AA@ 000000014000f0cc     .-gpu-new_object.o
 0002:0000010a       ??_C@_1BG@LMPFNDF@?$AAr?$AAe?$AAs?$AAu?$AAl?$AAt?$AA?5?$AA?$CF?$AAp?$AA?6?$AA?$AA@ 000000014000f10a     .-gpu-new_object.o
 0002:00000120       ??_C@_1FM@LBBNKNII@?$AAE?$AAR?$AAR?$AAO?$AAR?$AA?3?$AA?5?$AAP?$AAi?$AAp?$AAe?$AAs?$AA?5?$AAa?$AAr?$AAe?$AA?5?$AAu?$AAn?$AAs?$AAu?$AAp?$AAp?$AAo?$AAr?$AAt?$AAe?$AAd?$AA?5?$AAo?$AAn?$AA?5@ 000000014000f120     .-gpu-new_object.o
 0002:0000017c       ??_C@_1GM@BNFAKJM@?$AAE?$AAR?$AAR?$AAO?$AAR?$AA?3?$AA?5?$AAP?$AAi?$AAp?$AAe?$AAs?$AA?5?$AAa?$AAr?$AAe?$AA?5?$AAu?$AAn?$AAs?$AAu?$AAp?$AAp?$AAo?$AAr?$AAt?$AAe?$AAd?$AA?5?$AAo?$AAn?$AA?5@ 000000014000f17c     .-gpu-new_object.o
 0002:000001e8       ??_C@_1EG@FBJBJMFK@?$AAN?$AAO?$AAT?$AA?5?$AAS?$AAU?$AAP?$AAP?$AAO?$AAR?$AAT?$AAE?$AAD?$AA?3?$AA?5?$AAp?$AAu?$AAs?$AAh?$AA?5?$AAi?$AAn?$AA?5?$AAg?$AAp?$AAu?$AA?5?$AAo?$AAb?$AAj?$AAe?$AAc@ 000000014000f1e8     .-gpu-push_object.o
 0002:0000022e       ??_C@_1FE@GJLEMBH@?$AAN?$AAO?$AAT?$AA?5?$AAS?$AAU?$AAP?$AAP?$AAO?$AAR?$AAT?$AAE?$AAD?$AA?3?$AA?5?$AAp?$AAu?$AAs?$AAh?$AA?5?$AAi?$AAn?$AA?5?$AAg?$AAp?$AAu?$AA?5?$AAo?$AAb?$AAj?$AAe?$AAc@ 000000014000f22e     .-gpu-push_object.o
 0002:00000282       ??_C@_1EI@EPHKLIAN@?$AAN?$AAO?$AAT?$AA?5?$AAS?$AAU?$AAP?$AAP?$AAO?$AAR?$AAT?$AAE?$AAD?$AA?3?$AA?5?$AAq?$AAu?$AAe?$AAr?$AAy?$AA?5?$AAi?$AAn?$AA?5?$AAg?$AAp?$AAu?$AA?5?$AAo?$AAb?$AAj?$AAe@ 000000014000f282     .-gpu-query_object.o
 0002:000002ca       ??_C@_1FG@PCBNEEAC@?$AAN?$AAO?$AAT?$AA?5?$AAS?$AAU?$AAP?$AAP?$AAO?$AAR?$AAT?$AAE?$AAD?$AA?3?$AA?5?$AAq?$AAu?$AAe?$AAr?$AAy?$AA?5?$AAi?$AAn?$AA?5?$AAg?$AAp?$AAu?$AA?5?$AAo?$AAb?$AAj?$AAe@ 000000014000f2ca     .-gpu-query_object.o
 0002:00000320       ??_C@_1CA@OGMELJBB@?$AAw?$AAo?$AAr?$AAk?$AAe?$AAr?$AA?5?$AAi?$AAd?$AA?$DN?$AA?$CF?$AAl?$AAl?$AAd?$AA?6?$AA?$AA@ 000000014000f320     .-x64-execute_worker.o
 0002:00000398       ??_C@_1FE@BCAGMINK@?$AAE?$AAr?$AAr?$AAo?$AAr?$AA?3?$AA?5?$AAn?$AAo?$AA?5?$AAk?$AAn?$AAo?$AAw?$AAn?$AA?5?$AAs?$AAi?$AAz?$AAe?$AA?5?$AAf?$AAo?$AAr?$AA?5?$AAn?$AAo?$AAt?$AA?5?$AAa?$AAr?$AAr@ 000000014000f398     .-cast_provider.o
 0002:000003ec       ??_C@_1FK@KDAFABDO@?$AAE?$AAr?$AAr?$AAo?$AAr?$AA?3?$AA?5?$AAl?$AAo?$AAc?$AAa?$AAl?$AA?5?$AAo?$AAb?$AAj?$AAe?$AAc?$AAt?$AA?5?$AAw?$AAa?$AAs?$AA?5?$AAr?$AAe?$AAm?$AAo?$AAv?$AAe?$AAd?$AA?5@ 000000014000f3ec     .-cast_provider.o
 0002:00000446       ??_C@_1FO@HMOHPFHI@?$AAE?$AAr?$AAr?$AAo?$AAr?$AA?5?$AAh?$AAa?$AAp?$AAp?$AAe?$AAn?$AA?5?$AAw?$AAh?$AAi?$AAl?$AAe?$AA?5?$AAc?$AAl?$AAE?$AAn?$AAq?$AAu?$AAe?$AAu?$AAe?$AAR?$AAe?$AAa?$AAd@ 000000014000f446     .-cast_provider.o
 0002:000004a4       ??_C@_1GA@EEKPNAGK@?$AAE?$AAr?$AAr?$AAo?$AAr?$AA?5?$AAh?$AAa?$AAp?$AAp?$AAe?$AAn?$AA?5?$AAw?$AAh?$AAi?$AAl?$AAe?$AA?5?$AAc?$AAl?$AAE?$AAn?$AAq?$AAu?$AAe?$AAu?$AAe?$AAW?$AAr?$AAi?$AAt@ 000000014000f4a4     .-cast_provider.o
 0002:00000504       ??_C@_1BM@OBHKMKPP@?$AAR?$AAe?$AAt?$AAu?$AAr?$AAn?$AA?3?$AA?5?$AA?$CF?$AAl?$AAl?$AAd?$AA?6?$AA?$AA@ 000000014000f504     .-cast_provider.o
 0002:00000520       ??_C@_1EC@IPADNJOO@?$AAc?$AAo?$AAn?$AAv?$AAe?$AAr?$AAt?$AA?5?$AA?$CF?$AAp?$AA?5?$AA?$FL?$AAt?$AAy?$AAp?$AAe?$AAs?$AA?5?$AA?$CF?$AAl?$AAl?$AAd?$AA?5?$AA?9?$AA?$DO?$AA?5?$AA?$CF?$AAl?$AAl?$AAd?$AA?$FN?$AA?6@ 000000014000f520     .-cast_provider.o
 0002:00000562       ??_C@_1IA@HIJJNPCH@?$AAE?$AAR?$AAR?$AAO?$AAR?$AA?3?$AA?5?$AAn?$AAo?$AAt?$AA?5?$AAs?$AAu?$AAp?$AAp?$AAo?$AAr?$AAt?$AAe?$AAd?$AA?5?$AAc?$AAo?$AAn?$AAv?$AAe?$AAr?$AAs?$AAi?$AAo?$AAn?$AA?5@ 000000014000f562     .-cast_provider.o
 0002:000005e2       ??_C@_1DK@FINICEEJ@?$AAG?$AAo?$AAt?$AA?5?$AAa?$AAt?$AA?5?$AAl?$AAe?$AAa?$AAs?$AAt?$AA?5?$AA?$CF?$AAl?$AAl?$AAd?$AA?5?$AAp?$AAl?$AAa?$AAt?$AAf?$AAo?$AAr?$AAm?$AAs?$AA?6?$AA?$AA@ 000000014000f5e2     .-gpu_subsystem.o
 0002:0000061c       ??_C@_1CA@OOAPHHDP@?$AAP?$AAl?$AAa?$AAt?$AAf?$AAo?$AAr?$AAm?$AA?5?$AA?$CF?$AAl?$AAl?$AAd?$AA?3?$AA?6?$AA?$AA@ 000000014000f61c     .-gpu_subsystem.o
 0002:0000063c       ??_C@_1DK@CFKCPDLH@?$AA?7?$AA?$CF?$AAl?$AAl?$AAd?$AA?4?$AAN?$AAa?$AAm?$AAe?$AA?5?$AA?5?$AA?5?$AA?5?$AA?5?$AA?5?$AA?5?$AA?5?$AA?5?$AA?5?$AA?5?$AA?5?$AA?5?$AA?3?$AA?5?$AA?$CF?$AAs?$AA?6?$AA?$AA@ 000000014000f63c     .-gpu_subsystem.o
 0002:00000676       ??_C@_1DK@PKNJPDCN@?$AA?7?$AA?$CF?$AAl?$AAl?$AAd?$AA?4?$AAV?$AAe?$AAn?$AAd?$AAo?$AAr?$AA?5?$AA?5?$AA?5?$AA?5?$AA?5?$AA?5?$AA?5?$AA?5?$AA?5?$AA?5?$AA?5?$AA?3?$AA?5?$AA?$CF?$AAs?$AA?6?$AA?$AA@ 000000014000f676     .-gpu_subsystem.o
 0002:000006b0       ??_C@_1DK@BCHMBHFB@?$AA?7?$AA?$CF?$AAl?$AAl?$AAd?$AA?4?$AAV?$AAe?$AAr?$AAs?$AAi?$AAo?$AAn?$AA?5?$AA?5?$AA?5?$AA?5?$AA?5?$AA?5?$AA?5?$AA?5?$AA?5?$AA?5?$AA?3?$AA?5?$AA?$CF?$AAs?$AA?6?$AA?$AA@ 000000014000f6b0     .-gpu_subsystem.o
 0002:000006ea       ??_C@_1DK@PPLGHIMI@?$AA?7?$AA?$CF?$AAl?$AAl?$AAd?$AA?4?$AAP?$AAr?$AAo?$AAf?$AAi?$AAl?$AAe?$AA?5?$AA?5?$AA?5?$AA?5?$AA?5?$AA?5?$AA?5?$AA?5?$AA?5?$AA?5?$AA?3?$AA?5?$AA?$CF?$AAs?$AA?6?$AA?$AA@ 000000014000f6ea     .-gpu_subsystem.o
 0002:00000724       ??_C@_1DK@KGLDJAGB@?$AA?7?$AA?$CF?$AAl?$AAl?$AAd?$AA?4?$AAE?$AAx?$AAt?$AAe?$AAn?$AAs?$AAi?$AAo?$AAn?$AAs?$AA?5?$AA?5?$AA?5?$AA?5?$AA?5?$AA?5?$AA?5?$AA?3?$AA?5?$AA?$CF?$AAs?$AA?6?$AA?$AA@ 000000014000f724     .-gpu_subsystem.o
 0002:0000075e       ??_C@_1DO@JAHGICMH@?$AA?7?$AA?$CF?$AAl?$AAl?$AAd?$AA?4?$AAT?$AAi?$AAm?$AAe?$AAr?$AA?5?$AAR?$AAe?$AAs?$AAo?$AAl?$AAu?$AAt?$AAi?$AAo?$AAn?$AA?5?$AA?3?$AA?5?$AA?$CF?$AAl?$AAl?$AAd?$AA?6?$AA?$AA@ 000000014000f75e     .-gpu_subsystem.o
 0002:0000079c       ??_C@_13LBAGMAIH@?$AA?6?$AA?$AA@ 000000014000f79c     .-gpu_subsystem.o
 0002:000007a0       ??_C@_1FE@GFHOHNKH@?$AAp?$AAl?$AAa?$AAt?$AAf?$AAo?$AAr?$AAm?$AA?5?$AA?$CF?$AAl?$AAl?$AAd?$AA?3?$AA?5?$AAG?$AAo?$AAt?$AA?5?$AAa?$AAt?$AA?5?$AAl?$AAe?$AAa?$AAs?$AAt?$AA?5?$AA?$CF?$AAl?$AAl?$AAd@ 000000014000f7a0     .-gpu_subsystem.o
 0002:000007f4       ??_C@_1BM@MMFNNAKO@?$AAD?$AAe?$AAv?$AAi?$AAc?$AAe?$AA?5?$AA?$CF?$AAl?$AAl?$AAd?$AA?3?$AA?6?$AA?$AA@ 000000014000f7f4     .-gpu_subsystem.o
 0002:00000810       ??_C@_1FG@GKDLJBIA@?$AA?7?$AA?$CF?$AAl?$AAl?$AAd?$AA?4?$AA?$CF?$AAl?$AAl?$AAd?$AA?4?$AAN?$AAa?$AAm?$AAe?$AA?5?$AA?5?$AA?5?$AA?5?$AA?5?$AA?5?$AA?5?$AA?5?$AA?5?$AA?5?$AA?5?$AA?5?$AA?5?$AA?5?$AA?5?$AA?5?$AA?5@ 000000014000f810     .-gpu_subsystem.o
 0002:00000866       ??_C@_1FK@JCGLFMHC@?$AA?7?$AA?$CF?$AAl?$AAl?$AAd?$AA?4?$AA?$CF?$AAl?$AAl?$AAd?$AA?4?$AAA?$AAv?$AAa?$AAi?$AAl?$AAa?$AAb?$AAl?$AAe?$AA?5?$AA?5?$AA?5?$AA?5?$AA?5?$AA?5?$AA?5?$AA?5?$AA?5?$AA?5?$AA?5?$AA?5@ 000000014000f866     .-gpu_subsystem.o
 0002:000008c0       ??_C@_1FK@PNFJMFNM@?$AA?7?$AA?$CF?$AAl?$AAl?$AAd?$AA?4?$AA?$CF?$AAl?$AAl?$AAd?$AA?4?$AAT?$AAy?$AAp?$AAe?$AA?5?$AA?5?$AA?5?$AA?5?$AA?5?$AA?5?$AA?5?$AA?5?$AA?5?$AA?5?$AA?5?$AA?5?$AA?5?$AA?5?$AA?5?$AA?5?$AA?5@ 000000014000f8c0     .-gpu_subsystem.o
 0002:0000091a       ??_C@_1FG@OJFNKBCG@?$AA?7?$AA?$CF?$AAl?$AAl?$AAd?$AA?4?$AA?$CF?$AAl?$AAl?$AAd?$AA?4?$AAV?$AAe?$AAn?$AAd?$AAo?$AAr?$AA?5?$AA?5?$AA?5?$AA?5?$AA?5?$AA?5?$AA?5?$AA?5?$AA?5?$AA?5?$AA?5?$AA?5?$AA?5?$AA?5?$AA?5@ 000000014000f91a     .-gpu_subsystem.o
 0002:00000970       ??_C@_1FG@LICMMOCB@?$AA?7?$AA?$CF?$AAl?$AAl?$AAd?$AA?4?$AA?$CF?$AAl?$AAl?$AAd?$AA?4?$AAD?$AAr?$AAi?$AAv?$AAe?$AAr?$AA?5?$AAV?$AAe?$AAr?$AAs?$AAi?$AAo?$AAn?$AA?5?$AA?5?$AA?5?$AA?5?$AA?5?$AA?5?$AA?5@ 000000014000f970     .-gpu_subsystem.o
 0002:000009c6       ??_C@_1FG@GEMKEAJB@?$AA?7?$AA?$CF?$AAl?$AAl?$AAd?$AA?4?$AA?$CF?$AAl?$AAl?$AAd?$AA?4?$AAD?$AAe?$AAv?$AAi?$AAc?$AAe?$AA?5?$AAV?$AAe?$AAr?$AAs?$AAi?$AAo?$AAn?$AA?5?$AA?5?$AA?5?$AA?5?$AA?5?$AA?5?$AA?5@ 000000014000f9c6     .-gpu_subsystem.o
 0002:00000a1c       ??_C@_1FG@MPCNGFNE@?$AA?7?$AA?$CF?$AAl?$AAl?$AAd?$AA?4?$AA?$CF?$AAl?$AAl?$AAd?$AA?4?$AAP?$AAr?$AAo?$AAf?$AAi?$AAl?$AAe?$AA?5?$AA?5?$AA?5?$AA?5?$AA?5?$AA?5?$AA?5?$AA?5?$AA?5?$AA?5?$AA?5?$AA?5?$AA?5?$AA?5@ 000000014000fa1c     .-gpu_subsystem.o
 0002:00000a72       ??_C@_1FG@GJMINOLL@?$AA?7?$AA?$CF?$AAl?$AAl?$AAd?$AA?4?$AA?$CF?$AAl?$AAl?$AAd?$AA?4?$AAE?$AAx?$AAt?$AAe?$AAn?$AAs?$AAi?$AAo?$AAn?$AAs?$AA?5?$AA?5?$AA?5?$AA?5?$AA?5?$AA?5?$AA?5?$AA?5?$AA?5?$AA?5?$AA?5@ 000000014000fa72     .-gpu_subsystem.o
 0002:00000ac8       ??_C@_1FK@NKJEPLPJ@?$AA?7?$AA?$CF?$AAl?$AAl?$AAd?$AA?4?$AA?$CF?$AAl?$AAl?$AAd?$AA?4?$AAM?$AAa?$AAx?$AA?5?$AAC?$AAo?$AAm?$AAp?$AAu?$AAt?$AAe?$AA?5?$AAU?$AAn?$AAi?$AAt?$AAs?$AA?5?$AA?5?$AA?5?$AA?5@ 000000014000fac8     .-gpu_subsystem.o
 0002:00000b22       ??_C@_1FK@OLFGCCPL@?$AA?7?$AA?$CF?$AAl?$AAl?$AAd?$AA?4?$AA?$CF?$AAl?$AAl?$AAd?$AA?4?$AAM?$AAa?$AAx?$AA?5?$AAI?$AAt?$AAe?$AAm?$AA?5?$AAD?$AAi?$AAm?$AAe?$AAn?$AAs?$AAi?$AAo?$AAn?$AAs?$AA?5?$AA?5@ 000000014000fb22     .-gpu_subsystem.o
 0002:00000b7c       ??_C@_1FK@CMFPDFMJ@?$AA?7?$AA?$CF?$AAl?$AAl?$AAd?$AA?4?$AA?$CF?$AAl?$AAl?$AAd?$AA?4?$AAM?$AAa?$AAx?$AA?5?$AAG?$AAr?$AAo?$AAu?$AAp?$AA?5?$AAS?$AAi?$AAz?$AAe?$AA?5?$AA?5?$AA?5?$AA?5?$AA?5?$AA?5?$AA?5@ 000000014000fb7c     .-gpu_subsystem.o
 0002:00000bd6       ??_C@_1GA@OFJKKJHL@?$AA?7?$AA?7?$AA?$CF?$AAl?$AAl?$AAd?$AA?4?$AA?$CF?$AAl?$AAl?$AAd?$AA?4?$AAM?$AAa?$AAx?$AA?5?$AAI?$AAt?$AAe?$AAm?$AA?5?$AAS?$AAi?$AAz?$AAe?$AAs?$AA?$FL?$AA?$CF?$AAl?$AAl?$AAd?$AA?$FN@ 000000014000fbd6     .-gpu_subsystem.o
 0002:00000c36       ??_C@_1FK@PBEPJBHG@?$AA?7?$AA?$CF?$AAl?$AAl?$AAd?$AA?4?$AA?$CF?$AAl?$AAl?$AAd?$AA?4?$AAM?$AAa?$AAx?$AA?5?$AAC?$AAl?$AAo?$AAc?$AAk?$AA?5?$AAF?$AAr?$AAe?$AAq?$AAu?$AAe?$AAn?$AAc?$AAy?$AA?5?$AA?5@ 000000014000fc36     .-gpu_subsystem.o
 0002:00000c90       ??_C@_1FK@EGKKPFNE@?$AA?7?$AA?$CF?$AAl?$AAl?$AAd?$AA?4?$AA?$CF?$AAl?$AAl?$AAd?$AA?4?$AAM?$AAa?$AAx?$AA?5?$AAM?$AAe?$AAm?$AA?5?$AAA?$AAl?$AAl?$AAo?$AAc?$AA?5?$AAS?$AAi?$AAz?$AAe?$AA?5?$AA?5?$AA?5@ 000000014000fc90     .-gpu_subsystem.o
 0002:00000cea       ??_C@_1FK@NMMFNGJN@?$AA?7?$AA?$CF?$AAl?$AAl?$AAd?$AA?4?$AA?$CF?$AAl?$AAl?$AAd?$AA?4?$AAG?$AAl?$AAo?$AAb?$AAa?$AAl?$AA?5?$AAM?$AAe?$AAm?$AA?5?$AAC?$AAa?$AAc?$AAh?$AAe?$AAl?$AAi?$AAn?$AAe?$AA?5@ 000000014000fcea     .-gpu_subsystem.o
 0002:00000d44       ??_C@_1FK@NMHJFOBI@?$AA?7?$AA?$CF?$AAl?$AAl?$AAd?$AA?4?$AA?$CF?$AAl?$AAl?$AAd?$AA?4?$AAG?$AAl?$AAo?$AAb?$AAa?$AAl?$AA?5?$AAM?$AAe?$AAm?$AA?5?$AAC?$AAa?$AAc?$AAh?$AAe?$AA?5?$AAS?$AAi?$AAz?$AAe@ 000000014000fd44     .-gpu_subsystem.o
 0002:00000d9e       ??_C@_1FK@KEPOBMOJ@?$AA?7?$AA?$CF?$AAl?$AAl?$AAd?$AA?4?$AA?$CF?$AAl?$AAl?$AAd?$AA?4?$AAG?$AAl?$AAo?$AAb?$AAa?$AAl?$AA?5?$AAM?$AAe?$AAm?$AA?5?$AAS?$AAi?$AAz?$AAe?$AA?5?$AA?5?$AA?5?$AA?5?$AA?5?$AA?5@ 000000014000fd9e     .-gpu_subsystem.o
 0002:00000df8       ??_C@_1FK@BEKCEBKI@?$AA?7?$AA?$CF?$AAl?$AAl?$AAd?$AA?4?$AA?$CF?$AAl?$AAl?$AAd?$AA?4?$AAL?$AAo?$AAc?$AAa?$AAl?$AA?5?$AAM?$AAe?$AAm?$AA?5?$AAS?$AAi?$AAz?$AAe?$AA?5?$AA?5?$AA?5?$AA?5?$AA?5?$AA?5?$AA?5@ 000000014000fdf8     .-gpu_subsystem.o
 0002:00000e52       ??_C@_1DG@HHDGLCMF@?$AAA?$AAt?$AA?5?$AAe?$AAn?$AAd?$AA?5?$AAh?$AAa?$AAv?$AAe?$AA?5?$AA?$CF?$AAl?$AAl?$AAd?$AA?5?$AAd?$AAe?$AAv?$AAi?$AAc?$AAe?$AAs?$AA?4?$AA?6?$AA?$AA@ 000000014000fe52     .-gpu_subsystem.o
 0002:00000e88       ??_C@_1FC@JJNHHFIJ@?$AAI?$AAn?$AAi?$AAt?$AA?5?$AAf?$AAo?$AAr?$AAm?$AA?5?$AAp?$AAl?$AAa?$AAt?$AAf?$AAo?$AAr?$AAm?$AA?5?$AA?$CF?$AAl?$AAl?$AAd?$AA?5?$AA?$FL?$AAa?$AAu?$AAt?$AAo?$AA?5?$AAs?$AAe@ 000000014000fe88     .-gpu_subsystem.o
 0002:00000eda       ??_C@_1EC@CFAEGHOO@?$AAE?$AAr?$AAr?$AAo?$AAr?$AA?5?$AAa?$AAt?$AA?5?$AAc?$AAl?$AAC?$AAr?$AAe?$AAa?$AAt?$AAe?$AAC?$AAo?$AAn?$AAt?$AAe?$AAx?$AAt?$AA?5?$AA?$FL?$AA?$CF?$AAl?$AAl?$AAd?$AA?$FN?$AA?6@ 000000014000feda     .-gpu_subsystem.o
 0002:00000f1c       ??_C@_1GI@JODPKPLM@?$AAE?$AAr?$AAr?$AAo?$AAr?$AA?5?$AAa?$AAt?$AA?5?$AAc?$AAl?$AAC?$AAr?$AAe?$AAa?$AAt?$AAe?$AAC?$AAo?$AAm?$AAm?$AAa?$AAn?$AAd?$AAQ?$AAu?$AAe?$AAu?$AAe?$AAW?$AAi?$AAt@ 000000014000ff1c     .-gpu_subsystem.o
 0002:00000f84       ??_C@_0FA@OKGFDHAO@?9cl?9single?9precision?9constant?5?9c@ 000000014000ff84     .-gpu_subsystem.o
 0002:00000fd4       ??_C@_1DE@FJCPKFIJ@?$AAB?$AAu?$AAi?$AAl?$AAd?$AAP?$AAr?$AAo?$AAg?$AAr?$AAa?$AAm?$AA?5?$AAE?$AAr?$AAr?$AAo?$AAr?$AA?3?$AA?5?$AA?$CF?$AAl?$AAl?$AAd?$AA?6?$AA?$AA@ 000000014000ffd4     .-gpu_subsystem.o
 0002:00001008       ??_C@_1CO@HIIDKPPP@?$AAB?$AAu?$AAi?$AAl?$AAd?$AAI?$AAn?$AAf?$AAo?$AA?5?$AAE?$AAr?$AAr?$AAo?$AAr?$AA?3?$AA?5?$AA?$CF?$AAl?$AAl?$AAd?$AA?6?$AA?$AA@ 0000000140010008     .-gpu_subsystem.o
 0002:00001036       ??_C@_1DA@GJKLKGNM@?$AAB?$AAu?$AAi?$AAl?$AAd?$AAI?$AAn?$AAf?$AAo?$AA2?$AA?5?$AAE?$AAr?$AAr?$AAo?$AAr?$AA?3?$AA?5?$AA?$CF?$AAl?$AAl?$AAd?$AA?6?$AA?$AA@ 0000000140010036     .-gpu_subsystem.o
 0002:00001066       ??_C@_1EA@DAHNIOPF@?$AAE?$AAr?$AAr?$AAo?$AAr?$AA?5?$AAI?$AAn?$AAf?$AAo?$AA?3?$AA?5?$AAc?$AAo?$AAd?$AAe?$AA?$DN?$AA?$CF?$AAl?$AAl?$AAd?$AA?3?$AA?5?$AAi?$AAn?$AAf?$AAo?$AA?$DN?$AA?$CF?$AAs?$AA?6?$AA?$AA@ 0000000140010066     .-gpu_subsystem.o
 0002:000010a6       ??_C@_1CO@DCKAPNAK@?$AAw?$AAa?$AAi?$AAt?$AAi?$AAn?$AAg?$AA?5?$AAs?$AAt?$AAa?$AAr?$AAt?$AAu?$AAp?$AA?5?$AAp?$AAa?$AAg?$AAe?$AAs?$AA?6?$AA?$AA@ 00000001400100a6     .-hive_entry.o
 0002:000010d4       ??_C@_1EI@OLFKDNEP@?$AAE?$AAr?$AAr?$AAo?$AAr?$AA?3?$AA?5?$AAa?$AAl?$AAl?$AAo?$AAc?$AAa?$AAt?$AAe?$AAd?$AA?5?$AAa?$AAr?$AAr?$AAa?$AAy?$AA?5?$AAi?$AAs?$AAn?$AA?8?$AAt?$AA?5?$AAl?$AAo?$AAc@ 00000001400100d4     .-hive_entry.o
 0002:000011a0       ??_C@_1DE@OFJFJIIH@?$AAS?$AAe?$AAr?$AAv?$AAe?$AAr?$AA?5?$AAi?$AAd?$AA?$DN?$AA?$CF?$AAl?$AAl?$AAd?$AA?5?$AAc?$AAo?$AAn?$AAf?$AAi?$AAr?$AAm?$AAe?$AAd?$AA?6?$AA?$AA@ 00000001400101a0     .-remote.o
 0002:000011d4       ??_C@_1FK@FPKJOMKP@?$AAE?$AAr?$AAr?$AAo?$AAr?$AA?3?$AA?5?$AAC?$AAo?$AAu?$AAl?$AAd?$AA?5?$AAn?$AAo?$AAt?$AA?5?$AAc?$AAo?$AAn?$AAn?$AAe?$AAc?$AAt?$AA?5?$AAt?$AAo?$AA?5?$AA?$CF?$AAs?$AA?5?$AA?$FL@ 00000001400101d4     .-remote.o
 0002:0000122e       ??_C@_1DM@MBBJEJBJ@?$AAT?$AAr?$AAy?$AAi?$AAn?$AAg?$AA?5?$AAt?$AAo?$AA?5?$AAg?$AAe?$AAt?$AA?5?$AAs?$AAe?$AAr?$AAv?$AAe?$AAr?$AA?5?$AAi?$AAd?$AA?5?$AA?$CF?$AAl?$AAl?$AAd?$AA?6?$AA?$AA@ 000000014001022e     .-remote.o
 0002:0000126a       ??_C@_1CK@IMAGNILG@?$AAC?$AAo?$AAn?$AAf?$AAi?$AAr?$AAm?$AAe?$AAd?$AA?5?$AAp?$AAo?$AAr?$AAt?$AA?$DN?$AA?$CF?$AAl?$AAl?$AAd?$AA?6?$AA?$AA@ 000000014001026a     .-remote.o
 0002:00001294       ??_C@_1DG@NNMMEGKD@?$AAS?$AAe?$AAl?$AAe?$AAc?$AAt?$AAe?$AAd?$AA?5?$AAc?$AAo?$AAn?$AAn?$AAe?$AAc?$AAt?$AA?5?$AAc?$AAo?$AAm?$AAm?$AAa?$AAn?$AAd?$AA?4?$AA?6?$AA?$AA@ 0000000140010294     .-remote.o
 0002:000012ca       ??_C@_1CI@KPENLAE@?$AAE?$AAn?$AAt?$AAe?$AAr?$AA?5?$AAI?$AAP?$AA?5?$AAa?$AAn?$AAd?$AA?5?$AAP?$AAO?$AAR?$AAT?$AA?4?$AA?6?$AA?$AA@ 00000001400102ca     .-remote.o
 0002:000012f2       ??_C@_1EG@CAHECGOL@?$AAT?$AAr?$AAy?$AAi?$AAn?$AAg?$AA?5?$AAt?$AAo?$AA?5?$AAc?$AAo?$AAn?$AAn?$AAe?$AAc?$AAt?$AA?5?$AAt?$AAo?$AA?5?$AA?$FL?$AA?$CF?$AAs?$AA?$FN?$AA?5?$AA?$FL?$AA?$CF?$AAs?$AA?$FN?$AA?4?$AA?4@ 00000001400102f2     .-remote.o
 0002:00001338       ??_C@_1DG@GLOHHOJG@?$AAT?$AAe?$AAm?$AAp?$AAo?$AAr?$AAa?$AAr?$AAy?$AA?5?$AAl?$AAo?$AAc?$AAa?$AAl?$AA_?$AAi?$AAd?$AA?5?$AA?$DN?$AA?5?$AA?$CF?$AAl?$AAl?$AAd?$AA?6?$AA?$AA@ 0000000140010338     .-remote.o
 0002:0000136e       ??_C@_1DC@MOJEJJIM@?$AAC?$AAo?$AAn?$AAf?$AAi?$AAg?$AAu?$AAr?$AAa?$AAt?$AAi?$AAo?$AAn?$AA?5?$AAc?$AAo?$AAn?$AAf?$AAi?$AAr?$AAm?$AAe?$AAd?$AA?6?$AA?$AA@ 000000014001036e     .-remote.o
 0002:000013a0       ??_C@_1DM@PKIKMHMJ@?$AA?$FL?$AAN?$AAE?$AAT?$AAW?$AAO?$AAR?$AAK?$AA?$FN?$AA?3?$AA?5?$AAP?$AAe?$AAe?$AAr?$AA?5?$AAd?$AAi?$AAs?$AAc?$AAo?$AAn?$AAn?$AAe?$AAc?$AAt?$AAe?$AAd?$AA?6?$AA?$AA@ 00000001400103a0     .-remote.o
 0002:000013dc       ??_C@_1CO@OOHNIMCC@?$AAc?$AAl?$AAo?$AAs?$AAi?$AAn?$AAg?$AA?5?$AAc?$AAo?$AAn?$AAn?$AAe?$AAc?$AAt?$AAi?$AAo?$AAn?$AA?4?$AA?4?$AA?4?$AA?6?$AA?$AA@ 00000001400103dc     .-remote.o
 0002:0000140a       ??_C@_1LA@ICLCBFDH@?$AAE?$AAr?$AAr?$AAo?$AAr?$AA?3?$AA?5?$AAA?$AAP?$AAI?$AA_?$AAA?$AAN?$AAS?$AAW?$AAE?$AAR?$AA_?$AAR?$AAE?$AAQ?$AAU?$AAE?$AAS?$AAT?$AA_?$AAC?$AAO?$AAN?$AAN?$AAE?$AAC@ 000000014001040a     .-remote.o
 0002:000014ba       ??_C@_1DK@EHAPFJND@?$AAs?$AAe?$AAr?$AAv?$AAe?$AAr?$AA?5?$AAs?$AAt?$AAa?$AAr?$AAt?$AAe?$AAd?$AA?5?$AAo?$AAn?$AA?5?$AAp?$AAo?$AAr?$AAt?$AA?5?$AA?$CF?$AAl?$AAl?$AAd?$AA?6?$AA?$AA@ 00000001400104ba     .-remote.o
 0002:000014f4       ??_C@_1FA@MICONLJJ@?$AAE?$AAr?$AAr?$AAo?$AAr?$AA?3?$AA?5?$AAf?$AAa?$AAi?$AAl?$AAe?$AAd?$AA?5?$AAt?$AAo?$AA?5?$AAa?$AAl?$AAl?$AAo?$AAc?$AAa?$AAt?$AAe?$AA?5?$AAm?$AAe?$AAm?$AAo?$AAr?$AAy@ 00000001400104f4     .-runtime_lib.o
 0002:00001544       ??_C@_1FE@CPMEHOGL@?$AAE?$AAr?$AAr?$AAo?$AAr?$AA?3?$AA?5?$AAf?$AAa?$AAi?$AAl?$AAe?$AAd?$AA?5?$AAt?$AAo?$AA?5?$AAr?$AAe?$AAa?$AAl?$AAl?$AAo?$AAc?$AAa?$AAt?$AAe?$AA?5?$AAm?$AAe?$AAm?$AAo@ 0000000140010544     .-runtime_lib.o
 0002:00001598       ??_C@_1EI@DJFGOBAG@?$AAE?$AAr?$AAr?$AAo?$AAr?$AA?3?$AA?5?$AAf?$AAa?$AAi?$AAl?$AAe?$AAd?$AA?5?$AAt?$AAo?$AA?5?$AAf?$AAr?$AAe?$AAe?$AA?5?$AAm?$AAe?$AAm?$AAo?$AAr?$AAy?$AA?3?$AA?5?$AA?$CF?$AAl@ 0000000140010598     .-runtime_lib.o
 0002:000015e0       ??_C@_1CM@EJGKJCED@?$AAA?$AAs?$AAs?$AAe?$AAr?$AAt?$AAi?$AAo?$AAn?$AA?5?$AAf?$AAa?$AAi?$AAl?$AAe?$AAd?$AA?3?$AA?5?$AA?$CF?$AAs?$AA?6?$AA?$AA@ 00000001400105e0     .-runtime_lib.o
 0002:0000160c       ??_C@_1EI@GJCCEHA@?$AAF?$AAi?$AAl?$AAe?$AA?3?$AA?5?$AA?$CF?$AAs?$AA?0?$AA?5?$AAL?$AAi?$AAn?$AAe?$AA?3?$AA?5?$AA?$CF?$AAl?$AAl?$AAd?$AA?0?$AA?5?$AAF?$AAu?$AAn?$AAc?$AAt?$AAi?$AAo?$AAn?$AA?3?$AA?5@ 000000014001060c     .-runtime_lib.o
 0002:00001840       ??_C@_1GE@NIGCAFOK@?$AAE?$AAr?$AAr?$AAo?$AAr?$AA?3?$AA?5?$AAg?$AAp?$AAu?$AA?5?$AAw?$AAo?$AAr?$AAk?$AAe?$AAr?$AA?5?$AAd?$AAo?$AAe?$AAn?$AA?8?$AAt?$AA?5?$AAs?$AAu?$AAp?$AAp?$AAo?$AAr?$AAt@ 0000000140010840     .-runtime.o
 0002:000018a4       ??_C@_1GM@IJHLNMBE@?$AAt?$AAh?$AAr?$AAe?$AAa?$AAd?$AA?5?$AA?$CF?$AAl?$AAl?$AAd?$AA?3?$AA?5?$AA?5?$AAW?$AAa?$AAi?$AAt?$AA?$HM?$AAQ?$AAu?$AAe?$AAu?$AAe?$AAd?$AA?5?$AA?$CF?$AAl?$AAl?$AAd?$AA?$HM?$AA?$CF@ 00000001400108a4     .-runtime.o
 0002:00001910       ??_C@_1JE@CPFCJBNI@?$AAE?$AAR?$AAR?$AAO?$AAR?$AA?3?$AA?5?$AAR?$AAu?$AAn?$AAt?$AAi?$AAm?$AAe?$AA?5?$AAe?$AAn?$AAd?$AAp?$AAo?$AAi?$AAn?$AAt?$AA?5?$AA?$CF?$AAl?$AAl?$AAd?$AA?5?$AAd?$AAo?$AAe@ 0000000140010910     .-runtime.o
 0002:000019a4       ??_C@_1BM@EIGFADGI@?$AAR?$AAE?$AAA?$AAD?$AA?5?$AAS?$AAT?$AAR?$AAI?$AAN?$AAG?$AA?3?$AA?6?$AA?$AA@ 00000001400109a4     .-runtime.o
 0002:000019c0       ??_C@_1HI@GNCDLKLI@?$AAE?$AAr?$AAr?$AAo?$AAr?$AA?3?$AA?5?$AAr?$AAu?$AAn?$AAt?$AAi?$AAm?$AAe?$AA?5?$AAd?$AAo?$AAe?$AAs?$AAn?$AA?8?$AAt?$AA?5?$AAs?$AAu?$AAp?$AAp?$AAo?$AAr?$AAt?$AA?5?$AAs@ 00000001400109c0     .-runtime.o
 0002:00001a38       ??_C@_1CI@PHCDEMOE@?$AAb?$AAu?$AAi?$AAl?$AAd?$AAi?$AAn?$AAg?$AA?5?$AAk?$AAe?$AAr?$AAn?$AAe?$AAl?$AA?4?$AA?4?$AA?4?$AA?6?$AA?$AA@ 0000000140010a38     .-runtime.o
 0002:00001a60       ??_C@_17MJEANDKP@?$AA?$CF?$AAs?$AA?6?$AA?$AA@ 0000000140010a60     .-runtime.o
 0002:00001a68       ??_C@_04JNAIOECI@krnl?$AA@ 0000000140010a68     .-runtime.o
 0002:00001a6e       ??_C@_1DI@MMAOAOLJ@?$AAE?$AAr?$AAr?$AAo?$AAr?$AA?3?$AA?5?$AAk?$AAe?$AAr?$AAn?$AAe?$AAl?$AA?5?$AAb?$AAu?$AAi?$AAl?$AAd?$AA?5?$AAf?$AAa?$AAi?$AAl?$AAe?$AAd?$AA?6?$AA?$AA@ 0000000140010a6e     .-runtime.o
 0002:00001aa6       ??_C@_1DI@MLNAPEIE@?$AAS?$AAh?$AAe?$AAd?$AAu?$AAl?$AAe?$AAr?$AAI?$AAn?$AAs?$AAt?$AAa?$AAn?$AAc?$AAe?$AA?5?$AAc?$AAo?$AAm?$AAp?$AAl?$AAe?$AAt?$AAe?$AAd?$AA?6?$AA?$AA@ 0000000140010aa6     .-runtime.o
 0002:00001ade       ??_C@_1CG@NNOPFBAI@?$AAp?$AAr?$AAo?$AAm?$AAi?$AAs?$AAe?$AA?5?$AAn?$AAo?$AAt?$AA?5?$AAf?$AAo?$AAu?$AAn?$AAd?$AA?6?$AA?$AA@ 0000000140010ade     .-runtime.o
 0002:00001b04       ??_C@_1EK@KKIKLCHH@?$AAG?$AAp?$AAu?$AA?5?$AAs?$AAu?$AAs?$AAs?$AAy?$AAs?$AAt?$AAe?$AAm?$AA?5?$AAi?$AAn?$AAi?$AAt?$AAi?$AAa?$AAl?$AAi?$AAz?$AAa?$AAt?$AAi?$AAo?$AAn?$AA?5?$AAf?$AAa?$AAi@ 0000000140010b04     .-runtime.o
 0002:00001b4e       ??_C@_1CC@DEIAIPBB@?$AA?4?$AA?4?$AA?1?$AA?4?$AA?4?$AA?1?$AA?4?$AA?4?$AA?1?$AAr?$AAe?$AAs?$AA?4?$AAb?$AAi?$AAn?$AA?$AA@ 0000000140010b4e     .-runtime.o
 0002:00001b70       ??_C@_1FC@OGJDIOEJ@?$AAE?$AAr?$AAr?$AAo?$AAr?$AA?3?$AA?5?$AAc?$AAa?$AAn?$AA?8?$AAt?$AA?5?$AAo?$AAp?$AAe?$AAn?$AA?5?$AA?4?$AA?4?$AA?1?$AA?4?$AA?4?$AA?1?$AA?4?$AA?4?$AA?1?$AAr?$AAe?$AAs?$AA?4?$AAb@ 0000000140010b70     .-runtime.o
 0002:00001bc2       ??_C@_1DM@FEOJJAHB@?$AAS?$AAt?$AAa?$AAr?$AAt?$AAi?$AAn?$AAg?$AA?5?$AAw?$AAi?$AAt?$AAh?$AAo?$AAu?$AAt?$AA?5?$AAa?$AAn?$AAy?$AA?5?$AAw?$AAo?$AAr?$AAk?$AAe?$AAr?$AAs?$AA?6?$AA?$AA@ 0000000140010bc2     .-runtime.o
 0002:00001bfe       ??_C@_1CM@PELCBDJ@?$AAE?$AAn?$AAt?$AAr?$AAy?$AA?5?$AAw?$AAo?$AAr?$AAk?$AAe?$AAr?$AA?5?$AAi?$AAd?$AA?$DN?$AA?$CF?$AAl?$AAl?$AAd?$AA?6?$AA?$AA@ 0000000140010bfe     .-runtime.o
 0002:00001c2a       ??_C@_1DA@FBHJAJPI@?$AAr?$AAe?$AAs?$AAu?$AAl?$AAt?$AA?5?$AAp?$AAr?$AAo?$AAm?$AAi?$AAs?$AAe?$AA?5?$AA?$CF?$AAp?$AA?5?$AA?$CF?$AAl?$AAl?$AAd?$AA?6?$AA?$AA@ 0000000140010c2a     .-runtime.o
 0002:00001c5a       ??_C@_1BI@KEMCAKCM@?$AAR?$AAu?$AAn?$AAn?$AAi?$AAn?$AAg?$AA?4?$AA?4?$AA?4?$AA?6?$AA?$AA@ 0000000140010c5a     .-runtime.o
 0002:00001c72       ??_C@_1DM@HCILGOPA@?$AAF?$AAa?$AAi?$AAl?$AAe?$AAd?$AA?5?$AAt?$AAo?$AA?5?$AAc?$AAr?$AAe?$AAa?$AAt?$AAe?$AA?5?$AAt?$AAh?$AAr?$AAe?$AAa?$AAd?$AA?5?$AA?$CF?$AAl?$AAl?$AAd?$AA?6?$AA?$AA@ 0000000140010c72     .-runtime.o
 0002:00001cae       ??_C@_1CE@FBEJGOMB@?$AAP?$AAr?$AAo?$AAg?$AAr?$AAa?$AAm?$AA?5?$AAf?$AAi?$AAn?$AAi?$AAs?$AAh?$AAe?$AAd?$AA?6?$AA?$AA@ 0000000140010cae     .-runtime.o
 0002:00001cd2       ??_C@_1EK@FDFELEEK@?$AAR?$AAe?$AAs?$AAu?$AAl?$AAt?$AA?5?$AAp?$AAr?$AAo?$AAm?$AAi?$AAs?$AAe?$AA?5?$AAn?$AAo?$AAt?$AA?5?$AAf?$AAo?$AAu?$AAn?$AAd?$AA?5?$AAo?$AAn?$AA?5?$AAm?$AAa?$AAc?$AAh@ 0000000140010cd2     .-runtime.o
 0002:00001d1c       ??_C@_1DO@BFPIHEIA@?$AAP?$AAr?$AAo?$AAg?$AAr?$AAa?$AAm?$AA?5?$AAe?$AAx?$AAi?$AAt?$AAe?$AAd?$AA?5?$AAw?$AAi?$AAt?$AAh?$AA?5?$AAc?$AAo?$AAd?$AAe?$AA?5?$AA?$CF?$AAl?$AAl?$AAx?$AA?6?$AA?$AA@ 0000000140010d1c     .-runtime.o
 0002:00001d5a       ??_C@_1CK@DKIDNDNE@?$AAP?$AAr?$AAe?$AAs?$AAs?$AA?5?$AAC?$AAt?$AAr?$AAl?$AA?$CL?$AAC?$AA?5?$AAt?$AAo?$AA?5?$AAe?$AAn?$AAd?$AA?6?$AA?$AA@ 0000000140010d5a     .-runtime.o
 0002:00001d84       ??_C@_1GO@CEANDIOF@?$AAR?$AAe?$AAs?$AAu?$AAl?$AAt?$AA?5?$AAo?$AAf?$AA?5?$AAm?$AAa?$AAi?$AAn?$AA?5?$AAf?$AAu?$AAn?$AAc?$AAt?$AAi?$AAo?$AAn?$AA?5?$AAi?$AAs?$AAn?$AA?8?$AAt?$AA?5?$AAr?$AAe@ 0000000140010d84     .-runtime.o
 0002:00001df8       RtlNtPathSeperatorString   0000000140010df8     ws2_32:indef.obj
 0002:00001e08       ??_C@_13FPGAJAPJ@?$AA?2@   0000000140010e08     ws2_32:indef.obj
 0002:00001e10       RtlDosPathSeperatorsString 0000000140010e10     ws2_32:indef.obj
 0002:00001e20       ??_C@_15MNCACJLI@?$AA?2?$AA?1@ 0000000140010e20     ws2_32:indef.obj
 0002:00001e28       RtlAlternateDosPathSeperatorString 0000000140010e28     ws2_32:indef.obj
 0002:00001e38       ??_C@_13CGOKJPIL@?$AA?1@   0000000140010e38     ws2_32:indef.obj
 0002:00001e50       eui48_broadcast            0000000140010e50     ws2_32:indef.obj
 0002:00001e58       scopeid_unspecified        0000000140010e58     ws2_32:indef.obj
 0002:00001e5c       in4addr_any                0000000140010e5c     ws2_32:indef.obj
 0002:00001e60       in4addr_loopback           0000000140010e60     ws2_32:indef.obj
 0002:00001e64       in4addr_broadcast          0000000140010e64     ws2_32:indef.obj
 0002:00001e68       in4addr_allnodesonlink     0000000140010e68     ws2_32:indef.obj
 0002:00001e6c       in4addr_allroutersonlink   0000000140010e6c     ws2_32:indef.obj
 0002:00001e70       in4addr_alligmpv3routersonlink 0000000140010e70     ws2_32:indef.obj
 0002:00001e74       in4addr_allteredohostsonlink 0000000140010e74     ws2_32:indef.obj
 0002:00001e78       in4addr_linklocalprefix    0000000140010e78     ws2_32:indef.obj
 0002:00001e7c       in4addr_multicastprefix    0000000140010e7c     ws2_32:indef.obj
 0002:00001e80       in6addr_any                0000000140010e80     ws2_32:indef.obj
 0002:00001e90       in6addr_loopback           0000000140010e90     ws2_32:indef.obj
 0002:00001ea0       in6addr_allnodesonnode     0000000140010ea0     ws2_32:indef.obj
 0002:00001eb0       in6addr_allnodesonlink     0000000140010eb0     ws2_32:indef.obj
 0002:00001ec0       in6addr_allroutersonlink   0000000140010ec0     ws2_32:indef.obj
 0002:00001ed0       in6addr_allmldv2routersonlink 0000000140010ed0     ws2_32:indef.obj
 0002:00001ee0       in6addr_teredoinitiallinklocaladdress 0000000140010ee0     ws2_32:indef.obj
 0002:00001ef0       in6addr_linklocalprefix    0000000140010ef0     ws2_32:indef.obj
 0002:00001f00       in6addr_multicastprefix    0000000140010f00     ws2_32:indef.obj
 0002:00001f10       in6addr_solicitednodemulticastprefix 0000000140010f10     ws2_32:indef.obj
 0002:00001f20       in6addr_v4mappedprefix     0000000140010f20     ws2_32:indef.obj
 0002:00001f30       in6addr_6to4prefix         0000000140010f30     ws2_32:indef.obj
 0002:00001f40       in6addr_teredoprefix       0000000140010f40     ws2_32:indef.obj
 0002:00001f50       in6addr_teredoprefix_old   0000000140010f50     ws2_32:indef.obj
 0002:00001f60       BUGCHECK_EFI_GUID          0000000140010f60     ws2_32:indef.obj
 0002:00002308       __imp_CommandLineToArgvW   0000000140011308     shell32:SHELL32.dll
 0002:00002318       __imp_AcquireSRWLockExclusive 0000000140011318     kernel32:KERNEL32.dll
 0002:00002320       __imp_AcquireSRWLockShared 0000000140011320     kernel32:KERNEL32.dll
 0002:00002328       __imp_CloseHandle          0000000140011328     kernel32:KERNEL32.dll
 0002:00002330       __imp_CreateFileW          0000000140011330     kernel32:KERNEL32.dll
 0002:00002338       __imp_CreateIoCompletionPort 0000000140011338     kernel32:KERNEL32.dll
 0002:00002340       __imp_CreateThread         0000000140011340     kernel32:KERNEL32.dll
 0002:00002348       __imp_ExitProcess          0000000140011348     kernel32:KERNEL32.dll
 0002:00002350       __imp_GetCommandLineW      0000000140011350     kernel32:KERNEL32.dll
 0002:00002358       __imp_GetConsoleMode       0000000140011358     kernel32:KERNEL32.dll
 0002:00002360       __imp_GetFileSizeEx        0000000140011360     kernel32:KERNEL32.dll
 0002:00002368       __imp_GetLastError         0000000140011368     kernel32:KERNEL32.dll
 0002:00002370       __imp_GetProcAddress       0000000140011370     kernel32:KERNEL32.dll
 0002:00002378       __imp_GetProcessHeap       0000000140011378     kernel32:KERNEL32.dll
 0002:00002380       __imp_GetQueuedCompletionStatus 0000000140011380     kernel32:KERNEL32.dll
 0002:00002388       __imp_GetStdHandle         0000000140011388     kernel32:KERNEL32.dll
 0002:00002390       __imp_HeapAlloc            0000000140011390     kernel32:KERNEL32.dll
 0002:00002398       __imp_HeapFree             0000000140011398     kernel32:KERNEL32.dll
 0002:000023a0       __imp_HeapReAlloc          00000001400113a0     kernel32:KERNEL32.dll
 0002:000023a8       __imp_LoadLibraryA         00000001400113a8     kernel32:KERNEL32.dll
 0002:000023b0       __imp_MultiByteToWideChar  00000001400113b0     kernel32:KERNEL32.dll
 0002:000023b8       __imp_QueryPerformanceCounter 00000001400113b8     kernel32:KERNEL32.dll
 0002:000023c0       __imp_QueryPerformanceFrequency 00000001400113c0     kernel32:KERNEL32.dll
 0002:000023c8       __imp_ReadConsoleW         00000001400113c8     kernel32:KERNEL32.dll
 0002:000023d0       __imp_ReadFile             00000001400113d0     kernel32:KERNEL32.dll
 0002:000023d8       __imp_ReleaseSRWLockExclusive 00000001400113d8     kernel32:KERNEL32.dll
 0002:000023e0       __imp_ReleaseSRWLockShared 00000001400113e0     kernel32:KERNEL32.dll
 0002:000023e8       __imp_Sleep                00000001400113e8     kernel32:KERNEL32.dll
 0002:000023f0       __imp_TlsAlloc             00000001400113f0     kernel32:KERNEL32.dll
 0002:000023f8       __imp_TlsFree              00000001400113f8     kernel32:KERNEL32.dll
 0002:00002400       __imp_TlsGetValue          0000000140011400     kernel32:KERNEL32.dll
 0002:00002408       __imp_TlsSetValue          0000000140011408     kernel32:KERNEL32.dll
 0002:00002410       __imp_TryAcquireSRWLockExclusive 0000000140011410     kernel32:KERNEL32.dll
 0002:00002418       __imp_VirtualAlloc         0000000140011418     kernel32:KERNEL32.dll
 0002:00002420       __imp_WaitForMultipleObjects 0000000140011420     kernel32:KERNEL32.dll
 0002:00002428       __imp_WriteConsoleW        0000000140011428     kernel32:KERNEL32.dll
 0002:00002438       __imp_BCryptGenRandom      0000000140011438     bcrypt:bcrypt.dll
 0002:00002448       __imp_WSARecv              0000000140011448     ws2_32:WS2_32.dll
 0002:00002450       __imp_WSAStartup           0000000140011450     ws2_32:WS2_32.dll
 0002:00002458       __imp_accept               0000000140011458     ws2_32:WS2_32.dll
 0002:00002460       __imp_bind                 0000000140011460     ws2_32:WS2_32.dll
 0002:00002468       __imp_closesocket          0000000140011468     ws2_32:WS2_32.dll
 0002:00002470       __imp_connect              0000000140011470     ws2_32:WS2_32.dll
 0002:00002478       __imp_freeaddrinfo         0000000140011478     ws2_32:WS2_32.dll
 0002:00002480       __imp_getaddrinfo          0000000140011480     ws2_32:WS2_32.dll
 0002:00002488       __imp_getsockname          0000000140011488     ws2_32:WS2_32.dll
 0002:00002490       __imp_htons                0000000140011490     ws2_32:WS2_32.dll
 0002:00002498       __imp_listen               0000000140011498     ws2_32:WS2_32.dll
 0002:000024a0       __imp_ntohs                00000001400114a0     ws2_32:WS2_32.dll
 0002:000024a8       __imp_send                 00000001400114a8     ws2_32:WS2_32.dll
 0002:000024b0       __imp_setsockopt           00000001400114b0     ws2_32:WS2_32.dll
 0002:000024b8       __imp_socket               00000001400114b8     ws2_32:WS2_32.dll
 0002:000024c8       __imp_clBuildProgram       00000001400114c8     OpenCL:OpenCL.dll
 0002:000024d0       __imp_clCreateBuffer       00000001400114d0     OpenCL:OpenCL.dll
 0002:000024d8       __imp_clCreateCommandQueueWithProperties 00000001400114d8     OpenCL:OpenCL.dll
 0002:000024e0       __imp_clCreateContext      00000001400114e0     OpenCL:OpenCL.dll
 0002:000024e8       __imp_clCreateKernel       00000001400114e8     OpenCL:OpenCL.dll
 0002:000024f0       __imp_clCreateProgramWithSource 00000001400114f0     OpenCL:OpenCL.dll
 0002:000024f8       __imp_clEnqueueNDRangeKernel 00000001400114f8     OpenCL:OpenCL.dll
 0002:00002500       __imp_clEnqueueReadBuffer  0000000140011500     OpenCL:OpenCL.dll
 0002:00002508       __imp_clEnqueueWriteBuffer 0000000140011508     OpenCL:OpenCL.dll
 0002:00002510       __imp_clFinish             0000000140011510     OpenCL:OpenCL.dll
 0002:00002518       __imp_clGetDeviceIDs       0000000140011518     OpenCL:OpenCL.dll
 0002:00002520       __imp_clGetDeviceInfo      0000000140011520     OpenCL:OpenCL.dll
 0002:00002528       __imp_clGetKernelArgInfo   0000000140011528     OpenCL:OpenCL.dll
 0002:00002530       __imp_clGetPlatformIDs     0000000140011530     OpenCL:OpenCL.dll
 0002:00002538       __imp_clGetPlatformInfo    0000000140011538     OpenCL:OpenCL.dll
 0002:00002540       __imp_clGetProgramBuildInfo 0000000140011540     OpenCL:OpenCL.dll
 0002:00002548       __imp_clSetKernelArg       0000000140011548     OpenCL:OpenCL.dll
 0003:00000000       server_port                0000000140012000     .-remote.o
 0003:00000008       thisServerId               0000000140012008     .-remote.o
 0003:00000010       Providers                  0000000140012010     .-runtime.o
 0003:00000058       AddressFamilyInformation   0000000140012058     ws2_32:indef.obj
 0003:00000080       connections_lock           0000000140012080     .-api.o
 0003:00000088       connections_len            0000000140012088     .-api.o
 0003:00000090       pages_lock                 0000000140012090     .-api.o
 0003:00000098       pages_len                  0000000140012098     .-api.o
 0003:000000a0       known_id_broadcasts        00000001400120a0     .-api.o
 0003:000000c0       known_page_broadcasts      00000001400120c0     .-api.o
 0003:000000e0       known_path_broadcasts      00000001400120e0     .-api.o
 0003:00000100       known_path_id_broadcasts   0000000140012100     .-api.o
 0003:00000120       local_objects              0000000140012120     .-api.o
 0003:00000140       known_objects              0000000140012140     .-api.o
 0003:00000160       query_requests             0000000140012160     .-api.o
 0003:00000180       push_requests              0000000140012180     .-api.o
 0003:000001a0       known_hives                00000001400121a0     .-api.o
 0003:000001c0       connections                00000001400121c0     .-api.o
 0003:000021c0       pages                      00000001400141c0     .-api.o
 0003:00002dc0       SL_best_platform           0000000140014dc0     .-gpu_subsystem.o
 0003:00002dc4       SL_best_platform_value     0000000140014dc4     .-gpu_subsystem.o
 0003:00002dc8       SL_platforms_len           0000000140014dc8     .-gpu_subsystem.o
 0003:00002dd0       SL_platforms               0000000140014dd0     .-gpu_subsystem.o
 0003:00002e50       SL_devices                 0000000140014e50     .-gpu_subsystem.o
 0003:00003250       SL_devices_len             0000000140015250     .-gpu_subsystem.o
 0003:00003290       SL_main_platform           0000000140015290     .-gpu_subsystem.o
 0003:00003298       SL_context                 0000000140015298     .-gpu_subsystem.o
 0003:000032a0       SL_queues                  00000001400152a0     .-gpu_subsystem.o
 0003:000036a0       SL_queues_len              00000001400156a0     .-gpu_subsystem.o
 0003:000036e0       ServerIdGetLock            00000001400156e0     .-remote.o
 0003:000036e8       next_local_id              00000001400156e8     .-remote.o
 0003:000036f0       hIOCP                      00000001400156f0     .-remote.o
 0003:00003700       hHeap                      0000000140015700     .-runtime_lib.o
 0003:00003708       hInput                     0000000140015708     .-runtime_lib.o
 0003:00003710       buf                        0000000140015710     .-runtime_lib.o
 0003:00004710       hOutput                    0000000140016710     .-runtime_lib.o
 0003:00004718       frequency                  0000000140016718     .-runtime_lib.o
 0003:00004720       Workers                    0000000140016720     .-runtime.o
 0003:00005080       wait_list_lock             0000000140017080     .-runtime.o
 0003:00005088       wait_list_len              0000000140017088     .-runtime.o
 0003:00005090       queue_lock                 0000000140017090     .-runtime.o
 0003:00005098       queue_len                  0000000140017098     .-runtime.o
 0003:000050a0       dwTlsIndex                 00000001400170a0     .-runtime.o
 0003:000050b0       wait_list                  00000001400170b0     .-runtime.o
 0003:000c85b0       queue                      00000001400da5b0     .-runtime.o
 0003:000dbe30       defined_arrays             00000001400ede30     .-runtime.o
 0003:000dbe39       ExPoolZeroingNativelySupported 00000001400ede39     ws2_32:indef.obj
 0004:00000000       context                    00000001400ee000     asm.o

 entry point at         0001:0000cb00

 Static symbols

 0001:000024e0       GetKnownHiveHash           00000001400034e0     .-api.o
 0001:000081c0       Worker                     00000001400091c0     .-remote.o
 0001:000086f0       ConnectionListnerWorker    00000001400096f0     .-remote.o
 0001:000088b0       PagesAllocator             00000001400098b0     .-remote.o
 0001:00008980       StateSender                0000000140009980     .-remote.o
 0001:000089a0       HandleApiCall              00000001400099a0     .-remote.o
 0001:0000d064       .text                      000000014000e064     asm.o
 0002:00001e40       BFE_GENERIC_MAPPING        0000000140010e40     ws2_32:indef.obj
 0002:00001f70       IPSEC_AUTH_TRANSFORM_ID_HMAC_MD5_96 0000000140010f70     ws2_32:indef.obj
 0002:00001f78       IPSEC_AUTH_TRANSFORM_ID_HMAC_SHA_1_96 0000000140010f78     ws2_32:indef.obj
 0002:00001f80       IPSEC_AUTH_TRANSFORM_ID_HMAC_SHA_256_128 0000000140010f80     ws2_32:indef.obj
 0002:00001f88       IPSEC_AUTH_TRANSFORM_ID_GCM_AES_128 0000000140010f88     ws2_32:indef.obj
 0002:00001f90       IPSEC_AUTH_TRANSFORM_ID_GCM_AES_192 0000000140010f90     ws2_32:indef.obj
 0002:00001f98       IPSEC_AUTH_TRANSFORM_ID_GCM_AES_256 0000000140010f98     ws2_32:indef.obj
 0002:00001fa0       IPSEC_CIPHER_TRANSFORM_ID_CBC_DES 0000000140010fa0     ws2_32:indef.obj
 0002:00001fa8       IPSEC_CIPHER_TRANSFORM_ID_CBC_3DES 0000000140010fa8     ws2_32:indef.obj
 0002:00001fb0       IPSEC_CIPHER_TRANSFORM_ID_AES_128 0000000140010fb0     ws2_32:indef.obj
 0002:00001fb8       IPSEC_CIPHER_TRANSFORM_ID_AES_192 0000000140010fb8     ws2_32:indef.obj
 0002:00001fc0       IPSEC_CIPHER_TRANSFORM_ID_AES_256 0000000140010fc0     ws2_32:indef.obj
 0002:00001fc8       IPSEC_CIPHER_TRANSFORM_ID_GCM_AES_128 0000000140010fc8     ws2_32:indef.obj
 0002:00001fd0       IPSEC_CIPHER_TRANSFORM_ID_GCM_AES_192 0000000140010fd0     ws2_32:indef.obj
 0002:00001fd8       IPSEC_CIPHER_TRANSFORM_ID_GCM_AES_256 0000000140010fd8     ws2_32:indef.obj
 0003:000dbe38       WFP_TRACE_NULL_DATA        00000001400ede38     ws2_32:indef.obj
 0004:00000000       .data                      00000001400ee000     asm.o
