 a

 Timestamp is 69c74862 (Sat Mar 28 06:17:54 2026)

 Preferred load address is 0000000140000000

 Start         Length     Name                   Class
 0001:00000000 0000b4abH .text                   CODE
 0002:00000000 00001fa0H .rdata                  DATA
 0003:00000000 000000e4H .data                   DATA
 0003:000000e4 000d7886H .bss                    DATA
 0004:00000000 00000222H .data                   DATA

  Address         Publics by Value              Rva+Base               Lib:Object

 0001:00000000       dllPauseWorker             0000000140001000     .-dll-await_worker.o
 0001:00000070       dllCallObject              0000000140001070     .-dll-call_object.o
 0001:00000090       dllStartNewLocalWorker     0000000140001090     .-dll-call_object.o
 0001:00000170       dllExecuteWorker           0000000140001170     .-dll-execute_worker.o
 0001:000007b0       gpuPauseWorker             00000001400017b0     .-gpu-await_worker.o
 0001:00000820       gpuCallObject              0000000140001820     .-gpu-call_object.o
 0001:00000840       gpuStartNewLocalWorker     0000000140001840     .-gpu-call_object.o
 0001:00000920       gpuExecuteWorker           0000000140001920     .-gpu-execute_worker.o
 0001:00000c20       gpuNewObjectUsingPage      0000000140001c20     .-gpu-new_object.o
 0001:00000ce0       gpuNewObject               0000000140001ce0     .-gpu-new_object.o
 0001:00000d90       gpuPushObject              0000000140001d90     .-gpu-push_object.o
 0001:00000db0       gpuPushPipe                0000000140001db0     .-gpu-push_object.o
 0001:00000dd0       gpuQueryObject             0000000140001dd0     .-gpu-query_object.o
 0001:00000df0       gpuQueryPipe               0000000140001df0     .-gpu-query_object.o
 0001:00000e10       locNewObjectUsingPage      0000000140001e10     .-loc-new_object.o
 0001:00000fc0       locNewObject               0000000140001fc0     .-loc-new_object.o
 0001:00000ff0       locUpdateLocalPush         0000000140001ff0     .-loc-push_object.o
 0001:00001040       locQueryLocalObject        0000000140002040     .-loc-query_object.o
 0001:000010a0       x64PauseWorker             00000001400020a0     .-x64-await_worker.o
 0001:00001130       x64CallObject              0000000140002130     .-x64-call_object.o
 0001:00001150       x64StartNewLocalWorker     0000000140002150     .-x64-call_object.o
 0001:00001230       x64ExecuteWorker           0000000140002230     .-x64-execute_worker.o
 0001:00001250       x64TryStallWorker          0000000140002250     .-x64-execute_worker.o
 0001:00001430       x64NewObjectUsingPage      0000000140002430     .-x64-new_object.o
 0001:000015f0       x64NewObjectStates         00000001400025f0     .-x64-new_object.o
 0001:00001650       x64NewObject               0000000140002650     .-x64-new_object.o
 0001:000016e0       x64UpdateLocalPush         00000001400026e0     .-x64-push_object.o
 0001:00001730       x64OnPushObject            0000000140002730     .-x64-push_object.o
 0001:00001780       x64PushObjectStates        0000000140002780     .-x64-push_object.o
 0001:00001850       x64PushObject              0000000140002850     .-x64-push_object.o
 0001:000019c0       x64PushPipe                00000001400029c0     .-x64-push_object.o
 0001:000019d0       x64QueryLocalObject        00000001400029d0     .-x64-query_object.o
 0001:00001a30       x64OnQueryObject           0000000140002a30     .-x64-query_object.o
 0001:00001ab0       x64QueryObjectStates       0000000140002ab0     .-x64-query_object.o
 0001:00001b70       x64QueryObject             0000000140002b70     .-x64-query_object.o
 0001:00001cb0       x64QueryPipe               0000000140002cb0     .-x64-query_object.o
 0001:00001cc0       x64SleepStates             0000000140002cc0     .-x64-sleep.o
 0001:00001cf0       x64Sleep                   0000000140002cf0     .-x64-sleep.o
 0001:00001d50       equal_bytes                0000000140002d50     .-api.o
 0001:00001db0       GetHashtableNoLock         0000000140002db0     .-api.o
 0001:00001fd0       SetHashtableNoLock         0000000140002fd0     .-api.o
 0001:00002530       GetHashtable               0000000140003530     .-api.o
 0001:00002580       SetHashtable               0000000140003580     .-api.o
 0001:000025c0       i64_get                    00000001400035c0     .-api.o
 0001:00002780       i64GetHashtableNoLock      0000000140003780     .-api.o
 0001:00002790       i64SetHashtableNoLock      0000000140003790     .-api.o
 0001:000028e0       i64GetHashtable            00000001400038e0     .-api.o
 0001:000028f0       i64SetHashtable            00000001400038f0     .-api.o
 0001:00002900       InitInternalStructures     0000000140003900     .-api.o
 0001:00002bd0       castOnQueryObject          0000000140003bd0     .-cast_provider.o
 0001:00002cb0       anyCastStates              0000000140003cb0     .-cast_provider.o
 0001:000033d0       anyCastProvider            00000001400043d0     .-cast_provider.o
 0001:00003480       init_gpu_subsystem         0000000140004480     .-gpu_subsystem.o
 0001:00004050       gpuBuildFromText           0000000140005050     .-gpu_subsystem.o
 0001:00004270       gpuAlloc                   0000000140005270     .-gpu_subsystem.o
 0001:000042a0       gpuRun                     00000001400052a0     .-gpu_subsystem.o
 0001:00004310       gpuFinishQueuesOnPlatform  0000000140005310     .-gpu_subsystem.o
 0001:00004370       gpuFinishQueue             0000000140005370     .-gpu_subsystem.o
 0001:00004390       StartInitialProcess        0000000140005390     .-hive_entry.o
 0001:000045b0       scheduler_init             00000001400055b0     .-queue.o
 0001:00004680       scheduler_enqueue_with_affinity 0000000140005680     .-queue.o
 0001:00004700       scheduler_enqueue          0000000140005700     .-queue.o
 0001:00004880       scheduler_dequeue          0000000140005880     .-queue.o
 0001:00004a40       b_send                     0000000140005a40     .-remote.o
 0001:00004af0       b_flush                    0000000140005af0     .-remote.o
 0001:00004b30       GetConnectionById          0000000140005b30     .-remote.o
 0001:00004b80       ConfirmPage                0000000140005b80     .-remote.o
 0001:00004be0       ConfirmID                  0000000140005be0     .-remote.o
 0001:00004c30       HandleNewConnection        0000000140005c30     .-remote.o
 0001:00004dc0       UpdateWaitingPush          0000000140005dc0     .-remote.o
 0001:00004fe0       AnswerPushObject           0000000140005fe0     .-remote.o
 0001:00005070       SendPageAllocationConfirm  0000000140006070     .-remote.o
 0001:000050e0       SendIDConfirm              00000001400060e0     .-remote.o
 0001:00005150       RedirectBroadcastQuery     0000000140006150     .-remote.o
 0001:00005260       RedirectBroadcastIDQuery   0000000140006260     .-remote.o
 0001:00005370       ConfirmConnection          0000000140006370     .-remote.o
 0001:00005480       InitiateConnection         0000000140006480     .-remote.o
 0001:000056e0       RequestMemoryPage          00000001400066e0     .-remote.o
 0001:000057e0       RequestServerId            00000001400067e0     .-remote.o
 0001:000058c0       AnswerQueryObject          00000001400068c0     .-remote.o
 0001:00005980       AnswerRequestObjectPath    0000000140006980     .-remote.o
 0001:00005a80       RequestObjectPathBroadcast 0000000140006a80     .-remote.o
 0001:00005c10       AnswerRequestPathToID      0000000140006c10     .-remote.o
 0001:00005d10       RequestPathToIDBroadcast   0000000140006d10     .-remote.o
 0001:00005ea0       RequestObjectGet           0000000140006ea0     .-remote.o
 0001:00005fb0       RequestObjectSet           0000000140006fb0     .-remote.o
 0001:00006140       StartNewWorkerRemote       0000000140007140     .-remote.o
 0001:00006220       SendHiveState              0000000140007220     .-remote.o
 0001:00006360       start_remote_subsystem     0000000140007360     .-remote.o
 0001:000082d0       memset                     00000001400092d0     .-runtime_lib.o
 0001:000083a0       memcpy                     00000001400093a0     .-runtime_lib.o
 0001:00008640       myMalloc                   0000000140009640     .-runtime_lib.o
 0001:00008690       myPrintf                   0000000140009690     .-runtime_lib.o
 0001:00008ec0       myRealloc                  0000000140009ec0     .-runtime_lib.o
 0001:00008f20       myFree                     0000000140009f20     .-runtime_lib.o
 0001:00008f60       myAtoll                    0000000140009f60     .-runtime_lib.o
 0001:00009010       get_char                   000000014000a010     .-runtime_lib.o
 0001:000090d0       myScanI64                  000000014000a0d0     .-runtime_lib.o
 0001:00009130       myScanS                    000000014000a130     .-runtime_lib.o
 0001:000091a0       PrintI64                   000000014000a1a0     .-runtime_lib.o
 0001:00009220       PrintI64H                  000000014000a220     .-runtime_lib.o
 0001:00009260       Print2H                    000000014000a260     .-runtime_lib.o
 0001:000092a0       assertion_failure          000000014000a2a0     .-runtime_lib.o
 0001:000092e0       myAbs                      000000014000a2e0     .-runtime_lib.o
 0001:000092f0       MicrosecondsToTicks        000000014000a2f0     .-runtime_lib.o
 0001:00009320       TicksToMicroseconds        000000014000a320     .-runtime_lib.o
 0001:00009350       GetTicks                   000000014000a350     .-runtime_lib.o
 0001:00009370       SheduleTimeoutFromNow      000000014000a370     .-runtime_lib.o
 0001:000093c0       init_lib                   000000014000a3c0     .-runtime_lib.o
 0001:00009410       RegisterObjectWithId       000000014000a410     .-runtime.o
 0001:00009430       GetNewObjectId             000000014000a430     .-runtime.o
 0001:000094c0       universalPauseWorker       000000014000a4c0     .-runtime.o
 0001:00009540       universalUpdateLocalPush   000000014000a540     .-runtime.o
 0001:00009550       UpdateFromQueryResult      000000014000a550     .-runtime.o
 0001:00009590       PrintObject                000000014000a590     .-runtime.o
 0001:000095a0       WaitListWorker             000000014000a5a0     .-runtime.o
 0001:000095f0       EnqueueWorkerFromWaitList  000000014000a5f0     .-runtime.o
 0001:00009660       UpdateWaitingWorkers       000000014000a660     .-runtime.o
 0001:00009810       StartNewWorker             000000014000a810     .-runtime.o
 0001:000099d0       LoadWorker                 000000014000a9d0     .-runtime.o
 0001:0000a160       entry                      000000014000b160     .-runtime.o
 0001:0000a7c0       SheduleWorker              000000014000b7c0     .-sheduler.o
 0001:0000a8f0       ShedulerInstance           000000014000b8f0     .-sheduler.o
 0001:0000a980       TryStallSheduler           000000014000b980     .-sheduler.o
 0001:0000aa00       MasterSheduler             000000014000ba00     .-sheduler.o
 0001:0000ace0       ShedulerStart              000000014000bce0     .-sheduler.o
 0001:0000ae7c       x64_fastPushObject         000000014000be7c     asm.o
 0001:0000aee5       x64_fastQueryObject        000000014000bee5     asm.o
 0001:0000af4e       x64_fastNewObject          000000014000bf4e     asm.o
 0001:0000afb7       x64_fastCallObject         000000014000bfb7     asm.o
 0001:0000b020       x64_fastPushPipe           000000014000c020     asm.o
 0001:0000b089       x64_fastQueryPipe          000000014000c089     asm.o
 0001:0000b0f2       x64_fastSleep              000000014000c0f2     asm.o
 0001:0000b15b       gpu_fastNewObject          000000014000c15b     asm.o
 0001:0000b1c4       gpu_fastCallObject         000000014000c1c4     asm.o
 0001:0000b22d       loc_fastNewObject          000000014000c22d     asm.o
 0001:0000b296       dll_fastCallObject         000000014000c296     asm.o
 0001:0000b2ff       any_fastCastProvider       000000014000c2ff     asm.o
 0001:0000b368       x64AsmExecuteWorker        000000014000c368     asm.o
 0001:0000b3ca       setjmpUN                   000000014000c3ca     asm.o
 0001:0000b3fd       longjmpUN                  000000014000c3fd     asm.o
 0001:0000b426       DllCall                    000000014000c426     asm.o
 0001:0000b4b0       GdiSetBatchLimit           000000014000c4b0     gdi32:GDI32.dll
 0001:0000b4c0       CommandLineToArgvW         000000014000c4c0     shell32:SHELL32.dll
 0001:0000b4d0       AcquireSRWLockExclusive    000000014000c4d0     kernel32:KERNEL32.dll
 0001:0000b4e0       AcquireSRWLockShared       000000014000c4e0     kernel32:KERNEL32.dll
 0001:0000b4f0       CloseHandle                000000014000c4f0     kernel32:KERNEL32.dll
 0001:0000b500       CreateEventW               000000014000c500     kernel32:KERNEL32.dll
 0001:0000b510       CreateFileW                000000014000c510     kernel32:KERNEL32.dll
 0001:0000b520       CreateIoCompletionPort     000000014000c520     kernel32:KERNEL32.dll
 0001:0000b530       CreateThread               000000014000c530     kernel32:KERNEL32.dll
 0001:0000b540       ExitProcess                000000014000c540     kernel32:KERNEL32.dll
 0001:0000b550       GetCommandLineW            000000014000c550     kernel32:KERNEL32.dll
 0001:0000b560       GetConsoleMode             000000014000c560     kernel32:KERNEL32.dll
 0001:0000b570       GetFileSizeEx              000000014000c570     kernel32:KERNEL32.dll
 0001:0000b580       GetLastError               000000014000c580     kernel32:KERNEL32.dll
 0001:0000b590       GetProcAddress             000000014000c590     kernel32:KERNEL32.dll
 0001:0000b5a0       GetProcessHeap             000000014000c5a0     kernel32:KERNEL32.dll
 0001:0000b5b0       GetQueuedCompletionStatus  000000014000c5b0     kernel32:KERNEL32.dll
 0001:0000b5c0       GetStdHandle               000000014000c5c0     kernel32:KERNEL32.dll
 0001:0000b5d0       GetThreadContext           000000014000c5d0     kernel32:KERNEL32.dll
 0001:0000b5e0       GetTickCount64             000000014000c5e0     kernel32:KERNEL32.dll
 0001:0000b5f0       HeapAlloc                  000000014000c5f0     kernel32:KERNEL32.dll
 0001:0000b600       HeapFree                   000000014000c600     kernel32:KERNEL32.dll
 0001:0000b610       HeapReAlloc                000000014000c610     kernel32:KERNEL32.dll
 0001:0000b620       LoadLibraryA               000000014000c620     kernel32:KERNEL32.dll
 0001:0000b630       MultiByteToWideChar        000000014000c630     kernel32:KERNEL32.dll
 0001:0000b640       QueryPerformanceCounter    000000014000c640     kernel32:KERNEL32.dll
 0001:0000b650       QueryPerformanceFrequency  000000014000c650     kernel32:KERNEL32.dll
 0001:0000b660       ReadConsoleW               000000014000c660     kernel32:KERNEL32.dll
 0001:0000b670       ReadFile                   000000014000c670     kernel32:KERNEL32.dll
 0001:0000b680       ReleaseSRWLockExclusive    000000014000c680     kernel32:KERNEL32.dll
 0001:0000b690       ReleaseSRWLockShared       000000014000c690     kernel32:KERNEL32.dll
 0001:0000b6a0       ResumeThread               000000014000c6a0     kernel32:KERNEL32.dll
 0001:0000b6b0       SetEvent                   000000014000c6b0     kernel32:KERNEL32.dll
 0001:0000b6c0       SetThreadContext           000000014000c6c0     kernel32:KERNEL32.dll
 0001:0000b6d0       Sleep                      000000014000c6d0     kernel32:KERNEL32.dll
 0001:0000b6e0       SuspendThread              000000014000c6e0     kernel32:KERNEL32.dll
 0001:0000b6f0       TlsAlloc                   000000014000c6f0     kernel32:KERNEL32.dll
 0001:0000b700       TlsFree                    000000014000c700     kernel32:KERNEL32.dll
 0001:0000b710       TlsGetValue                000000014000c710     kernel32:KERNEL32.dll
 0001:0000b720       TlsSetValue                000000014000c720     kernel32:KERNEL32.dll
 0001:0000b730       TryAcquireSRWLockExclusive 000000014000c730     kernel32:KERNEL32.dll
 0001:0000b740       VirtualAlloc               000000014000c740     kernel32:KERNEL32.dll
 0001:0000b750       WaitForMultipleObjects     000000014000c750     kernel32:KERNEL32.dll
 0001:0000b760       WaitForSingleObject        000000014000c760     kernel32:KERNEL32.dll
 0001:0000b770       WriteConsoleW              000000014000c770     kernel32:KERNEL32.dll
 0001:0000b780       BCryptGenRandom            000000014000c780     bcrypt:bcrypt.dll
 0001:0000b790       WSAGetLastError            000000014000c790     ws2_32:WS2_32.dll
 0001:0000b7a0       WSARecv                    000000014000c7a0     ws2_32:WS2_32.dll
 0001:0000b7b0       WSAStartup                 000000014000c7b0     ws2_32:WS2_32.dll
 0001:0000b7c0       accept                     000000014000c7c0     ws2_32:WS2_32.dll
 0001:0000b7d0       bind                       000000014000c7d0     ws2_32:WS2_32.dll
 0001:0000b7e0       closesocket                000000014000c7e0     ws2_32:WS2_32.dll
 0001:0000b7f0       connect                    000000014000c7f0     ws2_32:WS2_32.dll
 0001:0000b800       freeaddrinfo               000000014000c800     ws2_32:WS2_32.dll
 0001:0000b810       getaddrinfo                000000014000c810     ws2_32:WS2_32.dll
 0001:0000b820       getsockname                000000014000c820     ws2_32:WS2_32.dll
 0001:0000b830       htons                      000000014000c830     ws2_32:WS2_32.dll
 0001:0000b840       listen                     000000014000c840     ws2_32:WS2_32.dll
 0001:0000b850       ntohs                      000000014000c850     ws2_32:WS2_32.dll
 0001:0000b860       send                       000000014000c860     ws2_32:WS2_32.dll
 0001:0000b870       setsockopt                 000000014000c870     ws2_32:WS2_32.dll
 0001:0000b880       socket                     000000014000c880     ws2_32:WS2_32.dll
 0001:0000b890       clBuildProgram             000000014000c890     OpenCL:OpenCL.dll
 0001:0000b8a0       clCreateBuffer             000000014000c8a0     OpenCL:OpenCL.dll
 0001:0000b8b0       clCreateCommandQueueWithProperties 000000014000c8b0     OpenCL:OpenCL.dll
 0001:0000b8c0       clCreateContext            000000014000c8c0     OpenCL:OpenCL.dll
 0001:0000b8d0       clCreateKernel             000000014000c8d0     OpenCL:OpenCL.dll
 0001:0000b8e0       clCreateProgramWithSource  000000014000c8e0     OpenCL:OpenCL.dll
 0001:0000b8f0       clEnqueueNDRangeKernel     000000014000c8f0     OpenCL:OpenCL.dll
 0001:0000b900       clEnqueueReadBuffer        000000014000c900     OpenCL:OpenCL.dll
 0001:0000b910       clEnqueueWriteBuffer       000000014000c910     OpenCL:OpenCL.dll
 0001:0000b920       clFinish                   000000014000c920     OpenCL:OpenCL.dll
 0001:0000b930       clGetDeviceIDs             000000014000c930     OpenCL:OpenCL.dll
 0001:0000b940       clGetDeviceInfo            000000014000c940     OpenCL:OpenCL.dll
 0001:0000b950       clGetKernelArgInfo         000000014000c950     OpenCL:OpenCL.dll
 0001:0000b960       clGetPlatformIDs           000000014000c960     OpenCL:OpenCL.dll
 0001:0000b970       clGetPlatformInfo          000000014000c970     OpenCL:OpenCL.dll
 0001:0000b980       clGetProgramBuildInfo      000000014000c980     OpenCL:OpenCL.dll
 0001:0000b990       clSetKernelArg             000000014000c990     OpenCL:OpenCL.dll
 0002:00000014       ??_C@_1FE@MNCEKKEL@?$AAE?$AAr?$AAr?$AAo?$AAr?$AA?3?$AA?5?$AAU?$AAN?$AAK?$AAN?$AAO?$AAW?$AAN?$AA?5?$AAp?$AAr?$AAo?$AAv?$AAi?$AAd?$AAe?$AAr?$AA?5?$AA?$CF?$AAl?$AAl?$AAd?$AA?5?$AAi?$AAn?$AA?5@ 000000014000d014     .-dll-execute_worker.o
 0002:00000068       ??_C@_1HO@GIMLMCLD@?$AAr?$AAe?$AAt?$AAu?$AAr?$AAn?$AAe?$AAd?$AA?5?$AA?$CL?$AA?5?$AAE?$AAr?$AAr?$AAo?$AAr?$AA?$DN?$AA?$CF?$AAl?$AAl?$AAd?$AA?5?$AA?$FL?$AAb?$AAe?$AAf?$AAo?$AAr?$AAe?$AA?5?$AAc?$AAa@ 000000014000d068     .-dll-execute_worker.o
 0002:000000e6       ??_C@_1DO@MBJBKNM@?$AAE?$AAr?$AAr?$AAo?$AAr?$AA?3?$AA?5?$AAa?$AAt?$AA?5?$AAc?$AAl?$AAS?$AAe?$AAt?$AAK?$AAe?$AAr?$AAn?$AAe?$AAl?$AAA?$AAr?$AAg?$AA?5?$AA?$CF?$AAl?$AAl?$AAd?$AA?6?$AA?$AA@ 000000014000d0e6     .-gpu-execute_worker.o
 0002:00000124       ??_C@_1EO@KIFHHFHO@?$AAE?$AAr?$AAr?$AAo?$AAr?$AA?3?$AA?5?$AAa?$AAt?$AA?5?$AAc?$AAl?$AAE?$AAn?$AAq?$AAu?$AAe?$AAu?$AAe?$AAN?$AAD?$AAR?$AAa?$AAn?$AAg?$AAe?$AAK?$AAe?$AAr?$AAn?$AAe?$AAl@ 000000014000d124     .-gpu-execute_worker.o
 0002:00000172       ??_C@_1DO@PIAGAENK@?$AAE?$AAR?$AAR?$AAO?$AAR?$AA?3?$AA?5?$AAg?$AAp?$AAu?$AAA?$AAl?$AAl?$AAo?$AAc?$AA?5?$AAf?$AAa?$AAi?$AAl?$AAe?$AAd?$AA?5?$AA?$FL?$AA?$CF?$AAl?$AAl?$AAd?$AA?$FN?$AA?6?$AA?$AA@ 000000014000d172     .-gpu-new_object.o
 0002:000001b0       ??_C@_1BG@LMPFNDF@?$AAr?$AAe?$AAs?$AAu?$AAl?$AAt?$AA?5?$AA?$CF?$AAp?$AA?6?$AA?$AA@ 000000014000d1b0     .-gpu-new_object.o
 0002:000001c6       ??_C@_1FM@LBBNKNII@?$AAE?$AAR?$AAR?$AAO?$AAR?$AA?3?$AA?5?$AAP?$AAi?$AAp?$AAe?$AAs?$AA?5?$AAa?$AAr?$AAe?$AA?5?$AAu?$AAn?$AAs?$AAu?$AAp?$AAp?$AAo?$AAr?$AAt?$AAe?$AAd?$AA?5?$AAo?$AAn?$AA?5@ 000000014000d1c6     .-gpu-new_object.o
 0002:00000222       ??_C@_1GM@BNFAKJM@?$AAE?$AAR?$AAR?$AAO?$AAR?$AA?3?$AA?5?$AAP?$AAi?$AAp?$AAe?$AAs?$AA?5?$AAa?$AAr?$AAe?$AA?5?$AAu?$AAn?$AAs?$AAu?$AAp?$AAp?$AAo?$AAr?$AAt?$AAe?$AAd?$AA?5?$AAo?$AAn?$AA?5@ 000000014000d222     .-gpu-new_object.o
 0002:0000028e       ??_C@_1EG@FBJBJMFK@?$AAN?$AAO?$AAT?$AA?5?$AAS?$AAU?$AAP?$AAP?$AAO?$AAR?$AAT?$AAE?$AAD?$AA?3?$AA?5?$AAp?$AAu?$AAs?$AAh?$AA?5?$AAi?$AAn?$AA?5?$AAg?$AAp?$AAu?$AA?5?$AAo?$AAb?$AAj?$AAe?$AAc@ 000000014000d28e     .-gpu-push_object.o
 0002:000002d4       ??_C@_1FE@GJLEMBH@?$AAN?$AAO?$AAT?$AA?5?$AAS?$AAU?$AAP?$AAP?$AAO?$AAR?$AAT?$AAE?$AAD?$AA?3?$AA?5?$AAp?$AAu?$AAs?$AAh?$AA?5?$AAi?$AAn?$AA?5?$AAg?$AAp?$AAu?$AA?5?$AAo?$AAb?$AAj?$AAe?$AAc@ 000000014000d2d4     .-gpu-push_object.o
 0002:00000328       ??_C@_1EI@EPHKLIAN@?$AAN?$AAO?$AAT?$AA?5?$AAS?$AAU?$AAP?$AAP?$AAO?$AAR?$AAT?$AAE?$AAD?$AA?3?$AA?5?$AAq?$AAu?$AAe?$AAr?$AAy?$AA?5?$AAi?$AAn?$AA?5?$AAg?$AAp?$AAu?$AA?5?$AAo?$AAb?$AAj?$AAe@ 000000014000d328     .-gpu-query_object.o
 0002:00000370       ??_C@_1FG@PCBNEEAC@?$AAN?$AAO?$AAT?$AA?5?$AAS?$AAU?$AAP?$AAP?$AAO?$AAR?$AAT?$AAE?$AAD?$AA?3?$AA?5?$AAq?$AAu?$AAe?$AAr?$AAy?$AA?5?$AAi?$AAn?$AA?5?$AAg?$AAp?$AAu?$AA?5?$AAo?$AAb?$AAj?$AAe@ 000000014000d370     .-gpu-query_object.o
 0002:000004a0       __ymm@0000000000000006fffffffffffffff000000000000000000000000000000003 000000014000d4a0     .-cast_provider.o
 0002:000004c0       ??_C@_1FE@BCAGMINK@?$AAE?$AAr?$AAr?$AAo?$AAr?$AA?3?$AA?5?$AAn?$AAo?$AA?5?$AAk?$AAn?$AAo?$AAw?$AAn?$AA?5?$AAs?$AAi?$AAz?$AAe?$AA?5?$AAf?$AAo?$AAr?$AA?5?$AAn?$AAo?$AAt?$AA?5?$AAa?$AAr?$AAr@ 000000014000d4c0     .-cast_provider.o
 0002:00000514       ??_C@_1FK@KDAFABDO@?$AAE?$AAr?$AAr?$AAo?$AAr?$AA?3?$AA?5?$AAl?$AAo?$AAc?$AAa?$AAl?$AA?5?$AAo?$AAb?$AAj?$AAe?$AAc?$AAt?$AA?5?$AAw?$AAa?$AAs?$AA?5?$AAr?$AAe?$AAm?$AAo?$AAv?$AAe?$AAd?$AA?5@ 000000014000d514     .-cast_provider.o
 0002:0000056e       ??_C@_1FO@HMOHPFHI@?$AAE?$AAr?$AAr?$AAo?$AAr?$AA?5?$AAh?$AAa?$AAp?$AAp?$AAe?$AAn?$AA?5?$AAw?$AAh?$AAi?$AAl?$AAe?$AA?5?$AAc?$AAl?$AAE?$AAn?$AAq?$AAu?$AAe?$AAu?$AAe?$AAR?$AAe?$AAa?$AAd@ 000000014000d56e     .-cast_provider.o
 0002:000005cc       ??_C@_1GA@EEKPNAGK@?$AAE?$AAr?$AAr?$AAo?$AAr?$AA?5?$AAh?$AAa?$AAp?$AAp?$AAe?$AAn?$AA?5?$AAw?$AAh?$AAi?$AAl?$AAe?$AA?5?$AAc?$AAl?$AAE?$AAn?$AAq?$AAu?$AAe?$AAu?$AAe?$AAW?$AAr?$AAi?$AAt@ 000000014000d5cc     .-cast_provider.o
 0002:0000062c       ??_C@_1IA@HIJJNPCH@?$AAE?$AAR?$AAR?$AAO?$AAR?$AA?3?$AA?5?$AAn?$AAo?$AAt?$AA?5?$AAs?$AAu?$AAp?$AAp?$AAo?$AAr?$AAt?$AAe?$AAd?$AA?5?$AAc?$AAo?$AAn?$AAv?$AAe?$AAr?$AAs?$AAi?$AAo?$AAn?$AA?5@ 000000014000d62c     .-cast_provider.o
 0002:000006ac       ??_C@_1EC@CFAEGHOO@?$AAE?$AAr?$AAr?$AAo?$AAr?$AA?5?$AAa?$AAt?$AA?5?$AAc?$AAl?$AAC?$AAr?$AAe?$AAa?$AAt?$AAe?$AAC?$AAo?$AAn?$AAt?$AAe?$AAx?$AAt?$AA?5?$AA?$FL?$AA?$CF?$AAl?$AAl?$AAd?$AA?$FN?$AA?6@ 000000014000d6ac     .-gpu_subsystem.o
 0002:000006ee       ??_C@_1GI@JODPKPLM@?$AAE?$AAr?$AAr?$AAo?$AAr?$AA?5?$AAa?$AAt?$AA?5?$AAc?$AAl?$AAC?$AAr?$AAe?$AAa?$AAt?$AAe?$AAC?$AAo?$AAm?$AAm?$AAa?$AAn?$AAd?$AAQ?$AAu?$AAe?$AAu?$AAe?$AAW?$AAi?$AAt@ 000000014000d6ee     .-gpu_subsystem.o
 0002:00000756       ??_C@_0FA@OKGFDHAO@?9cl?9single?9precision?9constant?5?9c@ 000000014000d756     .-gpu_subsystem.o
 0002:000007a6       ??_C@_1DE@FJCPKFIJ@?$AAB?$AAu?$AAi?$AAl?$AAd?$AAP?$AAr?$AAo?$AAg?$AAr?$AAa?$AAm?$AA?5?$AAE?$AAr?$AAr?$AAo?$AAr?$AA?3?$AA?5?$AA?$CF?$AAl?$AAl?$AAd?$AA?6?$AA?$AA@ 000000014000d7a6     .-gpu_subsystem.o
 0002:000007da       ??_C@_19PDAGFAKM@?$AA?4?$AA?4?$AA?4?$AA?6?$AA?$AA@ 000000014000d7da     .-gpu_subsystem.o
 0002:000007e4       ??_C@_1CO@HIIDKPPP@?$AAB?$AAu?$AAi?$AAl?$AAd?$AAI?$AAn?$AAf?$AAo?$AA?5?$AAE?$AAr?$AAr?$AAo?$AAr?$AA?3?$AA?5?$AA?$CF?$AAl?$AAl?$AAd?$AA?6?$AA?$AA@ 000000014000d7e4     .-gpu_subsystem.o
 0002:00000812       ??_C@_1DA@GJKLKGNM@?$AAB?$AAu?$AAi?$AAl?$AAd?$AAI?$AAn?$AAf?$AAo?$AA2?$AA?5?$AAE?$AAr?$AAr?$AAo?$AAr?$AA?3?$AA?5?$AA?$CF?$AAl?$AAl?$AAd?$AA?6?$AA?$AA@ 000000014000d812     .-gpu_subsystem.o
 0002:00000842       ??_C@_1DA@CBNNMJJB@?$AAE?$AAr?$AAr?$AAo?$AAr?$AA?5?$AAI?$AAn?$AAf?$AAo?$AA?3?$AA?5?$AAc?$AAo?$AAd?$AAe?$AA?$DN?$AA?$CF?$AAl?$AAl?$AAd?$AA?3?$AA?6?$AA?$AA@ 000000014000d842     .-gpu_subsystem.o
 0002:00000872       ??_C@_1CA@CAEDKLHA@?$AA?$CF?$AA0?$AA2?$AAx?$AA?5?$AA?$CF?$AA0?$AA2?$AAx?$AA?5?$AA?$CF?$AA0?$AA2?$AAx?$AA?6?$AA?$AA@ 000000014000d872     .-gpu_subsystem.o
 0002:00000892       ??_C@_17MJEANDKP@?$AA?$CF?$AAs?$AA?6?$AA?$AA@ 000000014000d892     .-gpu_subsystem.o
 0002:0000089a       ??_C@_1CO@DCKAPNAK@?$AAw?$AAa?$AAi?$AAt?$AAi?$AAn?$AAg?$AA?5?$AAs?$AAt?$AAa?$AAr?$AAt?$AAu?$AAp?$AA?5?$AAp?$AAa?$AAg?$AAe?$AAs?$AA?6?$AA?$AA@ 000000014000d89a     .-hive_entry.o
 0002:000008c8       ??_C@_1EI@OLFKDNEP@?$AAE?$AAr?$AAr?$AAo?$AAr?$AA?3?$AA?5?$AAa?$AAl?$AAl?$AAo?$AAc?$AAa?$AAt?$AAe?$AAd?$AA?5?$AAa?$AAr?$AAr?$AAa?$AAy?$AA?5?$AAi?$AAs?$AAn?$AA?8?$AAt?$AA?5?$AAl?$AAo?$AAc@ 000000014000d8c8     .-hive_entry.o
 0002:000009b0       ??_C@_1DE@OFJFJIIH@?$AAS?$AAe?$AAr?$AAv?$AAe?$AAr?$AA?5?$AAi?$AAd?$AA?$DN?$AA?$CF?$AAl?$AAl?$AAd?$AA?5?$AAc?$AAo?$AAn?$AAf?$AAi?$AAr?$AAm?$AAe?$AAd?$AA?6?$AA?$AA@ 000000014000d9b0     .-remote.o
 0002:000009e4       ??_C@_1CG@DJLPCGPG@?$AAC?$AAl?$AAi?$AAe?$AAn?$AAt?$AA?5?$AAc?$AAo?$AAn?$AAn?$AAe?$AAc?$AAt?$AAe?$AAd?$AA?$CB?$AA?6?$AA?$AA@ 000000014000d9e4     .-remote.o
 0002:00000a0a       ??_C@_1FK@FPKJOMKP@?$AAE?$AAr?$AAr?$AAo?$AAr?$AA?3?$AA?5?$AAC?$AAo?$AAu?$AAl?$AAd?$AA?5?$AAn?$AAo?$AAt?$AA?5?$AAc?$AAo?$AAn?$AAn?$AAe?$AAc?$AAt?$AA?5?$AAt?$AAo?$AA?5?$AA?$CF?$AAs?$AA?5?$AA?$FL@ 000000014000da0a     .-remote.o
 0002:00000a64       ??_C@_1LE@PPGJDLMH@?$AA?$FL?$AAp?$AA?5?$AA?$DM?$AAp?$AAo?$AAr?$AAt?$AA?$DO?$AA?$FN?$AA?5?$AAt?$AAo?$AA?5?$AAs?$AAe?$AAl?$AAe?$AAc?$AAt?$AA?5?$AAp?$AAo?$AAr?$AAt?$AA?5?$AA?$FL?$AAc?$AA?5?$AA?$DM?$AAi?$AAp@ 000000014000da64     .-remote.o
 0002:00000b18       ??_C@_1BO@BCIJKPCC@?$AAE?$AAn?$AAt?$AAe?$AAr?$AA?5?$AAc?$AAo?$AAm?$AAm?$AAa?$AAn?$AAd?$AA?$DO?$AA?$AA@ 000000014000db18     .-remote.o
 0002:00000b36       ??_C@_1CK@IMAGNILG@?$AAC?$AAo?$AAn?$AAf?$AAi?$AAr?$AAm?$AAe?$AAd?$AA?5?$AAp?$AAo?$AAr?$AAt?$AA?$DN?$AA?$CF?$AAl?$AAl?$AAd?$AA?6?$AA?$AA@ 000000014000db36     .-remote.o
 0002:00000b60       ??_C@_1DG@NNMMEGKD@?$AAS?$AAe?$AAl?$AAe?$AAc?$AAt?$AAe?$AAd?$AA?5?$AAc?$AAo?$AAn?$AAn?$AAe?$AAc?$AAt?$AA?5?$AAc?$AAo?$AAm?$AAm?$AAa?$AAn?$AAd?$AA?4?$AA?6?$AA?$AA@ 000000014000db60     .-remote.o
 0002:00000b96       ??_C@_1CI@KPENLAE@?$AAE?$AAn?$AAt?$AAe?$AAr?$AA?5?$AAI?$AAP?$AA?5?$AAa?$AAn?$AAd?$AA?5?$AAP?$AAO?$AAR?$AAT?$AA?4?$AA?6?$AA?$AA@ 000000014000db96     .-remote.o
 0002:00000bbe       ??_C@_1EG@CAHECGOL@?$AAT?$AAr?$AAy?$AAi?$AAn?$AAg?$AA?5?$AAt?$AAo?$AA?5?$AAc?$AAo?$AAn?$AAn?$AAe?$AAc?$AAt?$AA?5?$AAt?$AAo?$AA?5?$AA?$FL?$AA?$CF?$AAs?$AA?$FN?$AA?5?$AA?$FL?$AA?$CF?$AAs?$AA?$FN?$AA?4?$AA?4@ 000000014000dbbe     .-remote.o
 0002:00000c04       ??_C@_1DG@GLOHHOJG@?$AAT?$AAe?$AAm?$AAp?$AAo?$AAr?$AAa?$AAr?$AAy?$AA?5?$AAl?$AAo?$AAc?$AAa?$AAl?$AA_?$AAi?$AAd?$AA?5?$AA?$DN?$AA?5?$AA?$CF?$AAl?$AAl?$AAd?$AA?6?$AA?$AA@ 000000014000dc04     .-remote.o
 0002:00000c3a       ??_C@_1DC@MOJEJJIM@?$AAC?$AAo?$AAn?$AAf?$AAi?$AAg?$AAu?$AAr?$AAa?$AAt?$AAi?$AAo?$AAn?$AA?5?$AAc?$AAo?$AAn?$AAf?$AAi?$AAr?$AAm?$AAe?$AAd?$AA?6?$AA?$AA@ 000000014000dc3a     .-remote.o
 0002:00000c6c       ??_C@_1DM@PKIKMHMJ@?$AA?$FL?$AAN?$AAE?$AAT?$AAW?$AAO?$AAR?$AAK?$AA?$FN?$AA?3?$AA?5?$AAP?$AAe?$AAe?$AAr?$AA?5?$AAd?$AAi?$AAs?$AAc?$AAo?$AAn?$AAn?$AAe?$AAc?$AAt?$AAe?$AAd?$AA?6?$AA?$AA@ 000000014000dc6c     .-remote.o
 0002:00000ca8       ??_C@_1FE@JBHEOMDM@?$AAc?$AAo?$AAn?$AAn?$AAe?$AAc?$AAt?$AAi?$AAo?$AAn?$AA?5?$AAw?$AAa?$AAs?$AA?5?$AAc?$AAl?$AAo?$AAs?$AAe?$AAd?$AA?4?$AA?5?$AA?$FL?$AAl?$AAo?$AAc?$AAa?$AAl?$AA_?$AAi?$AAd@ 000000014000dca8     .-remote.o
 0002:00000cfc       ??_C@_1LA@ICLCBFDH@?$AAE?$AAr?$AAr?$AAo?$AAr?$AA?3?$AA?5?$AAA?$AAP?$AAI?$AA_?$AAA?$AAN?$AAS?$AAW?$AAE?$AAR?$AA_?$AAR?$AAE?$AAQ?$AAU?$AAE?$AAS?$AAT?$AA_?$AAC?$AAO?$AAN?$AAN?$AAE?$AAC@ 000000014000dcfc     .-remote.o
 0002:00000dac       ??_C@_1DK@EHAPFJND@?$AAs?$AAe?$AAr?$AAv?$AAe?$AAr?$AA?5?$AAs?$AAt?$AAa?$AAr?$AAt?$AAe?$AAd?$AA?5?$AAo?$AAn?$AA?5?$AAp?$AAo?$AAr?$AAt?$AA?5?$AA?$CF?$AAl?$AAl?$AAd?$AA?6?$AA?$AA@ 000000014000ddac     .-remote.o
 0002:00000de6       ??_C@_1CM@OOKLEHNG@?$AAg?$AAe?$AAt?$AA?5?$AAn?$AAa?$AAm?$AAe?$AA?5?$AAf?$AAa?$AAi?$AAl?$AAe?$AAd?$AA?5?$AA?$CF?$AAl?$AAl?$AAd?$AA?6?$AA?$AA@ 000000014000dde6     .-remote.o
 0002:00000e12       ??_C@_1CG@NGNGJBNB@?$AAE?$AAr?$AAr?$AAo?$AAr?$AA?5?$AAh?$AAa?$AAp?$AAp?$AAe?$AAn?$AA?5?$AA?$CF?$AAl?$AAl?$AAd?$AA?6?$AA?$AA@ 000000014000de12     .-remote.o
 0002:00000e40       __ymm@0020002000200020002000200020002000200020002000200020002000200020 000000014000de40     .-runtime_lib.o
 0002:00000e60       ??_C@_1GM@IPHLEIPK@?$AAE?$AAr?$AAr?$AAo?$AAr?$AA?3?$AA?5?$AAf?$AAa?$AAi?$AAl?$AAe?$AAd?$AA?5?$AAt?$AAo?$AA?5?$AAa?$AAl?$AAl?$AAo?$AAc?$AAa?$AAt?$AAe?$AA?5?$AA?$CF?$AAl?$AAl?$AAd?$AA?5?$AAb@ 000000014000de60     .-runtime_lib.o
 0002:00000ecc       ??_C@_1HA@KLDBOMN@?$AAE?$AAr?$AAr?$AAo?$AAr?$AA?3?$AA?5?$AAf?$AAa?$AAi?$AAl?$AAe?$AAd?$AA?5?$AAt?$AAo?$AA?5?$AAr?$AAe?$AAa?$AAl?$AAl?$AAo?$AAc?$AAa?$AAt?$AAe?$AA?5?$AA?$CF?$AAl?$AAl?$AAd@ 000000014000decc     .-runtime_lib.o
 0002:00000f3c       ??_C@_1EI@DJFGOBAG@?$AAE?$AAr?$AAr?$AAo?$AAr?$AA?3?$AA?5?$AAf?$AAa?$AAi?$AAl?$AAe?$AAd?$AA?5?$AAt?$AAo?$AA?5?$AAf?$AAr?$AAe?$AAe?$AA?5?$AAm?$AAe?$AAm?$AAo?$AAr?$AAy?$AA?3?$AA?5?$AA?$CF?$AAl@ 000000014000df3c     .-runtime_lib.o
 0002:00000f84       ??_C@_1CM@EJGKJCED@?$AAA?$AAs?$AAs?$AAe?$AAr?$AAt?$AAi?$AAo?$AAn?$AA?5?$AAf?$AAa?$AAi?$AAl?$AAe?$AAd?$AA?3?$AA?5?$AA?$CF?$AAs?$AA?6?$AA?$AA@ 000000014000df84     .-runtime_lib.o
 0002:00000fb0       ??_C@_1EI@GJCCEHA@?$AAF?$AAi?$AAl?$AAe?$AA?3?$AA?5?$AA?$CF?$AAs?$AA?0?$AA?5?$AAL?$AAi?$AAn?$AAe?$AA?3?$AA?5?$AA?$CF?$AAl?$AAl?$AAd?$AA?0?$AA?5?$AAF?$AAu?$AAn?$AAc?$AAt?$AAi?$AAo?$AAn?$AA?3?$AA?5@ 000000014000dfb0     .-runtime_lib.o
 0002:0000131c       ??_C@_1GE@NIGCAFOK@?$AAE?$AAr?$AAr?$AAo?$AAr?$AA?3?$AA?5?$AAg?$AAp?$AAu?$AA?5?$AAw?$AAo?$AAr?$AAk?$AAe?$AAr?$AA?5?$AAd?$AAo?$AAe?$AAn?$AA?8?$AAt?$AA?5?$AAs?$AAu?$AAp?$AAp?$AAo?$AAr?$AAt@ 000000014000e31c     .-runtime.o
 0002:00001380       ??_C@_1IE@FHIKABLD@?$AAE?$AAr?$AAr?$AAo?$AAr?$AA?3?$AA?5?$AAc?$AAa?$AAn?$AA?8?$AAt?$AA?5?$AAr?$AAu?$AAn?$AA?5?$AAr?$AAe?$AAm?$AAo?$AAt?$AAe?$AA?5?$AAw?$AAo?$AAr?$AAk?$AAe?$AAr?$AA?5?$AA?$CF@ 000000014000e380     .-runtime.o
 0002:00001404       ??_C@_1HE@GOIHIEDE@?$AAE?$AAr?$AAr?$AAo?$AAr?$AA?3?$AA?5?$AAp?$AAr?$AAo?$AAv?$AAi?$AAd?$AAe?$AAr?$AA?5?$AA?$CF?$AAl?$AAl?$AAd?$AA?5?$AAd?$AAo?$AAe?$AAs?$AAn?$AA?8?$AAt?$AA?5?$AAs?$AAu?$AAp@ 000000014000e404     .-runtime.o
 0002:00001478       ??_C@_1JE@CPFCJBNI@?$AAE?$AAR?$AAR?$AAO?$AAR?$AA?3?$AA?5?$AAR?$AAu?$AAn?$AAt?$AAi?$AAm?$AAe?$AA?5?$AAe?$AAn?$AAd?$AAp?$AAo?$AAi?$AAn?$AAt?$AA?5?$AA?$CF?$AAl?$AAl?$AAd?$AA?5?$AAd?$AAo?$AAe@ 000000014000e478     .-runtime.o
 0002:0000150c       ??_C@_1HI@GNCDLKLI@?$AAE?$AAr?$AAr?$AAo?$AAr?$AA?3?$AA?5?$AAr?$AAu?$AAn?$AAt?$AAi?$AAm?$AAe?$AA?5?$AAd?$AAo?$AAe?$AAs?$AAn?$AA?8?$AAt?$AA?5?$AAs?$AAu?$AAp?$AAp?$AAo?$AAr?$AAt?$AA?5?$AAs@ 000000014000e50c     .-runtime.o
 0002:00001584       ??_C@_1CI@PHCDEMOE@?$AAb?$AAu?$AAi?$AAl?$AAd?$AAi?$AAn?$AAg?$AA?5?$AAk?$AAe?$AAr?$AAn?$AAe?$AAl?$AA?4?$AA?4?$AA?4?$AA?6?$AA?$AA@ 000000014000e584     .-runtime.o
 0002:000015ac       ??_C@_04JNAIOECI@krnl?$AA@ 000000014000e5ac     .-runtime.o
 0002:000015b2       ??_C@_1DI@MMAOAOLJ@?$AAE?$AAr?$AAr?$AAo?$AAr?$AA?3?$AA?5?$AAk?$AAe?$AAr?$AAn?$AAe?$AAl?$AA?5?$AAb?$AAu?$AAi?$AAl?$AAd?$AA?5?$AAf?$AAa?$AAi?$AAl?$AAe?$AAd?$AA?6?$AA?$AA@ 000000014000e5b2     .-runtime.o
 0002:000015ea       ??_C@_1EK@KKIKLCHH@?$AAG?$AAp?$AAu?$AA?5?$AAs?$AAu?$AAs?$AAs?$AAy?$AAs?$AAt?$AAe?$AAm?$AA?5?$AAi?$AAn?$AAi?$AAt?$AAi?$AAa?$AAl?$AAi?$AAz?$AAa?$AAt?$AAi?$AAo?$AAn?$AA?5?$AAf?$AAa?$AAi@ 000000014000e5ea     .-runtime.o
 0002:00001634       ??_C@_1CC@DEIAIPBB@?$AA?4?$AA?4?$AA?1?$AA?4?$AA?4?$AA?1?$AA?4?$AA?4?$AA?1?$AAr?$AAe?$AAs?$AA?4?$AAb?$AAi?$AAn?$AA?$AA@ 000000014000e634     .-runtime.o
 0002:00001656       ??_C@_1FC@OGJDIOEJ@?$AAE?$AAr?$AAr?$AAo?$AAr?$AA?3?$AA?5?$AAc?$AAa?$AAn?$AA?8?$AAt?$AA?5?$AAo?$AAp?$AAe?$AAn?$AA?5?$AA?4?$AA?4?$AA?1?$AA?4?$AA?4?$AA?1?$AA?4?$AA?4?$AA?1?$AAr?$AAe?$AAs?$AA?4?$AAb@ 000000014000e656     .-runtime.o
 0002:000016a8       ??_C@_1EG@BBCENLFA@?$AAT?$AAh?$AAi?$AAs?$AA?5?$AAh?$AAi?$AAv?$AAe?$AA?5?$AAw?$AAi?$AAl?$AAl?$AA?5?$AAn?$AAo?$AAt?$AA?5?$AAr?$AAe?$AAa?$AAd?$AA?5?$AAa?$AAn?$AAy?$AA?5?$AAs?$AAt?$AAd?$AAi@ 000000014000e6a8     .-runtime.o
 0002:000016ee       ??_C@_1EG@OCFMCBJL@?$AAT?$AAh?$AAi?$AAs?$AA?5?$AAh?$AAi?$AAv?$AAe?$AA?5?$AAw?$AAi?$AAl?$AAl?$AA?5?$AAn?$AAo?$AAt?$AA?5?$AAs?$AAt?$AAo?$AAp?$AA?5?$AAe?$AAx?$AAe?$AAc?$AAu?$AAt?$AAi?$AAo@ 000000014000e6ee     .-runtime.o
 0002:00001734       ??_C@_1DG@MIGAGMEC@?$AAI?$AAn?$AAp?$AAu?$AAt?$AA?5?$AAw?$AAi?$AAl?$AAl?$AA?5?$AAb?$AAe?$AA?5?$AAl?$AAo?$AAc?$AAa?$AAl?$AA?5?$AAa?$AAr?$AAr?$AAa?$AAy?$AA?6?$AA?$AA@ 000000014000e734     .-runtime.o
 0002:0000176a       ??_C@_1DA@LKDLAMFA@?$AAS?$AAe?$AAt?$AA?5?$AAn?$AAu?$AAm?$AA?5?$AAt?$AAh?$AAr?$AAe?$AAa?$AAd?$AAs?$AA?5?$AA?$DN?$AA?5?$AA?$CF?$AAl?$AAl?$AAd?$AA?6?$AA?$AA@ 000000014000e76a     .-runtime.o
 0002:0000179a       ??_C@_1II@FCFHMELI@?$AAE?$AAr?$AAr?$AAo?$AAr?$AA?3?$AA?5?$AAt?$AAh?$AAi?$AAs?$AA?5?$AAb?$AAu?$AAi?$AAl?$AAd?$AA?5?$AAd?$AAo?$AAe?$AAs?$AAn?$AA?8?$AAt?$AA?5?$AAa?$AAl?$AAl?$AAo?$AAw?$AA?5@ 000000014000e79a     .-runtime.o
 0002:00001822       ??_C@_1DE@PNGABHJK@?$AAS?$AAe?$AAt?$AA?5?$AAh?$AAi?$AAv?$AAe?$AA?5?$AAa?$AAs?$AA?5?$AAp?$AAr?$AAo?$AAt?$AAe?$AAc?$AAt?$AAo?$AAr?$AAa?$AAt?$AAe?$AA?6?$AA?$AA@ 000000014000e822     .-runtime.o
 0002:00001856       ??_C@_1DG@MLIAHCGJ@?$AAS?$AAe?$AAt?$AA?5?$AAc?$AAh?$AAu?$AAn?$AAk?$AA?5?$AAt?$AAi?$AAm?$AAe?$AA?5?$AAt?$AAo?$AA?5?$AA?$CF?$AAl?$AAl?$AAd?$AA?5?$AAu?$AAs?$AA?6?$AA?$AA@ 000000014000e856     .-runtime.o
 0002:0000188c       ??_C@_1EC@FNPNOOPH@?$AAU?$AAn?$AAk?$AAn?$AAo?$AAw?$AAn?$AA?5?$AAc?$AAm?$AAd?$AAl?$AAi?$AAn?$AAe?$AA?5?$AAp?$AAa?$AAr?$AAa?$AAm?$AAe?$AAt?$AAe?$AAr?$AA?3?$AA?5?$AA?$CF?$AAl?$AAl?$AAd?$AA?6@ 000000014000e88c     .-runtime.o
 0002:000018ce       ??_C@_1CE@CFOOJILH@?$AAN?$AAU?$AAM?$AA_?$AAT?$AAH?$AAR?$AAE?$AAA?$AAD?$AAS?$AA?$DN?$AA?$CF?$AAl?$AAl?$AAd?$AA?6?$AA?$AA@ 000000014000e8ce     .-runtime.o
 0002:000018f2       ??_C@_1BI@KEMCAKCM@?$AAR?$AAu?$AAn?$AAn?$AAi?$AAn?$AAg?$AA?4?$AA?4?$AA?4?$AA?6?$AA?$AA@ 000000014000e8f2     .-runtime.o
 0002:0000190a       ??_C@_1KG@MGKLLKBJ@?$AA?9?$AA?9?$AA?9?$AA?9?$AA?9?$AA?9?$AA?9?$AA?9?$AA?9?$AA?9?$AA?9?$AA?9?$AA?9?$AA?9?$AA?9?$AA?9?$AA?9?$AA?9?$AA?9?$AA?9?$AA?9?$AA?9?$AA?9?$AA?9?$AA?9?$AA?9?$AA?9?$AA?9?$AA?9?$AA?9?$AA?9?$AA?9@ 000000014000e90a     .-runtime.o
 0002:000019b0       ??_C@_1KC@PDECPKAN@?$AA?9?$AA?9?$AA?9?$AA?9?$AA?9?$AA?9?$AA?9?$AA?9?$AA?9?$AA?9?$AA?9?$AA?9?$AA?9?$AA?9?$AA?9?$AA?9?$AA?9?$AA?9?$AA?9?$AA?9?$AA?9?$AA?9?$AA?9?$AA?9?$AA?9?$AA?9?$AA?9?$AA?9?$AA?9?$AA?9?$AA?9?$AA?9@ 000000014000e9b0     .-runtime.o
 0002:00001a52       ??_C@_1DK@PNJBIJCI@?$AAP?$AAr?$AAo?$AAg?$AAr?$AAa?$AAm?$AA?5?$AAf?$AAi?$AAn?$AAi?$AAs?$AAh?$AAe?$AAd?$AA?5?$AAi?$AAn?$AA?5?$AA?$CF?$AAl?$AAl?$AAd?$AA?5?$AAm?$AAs?$AA?6?$AA?$AA@ 000000014000ea52     .-runtime.o
 0002:00001a8c       ??_C@_1EK@FDFELEEK@?$AAR?$AAe?$AAs?$AAu?$AAl?$AAt?$AA?5?$AAp?$AAr?$AAo?$AAm?$AAi?$AAs?$AAe?$AA?5?$AAn?$AAo?$AAt?$AA?5?$AAf?$AAo?$AAu?$AAn?$AAd?$AA?5?$AAo?$AAn?$AA?5?$AAm?$AAa?$AAc?$AAh@ 000000014000ea8c     .-runtime.o
 0002:00001ad6       ??_C@_1DO@BFPIHEIA@?$AAP?$AAr?$AAo?$AAg?$AAr?$AAa?$AAm?$AA?5?$AAe?$AAx?$AAi?$AAt?$AAe?$AAd?$AA?5?$AAw?$AAi?$AAt?$AAh?$AA?5?$AAc?$AAo?$AAd?$AAe?$AA?5?$AA?$CF?$AAl?$AAl?$AAx?$AA?6?$AA?$AA@ 000000014000ead6     .-runtime.o
 0002:00001b14       ??_C@_1CK@DKIDNDNE@?$AAP?$AAr?$AAe?$AAs?$AAs?$AA?5?$AAC?$AAt?$AAr?$AAl?$AA?$CL?$AAC?$AA?5?$AAt?$AAo?$AA?5?$AAe?$AAn?$AAd?$AA?6?$AA?$AA@ 000000014000eb14     .-runtime.o
 0002:00001b3e       ??_C@_1GO@CEANDIOF@?$AAR?$AAe?$AAs?$AAu?$AAl?$AAt?$AA?5?$AAo?$AAf?$AA?5?$AAm?$AAa?$AAi?$AAn?$AA?5?$AAf?$AAu?$AAn?$AAc?$AAt?$AAi?$AAo?$AAn?$AA?5?$AAi?$AAs?$AAn?$AA?8?$AAt?$AA?5?$AAr?$AAe@ 000000014000eb3e     .-runtime.o
 0002:00001bac       ??_C@_1DI@MLNAPEIE@?$AAS?$AAh?$AAe?$AAd?$AAu?$AAl?$AAe?$AAr?$AAI?$AAn?$AAs?$AAt?$AAa?$AAn?$AAc?$AAe?$AA?5?$AAc?$AAo?$AAm?$AAp?$AAl?$AAe?$AAt?$AAe?$AAd?$AA?6?$AA?$AA@ 000000014000ebac     .-sheduler.o
 0002:00001be4       ??_C@_13PPFCDPMH@?$AA?$HM?$AA?$AA@ 000000014000ebe4     .-sheduler.o
 0002:00001be8       ??_C@_1DE@BFFMGPEH@?$AA?5?$AA?5?$AA?5?$AA?5?$AA?5?$AA?5?$AA?5?$AAt?$AAh?$AAr?$AAe?$AAa?$AAd?$AA?5?$AA?$CF?$AA0?$AA2?$AAx?$AA?5?$AA?5?$AA?5?$AA?5?$AA?5?$AA?5?$AA?$HM?$AA?$AA@ 000000014000ebe8     .-sheduler.o
 0002:00001c1c       ??_C@_1FG@CMFEMGFG@?$AA?5?$AA?5?$AAW?$AAa?$AAi?$AAt?$AA?5?$AA?$HM?$AA?5?$AAQ?$AAu?$AAe?$AAu?$AAe?$AA?5?$AA?$HM?$AA?5?$AAR?$AAP?$AAm?$AAi?$AAs?$AAs?$AA?5?$AA?$HM?$AA?5?$AAR?$AAO?$AAr?$AAe?$AAq?$AA?5@ 000000014000ec1c     .-sheduler.o
 0002:00001c72       ??_C@_1DA@DAJCMENO@?$AA?5?$AA?5?$AAe?$AAx?$AAe?$AAc?$AA?5?$AA?1?$AA?5?$AAd?$AAo?$AAn?$AAe?$AA?5?$AA?1?$AA?5?$AAs?$AAt?$AAa?$AAl?$AAl?$AA?5?$AA?$HM?$AA?$AA@ 000000014000ec72     .-sheduler.o
 0002:00001ca2       ??_C@_1FG@IKPNLAIG@?$AA?5?$AA?5?$AA?5?$AA?5?$AA?5?$AA?5?$AA?5?$AA?$HM?$AA?5?$AA?5?$AA?5?$AA?5?$AA?5?$AA?5?$AA?5?$AA?$HM?$AA?5?$AA?5?$AA?5?$AA?5?$AA?5?$AA?5?$AA?5?$AA?5?$AA?$HM?$AA?5?$AA?5?$AA?5?$AA?5?$AA?5?$AA?5?$AA?5@ 000000014000eca2     .-sheduler.o
 0002:00001cf8       ??_C@_1CK@GLKKGPFH@?$AA?5?$AA?$CF?$AA7?$AAl?$AAl?$AAd?$AA?5?$AA?$CF?$AA6?$AAl?$AAl?$AAd?$AA?5?$AA?$CF?$AA5?$AAl?$AAl?$AAd?$AA?5?$AA?$HM?$AA?$AA@ 000000014000ecf8     .-sheduler.o
 0002:00001d22       ??_C@_1FE@OBAMBHOF@?$AA?5?$AA?$CF?$AA5?$AAl?$AAl?$AAd?$AA?5?$AA?$HM?$AA?5?$AA?$CF?$AA5?$AAl?$AAl?$AAd?$AA?5?$AA?$HM?$AA?5?$AA?$CF?$AA6?$AAl?$AAl?$AAd?$AA?5?$AA?$HM?$AA?5?$AA?$CF?$AA5?$AAl?$AAl?$AAd?$AA?5?$AA?$HM@ 000000014000ed22     .-sheduler.o
 0002:00001d76       ??_C@_1DM@HCILGOPA@?$AAF?$AAa?$AAi?$AAl?$AAe?$AAd?$AA?5?$AAt?$AAo?$AA?5?$AAc?$AAr?$AAe?$AAa?$AAt?$AAe?$AA?5?$AAt?$AAh?$AAr?$AAe?$AAa?$AAd?$AA?5?$AA?$CF?$AAl?$AAl?$AAd?$AA?6?$AA?$AA@ 000000014000ed76     .-sheduler.o
 0002:00001db8       RtlNtPathSeperatorString   000000014000edb8     ws2_32:indef.obj
 0002:00001dc8       ??_C@_13FPGAJAPJ@?$AA?2@   000000014000edc8     ws2_32:indef.obj
 0002:00001dd0       RtlDosPathSeperatorsString 000000014000edd0     ws2_32:indef.obj
 0002:00001de0       ??_C@_15MNCACJLI@?$AA?2?$AA?1@ 000000014000ede0     ws2_32:indef.obj
 0002:00001de8       RtlAlternateDosPathSeperatorString 000000014000ede8     ws2_32:indef.obj
 0002:00001df8       ??_C@_13CGOKJPIL@?$AA?1@   000000014000edf8     ws2_32:indef.obj
 0002:00001dfc       eui48_broadcast            000000014000edfc     ws2_32:indef.obj
 0002:00001e78       scopeid_unspecified        000000014000ee78     ws2_32:indef.obj
 0002:00001e7c       in4addr_any                000000014000ee7c     ws2_32:indef.obj
 0002:00001e80       in4addr_loopback           000000014000ee80     ws2_32:indef.obj
 0002:00001e84       in4addr_broadcast          000000014000ee84     ws2_32:indef.obj
 0002:00001e88       in4addr_allnodesonlink     000000014000ee88     ws2_32:indef.obj
 0002:00001e8c       in4addr_allroutersonlink   000000014000ee8c     ws2_32:indef.obj
 0002:00001e90       in4addr_alligmpv3routersonlink 000000014000ee90     ws2_32:indef.obj
 0002:00001e94       in4addr_allteredohostsonlink 000000014000ee94     ws2_32:indef.obj
 0002:00001e98       in4addr_linklocalprefix    000000014000ee98     ws2_32:indef.obj
 0002:00001e9c       in4addr_multicastprefix    000000014000ee9c     ws2_32:indef.obj
 0002:00001ea0       in6addr_any                000000014000eea0     ws2_32:indef.obj
 0002:00001eb0       in6addr_loopback           000000014000eeb0     ws2_32:indef.obj
 0002:00001ec0       in6addr_allnodesonnode     000000014000eec0     ws2_32:indef.obj
 0002:00001ed0       in6addr_allnodesonlink     000000014000eed0     ws2_32:indef.obj
 0002:00001ee0       in6addr_allroutersonlink   000000014000eee0     ws2_32:indef.obj
 0002:00001ef0       in6addr_allmldv2routersonlink 000000014000eef0     ws2_32:indef.obj
 0002:00001f00       in6addr_teredoinitiallinklocaladdress 000000014000ef00     ws2_32:indef.obj
 0002:00001f10       in6addr_linklocalprefix    000000014000ef10     ws2_32:indef.obj
 0002:00001f20       in6addr_multicastprefix    000000014000ef20     ws2_32:indef.obj
 0002:00001f30       in6addr_solicitednodemulticastprefix 000000014000ef30     ws2_32:indef.obj
 0002:00001f40       in6addr_v4mappedprefix     000000014000ef40     ws2_32:indef.obj
 0002:00001f50       in6addr_6to4prefix         000000014000ef50     ws2_32:indef.obj
 0002:00001f60       in6addr_teredoprefix       000000014000ef60     ws2_32:indef.obj
 0002:00001f70       in6addr_teredoprefix_old   000000014000ef70     ws2_32:indef.obj
 0002:00001f90       BUGCHECK_EFI_GUID          000000014000ef90     ws2_32:indef.obj
 0002:00002330       __imp_GdiSetBatchLimit     000000014000f330     gdi32:GDI32.dll
 0002:00002340       __imp_CommandLineToArgvW   000000014000f340     shell32:SHELL32.dll
 0002:00002350       __imp_AcquireSRWLockExclusive 000000014000f350     kernel32:KERNEL32.dll
 0002:00002358       __imp_AcquireSRWLockShared 000000014000f358     kernel32:KERNEL32.dll
 0002:00002360       __imp_CloseHandle          000000014000f360     kernel32:KERNEL32.dll
 0002:00002368       __imp_CreateEventW         000000014000f368     kernel32:KERNEL32.dll
 0002:00002370       __imp_CreateFileW          000000014000f370     kernel32:KERNEL32.dll
 0002:00002378       __imp_CreateIoCompletionPort 000000014000f378     kernel32:KERNEL32.dll
 0002:00002380       __imp_CreateThread         000000014000f380     kernel32:KERNEL32.dll
 0002:00002388       __imp_ExitProcess          000000014000f388     kernel32:KERNEL32.dll
 0002:00002390       __imp_GetCommandLineW      000000014000f390     kernel32:KERNEL32.dll
 0002:00002398       __imp_GetConsoleMode       000000014000f398     kernel32:KERNEL32.dll
 0002:000023a0       __imp_GetFileSizeEx        000000014000f3a0     kernel32:KERNEL32.dll
 0002:000023a8       __imp_GetLastError         000000014000f3a8     kernel32:KERNEL32.dll
 0002:000023b0       __imp_GetProcAddress       000000014000f3b0     kernel32:KERNEL32.dll
 0002:000023b8       __imp_GetProcessHeap       000000014000f3b8     kernel32:KERNEL32.dll
 0002:000023c0       __imp_GetQueuedCompletionStatus 000000014000f3c0     kernel32:KERNEL32.dll
 0002:000023c8       __imp_GetStdHandle         000000014000f3c8     kernel32:KERNEL32.dll
 0002:000023d0       __imp_GetThreadContext     000000014000f3d0     kernel32:KERNEL32.dll
 0002:000023d8       __imp_GetTickCount64       000000014000f3d8     kernel32:KERNEL32.dll
 0002:000023e0       __imp_HeapAlloc            000000014000f3e0     kernel32:KERNEL32.dll
 0002:000023e8       __imp_HeapFree             000000014000f3e8     kernel32:KERNEL32.dll
 0002:000023f0       __imp_HeapReAlloc          000000014000f3f0     kernel32:KERNEL32.dll
 0002:000023f8       __imp_LoadLibraryA         000000014000f3f8     kernel32:KERNEL32.dll
 0002:00002400       __imp_MultiByteToWideChar  000000014000f400     kernel32:KERNEL32.dll
 0002:00002408       __imp_QueryPerformanceCounter 000000014000f408     kernel32:KERNEL32.dll
 0002:00002410       __imp_QueryPerformanceFrequency 000000014000f410     kernel32:KERNEL32.dll
 0002:00002418       __imp_ReadConsoleW         000000014000f418     kernel32:KERNEL32.dll
 0002:00002420       __imp_ReadFile             000000014000f420     kernel32:KERNEL32.dll
 0002:00002428       __imp_ReleaseSRWLockExclusive 000000014000f428     kernel32:KERNEL32.dll
 0002:00002430       __imp_ReleaseSRWLockShared 000000014000f430     kernel32:KERNEL32.dll
 0002:00002438       __imp_ResumeThread         000000014000f438     kernel32:KERNEL32.dll
 0002:00002440       __imp_SetEvent             000000014000f440     kernel32:KERNEL32.dll
 0002:00002448       __imp_SetThreadContext     000000014000f448     kernel32:KERNEL32.dll
 0002:00002450       __imp_Sleep                000000014000f450     kernel32:KERNEL32.dll
 0002:00002458       __imp_SuspendThread        000000014000f458     kernel32:KERNEL32.dll
 0002:00002460       __imp_TlsAlloc             000000014000f460     kernel32:KERNEL32.dll
 0002:00002468       __imp_TlsFree              000000014000f468     kernel32:KERNEL32.dll
 0002:00002470       __imp_TlsGetValue          000000014000f470     kernel32:KERNEL32.dll
 0002:00002478       __imp_TlsSetValue          000000014000f478     kernel32:KERNEL32.dll
 0002:00002480       __imp_TryAcquireSRWLockExclusive 000000014000f480     kernel32:KERNEL32.dll
 0002:00002488       __imp_VirtualAlloc         000000014000f488     kernel32:KERNEL32.dll
 0002:00002490       __imp_WaitForMultipleObjects 000000014000f490     kernel32:KERNEL32.dll
 0002:00002498       __imp_WaitForSingleObject  000000014000f498     kernel32:KERNEL32.dll
 0002:000024a0       __imp_WriteConsoleW        000000014000f4a0     kernel32:KERNEL32.dll
 0002:000024b0       __imp_BCryptGenRandom      000000014000f4b0     bcrypt:bcrypt.dll
 0002:000024c0       __imp_WSAGetLastError      000000014000f4c0     ws2_32:WS2_32.dll
 0002:000024c8       __imp_WSARecv              000000014000f4c8     ws2_32:WS2_32.dll
 0002:000024d0       __imp_WSAStartup           000000014000f4d0     ws2_32:WS2_32.dll
 0002:000024d8       __imp_accept               000000014000f4d8     ws2_32:WS2_32.dll
 0002:000024e0       __imp_bind                 000000014000f4e0     ws2_32:WS2_32.dll
 0002:000024e8       __imp_closesocket          000000014000f4e8     ws2_32:WS2_32.dll
 0002:000024f0       __imp_connect              000000014000f4f0     ws2_32:WS2_32.dll
 0002:000024f8       __imp_freeaddrinfo         000000014000f4f8     ws2_32:WS2_32.dll
 0002:00002500       __imp_getaddrinfo          000000014000f500     ws2_32:WS2_32.dll
 0002:00002508       __imp_getsockname          000000014000f508     ws2_32:WS2_32.dll
 0002:00002510       __imp_htons                000000014000f510     ws2_32:WS2_32.dll
 0002:00002518       __imp_listen               000000014000f518     ws2_32:WS2_32.dll
 0002:00002520       __imp_ntohs                000000014000f520     ws2_32:WS2_32.dll
 0002:00002528       __imp_send                 000000014000f528     ws2_32:WS2_32.dll
 0002:00002530       __imp_setsockopt           000000014000f530     ws2_32:WS2_32.dll
 0002:00002538       __imp_socket               000000014000f538     ws2_32:WS2_32.dll
 0002:00002548       __imp_clBuildProgram       000000014000f548     OpenCL:OpenCL.dll
 0002:00002550       __imp_clCreateBuffer       000000014000f550     OpenCL:OpenCL.dll
 0002:00002558       __imp_clCreateCommandQueueWithProperties 000000014000f558     OpenCL:OpenCL.dll
 0002:00002560       __imp_clCreateContext      000000014000f560     OpenCL:OpenCL.dll
 0002:00002568       __imp_clCreateKernel       000000014000f568     OpenCL:OpenCL.dll
 0002:00002570       __imp_clCreateProgramWithSource 000000014000f570     OpenCL:OpenCL.dll
 0002:00002578       __imp_clEnqueueNDRangeKernel 000000014000f578     OpenCL:OpenCL.dll
 0002:00002580       __imp_clEnqueueReadBuffer  000000014000f580     OpenCL:OpenCL.dll
 0002:00002588       __imp_clEnqueueWriteBuffer 000000014000f588     OpenCL:OpenCL.dll
 0002:00002590       __imp_clFinish             000000014000f590     OpenCL:OpenCL.dll
 0002:00002598       __imp_clGetDeviceIDs       000000014000f598     OpenCL:OpenCL.dll
 0002:000025a0       __imp_clGetDeviceInfo      000000014000f5a0     OpenCL:OpenCL.dll
 0002:000025a8       __imp_clGetKernelArgInfo   000000014000f5a8     OpenCL:OpenCL.dll
 0002:000025b0       __imp_clGetPlatformIDs     000000014000f5b0     OpenCL:OpenCL.dll
 0002:000025b8       __imp_clGetPlatformInfo    000000014000f5b8     OpenCL:OpenCL.dll
 0002:000025c0       __imp_clGetProgramBuildInfo 000000014000f5c0     OpenCL:OpenCL.dll
 0002:000025c8       __imp_clSetKernelArg       000000014000f5c8     OpenCL:OpenCL.dll
 0003:00000000       server_port                0000000140010000     .-remote.o
 0003:00000008       thisServerId               0000000140010008     .-remote.o
 0003:00000010       NUM_THREADS                0000000140010010     .-runtime.o
 0003:00000018       CHUNK_TIME_US              0000000140010018     .-runtime.o
 0003:00000020       Providers                  0000000140010020     .-runtime.o
 0003:000000c0       AddressFamilyInformation   00000001400100c0     ws2_32:indef.obj
 0003:000000f0       connections_lock           00000001400100f0     .-api.o
 0003:000000f8       connections_len            00000001400100f8     .-api.o
 0003:00000100       pages_lock                 0000000140010100     .-api.o
 0003:00000108       pages_len                  0000000140010108     .-api.o
 0003:00000110       known_id_broadcasts        0000000140010110     .-api.o
 0003:00000130       known_page_broadcasts      0000000140010130     .-api.o
 0003:00000150       known_path_broadcasts      0000000140010150     .-api.o
 0003:00000170       known_path_id_broadcasts   0000000140010170     .-api.o
 0003:00000190       known_objects              0000000140010190     .-api.o
 0003:000001b0       query_requests             00000001400101b0     .-api.o
 0003:000001d0       push_requests              00000001400101d0     .-api.o
 0003:000001f0       known_hives                00000001400101f0     .-api.o
 0003:00000210       local_objects              0000000140010210     .-api.o
 0003:00000220       connections                0000000140010220     .-api.o
 0003:00002220       pages                      0000000140012220     .-api.o
 0003:00002e20       SL_best_platform           0000000140012e20     .-gpu_subsystem.o
 0003:00002e24       SL_best_platform_value     0000000140012e24     .-gpu_subsystem.o
 0003:00002e28       SL_platforms_len           0000000140012e28     .-gpu_subsystem.o
 0003:00002e30       SL_platforms               0000000140012e30     .-gpu_subsystem.o
 0003:00002eb0       SL_devices                 0000000140012eb0     .-gpu_subsystem.o
 0003:000032b0       SL_devices_len             00000001400132b0     .-gpu_subsystem.o
 0003:000032f0       SL_main_platform           00000001400132f0     .-gpu_subsystem.o
 0003:000032f8       SL_context                 00000001400132f8     .-gpu_subsystem.o
 0003:00003300       SL_queues                  0000000140013300     .-gpu_subsystem.o
 0003:00003700       SL_queues_len              0000000140013700     .-gpu_subsystem.o
 0003:00003740       glb_scheduler              0000000140013740     .-queue.o
 0003:00003760       ServerIdGetLock            0000000140013760     .-remote.o
 0003:00003768       next_local_id              0000000140013768     .-remote.o
 0003:00003770       glbStatRemotePathMisses    0000000140013770     .-remote.o
 0003:00003778       glbStatRemoteOutputRequests 0000000140013778     .-remote.o
 0003:00003780       glbStatRemoteInputRequests 0000000140013780     .-remote.o
 0003:00003788       hIOCP                      0000000140013788     .-remote.o
 0003:00003790       hHeap                      0000000140013790     .-runtime_lib.o
 0003:00003798       hInput                     0000000140013798     .-runtime_lib.o
 0003:000037a0       buf                        00000001400137a0     .-runtime_lib.o
 0003:000137a0       hOutput                    00000001400237a0     .-runtime_lib.o
 0003:000137a8       frequency                  00000001400237a8     .-runtime_lib.o
 0003:000137b0       Workers                    00000001400237b0     .-runtime.o
 0003:00014430       wait_list_lock             0000000140024430     .-runtime.o
 0003:00014438       wait_list_len              0000000140024438     .-runtime.o
 0003:00014440       dwTlsIndex                 0000000140024440     .-runtime.o
 0003:00014450       wait_list                  0000000140024450     .-runtime.o
 0003:000d7950       defined_arrays             00000001400e7950     .-runtime.o
 0003:000d7958       hContinueEvent             00000001400e7958     .-sheduler.o
 0003:000d7960       glbMasterInfo              00000001400e7960     .-sheduler.o
 0003:000d7968       ExPoolZeroingNativelySupported 00000001400e7968     ws2_32:indef.obj

 entry point at         0001:0000a160

 Static symbols

 0001:000066a0       Worker                     00000001400076a0     .-remote.o
 0001:00007b90       ConnectionListnerWorker    0000000140008b90     .-remote.o
 0001:00007eb0       PagesAllocator             0000000140008eb0     .-remote.o
 0001:00008150       StateSender                0000000140009150     .-remote.o
 0001:0000ae7c       .text                      000000014000be7c     asm.o
 0002:00001e08       IPSEC_AUTH_TRANSFORM_ID_HMAC_MD5_96 000000014000ee08     ws2_32:indef.obj
 0002:00001e10       IPSEC_AUTH_TRANSFORM_ID_HMAC_SHA_1_96 000000014000ee10     ws2_32:indef.obj
 0002:00001e18       IPSEC_AUTH_TRANSFORM_ID_HMAC_SHA_256_128 000000014000ee18     ws2_32:indef.obj
 0002:00001e20       IPSEC_AUTH_TRANSFORM_ID_GCM_AES_128 000000014000ee20     ws2_32:indef.obj
 0002:00001e28       IPSEC_AUTH_TRANSFORM_ID_GCM_AES_192 000000014000ee28     ws2_32:indef.obj
 0002:00001e30       IPSEC_AUTH_TRANSFORM_ID_GCM_AES_256 000000014000ee30     ws2_32:indef.obj
 0002:00001e38       IPSEC_CIPHER_TRANSFORM_ID_CBC_DES 000000014000ee38     ws2_32:indef.obj
 0002:00001e40       IPSEC_CIPHER_TRANSFORM_ID_CBC_3DES 000000014000ee40     ws2_32:indef.obj
 0002:00001e48       IPSEC_CIPHER_TRANSFORM_ID_AES_128 000000014000ee48     ws2_32:indef.obj
 0002:00001e50       IPSEC_CIPHER_TRANSFORM_ID_AES_192 000000014000ee50     ws2_32:indef.obj
 0002:00001e58       IPSEC_CIPHER_TRANSFORM_ID_AES_256 000000014000ee58     ws2_32:indef.obj
 0002:00001e60       IPSEC_CIPHER_TRANSFORM_ID_GCM_AES_128 000000014000ee60     ws2_32:indef.obj
 0002:00001e68       IPSEC_CIPHER_TRANSFORM_ID_GCM_AES_192 000000014000ee68     ws2_32:indef.obj
 0002:00001e70       IPSEC_CIPHER_TRANSFORM_ID_GCM_AES_256 000000014000ee70     ws2_32:indef.obj
 0002:00001f80       BFE_GENERIC_MAPPING        000000014000ef80     ws2_32:indef.obj
 0003:000d7969       WFP_TRACE_NULL_DATA        00000001400e7969     ws2_32:indef.obj
 0004:00000000       .data                      00000001400e8000     asm.o
