 a

 Timestamp is 698cd155 (Wed Feb 11 21:58:29 2026)

 Preferred load address is 0000000140000000

 Start         Length     Name                   Class
 0001:00000000 0000e5fcH .text                   CODE
 0002:00000000 000019c8H .rdata                  DATA
 0003:00000000 000000a4H .data                   DATA
 0003:000000a4 000d7c56H .bss                    DATA
 0004:00000000 00000222H .data                   DATA

  Address         Publics by Value              Rva+Base               Lib:Object

 0001:00000000       dllPauseWorker             0000000140001000     .-dll-await_worker.o
 0001:000000b0       dllCallObject              00000001400010b0     .-dll-call_object.o
 0001:00000130       dllExecuteWorker           0000000140001130     .-dll-execute_worker.o
 0001:00000990       gpuPauseWorker             0000000140001990     .-gpu-await_worker.o
 0001:00000a40       gpuCallObject              0000000140001a40     .-gpu-call_object.o
 0001:00000ac0       gpuExecuteWorker           0000000140001ac0     .-gpu-execute_worker.o
 0001:00000f90       gpuNewObjectUsingPage      0000000140001f90     .-gpu-new_object.o
 0001:00001090       gpuNewObject               0000000140002090     .-gpu-new_object.o
 0001:000010e0       gpuPushObject              00000001400020e0     .-gpu-push_object.o
 0001:00001120       gpuPushPipe                0000000140002120     .-gpu-push_object.o
 0001:00001160       gpuQueryObject             0000000140002160     .-gpu-query_object.o
 0001:000011a0       gpuQueryPipe               00000001400021a0     .-gpu-query_object.o
 0001:000011e0       locNewObjectUsingPage      00000001400021e0     .-loc-new_object.o
 0001:00001630       locNewObject               0000000140002630     .-loc-new_object.o
 0001:00001680       locUpdateLocalPush         0000000140002680     .-loc-push_object.o
 0001:00001770       locQueryLocalObject        0000000140002770     .-loc-query_object.o
 0001:000018d0       x64PauseWorker             00000001400028d0     .-x64-await_worker.o
 0001:000019a0       x64CallObject              00000001400029a0     .-x64-call_object.o
 0001:00001a20       x64ExecuteWorker           0000000140002a20     .-x64-execute_worker.o
 0001:00001a60       x64NewObjectUsingPage      0000000140002a60     .-x64-new_object.o
 0001:00001ec0       x64NewObjectStates         0000000140002ec0     .-x64-new_object.o
 0001:00001f50       x64NewObject               0000000140002f50     .-x64-new_object.o
 0001:00002040       x64UpdateLocalPush         0000000140003040     .-x64-push_object.o
 0001:00002130       x64OnPushObject            0000000140003130     .-x64-push_object.o
 0001:000021c0       x64PushObjectStates        00000001400031c0     .-x64-push_object.o
 0001:000022b0       x64PushObject              00000001400032b0     .-x64-push_object.o
 0001:00002500       x64PushPipe                0000000140003500     .-x64-push_object.o
 0001:00002530       x64QueryLocalObject        0000000140003530     .-x64-query_object.o
 0001:00002690       x64OnQueryObject           0000000140003690     .-x64-query_object.o
 0001:00002760       x64QueryObjectStates       0000000140003760     .-x64-query_object.o
 0001:00002860       x64QueryObject             0000000140003860     .-x64-query_object.o
 0001:00002a50       x64QueryPipe               0000000140003a50     .-x64-query_object.o
 0001:00002a80       x64SleepStates             0000000140003a80     .-x64-sleep.o
 0001:00002ae0       x64Sleep                   0000000140003ae0     .-x64-sleep.o
 0001:00002b80       equal_bytes                0000000140003b80     .-api.o
 0001:00002c80       GetHashtableNoLock         0000000140003c80     .-api.o
 0001:00002e50       SetHashtableNoLock         0000000140003e50     .-api.o
 0001:00003150       GetHashtable               0000000140004150     .-api.o
 0001:000031b0       SetHashtable               00000001400041b0     .-api.o
 0001:00003200       InitInternalStructures     0000000140004200     .-api.o
 0001:00003540       castOnQueryObject          0000000140004540     .-cast_provider.o
 0001:00003700       anyCastStates              0000000140004700     .-cast_provider.o
 0001:00004730       anyCastProvider            0000000140005730     .-cast_provider.o
 0001:00004920       init_gpu_subsystem         0000000140005920     .-gpu_subsystem.o
 0001:00006070       gpuBuildFromText           0000000140007070     .-gpu_subsystem.o
 0001:000063c0       gpuAlloc                   00000001400073c0     .-gpu_subsystem.o
 0001:00006400       gpuRun                     0000000140007400     .-gpu_subsystem.o
 0001:000064b0       gpuFinishQueuesOnPlatform  00000001400074b0     .-gpu_subsystem.o
 0001:00006530       gpuFinishQueue             0000000140007530     .-gpu_subsystem.o
 0001:00006570       StartInitialProcess        0000000140007570     .-hive_entry.o
 0001:00006780       is_less                    0000000140007780     .-queue.o
 0001:000067b0       push_up                    00000001400077b0     .-queue.o
 0001:000068f0       push_down                  00000001400078f0     .-queue.o
 0001:00006a90       queue_init                 0000000140007a90     .-queue.o
 0001:00006b60       queue_enqueue              0000000140007b60     .-queue.o
 0001:00006c40       queue_extract              0000000140007c40     .-queue.o
 0001:00006da0       GetConnectionById          0000000140007da0     .-remote.o
 0001:00006e30       ConfirmPage                0000000140007e30     .-remote.o
 0001:00006ec0       ConfirmID                  0000000140007ec0     .-remote.o
 0001:00006f10       HandleNewConnection        0000000140007f10     .-remote.o
 0001:000070f0       UpdateWaitingPush          00000001400080f0     .-remote.o
 0001:00007330       AnswerPushObject           0000000140008330     .-remote.o
 0001:000073f0       SendPageAllocationConfirm  00000001400083f0     .-remote.o
 0001:00007470       SendIDConfirm              0000000140008470     .-remote.o
 0001:000074f0       RedirectBroadcastQuery     00000001400084f0     .-remote.o
 0001:00007650       RedirectBroadcastIDQuery   0000000140008650     .-remote.o
 0001:000077b0       ConfirmConnection          00000001400087b0     .-remote.o
 0001:00007920       InitiateConnection         0000000140008920     .-remote.o
 0001:00007c40       RequestMemoryPage          0000000140008c40     .-remote.o
 0001:00007d30       RequestServerId            0000000140008d30     .-remote.o
 0001:00007e20       AnswerQueryObject          0000000140008e20     .-remote.o
 0001:00007f20       AnswerRequestObjectPath    0000000140008f20     .-remote.o
 0001:00008040       RequestObjectPathBroadcast 0000000140009040     .-remote.o
 0001:00008230       AnswerRequestPathToID      0000000140009230     .-remote.o
 0001:00008350       RequestPathToIDBroadcast   0000000140009350     .-remote.o
 0001:00008540       RequestObjectGet           0000000140009540     .-remote.o
 0001:00008650       RequestObjectSet           0000000140009650     .-remote.o
 0001:00008810       StartNewWorkerRemote       0000000140009810     .-remote.o
 0001:00008930       SendHiveState              0000000140009930     .-remote.o
 0001:00008ac0       start_remote_subsystem     0000000140009ac0     .-remote.o
 0001:0000b1b0       memset                     000000014000c1b0     .-runtime_lib.o
 0001:0000b210       memcpy                     000000014000c210     .-runtime_lib.o
 0001:0000b280       myMalloc                   000000014000c280     .-runtime_lib.o
 0001:0000b2d0       myPrintf                   000000014000c2d0     .-runtime_lib.o
 0001:0000b600       myRealloc                  000000014000c600     .-runtime_lib.o
 0001:0000b660       myFree                     000000014000c660     .-runtime_lib.o
 0001:0000b6a0       myAtoll                    000000014000c6a0     .-runtime_lib.o
 0001:0000b7e0       get_char                   000000014000c7e0     .-runtime_lib.o
 0001:0000b8c0       myScanI64                  000000014000c8c0     .-runtime_lib.o
 0001:0000b950       myScanS                    000000014000c950     .-runtime_lib.o
 0001:0000ba50       PrintI64                   000000014000ca50     .-runtime_lib.o
 0001:0000bb20       PrintI64H                  000000014000cb20     .-runtime_lib.o
 0001:0000bbc0       Print2H                    000000014000cbc0     .-runtime_lib.o
 0001:0000bc60       assertion_failure          000000014000cc60     .-runtime_lib.o
 0001:0000bcb0       myAbs                      000000014000ccb0     .-runtime_lib.o
 0001:0000bce0       MicrosecondsToTicks        000000014000cce0     .-runtime_lib.o
 0001:0000bd00       TicksToMicroseconds        000000014000cd00     .-runtime_lib.o
 0001:0000bd20       GetTicks                   000000014000cd20     .-runtime_lib.o
 0001:0000bd40       SheduleTimeoutFromNow      000000014000cd40     .-runtime_lib.o
 0001:0000bd80       init_lib                   000000014000cd80     .-runtime_lib.o
 0001:0000bdd0       RegisterObjectWithId       000000014000cdd0     .-runtime.o
 0001:0000be00       GetNewObjectId             000000014000ce00     .-runtime.o
 0001:0000bef0       universalPauseWorker       000000014000cef0     .-runtime.o
 0001:0000bf90       universalUpdateLocalPush   000000014000cf90     .-runtime.o
 0001:0000bff0       UpdateFromQueryResult      000000014000cff0     .-runtime.o
 0001:0000c070       PrintObject                000000014000d070     .-runtime.o
 0001:0000c180       WaitListWorker             000000014000d180     .-runtime.o
 0001:0000c1d0       EnqueueWorkerFromWaitList  000000014000d1d0     .-runtime.o
 0001:0000c270       UpdateWaitingWorkers       000000014000d270     .-runtime.o
 0001:0000c430       SheduleWorker              000000014000d430     .-runtime.o
 0001:0000c580       StartNewWorker             000000014000d580     .-runtime.o
 0001:0000c900       LoadWorker                 000000014000d900     .-runtime.o
 0001:0000d890       ShedulerInstance           000000014000e890     .-runtime.o
 0001:0000d970       entry                      000000014000e970     .-runtime.o
 0001:0000dfe8       x64_fastPushObject         000000014000efe8     asm.o
 0001:0000e051       x64_fastQueryObject        000000014000f051     asm.o
 0001:0000e0ba       x64_fastNewObject          000000014000f0ba     asm.o
 0001:0000e123       x64_fastCallObject         000000014000f123     asm.o
 0001:0000e18c       x64_fastPushPipe           000000014000f18c     asm.o
 0001:0000e1f5       x64_fastQueryPipe          000000014000f1f5     asm.o
 0001:0000e25e       x64_fastSleep              000000014000f25e     asm.o
 0001:0000e2c7       gpu_fastNewObject          000000014000f2c7     asm.o
 0001:0000e330       gpu_fastCallObject         000000014000f330     asm.o
 0001:0000e399       loc_fastNewObject          000000014000f399     asm.o
 0001:0000e402       dll_fastCallObject         000000014000f402     asm.o
 0001:0000e46b       any_fastCastProvider       000000014000f46b     asm.o
 0001:0000e4d4       x64AsmExecuteWorker        000000014000f4d4     asm.o
 0001:0000e51b       setjmpUN                   000000014000f51b     asm.o
 0001:0000e54e       longjmpUN                  000000014000f54e     asm.o
 0001:0000e577       DllCall                    000000014000f577     asm.o
 0001:0000e600       CommandLineToArgvW         000000014000f600     shell32:SHELL32.dll
 0001:0000e610       AcquireSRWLockExclusive    000000014000f610     kernel32:KERNEL32.dll
 0001:0000e620       AcquireSRWLockShared       000000014000f620     kernel32:KERNEL32.dll
 0001:0000e630       CloseHandle                000000014000f630     kernel32:KERNEL32.dll
 0001:0000e640       CreateFileW                000000014000f640     kernel32:KERNEL32.dll
 0001:0000e650       CreateIoCompletionPort     000000014000f650     kernel32:KERNEL32.dll
 0001:0000e660       CreateThread               000000014000f660     kernel32:KERNEL32.dll
 0001:0000e670       ExitProcess                000000014000f670     kernel32:KERNEL32.dll
 0001:0000e680       GetCommandLineW            000000014000f680     kernel32:KERNEL32.dll
 0001:0000e690       GetConsoleMode             000000014000f690     kernel32:KERNEL32.dll
 0001:0000e6a0       GetFileSizeEx              000000014000f6a0     kernel32:KERNEL32.dll
 0001:0000e6b0       GetLastError               000000014000f6b0     kernel32:KERNEL32.dll
 0001:0000e6c0       GetProcAddress             000000014000f6c0     kernel32:KERNEL32.dll
 0001:0000e6d0       GetProcessHeap             000000014000f6d0     kernel32:KERNEL32.dll
 0001:0000e6e0       GetQueuedCompletionStatus  000000014000f6e0     kernel32:KERNEL32.dll
 0001:0000e6f0       GetStdHandle               000000014000f6f0     kernel32:KERNEL32.dll
 0001:0000e700       HeapAlloc                  000000014000f700     kernel32:KERNEL32.dll
 0001:0000e710       HeapFree                   000000014000f710     kernel32:KERNEL32.dll
 0001:0000e720       HeapReAlloc                000000014000f720     kernel32:KERNEL32.dll
 0001:0000e730       LoadLibraryA               000000014000f730     kernel32:KERNEL32.dll
 0001:0000e740       MultiByteToWideChar        000000014000f740     kernel32:KERNEL32.dll
 0001:0000e750       QueryPerformanceCounter    000000014000f750     kernel32:KERNEL32.dll
 0001:0000e760       QueryPerformanceFrequency  000000014000f760     kernel32:KERNEL32.dll
 0001:0000e770       ReadConsoleW               000000014000f770     kernel32:KERNEL32.dll
 0001:0000e780       ReadFile                   000000014000f780     kernel32:KERNEL32.dll
 0001:0000e790       ReleaseSRWLockExclusive    000000014000f790     kernel32:KERNEL32.dll
 0001:0000e7a0       ReleaseSRWLockShared       000000014000f7a0     kernel32:KERNEL32.dll
 0001:0000e7b0       Sleep                      000000014000f7b0     kernel32:KERNEL32.dll
 0001:0000e7c0       TlsAlloc                   000000014000f7c0     kernel32:KERNEL32.dll
 0001:0000e7d0       TlsFree                    000000014000f7d0     kernel32:KERNEL32.dll
 0001:0000e7e0       TlsGetValue                000000014000f7e0     kernel32:KERNEL32.dll
 0001:0000e7f0       TlsSetValue                000000014000f7f0     kernel32:KERNEL32.dll
 0001:0000e800       TryAcquireSRWLockExclusive 000000014000f800     kernel32:KERNEL32.dll
 0001:0000e810       VirtualAlloc               000000014000f810     kernel32:KERNEL32.dll
 0001:0000e820       WaitForMultipleObjects     000000014000f820     kernel32:KERNEL32.dll
 0001:0000e830       WriteConsoleW              000000014000f830     kernel32:KERNEL32.dll
 0001:0000e840       BCryptGenRandom            000000014000f840     bcrypt:bcrypt.dll
 0001:0000e850       WSAGetLastError            000000014000f850     ws2_32:WS2_32.dll
 0001:0000e860       WSARecv                    000000014000f860     ws2_32:WS2_32.dll
 0001:0000e870       WSAStartup                 000000014000f870     ws2_32:WS2_32.dll
 0001:0000e880       accept                     000000014000f880     ws2_32:WS2_32.dll
 0001:0000e890       bind                       000000014000f890     ws2_32:WS2_32.dll
 0001:0000e8a0       closesocket                000000014000f8a0     ws2_32:WS2_32.dll
 0001:0000e8b0       connect                    000000014000f8b0     ws2_32:WS2_32.dll
 0001:0000e8c0       freeaddrinfo               000000014000f8c0     ws2_32:WS2_32.dll
 0001:0000e8d0       getaddrinfo                000000014000f8d0     ws2_32:WS2_32.dll
 0001:0000e8e0       getsockname                000000014000f8e0     ws2_32:WS2_32.dll
 0001:0000e8f0       htons                      000000014000f8f0     ws2_32:WS2_32.dll
 0001:0000e900       listen                     000000014000f900     ws2_32:WS2_32.dll
 0001:0000e910       ntohs                      000000014000f910     ws2_32:WS2_32.dll
 0001:0000e920       send                       000000014000f920     ws2_32:WS2_32.dll
 0001:0000e930       setsockopt                 000000014000f930     ws2_32:WS2_32.dll
 0001:0000e940       socket                     000000014000f940     ws2_32:WS2_32.dll
 0001:0000e950       clBuildProgram             000000014000f950     OpenCL:OpenCL.dll
 0001:0000e960       clCreateBuffer             000000014000f960     OpenCL:OpenCL.dll
 0001:0000e970       clCreateCommandQueueWithProperties 000000014000f970     OpenCL:OpenCL.dll
 0001:0000e980       clCreateContext            000000014000f980     OpenCL:OpenCL.dll
 0001:0000e990       clCreateKernel             000000014000f990     OpenCL:OpenCL.dll
 0001:0000e9a0       clCreateProgramWithSource  000000014000f9a0     OpenCL:OpenCL.dll
 0001:0000e9b0       clEnqueueNDRangeKernel     000000014000f9b0     OpenCL:OpenCL.dll
 0001:0000e9c0       clEnqueueReadBuffer        000000014000f9c0     OpenCL:OpenCL.dll
 0001:0000e9d0       clEnqueueWriteBuffer       000000014000f9d0     OpenCL:OpenCL.dll
 0001:0000e9e0       clFinish                   000000014000f9e0     OpenCL:OpenCL.dll
 0001:0000e9f0       clGetDeviceIDs             000000014000f9f0     OpenCL:OpenCL.dll
 0001:0000ea00       clGetDeviceInfo            000000014000fa00     OpenCL:OpenCL.dll
 0001:0000ea10       clGetKernelArgInfo         000000014000fa10     OpenCL:OpenCL.dll
 0001:0000ea20       clGetPlatformIDs           000000014000fa20     OpenCL:OpenCL.dll
 0001:0000ea30       clGetPlatformInfo          000000014000fa30     OpenCL:OpenCL.dll
 0001:0000ea40       clGetProgramBuildInfo      000000014000fa40     OpenCL:OpenCL.dll
 0001:0000ea50       clSetKernelArg             000000014000fa50     OpenCL:OpenCL.dll
 0002:00000014       ??_C@_1DO@MBJBKNM@?$AAE?$AAr?$AAr?$AAo?$AAr?$AA?3?$AA?5?$AAa?$AAt?$AA?5?$AAc?$AAl?$AAS?$AAe?$AAt?$AAK?$AAe?$AAr?$AAn?$AAe?$AAl?$AAA?$AAr?$AAg?$AA?5?$AA?$CF?$AAl?$AAl?$AAd?$AA?6?$AA?$AA@ 0000000140010014     .-gpu-execute_worker.o
 0002:00000052       ??_C@_1EO@KIFHHFHO@?$AAE?$AAr?$AAr?$AAo?$AAr?$AA?3?$AA?5?$AAa?$AAt?$AA?5?$AAc?$AAl?$AAE?$AAn?$AAq?$AAu?$AAe?$AAu?$AAe?$AAN?$AAD?$AAR?$AAa?$AAn?$AAg?$AAe?$AAK?$AAe?$AAr?$AAn?$AAe?$AAl@ 0000000140010052     .-gpu-execute_worker.o
 0002:000000a0       ??_C@_1DO@PIAGAENK@?$AAE?$AAR?$AAR?$AAO?$AAR?$AA?3?$AA?5?$AAg?$AAp?$AAu?$AAA?$AAl?$AAl?$AAo?$AAc?$AA?5?$AAf?$AAa?$AAi?$AAl?$AAe?$AAd?$AA?5?$AA?$FL?$AA?$CF?$AAl?$AAl?$AAd?$AA?$FN?$AA?6?$AA?$AA@ 00000001400100a0     .-gpu-new_object.o
 0002:000000de       ??_C@_1BG@LMPFNDF@?$AAr?$AAe?$AAs?$AAu?$AAl?$AAt?$AA?5?$AA?$CF?$AAp?$AA?6?$AA?$AA@ 00000001400100de     .-gpu-new_object.o
 0002:000000f4       ??_C@_1FM@LBBNKNII@?$AAE?$AAR?$AAR?$AAO?$AAR?$AA?3?$AA?5?$AAP?$AAi?$AAp?$AAe?$AAs?$AA?5?$AAa?$AAr?$AAe?$AA?5?$AAu?$AAn?$AAs?$AAu?$AAp?$AAp?$AAo?$AAr?$AAt?$AAe?$AAd?$AA?5?$AAo?$AAn?$AA?5@ 00000001400100f4     .-gpu-new_object.o
 0002:00000150       ??_C@_1GM@BNFAKJM@?$AAE?$AAR?$AAR?$AAO?$AAR?$AA?3?$AA?5?$AAP?$AAi?$AAp?$AAe?$AAs?$AA?5?$AAa?$AAr?$AAe?$AA?5?$AAu?$AAn?$AAs?$AAu?$AAp?$AAp?$AAo?$AAr?$AAt?$AAe?$AAd?$AA?5?$AAo?$AAn?$AA?5@ 0000000140010150     .-gpu-new_object.o
 0002:000001bc       ??_C@_1EG@FBJBJMFK@?$AAN?$AAO?$AAT?$AA?5?$AAS?$AAU?$AAP?$AAP?$AAO?$AAR?$AAT?$AAE?$AAD?$AA?3?$AA?5?$AAp?$AAu?$AAs?$AAh?$AA?5?$AAi?$AAn?$AA?5?$AAg?$AAp?$AAu?$AA?5?$AAo?$AAb?$AAj?$AAe?$AAc@ 00000001400101bc     .-gpu-push_object.o
 0002:00000202       ??_C@_1FE@GJLEMBH@?$AAN?$AAO?$AAT?$AA?5?$AAS?$AAU?$AAP?$AAP?$AAO?$AAR?$AAT?$AAE?$AAD?$AA?3?$AA?5?$AAp?$AAu?$AAs?$AAh?$AA?5?$AAi?$AAn?$AA?5?$AAg?$AAp?$AAu?$AA?5?$AAo?$AAb?$AAj?$AAe?$AAc@ 0000000140010202     .-gpu-push_object.o
 0002:00000256       ??_C@_1EI@EPHKLIAN@?$AAN?$AAO?$AAT?$AA?5?$AAS?$AAU?$AAP?$AAP?$AAO?$AAR?$AAT?$AAE?$AAD?$AA?3?$AA?5?$AAq?$AAu?$AAe?$AAr?$AAy?$AA?5?$AAi?$AAn?$AA?5?$AAg?$AAp?$AAu?$AA?5?$AAo?$AAb?$AAj?$AAe@ 0000000140010256     .-gpu-query_object.o
 0002:0000029e       ??_C@_1FG@PCBNEEAC@?$AAN?$AAO?$AAT?$AA?5?$AAS?$AAU?$AAP?$AAP?$AAO?$AAR?$AAT?$AAE?$AAD?$AA?3?$AA?5?$AAq?$AAu?$AAe?$AAr?$AAy?$AA?5?$AAi?$AAn?$AA?5?$AAg?$AAp?$AAu?$AA?5?$AAo?$AAb?$AAj?$AAe@ 000000014001029e     .-gpu-query_object.o
 0002:00000384       ??_C@_1FE@BCAGMINK@?$AAE?$AAr?$AAr?$AAo?$AAr?$AA?3?$AA?5?$AAn?$AAo?$AA?5?$AAk?$AAn?$AAo?$AAw?$AAn?$AA?5?$AAs?$AAi?$AAz?$AAe?$AA?5?$AAf?$AAo?$AAr?$AA?5?$AAn?$AAo?$AAt?$AA?5?$AAa?$AAr?$AAr@ 0000000140010384     .-cast_provider.o
 0002:000003d8       ??_C@_1FK@KDAFABDO@?$AAE?$AAr?$AAr?$AAo?$AAr?$AA?3?$AA?5?$AAl?$AAo?$AAc?$AAa?$AAl?$AA?5?$AAo?$AAb?$AAj?$AAe?$AAc?$AAt?$AA?5?$AAw?$AAa?$AAs?$AA?5?$AAr?$AAe?$AAm?$AAo?$AAv?$AAe?$AAd?$AA?5@ 00000001400103d8     .-cast_provider.o
 0002:00000432       ??_C@_1FO@HMOHPFHI@?$AAE?$AAr?$AAr?$AAo?$AAr?$AA?5?$AAh?$AAa?$AAp?$AAp?$AAe?$AAn?$AA?5?$AAw?$AAh?$AAi?$AAl?$AAe?$AA?5?$AAc?$AAl?$AAE?$AAn?$AAq?$AAu?$AAe?$AAu?$AAe?$AAR?$AAe?$AAa?$AAd@ 0000000140010432     .-cast_provider.o
 0002:00000490       ??_C@_1GA@EEKPNAGK@?$AAE?$AAr?$AAr?$AAo?$AAr?$AA?5?$AAh?$AAa?$AAp?$AAp?$AAe?$AAn?$AA?5?$AAw?$AAh?$AAi?$AAl?$AAe?$AA?5?$AAc?$AAl?$AAE?$AAn?$AAq?$AAu?$AAe?$AAu?$AAe?$AAW?$AAr?$AAi?$AAt@ 0000000140010490     .-cast_provider.o
 0002:000004f0       ??_C@_1BM@OBHKMKPP@?$AAR?$AAe?$AAt?$AAu?$AAr?$AAn?$AA?3?$AA?5?$AA?$CF?$AAl?$AAl?$AAd?$AA?6?$AA?$AA@ 00000001400104f0     .-cast_provider.o
 0002:0000050c       ??_C@_1EC@IPADNJOO@?$AAc?$AAo?$AAn?$AAv?$AAe?$AAr?$AAt?$AA?5?$AA?$CF?$AAp?$AA?5?$AA?$FL?$AAt?$AAy?$AAp?$AAe?$AAs?$AA?5?$AA?$CF?$AAl?$AAl?$AAd?$AA?5?$AA?9?$AA?$DO?$AA?5?$AA?$CF?$AAl?$AAl?$AAd?$AA?$FN?$AA?6@ 000000014001050c     .-cast_provider.o
 0002:0000054e       ??_C@_1IA@HIJJNPCH@?$AAE?$AAR?$AAR?$AAO?$AAR?$AA?3?$AA?5?$AAn?$AAo?$AAt?$AA?5?$AAs?$AAu?$AAp?$AAp?$AAo?$AAr?$AAt?$AAe?$AAd?$AA?5?$AAc?$AAo?$AAn?$AAv?$AAe?$AAr?$AAs?$AAi?$AAo?$AAn?$AA?5@ 000000014001054e     .-cast_provider.o
 0002:000005ce       ??_C@_1EC@CFAEGHOO@?$AAE?$AAr?$AAr?$AAo?$AAr?$AA?5?$AAa?$AAt?$AA?5?$AAc?$AAl?$AAC?$AAr?$AAe?$AAa?$AAt?$AAe?$AAC?$AAo?$AAn?$AAt?$AAe?$AAx?$AAt?$AA?5?$AA?$FL?$AA?$CF?$AAl?$AAl?$AAd?$AA?$FN?$AA?6@ 00000001400105ce     .-gpu_subsystem.o
 0002:00000610       ??_C@_1GI@JODPKPLM@?$AAE?$AAr?$AAr?$AAo?$AAr?$AA?5?$AAa?$AAt?$AA?5?$AAc?$AAl?$AAC?$AAr?$AAe?$AAa?$AAt?$AAe?$AAC?$AAo?$AAm?$AAm?$AAa?$AAn?$AAd?$AAQ?$AAu?$AAe?$AAu?$AAe?$AAW?$AAi?$AAt@ 0000000140010610     .-gpu_subsystem.o
 0002:00000678       ??_C@_0FA@OKGFDHAO@?9cl?9single?9precision?9constant?5?9c@ 0000000140010678     .-gpu_subsystem.o
 0002:000006c8       ??_C@_1DE@FJCPKFIJ@?$AAB?$AAu?$AAi?$AAl?$AAd?$AAP?$AAr?$AAo?$AAg?$AAr?$AAa?$AAm?$AA?5?$AAE?$AAr?$AAr?$AAo?$AAr?$AA?3?$AA?5?$AA?$CF?$AAl?$AAl?$AAd?$AA?6?$AA?$AA@ 00000001400106c8     .-gpu_subsystem.o
 0002:000006fc       ??_C@_19PDAGFAKM@?$AA?4?$AA?4?$AA?4?$AA?6?$AA?$AA@ 00000001400106fc     .-gpu_subsystem.o
 0002:00000706       ??_C@_1CO@HIIDKPPP@?$AAB?$AAu?$AAi?$AAl?$AAd?$AAI?$AAn?$AAf?$AAo?$AA?5?$AAE?$AAr?$AAr?$AAo?$AAr?$AA?3?$AA?5?$AA?$CF?$AAl?$AAl?$AAd?$AA?6?$AA?$AA@ 0000000140010706     .-gpu_subsystem.o
 0002:00000734       ??_C@_1DA@GJKLKGNM@?$AAB?$AAu?$AAi?$AAl?$AAd?$AAI?$AAn?$AAf?$AAo?$AA2?$AA?5?$AAE?$AAr?$AAr?$AAo?$AAr?$AA?3?$AA?5?$AA?$CF?$AAl?$AAl?$AAd?$AA?6?$AA?$AA@ 0000000140010734     .-gpu_subsystem.o
 0002:00000764       ??_C@_1DA@CBNNMJJB@?$AAE?$AAr?$AAr?$AAo?$AAr?$AA?5?$AAI?$AAn?$AAf?$AAo?$AA?3?$AA?5?$AAc?$AAo?$AAd?$AAe?$AA?$DN?$AA?$CF?$AAl?$AAl?$AAd?$AA?3?$AA?6?$AA?$AA@ 0000000140010764     .-gpu_subsystem.o
 0002:00000794       ??_C@_1CA@CAEDKLHA@?$AA?$CF?$AA0?$AA2?$AAx?$AA?5?$AA?$CF?$AA0?$AA2?$AAx?$AA?5?$AA?$CF?$AA0?$AA2?$AAx?$AA?6?$AA?$AA@ 0000000140010794     .-gpu_subsystem.o
 0002:000007b4       ??_C@_17MJEANDKP@?$AA?$CF?$AAs?$AA?6?$AA?$AA@ 00000001400107b4     .-gpu_subsystem.o
 0002:000007bc       ??_C@_1CO@DCKAPNAK@?$AAw?$AAa?$AAi?$AAt?$AAi?$AAn?$AAg?$AA?5?$AAs?$AAt?$AAa?$AAr?$AAt?$AAu?$AAp?$AA?5?$AAp?$AAa?$AAg?$AAe?$AAs?$AA?6?$AA?$AA@ 00000001400107bc     .-hive_entry.o
 0002:000007ea       ??_C@_1EI@OLFKDNEP@?$AAE?$AAr?$AAr?$AAo?$AAr?$AA?3?$AA?5?$AAa?$AAl?$AAl?$AAo?$AAc?$AAa?$AAt?$AAe?$AAd?$AA?5?$AAa?$AAr?$AAr?$AAa?$AAy?$AA?5?$AAi?$AAs?$AAn?$AA?8?$AAt?$AA?5?$AAl?$AAo?$AAc@ 00000001400107ea     .-hive_entry.o
 0002:000008c0       ??_C@_1DE@OFJFJIIH@?$AAS?$AAe?$AAr?$AAv?$AAe?$AAr?$AA?5?$AAi?$AAd?$AA?$DN?$AA?$CF?$AAl?$AAl?$AAd?$AA?5?$AAc?$AAo?$AAn?$AAf?$AAi?$AAr?$AAm?$AAe?$AAd?$AA?6?$AA?$AA@ 00000001400108c0     .-remote.o
 0002:000008f4       ??_C@_1CG@DJLPCGPG@?$AAC?$AAl?$AAi?$AAe?$AAn?$AAt?$AA?5?$AAc?$AAo?$AAn?$AAn?$AAe?$AAc?$AAt?$AAe?$AAd?$AA?$CB?$AA?6?$AA?$AA@ 00000001400108f4     .-remote.o
 0002:0000091a       ??_C@_1FK@FPKJOMKP@?$AAE?$AAr?$AAr?$AAo?$AAr?$AA?3?$AA?5?$AAC?$AAo?$AAu?$AAl?$AAd?$AA?5?$AAn?$AAo?$AAt?$AA?5?$AAc?$AAo?$AAn?$AAn?$AAe?$AAc?$AAt?$AA?5?$AAt?$AAo?$AA?5?$AA?$CF?$AAs?$AA?5?$AA?$FL@ 000000014001091a     .-remote.o
 0002:00000974       ??_C@_1LE@PPGJDLMH@?$AA?$FL?$AAp?$AA?5?$AA?$DM?$AAp?$AAo?$AAr?$AAt?$AA?$DO?$AA?$FN?$AA?5?$AAt?$AAo?$AA?5?$AAs?$AAe?$AAl?$AAe?$AAc?$AAt?$AA?5?$AAp?$AAo?$AAr?$AAt?$AA?5?$AA?$FL?$AAc?$AA?5?$AA?$DM?$AAi?$AAp@ 0000000140010974     .-remote.o
 0002:00000a28       ??_C@_1BO@BCIJKPCC@?$AAE?$AAn?$AAt?$AAe?$AAr?$AA?5?$AAc?$AAo?$AAm?$AAm?$AAa?$AAn?$AAd?$AA?$DO?$AA?$AA@ 0000000140010a28     .-remote.o
 0002:00000a46       ??_C@_1CK@IMAGNILG@?$AAC?$AAo?$AAn?$AAf?$AAi?$AAr?$AAm?$AAe?$AAd?$AA?5?$AAp?$AAo?$AAr?$AAt?$AA?$DN?$AA?$CF?$AAl?$AAl?$AAd?$AA?6?$AA?$AA@ 0000000140010a46     .-remote.o
 0002:00000a70       ??_C@_1DG@NNMMEGKD@?$AAS?$AAe?$AAl?$AAe?$AAc?$AAt?$AAe?$AAd?$AA?5?$AAc?$AAo?$AAn?$AAn?$AAe?$AAc?$AAt?$AA?5?$AAc?$AAo?$AAm?$AAm?$AAa?$AAn?$AAd?$AA?4?$AA?6?$AA?$AA@ 0000000140010a70     .-remote.o
 0002:00000aa6       ??_C@_1CI@KPENLAE@?$AAE?$AAn?$AAt?$AAe?$AAr?$AA?5?$AAI?$AAP?$AA?5?$AAa?$AAn?$AAd?$AA?5?$AAP?$AAO?$AAR?$AAT?$AA?4?$AA?6?$AA?$AA@ 0000000140010aa6     .-remote.o
 0002:00000ace       ??_C@_1EG@CAHECGOL@?$AAT?$AAr?$AAy?$AAi?$AAn?$AAg?$AA?5?$AAt?$AAo?$AA?5?$AAc?$AAo?$AAn?$AAn?$AAe?$AAc?$AAt?$AA?5?$AAt?$AAo?$AA?5?$AA?$FL?$AA?$CF?$AAs?$AA?$FN?$AA?5?$AA?$FL?$AA?$CF?$AAs?$AA?$FN?$AA?4?$AA?4@ 0000000140010ace     .-remote.o
 0002:00000b14       ??_C@_1DG@GLOHHOJG@?$AAT?$AAe?$AAm?$AAp?$AAo?$AAr?$AAa?$AAr?$AAy?$AA?5?$AAl?$AAo?$AAc?$AAa?$AAl?$AA_?$AAi?$AAd?$AA?5?$AA?$DN?$AA?5?$AA?$CF?$AAl?$AAl?$AAd?$AA?6?$AA?$AA@ 0000000140010b14     .-remote.o
 0002:00000b4a       ??_C@_1DC@MOJEJJIM@?$AAC?$AAo?$AAn?$AAf?$AAi?$AAg?$AAu?$AAr?$AAa?$AAt?$AAi?$AAo?$AAn?$AA?5?$AAc?$AAo?$AAn?$AAf?$AAi?$AAr?$AAm?$AAe?$AAd?$AA?6?$AA?$AA@ 0000000140010b4a     .-remote.o
 0002:00000b7c       ??_C@_1DM@PKIKMHMJ@?$AA?$FL?$AAN?$AAE?$AAT?$AAW?$AAO?$AAR?$AAK?$AA?$FN?$AA?3?$AA?5?$AAP?$AAe?$AAe?$AAr?$AA?5?$AAd?$AAi?$AAs?$AAc?$AAo?$AAn?$AAn?$AAe?$AAc?$AAt?$AAe?$AAd?$AA?6?$AA?$AA@ 0000000140010b7c     .-remote.o
 0002:00000bb8       ??_C@_1FE@JBHEOMDM@?$AAc?$AAo?$AAn?$AAn?$AAe?$AAc?$AAt?$AAi?$AAo?$AAn?$AA?5?$AAw?$AAa?$AAs?$AA?5?$AAc?$AAl?$AAo?$AAs?$AAe?$AAd?$AA?4?$AA?5?$AA?$FL?$AAl?$AAo?$AAc?$AAa?$AAl?$AA_?$AAi?$AAd@ 0000000140010bb8     .-remote.o
 0002:00000c0c       ??_C@_1LA@ICLCBFDH@?$AAE?$AAr?$AAr?$AAo?$AAr?$AA?3?$AA?5?$AAA?$AAP?$AAI?$AA_?$AAA?$AAN?$AAS?$AAW?$AAE?$AAR?$AA_?$AAR?$AAE?$AAQ?$AAU?$AAE?$AAS?$AAT?$AA_?$AAC?$AAO?$AAN?$AAN?$AAE?$AAC@ 0000000140010c0c     .-remote.o
 0002:00000cbc       ??_C@_1DK@EHAPFJND@?$AAs?$AAe?$AAr?$AAv?$AAe?$AAr?$AA?5?$AAs?$AAt?$AAa?$AAr?$AAt?$AAe?$AAd?$AA?5?$AAo?$AAn?$AA?5?$AAp?$AAo?$AAr?$AAt?$AA?5?$AA?$CF?$AAl?$AAl?$AAd?$AA?6?$AA?$AA@ 0000000140010cbc     .-remote.o
 0002:00000cf6       ??_C@_1CM@OOKLEHNG@?$AAg?$AAe?$AAt?$AA?5?$AAn?$AAa?$AAm?$AAe?$AA?5?$AAf?$AAa?$AAi?$AAl?$AAe?$AAd?$AA?5?$AA?$CF?$AAl?$AAl?$AAd?$AA?6?$AA?$AA@ 0000000140010cf6     .-remote.o
 0002:00000d22       ??_C@_1CG@NGNGJBNB@?$AAE?$AAr?$AAr?$AAo?$AAr?$AA?5?$AAh?$AAa?$AAp?$AAp?$AAe?$AAn?$AA?5?$AA?$CF?$AAl?$AAl?$AAd?$AA?6?$AA?$AA@ 0000000140010d22     .-remote.o
 0002:00000d48       ??_C@_1FA@MICONLJJ@?$AAE?$AAr?$AAr?$AAo?$AAr?$AA?3?$AA?5?$AAf?$AAa?$AAi?$AAl?$AAe?$AAd?$AA?5?$AAt?$AAo?$AA?5?$AAa?$AAl?$AAl?$AAo?$AAc?$AAa?$AAt?$AAe?$AA?5?$AAm?$AAe?$AAm?$AAo?$AAr?$AAy@ 0000000140010d48     .-runtime_lib.o
 0002:00000d98       ??_C@_1FE@CPMEHOGL@?$AAE?$AAr?$AAr?$AAo?$AAr?$AA?3?$AA?5?$AAf?$AAa?$AAi?$AAl?$AAe?$AAd?$AA?5?$AAt?$AAo?$AA?5?$AAr?$AAe?$AAa?$AAl?$AAl?$AAo?$AAc?$AAa?$AAt?$AAe?$AA?5?$AAm?$AAe?$AAm?$AAo@ 0000000140010d98     .-runtime_lib.o
 0002:00000dec       ??_C@_1EI@DJFGOBAG@?$AAE?$AAr?$AAr?$AAo?$AAr?$AA?3?$AA?5?$AAf?$AAa?$AAi?$AAl?$AAe?$AAd?$AA?5?$AAt?$AAo?$AA?5?$AAf?$AAr?$AAe?$AAe?$AA?5?$AAm?$AAe?$AAm?$AAo?$AAr?$AAy?$AA?3?$AA?5?$AA?$CF?$AAl@ 0000000140010dec     .-runtime_lib.o
 0002:00000e34       ??_C@_1CM@EJGKJCED@?$AAA?$AAs?$AAs?$AAe?$AAr?$AAt?$AAi?$AAo?$AAn?$AA?5?$AAf?$AAa?$AAi?$AAl?$AAe?$AAd?$AA?3?$AA?5?$AA?$CF?$AAs?$AA?6?$AA?$AA@ 0000000140010e34     .-runtime_lib.o
 0002:00000e60       ??_C@_1EI@GJCCEHA@?$AAF?$AAi?$AAl?$AAe?$AA?3?$AA?5?$AA?$CF?$AAs?$AA?0?$AA?5?$AAL?$AAi?$AAn?$AAe?$AA?3?$AA?5?$AA?$CF?$AAl?$AAl?$AAd?$AA?0?$AA?5?$AAF?$AAu?$AAn?$AAc?$AAt?$AAi?$AAo?$AAn?$AA?3?$AA?5@ 0000000140010e60     .-runtime_lib.o
 0002:000010dc       ??_C@_1GE@NIGCAFOK@?$AAE?$AAr?$AAr?$AAo?$AAr?$AA?3?$AA?5?$AAg?$AAp?$AAu?$AA?5?$AAw?$AAo?$AAr?$AAk?$AAe?$AAr?$AA?5?$AAd?$AAo?$AAe?$AAn?$AA?8?$AAt?$AA?5?$AAs?$AAu?$AAp?$AAp?$AAo?$AAr?$AAt@ 00000001400110dc     .-runtime.o
 0002:00001140       ??_C@_1GM@IJHLNMBE@?$AAt?$AAh?$AAr?$AAe?$AAa?$AAd?$AA?5?$AA?$CF?$AAl?$AAl?$AAd?$AA?3?$AA?5?$AA?5?$AAW?$AAa?$AAi?$AAt?$AA?$HM?$AAQ?$AAu?$AAe?$AAu?$AAe?$AAd?$AA?5?$AA?$CF?$AAl?$AAl?$AAd?$AA?$HM?$AA?$CF@ 0000000140011140     .-runtime.o
 0002:000011ac       ??_C@_1IE@FHIKABLD@?$AAE?$AAr?$AAr?$AAo?$AAr?$AA?3?$AA?5?$AAc?$AAa?$AAn?$AA?8?$AAt?$AA?5?$AAr?$AAu?$AAn?$AA?5?$AAr?$AAe?$AAm?$AAo?$AAt?$AAe?$AA?5?$AAw?$AAo?$AAr?$AAk?$AAe?$AAr?$AA?5?$AA?$CF@ 00000001400111ac     .-runtime.o
 0002:00001230       ??_C@_1JE@CPFCJBNI@?$AAE?$AAR?$AAR?$AAO?$AAR?$AA?3?$AA?5?$AAR?$AAu?$AAn?$AAt?$AAi?$AAm?$AAe?$AA?5?$AAe?$AAn?$AAd?$AAp?$AAo?$AAi?$AAn?$AAt?$AA?5?$AA?$CF?$AAl?$AAl?$AAd?$AA?5?$AAd?$AAo?$AAe@ 0000000140011230     .-runtime.o
 0002:000012c4       ??_C@_1HI@GNCDLKLI@?$AAE?$AAr?$AAr?$AAo?$AAr?$AA?3?$AA?5?$AAr?$AAu?$AAn?$AAt?$AAi?$AAm?$AAe?$AA?5?$AAd?$AAo?$AAe?$AAs?$AAn?$AA?8?$AAt?$AA?5?$AAs?$AAu?$AAp?$AAp?$AAo?$AAr?$AAt?$AA?5?$AAs@ 00000001400112c4     .-runtime.o
 0002:0000133c       ??_C@_1CI@PHCDEMOE@?$AAb?$AAu?$AAi?$AAl?$AAd?$AAi?$AAn?$AAg?$AA?5?$AAk?$AAe?$AAr?$AAn?$AAe?$AAl?$AA?4?$AA?4?$AA?4?$AA?6?$AA?$AA@ 000000014001133c     .-runtime.o
 0002:00001364       ??_C@_04JNAIOECI@krnl?$AA@ 0000000140011364     .-runtime.o
 0002:0000136a       ??_C@_1DI@MMAOAOLJ@?$AAE?$AAr?$AAr?$AAo?$AAr?$AA?3?$AA?5?$AAk?$AAe?$AAr?$AAn?$AAe?$AAl?$AA?5?$AAb?$AAu?$AAi?$AAl?$AAd?$AA?5?$AAf?$AAa?$AAi?$AAl?$AAe?$AAd?$AA?6?$AA?$AA@ 000000014001136a     .-runtime.o
 0002:000013a2       ??_C@_1DI@MLNAPEIE@?$AAS?$AAh?$AAe?$AAd?$AAu?$AAl?$AAe?$AAr?$AAI?$AAn?$AAs?$AAt?$AAa?$AAn?$AAc?$AAe?$AA?5?$AAc?$AAo?$AAm?$AAp?$AAl?$AAe?$AAt?$AAe?$AAd?$AA?6?$AA?$AA@ 00000001400113a2     .-runtime.o
 0002:000013da       ??_C@_1EK@KKIKLCHH@?$AAG?$AAp?$AAu?$AA?5?$AAs?$AAu?$AAs?$AAs?$AAy?$AAs?$AAt?$AAe?$AAm?$AA?5?$AAi?$AAn?$AAi?$AAt?$AAi?$AAa?$AAl?$AAi?$AAz?$AAa?$AAt?$AAi?$AAo?$AAn?$AA?5?$AAf?$AAa?$AAi@ 00000001400113da     .-runtime.o
 0002:00001424       ??_C@_1CC@DEIAIPBB@?$AA?4?$AA?4?$AA?1?$AA?4?$AA?4?$AA?1?$AA?4?$AA?4?$AA?1?$AAr?$AAe?$AAs?$AA?4?$AAb?$AAi?$AAn?$AA?$AA@ 0000000140011424     .-runtime.o
 0002:00001446       ??_C@_1FC@OGJDIOEJ@?$AAE?$AAr?$AAr?$AAo?$AAr?$AA?3?$AA?5?$AAc?$AAa?$AAn?$AA?8?$AAt?$AA?5?$AAo?$AAp?$AAe?$AAn?$AA?5?$AA?4?$AA?4?$AA?1?$AA?4?$AA?4?$AA?1?$AA?4?$AA?4?$AA?1?$AAr?$AAe?$AAs?$AA?4?$AAb@ 0000000140011446     .-runtime.o
 0002:00001498       ??_C@_1EC@FNPNOOPH@?$AAU?$AAn?$AAk?$AAn?$AAo?$AAw?$AAn?$AA?5?$AAc?$AAm?$AAd?$AAl?$AAi?$AAn?$AAe?$AA?5?$AAp?$AAa?$AAr?$AAa?$AAm?$AAe?$AAt?$AAe?$AAr?$AA?3?$AA?5?$AA?$CF?$AAl?$AAl?$AAd?$AA?6@ 0000000140011498     .-runtime.o
 0002:000014da       ??_C@_1CE@CFOOJILH@?$AAN?$AAU?$AAM?$AA_?$AAT?$AAH?$AAR?$AAE?$AAA?$AAD?$AAS?$AA?$DN?$AA?$CF?$AAl?$AAl?$AAd?$AA?6?$AA?$AA@ 00000001400114da     .-runtime.o
 0002:000014fe       ??_C@_1BI@KEMCAKCM@?$AAR?$AAu?$AAn?$AAn?$AAi?$AAn?$AAg?$AA?4?$AA?4?$AA?4?$AA?6?$AA?$AA@ 00000001400114fe     .-runtime.o
 0002:00001516       ??_C@_1KG@MGKLLKBJ@?$AA?9?$AA?9?$AA?9?$AA?9?$AA?9?$AA?9?$AA?9?$AA?9?$AA?9?$AA?9?$AA?9?$AA?9?$AA?9?$AA?9?$AA?9?$AA?9?$AA?9?$AA?9?$AA?9?$AA?9?$AA?9?$AA?9?$AA?9?$AA?9?$AA?9?$AA?9?$AA?9?$AA?9?$AA?9?$AA?9?$AA?9?$AA?9@ 0000000140011516     .-runtime.o
 0002:000015bc       ??_C@_1KC@PDECPKAN@?$AA?9?$AA?9?$AA?9?$AA?9?$AA?9?$AA?9?$AA?9?$AA?9?$AA?9?$AA?9?$AA?9?$AA?9?$AA?9?$AA?9?$AA?9?$AA?9?$AA?9?$AA?9?$AA?9?$AA?9?$AA?9?$AA?9?$AA?9?$AA?9?$AA?9?$AA?9?$AA?9?$AA?9?$AA?9?$AA?9?$AA?9?$AA?9@ 00000001400115bc     .-runtime.o
 0002:0000165e       ??_C@_1DM@HCILGOPA@?$AAF?$AAa?$AAi?$AAl?$AAe?$AAd?$AA?5?$AAt?$AAo?$AA?5?$AAc?$AAr?$AAe?$AAa?$AAt?$AAe?$AA?5?$AAt?$AAh?$AAr?$AAe?$AAa?$AAd?$AA?5?$AA?$CF?$AAl?$AAl?$AAd?$AA?6?$AA?$AA@ 000000014001165e     .-runtime.o
 0002:0000169a       ??_C@_1CE@FBEJGOMB@?$AAP?$AAr?$AAo?$AAg?$AAr?$AAa?$AAm?$AA?5?$AAf?$AAi?$AAn?$AAi?$AAs?$AAh?$AAe?$AAd?$AA?6?$AA?$AA@ 000000014001169a     .-runtime.o
 0002:000016be       ??_C@_1EK@FDFELEEK@?$AAR?$AAe?$AAs?$AAu?$AAl?$AAt?$AA?5?$AAp?$AAr?$AAo?$AAm?$AAi?$AAs?$AAe?$AA?5?$AAn?$AAo?$AAt?$AA?5?$AAf?$AAo?$AAu?$AAn?$AAd?$AA?5?$AAo?$AAn?$AA?5?$AAm?$AAa?$AAc?$AAh@ 00000001400116be     .-runtime.o
 0002:00001708       ??_C@_1DO@BFPIHEIA@?$AAP?$AAr?$AAo?$AAg?$AAr?$AAa?$AAm?$AA?5?$AAe?$AAx?$AAi?$AAt?$AAe?$AAd?$AA?5?$AAw?$AAi?$AAt?$AAh?$AA?5?$AAc?$AAo?$AAd?$AAe?$AA?5?$AA?$CF?$AAl?$AAl?$AAx?$AA?6?$AA?$AA@ 0000000140011708     .-runtime.o
 0002:00001746       ??_C@_1CK@DKIDNDNE@?$AAP?$AAr?$AAe?$AAs?$AAs?$AA?5?$AAC?$AAt?$AAr?$AAl?$AA?$CL?$AAC?$AA?5?$AAt?$AAo?$AA?5?$AAe?$AAn?$AAd?$AA?6?$AA?$AA@ 0000000140011746     .-runtime.o
 0002:00001770       ??_C@_1GO@CEANDIOF@?$AAR?$AAe?$AAs?$AAu?$AAl?$AAt?$AA?5?$AAo?$AAf?$AA?5?$AAm?$AAa?$AAi?$AAn?$AA?5?$AAf?$AAu?$AAn?$AAc?$AAt?$AAi?$AAo?$AAn?$AA?5?$AAi?$AAs?$AAn?$AA?8?$AAt?$AA?5?$AAr?$AAe@ 0000000140011770     .-runtime.o
 0002:000017e0       RtlNtPathSeperatorString   00000001400117e0     ws2_32:indef.obj
 0002:000017f0       ??_C@_13FPGAJAPJ@?$AA?2@   00000001400117f0     ws2_32:indef.obj
 0002:000017f8       RtlDosPathSeperatorsString 00000001400117f8     ws2_32:indef.obj
 0002:00001808       ??_C@_15MNCACJLI@?$AA?2?$AA?1@ 0000000140011808     ws2_32:indef.obj
 0002:00001810       RtlAlternateDosPathSeperatorString 0000000140011810     ws2_32:indef.obj
 0002:00001820       ??_C@_13CGOKJPIL@?$AA?1@   0000000140011820     ws2_32:indef.obj
 0002:00001824       eui48_broadcast            0000000140011824     ws2_32:indef.obj
 0002:000018a0       scopeid_unspecified        00000001400118a0     ws2_32:indef.obj
 0002:000018a4       in4addr_any                00000001400118a4     ws2_32:indef.obj
 0002:000018a8       in4addr_loopback           00000001400118a8     ws2_32:indef.obj
 0002:000018ac       in4addr_broadcast          00000001400118ac     ws2_32:indef.obj
 0002:000018b0       in4addr_allnodesonlink     00000001400118b0     ws2_32:indef.obj
 0002:000018b4       in4addr_allroutersonlink   00000001400118b4     ws2_32:indef.obj
 0002:000018b8       in4addr_alligmpv3routersonlink 00000001400118b8     ws2_32:indef.obj
 0002:000018bc       in4addr_allteredohostsonlink 00000001400118bc     ws2_32:indef.obj
 0002:000018c0       in4addr_linklocalprefix    00000001400118c0     ws2_32:indef.obj
 0002:000018c4       in4addr_multicastprefix    00000001400118c4     ws2_32:indef.obj
 0002:000018c8       in6addr_any                00000001400118c8     ws2_32:indef.obj
 0002:000018d8       in6addr_loopback           00000001400118d8     ws2_32:indef.obj
 0002:000018e8       in6addr_allnodesonnode     00000001400118e8     ws2_32:indef.obj
 0002:000018f8       in6addr_allnodesonlink     00000001400118f8     ws2_32:indef.obj
 0002:00001908       in6addr_allroutersonlink   0000000140011908     ws2_32:indef.obj
 0002:00001918       in6addr_allmldv2routersonlink 0000000140011918     ws2_32:indef.obj
 0002:00001928       in6addr_teredoinitiallinklocaladdress 0000000140011928     ws2_32:indef.obj
 0002:00001938       in6addr_linklocalprefix    0000000140011938     ws2_32:indef.obj
 0002:00001948       in6addr_multicastprefix    0000000140011948     ws2_32:indef.obj
 0002:00001958       in6addr_solicitednodemulticastprefix 0000000140011958     ws2_32:indef.obj
 0002:00001968       in6addr_v4mappedprefix     0000000140011968     ws2_32:indef.obj
 0002:00001978       in6addr_6to4prefix         0000000140011978     ws2_32:indef.obj
 0002:00001988       in6addr_teredoprefix       0000000140011988     ws2_32:indef.obj
 0002:00001998       in6addr_teredoprefix_old   0000000140011998     ws2_32:indef.obj
 0002:000019b8       BUGCHECK_EFI_GUID          00000001400119b8     ws2_32:indef.obj
 0002:00001cf8       __imp_CommandLineToArgvW   0000000140011cf8     shell32:SHELL32.dll
 0002:00001d08       __imp_AcquireSRWLockExclusive 0000000140011d08     kernel32:KERNEL32.dll
 0002:00001d10       __imp_AcquireSRWLockShared 0000000140011d10     kernel32:KERNEL32.dll
 0002:00001d18       __imp_CloseHandle          0000000140011d18     kernel32:KERNEL32.dll
 0002:00001d20       __imp_CreateFileW          0000000140011d20     kernel32:KERNEL32.dll
 0002:00001d28       __imp_CreateIoCompletionPort 0000000140011d28     kernel32:KERNEL32.dll
 0002:00001d30       __imp_CreateThread         0000000140011d30     kernel32:KERNEL32.dll
 0002:00001d38       __imp_ExitProcess          0000000140011d38     kernel32:KERNEL32.dll
 0002:00001d40       __imp_GetCommandLineW      0000000140011d40     kernel32:KERNEL32.dll
 0002:00001d48       __imp_GetConsoleMode       0000000140011d48     kernel32:KERNEL32.dll
 0002:00001d50       __imp_GetFileSizeEx        0000000140011d50     kernel32:KERNEL32.dll
 0002:00001d58       __imp_GetLastError         0000000140011d58     kernel32:KERNEL32.dll
 0002:00001d60       __imp_GetProcAddress       0000000140011d60     kernel32:KERNEL32.dll
 0002:00001d68       __imp_GetProcessHeap       0000000140011d68     kernel32:KERNEL32.dll
 0002:00001d70       __imp_GetQueuedCompletionStatus 0000000140011d70     kernel32:KERNEL32.dll
 0002:00001d78       __imp_GetStdHandle         0000000140011d78     kernel32:KERNEL32.dll
 0002:00001d80       __imp_HeapAlloc            0000000140011d80     kernel32:KERNEL32.dll
 0002:00001d88       __imp_HeapFree             0000000140011d88     kernel32:KERNEL32.dll
 0002:00001d90       __imp_HeapReAlloc          0000000140011d90     kernel32:KERNEL32.dll
 0002:00001d98       __imp_LoadLibraryA         0000000140011d98     kernel32:KERNEL32.dll
 0002:00001da0       __imp_MultiByteToWideChar  0000000140011da0     kernel32:KERNEL32.dll
 0002:00001da8       __imp_QueryPerformanceCounter 0000000140011da8     kernel32:KERNEL32.dll
 0002:00001db0       __imp_QueryPerformanceFrequency 0000000140011db0     kernel32:KERNEL32.dll
 0002:00001db8       __imp_ReadConsoleW         0000000140011db8     kernel32:KERNEL32.dll
 0002:00001dc0       __imp_ReadFile             0000000140011dc0     kernel32:KERNEL32.dll
 0002:00001dc8       __imp_ReleaseSRWLockExclusive 0000000140011dc8     kernel32:KERNEL32.dll
 0002:00001dd0       __imp_ReleaseSRWLockShared 0000000140011dd0     kernel32:KERNEL32.dll
 0002:00001dd8       __imp_Sleep                0000000140011dd8     kernel32:KERNEL32.dll
 0002:00001de0       __imp_TlsAlloc             0000000140011de0     kernel32:KERNEL32.dll
 0002:00001de8       __imp_TlsFree              0000000140011de8     kernel32:KERNEL32.dll
 0002:00001df0       __imp_TlsGetValue          0000000140011df0     kernel32:KERNEL32.dll
 0002:00001df8       __imp_TlsSetValue          0000000140011df8     kernel32:KERNEL32.dll
 0002:00001e00       __imp_TryAcquireSRWLockExclusive 0000000140011e00     kernel32:KERNEL32.dll
 0002:00001e08       __imp_VirtualAlloc         0000000140011e08     kernel32:KERNEL32.dll
 0002:00001e10       __imp_WaitForMultipleObjects 0000000140011e10     kernel32:KERNEL32.dll
 0002:00001e18       __imp_WriteConsoleW        0000000140011e18     kernel32:KERNEL32.dll
 0002:00001e28       __imp_BCryptGenRandom      0000000140011e28     bcrypt:bcrypt.dll
 0002:00001e38       __imp_WSAGetLastError      0000000140011e38     ws2_32:WS2_32.dll
 0002:00001e40       __imp_WSARecv              0000000140011e40     ws2_32:WS2_32.dll
 0002:00001e48       __imp_WSAStartup           0000000140011e48     ws2_32:WS2_32.dll
 0002:00001e50       __imp_accept               0000000140011e50     ws2_32:WS2_32.dll
 0002:00001e58       __imp_bind                 0000000140011e58     ws2_32:WS2_32.dll
 0002:00001e60       __imp_closesocket          0000000140011e60     ws2_32:WS2_32.dll
 0002:00001e68       __imp_connect              0000000140011e68     ws2_32:WS2_32.dll
 0002:00001e70       __imp_freeaddrinfo         0000000140011e70     ws2_32:WS2_32.dll
 0002:00001e78       __imp_getaddrinfo          0000000140011e78     ws2_32:WS2_32.dll
 0002:00001e80       __imp_getsockname          0000000140011e80     ws2_32:WS2_32.dll
 0002:00001e88       __imp_htons                0000000140011e88     ws2_32:WS2_32.dll
 0002:00001e90       __imp_listen               0000000140011e90     ws2_32:WS2_32.dll
 0002:00001e98       __imp_ntohs                0000000140011e98     ws2_32:WS2_32.dll
 0002:00001ea0       __imp_send                 0000000140011ea0     ws2_32:WS2_32.dll
 0002:00001ea8       __imp_setsockopt           0000000140011ea8     ws2_32:WS2_32.dll
 0002:00001eb0       __imp_socket               0000000140011eb0     ws2_32:WS2_32.dll
 0002:00001ec0       __imp_clBuildProgram       0000000140011ec0     OpenCL:OpenCL.dll
 0002:00001ec8       __imp_clCreateBuffer       0000000140011ec8     OpenCL:OpenCL.dll
 0002:00001ed0       __imp_clCreateCommandQueueWithProperties 0000000140011ed0     OpenCL:OpenCL.dll
 0002:00001ed8       __imp_clCreateContext      0000000140011ed8     OpenCL:OpenCL.dll
 0002:00001ee0       __imp_clCreateKernel       0000000140011ee0     OpenCL:OpenCL.dll
 0002:00001ee8       __imp_clCreateProgramWithSource 0000000140011ee8     OpenCL:OpenCL.dll
 0002:00001ef0       __imp_clEnqueueNDRangeKernel 0000000140011ef0     OpenCL:OpenCL.dll
 0002:00001ef8       __imp_clEnqueueReadBuffer  0000000140011ef8     OpenCL:OpenCL.dll
 0002:00001f00       __imp_clEnqueueWriteBuffer 0000000140011f00     OpenCL:OpenCL.dll
 0002:00001f08       __imp_clFinish             0000000140011f08     OpenCL:OpenCL.dll
 0002:00001f10       __imp_clGetDeviceIDs       0000000140011f10     OpenCL:OpenCL.dll
 0002:00001f18       __imp_clGetDeviceInfo      0000000140011f18     OpenCL:OpenCL.dll
 0002:00001f20       __imp_clGetKernelArgInfo   0000000140011f20     OpenCL:OpenCL.dll
 0002:00001f28       __imp_clGetPlatformIDs     0000000140011f28     OpenCL:OpenCL.dll
 0002:00001f30       __imp_clGetPlatformInfo    0000000140011f30     OpenCL:OpenCL.dll
 0002:00001f38       __imp_clGetProgramBuildInfo 0000000140011f38     OpenCL:OpenCL.dll
 0002:00001f40       __imp_clSetKernelArg       0000000140011f40     OpenCL:OpenCL.dll
 0003:00000000       server_port                0000000140013000     .-remote.o
 0003:00000008       thisServerId               0000000140013008     .-remote.o
 0003:00000010       NUM_THREADS                0000000140013010     .-runtime.o
 0003:00000020       Providers                  0000000140013020     .-runtime.o
 0003:00000080       AddressFamilyInformation   0000000140013080     ws2_32:indef.obj
 0003:000000b0       connections_lock           00000001400130b0     .-api.o
 0003:000000b8       connections_len            00000001400130b8     .-api.o
 0003:000000c0       pages_lock                 00000001400130c0     .-api.o
 0003:000000c8       pages_len                  00000001400130c8     .-api.o
 0003:000000d0       known_id_broadcasts        00000001400130d0     .-api.o
 0003:000000f0       known_page_broadcasts      00000001400130f0     .-api.o
 0003:00000110       known_path_broadcasts      0000000140013110     .-api.o
 0003:00000130       known_path_id_broadcasts   0000000140013130     .-api.o
 0003:00000150       local_objects              0000000140013150     .-api.o
 0003:00000170       known_objects              0000000140013170     .-api.o
 0003:00000190       query_requests             0000000140013190     .-api.o
 0003:000001b0       push_requests              00000001400131b0     .-api.o
 0003:000001d0       known_hives                00000001400131d0     .-api.o
 0003:000001f0       connections                00000001400131f0     .-api.o
 0003:000021f0       pages                      00000001400151f0     .-api.o
 0003:00002df0       SL_best_platform           0000000140015df0     .-gpu_subsystem.o
 0003:00002df4       SL_best_platform_value     0000000140015df4     .-gpu_subsystem.o
 0003:00002df8       SL_platforms_len           0000000140015df8     .-gpu_subsystem.o
 0003:00002e00       SL_platforms               0000000140015e00     .-gpu_subsystem.o
 0003:00002e80       SL_devices                 0000000140015e80     .-gpu_subsystem.o
 0003:00003280       SL_devices_len             0000000140016280     .-gpu_subsystem.o
 0003:000032c0       SL_main_platform           00000001400162c0     .-gpu_subsystem.o
 0003:000032c8       SL_context                 00000001400162c8     .-gpu_subsystem.o
 0003:000032d0       SL_queues                  00000001400162d0     .-gpu_subsystem.o
 0003:000036d0       SL_queues_len              00000001400166d0     .-gpu_subsystem.o
 0003:00003710       queues                     0000000140016710     .-queue.o
 0003:00003b10       queue_size                 0000000140016b10     .-queue.o
 0003:00003b18       ServerIdGetLock            0000000140016b18     .-remote.o
 0003:00003b20       next_local_id              0000000140016b20     .-remote.o
 0003:00003b28       hIOCP                      0000000140016b28     .-remote.o
 0003:00003b30       hHeap                      0000000140016b30     .-runtime_lib.o
 0003:00003b38       hInput                     0000000140016b38     .-runtime_lib.o
 0003:00003b40       buf                        0000000140016b40     .-runtime_lib.o
 0003:00013b40       hOutput                    0000000140026b40     .-runtime_lib.o
 0003:00013b48       frequency                  0000000140026b48     .-runtime_lib.o
 0003:00013b50       Workers                    0000000140026b50     .-runtime.o
 0003:000147d0       wait_list_lock             00000001400277d0     .-runtime.o
 0003:000147d8       wait_list_len              00000001400277d8     .-runtime.o
 0003:000147e0       dwTlsIndex                 00000001400277e0     .-runtime.o
 0003:000147f0       wait_list                  00000001400277f0     .-runtime.o
 0003:000d7cf0       defined_arrays             00000001400eacf0     .-runtime.o
 0003:000d7cf8       ExPoolZeroingNativelySupported 00000001400eacf8     ws2_32:indef.obj

 entry point at         0001:0000d970

 Static symbols

 0001:00002d50       GetKnownHiveHash           0000000140003d50     .-api.o
 0001:000068d0       p                          00000001400078d0     .-queue.o
 0001:00008e30       Worker                     0000000140009e30     .-remote.o
 0001:00009370       ConnectionListnerWorker    000000014000a370     .-remote.o
 0001:00009570       PagesAllocator             000000014000a570     .-remote.o
 0001:00009640       StateSender                000000014000a640     .-remote.o
 0001:00009660       HandleApiCall              000000014000a660     .-remote.o
 0001:0000dfe8       .text                      000000014000efe8     asm.o
 0002:00001830       IPSEC_AUTH_TRANSFORM_ID_HMAC_MD5_96 0000000140011830     ws2_32:indef.obj
 0002:00001838       IPSEC_AUTH_TRANSFORM_ID_HMAC_SHA_1_96 0000000140011838     ws2_32:indef.obj
 0002:00001840       IPSEC_AUTH_TRANSFORM_ID_HMAC_SHA_256_128 0000000140011840     ws2_32:indef.obj
 0002:00001848       IPSEC_AUTH_TRANSFORM_ID_GCM_AES_128 0000000140011848     ws2_32:indef.obj
 0002:00001850       IPSEC_AUTH_TRANSFORM_ID_GCM_AES_192 0000000140011850     ws2_32:indef.obj
 0002:00001858       IPSEC_AUTH_TRANSFORM_ID_GCM_AES_256 0000000140011858     ws2_32:indef.obj
 0002:00001860       IPSEC_CIPHER_TRANSFORM_ID_CBC_DES 0000000140011860     ws2_32:indef.obj
 0002:00001868       IPSEC_CIPHER_TRANSFORM_ID_CBC_3DES 0000000140011868     ws2_32:indef.obj
 0002:00001870       IPSEC_CIPHER_TRANSFORM_ID_AES_128 0000000140011870     ws2_32:indef.obj
 0002:00001878       IPSEC_CIPHER_TRANSFORM_ID_AES_192 0000000140011878     ws2_32:indef.obj
 0002:00001880       IPSEC_CIPHER_TRANSFORM_ID_AES_256 0000000140011880     ws2_32:indef.obj
 0002:00001888       IPSEC_CIPHER_TRANSFORM_ID_GCM_AES_128 0000000140011888     ws2_32:indef.obj
 0002:00001890       IPSEC_CIPHER_TRANSFORM_ID_GCM_AES_192 0000000140011890     ws2_32:indef.obj
 0002:00001898       IPSEC_CIPHER_TRANSFORM_ID_GCM_AES_256 0000000140011898     ws2_32:indef.obj
 0002:000019a8       BFE_GENERIC_MAPPING        00000001400119a8     ws2_32:indef.obj
 0003:000d7cf9       WFP_TRACE_NULL_DATA        00000001400eacf9     ws2_32:indef.obj
 0004:00000000       .data                      00000001400eb000     asm.o
