 a

 Timestamp is 69d9a43c (Sat Apr 11 04:30:36 2026)

 Preferred load address is 0000000140000000

 Start         Length     Name                   Class
 0001:00000000 0000b653H .text                   CODE
 0002:00000000 00001f98H .rdata                  DATA
 0003:00000000 000000e4H .data                   DATA
 0003:000000f0 00014372H .bss                    DATA
 0004:00000000 00000222H .data                   DATA

  Address         Publics by Value              Rva+Base               Lib:Object

 0001:00000000       memset                     0000000140001000     .-runtime_lib.o
 0001:000000d0       memcpy                     00000001400010d0     .-runtime_lib.o
 0001:00000370       myMalloc                   0000000140001370     .-runtime_lib.o
 0001:000003c0       myPrintf                   00000001400013c0     .-runtime_lib.o
 0001:00000bf0       myRealloc                  0000000140001bf0     .-runtime_lib.o
 0001:00000c50       myFree                     0000000140001c50     .-runtime_lib.o
 0001:00000c90       myAtoll                    0000000140001c90     .-runtime_lib.o
 0001:00000d40       get_char                   0000000140001d40     .-runtime_lib.o
 0001:00000e00       myScanI64                  0000000140001e00     .-runtime_lib.o
 0001:00000e60       myScanS                    0000000140001e60     .-runtime_lib.o
 0001:00000ed0       PrintI64                   0000000140001ed0     .-runtime_lib.o
 0001:00000f50       PrintI64H                  0000000140001f50     .-runtime_lib.o
 0001:00000f90       Print2H                    0000000140001f90     .-runtime_lib.o
 0001:00000fd0       assertion_failure          0000000140001fd0     .-runtime_lib.o
 0001:00001010       myAbs                      0000000140002010     .-runtime_lib.o
 0001:00001020       MicrosecondsToTicks        0000000140002020     .-runtime_lib.o
 0001:00001050       TicksToMicroseconds        0000000140002050     .-runtime_lib.o
 0001:00001080       GetTicks                   0000000140002080     .-runtime_lib.o
 0001:000010a0       SheduleTimeoutFromNow      00000001400020a0     .-runtime_lib.o
 0001:000010f0       init_lib                   00000001400020f0     .-runtime_lib.o
 0001:00001140       dllPauseWorker             0000000140002140     ..-common-dll-await_worker.o
 0001:000011b0       dllCallObject              00000001400021b0     ..-common-dll-call_object.o
 0001:000011d0       dllStartNewLocalWorker     00000001400021d0     ..-common-dll-call_object.o
 0001:000012b0       dllExecuteWorker           00000001400022b0     ..-common-dll-execute_worker.o
 0001:000018f0       gpuPauseWorker             00000001400028f0     ..-common-gpu-await_worker.o
 0001:00001960       gpuCallObject              0000000140002960     ..-common-gpu-call_object.o
 0001:00001980       gpuStartNewLocalWorker     0000000140002980     ..-common-gpu-call_object.o
 0001:00001a60       gpuExecuteWorker           0000000140002a60     ..-common-gpu-execute_worker.o
 0001:00001d60       gpuNewObjectUsingPage      0000000140002d60     ..-common-gpu-new_object.o
 0001:00001e20       gpuNewObject               0000000140002e20     ..-common-gpu-new_object.o
 0001:00001ed0       gpuPushObject              0000000140002ed0     ..-common-gpu-push_object.o
 0001:00001ef0       gpuPushPipe                0000000140002ef0     ..-common-gpu-push_object.o
 0001:00001f10       gpuQueryObject             0000000140002f10     ..-common-gpu-query_object.o
 0001:00001f30       gpuQueryPipe               0000000140002f30     ..-common-gpu-query_object.o
 0001:00001f50       locNewObjectUsingPage      0000000140002f50     ..-common-loc-new_object.o
 0001:00002100       locNewObject               0000000140003100     ..-common-loc-new_object.o
 0001:00002130       locUpdateLocalPush         0000000140003130     ..-common-loc-push_object.o
 0001:00002180       locQueryLocalObject        0000000140003180     ..-common-loc-query_object.o
 0001:000021e0       x64PauseWorker             00000001400031e0     ..-common-x64-await_worker.o
 0001:00002270       x64CallObject              0000000140003270     ..-common-x64-call_object.o
 0001:00002290       x64StartNewLocalWorker     0000000140003290     ..-common-x64-call_object.o
 0001:00002370       x64ExecuteWorker           0000000140003370     ..-common-x64-execute_worker.o
 0001:00002390       x64TryStallWorker          0000000140003390     ..-common-x64-execute_worker.o
 0001:00002570       x64NewObjectUsingPage      0000000140003570     ..-common-x64-new_object.o
 0001:00002730       x64NewObjectStates         0000000140003730     ..-common-x64-new_object.o
 0001:00002790       x64NewObject               0000000140003790     ..-common-x64-new_object.o
 0001:00002820       x64UpdateLocalPush         0000000140003820     ..-common-x64-push_object.o
 0001:00002870       x64OnPushObject            0000000140003870     ..-common-x64-push_object.o
 0001:000028c0       x64PushObjectStates        00000001400038c0     ..-common-x64-push_object.o
 0001:00002990       x64PushObject              0000000140003990     ..-common-x64-push_object.o
 0001:00002b10       x64PushPipe                0000000140003b10     ..-common-x64-push_object.o
 0001:00002b20       x64QueryLocalObject        0000000140003b20     ..-common-x64-query_object.o
 0001:00002b80       x64OnQueryObject           0000000140003b80     ..-common-x64-query_object.o
 0001:00002c00       x64QueryObjectStates       0000000140003c00     ..-common-x64-query_object.o
 0001:00002cc0       x64QueryObject             0000000140003cc0     ..-common-x64-query_object.o
 0001:00002e00       x64QueryPipe               0000000140003e00     ..-common-x64-query_object.o
 0001:00002e10       x64SleepStates             0000000140003e10     ..-common-x64-sleep.o
 0001:00002e40       x64Sleep                   0000000140003e40     ..-common-x64-sleep.o
 0001:00002ea0       equal_bytes                0000000140003ea0     ..-common-api.o
 0001:00002f00       GetHashtableNoLock         0000000140003f00     ..-common-api.o
 0001:00003120       SetHashtableNoLock         0000000140004120     ..-common-api.o
 0001:00003680       GetHashtable               0000000140004680     ..-common-api.o
 0001:000036d0       SetHashtable               00000001400046d0     ..-common-api.o
 0001:00003710       i64_get                    0000000140004710     ..-common-api.o
 0001:000038d0       i64GetHashtableNoLock      00000001400048d0     ..-common-api.o
 0001:000038e0       i64SetHashtableNoLock      00000001400048e0     ..-common-api.o
 0001:00003a30       i64GetHashtable            0000000140004a30     ..-common-api.o
 0001:00003a40       i64SetHashtable            0000000140004a40     ..-common-api.o
 0001:00003a50       InitInternalStructures     0000000140004a50     ..-common-api.o
 0001:00003d20       castOnQueryObject          0000000140004d20     ..-common-cast_provider.o
 0001:00003e00       anyCastStates              0000000140004e00     ..-common-cast_provider.o
 0001:00004510       anyCastProvider            0000000140005510     ..-common-cast_provider.o
 0001:000045c0       init_gpu_subsystem         00000001400055c0     ..-common-gpu_subsystem.o
 0001:000051a0       gpuBuildFromText           00000001400061a0     ..-common-gpu_subsystem.o
 0001:000053c0       gpuAlloc                   00000001400063c0     ..-common-gpu_subsystem.o
 0001:000053f0       gpuRun                     00000001400063f0     ..-common-gpu_subsystem.o
 0001:00005460       gpuFinishQueuesOnPlatform  0000000140006460     ..-common-gpu_subsystem.o
 0001:000054c0       gpuFinishQueue             00000001400064c0     ..-common-gpu_subsystem.o
 0001:000054e0       StartInitialProcess        00000001400064e0     ..-common-hive_entry.o
 0001:00005700       scheduler_init             0000000140006700     ..-common-queue.o
 0001:000057d0       scheduler_enqueue_with_affinity 00000001400067d0     ..-common-queue.o
 0001:00005850       scheduler_enqueue          0000000140006850     ..-common-queue.o
 0001:000059d0       scheduler_dequeue          00000001400069d0     ..-common-queue.o
 0001:00005b90       b_send                     0000000140006b90     ..-common-remote.o
 0001:00005c40       b_flush                    0000000140006c40     ..-common-remote.o
 0001:00005c80       GetConnectionById          0000000140006c80     ..-common-remote.o
 0001:00005cd0       ConfirmPage                0000000140006cd0     ..-common-remote.o
 0001:00005d30       ConfirmID                  0000000140006d30     ..-common-remote.o
 0001:00005d80       HandleNewConnection        0000000140006d80     ..-common-remote.o
 0001:00005f10       UpdateWaitingPush          0000000140006f10     ..-common-remote.o
 0001:00006110       AnswerPushObject           0000000140007110     ..-common-remote.o
 0001:000061a0       SendPageAllocationConfirm  00000001400071a0     ..-common-remote.o
 0001:00006210       SendIDConfirm              0000000140007210     ..-common-remote.o
 0001:00006280       RedirectBroadcastQuery     0000000140007280     ..-common-remote.o
 0001:000063a0       RedirectBroadcastIDQuery   00000001400073a0     ..-common-remote.o
 0001:000064b0       ConfirmConnection          00000001400074b0     ..-common-remote.o
 0001:000065c0       InitiateConnection         00000001400075c0     ..-common-remote.o
 0001:00006820       RequestMemoryPage          0000000140007820     ..-common-remote.o
 0001:00006920       RequestServerId            0000000140007920     ..-common-remote.o
 0001:00006a00       AnswerQueryObject          0000000140007a00     ..-common-remote.o
 0001:00006ac0       AnswerRequestObjectPath    0000000140007ac0     ..-common-remote.o
 0001:00006bc0       RequestObjectPathBroadcast 0000000140007bc0     ..-common-remote.o
 0001:00006d50       AnswerRequestPathToID      0000000140007d50     ..-common-remote.o
 0001:00006e50       RequestPathToIDBroadcast   0000000140007e50     ..-common-remote.o
 0001:00006fe0       RequestObjectGet           0000000140007fe0     ..-common-remote.o
 0001:000070f0       RequestObjectSet           00000001400080f0     ..-common-remote.o
 0001:00007350       StartNewWorkerRemote       0000000140008350     ..-common-remote.o
 0001:00007430       SendHiveState              0000000140008430     ..-common-remote.o
 0001:00007550       start_remote_subsystem     0000000140008550     ..-common-remote.o
 0001:00009490       RegisterObjectWithId       000000014000a490     ..-common-runtime.o
 0001:000094b0       GetNewObjectId             000000014000a4b0     ..-common-runtime.o
 0001:00009540       universalPauseWorker       000000014000a540     ..-common-runtime.o
 0001:000095b0       universalUpdateLocalPush   000000014000a5b0     ..-common-runtime.o
 0001:000095c0       UpdateFromQueryResult      000000014000a5c0     ..-common-runtime.o
 0001:00009600       PrintObject                000000014000a600     ..-common-runtime.o
 0001:00009610       WaitListNode               000000014000a610     ..-common-runtime.o
 0001:00009640       WaitListWorker             000000014000a640     ..-common-runtime.o
 0001:00009680       EnqueueWorkerFromWaitList  000000014000a680     ..-common-runtime.o
 0001:00009710       UpdateWaitingWorkers       000000014000a710     ..-common-runtime.o
 0001:000098e0       StartNewWorker             000000014000a8e0     ..-common-runtime.o
 0001:00009aa0       LoadWorker                 000000014000aaa0     ..-common-runtime.o
 0001:0000a240       entry                      000000014000b240     ..-common-runtime.o
 0001:0000a860       WaitListUpdateWorker       000000014000b860     ..-common-sheduler.o
 0001:0000a880       SheduleWorker              000000014000b880     ..-common-sheduler.o
 0001:0000a970       ShedulerInstance           000000014000b970     ..-common-sheduler.o
 0001:0000a9f0       TryStallSheduler           000000014000b9f0     ..-common-sheduler.o
 0001:0000aa70       MasterSheduler             000000014000ba70     ..-common-sheduler.o
 0001:0000ae40       ShedulerStart              000000014000be40     ..-common-sheduler.o
 0001:0000b024       x64_fastPushObject         000000014000c024     asm.o
 0001:0000b08d       x64_fastQueryObject        000000014000c08d     asm.o
 0001:0000b0f6       x64_fastNewObject          000000014000c0f6     asm.o
 0001:0000b15f       x64_fastCallObject         000000014000c15f     asm.o
 0001:0000b1c8       x64_fastPushPipe           000000014000c1c8     asm.o
 0001:0000b231       x64_fastQueryPipe          000000014000c231     asm.o
 0001:0000b29a       x64_fastSleep              000000014000c29a     asm.o
 0001:0000b303       gpu_fastNewObject          000000014000c303     asm.o
 0001:0000b36c       gpu_fastCallObject         000000014000c36c     asm.o
 0001:0000b3d5       loc_fastNewObject          000000014000c3d5     asm.o
 0001:0000b43e       dll_fastCallObject         000000014000c43e     asm.o
 0001:0000b4a7       any_fastCastProvider       000000014000c4a7     asm.o
 0001:0000b510       x64AsmExecuteWorker        000000014000c510     asm.o
 0001:0000b572       setjmpUN                   000000014000c572     asm.o
 0001:0000b5a5       longjmpUN                  000000014000c5a5     asm.o
 0001:0000b5ce       DllCall                    000000014000c5ce     asm.o
 0001:0000b660       GdiSetBatchLimit           000000014000c660     gdi32:GDI32.dll
 0001:0000b670       CommandLineToArgvW         000000014000c670     shell32:SHELL32.dll
 0001:0000b680       AcquireSRWLockExclusive    000000014000c680     kernel32:KERNEL32.dll
 0001:0000b690       AcquireSRWLockShared       000000014000c690     kernel32:KERNEL32.dll
 0001:0000b6a0       CloseHandle                000000014000c6a0     kernel32:KERNEL32.dll
 0001:0000b6b0       CreateEventW               000000014000c6b0     kernel32:KERNEL32.dll
 0001:0000b6c0       CreateFileW                000000014000c6c0     kernel32:KERNEL32.dll
 0001:0000b6d0       CreateIoCompletionPort     000000014000c6d0     kernel32:KERNEL32.dll
 0001:0000b6e0       CreateThread               000000014000c6e0     kernel32:KERNEL32.dll
 0001:0000b6f0       ExitProcess                000000014000c6f0     kernel32:KERNEL32.dll
 0001:0000b700       GetCommandLineW            000000014000c700     kernel32:KERNEL32.dll
 0001:0000b710       GetConsoleMode             000000014000c710     kernel32:KERNEL32.dll
 0001:0000b720       GetFileSizeEx              000000014000c720     kernel32:KERNEL32.dll
 0001:0000b730       GetLastError               000000014000c730     kernel32:KERNEL32.dll
 0001:0000b740       GetProcAddress             000000014000c740     kernel32:KERNEL32.dll
 0001:0000b750       GetProcessHeap             000000014000c750     kernel32:KERNEL32.dll
 0001:0000b760       GetQueuedCompletionStatus  000000014000c760     kernel32:KERNEL32.dll
 0001:0000b770       GetStdHandle               000000014000c770     kernel32:KERNEL32.dll
 0001:0000b780       GetThreadContext           000000014000c780     kernel32:KERNEL32.dll
 0001:0000b790       HeapAlloc                  000000014000c790     kernel32:KERNEL32.dll
 0001:0000b7a0       HeapFree                   000000014000c7a0     kernel32:KERNEL32.dll
 0001:0000b7b0       HeapReAlloc                000000014000c7b0     kernel32:KERNEL32.dll
 0001:0000b7c0       LoadLibraryA               000000014000c7c0     kernel32:KERNEL32.dll
 0001:0000b7d0       MultiByteToWideChar        000000014000c7d0     kernel32:KERNEL32.dll
 0001:0000b7e0       QueryPerformanceCounter    000000014000c7e0     kernel32:KERNEL32.dll
 0001:0000b7f0       QueryPerformanceFrequency  000000014000c7f0     kernel32:KERNEL32.dll
 0001:0000b800       ReadConsoleW               000000014000c800     kernel32:KERNEL32.dll
 0001:0000b810       ReadFile                   000000014000c810     kernel32:KERNEL32.dll
 0001:0000b820       ReleaseSRWLockExclusive    000000014000c820     kernel32:KERNEL32.dll
 0001:0000b830       ReleaseSRWLockShared       000000014000c830     kernel32:KERNEL32.dll
 0001:0000b840       ResumeThread               000000014000c840     kernel32:KERNEL32.dll
 0001:0000b850       SetEvent                   000000014000c850     kernel32:KERNEL32.dll
 0001:0000b860       SetThreadContext           000000014000c860     kernel32:KERNEL32.dll
 0001:0000b870       Sleep                      000000014000c870     kernel32:KERNEL32.dll
 0001:0000b880       SuspendThread              000000014000c880     kernel32:KERNEL32.dll
 0001:0000b890       TlsAlloc                   000000014000c890     kernel32:KERNEL32.dll
 0001:0000b8a0       TlsFree                    000000014000c8a0     kernel32:KERNEL32.dll
 0001:0000b8b0       TlsGetValue                000000014000c8b0     kernel32:KERNEL32.dll
 0001:0000b8c0       TlsSetValue                000000014000c8c0     kernel32:KERNEL32.dll
 0001:0000b8d0       TryAcquireSRWLockExclusive 000000014000c8d0     kernel32:KERNEL32.dll
 0001:0000b8e0       VirtualAlloc               000000014000c8e0     kernel32:KERNEL32.dll
 0001:0000b8f0       WaitForMultipleObjects     000000014000c8f0     kernel32:KERNEL32.dll
 0001:0000b900       WaitForSingleObject        000000014000c900     kernel32:KERNEL32.dll
 0001:0000b910       WriteConsoleW              000000014000c910     kernel32:KERNEL32.dll
 0001:0000b920       BCryptGenRandom            000000014000c920     bcrypt:bcrypt.dll
 0001:0000b930       WSAGetLastError            000000014000c930     ws2_32:WS2_32.dll
 0001:0000b940       WSARecv                    000000014000c940     ws2_32:WS2_32.dll
 0001:0000b950       WSAStartup                 000000014000c950     ws2_32:WS2_32.dll
 0001:0000b960       accept                     000000014000c960     ws2_32:WS2_32.dll
 0001:0000b970       bind                       000000014000c970     ws2_32:WS2_32.dll
 0001:0000b980       closesocket                000000014000c980     ws2_32:WS2_32.dll
 0001:0000b990       connect                    000000014000c990     ws2_32:WS2_32.dll
 0001:0000b9a0       freeaddrinfo               000000014000c9a0     ws2_32:WS2_32.dll
 0001:0000b9b0       getaddrinfo                000000014000c9b0     ws2_32:WS2_32.dll
 0001:0000b9c0       getsockname                000000014000c9c0     ws2_32:WS2_32.dll
 0001:0000b9d0       htons                      000000014000c9d0     ws2_32:WS2_32.dll
 0001:0000b9e0       listen                     000000014000c9e0     ws2_32:WS2_32.dll
 0001:0000b9f0       ntohs                      000000014000c9f0     ws2_32:WS2_32.dll
 0001:0000ba00       send                       000000014000ca00     ws2_32:WS2_32.dll
 0001:0000ba10       setsockopt                 000000014000ca10     ws2_32:WS2_32.dll
 0001:0000ba20       socket                     000000014000ca20     ws2_32:WS2_32.dll
 0001:0000ba30       clBuildProgram             000000014000ca30     OpenCL:OpenCL.dll
 0001:0000ba40       clCreateBuffer             000000014000ca40     OpenCL:OpenCL.dll
 0001:0000ba50       clCreateCommandQueueWithProperties 000000014000ca50     OpenCL:OpenCL.dll
 0001:0000ba60       clCreateContext            000000014000ca60     OpenCL:OpenCL.dll
 0001:0000ba70       clCreateKernel             000000014000ca70     OpenCL:OpenCL.dll
 0001:0000ba80       clCreateProgramWithSource  000000014000ca80     OpenCL:OpenCL.dll
 0001:0000ba90       clEnqueueNDRangeKernel     000000014000ca90     OpenCL:OpenCL.dll
 0001:0000baa0       clEnqueueReadBuffer        000000014000caa0     OpenCL:OpenCL.dll
 0001:0000bab0       clEnqueueWriteBuffer       000000014000cab0     OpenCL:OpenCL.dll
 0001:0000bac0       clFinish                   000000014000cac0     OpenCL:OpenCL.dll
 0001:0000bad0       clGetDeviceIDs             000000014000cad0     OpenCL:OpenCL.dll
 0001:0000bae0       clGetDeviceInfo            000000014000cae0     OpenCL:OpenCL.dll
 0001:0000baf0       clGetKernelArgInfo         000000014000caf0     OpenCL:OpenCL.dll
 0001:0000bb00       clGetPlatformIDs           000000014000cb00     OpenCL:OpenCL.dll
 0001:0000bb10       clGetPlatformInfo          000000014000cb10     OpenCL:OpenCL.dll
 0001:0000bb20       clGetProgramBuildInfo      000000014000cb20     OpenCL:OpenCL.dll
 0001:0000bb30       clSetKernelArg             000000014000cb30     OpenCL:OpenCL.dll
 0002:00000000       __ymm@0020002000200020002000200020002000200020002000200020002000200020 000000014000d000     .-runtime_lib.o
 0002:00000020       ??_C@_1GM@IPHLEIPK@?$AAE?$AAr?$AAr?$AAo?$AAr?$AA?3?$AA?5?$AAf?$AAa?$AAi?$AAl?$AAe?$AAd?$AA?5?$AAt?$AAo?$AA?5?$AAa?$AAl?$AAl?$AAo?$AAc?$AAa?$AAt?$AAe?$AA?5?$AA?$CF?$AAl?$AAl?$AAd?$AA?5?$AAb@ 000000014000d020     .-runtime_lib.o
 0002:0000008c       ??_C@_1HA@KLDBOMN@?$AAE?$AAr?$AAr?$AAo?$AAr?$AA?3?$AA?5?$AAf?$AAa?$AAi?$AAl?$AAe?$AAd?$AA?5?$AAt?$AAo?$AA?5?$AAr?$AAe?$AAa?$AAl?$AAl?$AAo?$AAc?$AAa?$AAt?$AAe?$AA?5?$AA?$CF?$AAl?$AAl?$AAd@ 000000014000d08c     .-runtime_lib.o
 0002:000000fc       ??_C@_1EI@DJFGOBAG@?$AAE?$AAr?$AAr?$AAo?$AAr?$AA?3?$AA?5?$AAf?$AAa?$AAi?$AAl?$AAe?$AAd?$AA?5?$AAt?$AAo?$AA?5?$AAf?$AAr?$AAe?$AAe?$AA?5?$AAm?$AAe?$AAm?$AAo?$AAr?$AAy?$AA?3?$AA?5?$AA?$CF?$AAl@ 000000014000d0fc     .-runtime_lib.o
 0002:00000144       ??_C@_1CM@EJGKJCED@?$AAA?$AAs?$AAs?$AAe?$AAr?$AAt?$AAi?$AAo?$AAn?$AA?5?$AAf?$AAa?$AAi?$AAl?$AAe?$AAd?$AA?3?$AA?5?$AA?$CF?$AAs?$AA?6?$AA?$AA@ 000000014000d144     .-runtime_lib.o
 0002:00000170       ??_C@_1EI@GJCCEHA@?$AAF?$AAi?$AAl?$AAe?$AA?3?$AA?5?$AA?$CF?$AAs?$AA?0?$AA?5?$AAL?$AAi?$AAn?$AAe?$AA?3?$AA?5?$AA?$CF?$AAl?$AAl?$AAd?$AA?0?$AA?5?$AAF?$AAu?$AAn?$AAc?$AAt?$AAi?$AAo?$AAn?$AA?3?$AA?5@ 000000014000d170     .-runtime_lib.o
 0002:000001cc       ??_C@_1FE@MNCEKKEL@?$AAE?$AAr?$AAr?$AAo?$AAr?$AA?3?$AA?5?$AAU?$AAN?$AAK?$AAN?$AAO?$AAW?$AAN?$AA?5?$AAp?$AAr?$AAo?$AAv?$AAi?$AAd?$AAe?$AAr?$AA?5?$AA?$CF?$AAl?$AAl?$AAd?$AA?5?$AAi?$AAn?$AA?5@ 000000014000d1cc     ..-common-dll-execute_worker.o
 0002:00000220       ??_C@_1HO@GIMLMCLD@?$AAr?$AAe?$AAt?$AAu?$AAr?$AAn?$AAe?$AAd?$AA?5?$AA?$CL?$AA?5?$AAE?$AAr?$AAr?$AAo?$AAr?$AA?$DN?$AA?$CF?$AAl?$AAl?$AAd?$AA?5?$AA?$FL?$AAb?$AAe?$AAf?$AAo?$AAr?$AAe?$AA?5?$AAc?$AAa@ 000000014000d220     ..-common-dll-execute_worker.o
 0002:0000029e       ??_C@_1DO@MBJBKNM@?$AAE?$AAr?$AAr?$AAo?$AAr?$AA?3?$AA?5?$AAa?$AAt?$AA?5?$AAc?$AAl?$AAS?$AAe?$AAt?$AAK?$AAe?$AAr?$AAn?$AAe?$AAl?$AAA?$AAr?$AAg?$AA?5?$AA?$CF?$AAl?$AAl?$AAd?$AA?6?$AA?$AA@ 000000014000d29e     ..-common-gpu-execute_worker.o
 0002:000002dc       ??_C@_1EO@KIFHHFHO@?$AAE?$AAr?$AAr?$AAo?$AAr?$AA?3?$AA?5?$AAa?$AAt?$AA?5?$AAc?$AAl?$AAE?$AAn?$AAq?$AAu?$AAe?$AAu?$AAe?$AAN?$AAD?$AAR?$AAa?$AAn?$AAg?$AAe?$AAK?$AAe?$AAr?$AAn?$AAe?$AAl@ 000000014000d2dc     ..-common-gpu-execute_worker.o
 0002:0000032a       ??_C@_1DO@PIAGAENK@?$AAE?$AAR?$AAR?$AAO?$AAR?$AA?3?$AA?5?$AAg?$AAp?$AAu?$AAA?$AAl?$AAl?$AAo?$AAc?$AA?5?$AAf?$AAa?$AAi?$AAl?$AAe?$AAd?$AA?5?$AA?$FL?$AA?$CF?$AAl?$AAl?$AAd?$AA?$FN?$AA?6?$AA?$AA@ 000000014000d32a     ..-common-gpu-new_object.o
 0002:00000368       ??_C@_1BG@LMPFNDF@?$AAr?$AAe?$AAs?$AAu?$AAl?$AAt?$AA?5?$AA?$CF?$AAp?$AA?6?$AA?$AA@ 000000014000d368     ..-common-gpu-new_object.o
 0002:0000037e       ??_C@_1FM@LBBNKNII@?$AAE?$AAR?$AAR?$AAO?$AAR?$AA?3?$AA?5?$AAP?$AAi?$AAp?$AAe?$AAs?$AA?5?$AAa?$AAr?$AAe?$AA?5?$AAu?$AAn?$AAs?$AAu?$AAp?$AAp?$AAo?$AAr?$AAt?$AAe?$AAd?$AA?5?$AAo?$AAn?$AA?5@ 000000014000d37e     ..-common-gpu-new_object.o
 0002:000003da       ??_C@_1GM@BNFAKJM@?$AAE?$AAR?$AAR?$AAO?$AAR?$AA?3?$AA?5?$AAP?$AAi?$AAp?$AAe?$AAs?$AA?5?$AAa?$AAr?$AAe?$AA?5?$AAu?$AAn?$AAs?$AAu?$AAp?$AAp?$AAo?$AAr?$AAt?$AAe?$AAd?$AA?5?$AAo?$AAn?$AA?5@ 000000014000d3da     ..-common-gpu-new_object.o
 0002:00000446       ??_C@_1EG@FBJBJMFK@?$AAN?$AAO?$AAT?$AA?5?$AAS?$AAU?$AAP?$AAP?$AAO?$AAR?$AAT?$AAE?$AAD?$AA?3?$AA?5?$AAp?$AAu?$AAs?$AAh?$AA?5?$AAi?$AAn?$AA?5?$AAg?$AAp?$AAu?$AA?5?$AAo?$AAb?$AAj?$AAe?$AAc@ 000000014000d446     ..-common-gpu-push_object.o
 0002:0000048c       ??_C@_1FE@GJLEMBH@?$AAN?$AAO?$AAT?$AA?5?$AAS?$AAU?$AAP?$AAP?$AAO?$AAR?$AAT?$AAE?$AAD?$AA?3?$AA?5?$AAp?$AAu?$AAs?$AAh?$AA?5?$AAi?$AAn?$AA?5?$AAg?$AAp?$AAu?$AA?5?$AAo?$AAb?$AAj?$AAe?$AAc@ 000000014000d48c     ..-common-gpu-push_object.o
 0002:000004e0       ??_C@_1EI@EPHKLIAN@?$AAN?$AAO?$AAT?$AA?5?$AAS?$AAU?$AAP?$AAP?$AAO?$AAR?$AAT?$AAE?$AAD?$AA?3?$AA?5?$AAq?$AAu?$AAe?$AAr?$AAy?$AA?5?$AAi?$AAn?$AA?5?$AAg?$AAp?$AAu?$AA?5?$AAo?$AAb?$AAj?$AAe@ 000000014000d4e0     ..-common-gpu-query_object.o
 0002:00000528       ??_C@_1FG@PCBNEEAC@?$AAN?$AAO?$AAT?$AA?5?$AAS?$AAU?$AAP?$AAP?$AAO?$AAR?$AAT?$AAE?$AAD?$AA?3?$AA?5?$AAq?$AAu?$AAe?$AAr?$AAy?$AA?5?$AAi?$AAn?$AA?5?$AAg?$AAp?$AAu?$AA?5?$AAo?$AAb?$AAj?$AAe@ 000000014000d528     ..-common-gpu-query_object.o
 0002:00000660       __ymm@0000000000000006fffffffffffffff000000000000000000000000000000003 000000014000d660     ..-common-cast_provider.o
 0002:00000680       ??_C@_1FE@BCAGMINK@?$AAE?$AAr?$AAr?$AAo?$AAr?$AA?3?$AA?5?$AAn?$AAo?$AA?5?$AAk?$AAn?$AAo?$AAw?$AAn?$AA?5?$AAs?$AAi?$AAz?$AAe?$AA?5?$AAf?$AAo?$AAr?$AA?5?$AAn?$AAo?$AAt?$AA?5?$AAa?$AAr?$AAr@ 000000014000d680     ..-common-cast_provider.o
 0002:000006d4       ??_C@_1FK@KDAFABDO@?$AAE?$AAr?$AAr?$AAo?$AAr?$AA?3?$AA?5?$AAl?$AAo?$AAc?$AAa?$AAl?$AA?5?$AAo?$AAb?$AAj?$AAe?$AAc?$AAt?$AA?5?$AAw?$AAa?$AAs?$AA?5?$AAr?$AAe?$AAm?$AAo?$AAv?$AAe?$AAd?$AA?5@ 000000014000d6d4     ..-common-cast_provider.o
 0002:0000072e       ??_C@_1FO@HMOHPFHI@?$AAE?$AAr?$AAr?$AAo?$AAr?$AA?5?$AAh?$AAa?$AAp?$AAp?$AAe?$AAn?$AA?5?$AAw?$AAh?$AAi?$AAl?$AAe?$AA?5?$AAc?$AAl?$AAE?$AAn?$AAq?$AAu?$AAe?$AAu?$AAe?$AAR?$AAe?$AAa?$AAd@ 000000014000d72e     ..-common-cast_provider.o
 0002:0000078c       ??_C@_1GA@EEKPNAGK@?$AAE?$AAr?$AAr?$AAo?$AAr?$AA?5?$AAh?$AAa?$AAp?$AAp?$AAe?$AAn?$AA?5?$AAw?$AAh?$AAi?$AAl?$AAe?$AA?5?$AAc?$AAl?$AAE?$AAn?$AAq?$AAu?$AAe?$AAu?$AAe?$AAW?$AAr?$AAi?$AAt@ 000000014000d78c     ..-common-cast_provider.o
 0002:000007ec       ??_C@_1IA@HIJJNPCH@?$AAE?$AAR?$AAR?$AAO?$AAR?$AA?3?$AA?5?$AAn?$AAo?$AAt?$AA?5?$AAs?$AAu?$AAp?$AAp?$AAo?$AAr?$AAt?$AAe?$AAd?$AA?5?$AAc?$AAo?$AAn?$AAv?$AAe?$AAr?$AAs?$AAi?$AAo?$AAn?$AA?5@ 000000014000d7ec     ..-common-cast_provider.o
 0002:0000086c       ??_C@_1EC@CFAEGHOO@?$AAE?$AAr?$AAr?$AAo?$AAr?$AA?5?$AAa?$AAt?$AA?5?$AAc?$AAl?$AAC?$AAr?$AAe?$AAa?$AAt?$AAe?$AAC?$AAo?$AAn?$AAt?$AAe?$AAx?$AAt?$AA?5?$AA?$FL?$AA?$CF?$AAl?$AAl?$AAd?$AA?$FN?$AA?6@ 000000014000d86c     ..-common-gpu_subsystem.o
 0002:000008ae       ??_C@_1GI@JODPKPLM@?$AAE?$AAr?$AAr?$AAo?$AAr?$AA?5?$AAa?$AAt?$AA?5?$AAc?$AAl?$AAC?$AAr?$AAe?$AAa?$AAt?$AAe?$AAC?$AAo?$AAm?$AAm?$AAa?$AAn?$AAd?$AAQ?$AAu?$AAe?$AAu?$AAe?$AAW?$AAi?$AAt@ 000000014000d8ae     ..-common-gpu_subsystem.o
 0002:00000916       ??_C@_0FA@OKGFDHAO@?9cl?9single?9precision?9constant?5?9c@ 000000014000d916     ..-common-gpu_subsystem.o
 0002:00000966       ??_C@_1DE@FJCPKFIJ@?$AAB?$AAu?$AAi?$AAl?$AAd?$AAP?$AAr?$AAo?$AAg?$AAr?$AAa?$AAm?$AA?5?$AAE?$AAr?$AAr?$AAo?$AAr?$AA?3?$AA?5?$AA?$CF?$AAl?$AAl?$AAd?$AA?6?$AA?$AA@ 000000014000d966     ..-common-gpu_subsystem.o
 0002:0000099a       ??_C@_19PDAGFAKM@?$AA?4?$AA?4?$AA?4?$AA?6?$AA?$AA@ 000000014000d99a     ..-common-gpu_subsystem.o
 0002:000009a4       ??_C@_1CO@HIIDKPPP@?$AAB?$AAu?$AAi?$AAl?$AAd?$AAI?$AAn?$AAf?$AAo?$AA?5?$AAE?$AAr?$AAr?$AAo?$AAr?$AA?3?$AA?5?$AA?$CF?$AAl?$AAl?$AAd?$AA?6?$AA?$AA@ 000000014000d9a4     ..-common-gpu_subsystem.o
 0002:000009d2       ??_C@_1DA@GJKLKGNM@?$AAB?$AAu?$AAi?$AAl?$AAd?$AAI?$AAn?$AAf?$AAo?$AA2?$AA?5?$AAE?$AAr?$AAr?$AAo?$AAr?$AA?3?$AA?5?$AA?$CF?$AAl?$AAl?$AAd?$AA?6?$AA?$AA@ 000000014000d9d2     ..-common-gpu_subsystem.o
 0002:00000a02       ??_C@_1DA@CBNNMJJB@?$AAE?$AAr?$AAr?$AAo?$AAr?$AA?5?$AAI?$AAn?$AAf?$AAo?$AA?3?$AA?5?$AAc?$AAo?$AAd?$AAe?$AA?$DN?$AA?$CF?$AAl?$AAl?$AAd?$AA?3?$AA?6?$AA?$AA@ 000000014000da02     ..-common-gpu_subsystem.o
 0002:00000a32       ??_C@_1CA@CAEDKLHA@?$AA?$CF?$AA0?$AA2?$AAx?$AA?5?$AA?$CF?$AA0?$AA2?$AAx?$AA?5?$AA?$CF?$AA0?$AA2?$AAx?$AA?6?$AA?$AA@ 000000014000da32     ..-common-gpu_subsystem.o
 0002:00000a52       ??_C@_17MJEANDKP@?$AA?$CF?$AAs?$AA?6?$AA?$AA@ 000000014000da52     ..-common-gpu_subsystem.o
 0002:00000a5a       ??_C@_1CO@DCKAPNAK@?$AAw?$AAa?$AAi?$AAt?$AAi?$AAn?$AAg?$AA?5?$AAs?$AAt?$AAa?$AAr?$AAt?$AAu?$AAp?$AA?5?$AAp?$AAa?$AAg?$AAe?$AAs?$AA?6?$AA?$AA@ 000000014000da5a     ..-common-hive_entry.o
 0002:00000a88       ??_C@_1EI@OLFKDNEP@?$AAE?$AAr?$AAr?$AAo?$AAr?$AA?3?$AA?5?$AAa?$AAl?$AAl?$AAo?$AAc?$AAa?$AAt?$AAe?$AAd?$AA?5?$AAa?$AAr?$AAr?$AAa?$AAy?$AA?5?$AAi?$AAs?$AAn?$AA?8?$AAt?$AA?5?$AAl?$AAo?$AAc@ 000000014000da88     ..-common-hive_entry.o
 0002:00000b70       ??_C@_1DE@OFJFJIIH@?$AAS?$AAe?$AAr?$AAv?$AAe?$AAr?$AA?5?$AAi?$AAd?$AA?$DN?$AA?$CF?$AAl?$AAl?$AAd?$AA?5?$AAc?$AAo?$AAn?$AAf?$AAi?$AAr?$AAm?$AAe?$AAd?$AA?6?$AA?$AA@ 000000014000db70     ..-common-remote.o
 0002:00000ba4       ??_C@_1CG@DJLPCGPG@?$AAC?$AAl?$AAi?$AAe?$AAn?$AAt?$AA?5?$AAc?$AAo?$AAn?$AAn?$AAe?$AAc?$AAt?$AAe?$AAd?$AA?$CB?$AA?6?$AA?$AA@ 000000014000dba4     ..-common-remote.o
 0002:00000bca       ??_C@_1FK@FPKJOMKP@?$AAE?$AAr?$AAr?$AAo?$AAr?$AA?3?$AA?5?$AAC?$AAo?$AAu?$AAl?$AAd?$AA?5?$AAn?$AAo?$AAt?$AA?5?$AAc?$AAo?$AAn?$AAn?$AAe?$AAc?$AAt?$AA?5?$AAt?$AAo?$AA?5?$AA?$CF?$AAs?$AA?5?$AA?$FL@ 000000014000dbca     ..-common-remote.o
 0002:00000c24       ??_C@_1LE@PPGJDLMH@?$AA?$FL?$AAp?$AA?5?$AA?$DM?$AAp?$AAo?$AAr?$AAt?$AA?$DO?$AA?$FN?$AA?5?$AAt?$AAo?$AA?5?$AAs?$AAe?$AAl?$AAe?$AAc?$AAt?$AA?5?$AAp?$AAo?$AAr?$AAt?$AA?5?$AA?$FL?$AAc?$AA?5?$AA?$DM?$AAi?$AAp@ 000000014000dc24     ..-common-remote.o
 0002:00000cd8       ??_C@_1BO@BCIJKPCC@?$AAE?$AAn?$AAt?$AAe?$AAr?$AA?5?$AAc?$AAo?$AAm?$AAm?$AAa?$AAn?$AAd?$AA?$DO?$AA?$AA@ 000000014000dcd8     ..-common-remote.o
 0002:00000cf6       ??_C@_1CK@IMAGNILG@?$AAC?$AAo?$AAn?$AAf?$AAi?$AAr?$AAm?$AAe?$AAd?$AA?5?$AAp?$AAo?$AAr?$AAt?$AA?$DN?$AA?$CF?$AAl?$AAl?$AAd?$AA?6?$AA?$AA@ 000000014000dcf6     ..-common-remote.o
 0002:00000d20       ??_C@_1DG@NNMMEGKD@?$AAS?$AAe?$AAl?$AAe?$AAc?$AAt?$AAe?$AAd?$AA?5?$AAc?$AAo?$AAn?$AAn?$AAe?$AAc?$AAt?$AA?5?$AAc?$AAo?$AAm?$AAm?$AAa?$AAn?$AAd?$AA?4?$AA?6?$AA?$AA@ 000000014000dd20     ..-common-remote.o
 0002:00000d56       ??_C@_1CI@KPENLAE@?$AAE?$AAn?$AAt?$AAe?$AAr?$AA?5?$AAI?$AAP?$AA?5?$AAa?$AAn?$AAd?$AA?5?$AAP?$AAO?$AAR?$AAT?$AA?4?$AA?6?$AA?$AA@ 000000014000dd56     ..-common-remote.o
 0002:00000d7e       ??_C@_1EG@CAHECGOL@?$AAT?$AAr?$AAy?$AAi?$AAn?$AAg?$AA?5?$AAt?$AAo?$AA?5?$AAc?$AAo?$AAn?$AAn?$AAe?$AAc?$AAt?$AA?5?$AAt?$AAo?$AA?5?$AA?$FL?$AA?$CF?$AAs?$AA?$FN?$AA?5?$AA?$FL?$AA?$CF?$AAs?$AA?$FN?$AA?4?$AA?4@ 000000014000dd7e     ..-common-remote.o
 0002:00000dc4       ??_C@_1DG@GLOHHOJG@?$AAT?$AAe?$AAm?$AAp?$AAo?$AAr?$AAa?$AAr?$AAy?$AA?5?$AAl?$AAo?$AAc?$AAa?$AAl?$AA_?$AAi?$AAd?$AA?5?$AA?$DN?$AA?5?$AA?$CF?$AAl?$AAl?$AAd?$AA?6?$AA?$AA@ 000000014000ddc4     ..-common-remote.o
 0002:00000dfa       ??_C@_1DC@MOJEJJIM@?$AAC?$AAo?$AAn?$AAf?$AAi?$AAg?$AAu?$AAr?$AAa?$AAt?$AAi?$AAo?$AAn?$AA?5?$AAc?$AAo?$AAn?$AAf?$AAi?$AAr?$AAm?$AAe?$AAd?$AA?6?$AA?$AA@ 000000014000ddfa     ..-common-remote.o
 0002:00000e2c       ??_C@_1DM@PKIKMHMJ@?$AA?$FL?$AAN?$AAE?$AAT?$AAW?$AAO?$AAR?$AAK?$AA?$FN?$AA?3?$AA?5?$AAP?$AAe?$AAe?$AAr?$AA?5?$AAd?$AAi?$AAs?$AAc?$AAo?$AAn?$AAn?$AAe?$AAc?$AAt?$AAe?$AAd?$AA?6?$AA?$AA@ 000000014000de2c     ..-common-remote.o
 0002:00000e68       ??_C@_1FE@JBHEOMDM@?$AAc?$AAo?$AAn?$AAn?$AAe?$AAc?$AAt?$AAi?$AAo?$AAn?$AA?5?$AAw?$AAa?$AAs?$AA?5?$AAc?$AAl?$AAo?$AAs?$AAe?$AAd?$AA?4?$AA?5?$AA?$FL?$AAl?$AAo?$AAc?$AAa?$AAl?$AA_?$AAi?$AAd@ 000000014000de68     ..-common-remote.o
 0002:00000ebc       ??_C@_1LA@ICLCBFDH@?$AAE?$AAr?$AAr?$AAo?$AAr?$AA?3?$AA?5?$AAA?$AAP?$AAI?$AA_?$AAA?$AAN?$AAS?$AAW?$AAE?$AAR?$AA_?$AAR?$AAE?$AAQ?$AAU?$AAE?$AAS?$AAT?$AA_?$AAC?$AAO?$AAN?$AAN?$AAE?$AAC@ 000000014000debc     ..-common-remote.o
 0002:00000f6c       ??_C@_1DK@EHAPFJND@?$AAs?$AAe?$AAr?$AAv?$AAe?$AAr?$AA?5?$AAs?$AAt?$AAa?$AAr?$AAt?$AAe?$AAd?$AA?5?$AAo?$AAn?$AA?5?$AAp?$AAo?$AAr?$AAt?$AA?5?$AA?$CF?$AAl?$AAl?$AAd?$AA?6?$AA?$AA@ 000000014000df6c     ..-common-remote.o
 0002:00000fa6       ??_C@_1CM@OOKLEHNG@?$AAg?$AAe?$AAt?$AA?5?$AAn?$AAa?$AAm?$AAe?$AA?5?$AAf?$AAa?$AAi?$AAl?$AAe?$AAd?$AA?5?$AA?$CF?$AAl?$AAl?$AAd?$AA?6?$AA?$AA@ 000000014000dfa6     ..-common-remote.o
 0002:00000fd2       ??_C@_1CG@NGNGJBNB@?$AAE?$AAr?$AAr?$AAo?$AAr?$AA?5?$AAh?$AAa?$AAp?$AAp?$AAe?$AAn?$AA?5?$AA?$CF?$AAl?$AAl?$AAd?$AA?6?$AA?$AA@ 000000014000dfd2     ..-common-remote.o
 0002:0000131c       ??_C@_1GG@FCHEHEMI@?$AAE?$AAr?$AAr?$AAo?$AAr?$AA?3?$AA?5?$AAt?$AAh?$AAi?$AAs?$AA?5?$AAw?$AAo?$AAr?$AAk?$AAe?$AAr?$AA?5?$AAd?$AAo?$AAe?$AAn?$AA?8?$AAt?$AA?5?$AAs?$AAu?$AAp?$AAp?$AAo?$AAr@ 000000014000e31c     ..-common-runtime.o
 0002:00001382       ??_C@_1IE@FHIKABLD@?$AAE?$AAr?$AAr?$AAo?$AAr?$AA?3?$AA?5?$AAc?$AAa?$AAn?$AA?8?$AAt?$AA?5?$AAr?$AAu?$AAn?$AA?5?$AAr?$AAe?$AAm?$AAo?$AAt?$AAe?$AA?5?$AAw?$AAo?$AAr?$AAk?$AAe?$AAr?$AA?5?$AA?$CF@ 000000014000e382     ..-common-runtime.o
 0002:00001406       ??_C@_1HE@GOIHIEDE@?$AAE?$AAr?$AAr?$AAo?$AAr?$AA?3?$AA?5?$AAp?$AAr?$AAo?$AAv?$AAi?$AAd?$AAe?$AAr?$AA?5?$AA?$CF?$AAl?$AAl?$AAd?$AA?5?$AAd?$AAo?$AAe?$AAs?$AAn?$AA?8?$AAt?$AA?5?$AAs?$AAu?$AAp@ 000000014000e406     ..-common-runtime.o
 0002:0000147a       ??_C@_1JE@CPFCJBNI@?$AAE?$AAR?$AAR?$AAO?$AAR?$AA?3?$AA?5?$AAR?$AAu?$AAn?$AAt?$AAi?$AAm?$AAe?$AA?5?$AAe?$AAn?$AAd?$AAp?$AAo?$AAi?$AAn?$AAt?$AA?5?$AA?$CF?$AAl?$AAl?$AAd?$AA?5?$AAd?$AAo?$AAe@ 000000014000e47a     ..-common-runtime.o
 0002:0000150e       ??_C@_1HI@GNCDLKLI@?$AAE?$AAr?$AAr?$AAo?$AAr?$AA?3?$AA?5?$AAr?$AAu?$AAn?$AAt?$AAi?$AAm?$AAe?$AA?5?$AAd?$AAo?$AAe?$AAs?$AAn?$AA?8?$AAt?$AA?5?$AAs?$AAu?$AAp?$AAp?$AAo?$AAr?$AAt?$AA?5?$AAs@ 000000014000e50e     ..-common-runtime.o
 0002:00001586       ??_C@_1CI@PHCDEMOE@?$AAb?$AAu?$AAi?$AAl?$AAd?$AAi?$AAn?$AAg?$AA?5?$AAk?$AAe?$AAr?$AAn?$AAe?$AAl?$AA?4?$AA?4?$AA?4?$AA?6?$AA?$AA@ 000000014000e586     ..-common-runtime.o
 0002:000015ae       ??_C@_04JNAIOECI@krnl?$AA@ 000000014000e5ae     ..-common-runtime.o
 0002:000015b4       ??_C@_1DI@MMAOAOLJ@?$AAE?$AAr?$AAr?$AAo?$AAr?$AA?3?$AA?5?$AAk?$AAe?$AAr?$AAn?$AAe?$AAl?$AA?5?$AAb?$AAu?$AAi?$AAl?$AAd?$AA?5?$AAf?$AAa?$AAi?$AAl?$AAe?$AAd?$AA?6?$AA?$AA@ 000000014000e5b4     ..-common-runtime.o
 0002:000015ec       ??_C@_1EK@KKIKLCHH@?$AAG?$AAp?$AAu?$AA?5?$AAs?$AAu?$AAs?$AAs?$AAy?$AAs?$AAt?$AAe?$AAm?$AA?5?$AAi?$AAn?$AAi?$AAt?$AAi?$AAa?$AAl?$AAi?$AAz?$AAa?$AAt?$AAi?$AAo?$AAn?$AA?5?$AAf?$AAa?$AAi@ 000000014000e5ec     ..-common-runtime.o
 0002:00001636       ??_C@_1CC@DEIAIPBB@?$AA?4?$AA?4?$AA?1?$AA?4?$AA?4?$AA?1?$AA?4?$AA?4?$AA?1?$AAr?$AAe?$AAs?$AA?4?$AAb?$AAi?$AAn?$AA?$AA@ 000000014000e636     ..-common-runtime.o
 0002:00001658       ??_C@_1FC@OGJDIOEJ@?$AAE?$AAr?$AAr?$AAo?$AAr?$AA?3?$AA?5?$AAc?$AAa?$AAn?$AA?8?$AAt?$AA?5?$AAo?$AAp?$AAe?$AAn?$AA?5?$AA?4?$AA?4?$AA?1?$AA?4?$AA?4?$AA?1?$AA?4?$AA?4?$AA?1?$AAr?$AAe?$AAs?$AA?4?$AAb@ 000000014000e658     ..-common-runtime.o
 0002:000016aa       ??_C@_1EG@BBCENLFA@?$AAT?$AAh?$AAi?$AAs?$AA?5?$AAh?$AAi?$AAv?$AAe?$AA?5?$AAw?$AAi?$AAl?$AAl?$AA?5?$AAn?$AAo?$AAt?$AA?5?$AAr?$AAe?$AAa?$AAd?$AA?5?$AAa?$AAn?$AAy?$AA?5?$AAs?$AAt?$AAd?$AAi@ 000000014000e6aa     ..-common-runtime.o
 0002:000016f0       ??_C@_1EG@OCFMCBJL@?$AAT?$AAh?$AAi?$AAs?$AA?5?$AAh?$AAi?$AAv?$AAe?$AA?5?$AAw?$AAi?$AAl?$AAl?$AA?5?$AAn?$AAo?$AAt?$AA?5?$AAs?$AAt?$AAo?$AAp?$AA?5?$AAe?$AAx?$AAe?$AAc?$AAu?$AAt?$AAi?$AAo@ 000000014000e6f0     ..-common-runtime.o
 0002:00001736       ??_C@_1DG@MIGAGMEC@?$AAI?$AAn?$AAp?$AAu?$AAt?$AA?5?$AAw?$AAi?$AAl?$AAl?$AA?5?$AAb?$AAe?$AA?5?$AAl?$AAo?$AAc?$AAa?$AAl?$AA?5?$AAa?$AAr?$AAr?$AAa?$AAy?$AA?6?$AA?$AA@ 000000014000e736     ..-common-runtime.o
 0002:0000176c       ??_C@_1DA@LKDLAMFA@?$AAS?$AAe?$AAt?$AA?5?$AAn?$AAu?$AAm?$AA?5?$AAt?$AAh?$AAr?$AAe?$AAa?$AAd?$AAs?$AA?5?$AA?$DN?$AA?5?$AA?$CF?$AAl?$AAl?$AAd?$AA?6?$AA?$AA@ 000000014000e76c     ..-common-runtime.o
 0002:0000179c       ??_C@_1II@FCFHMELI@?$AAE?$AAr?$AAr?$AAo?$AAr?$AA?3?$AA?5?$AAt?$AAh?$AAi?$AAs?$AA?5?$AAb?$AAu?$AAi?$AAl?$AAd?$AA?5?$AAd?$AAo?$AAe?$AAs?$AAn?$AA?8?$AAt?$AA?5?$AAa?$AAl?$AAl?$AAo?$AAw?$AA?5@ 000000014000e79c     ..-common-runtime.o
 0002:00001824       ??_C@_1DE@PNGABHJK@?$AAS?$AAe?$AAt?$AA?5?$AAh?$AAi?$AAv?$AAe?$AA?5?$AAa?$AAs?$AA?5?$AAp?$AAr?$AAo?$AAt?$AAe?$AAc?$AAt?$AAo?$AAr?$AAa?$AAt?$AAe?$AA?6?$AA?$AA@ 000000014000e824     ..-common-runtime.o
 0002:00001858       ??_C@_1DG@MLIAHCGJ@?$AAS?$AAe?$AAt?$AA?5?$AAc?$AAh?$AAu?$AAn?$AAk?$AA?5?$AAt?$AAi?$AAm?$AAe?$AA?5?$AAt?$AAo?$AA?5?$AA?$CF?$AAl?$AAl?$AAd?$AA?5?$AAu?$AAs?$AA?6?$AA?$AA@ 000000014000e858     ..-common-runtime.o
 0002:0000188e       ??_C@_1EC@FNPNOOPH@?$AAU?$AAn?$AAk?$AAn?$AAo?$AAw?$AAn?$AA?5?$AAc?$AAm?$AAd?$AAl?$AAi?$AAn?$AAe?$AA?5?$AAp?$AAa?$AAr?$AAa?$AAm?$AAe?$AAt?$AAe?$AAr?$AA?3?$AA?5?$AA?$CF?$AAl?$AAl?$AAd?$AA?6@ 000000014000e88e     ..-common-runtime.o
 0002:000018d0       ??_C@_1CE@CFOOJILH@?$AAN?$AAU?$AAM?$AA_?$AAT?$AAH?$AAR?$AAE?$AAA?$AAD?$AAS?$AA?$DN?$AA?$CF?$AAl?$AAl?$AAd?$AA?6?$AA?$AA@ 000000014000e8d0     ..-common-runtime.o
 0002:000018f4       ??_C@_1BI@KEMCAKCM@?$AAR?$AAu?$AAn?$AAn?$AAi?$AAn?$AAg?$AA?4?$AA?4?$AA?4?$AA?6?$AA?$AA@ 000000014000e8f4     ..-common-runtime.o
 0002:0000190c       ??_C@_1KG@MGKLLKBJ@?$AA?9?$AA?9?$AA?9?$AA?9?$AA?9?$AA?9?$AA?9?$AA?9?$AA?9?$AA?9?$AA?9?$AA?9?$AA?9?$AA?9?$AA?9?$AA?9?$AA?9?$AA?9?$AA?9?$AA?9?$AA?9?$AA?9?$AA?9?$AA?9?$AA?9?$AA?9?$AA?9?$AA?9?$AA?9?$AA?9?$AA?9?$AA?9@ 000000014000e90c     ..-common-runtime.o
 0002:000019b2       ??_C@_1KC@PDECPKAN@?$AA?9?$AA?9?$AA?9?$AA?9?$AA?9?$AA?9?$AA?9?$AA?9?$AA?9?$AA?9?$AA?9?$AA?9?$AA?9?$AA?9?$AA?9?$AA?9?$AA?9?$AA?9?$AA?9?$AA?9?$AA?9?$AA?9?$AA?9?$AA?9?$AA?9?$AA?9?$AA?9?$AA?9?$AA?9?$AA?9?$AA?9?$AA?9@ 000000014000e9b2     ..-common-runtime.o
 0002:00001a54       ??_C@_1DK@PNJBIJCI@?$AAP?$AAr?$AAo?$AAg?$AAr?$AAa?$AAm?$AA?5?$AAf?$AAi?$AAn?$AAi?$AAs?$AAh?$AAe?$AAd?$AA?5?$AAi?$AAn?$AA?5?$AA?$CF?$AAl?$AAl?$AAd?$AA?5?$AAm?$AAs?$AA?6?$AA?$AA@ 000000014000ea54     ..-common-runtime.o
 0002:00001a8e       ??_C@_1EK@FDFELEEK@?$AAR?$AAe?$AAs?$AAu?$AAl?$AAt?$AA?5?$AAp?$AAr?$AAo?$AAm?$AAi?$AAs?$AAe?$AA?5?$AAn?$AAo?$AAt?$AA?5?$AAf?$AAo?$AAu?$AAn?$AAd?$AA?5?$AAo?$AAn?$AA?5?$AAm?$AAa?$AAc?$AAh@ 000000014000ea8e     ..-common-runtime.o
 0002:00001ad8       ??_C@_1DO@BFPIHEIA@?$AAP?$AAr?$AAo?$AAg?$AAr?$AAa?$AAm?$AA?5?$AAe?$AAx?$AAi?$AAt?$AAe?$AAd?$AA?5?$AAw?$AAi?$AAt?$AAh?$AA?5?$AAc?$AAo?$AAd?$AAe?$AA?5?$AA?$CF?$AAl?$AAl?$AAx?$AA?6?$AA?$AA@ 000000014000ead8     ..-common-runtime.o
 0002:00001b16       ??_C@_1CK@DKIDNDNE@?$AAP?$AAr?$AAe?$AAs?$AAs?$AA?5?$AAC?$AAt?$AAr?$AAl?$AA?$CL?$AAC?$AA?5?$AAt?$AAo?$AA?5?$AAe?$AAn?$AAd?$AA?6?$AA?$AA@ 000000014000eb16     ..-common-runtime.o
 0002:00001b40       ??_C@_1GO@CEANDIOF@?$AAR?$AAe?$AAs?$AAu?$AAl?$AAt?$AA?5?$AAo?$AAf?$AA?5?$AAm?$AAa?$AAi?$AAn?$AA?5?$AAf?$AAu?$AAn?$AAc?$AAt?$AAi?$AAo?$AAn?$AA?5?$AAi?$AAs?$AAn?$AA?8?$AAt?$AA?5?$AAr?$AAe@ 000000014000eb40     ..-common-runtime.o
 0002:00001bae       ??_C@_13PPFCDPMH@?$AA?$HM?$AA?$AA@ 000000014000ebae     ..-common-sheduler.o
 0002:00001bb2       ??_C@_1DE@BFFMGPEH@?$AA?5?$AA?5?$AA?5?$AA?5?$AA?5?$AA?5?$AA?5?$AAt?$AAh?$AAr?$AAe?$AAa?$AAd?$AA?5?$AA?$CF?$AA0?$AA2?$AAx?$AA?5?$AA?5?$AA?5?$AA?5?$AA?5?$AA?5?$AA?$HM?$AA?$AA@ 000000014000ebb2     ..-common-sheduler.o
 0002:00001be6       ??_C@_1FG@CMFEMGFG@?$AA?5?$AA?5?$AAW?$AAa?$AAi?$AAt?$AA?5?$AA?$HM?$AA?5?$AAQ?$AAu?$AAe?$AAu?$AAe?$AA?5?$AA?$HM?$AA?5?$AAR?$AAP?$AAm?$AAi?$AAs?$AAs?$AA?5?$AA?$HM?$AA?5?$AAR?$AAO?$AAr?$AAe?$AAq?$AA?5@ 000000014000ebe6     ..-common-sheduler.o
 0002:00001c3c       ??_C@_1DA@DAJCMENO@?$AA?5?$AA?5?$AAe?$AAx?$AAe?$AAc?$AA?5?$AA?1?$AA?5?$AAd?$AAo?$AAn?$AAe?$AA?5?$AA?1?$AA?5?$AAs?$AAt?$AAa?$AAl?$AAl?$AA?5?$AA?$HM?$AA?$AA@ 000000014000ec3c     ..-common-sheduler.o
 0002:00001c6c       ??_C@_1FG@IKPNLAIG@?$AA?5?$AA?5?$AA?5?$AA?5?$AA?5?$AA?5?$AA?5?$AA?$HM?$AA?5?$AA?5?$AA?5?$AA?5?$AA?5?$AA?5?$AA?5?$AA?$HM?$AA?5?$AA?5?$AA?5?$AA?5?$AA?5?$AA?5?$AA?5?$AA?5?$AA?$HM?$AA?5?$AA?5?$AA?5?$AA?5?$AA?5?$AA?5?$AA?5@ 000000014000ec6c     ..-common-sheduler.o
 0002:00001cc2       ??_C@_1CK@GLKKGPFH@?$AA?5?$AA?$CF?$AA7?$AAl?$AAl?$AAd?$AA?5?$AA?$CF?$AA6?$AAl?$AAl?$AAd?$AA?5?$AA?$CF?$AA5?$AAl?$AAl?$AAd?$AA?5?$AA?$HM?$AA?$AA@ 000000014000ecc2     ..-common-sheduler.o
 0002:00001cec       ??_C@_1FE@OBAMBHOF@?$AA?5?$AA?$CF?$AA5?$AAl?$AAl?$AAd?$AA?5?$AA?$HM?$AA?5?$AA?$CF?$AA5?$AAl?$AAl?$AAd?$AA?5?$AA?$HM?$AA?5?$AA?$CF?$AA6?$AAl?$AAl?$AAd?$AA?5?$AA?$HM?$AA?5?$AA?$CF?$AA5?$AAl?$AAl?$AAd?$AA?5?$AA?$HM@ 000000014000ecec     ..-common-sheduler.o
 0002:00001d40       ??_C@_1DE@LBGGHMJG@?$AAP?$AAr?$AAo?$AAg?$AAr?$AAa?$AAm?$AA?5?$AAc?$AAa?$AAl?$AAc?$AAu?$AAl?$AAa?$AAt?$AAi?$AAo?$AAn?$AA?5?$AAe?$AAn?$AAd?$AA?4?$AA?6?$AA?$AA@ 000000014000ed40     ..-common-sheduler.o
 0002:00001d74       ??_C@_1DM@HCILGOPA@?$AAF?$AAa?$AAi?$AAl?$AAe?$AAd?$AA?5?$AAt?$AAo?$AA?5?$AAc?$AAr?$AAe?$AAa?$AAt?$AAe?$AA?5?$AAt?$AAh?$AAr?$AAe?$AAa?$AAd?$AA?5?$AA?$CF?$AAl?$AAl?$AAd?$AA?6?$AA?$AA@ 000000014000ed74     ..-common-sheduler.o
 0002:00001db0       RtlNtPathSeperatorString   000000014000edb0     ws2_32:indef.obj
 0002:00001dc0       ??_C@_13FPGAJAPJ@?$AA?2@   000000014000edc0     ws2_32:indef.obj
 0002:00001dc8       RtlDosPathSeperatorsString 000000014000edc8     ws2_32:indef.obj
 0002:00001dd8       ??_C@_15MNCACJLI@?$AA?2?$AA?1@ 000000014000edd8     ws2_32:indef.obj
 0002:00001de0       RtlAlternateDosPathSeperatorString 000000014000ede0     ws2_32:indef.obj
 0002:00001df0       ??_C@_13CGOKJPIL@?$AA?1@   000000014000edf0     ws2_32:indef.obj
 0002:00001e08       eui48_broadcast            000000014000ee08     ws2_32:indef.obj
 0002:00001e10       scopeid_unspecified        000000014000ee10     ws2_32:indef.obj
 0002:00001e14       in4addr_any                000000014000ee14     ws2_32:indef.obj
 0002:00001e18       in4addr_loopback           000000014000ee18     ws2_32:indef.obj
 0002:00001e1c       in4addr_broadcast          000000014000ee1c     ws2_32:indef.obj
 0002:00001e20       in4addr_allnodesonlink     000000014000ee20     ws2_32:indef.obj
 0002:00001e24       in4addr_allroutersonlink   000000014000ee24     ws2_32:indef.obj
 0002:00001e28       in4addr_alligmpv3routersonlink 000000014000ee28     ws2_32:indef.obj
 0002:00001e2c       in4addr_allteredohostsonlink 000000014000ee2c     ws2_32:indef.obj
 0002:00001e30       in4addr_linklocalprefix    000000014000ee30     ws2_32:indef.obj
 0002:00001e34       in4addr_multicastprefix    000000014000ee34     ws2_32:indef.obj
 0002:00001e38       in6addr_any                000000014000ee38     ws2_32:indef.obj
 0002:00001e48       in6addr_loopback           000000014000ee48     ws2_32:indef.obj
 0002:00001e58       in6addr_allnodesonnode     000000014000ee58     ws2_32:indef.obj
 0002:00001e68       in6addr_allnodesonlink     000000014000ee68     ws2_32:indef.obj
 0002:00001e78       in6addr_allroutersonlink   000000014000ee78     ws2_32:indef.obj
 0002:00001e88       in6addr_allmldv2routersonlink 000000014000ee88     ws2_32:indef.obj
 0002:00001e98       in6addr_teredoinitiallinklocaladdress 000000014000ee98     ws2_32:indef.obj
 0002:00001ea8       in6addr_linklocalprefix    000000014000eea8     ws2_32:indef.obj
 0002:00001eb8       in6addr_multicastprefix    000000014000eeb8     ws2_32:indef.obj
 0002:00001ec8       in6addr_solicitednodemulticastprefix 000000014000eec8     ws2_32:indef.obj
 0002:00001ed8       in6addr_v4mappedprefix     000000014000eed8     ws2_32:indef.obj
 0002:00001ee8       in6addr_6to4prefix         000000014000eee8     ws2_32:indef.obj
 0002:00001ef8       in6addr_teredoprefix       000000014000eef8     ws2_32:indef.obj
 0002:00001f08       in6addr_teredoprefix_old   000000014000ef08     ws2_32:indef.obj
 0002:00001f18       BUGCHECK_EFI_GUID          000000014000ef18     ws2_32:indef.obj
 0002:00002320       __imp_GdiSetBatchLimit     000000014000f320     gdi32:GDI32.dll
 0002:00002330       __imp_CommandLineToArgvW   000000014000f330     shell32:SHELL32.dll
 0002:00002340       __imp_AcquireSRWLockExclusive 000000014000f340     kernel32:KERNEL32.dll
 0002:00002348       __imp_AcquireSRWLockShared 000000014000f348     kernel32:KERNEL32.dll
 0002:00002350       __imp_CloseHandle          000000014000f350     kernel32:KERNEL32.dll
 0002:00002358       __imp_CreateEventW         000000014000f358     kernel32:KERNEL32.dll
 0002:00002360       __imp_CreateFileW          000000014000f360     kernel32:KERNEL32.dll
 0002:00002368       __imp_CreateIoCompletionPort 000000014000f368     kernel32:KERNEL32.dll
 0002:00002370       __imp_CreateThread         000000014000f370     kernel32:KERNEL32.dll
 0002:00002378       __imp_ExitProcess          000000014000f378     kernel32:KERNEL32.dll
 0002:00002380       __imp_GetCommandLineW      000000014000f380     kernel32:KERNEL32.dll
 0002:00002388       __imp_GetConsoleMode       000000014000f388     kernel32:KERNEL32.dll
 0002:00002390       __imp_GetFileSizeEx        000000014000f390     kernel32:KERNEL32.dll
 0002:00002398       __imp_GetLastError         000000014000f398     kernel32:KERNEL32.dll
 0002:000023a0       __imp_GetProcAddress       000000014000f3a0     kernel32:KERNEL32.dll
 0002:000023a8       __imp_GetProcessHeap       000000014000f3a8     kernel32:KERNEL32.dll
 0002:000023b0       __imp_GetQueuedCompletionStatus 000000014000f3b0     kernel32:KERNEL32.dll
 0002:000023b8       __imp_GetStdHandle         000000014000f3b8     kernel32:KERNEL32.dll
 0002:000023c0       __imp_GetThreadContext     000000014000f3c0     kernel32:KERNEL32.dll
 0002:000023c8       __imp_HeapAlloc            000000014000f3c8     kernel32:KERNEL32.dll
 0002:000023d0       __imp_HeapFree             000000014000f3d0     kernel32:KERNEL32.dll
 0002:000023d8       __imp_HeapReAlloc          000000014000f3d8     kernel32:KERNEL32.dll
 0002:000023e0       __imp_LoadLibraryA         000000014000f3e0     kernel32:KERNEL32.dll
 0002:000023e8       __imp_MultiByteToWideChar  000000014000f3e8     kernel32:KERNEL32.dll
 0002:000023f0       __imp_QueryPerformanceCounter 000000014000f3f0     kernel32:KERNEL32.dll
 0002:000023f8       __imp_QueryPerformanceFrequency 000000014000f3f8     kernel32:KERNEL32.dll
 0002:00002400       __imp_ReadConsoleW         000000014000f400     kernel32:KERNEL32.dll
 0002:00002408       __imp_ReadFile             000000014000f408     kernel32:KERNEL32.dll
 0002:00002410       __imp_ReleaseSRWLockExclusive 000000014000f410     kernel32:KERNEL32.dll
 0002:00002418       __imp_ReleaseSRWLockShared 000000014000f418     kernel32:KERNEL32.dll
 0002:00002420       __imp_ResumeThread         000000014000f420     kernel32:KERNEL32.dll
 0002:00002428       __imp_SetEvent             000000014000f428     kernel32:KERNEL32.dll
 0002:00002430       __imp_SetThreadContext     000000014000f430     kernel32:KERNEL32.dll
 0002:00002438       __imp_Sleep                000000014000f438     kernel32:KERNEL32.dll
 0002:00002440       __imp_SuspendThread        000000014000f440     kernel32:KERNEL32.dll
 0002:00002448       __imp_TlsAlloc             000000014000f448     kernel32:KERNEL32.dll
 0002:00002450       __imp_TlsFree              000000014000f450     kernel32:KERNEL32.dll
 0002:00002458       __imp_TlsGetValue          000000014000f458     kernel32:KERNEL32.dll
 0002:00002460       __imp_TlsSetValue          000000014000f460     kernel32:KERNEL32.dll
 0002:00002468       __imp_TryAcquireSRWLockExclusive 000000014000f468     kernel32:KERNEL32.dll
 0002:00002470       __imp_VirtualAlloc         000000014000f470     kernel32:KERNEL32.dll
 0002:00002478       __imp_WaitForMultipleObjects 000000014000f478     kernel32:KERNEL32.dll
 0002:00002480       __imp_WaitForSingleObject  000000014000f480     kernel32:KERNEL32.dll
 0002:00002488       __imp_WriteConsoleW        000000014000f488     kernel32:KERNEL32.dll
 0002:00002498       __imp_BCryptGenRandom      000000014000f498     bcrypt:bcrypt.dll
 0002:000024a8       __imp_WSAGetLastError      000000014000f4a8     ws2_32:WS2_32.dll
 0002:000024b0       __imp_WSARecv              000000014000f4b0     ws2_32:WS2_32.dll
 0002:000024b8       __imp_WSAStartup           000000014000f4b8     ws2_32:WS2_32.dll
 0002:000024c0       __imp_accept               000000014000f4c0     ws2_32:WS2_32.dll
 0002:000024c8       __imp_bind                 000000014000f4c8     ws2_32:WS2_32.dll
 0002:000024d0       __imp_closesocket          000000014000f4d0     ws2_32:WS2_32.dll
 0002:000024d8       __imp_connect              000000014000f4d8     ws2_32:WS2_32.dll
 0002:000024e0       __imp_freeaddrinfo         000000014000f4e0     ws2_32:WS2_32.dll
 0002:000024e8       __imp_getaddrinfo          000000014000f4e8     ws2_32:WS2_32.dll
 0002:000024f0       __imp_getsockname          000000014000f4f0     ws2_32:WS2_32.dll
 0002:000024f8       __imp_htons                000000014000f4f8     ws2_32:WS2_32.dll
 0002:00002500       __imp_listen               000000014000f500     ws2_32:WS2_32.dll
 0002:00002508       __imp_ntohs                000000014000f508     ws2_32:WS2_32.dll
 0002:00002510       __imp_send                 000000014000f510     ws2_32:WS2_32.dll
 0002:00002518       __imp_setsockopt           000000014000f518     ws2_32:WS2_32.dll
 0002:00002520       __imp_socket               000000014000f520     ws2_32:WS2_32.dll
 0002:00002530       __imp_clBuildProgram       000000014000f530     OpenCL:OpenCL.dll
 0002:00002538       __imp_clCreateBuffer       000000014000f538     OpenCL:OpenCL.dll
 0002:00002540       __imp_clCreateCommandQueueWithProperties 000000014000f540     OpenCL:OpenCL.dll
 0002:00002548       __imp_clCreateContext      000000014000f548     OpenCL:OpenCL.dll
 0002:00002550       __imp_clCreateKernel       000000014000f550     OpenCL:OpenCL.dll
 0002:00002558       __imp_clCreateProgramWithSource 000000014000f558     OpenCL:OpenCL.dll
 0002:00002560       __imp_clEnqueueNDRangeKernel 000000014000f560     OpenCL:OpenCL.dll
 0002:00002568       __imp_clEnqueueReadBuffer  000000014000f568     OpenCL:OpenCL.dll
 0002:00002570       __imp_clEnqueueWriteBuffer 000000014000f570     OpenCL:OpenCL.dll
 0002:00002578       __imp_clFinish             000000014000f578     OpenCL:OpenCL.dll
 0002:00002580       __imp_clGetDeviceIDs       000000014000f580     OpenCL:OpenCL.dll
 0002:00002588       __imp_clGetDeviceInfo      000000014000f588     OpenCL:OpenCL.dll
 0002:00002590       __imp_clGetKernelArgInfo   000000014000f590     OpenCL:OpenCL.dll
 0002:00002598       __imp_clGetPlatformIDs     000000014000f598     OpenCL:OpenCL.dll
 0002:000025a0       __imp_clGetPlatformInfo    000000014000f5a0     OpenCL:OpenCL.dll
 0002:000025a8       __imp_clGetProgramBuildInfo 000000014000f5a8     OpenCL:OpenCL.dll
 0002:000025b0       __imp_clSetKernelArg       000000014000f5b0     OpenCL:OpenCL.dll
 0003:00000000       server_port                0000000140010000     ..-common-remote.o
 0003:00000008       thisServerId               0000000140010008     ..-common-remote.o
 0003:00000010       NUM_THREADS                0000000140010010     ..-common-runtime.o
 0003:00000018       CHUNK_TIME_US              0000000140010018     ..-common-runtime.o
 0003:00000020       Providers                  0000000140010020     ..-common-runtime.o
 0003:000000c0       AddressFamilyInformation   00000001400100c0     ws2_32:indef.obj
 0003:000000f0       hHeap                      00000001400100f0     .-runtime_lib.o
 0003:000000f8       hInput                     00000001400100f8     .-runtime_lib.o
 0003:00000100       buf                        0000000140010100     .-runtime_lib.o
 0003:00010100       hOutput                    0000000140020100     .-runtime_lib.o
 0003:00010108       frequency                  0000000140020108     .-runtime_lib.o
 0003:00010110       connections_lock           0000000140020110     ..-common-api.o
 0003:00010118       connections_len            0000000140020118     ..-common-api.o
 0003:00010120       pages_lock                 0000000140020120     ..-common-api.o
 0003:00010128       pages_len                  0000000140020128     ..-common-api.o
 0003:00010130       known_id_broadcasts        0000000140020130     ..-common-api.o
 0003:00010150       known_page_broadcasts      0000000140020150     ..-common-api.o
 0003:00010170       known_path_broadcasts      0000000140020170     ..-common-api.o
 0003:00010190       known_path_id_broadcasts   0000000140020190     ..-common-api.o
 0003:000101b0       known_objects              00000001400201b0     ..-common-api.o
 0003:000101d0       query_requests             00000001400201d0     ..-common-api.o
 0003:000101f0       push_requests              00000001400201f0     ..-common-api.o
 0003:00010210       known_hives                0000000140020210     ..-common-api.o
 0003:00010230       local_objects              0000000140020230     ..-common-api.o
 0003:00010240       connections                0000000140020240     ..-common-api.o
 0003:00012240       pages                      0000000140022240     ..-common-api.o
 0003:00012e40       SL_best_platform           0000000140022e40     ..-common-gpu_subsystem.o
 0003:00012e44       SL_best_platform_value     0000000140022e44     ..-common-gpu_subsystem.o
 0003:00012e48       SL_platforms_len           0000000140022e48     ..-common-gpu_subsystem.o
 0003:00012e50       SL_platforms               0000000140022e50     ..-common-gpu_subsystem.o
 0003:00012ed0       SL_devices                 0000000140022ed0     ..-common-gpu_subsystem.o
 0003:000132d0       SL_devices_len             00000001400232d0     ..-common-gpu_subsystem.o
 0003:00013310       SL_main_platform           0000000140023310     ..-common-gpu_subsystem.o
 0003:00013318       SL_context                 0000000140023318     ..-common-gpu_subsystem.o
 0003:00013320       SL_queues                  0000000140023320     ..-common-gpu_subsystem.o
 0003:00013720       SL_queues_len              0000000140023720     ..-common-gpu_subsystem.o
 0003:00013760       glb_scheduler              0000000140023760     ..-common-queue.o
 0003:00013780       ServerIdGetLock            0000000140023780     ..-common-remote.o
 0003:00013788       next_local_id              0000000140023788     ..-common-remote.o
 0003:00013790       glbStatRemotePathMisses    0000000140023790     ..-common-remote.o
 0003:00013798       glbStatRemoteOutputRequests 0000000140023798     ..-common-remote.o
 0003:000137a0       glbStatRemoteInputRequests 00000001400237a0     ..-common-remote.o
 0003:000137a8       hIOCP                      00000001400237a8     ..-common-remote.o
 0003:000137b0       Workers                    00000001400237b0     ..-common-runtime.o
 0003:00014430       wait_list                  0000000140024430     ..-common-runtime.o
 0003:00014438       wait_list_len              0000000140024438     ..-common-runtime.o
 0003:00014440       dwTlsIndex                 0000000140024440     ..-common-runtime.o
 0003:00014448       defined_arrays             0000000140024448     ..-common-runtime.o
 0003:00014450       hContinueEvent             0000000140024450     ..-common-sheduler.o
 0003:00014458       glbMasterInfo              0000000140024458     ..-common-sheduler.o
 0003:00014461       ExPoolZeroingNativelySupported 0000000140024461     ws2_32:indef.obj

 entry point at         0001:0000a240

 Static symbols

 0001:00007890       Worker                     0000000140008890     ..-common-remote.o
 0001:00008d50       ConnectionListnerWorker    0000000140009d50     ..-common-remote.o
 0001:00009070       PagesAllocator             000000014000a070     ..-common-remote.o
 0001:00009310       StateSender                000000014000a310     ..-common-remote.o
 0001:0000b024       .text                      000000014000c024     asm.o
 0002:00001df8       BFE_GENERIC_MAPPING        000000014000edf8     ws2_32:indef.obj
 0002:00001f28       IPSEC_AUTH_TRANSFORM_ID_HMAC_MD5_96 000000014000ef28     ws2_32:indef.obj
 0002:00001f30       IPSEC_AUTH_TRANSFORM_ID_HMAC_SHA_1_96 000000014000ef30     ws2_32:indef.obj
 0002:00001f38       IPSEC_AUTH_TRANSFORM_ID_HMAC_SHA_256_128 000000014000ef38     ws2_32:indef.obj
 0002:00001f40       IPSEC_AUTH_TRANSFORM_ID_GCM_AES_128 000000014000ef40     ws2_32:indef.obj
 0002:00001f48       IPSEC_AUTH_TRANSFORM_ID_GCM_AES_192 000000014000ef48     ws2_32:indef.obj
 0002:00001f50       IPSEC_AUTH_TRANSFORM_ID_GCM_AES_256 000000014000ef50     ws2_32:indef.obj
 0002:00001f58       IPSEC_CIPHER_TRANSFORM_ID_CBC_DES 000000014000ef58     ws2_32:indef.obj
 0002:00001f60       IPSEC_CIPHER_TRANSFORM_ID_CBC_3DES 000000014000ef60     ws2_32:indef.obj
 0002:00001f68       IPSEC_CIPHER_TRANSFORM_ID_AES_128 000000014000ef68     ws2_32:indef.obj
 0002:00001f70       IPSEC_CIPHER_TRANSFORM_ID_AES_192 000000014000ef70     ws2_32:indef.obj
 0002:00001f78       IPSEC_CIPHER_TRANSFORM_ID_AES_256 000000014000ef78     ws2_32:indef.obj
 0002:00001f80       IPSEC_CIPHER_TRANSFORM_ID_GCM_AES_128 000000014000ef80     ws2_32:indef.obj
 0002:00001f88       IPSEC_CIPHER_TRANSFORM_ID_GCM_AES_192 000000014000ef88     ws2_32:indef.obj
 0002:00001f90       IPSEC_CIPHER_TRANSFORM_ID_GCM_AES_256 000000014000ef90     ws2_32:indef.obj
 0003:00014460       WFP_TRACE_NULL_DATA        0000000140024460     ws2_32:indef.obj
 0004:00000000       .data                      0000000140025000     asm.o
