 a

 Timestamp is 69912ba1 (Sun Feb 15 05:12:49 2026)

 Preferred load address is 0000000140000000

 Start         Length     Name                   Class
 0001:00000000 0000f5d3H .text                   CODE
 0002:00000000 00001c48H .rdata                  DATA
 0003:00000000 000000e4H .data                   DATA
 0003:000000e4 000d7c56H .bss                    DATA
 0004:00000000 00000222H .data                   DATA

  Address         Publics by Value              Rva+Base               Lib:Object

 0001:00000000       dllPauseWorker             0000000140001000     .-dll-await_worker.o
 0001:000000b0       dllCallObject              00000001400010b0     .-dll-call_object.o
 0001:00000130       dllStartNewLocalWorker     0000000140001130     .-dll-call_object.o
 0001:00000270       dllExecuteWorker           0000000140001270     .-dll-execute_worker.o
 0001:00000ad0       gpuPauseWorker             0000000140001ad0     .-gpu-await_worker.o
 0001:00000b80       gpuCallObject              0000000140001b80     .-gpu-call_object.o
 0001:00000c00       gpuStartNewLocalWorker     0000000140001c00     .-gpu-call_object.o
 0001:00000d40       gpuExecuteWorker           0000000140001d40     .-gpu-execute_worker.o
 0001:00001210       gpuNewObjectUsingPage      0000000140002210     .-gpu-new_object.o
 0001:00001310       gpuNewObject               0000000140002310     .-gpu-new_object.o
 0001:00001360       gpuPushObject              0000000140002360     .-gpu-push_object.o
 0001:000013a0       gpuPushPipe                00000001400023a0     .-gpu-push_object.o
 0001:000013e0       gpuQueryObject             00000001400023e0     .-gpu-query_object.o
 0001:00001420       gpuQueryPipe               0000000140002420     .-gpu-query_object.o
 0001:00001460       locNewObjectUsingPage      0000000140002460     .-loc-new_object.o
 0001:000018b0       locNewObject               00000001400028b0     .-loc-new_object.o
 0001:00001900       locUpdateLocalPush         0000000140002900     .-loc-push_object.o
 0001:000019f0       locQueryLocalObject        00000001400029f0     .-loc-query_object.o
 0001:00001b50       x64PauseWorker             0000000140002b50     .-x64-await_worker.o
 0001:00001c20       x64CallObject              0000000140002c20     .-x64-call_object.o
 0001:00001ca0       x64StartNewLocalWorker     0000000140002ca0     .-x64-call_object.o
 0001:00001de0       x64ExecuteWorker           0000000140002de0     .-x64-execute_worker.o
 0001:00001e20       x64TryStallWorker          0000000140002e20     .-x64-execute_worker.o
 0001:000020c0       x64NewObjectUsingPage      00000001400030c0     .-x64-new_object.o
 0001:00002520       x64NewObjectStates         0000000140003520     .-x64-new_object.o
 0001:000025b0       x64NewObject               00000001400035b0     .-x64-new_object.o
 0001:000026a0       x64UpdateLocalPush         00000001400036a0     .-x64-push_object.o
 0001:00002790       x64OnPushObject            0000000140003790     .-x64-push_object.o
 0001:00002820       x64PushObjectStates        0000000140003820     .-x64-push_object.o
 0001:00002920       x64PushObject              0000000140003920     .-x64-push_object.o
 0001:00002b90       x64PushPipe                0000000140003b90     .-x64-push_object.o
 0001:00002bc0       x64QueryLocalObject        0000000140003bc0     .-x64-query_object.o
 0001:00002d20       x64OnQueryObject           0000000140003d20     .-x64-query_object.o
 0001:00002df0       x64QueryObjectStates       0000000140003df0     .-x64-query_object.o
 0001:00002f00       x64QueryObject             0000000140003f00     .-x64-query_object.o
 0001:00003100       x64QueryPipe               0000000140004100     .-x64-query_object.o
 0001:00003130       x64SleepStates             0000000140004130     .-x64-sleep.o
 0001:00003190       x64Sleep                   0000000140004190     .-x64-sleep.o
 0001:00003230       equal_bytes                0000000140004230     .-api.o
 0001:00003330       GetHashtableNoLock         0000000140004330     .-api.o
 0001:00003500       SetHashtableNoLock         0000000140004500     .-api.o
 0001:00003800       GetHashtable               0000000140004800     .-api.o
 0001:00003860       SetHashtable               0000000140004860     .-api.o
 0001:000038b0       InitInternalStructures     00000001400048b0     .-api.o
 0001:00003bf0       castOnQueryObject          0000000140004bf0     .-cast_provider.o
 0001:00003db0       anyCastStates              0000000140004db0     .-cast_provider.o
 0001:00004de0       anyCastProvider            0000000140005de0     .-cast_provider.o
 0001:00004fd0       init_gpu_subsystem         0000000140005fd0     .-gpu_subsystem.o
 0001:00006720       gpuBuildFromText           0000000140007720     .-gpu_subsystem.o
 0001:00006a70       gpuAlloc                   0000000140007a70     .-gpu_subsystem.o
 0001:00006ab0       gpuRun                     0000000140007ab0     .-gpu_subsystem.o
 0001:00006b60       gpuFinishQueuesOnPlatform  0000000140007b60     .-gpu_subsystem.o
 0001:00006be0       gpuFinishQueue             0000000140007be0     .-gpu_subsystem.o
 0001:00006c20       StartInitialProcess        0000000140007c20     .-hive_entry.o
 0001:00006e30       is_less                    0000000140007e30     .-queue.o
 0001:00006e60       push_up                    0000000140007e60     .-queue.o
 0001:00006fb0       push_down                  0000000140007fb0     .-queue.o
 0001:00007180       queue_init                 0000000140008180     .-queue.o
 0001:00007250       queue_enqueue              0000000140008250     .-queue.o
 0001:00007360       queue_extract              0000000140008360     .-queue.o
 0001:00007540       GetConnectionById          0000000140008540     .-remote.o
 0001:000075d0       ConfirmPage                00000001400085d0     .-remote.o
 0001:00007660       ConfirmID                  0000000140008660     .-remote.o
 0001:000076b0       HandleNewConnection        00000001400086b0     .-remote.o
 0001:00007890       UpdateWaitingPush          0000000140008890     .-remote.o
 0001:00007ad0       AnswerPushObject           0000000140008ad0     .-remote.o
 0001:00007b90       SendPageAllocationConfirm  0000000140008b90     .-remote.o
 0001:00007c10       SendIDConfirm              0000000140008c10     .-remote.o
 0001:00007c90       RedirectBroadcastQuery     0000000140008c90     .-remote.o
 0001:00007df0       RedirectBroadcastIDQuery   0000000140008df0     .-remote.o
 0001:00007f50       ConfirmConnection          0000000140008f50     .-remote.o
 0001:000080c0       InitiateConnection         00000001400090c0     .-remote.o
 0001:000083e0       RequestMemoryPage          00000001400093e0     .-remote.o
 0001:000084d0       RequestServerId            00000001400094d0     .-remote.o
 0001:000085c0       AnswerQueryObject          00000001400095c0     .-remote.o
 0001:000086c0       AnswerRequestObjectPath    00000001400096c0     .-remote.o
 0001:000087e0       RequestObjectPathBroadcast 00000001400097e0     .-remote.o
 0001:000089d0       AnswerRequestPathToID      00000001400099d0     .-remote.o
 0001:00008af0       RequestPathToIDBroadcast   0000000140009af0     .-remote.o
 0001:00008ce0       RequestObjectGet           0000000140009ce0     .-remote.o
 0001:00008df0       RequestObjectSet           0000000140009df0     .-remote.o
 0001:00008fb0       StartNewWorkerRemote       0000000140009fb0     .-remote.o
 0001:000090d0       SendHiveState              000000014000a0d0     .-remote.o
 0001:00009260       start_remote_subsystem     000000014000a260     .-remote.o
 0001:0000b950       memset                     000000014000c950     .-runtime_lib.o
 0001:0000b9b0       memcpy                     000000014000c9b0     .-runtime_lib.o
 0001:0000ba20       myMalloc                   000000014000ca20     .-runtime_lib.o
 0001:0000ba70       myPrintf                   000000014000ca70     .-runtime_lib.o
 0001:0000bfe0       myRealloc                  000000014000cfe0     .-runtime_lib.o
 0001:0000c040       myFree                     000000014000d040     .-runtime_lib.o
 0001:0000c080       myAtoll                    000000014000d080     .-runtime_lib.o
 0001:0000c1c0       get_char                   000000014000d1c0     .-runtime_lib.o
 0001:0000c2a0       myScanI64                  000000014000d2a0     .-runtime_lib.o
 0001:0000c330       myScanS                    000000014000d330     .-runtime_lib.o
 0001:0000c430       PrintI64                   000000014000d430     .-runtime_lib.o
 0001:0000c500       PrintI64H                  000000014000d500     .-runtime_lib.o
 0001:0000c5a0       Print2H                    000000014000d5a0     .-runtime_lib.o
 0001:0000c640       assertion_failure          000000014000d640     .-runtime_lib.o
 0001:0000c690       myAbs                      000000014000d690     .-runtime_lib.o
 0001:0000c6c0       MicrosecondsToTicks        000000014000d6c0     .-runtime_lib.o
 0001:0000c6e0       TicksToMicroseconds        000000014000d6e0     .-runtime_lib.o
 0001:0000c700       GetTicks                   000000014000d700     .-runtime_lib.o
 0001:0000c720       SheduleTimeoutFromNow      000000014000d720     .-runtime_lib.o
 0001:0000c760       init_lib                   000000014000d760     .-runtime_lib.o
 0001:0000c7b0       RegisterObjectWithId       000000014000d7b0     .-runtime.o
 0001:0000c7e0       GetNewObjectId             000000014000d7e0     .-runtime.o
 0001:0000c8d0       universalPauseWorker       000000014000d8d0     .-runtime.o
 0001:0000c970       universalUpdateLocalPush   000000014000d970     .-runtime.o
 0001:0000c9d0       UpdateFromQueryResult      000000014000d9d0     .-runtime.o
 0001:0000ca50       PrintObject                000000014000da50     .-runtime.o
 0001:0000cb60       WaitListWorker             000000014000db60     .-runtime.o
 0001:0000cbb0       EnqueueWorkerFromWaitList  000000014000dbb0     .-runtime.o
 0001:0000cc50       UpdateWaitingWorkers       000000014000dc50     .-runtime.o
 0001:0000ce10       StartNewWorker             000000014000de10     .-runtime.o
 0001:0000d0b0       LoadWorker                 000000014000e0b0     .-runtime.o
 0001:0000e0c0       entry                      000000014000f0c0     .-runtime.o
 0001:0000e750       SheduleWorker              000000014000f750     .-sheduler.o
 0001:0000e880       ShedulerInstance           000000014000f880     .-sheduler.o
 0001:0000e960       TryStallSheduler           000000014000f960     .-sheduler.o
 0001:0000ea30       MasterSheduler             000000014000fa30     .-sheduler.o
 0001:0000edd0       ShedulerStart              000000014000fdd0     .-sheduler.o
 0001:0000efa4       x64_fastPushObject         000000014000ffa4     asm.o
 0001:0000f00d       x64_fastQueryObject        000000014001000d     asm.o
 0001:0000f076       x64_fastNewObject          0000000140010076     asm.o
 0001:0000f0df       x64_fastCallObject         00000001400100df     asm.o
 0001:0000f148       x64_fastPushPipe           0000000140010148     asm.o
 0001:0000f1b1       x64_fastQueryPipe          00000001400101b1     asm.o
 0001:0000f21a       x64_fastSleep              000000014001021a     asm.o
 0001:0000f283       gpu_fastNewObject          0000000140010283     asm.o
 0001:0000f2ec       gpu_fastCallObject         00000001400102ec     asm.o
 0001:0000f355       loc_fastNewObject          0000000140010355     asm.o
 0001:0000f3be       dll_fastCallObject         00000001400103be     asm.o
 0001:0000f427       any_fastCastProvider       0000000140010427     asm.o
 0001:0000f490       x64AsmExecuteWorker        0000000140010490     asm.o
 0001:0000f4f2       setjmpUN                   00000001400104f2     asm.o
 0001:0000f525       longjmpUN                  0000000140010525     asm.o
 0001:0000f54e       DllCall                    000000014001054e     asm.o
 0001:0000f5e0       CommandLineToArgvW         00000001400105e0     shell32:SHELL32.dll
 0001:0000f5f0       AcquireSRWLockExclusive    00000001400105f0     kernel32:KERNEL32.dll
 0001:0000f600       AcquireSRWLockShared       0000000140010600     kernel32:KERNEL32.dll
 0001:0000f610       CloseHandle                0000000140010610     kernel32:KERNEL32.dll
 0001:0000f620       CreateFileW                0000000140010620     kernel32:KERNEL32.dll
 0001:0000f630       CreateIoCompletionPort     0000000140010630     kernel32:KERNEL32.dll
 0001:0000f640       CreateThread               0000000140010640     kernel32:KERNEL32.dll
 0001:0000f650       ExitProcess                0000000140010650     kernel32:KERNEL32.dll
 0001:0000f660       GetCommandLineW            0000000140010660     kernel32:KERNEL32.dll
 0001:0000f670       GetConsoleMode             0000000140010670     kernel32:KERNEL32.dll
 0001:0000f680       GetFileSizeEx              0000000140010680     kernel32:KERNEL32.dll
 0001:0000f690       GetLastError               0000000140010690     kernel32:KERNEL32.dll
 0001:0000f6a0       GetProcAddress             00000001400106a0     kernel32:KERNEL32.dll
 0001:0000f6b0       GetProcessHeap             00000001400106b0     kernel32:KERNEL32.dll
 0001:0000f6c0       GetQueuedCompletionStatus  00000001400106c0     kernel32:KERNEL32.dll
 0001:0000f6d0       GetStdHandle               00000001400106d0     kernel32:KERNEL32.dll
 0001:0000f6e0       GetThreadContext           00000001400106e0     kernel32:KERNEL32.dll
 0001:0000f6f0       HeapAlloc                  00000001400106f0     kernel32:KERNEL32.dll
 0001:0000f700       HeapFree                   0000000140010700     kernel32:KERNEL32.dll
 0001:0000f710       HeapReAlloc                0000000140010710     kernel32:KERNEL32.dll
 0001:0000f720       LoadLibraryA               0000000140010720     kernel32:KERNEL32.dll
 0001:0000f730       MultiByteToWideChar        0000000140010730     kernel32:KERNEL32.dll
 0001:0000f740       QueryPerformanceCounter    0000000140010740     kernel32:KERNEL32.dll
 0001:0000f750       QueryPerformanceFrequency  0000000140010750     kernel32:KERNEL32.dll
 0001:0000f760       ReadConsoleW               0000000140010760     kernel32:KERNEL32.dll
 0001:0000f770       ReadFile                   0000000140010770     kernel32:KERNEL32.dll
 0001:0000f780       ReleaseSRWLockExclusive    0000000140010780     kernel32:KERNEL32.dll
 0001:0000f790       ReleaseSRWLockShared       0000000140010790     kernel32:KERNEL32.dll
 0001:0000f7a0       ResumeThread               00000001400107a0     kernel32:KERNEL32.dll
 0001:0000f7b0       SetThreadContext           00000001400107b0     kernel32:KERNEL32.dll
 0001:0000f7c0       Sleep                      00000001400107c0     kernel32:KERNEL32.dll
 0001:0000f7d0       SuspendThread              00000001400107d0     kernel32:KERNEL32.dll
 0001:0000f7e0       TlsAlloc                   00000001400107e0     kernel32:KERNEL32.dll
 0001:0000f7f0       TlsFree                    00000001400107f0     kernel32:KERNEL32.dll
 0001:0000f800       TlsGetValue                0000000140010800     kernel32:KERNEL32.dll
 0001:0000f810       TlsSetValue                0000000140010810     kernel32:KERNEL32.dll
 0001:0000f820       TryAcquireSRWLockExclusive 0000000140010820     kernel32:KERNEL32.dll
 0001:0000f830       VirtualAlloc               0000000140010830     kernel32:KERNEL32.dll
 0001:0000f840       WaitForMultipleObjects     0000000140010840     kernel32:KERNEL32.dll
 0001:0000f850       WaitForSingleObject        0000000140010850     kernel32:KERNEL32.dll
 0001:0000f860       WriteConsoleW              0000000140010860     kernel32:KERNEL32.dll
 0001:0000f870       BCryptGenRandom            0000000140010870     bcrypt:bcrypt.dll
 0001:0000f880       WSAGetLastError            0000000140010880     ws2_32:WS2_32.dll
 0001:0000f890       WSARecv                    0000000140010890     ws2_32:WS2_32.dll
 0001:0000f8a0       WSAStartup                 00000001400108a0     ws2_32:WS2_32.dll
 0001:0000f8b0       accept                     00000001400108b0     ws2_32:WS2_32.dll
 0001:0000f8c0       bind                       00000001400108c0     ws2_32:WS2_32.dll
 0001:0000f8d0       closesocket                00000001400108d0     ws2_32:WS2_32.dll
 0001:0000f8e0       connect                    00000001400108e0     ws2_32:WS2_32.dll
 0001:0000f8f0       freeaddrinfo               00000001400108f0     ws2_32:WS2_32.dll
 0001:0000f900       getaddrinfo                0000000140010900     ws2_32:WS2_32.dll
 0001:0000f910       getsockname                0000000140010910     ws2_32:WS2_32.dll
 0001:0000f920       htons                      0000000140010920     ws2_32:WS2_32.dll
 0001:0000f930       listen                     0000000140010930     ws2_32:WS2_32.dll
 0001:0000f940       ntohs                      0000000140010940     ws2_32:WS2_32.dll
 0001:0000f950       send                       0000000140010950     ws2_32:WS2_32.dll
 0001:0000f960       setsockopt                 0000000140010960     ws2_32:WS2_32.dll
 0001:0000f970       socket                     0000000140010970     ws2_32:WS2_32.dll
 0001:0000f980       clBuildProgram             0000000140010980     OpenCL:OpenCL.dll
 0001:0000f990       clCreateBuffer             0000000140010990     OpenCL:OpenCL.dll
 0001:0000f9a0       clCreateCommandQueueWithProperties 00000001400109a0     OpenCL:OpenCL.dll
 0001:0000f9b0       clCreateContext            00000001400109b0     OpenCL:OpenCL.dll
 0001:0000f9c0       clCreateKernel             00000001400109c0     OpenCL:OpenCL.dll
 0001:0000f9d0       clCreateProgramWithSource  00000001400109d0     OpenCL:OpenCL.dll
 0001:0000f9e0       clEnqueueNDRangeKernel     00000001400109e0     OpenCL:OpenCL.dll
 0001:0000f9f0       clEnqueueReadBuffer        00000001400109f0     OpenCL:OpenCL.dll
 0001:0000fa00       clEnqueueWriteBuffer       0000000140010a00     OpenCL:OpenCL.dll
 0001:0000fa10       clFinish                   0000000140010a10     OpenCL:OpenCL.dll
 0001:0000fa20       clGetDeviceIDs             0000000140010a20     OpenCL:OpenCL.dll
 0001:0000fa30       clGetDeviceInfo            0000000140010a30     OpenCL:OpenCL.dll
 0001:0000fa40       clGetKernelArgInfo         0000000140010a40     OpenCL:OpenCL.dll
 0001:0000fa50       clGetPlatformIDs           0000000140010a50     OpenCL:OpenCL.dll
 0001:0000fa60       clGetPlatformInfo          0000000140010a60     OpenCL:OpenCL.dll
 0001:0000fa70       clGetProgramBuildInfo      0000000140010a70     OpenCL:OpenCL.dll
 0001:0000fa80       clSetKernelArg             0000000140010a80     OpenCL:OpenCL.dll
 0002:00000014       ??_C@_1DO@MBJBKNM@?$AAE?$AAr?$AAr?$AAo?$AAr?$AA?3?$AA?5?$AAa?$AAt?$AA?5?$AAc?$AAl?$AAS?$AAe?$AAt?$AAK?$AAe?$AAr?$AAn?$AAe?$AAl?$AAA?$AAr?$AAg?$AA?5?$AA?$CF?$AAl?$AAl?$AAd?$AA?6?$AA?$AA@ 0000000140011014     .-gpu-execute_worker.o
 0002:00000052       ??_C@_1EO@KIFHHFHO@?$AAE?$AAr?$AAr?$AAo?$AAr?$AA?3?$AA?5?$AAa?$AAt?$AA?5?$AAc?$AAl?$AAE?$AAn?$AAq?$AAu?$AAe?$AAu?$AAe?$AAN?$AAD?$AAR?$AAa?$AAn?$AAg?$AAe?$AAK?$AAe?$AAr?$AAn?$AAe?$AAl@ 0000000140011052     .-gpu-execute_worker.o
 0002:000000a0       ??_C@_1DO@PIAGAENK@?$AAE?$AAR?$AAR?$AAO?$AAR?$AA?3?$AA?5?$AAg?$AAp?$AAu?$AAA?$AAl?$AAl?$AAo?$AAc?$AA?5?$AAf?$AAa?$AAi?$AAl?$AAe?$AAd?$AA?5?$AA?$FL?$AA?$CF?$AAl?$AAl?$AAd?$AA?$FN?$AA?6?$AA?$AA@ 00000001400110a0     .-gpu-new_object.o
 0002:000000de       ??_C@_1BG@LMPFNDF@?$AAr?$AAe?$AAs?$AAu?$AAl?$AAt?$AA?5?$AA?$CF?$AAp?$AA?6?$AA?$AA@ 00000001400110de     .-gpu-new_object.o
 0002:000000f4       ??_C@_1FM@LBBNKNII@?$AAE?$AAR?$AAR?$AAO?$AAR?$AA?3?$AA?5?$AAP?$AAi?$AAp?$AAe?$AAs?$AA?5?$AAa?$AAr?$AAe?$AA?5?$AAu?$AAn?$AAs?$AAu?$AAp?$AAp?$AAo?$AAr?$AAt?$AAe?$AAd?$AA?5?$AAo?$AAn?$AA?5@ 00000001400110f4     .-gpu-new_object.o
 0002:00000150       ??_C@_1GM@BNFAKJM@?$AAE?$AAR?$AAR?$AAO?$AAR?$AA?3?$AA?5?$AAP?$AAi?$AAp?$AAe?$AAs?$AA?5?$AAa?$AAr?$AAe?$AA?5?$AAu?$AAn?$AAs?$AAu?$AAp?$AAp?$AAo?$AAr?$AAt?$AAe?$AAd?$AA?5?$AAo?$AAn?$AA?5@ 0000000140011150     .-gpu-new_object.o
 0002:000001bc       ??_C@_1EG@FBJBJMFK@?$AAN?$AAO?$AAT?$AA?5?$AAS?$AAU?$AAP?$AAP?$AAO?$AAR?$AAT?$AAE?$AAD?$AA?3?$AA?5?$AAp?$AAu?$AAs?$AAh?$AA?5?$AAi?$AAn?$AA?5?$AAg?$AAp?$AAu?$AA?5?$AAo?$AAb?$AAj?$AAe?$AAc@ 00000001400111bc     .-gpu-push_object.o
 0002:00000202       ??_C@_1FE@GJLEMBH@?$AAN?$AAO?$AAT?$AA?5?$AAS?$AAU?$AAP?$AAP?$AAO?$AAR?$AAT?$AAE?$AAD?$AA?3?$AA?5?$AAp?$AAu?$AAs?$AAh?$AA?5?$AAi?$AAn?$AA?5?$AAg?$AAp?$AAu?$AA?5?$AAo?$AAb?$AAj?$AAe?$AAc@ 0000000140011202     .-gpu-push_object.o
 0002:00000256       ??_C@_1EI@EPHKLIAN@?$AAN?$AAO?$AAT?$AA?5?$AAS?$AAU?$AAP?$AAP?$AAO?$AAR?$AAT?$AAE?$AAD?$AA?3?$AA?5?$AAq?$AAu?$AAe?$AAr?$AAy?$AA?5?$AAi?$AAn?$AA?5?$AAg?$AAp?$AAu?$AA?5?$AAo?$AAb?$AAj?$AAe@ 0000000140011256     .-gpu-query_object.o
 0002:0000029e       ??_C@_1FG@PCBNEEAC@?$AAN?$AAO?$AAT?$AA?5?$AAS?$AAU?$AAP?$AAP?$AAO?$AAR?$AAT?$AAE?$AAD?$AA?3?$AA?5?$AAq?$AAu?$AAe?$AAr?$AAy?$AA?5?$AAi?$AAn?$AA?5?$AAg?$AAp?$AAu?$AA?5?$AAo?$AAb?$AAj?$AAe@ 000000014001129e     .-gpu-query_object.o
 0002:00000384       ??_C@_1FE@BCAGMINK@?$AAE?$AAr?$AAr?$AAo?$AAr?$AA?3?$AA?5?$AAn?$AAo?$AA?5?$AAk?$AAn?$AAo?$AAw?$AAn?$AA?5?$AAs?$AAi?$AAz?$AAe?$AA?5?$AAf?$AAo?$AAr?$AA?5?$AAn?$AAo?$AAt?$AA?5?$AAa?$AAr?$AAr@ 0000000140011384     .-cast_provider.o
 0002:000003d8       ??_C@_1FK@KDAFABDO@?$AAE?$AAr?$AAr?$AAo?$AAr?$AA?3?$AA?5?$AAl?$AAo?$AAc?$AAa?$AAl?$AA?5?$AAo?$AAb?$AAj?$AAe?$AAc?$AAt?$AA?5?$AAw?$AAa?$AAs?$AA?5?$AAr?$AAe?$AAm?$AAo?$AAv?$AAe?$AAd?$AA?5@ 00000001400113d8     .-cast_provider.o
 0002:00000432       ??_C@_1FO@HMOHPFHI@?$AAE?$AAr?$AAr?$AAo?$AAr?$AA?5?$AAh?$AAa?$AAp?$AAp?$AAe?$AAn?$AA?5?$AAw?$AAh?$AAi?$AAl?$AAe?$AA?5?$AAc?$AAl?$AAE?$AAn?$AAq?$AAu?$AAe?$AAu?$AAe?$AAR?$AAe?$AAa?$AAd@ 0000000140011432     .-cast_provider.o
 0002:00000490       ??_C@_1GA@EEKPNAGK@?$AAE?$AAr?$AAr?$AAo?$AAr?$AA?5?$AAh?$AAa?$AAp?$AAp?$AAe?$AAn?$AA?5?$AAw?$AAh?$AAi?$AAl?$AAe?$AA?5?$AAc?$AAl?$AAE?$AAn?$AAq?$AAu?$AAe?$AAu?$AAe?$AAW?$AAr?$AAi?$AAt@ 0000000140011490     .-cast_provider.o
 0002:000004f0       ??_C@_1BM@OBHKMKPP@?$AAR?$AAe?$AAt?$AAu?$AAr?$AAn?$AA?3?$AA?5?$AA?$CF?$AAl?$AAl?$AAd?$AA?6?$AA?$AA@ 00000001400114f0     .-cast_provider.o
 0002:0000050c       ??_C@_1EC@IPADNJOO@?$AAc?$AAo?$AAn?$AAv?$AAe?$AAr?$AAt?$AA?5?$AA?$CF?$AAp?$AA?5?$AA?$FL?$AAt?$AAy?$AAp?$AAe?$AAs?$AA?5?$AA?$CF?$AAl?$AAl?$AAd?$AA?5?$AA?9?$AA?$DO?$AA?5?$AA?$CF?$AAl?$AAl?$AAd?$AA?$FN?$AA?6@ 000000014001150c     .-cast_provider.o
 0002:0000054e       ??_C@_1IA@HIJJNPCH@?$AAE?$AAR?$AAR?$AAO?$AAR?$AA?3?$AA?5?$AAn?$AAo?$AAt?$AA?5?$AAs?$AAu?$AAp?$AAp?$AAo?$AAr?$AAt?$AAe?$AAd?$AA?5?$AAc?$AAo?$AAn?$AAv?$AAe?$AAr?$AAs?$AAi?$AAo?$AAn?$AA?5@ 000000014001154e     .-cast_provider.o
 0002:000005ce       ??_C@_1EC@CFAEGHOO@?$AAE?$AAr?$AAr?$AAo?$AAr?$AA?5?$AAa?$AAt?$AA?5?$AAc?$AAl?$AAC?$AAr?$AAe?$AAa?$AAt?$AAe?$AAC?$AAo?$AAn?$AAt?$AAe?$AAx?$AAt?$AA?5?$AA?$FL?$AA?$CF?$AAl?$AAl?$AAd?$AA?$FN?$AA?6@ 00000001400115ce     .-gpu_subsystem.o
 0002:00000610       ??_C@_1GI@JODPKPLM@?$AAE?$AAr?$AAr?$AAo?$AAr?$AA?5?$AAa?$AAt?$AA?5?$AAc?$AAl?$AAC?$AAr?$AAe?$AAa?$AAt?$AAe?$AAC?$AAo?$AAm?$AAm?$AAa?$AAn?$AAd?$AAQ?$AAu?$AAe?$AAu?$AAe?$AAW?$AAi?$AAt@ 0000000140011610     .-gpu_subsystem.o
 0002:00000678       ??_C@_0FA@OKGFDHAO@?9cl?9single?9precision?9constant?5?9c@ 0000000140011678     .-gpu_subsystem.o
 0002:000006c8       ??_C@_1DE@FJCPKFIJ@?$AAB?$AAu?$AAi?$AAl?$AAd?$AAP?$AAr?$AAo?$AAg?$AAr?$AAa?$AAm?$AA?5?$AAE?$AAr?$AAr?$AAo?$AAr?$AA?3?$AA?5?$AA?$CF?$AAl?$AAl?$AAd?$AA?6?$AA?$AA@ 00000001400116c8     .-gpu_subsystem.o
 0002:000006fc       ??_C@_19PDAGFAKM@?$AA?4?$AA?4?$AA?4?$AA?6?$AA?$AA@ 00000001400116fc     .-gpu_subsystem.o
 0002:00000706       ??_C@_1CO@HIIDKPPP@?$AAB?$AAu?$AAi?$AAl?$AAd?$AAI?$AAn?$AAf?$AAo?$AA?5?$AAE?$AAr?$AAr?$AAo?$AAr?$AA?3?$AA?5?$AA?$CF?$AAl?$AAl?$AAd?$AA?6?$AA?$AA@ 0000000140011706     .-gpu_subsystem.o
 0002:00000734       ??_C@_1DA@GJKLKGNM@?$AAB?$AAu?$AAi?$AAl?$AAd?$AAI?$AAn?$AAf?$AAo?$AA2?$AA?5?$AAE?$AAr?$AAr?$AAo?$AAr?$AA?3?$AA?5?$AA?$CF?$AAl?$AAl?$AAd?$AA?6?$AA?$AA@ 0000000140011734     .-gpu_subsystem.o
 0002:00000764       ??_C@_1DA@CBNNMJJB@?$AAE?$AAr?$AAr?$AAo?$AAr?$AA?5?$AAI?$AAn?$AAf?$AAo?$AA?3?$AA?5?$AAc?$AAo?$AAd?$AAe?$AA?$DN?$AA?$CF?$AAl?$AAl?$AAd?$AA?3?$AA?6?$AA?$AA@ 0000000140011764     .-gpu_subsystem.o
 0002:00000794       ??_C@_1CA@CAEDKLHA@?$AA?$CF?$AA0?$AA2?$AAx?$AA?5?$AA?$CF?$AA0?$AA2?$AAx?$AA?5?$AA?$CF?$AA0?$AA2?$AAx?$AA?6?$AA?$AA@ 0000000140011794     .-gpu_subsystem.o
 0002:000007b4       ??_C@_17MJEANDKP@?$AA?$CF?$AAs?$AA?6?$AA?$AA@ 00000001400117b4     .-gpu_subsystem.o
 0002:000007bc       ??_C@_1CO@DCKAPNAK@?$AAw?$AAa?$AAi?$AAt?$AAi?$AAn?$AAg?$AA?5?$AAs?$AAt?$AAa?$AAr?$AAt?$AAu?$AAp?$AA?5?$AAp?$AAa?$AAg?$AAe?$AAs?$AA?6?$AA?$AA@ 00000001400117bc     .-hive_entry.o
 0002:000007ea       ??_C@_1EI@OLFKDNEP@?$AAE?$AAr?$AAr?$AAo?$AAr?$AA?3?$AA?5?$AAa?$AAl?$AAl?$AAo?$AAc?$AAa?$AAt?$AAe?$AAd?$AA?5?$AAa?$AAr?$AAr?$AAa?$AAy?$AA?5?$AAi?$AAs?$AAn?$AA?8?$AAt?$AA?5?$AAl?$AAo?$AAc@ 00000001400117ea     .-hive_entry.o
 0002:000008c0       ??_C@_1DE@OFJFJIIH@?$AAS?$AAe?$AAr?$AAv?$AAe?$AAr?$AA?5?$AAi?$AAd?$AA?$DN?$AA?$CF?$AAl?$AAl?$AAd?$AA?5?$AAc?$AAo?$AAn?$AAf?$AAi?$AAr?$AAm?$AAe?$AAd?$AA?6?$AA?$AA@ 00000001400118c0     .-remote.o
 0002:000008f4       ??_C@_1CG@DJLPCGPG@?$AAC?$AAl?$AAi?$AAe?$AAn?$AAt?$AA?5?$AAc?$AAo?$AAn?$AAn?$AAe?$AAc?$AAt?$AAe?$AAd?$AA?$CB?$AA?6?$AA?$AA@ 00000001400118f4     .-remote.o
 0002:0000091a       ??_C@_1FK@FPKJOMKP@?$AAE?$AAr?$AAr?$AAo?$AAr?$AA?3?$AA?5?$AAC?$AAo?$AAu?$AAl?$AAd?$AA?5?$AAn?$AAo?$AAt?$AA?5?$AAc?$AAo?$AAn?$AAn?$AAe?$AAc?$AAt?$AA?5?$AAt?$AAo?$AA?5?$AA?$CF?$AAs?$AA?5?$AA?$FL@ 000000014001191a     .-remote.o
 0002:00000974       ??_C@_1LE@PPGJDLMH@?$AA?$FL?$AAp?$AA?5?$AA?$DM?$AAp?$AAo?$AAr?$AAt?$AA?$DO?$AA?$FN?$AA?5?$AAt?$AAo?$AA?5?$AAs?$AAe?$AAl?$AAe?$AAc?$AAt?$AA?5?$AAp?$AAo?$AAr?$AAt?$AA?5?$AA?$FL?$AAc?$AA?5?$AA?$DM?$AAi?$AAp@ 0000000140011974     .-remote.o
 0002:00000a28       ??_C@_1BO@BCIJKPCC@?$AAE?$AAn?$AAt?$AAe?$AAr?$AA?5?$AAc?$AAo?$AAm?$AAm?$AAa?$AAn?$AAd?$AA?$DO?$AA?$AA@ 0000000140011a28     .-remote.o
 0002:00000a46       ??_C@_1CK@IMAGNILG@?$AAC?$AAo?$AAn?$AAf?$AAi?$AAr?$AAm?$AAe?$AAd?$AA?5?$AAp?$AAo?$AAr?$AAt?$AA?$DN?$AA?$CF?$AAl?$AAl?$AAd?$AA?6?$AA?$AA@ 0000000140011a46     .-remote.o
 0002:00000a70       ??_C@_1DG@NNMMEGKD@?$AAS?$AAe?$AAl?$AAe?$AAc?$AAt?$AAe?$AAd?$AA?5?$AAc?$AAo?$AAn?$AAn?$AAe?$AAc?$AAt?$AA?5?$AAc?$AAo?$AAm?$AAm?$AAa?$AAn?$AAd?$AA?4?$AA?6?$AA?$AA@ 0000000140011a70     .-remote.o
 0002:00000aa6       ??_C@_1CI@KPENLAE@?$AAE?$AAn?$AAt?$AAe?$AAr?$AA?5?$AAI?$AAP?$AA?5?$AAa?$AAn?$AAd?$AA?5?$AAP?$AAO?$AAR?$AAT?$AA?4?$AA?6?$AA?$AA@ 0000000140011aa6     .-remote.o
 0002:00000ace       ??_C@_1EG@CAHECGOL@?$AAT?$AAr?$AAy?$AAi?$AAn?$AAg?$AA?5?$AAt?$AAo?$AA?5?$AAc?$AAo?$AAn?$AAn?$AAe?$AAc?$AAt?$AA?5?$AAt?$AAo?$AA?5?$AA?$FL?$AA?$CF?$AAs?$AA?$FN?$AA?5?$AA?$FL?$AA?$CF?$AAs?$AA?$FN?$AA?4?$AA?4@ 0000000140011ace     .-remote.o
 0002:00000b14       ??_C@_1DG@GLOHHOJG@?$AAT?$AAe?$AAm?$AAp?$AAo?$AAr?$AAa?$AAr?$AAy?$AA?5?$AAl?$AAo?$AAc?$AAa?$AAl?$AA_?$AAi?$AAd?$AA?5?$AA?$DN?$AA?5?$AA?$CF?$AAl?$AAl?$AAd?$AA?6?$AA?$AA@ 0000000140011b14     .-remote.o
 0002:00000b4a       ??_C@_1DC@MOJEJJIM@?$AAC?$AAo?$AAn?$AAf?$AAi?$AAg?$AAu?$AAr?$AAa?$AAt?$AAi?$AAo?$AAn?$AA?5?$AAc?$AAo?$AAn?$AAf?$AAi?$AAr?$AAm?$AAe?$AAd?$AA?6?$AA?$AA@ 0000000140011b4a     .-remote.o
 0002:00000b7c       ??_C@_1DM@PKIKMHMJ@?$AA?$FL?$AAN?$AAE?$AAT?$AAW?$AAO?$AAR?$AAK?$AA?$FN?$AA?3?$AA?5?$AAP?$AAe?$AAe?$AAr?$AA?5?$AAd?$AAi?$AAs?$AAc?$AAo?$AAn?$AAn?$AAe?$AAc?$AAt?$AAe?$AAd?$AA?6?$AA?$AA@ 0000000140011b7c     .-remote.o
 0002:00000bb8       ??_C@_1FE@JBHEOMDM@?$AAc?$AAo?$AAn?$AAn?$AAe?$AAc?$AAt?$AAi?$AAo?$AAn?$AA?5?$AAw?$AAa?$AAs?$AA?5?$AAc?$AAl?$AAo?$AAs?$AAe?$AAd?$AA?4?$AA?5?$AA?$FL?$AAl?$AAo?$AAc?$AAa?$AAl?$AA_?$AAi?$AAd@ 0000000140011bb8     .-remote.o
 0002:00000c0c       ??_C@_1LA@ICLCBFDH@?$AAE?$AAr?$AAr?$AAo?$AAr?$AA?3?$AA?5?$AAA?$AAP?$AAI?$AA_?$AAA?$AAN?$AAS?$AAW?$AAE?$AAR?$AA_?$AAR?$AAE?$AAQ?$AAU?$AAE?$AAS?$AAT?$AA_?$AAC?$AAO?$AAN?$AAN?$AAE?$AAC@ 0000000140011c0c     .-remote.o
 0002:00000cbc       ??_C@_1DK@EHAPFJND@?$AAs?$AAe?$AAr?$AAv?$AAe?$AAr?$AA?5?$AAs?$AAt?$AAa?$AAr?$AAt?$AAe?$AAd?$AA?5?$AAo?$AAn?$AA?5?$AAp?$AAo?$AAr?$AAt?$AA?5?$AA?$CF?$AAl?$AAl?$AAd?$AA?6?$AA?$AA@ 0000000140011cbc     .-remote.o
 0002:00000cf6       ??_C@_1CM@OOKLEHNG@?$AAg?$AAe?$AAt?$AA?5?$AAn?$AAa?$AAm?$AAe?$AA?5?$AAf?$AAa?$AAi?$AAl?$AAe?$AAd?$AA?5?$AA?$CF?$AAl?$AAl?$AAd?$AA?6?$AA?$AA@ 0000000140011cf6     .-remote.o
 0002:00000d22       ??_C@_1CG@NGNGJBNB@?$AAE?$AAr?$AAr?$AAo?$AAr?$AA?5?$AAh?$AAa?$AAp?$AAp?$AAe?$AAn?$AA?5?$AA?$CF?$AAl?$AAl?$AAd?$AA?6?$AA?$AA@ 0000000140011d22     .-remote.o
 0002:00000d48       ??_C@_1FA@MICONLJJ@?$AAE?$AAr?$AAr?$AAo?$AAr?$AA?3?$AA?5?$AAf?$AAa?$AAi?$AAl?$AAe?$AAd?$AA?5?$AAt?$AAo?$AA?5?$AAa?$AAl?$AAl?$AAo?$AAc?$AAa?$AAt?$AAe?$AA?5?$AAm?$AAe?$AAm?$AAo?$AAr?$AAy@ 0000000140011d48     .-runtime_lib.o
 0002:00000d98       ??_C@_1FE@CPMEHOGL@?$AAE?$AAr?$AAr?$AAo?$AAr?$AA?3?$AA?5?$AAf?$AAa?$AAi?$AAl?$AAe?$AAd?$AA?5?$AAt?$AAo?$AA?5?$AAr?$AAe?$AAa?$AAl?$AAl?$AAo?$AAc?$AAa?$AAt?$AAe?$AA?5?$AAm?$AAe?$AAm?$AAo@ 0000000140011d98     .-runtime_lib.o
 0002:00000dec       ??_C@_1EI@DJFGOBAG@?$AAE?$AAr?$AAr?$AAo?$AAr?$AA?3?$AA?5?$AAf?$AAa?$AAi?$AAl?$AAe?$AAd?$AA?5?$AAt?$AAo?$AA?5?$AAf?$AAr?$AAe?$AAe?$AA?5?$AAm?$AAe?$AAm?$AAo?$AAr?$AAy?$AA?3?$AA?5?$AA?$CF?$AAl@ 0000000140011dec     .-runtime_lib.o
 0002:00000e34       ??_C@_1CM@EJGKJCED@?$AAA?$AAs?$AAs?$AAe?$AAr?$AAt?$AAi?$AAo?$AAn?$AA?5?$AAf?$AAa?$AAi?$AAl?$AAe?$AAd?$AA?3?$AA?5?$AA?$CF?$AAs?$AA?6?$AA?$AA@ 0000000140011e34     .-runtime_lib.o
 0002:00000e60       ??_C@_1EI@GJCCEHA@?$AAF?$AAi?$AAl?$AAe?$AA?3?$AA?5?$AA?$CF?$AAs?$AA?0?$AA?5?$AAL?$AAi?$AAn?$AAe?$AA?3?$AA?5?$AA?$CF?$AAl?$AAl?$AAd?$AA?0?$AA?5?$AAF?$AAu?$AAn?$AAc?$AAt?$AAi?$AAo?$AAn?$AA?3?$AA?5@ 0000000140011e60     .-runtime_lib.o
 0002:000010dc       ??_C@_1GE@NIGCAFOK@?$AAE?$AAr?$AAr?$AAo?$AAr?$AA?3?$AA?5?$AAg?$AAp?$AAu?$AA?5?$AAw?$AAo?$AAr?$AAk?$AAe?$AAr?$AA?5?$AAd?$AAo?$AAe?$AAn?$AA?8?$AAt?$AA?5?$AAs?$AAu?$AAp?$AAp?$AAo?$AAr?$AAt@ 00000001400120dc     .-runtime.o
 0002:00001140       ??_C@_1IE@FHIKABLD@?$AAE?$AAr?$AAr?$AAo?$AAr?$AA?3?$AA?5?$AAc?$AAa?$AAn?$AA?8?$AAt?$AA?5?$AAr?$AAu?$AAn?$AA?5?$AAr?$AAe?$AAm?$AAo?$AAt?$AAe?$AA?5?$AAw?$AAo?$AAr?$AAk?$AAe?$AAr?$AA?5?$AA?$CF@ 0000000140012140     .-runtime.o
 0002:000011c4       ??_C@_1HE@GOIHIEDE@?$AAE?$AAr?$AAr?$AAo?$AAr?$AA?3?$AA?5?$AAp?$AAr?$AAo?$AAv?$AAi?$AAd?$AAe?$AAr?$AA?5?$AA?$CF?$AAl?$AAl?$AAd?$AA?5?$AAd?$AAo?$AAe?$AAs?$AAn?$AA?8?$AAt?$AA?5?$AAs?$AAu?$AAp@ 00000001400121c4     .-runtime.o
 0002:00001238       ??_C@_1JE@CPFCJBNI@?$AAE?$AAR?$AAR?$AAO?$AAR?$AA?3?$AA?5?$AAR?$AAu?$AAn?$AAt?$AAi?$AAm?$AAe?$AA?5?$AAe?$AAn?$AAd?$AAp?$AAo?$AAi?$AAn?$AAt?$AA?5?$AA?$CF?$AAl?$AAl?$AAd?$AA?5?$AAd?$AAo?$AAe@ 0000000140012238     .-runtime.o
 0002:000012cc       ??_C@_1HI@GNCDLKLI@?$AAE?$AAr?$AAr?$AAo?$AAr?$AA?3?$AA?5?$AAr?$AAu?$AAn?$AAt?$AAi?$AAm?$AAe?$AA?5?$AAd?$AAo?$AAe?$AAs?$AAn?$AA?8?$AAt?$AA?5?$AAs?$AAu?$AAp?$AAp?$AAo?$AAr?$AAt?$AA?5?$AAs@ 00000001400122cc     .-runtime.o
 0002:00001344       ??_C@_1CI@PHCDEMOE@?$AAb?$AAu?$AAi?$AAl?$AAd?$AAi?$AAn?$AAg?$AA?5?$AAk?$AAe?$AAr?$AAn?$AAe?$AAl?$AA?4?$AA?4?$AA?4?$AA?6?$AA?$AA@ 0000000140012344     .-runtime.o
 0002:0000136c       ??_C@_04JNAIOECI@krnl?$AA@ 000000014001236c     .-runtime.o
 0002:00001372       ??_C@_1DI@MMAOAOLJ@?$AAE?$AAr?$AAr?$AAo?$AAr?$AA?3?$AA?5?$AAk?$AAe?$AAr?$AAn?$AAe?$AAl?$AA?5?$AAb?$AAu?$AAi?$AAl?$AAd?$AA?5?$AAf?$AAa?$AAi?$AAl?$AAe?$AAd?$AA?6?$AA?$AA@ 0000000140012372     .-runtime.o
 0002:000013aa       ??_C@_1EK@KKIKLCHH@?$AAG?$AAp?$AAu?$AA?5?$AAs?$AAu?$AAs?$AAs?$AAy?$AAs?$AAt?$AAe?$AAm?$AA?5?$AAi?$AAn?$AAi?$AAt?$AAi?$AAa?$AAl?$AAi?$AAz?$AAa?$AAt?$AAi?$AAo?$AAn?$AA?5?$AAf?$AAa?$AAi@ 00000001400123aa     .-runtime.o
 0002:000013f4       ??_C@_1CC@DEIAIPBB@?$AA?4?$AA?4?$AA?1?$AA?4?$AA?4?$AA?1?$AA?4?$AA?4?$AA?1?$AAr?$AAe?$AAs?$AA?4?$AAb?$AAi?$AAn?$AA?$AA@ 00000001400123f4     .-runtime.o
 0002:00001416       ??_C@_1FC@OGJDIOEJ@?$AAE?$AAr?$AAr?$AAo?$AAr?$AA?3?$AA?5?$AAc?$AAa?$AAn?$AA?8?$AAt?$AA?5?$AAo?$AAp?$AAe?$AAn?$AA?5?$AA?4?$AA?4?$AA?1?$AA?4?$AA?4?$AA?1?$AA?4?$AA?4?$AA?1?$AAr?$AAe?$AAs?$AA?4?$AAb@ 0000000140012416     .-runtime.o
 0002:00001468       ??_C@_1EG@BBCENLFA@?$AAT?$AAh?$AAi?$AAs?$AA?5?$AAh?$AAi?$AAv?$AAe?$AA?5?$AAw?$AAi?$AAl?$AAl?$AA?5?$AAn?$AAo?$AAt?$AA?5?$AAr?$AAe?$AAa?$AAd?$AA?5?$AAa?$AAn?$AAy?$AA?5?$AAs?$AAt?$AAd?$AAi@ 0000000140012468     .-runtime.o
 0002:000014ae       ??_C@_1EG@OCFMCBJL@?$AAT?$AAh?$AAi?$AAs?$AA?5?$AAh?$AAi?$AAv?$AAe?$AA?5?$AAw?$AAi?$AAl?$AAl?$AA?5?$AAn?$AAo?$AAt?$AA?5?$AAs?$AAt?$AAo?$AAp?$AA?5?$AAe?$AAx?$AAe?$AAc?$AAu?$AAt?$AAi?$AAo@ 00000001400124ae     .-runtime.o
 0002:000014f4       ??_C@_1DA@LKDLAMFA@?$AAS?$AAe?$AAt?$AA?5?$AAn?$AAu?$AAm?$AA?5?$AAt?$AAh?$AAr?$AAe?$AAa?$AAd?$AAs?$AA?5?$AA?$DN?$AA?5?$AA?$CF?$AAl?$AAl?$AAd?$AA?6?$AA?$AA@ 00000001400124f4     .-runtime.o
 0002:00001524       ??_C@_1II@FCFHMELI@?$AAE?$AAr?$AAr?$AAo?$AAr?$AA?3?$AA?5?$AAt?$AAh?$AAi?$AAs?$AA?5?$AAb?$AAu?$AAi?$AAl?$AAd?$AA?5?$AAd?$AAo?$AAe?$AAs?$AAn?$AA?8?$AAt?$AA?5?$AAa?$AAl?$AAl?$AAo?$AAw?$AA?5@ 0000000140012524     .-runtime.o
 0002:000015ac       ??_C@_1DE@PNGABHJK@?$AAS?$AAe?$AAt?$AA?5?$AAh?$AAi?$AAv?$AAe?$AA?5?$AAa?$AAs?$AA?5?$AAp?$AAr?$AAo?$AAt?$AAe?$AAc?$AAt?$AAo?$AAr?$AAa?$AAt?$AAe?$AA?6?$AA?$AA@ 00000001400125ac     .-runtime.o
 0002:000015e0       ??_C@_1DG@MLIAHCGJ@?$AAS?$AAe?$AAt?$AA?5?$AAc?$AAh?$AAu?$AAn?$AAk?$AA?5?$AAt?$AAi?$AAm?$AAe?$AA?5?$AAt?$AAo?$AA?5?$AA?$CF?$AAl?$AAl?$AAd?$AA?5?$AAu?$AAs?$AA?6?$AA?$AA@ 00000001400125e0     .-runtime.o
 0002:00001616       ??_C@_1EC@FNPNOOPH@?$AAU?$AAn?$AAk?$AAn?$AAo?$AAw?$AAn?$AA?5?$AAc?$AAm?$AAd?$AAl?$AAi?$AAn?$AAe?$AA?5?$AAp?$AAa?$AAr?$AAa?$AAm?$AAe?$AAt?$AAe?$AAr?$AA?3?$AA?5?$AA?$CF?$AAl?$AAl?$AAd?$AA?6@ 0000000140012616     .-runtime.o
 0002:00001658       ??_C@_1CE@CFOOJILH@?$AAN?$AAU?$AAM?$AA_?$AAT?$AAH?$AAR?$AAE?$AAA?$AAD?$AAS?$AA?$DN?$AA?$CF?$AAl?$AAl?$AAd?$AA?6?$AA?$AA@ 0000000140012658     .-runtime.o
 0002:0000167c       ??_C@_1BI@KEMCAKCM@?$AAR?$AAu?$AAn?$AAn?$AAi?$AAn?$AAg?$AA?4?$AA?4?$AA?4?$AA?6?$AA?$AA@ 000000014001267c     .-runtime.o
 0002:00001694       ??_C@_1KG@MGKLLKBJ@?$AA?9?$AA?9?$AA?9?$AA?9?$AA?9?$AA?9?$AA?9?$AA?9?$AA?9?$AA?9?$AA?9?$AA?9?$AA?9?$AA?9?$AA?9?$AA?9?$AA?9?$AA?9?$AA?9?$AA?9?$AA?9?$AA?9?$AA?9?$AA?9?$AA?9?$AA?9?$AA?9?$AA?9?$AA?9?$AA?9?$AA?9?$AA?9@ 0000000140012694     .-runtime.o
 0002:0000173a       ??_C@_1KC@PDECPKAN@?$AA?9?$AA?9?$AA?9?$AA?9?$AA?9?$AA?9?$AA?9?$AA?9?$AA?9?$AA?9?$AA?9?$AA?9?$AA?9?$AA?9?$AA?9?$AA?9?$AA?9?$AA?9?$AA?9?$AA?9?$AA?9?$AA?9?$AA?9?$AA?9?$AA?9?$AA?9?$AA?9?$AA?9?$AA?9?$AA?9?$AA?9?$AA?9@ 000000014001273a     .-runtime.o
 0002:000017dc       ??_C@_1CE@FBEJGOMB@?$AAP?$AAr?$AAo?$AAg?$AAr?$AAa?$AAm?$AA?5?$AAf?$AAi?$AAn?$AAi?$AAs?$AAh?$AAe?$AAd?$AA?6?$AA?$AA@ 00000001400127dc     .-runtime.o
 0002:00001800       ??_C@_1EK@FDFELEEK@?$AAR?$AAe?$AAs?$AAu?$AAl?$AAt?$AA?5?$AAp?$AAr?$AAo?$AAm?$AAi?$AAs?$AAe?$AA?5?$AAn?$AAo?$AAt?$AA?5?$AAf?$AAo?$AAu?$AAn?$AAd?$AA?5?$AAo?$AAn?$AA?5?$AAm?$AAa?$AAc?$AAh@ 0000000140012800     .-runtime.o
 0002:0000184a       ??_C@_1DO@BFPIHEIA@?$AAP?$AAr?$AAo?$AAg?$AAr?$AAa?$AAm?$AA?5?$AAe?$AAx?$AAi?$AAt?$AAe?$AAd?$AA?5?$AAw?$AAi?$AAt?$AAh?$AA?5?$AAc?$AAo?$AAd?$AAe?$AA?5?$AA?$CF?$AAl?$AAl?$AAx?$AA?6?$AA?$AA@ 000000014001284a     .-runtime.o
 0002:00001888       ??_C@_1CK@DKIDNDNE@?$AAP?$AAr?$AAe?$AAs?$AAs?$AA?5?$AAC?$AAt?$AAr?$AAl?$AA?$CL?$AAC?$AA?5?$AAt?$AAo?$AA?5?$AAe?$AAn?$AAd?$AA?6?$AA?$AA@ 0000000140012888     .-runtime.o
 0002:000018b2       ??_C@_1GO@CEANDIOF@?$AAR?$AAe?$AAs?$AAu?$AAl?$AAt?$AA?5?$AAo?$AAf?$AA?5?$AAm?$AAa?$AAi?$AAn?$AA?5?$AAf?$AAu?$AAn?$AAc?$AAt?$AAi?$AAo?$AAn?$AA?5?$AAi?$AAs?$AAn?$AA?8?$AAt?$AA?5?$AAr?$AAe@ 00000001400128b2     .-runtime.o
 0002:00001920       ??_C@_1DI@MLNAPEIE@?$AAS?$AAh?$AAe?$AAd?$AAu?$AAl?$AAe?$AAr?$AAI?$AAn?$AAs?$AAt?$AAa?$AAn?$AAc?$AAe?$AA?5?$AAc?$AAo?$AAm?$AAp?$AAl?$AAe?$AAt?$AAe?$AAd?$AA?6?$AA?$AA@ 0000000140012920     .-sheduler.o
 0002:00001958       ??_C@_13PPFCDPMH@?$AA?$HM?$AA?$AA@ 0000000140012958     .-sheduler.o
 0002:0000195c       ??_C@_1DE@BFFMGPEH@?$AA?5?$AA?5?$AA?5?$AA?5?$AA?5?$AA?5?$AA?5?$AAt?$AAh?$AAr?$AAe?$AAa?$AAd?$AA?5?$AA?$CF?$AA0?$AA2?$AAx?$AA?5?$AA?5?$AA?5?$AA?5?$AA?5?$AA?5?$AA?$HM?$AA?$AA@ 000000014001295c     .-sheduler.o
 0002:00001990       ??_C@_13LBAGMAIH@?$AA?6?$AA?$AA@ 0000000140012990     .-sheduler.o
 0002:00001994       ??_C@_1DA@DAJCMENO@?$AA?5?$AA?5?$AAe?$AAx?$AAe?$AAc?$AA?5?$AA?1?$AA?5?$AAd?$AAo?$AAn?$AAe?$AA?5?$AA?1?$AA?5?$AAs?$AAt?$AAa?$AAl?$AAl?$AA?5?$AA?$HM?$AA?$AA@ 0000000140012994     .-sheduler.o
 0002:000019c4       ??_C@_1CK@GLKKGPFH@?$AA?5?$AA?$CF?$AA7?$AAl?$AAl?$AAd?$AA?5?$AA?$CF?$AA6?$AAl?$AAl?$AAd?$AA?5?$AA?$CF?$AA5?$AAl?$AAl?$AAd?$AA?5?$AA?$HM?$AA?$AA@ 00000001400129c4     .-sheduler.o
 0002:000019ee       ??_C@_1DA@BENJBLHO@?$AAW?$AAa?$AAi?$AAt?$AA?$HM?$AAQ?$AAu?$AAe?$AAu?$AAe?$AAd?$AA?5?$AA?$CF?$AAl?$AAl?$AAd?$AA?$HM?$AA?$CF?$AAl?$AAl?$AAd?$AA?5?$AA?6?$AA?$AA@ 00000001400129ee     .-sheduler.o
 0002:00001a1e       ??_C@_1DM@HCILGOPA@?$AAF?$AAa?$AAi?$AAl?$AAe?$AAd?$AA?5?$AAt?$AAo?$AA?5?$AAc?$AAr?$AAe?$AAa?$AAt?$AAe?$AA?5?$AAt?$AAh?$AAr?$AAe?$AAa?$AAd?$AA?5?$AA?$CF?$AAl?$AAl?$AAd?$AA?6?$AA?$AA@ 0000000140012a1e     .-sheduler.o
 0002:00001a60       RtlNtPathSeperatorString   0000000140012a60     ws2_32:indef.obj
 0002:00001a70       ??_C@_13FPGAJAPJ@?$AA?2@   0000000140012a70     ws2_32:indef.obj
 0002:00001a78       RtlDosPathSeperatorsString 0000000140012a78     ws2_32:indef.obj
 0002:00001a88       ??_C@_15MNCACJLI@?$AA?2?$AA?1@ 0000000140012a88     ws2_32:indef.obj
 0002:00001a90       RtlAlternateDosPathSeperatorString 0000000140012a90     ws2_32:indef.obj
 0002:00001aa0       ??_C@_13CGOKJPIL@?$AA?1@   0000000140012aa0     ws2_32:indef.obj
 0002:00001ab8       eui48_broadcast            0000000140012ab8     ws2_32:indef.obj
 0002:00001ac0       scopeid_unspecified        0000000140012ac0     ws2_32:indef.obj
 0002:00001ac4       in4addr_any                0000000140012ac4     ws2_32:indef.obj
 0002:00001ac8       in4addr_loopback           0000000140012ac8     ws2_32:indef.obj
 0002:00001acc       in4addr_broadcast          0000000140012acc     ws2_32:indef.obj
 0002:00001ad0       in4addr_allnodesonlink     0000000140012ad0     ws2_32:indef.obj
 0002:00001ad4       in4addr_allroutersonlink   0000000140012ad4     ws2_32:indef.obj
 0002:00001ad8       in4addr_alligmpv3routersonlink 0000000140012ad8     ws2_32:indef.obj
 0002:00001adc       in4addr_allteredohostsonlink 0000000140012adc     ws2_32:indef.obj
 0002:00001ae0       in4addr_linklocalprefix    0000000140012ae0     ws2_32:indef.obj
 0002:00001ae4       in4addr_multicastprefix    0000000140012ae4     ws2_32:indef.obj
 0002:00001ae8       in6addr_any                0000000140012ae8     ws2_32:indef.obj
 0002:00001af8       in6addr_loopback           0000000140012af8     ws2_32:indef.obj
 0002:00001b08       in6addr_allnodesonnode     0000000140012b08     ws2_32:indef.obj
 0002:00001b18       in6addr_allnodesonlink     0000000140012b18     ws2_32:indef.obj
 0002:00001b28       in6addr_allroutersonlink   0000000140012b28     ws2_32:indef.obj
 0002:00001b38       in6addr_allmldv2routersonlink 0000000140012b38     ws2_32:indef.obj
 0002:00001b48       in6addr_teredoinitiallinklocaladdress 0000000140012b48     ws2_32:indef.obj
 0002:00001b58       in6addr_linklocalprefix    0000000140012b58     ws2_32:indef.obj
 0002:00001b68       in6addr_multicastprefix    0000000140012b68     ws2_32:indef.obj
 0002:00001b78       in6addr_solicitednodemulticastprefix 0000000140012b78     ws2_32:indef.obj
 0002:00001b88       in6addr_v4mappedprefix     0000000140012b88     ws2_32:indef.obj
 0002:00001b98       in6addr_6to4prefix         0000000140012b98     ws2_32:indef.obj
 0002:00001ba8       in6addr_teredoprefix       0000000140012ba8     ws2_32:indef.obj
 0002:00001bb8       in6addr_teredoprefix_old   0000000140012bb8     ws2_32:indef.obj
 0002:00001bc8       BUGCHECK_EFI_GUID          0000000140012bc8     ws2_32:indef.obj
 0002:00001fa0       __imp_CommandLineToArgvW   0000000140012fa0     shell32:SHELL32.dll
 0002:00001fb0       __imp_AcquireSRWLockExclusive 0000000140012fb0     kernel32:KERNEL32.dll
 0002:00001fb8       __imp_AcquireSRWLockShared 0000000140012fb8     kernel32:KERNEL32.dll
 0002:00001fc0       __imp_CloseHandle          0000000140012fc0     kernel32:KERNEL32.dll
 0002:00001fc8       __imp_CreateFileW          0000000140012fc8     kernel32:KERNEL32.dll
 0002:00001fd0       __imp_CreateIoCompletionPort 0000000140012fd0     kernel32:KERNEL32.dll
 0002:00001fd8       __imp_CreateThread         0000000140012fd8     kernel32:KERNEL32.dll
 0002:00001fe0       __imp_ExitProcess          0000000140012fe0     kernel32:KERNEL32.dll
 0002:00001fe8       __imp_GetCommandLineW      0000000140012fe8     kernel32:KERNEL32.dll
 0002:00001ff0       __imp_GetConsoleMode       0000000140012ff0     kernel32:KERNEL32.dll
 0002:00001ff8       __imp_GetFileSizeEx        0000000140012ff8     kernel32:KERNEL32.dll
 0002:00002000       __imp_GetLastError         0000000140013000     kernel32:KERNEL32.dll
 0002:00002008       __imp_GetProcAddress       0000000140013008     kernel32:KERNEL32.dll
 0002:00002010       __imp_GetProcessHeap       0000000140013010     kernel32:KERNEL32.dll
 0002:00002018       __imp_GetQueuedCompletionStatus 0000000140013018     kernel32:KERNEL32.dll
 0002:00002020       __imp_GetStdHandle         0000000140013020     kernel32:KERNEL32.dll
 0002:00002028       __imp_GetThreadContext     0000000140013028     kernel32:KERNEL32.dll
 0002:00002030       __imp_HeapAlloc            0000000140013030     kernel32:KERNEL32.dll
 0002:00002038       __imp_HeapFree             0000000140013038     kernel32:KERNEL32.dll
 0002:00002040       __imp_HeapReAlloc          0000000140013040     kernel32:KERNEL32.dll
 0002:00002048       __imp_LoadLibraryA         0000000140013048     kernel32:KERNEL32.dll
 0002:00002050       __imp_MultiByteToWideChar  0000000140013050     kernel32:KERNEL32.dll
 0002:00002058       __imp_QueryPerformanceCounter 0000000140013058     kernel32:KERNEL32.dll
 0002:00002060       __imp_QueryPerformanceFrequency 0000000140013060     kernel32:KERNEL32.dll
 0002:00002068       __imp_ReadConsoleW         0000000140013068     kernel32:KERNEL32.dll
 0002:00002070       __imp_ReadFile             0000000140013070     kernel32:KERNEL32.dll
 0002:00002078       __imp_ReleaseSRWLockExclusive 0000000140013078     kernel32:KERNEL32.dll
 0002:00002080       __imp_ReleaseSRWLockShared 0000000140013080     kernel32:KERNEL32.dll
 0002:00002088       __imp_ResumeThread         0000000140013088     kernel32:KERNEL32.dll
 0002:00002090       __imp_SetThreadContext     0000000140013090     kernel32:KERNEL32.dll
 0002:00002098       __imp_Sleep                0000000140013098     kernel32:KERNEL32.dll
 0002:000020a0       __imp_SuspendThread        00000001400130a0     kernel32:KERNEL32.dll
 0002:000020a8       __imp_TlsAlloc             00000001400130a8     kernel32:KERNEL32.dll
 0002:000020b0       __imp_TlsFree              00000001400130b0     kernel32:KERNEL32.dll
 0002:000020b8       __imp_TlsGetValue          00000001400130b8     kernel32:KERNEL32.dll
 0002:000020c0       __imp_TlsSetValue          00000001400130c0     kernel32:KERNEL32.dll
 0002:000020c8       __imp_TryAcquireSRWLockExclusive 00000001400130c8     kernel32:KERNEL32.dll
 0002:000020d0       __imp_VirtualAlloc         00000001400130d0     kernel32:KERNEL32.dll
 0002:000020d8       __imp_WaitForMultipleObjects 00000001400130d8     kernel32:KERNEL32.dll
 0002:000020e0       __imp_WaitForSingleObject  00000001400130e0     kernel32:KERNEL32.dll
 0002:000020e8       __imp_WriteConsoleW        00000001400130e8     kernel32:KERNEL32.dll
 0002:000020f8       __imp_BCryptGenRandom      00000001400130f8     bcrypt:bcrypt.dll
 0002:00002108       __imp_WSAGetLastError      0000000140013108     ws2_32:WS2_32.dll
 0002:00002110       __imp_WSARecv              0000000140013110     ws2_32:WS2_32.dll
 0002:00002118       __imp_WSAStartup           0000000140013118     ws2_32:WS2_32.dll
 0002:00002120       __imp_accept               0000000140013120     ws2_32:WS2_32.dll
 0002:00002128       __imp_bind                 0000000140013128     ws2_32:WS2_32.dll
 0002:00002130       __imp_closesocket          0000000140013130     ws2_32:WS2_32.dll
 0002:00002138       __imp_connect              0000000140013138     ws2_32:WS2_32.dll
 0002:00002140       __imp_freeaddrinfo         0000000140013140     ws2_32:WS2_32.dll
 0002:00002148       __imp_getaddrinfo          0000000140013148     ws2_32:WS2_32.dll
 0002:00002150       __imp_getsockname          0000000140013150     ws2_32:WS2_32.dll
 0002:00002158       __imp_htons                0000000140013158     ws2_32:WS2_32.dll
 0002:00002160       __imp_listen               0000000140013160     ws2_32:WS2_32.dll
 0002:00002168       __imp_ntohs                0000000140013168     ws2_32:WS2_32.dll
 0002:00002170       __imp_send                 0000000140013170     ws2_32:WS2_32.dll
 0002:00002178       __imp_setsockopt           0000000140013178     ws2_32:WS2_32.dll
 0002:00002180       __imp_socket               0000000140013180     ws2_32:WS2_32.dll
 0002:00002190       __imp_clBuildProgram       0000000140013190     OpenCL:OpenCL.dll
 0002:00002198       __imp_clCreateBuffer       0000000140013198     OpenCL:OpenCL.dll
 0002:000021a0       __imp_clCreateCommandQueueWithProperties 00000001400131a0     OpenCL:OpenCL.dll
 0002:000021a8       __imp_clCreateContext      00000001400131a8     OpenCL:OpenCL.dll
 0002:000021b0       __imp_clCreateKernel       00000001400131b0     OpenCL:OpenCL.dll
 0002:000021b8       __imp_clCreateProgramWithSource 00000001400131b8     OpenCL:OpenCL.dll
 0002:000021c0       __imp_clEnqueueNDRangeKernel 00000001400131c0     OpenCL:OpenCL.dll
 0002:000021c8       __imp_clEnqueueReadBuffer  00000001400131c8     OpenCL:OpenCL.dll
 0002:000021d0       __imp_clEnqueueWriteBuffer 00000001400131d0     OpenCL:OpenCL.dll
 0002:000021d8       __imp_clFinish             00000001400131d8     OpenCL:OpenCL.dll
 0002:000021e0       __imp_clGetDeviceIDs       00000001400131e0     OpenCL:OpenCL.dll
 0002:000021e8       __imp_clGetDeviceInfo      00000001400131e8     OpenCL:OpenCL.dll
 0002:000021f0       __imp_clGetKernelArgInfo   00000001400131f0     OpenCL:OpenCL.dll
 0002:000021f8       __imp_clGetPlatformIDs     00000001400131f8     OpenCL:OpenCL.dll
 0002:00002200       __imp_clGetPlatformInfo    0000000140013200     OpenCL:OpenCL.dll
 0002:00002208       __imp_clGetProgramBuildInfo 0000000140013208     OpenCL:OpenCL.dll
 0002:00002210       __imp_clSetKernelArg       0000000140013210     OpenCL:OpenCL.dll
 0003:00000000       server_port                0000000140014000     .-remote.o
 0003:00000008       thisServerId               0000000140014008     .-remote.o
 0003:00000010       NUM_THREADS                0000000140014010     .-runtime.o
 0003:00000018       CHUNK_TIME_US              0000000140014018     .-runtime.o
 0003:00000020       Providers                  0000000140014020     .-runtime.o
 0003:000000c0       AddressFamilyInformation   00000001400140c0     ws2_32:indef.obj
 0003:000000f0       connections_lock           00000001400140f0     .-api.o
 0003:000000f8       connections_len            00000001400140f8     .-api.o
 0003:00000100       pages_lock                 0000000140014100     .-api.o
 0003:00000108       pages_len                  0000000140014108     .-api.o
 0003:00000110       known_id_broadcasts        0000000140014110     .-api.o
 0003:00000130       known_page_broadcasts      0000000140014130     .-api.o
 0003:00000150       known_path_broadcasts      0000000140014150     .-api.o
 0003:00000170       known_path_id_broadcasts   0000000140014170     .-api.o
 0003:00000190       local_objects              0000000140014190     .-api.o
 0003:000001b0       known_objects              00000001400141b0     .-api.o
 0003:000001d0       query_requests             00000001400141d0     .-api.o
 0003:000001f0       push_requests              00000001400141f0     .-api.o
 0003:00000210       known_hives                0000000140014210     .-api.o
 0003:00000230       connections                0000000140014230     .-api.o
 0003:00002230       pages                      0000000140016230     .-api.o
 0003:00002e30       SL_best_platform           0000000140016e30     .-gpu_subsystem.o
 0003:00002e34       SL_best_platform_value     0000000140016e34     .-gpu_subsystem.o
 0003:00002e38       SL_platforms_len           0000000140016e38     .-gpu_subsystem.o
 0003:00002e40       SL_platforms               0000000140016e40     .-gpu_subsystem.o
 0003:00002ec0       SL_devices                 0000000140016ec0     .-gpu_subsystem.o
 0003:000032c0       SL_devices_len             00000001400172c0     .-gpu_subsystem.o
 0003:00003300       SL_main_platform           0000000140017300     .-gpu_subsystem.o
 0003:00003308       SL_context                 0000000140017308     .-gpu_subsystem.o
 0003:00003310       SL_queues                  0000000140017310     .-gpu_subsystem.o
 0003:00003710       SL_queues_len              0000000140017710     .-gpu_subsystem.o
 0003:00003750       queues                     0000000140017750     .-queue.o
 0003:00003b50       queue_size                 0000000140017b50     .-queue.o
 0003:00003b58       ServerIdGetLock            0000000140017b58     .-remote.o
 0003:00003b60       next_local_id              0000000140017b60     .-remote.o
 0003:00003b68       hIOCP                      0000000140017b68     .-remote.o
 0003:00003b70       hHeap                      0000000140017b70     .-runtime_lib.o
 0003:00003b78       hInput                     0000000140017b78     .-runtime_lib.o
 0003:00003b80       buf                        0000000140017b80     .-runtime_lib.o
 0003:00013b80       hOutput                    0000000140027b80     .-runtime_lib.o
 0003:00013b88       frequency                  0000000140027b88     .-runtime_lib.o
 0003:00013b90       Workers                    0000000140027b90     .-runtime.o
 0003:00014810       wait_list_lock             0000000140028810     .-runtime.o
 0003:00014818       wait_list_len              0000000140028818     .-runtime.o
 0003:00014820       dwTlsIndex                 0000000140028820     .-runtime.o
 0003:00014830       wait_list                  0000000140028830     .-runtime.o
 0003:000d7d30       defined_arrays             00000001400ebd30     .-runtime.o
 0003:000d7d39       ExPoolZeroingNativelySupported 00000001400ebd39     ws2_32:indef.obj

 entry point at         0001:0000e0c0

 Static symbols

 0001:00003400       GetKnownHiveHash           0000000140004400     .-api.o
 0001:00006f90       p                          0000000140007f90     .-queue.o
 0001:000095d0       Worker                     000000014000a5d0     .-remote.o
 0001:00009b10       ConnectionListnerWorker    000000014000ab10     .-remote.o
 0001:00009d10       PagesAllocator             000000014000ad10     .-remote.o
 0001:00009de0       StateSender                000000014000ade0     .-remote.o
 0001:00009e00       HandleApiCall              000000014000ae00     .-remote.o
 0001:0000efa4       .text                      000000014000ffa4     asm.o
 0002:00001aa8       BFE_GENERIC_MAPPING        0000000140012aa8     ws2_32:indef.obj
 0002:00001bd8       IPSEC_AUTH_TRANSFORM_ID_HMAC_MD5_96 0000000140012bd8     ws2_32:indef.obj
 0002:00001be0       IPSEC_AUTH_TRANSFORM_ID_HMAC_SHA_1_96 0000000140012be0     ws2_32:indef.obj
 0002:00001be8       IPSEC_AUTH_TRANSFORM_ID_HMAC_SHA_256_128 0000000140012be8     ws2_32:indef.obj
 0002:00001bf0       IPSEC_AUTH_TRANSFORM_ID_GCM_AES_128 0000000140012bf0     ws2_32:indef.obj
 0002:00001bf8       IPSEC_AUTH_TRANSFORM_ID_GCM_AES_192 0000000140012bf8     ws2_32:indef.obj
 0002:00001c00       IPSEC_AUTH_TRANSFORM_ID_GCM_AES_256 0000000140012c00     ws2_32:indef.obj
 0002:00001c08       IPSEC_CIPHER_TRANSFORM_ID_CBC_DES 0000000140012c08     ws2_32:indef.obj
 0002:00001c10       IPSEC_CIPHER_TRANSFORM_ID_CBC_3DES 0000000140012c10     ws2_32:indef.obj
 0002:00001c18       IPSEC_CIPHER_TRANSFORM_ID_AES_128 0000000140012c18     ws2_32:indef.obj
 0002:00001c20       IPSEC_CIPHER_TRANSFORM_ID_AES_192 0000000140012c20     ws2_32:indef.obj
 0002:00001c28       IPSEC_CIPHER_TRANSFORM_ID_AES_256 0000000140012c28     ws2_32:indef.obj
 0002:00001c30       IPSEC_CIPHER_TRANSFORM_ID_GCM_AES_128 0000000140012c30     ws2_32:indef.obj
 0002:00001c38       IPSEC_CIPHER_TRANSFORM_ID_GCM_AES_192 0000000140012c38     ws2_32:indef.obj
 0002:00001c40       IPSEC_CIPHER_TRANSFORM_ID_GCM_AES_256 0000000140012c40     ws2_32:indef.obj
 0003:000d7d38       WFP_TRACE_NULL_DATA        00000001400ebd38     ws2_32:indef.obj
 0004:00000000       .data                      00000001400ec000     asm.o
