 a

 Timestamp is 697fea65 (Mon Feb  2 03:05:57 2026)

 Preferred load address is 0000000140000000

 Start         Length     Name                   Class
 0001:00000000 00009089H .text                   CODE
 0002:00000000 00001130H .rdata                  DATA
 0003:00000000 00000054H .data                   DATA
 0003:00000054 000db49aH .bss                    DATA
 0004:00000000 00000200H .data                   DATA

  Address         Publics by Value              Rva+Base               Lib:Object

 0001:00000000       gpuPauseWorker             0000000140001000     .-gpu-await_worker.o
 0001:00000030       gpuUpdateWaitingWorker     0000000140001030     .-gpu-await_worker.o
 0001:00000060       gpuCallObject              0000000140001060     .-gpu-call_object.o
 0001:000000e0       gpuExecuteWorker           00000001400010e0     .-gpu-execute_worker.o
 0001:00000110       gpuNewObjectUsingPage      0000000140001110     .-gpu-new_object.o
 0001:000002e0       gpuNewObject               00000001400012e0     .-gpu-new_object.o
 0001:000003e0       gpuPushObject              00000001400013e0     .-gpu-push_object.o
 0001:00000420       gpuPushPipe                0000000140001420     .-gpu-push_object.o
 0001:00000460       gpuQueryObject             0000000140001460     .-gpu-query_object.o
 0001:000004a0       gpuQueryPipe               00000001400014a0     .-gpu-query_object.o
 0001:000004e0       x64PauseWorker             00000001400014e0     .-x64-await_worker.o
 0001:00000580       x64UpdateWaitingWorker     0000000140001580     .-x64-await_worker.o
 0001:000007f0       x64CallObject              00000001400017f0     .-x64-call_object.o
 0001:00000870       x64ExecuteWorker           0000000140001870     .-x64-execute_worker.o
 0001:000008c0       x64NewObjectUsingPage      00000001400018c0     .-x64-new_object.o
 0001:00000c30       x64NewObject               0000000140001c30     .-x64-new_object.o
 0001:00000d30       x64UpdateLocalPush         0000000140001d30     .-x64-push_object.o
 0001:00000e20       x64PushObject              0000000140001e20     .-x64-push_object.o
 0001:00001090       x64PushPipe                0000000140002090     .-x64-push_object.o
 0001:000010c0       x64QueryLocalObject        00000001400020c0     .-x64-query_object.o
 0001:00001220       x64QueryObject             0000000140002220     .-x64-query_object.o
 0001:00001420       x64QueryPipe               0000000140002420     .-x64-query_object.o
 0001:00001450       equal_bytes                0000000140002450     .-api.o
 0001:000014e0       GetHashtableNoLock         00000001400024e0     .-api.o
 0001:00001610       SetHashtableNoLock         0000000140002610     .-api.o
 0001:00001910       GetHashtable               0000000140002910     .-api.o
 0001:00001970       SetHashtable               0000000140002970     .-api.o
 0001:000019c0       InitInternalStructures     00000001400029c0     .-api.o
 0001:00001d00       anyCastProvider            0000000140002d00     .-cast_provider.o
 0001:00001da0       StartInitialProcess        0000000140002da0     .-hive_entry.o
 0001:00001fb0       GetConnectionById          0000000140002fb0     .-remote.o
 0001:00002040       ConfirmPage                0000000140003040     .-remote.o
 0001:000020d0       ConfirmID                  00000001400030d0     .-remote.o
 0001:00002120       HandleNewConnection        0000000140003120     .-remote.o
 0001:00002300       UpdateWaitingPush          0000000140003300     .-remote.o
 0001:00002580       AnswerPushObject           0000000140003580     .-remote.o
 0001:00002640       SendPageAllocationConfirm  0000000140003640     .-remote.o
 0001:000026c0       SendIDConfirm              00000001400036c0     .-remote.o
 0001:00002740       RedirectBroadcastQuery     0000000140003740     .-remote.o
 0001:000028a0       RedirectBroadcastIDQuery   00000001400038a0     .-remote.o
 0001:00002a00       ConfirmConnection          0000000140003a00     .-remote.o
 0001:00002b70       InitiateConnection         0000000140003b70     .-remote.o
 0001:00002e90       RequestMemoryPage          0000000140003e90     .-remote.o
 0001:00002f80       RequestServerId            0000000140003f80     .-remote.o
 0001:00003080       AnswerQueryObject          0000000140004080     .-remote.o
 0001:00003180       AnswerRequestObjectPath    0000000140004180     .-remote.o
 0001:000032a0       RequestObjectPathBroadcast 00000001400042a0     .-remote.o
 0001:00003490       AnswerRequestPathToID      0000000140004490     .-remote.o
 0001:000035b0       RequestPathToIDBroadcast   00000001400045b0     .-remote.o
 0001:000037a0       RequestObjectGet           00000001400047a0     .-remote.o
 0001:000038b0       RequestObjectSet           00000001400048b0     .-remote.o
 0001:00003a60       StartNewWorkerRemote       0000000140004a60     .-remote.o
 0001:00003b70       SendHiveState              0000000140004b70     .-remote.o
 0001:00003d20       start_remote_subsystem     0000000140004d20     .-remote.o
 0001:00006320       memset                     0000000140007320     .-runtime_lib.o
 0001:00006380       memcpy                     0000000140007380     .-runtime_lib.o
 0001:000063f0       myMalloc                   00000001400073f0     .-runtime_lib.o
 0001:00006440       myPrintf                   0000000140007440     .-runtime_lib.o
 0001:00006770       myFree                     0000000140007770     .-runtime_lib.o
 0001:000067b0       myAtoll                    00000001400077b0     .-runtime_lib.o
 0001:000068f0       get_char                   00000001400078f0     .-runtime_lib.o
 0001:000069d0       myScanI64                  00000001400079d0     .-runtime_lib.o
 0001:00006a60       myScanS                    0000000140007a60     .-runtime_lib.o
 0001:00006b60       PrintI64                   0000000140007b60     .-runtime_lib.o
 0001:00006c30       PrintI64H                  0000000140007c30     .-runtime_lib.o
 0001:00006cd0       Print2H                    0000000140007cd0     .-runtime_lib.o
 0001:00006d70       assertion_failure          0000000140007d70     .-runtime_lib.o
 0001:00006dc0       myAbs                      0000000140007dc0     .-runtime_lib.o
 0001:00006df0       MicrosecondsToTicks        0000000140007df0     .-runtime_lib.o
 0001:00006e10       TicksToMicroseconds        0000000140007e10     .-runtime_lib.o
 0001:00006e30       GetTicks                   0000000140007e30     .-runtime_lib.o
 0001:00006e50       SheduleTimeoutFromNow      0000000140007e50     .-runtime_lib.o
 0001:00006e90       init_lib                   0000000140007e90     .-runtime_lib.o
 0001:00006ee0       RegisterObjectWithId       0000000140007ee0     .-runtime.o
 0001:00006f10       GetNewObjectId             0000000140007f10     .-runtime.o
 0001:00007000       universalUpdateLocalPush   0000000140008000     .-runtime.o
 0001:00007060       UpdateFromQueryResult      0000000140008060     .-runtime.o
 0001:000070e0       PrintObject                00000001400080e0     .-runtime.o
 0001:000071f0       WaitListWorker             00000001400081f0     .-runtime.o
 0001:000072c0       EnqueueWorkerFromWaitList  00000001400082c0     .-runtime.o
 0001:00007350       EnqueueWorker              0000000140008350     .-runtime.o
 0001:000073a0       UpdateWaitingWorkers       00000001400083a0     .-runtime.o
 0001:000074c0       SheduleWorker              00000001400084c0     .-runtime.o
 0001:00007630       StartNewWorker             0000000140008630     .-runtime.o
 0001:00007910       LoadWorker                 0000000140008910     .-runtime.o
 0001:000085e0       ShedulerInstance           00000001400095e0     .-runtime.o
 0001:00008640       entry                      0000000140009640     .-runtime.o
 0001:00008b00       x64_fastPushObject         0000000140009b00     asm.o
 0001:00008b7c       x64_fastQueryObject        0000000140009b7c     asm.o
 0001:00008bf8       x64_fastNewObject          0000000140009bf8     asm.o
 0001:00008c74       x64_fastCallObject         0000000140009c74     asm.o
 0001:00008cf0       x64_fastPushPipe           0000000140009cf0     asm.o
 0001:00008d6c       x64_fastQueryPipe          0000000140009d6c     asm.o
 0001:00008de8       gpu_fastNewObject          0000000140009de8     asm.o
 0001:00008e64       gpu_fastCallObject         0000000140009e64     asm.o
 0001:00008ee0       any_fastCastProvider       0000000140009ee0     asm.o
 0001:00008f5c       x64AsmExecuteWorker        0000000140009f5c     asm.o
 0001:00008fa3       setjmpUN                   0000000140009fa3     asm.o
 0001:00008fd6       longjmpUN                  0000000140009fd6     asm.o
 0001:00008fff       DllCall                    0000000140009fff     asm.o
 0001:00009090       CommandLineToArgvW         000000014000a090     shell32:SHELL32.dll
 0001:000090a0       AcquireSRWLockExclusive    000000014000a0a0     kernel32:KERNEL32.dll
 0001:000090b0       AcquireSRWLockShared       000000014000a0b0     kernel32:KERNEL32.dll
 0001:000090c0       CloseHandle                000000014000a0c0     kernel32:KERNEL32.dll
 0001:000090d0       CreateFileW                000000014000a0d0     kernel32:KERNEL32.dll
 0001:000090e0       CreateIoCompletionPort     000000014000a0e0     kernel32:KERNEL32.dll
 0001:000090f0       CreateThread               000000014000a0f0     kernel32:KERNEL32.dll
 0001:00009100       ExitProcess                000000014000a100     kernel32:KERNEL32.dll
 0001:00009110       GetCommandLineW            000000014000a110     kernel32:KERNEL32.dll
 0001:00009120       GetConsoleMode             000000014000a120     kernel32:KERNEL32.dll
 0001:00009130       GetFileSizeEx              000000014000a130     kernel32:KERNEL32.dll
 0001:00009140       GetLastError               000000014000a140     kernel32:KERNEL32.dll
 0001:00009150       GetProcAddress             000000014000a150     kernel32:KERNEL32.dll
 0001:00009160       GetProcessHeap             000000014000a160     kernel32:KERNEL32.dll
 0001:00009170       GetQueuedCompletionStatus  000000014000a170     kernel32:KERNEL32.dll
 0001:00009180       GetStdHandle               000000014000a180     kernel32:KERNEL32.dll
 0001:00009190       HeapAlloc                  000000014000a190     kernel32:KERNEL32.dll
 0001:000091a0       HeapFree                   000000014000a1a0     kernel32:KERNEL32.dll
 0001:000091b0       LoadLibraryA               000000014000a1b0     kernel32:KERNEL32.dll
 0001:000091c0       MultiByteToWideChar        000000014000a1c0     kernel32:KERNEL32.dll
 0001:000091d0       QueryPerformanceCounter    000000014000a1d0     kernel32:KERNEL32.dll
 0001:000091e0       QueryPerformanceFrequency  000000014000a1e0     kernel32:KERNEL32.dll
 0001:000091f0       ReadConsoleW               000000014000a1f0     kernel32:KERNEL32.dll
 0001:00009200       ReadFile                   000000014000a200     kernel32:KERNEL32.dll
 0001:00009210       ReleaseSRWLockExclusive    000000014000a210     kernel32:KERNEL32.dll
 0001:00009220       ReleaseSRWLockShared       000000014000a220     kernel32:KERNEL32.dll
 0001:00009230       Sleep                      000000014000a230     kernel32:KERNEL32.dll
 0001:00009240       TlsAlloc                   000000014000a240     kernel32:KERNEL32.dll
 0001:00009250       TlsFree                    000000014000a250     kernel32:KERNEL32.dll
 0001:00009260       TlsGetValue                000000014000a260     kernel32:KERNEL32.dll
 0001:00009270       TlsSetValue                000000014000a270     kernel32:KERNEL32.dll
 0001:00009280       TryAcquireSRWLockExclusive 000000014000a280     kernel32:KERNEL32.dll
 0001:00009290       VirtualAlloc               000000014000a290     kernel32:KERNEL32.dll
 0001:000092a0       WaitForMultipleObjects     000000014000a2a0     kernel32:KERNEL32.dll
 0001:000092b0       WriteConsoleW              000000014000a2b0     kernel32:KERNEL32.dll
 0001:000092c0       BCryptGenRandom            000000014000a2c0     bcrypt:bcrypt.dll
 0001:000092d0       WSARecv                    000000014000a2d0     ws2_32:WS2_32.dll
 0001:000092e0       WSAStartup                 000000014000a2e0     ws2_32:WS2_32.dll
 0001:000092f0       accept                     000000014000a2f0     ws2_32:WS2_32.dll
 0001:00009300       bind                       000000014000a300     ws2_32:WS2_32.dll
 0001:00009310       closesocket                000000014000a310     ws2_32:WS2_32.dll
 0001:00009320       connect                    000000014000a320     ws2_32:WS2_32.dll
 0001:00009330       freeaddrinfo               000000014000a330     ws2_32:WS2_32.dll
 0001:00009340       getaddrinfo                000000014000a340     ws2_32:WS2_32.dll
 0001:00009350       getsockname                000000014000a350     ws2_32:WS2_32.dll
 0001:00009360       htons                      000000014000a360     ws2_32:WS2_32.dll
 0001:00009370       listen                     000000014000a370     ws2_32:WS2_32.dll
 0001:00009380       ntohs                      000000014000a380     ws2_32:WS2_32.dll
 0001:00009390       send                       000000014000a390     ws2_32:WS2_32.dll
 0001:000093a0       setsockopt                 000000014000a3a0     ws2_32:WS2_32.dll
 0001:000093b0       socket                     000000014000a3b0     ws2_32:WS2_32.dll
 0002:00000000       ??_C@_1HK@BLBAJGNG@?$AAE?$AAR?$AAR?$AAO?$AAR?$AA?3?$AA?5?$AAI?$AAt?$AA?5?$AAi?$AAs?$AA?5?$AAi?$AAm?$AAp?$AAo?$AAs?$AAs?$AAi?$AAb?$AAl?$AAe?$AA?5?$AAt?$AAo?$AA?5?$AAp?$AAa?$AAu?$AAs?$AAe@ 000000014000b000     .-gpu-await_worker.o
 0002:0000007a       ??_C@_1DO@EDCANOCF@?$AAE?$AAR?$AAR?$AAO?$AAR?$AA?3?$AA?5?$AAG?$AAP?$AAU?$AA?5?$AAw?$AAo?$AAr?$AAk?$AAe?$AAr?$AAs?$AA?5?$AAc?$AAa?$AAn?$AA?8?$AAt?$AA?5?$AAw?$AAa?$AAi?$AAt?$AA?6?$AA?$AA@ 000000014000b07a     .-gpu-await_worker.o
 0002:000000b8       ??_C@_1CG@CCFDEFBF@?$AAR?$AAU?$AAN?$AA?5?$AAG?$AAP?$AAU?$AA?5?$AAw?$AAo?$AAr?$AAk?$AAe?$AAr?$AA?$DN?$AA?$CF?$AAp?$AA?6?$AA?$AA@ 000000014000b0b8     .-gpu-execute_worker.o
 0002:000000f4       ??_C@_1FM@LBBNKNII@?$AAE?$AAR?$AAR?$AAO?$AAR?$AA?3?$AA?5?$AAP?$AAi?$AAp?$AAe?$AAs?$AA?5?$AAa?$AAr?$AAe?$AA?5?$AAu?$AAn?$AAs?$AAu?$AAp?$AAp?$AAo?$AAr?$AAt?$AAe?$AAd?$AA?5?$AAo?$AAn?$AA?5@ 000000014000b0f4     .-gpu-new_object.o
 0002:00000150       ??_C@_1GM@BNFAKJM@?$AAE?$AAR?$AAR?$AAO?$AAR?$AA?3?$AA?5?$AAP?$AAi?$AAp?$AAe?$AAs?$AA?5?$AAa?$AAr?$AAe?$AA?5?$AAu?$AAn?$AAs?$AAu?$AAp?$AAp?$AAo?$AAr?$AAt?$AAe?$AAd?$AA?5?$AAo?$AAn?$AA?5@ 000000014000b150     .-gpu-new_object.o
 0002:000001bc       ??_C@_1EG@FBJBJMFK@?$AAN?$AAO?$AAT?$AA?5?$AAS?$AAU?$AAP?$AAP?$AAO?$AAR?$AAT?$AAE?$AAD?$AA?3?$AA?5?$AAp?$AAu?$AAs?$AAh?$AA?5?$AAi?$AAn?$AA?5?$AAg?$AAp?$AAu?$AA?5?$AAo?$AAb?$AAj?$AAe?$AAc@ 000000014000b1bc     .-gpu-push_object.o
 0002:00000202       ??_C@_1FE@GJLEMBH@?$AAN?$AAO?$AAT?$AA?5?$AAS?$AAU?$AAP?$AAP?$AAO?$AAR?$AAT?$AAE?$AAD?$AA?3?$AA?5?$AAp?$AAu?$AAs?$AAh?$AA?5?$AAi?$AAn?$AA?5?$AAg?$AAp?$AAu?$AA?5?$AAo?$AAb?$AAj?$AAe?$AAc@ 000000014000b202     .-gpu-push_object.o
 0002:00000256       ??_C@_1EI@EPHKLIAN@?$AAN?$AAO?$AAT?$AA?5?$AAS?$AAU?$AAP?$AAP?$AAO?$AAR?$AAT?$AAE?$AAD?$AA?3?$AA?5?$AAq?$AAu?$AAe?$AAr?$AAy?$AA?5?$AAi?$AAn?$AA?5?$AAg?$AAp?$AAu?$AA?5?$AAo?$AAb?$AAj?$AAe@ 000000014000b256     .-gpu-query_object.o
 0002:0000029e       ??_C@_1FG@PCBNEEAC@?$AAN?$AAO?$AAT?$AA?5?$AAS?$AAU?$AAP?$AAP?$AAO?$AAR?$AAT?$AAE?$AAD?$AA?3?$AA?5?$AAq?$AAu?$AAe?$AAr?$AAy?$AA?5?$AAi?$AAn?$AA?5?$AAg?$AAp?$AAu?$AA?5?$AAo?$AAb?$AAj?$AAe@ 000000014000b29e     .-gpu-query_object.o
 0002:00000304       ??_C@_1DO@IALLLPBG@?$AAN?$AAO?$AAT?$AA?5?$AAI?$AAM?$AAP?$AAL?$AAE?$AAM?$AAE?$AAN?$AAT?$AAE?$AAD?$AA?5?$AAW?$AAA?$AAI?$AAT?$AAI?$AAN?$AAG?$AA_?$AAT?$AAI?$AAM?$AAE?$AAR?$AA?6?$AA?$AA@ 000000014000b304     .-x64-await_worker.o
 0002:00000342       ??_C@_1BG@KNJPCEOH@?$AAw?$AAo?$AAr?$AAk?$AAe?$AAr?$AA?$DN?$AA?$CF?$AAp?$AA?6?$AA?$AA@ 000000014000b342     .-x64-execute_worker.o
 0002:0000038c       ??_C@_1EC@IPADNJOO@?$AAc?$AAo?$AAn?$AAv?$AAe?$AAr?$AAt?$AA?5?$AA?$CF?$AAp?$AA?5?$AA?$FL?$AAt?$AAy?$AAp?$AAe?$AAs?$AA?5?$AA?$CF?$AAl?$AAl?$AAd?$AA?5?$AA?9?$AA?$DO?$AA?5?$AA?$CF?$AAl?$AAl?$AAd?$AA?$FN?$AA?6@ 000000014000b38c     .-cast_provider.o
 0002:000003ce       ??_C@_1IA@HIJJNPCH@?$AAE?$AAR?$AAR?$AAO?$AAR?$AA?3?$AA?5?$AAn?$AAo?$AAt?$AA?5?$AAs?$AAu?$AAp?$AAp?$AAo?$AAr?$AAt?$AAe?$AAd?$AA?5?$AAc?$AAo?$AAn?$AAv?$AAe?$AAr?$AAs?$AAi?$AAo?$AAn?$AA?5@ 000000014000b3ce     .-cast_provider.o
 0002:0000044e       ??_C@_1CO@DCKAPNAK@?$AAw?$AAa?$AAi?$AAt?$AAi?$AAn?$AAg?$AA?5?$AAs?$AAt?$AAa?$AAr?$AAt?$AAu?$AAp?$AA?5?$AAp?$AAa?$AAg?$AAe?$AAs?$AA?6?$AA?$AA@ 000000014000b44e     .-hive_entry.o
 0002:0000047c       ??_C@_1EI@OLFKDNEP@?$AAE?$AAr?$AAr?$AAo?$AAr?$AA?3?$AA?5?$AAa?$AAl?$AAl?$AAo?$AAc?$AAa?$AAt?$AAe?$AAd?$AA?5?$AAa?$AAr?$AAr?$AAa?$AAy?$AA?5?$AAi?$AAs?$AAn?$AA?8?$AAt?$AA?5?$AAl?$AAo?$AAc@ 000000014000b47c     .-hive_entry.o
 0002:00000550       ??_C@_1DE@OFJFJIIH@?$AAS?$AAe?$AAr?$AAv?$AAe?$AAr?$AA?5?$AAi?$AAd?$AA?$DN?$AA?$CF?$AAl?$AAl?$AAd?$AA?5?$AAc?$AAo?$AAn?$AAf?$AAi?$AAr?$AAm?$AAe?$AAd?$AA?6?$AA?$AA@ 000000014000b550     .-remote.o
 0002:00000584       ??_C@_1FK@FPKJOMKP@?$AAE?$AAr?$AAr?$AAo?$AAr?$AA?3?$AA?5?$AAC?$AAo?$AAu?$AAl?$AAd?$AA?5?$AAn?$AAo?$AAt?$AA?5?$AAc?$AAo?$AAn?$AAn?$AAe?$AAc?$AAt?$AA?5?$AAt?$AAo?$AA?5?$AA?$CF?$AAs?$AA?5?$AA?$FL@ 000000014000b584     .-remote.o
 0002:000005de       ??_C@_1DM@MBBJEJBJ@?$AAT?$AAr?$AAy?$AAi?$AAn?$AAg?$AA?5?$AAt?$AAo?$AA?5?$AAg?$AAe?$AAt?$AA?5?$AAs?$AAe?$AAr?$AAv?$AAe?$AAr?$AA?5?$AAi?$AAd?$AA?5?$AA?$CF?$AAl?$AAl?$AAd?$AA?6?$AA?$AA@ 000000014000b5de     .-remote.o
 0002:0000061a       ??_C@_1CK@IMAGNILG@?$AAC?$AAo?$AAn?$AAf?$AAi?$AAr?$AAm?$AAe?$AAd?$AA?5?$AAp?$AAo?$AAr?$AAt?$AA?$DN?$AA?$CF?$AAl?$AAl?$AAd?$AA?6?$AA?$AA@ 000000014000b61a     .-remote.o
 0002:00000644       ??_C@_1DG@NNMMEGKD@?$AAS?$AAe?$AAl?$AAe?$AAc?$AAt?$AAe?$AAd?$AA?5?$AAc?$AAo?$AAn?$AAn?$AAe?$AAc?$AAt?$AA?5?$AAc?$AAo?$AAm?$AAm?$AAa?$AAn?$AAd?$AA?4?$AA?6?$AA?$AA@ 000000014000b644     .-remote.o
 0002:0000067a       ??_C@_1CI@KPENLAE@?$AAE?$AAn?$AAt?$AAe?$AAr?$AA?5?$AAI?$AAP?$AA?5?$AAa?$AAn?$AAd?$AA?5?$AAP?$AAO?$AAR?$AAT?$AA?4?$AA?6?$AA?$AA@ 000000014000b67a     .-remote.o
 0002:000006a2       ??_C@_1EG@CAHECGOL@?$AAT?$AAr?$AAy?$AAi?$AAn?$AAg?$AA?5?$AAt?$AAo?$AA?5?$AAc?$AAo?$AAn?$AAn?$AAe?$AAc?$AAt?$AA?5?$AAt?$AAo?$AA?5?$AA?$FL?$AA?$CF?$AAs?$AA?$FN?$AA?5?$AA?$FL?$AA?$CF?$AAs?$AA?$FN?$AA?4?$AA?4@ 000000014000b6a2     .-remote.o
 0002:000006e8       ??_C@_1DG@GLOHHOJG@?$AAT?$AAe?$AAm?$AAp?$AAo?$AAr?$AAa?$AAr?$AAy?$AA?5?$AAl?$AAo?$AAc?$AAa?$AAl?$AA_?$AAi?$AAd?$AA?5?$AA?$DN?$AA?5?$AA?$CF?$AAl?$AAl?$AAd?$AA?6?$AA?$AA@ 000000014000b6e8     .-remote.o
 0002:0000071e       ??_C@_1DC@MOJEJJIM@?$AAC?$AAo?$AAn?$AAf?$AAi?$AAg?$AAu?$AAr?$AAa?$AAt?$AAi?$AAo?$AAn?$AA?5?$AAc?$AAo?$AAn?$AAf?$AAi?$AAr?$AAm?$AAe?$AAd?$AA?6?$AA?$AA@ 000000014000b71e     .-remote.o
 0002:00000750       ??_C@_1DM@PKIKMHMJ@?$AA?$FL?$AAN?$AAE?$AAT?$AAW?$AAO?$AAR?$AAK?$AA?$FN?$AA?3?$AA?5?$AAP?$AAe?$AAe?$AAr?$AA?5?$AAd?$AAi?$AAs?$AAc?$AAo?$AAn?$AAn?$AAe?$AAc?$AAt?$AAe?$AAd?$AA?6?$AA?$AA@ 000000014000b750     .-remote.o
 0002:0000078c       ??_C@_1CO@OOHNIMCC@?$AAc?$AAl?$AAo?$AAs?$AAi?$AAn?$AAg?$AA?5?$AAc?$AAo?$AAn?$AAn?$AAe?$AAc?$AAt?$AAi?$AAo?$AAn?$AA?4?$AA?4?$AA?4?$AA?6?$AA?$AA@ 000000014000b78c     .-remote.o
 0002:000007ba       ??_C@_1LA@ICLCBFDH@?$AAE?$AAr?$AAr?$AAo?$AAr?$AA?3?$AA?5?$AAA?$AAP?$AAI?$AA_?$AAA?$AAN?$AAS?$AAW?$AAE?$AAR?$AA_?$AAR?$AAE?$AAQ?$AAU?$AAE?$AAS?$AAT?$AA_?$AAC?$AAO?$AAN?$AAN?$AAE?$AAC@ 000000014000b7ba     .-remote.o
 0002:0000086a       ??_C@_1DK@EHAPFJND@?$AAs?$AAe?$AAr?$AAv?$AAe?$AAr?$AA?5?$AAs?$AAt?$AAa?$AAr?$AAt?$AAe?$AAd?$AA?5?$AAo?$AAn?$AA?5?$AAp?$AAo?$AAr?$AAt?$AA?5?$AA?$CF?$AAl?$AAl?$AAd?$AA?6?$AA?$AA@ 000000014000b86a     .-remote.o
 0002:000008a4       ??_C@_1FA@MICONLJJ@?$AAE?$AAr?$AAr?$AAo?$AAr?$AA?3?$AA?5?$AAf?$AAa?$AAi?$AAl?$AAe?$AAd?$AA?5?$AAt?$AAo?$AA?5?$AAa?$AAl?$AAl?$AAo?$AAc?$AAa?$AAt?$AAe?$AA?5?$AAm?$AAe?$AAm?$AAo?$AAr?$AAy@ 000000014000b8a4     .-runtime_lib.o
 0002:000008f4       ??_C@_1EI@DJFGOBAG@?$AAE?$AAr?$AAr?$AAo?$AAr?$AA?3?$AA?5?$AAf?$AAa?$AAi?$AAl?$AAe?$AAd?$AA?5?$AAt?$AAo?$AA?5?$AAf?$AAr?$AAe?$AAe?$AA?5?$AAm?$AAe?$AAm?$AAo?$AAr?$AAy?$AA?3?$AA?5?$AA?$CF?$AAl@ 000000014000b8f4     .-runtime_lib.o
 0002:0000093c       ??_C@_1CM@EJGKJCED@?$AAA?$AAs?$AAs?$AAe?$AAr?$AAt?$AAi?$AAo?$AAn?$AA?5?$AAf?$AAa?$AAi?$AAl?$AAe?$AAd?$AA?3?$AA?5?$AA?$CF?$AAs?$AA?6?$AA?$AA@ 000000014000b93c     .-runtime_lib.o
 0002:00000968       ??_C@_1EI@GJCCEHA@?$AAF?$AAi?$AAl?$AAe?$AA?3?$AA?5?$AA?$CF?$AAs?$AA?0?$AA?5?$AAL?$AAi?$AAn?$AAe?$AA?3?$AA?5?$AA?$CF?$AAl?$AAl?$AAd?$AA?0?$AA?5?$AAF?$AAu?$AAn?$AAc?$AAt?$AAi?$AAo?$AAn?$AA?3?$AA?5@ 000000014000b968     .-runtime_lib.o
 0002:00000b54       ??_C@_1GM@IJHLNMBE@?$AAt?$AAh?$AAr?$AAe?$AAa?$AAd?$AA?5?$AA?$CF?$AAl?$AAl?$AAd?$AA?3?$AA?5?$AA?5?$AAW?$AAa?$AAi?$AAt?$AA?$HM?$AAQ?$AAu?$AAe?$AAu?$AAe?$AAd?$AA?5?$AA?$CF?$AAl?$AAl?$AAd?$AA?$HM?$AA?$CF@ 000000014000bb54     .-runtime.o
 0002:00000bc0       ??_C@_1DC@OKNAINOC@?$AAc?$AAo?$AAp?$AAy?$AA?$CI?$AA?$CF?$AAp?$AA?$CJ?$AA?$DN?$AAq?$AAu?$AAe?$AAu?$AAe?$AA?$FL?$AA?$CF?$AAl?$AAl?$AAd?$AA?$FN?$AA?$DN?$AA?$CF?$AAp?$AA?6?$AA?$AA@ 000000014000bbc0     .-runtime.o
 0002:00000bf2       ??_C@_1JE@CPFCJBNI@?$AAE?$AAR?$AAR?$AAO?$AAR?$AA?3?$AA?5?$AAR?$AAu?$AAn?$AAt?$AAi?$AAm?$AAe?$AA?5?$AAe?$AAn?$AAd?$AAp?$AAo?$AAi?$AAn?$AAt?$AA?5?$AA?$CF?$AAl?$AAl?$AAd?$AA?5?$AAd?$AAo?$AAe@ 000000014000bbf2     .-runtime.o
 0002:00000c86       ??_C@_1HI@GNCDLKLI@?$AAE?$AAr?$AAr?$AAo?$AAr?$AA?3?$AA?5?$AAr?$AAu?$AAn?$AAt?$AAi?$AAm?$AAe?$AA?5?$AAd?$AAo?$AAe?$AAs?$AAn?$AA?8?$AAt?$AA?5?$AAs?$AAu?$AAp?$AAp?$AAo?$AAr?$AAt?$AA?5?$AAs@ 000000014000bc86     .-runtime.o
 0002:00000cfe       ??_C@_1CC@DEIAIPBB@?$AA?4?$AA?4?$AA?1?$AA?4?$AA?4?$AA?1?$AA?4?$AA?4?$AA?1?$AAr?$AAe?$AAs?$AA?4?$AAb?$AAi?$AAn?$AA?$AA@ 000000014000bcfe     .-runtime.o
 0002:00000d20       ??_C@_1FC@OGJDIOEJ@?$AAE?$AAr?$AAr?$AAo?$AAr?$AA?3?$AA?5?$AAc?$AAa?$AAn?$AA?8?$AAt?$AA?5?$AAo?$AAp?$AAe?$AAn?$AA?5?$AA?4?$AA?4?$AA?1?$AA?4?$AA?4?$AA?1?$AA?4?$AA?4?$AA?1?$AAr?$AAe?$AAs?$AA?4?$AAb@ 000000014000bd20     .-runtime.o
 0002:00000d72       ??_C@_1DM@FEOJJAHB@?$AAS?$AAt?$AAa?$AAr?$AAt?$AAi?$AAn?$AAg?$AA?5?$AAw?$AAi?$AAt?$AAh?$AAo?$AAu?$AAt?$AA?5?$AAa?$AAn?$AAy?$AA?5?$AAw?$AAo?$AAr?$AAk?$AAe?$AAr?$AAs?$AA?6?$AA?$AA@ 000000014000bd72     .-runtime.o
 0002:00000dae       ??_C@_1CM@PELCBDJ@?$AAE?$AAn?$AAt?$AAr?$AAy?$AA?5?$AAw?$AAo?$AAr?$AAk?$AAe?$AAr?$AA?5?$AAi?$AAd?$AA?$DN?$AA?$CF?$AAl?$AAl?$AAd?$AA?6?$AA?$AA@ 000000014000bdae     .-runtime.o
 0002:00000dda       ??_C@_1BI@KEMCAKCM@?$AAR?$AAu?$AAn?$AAn?$AAi?$AAn?$AAg?$AA?4?$AA?4?$AA?4?$AA?6?$AA?$AA@ 000000014000bdda     .-runtime.o
 0002:00000df2       ??_C@_1DM@HCILGOPA@?$AAF?$AAa?$AAi?$AAl?$AAe?$AAd?$AA?5?$AAt?$AAo?$AA?5?$AAc?$AAr?$AAe?$AAa?$AAt?$AAe?$AA?5?$AAt?$AAh?$AAr?$AAe?$AAa?$AAd?$AA?5?$AA?$CF?$AAl?$AAl?$AAd?$AA?6?$AA?$AA@ 000000014000bdf2     .-runtime.o
 0002:00000e2e       ??_C@_1CE@FBEJGOMB@?$AAP?$AAr?$AAo?$AAg?$AAr?$AAa?$AAm?$AA?5?$AAf?$AAi?$AAn?$AAi?$AAs?$AAh?$AAe?$AAd?$AA?6?$AA?$AA@ 000000014000be2e     .-runtime.o
 0002:00000e52       ??_C@_1EK@FDFELEEK@?$AAR?$AAe?$AAs?$AAu?$AAl?$AAt?$AA?5?$AAp?$AAr?$AAo?$AAm?$AAi?$AAs?$AAe?$AA?5?$AAn?$AAo?$AAt?$AA?5?$AAf?$AAo?$AAu?$AAn?$AAd?$AA?5?$AAo?$AAn?$AA?5?$AAm?$AAa?$AAc?$AAh@ 000000014000be52     .-runtime.o
 0002:00000e9c       ??_C@_1DO@BFPIHEIA@?$AAP?$AAr?$AAo?$AAg?$AAr?$AAa?$AAm?$AA?5?$AAe?$AAx?$AAi?$AAt?$AAe?$AAd?$AA?5?$AAw?$AAi?$AAt?$AAh?$AA?5?$AAc?$AAo?$AAd?$AAe?$AA?5?$AA?$CF?$AAl?$AAl?$AAx?$AA?6?$AA?$AA@ 000000014000be9c     .-runtime.o
 0002:00000eda       ??_C@_1GO@CEANDIOF@?$AAR?$AAe?$AAs?$AAu?$AAl?$AAt?$AA?5?$AAo?$AAf?$AA?5?$AAm?$AAa?$AAi?$AAn?$AA?5?$AAf?$AAu?$AAn?$AAc?$AAt?$AAi?$AAo?$AAn?$AA?5?$AAi?$AAs?$AAn?$AA?8?$AAt?$AA?5?$AAr?$AAe@ 000000014000beda     .-runtime.o
 0002:00000f48       RtlNtPathSeperatorString   000000014000bf48     ws2_32:indef.obj
 0002:00000f58       ??_C@_13FPGAJAPJ@?$AA?2@   000000014000bf58     ws2_32:indef.obj
 0002:00000f60       RtlDosPathSeperatorsString 000000014000bf60     ws2_32:indef.obj
 0002:00000f70       ??_C@_15MNCACJLI@?$AA?2?$AA?1@ 000000014000bf70     ws2_32:indef.obj
 0002:00000f78       RtlAlternateDosPathSeperatorString 000000014000bf78     ws2_32:indef.obj
 0002:00000f88       ??_C@_13CGOKJPIL@?$AA?1@   000000014000bf88     ws2_32:indef.obj
 0002:00000fa0       eui48_broadcast            000000014000bfa0     ws2_32:indef.obj
 0002:00000fa8       scopeid_unspecified        000000014000bfa8     ws2_32:indef.obj
 0002:00000fac       in4addr_any                000000014000bfac     ws2_32:indef.obj
 0002:00000fb0       in4addr_loopback           000000014000bfb0     ws2_32:indef.obj
 0002:00000fb4       in4addr_broadcast          000000014000bfb4     ws2_32:indef.obj
 0002:00000fb8       in4addr_allnodesonlink     000000014000bfb8     ws2_32:indef.obj
 0002:00000fbc       in4addr_allroutersonlink   000000014000bfbc     ws2_32:indef.obj
 0002:00000fc0       in4addr_alligmpv3routersonlink 000000014000bfc0     ws2_32:indef.obj
 0002:00000fc4       in4addr_allteredohostsonlink 000000014000bfc4     ws2_32:indef.obj
 0002:00000fc8       in4addr_linklocalprefix    000000014000bfc8     ws2_32:indef.obj
 0002:00000fcc       in4addr_multicastprefix    000000014000bfcc     ws2_32:indef.obj
 0002:00000fd0       in6addr_any                000000014000bfd0     ws2_32:indef.obj
 0002:00000fe0       in6addr_loopback           000000014000bfe0     ws2_32:indef.obj
 0002:00000ff0       in6addr_allnodesonnode     000000014000bff0     ws2_32:indef.obj
 0002:00001000       in6addr_allnodesonlink     000000014000c000     ws2_32:indef.obj
 0002:00001010       in6addr_allroutersonlink   000000014000c010     ws2_32:indef.obj
 0002:00001020       in6addr_allmldv2routersonlink 000000014000c020     ws2_32:indef.obj
 0002:00001030       in6addr_teredoinitiallinklocaladdress 000000014000c030     ws2_32:indef.obj
 0002:00001040       in6addr_linklocalprefix    000000014000c040     ws2_32:indef.obj
 0002:00001050       in6addr_multicastprefix    000000014000c050     ws2_32:indef.obj
 0002:00001060       in6addr_solicitednodemulticastprefix 000000014000c060     ws2_32:indef.obj
 0002:00001070       in6addr_v4mappedprefix     000000014000c070     ws2_32:indef.obj
 0002:00001080       in6addr_6to4prefix         000000014000c080     ws2_32:indef.obj
 0002:00001090       in6addr_teredoprefix       000000014000c090     ws2_32:indef.obj
 0002:000010a0       in6addr_teredoprefix_old   000000014000c0a0     ws2_32:indef.obj
 0002:000010b0       BUGCHECK_EFI_GUID          000000014000c0b0     ws2_32:indef.obj
 0002:000013a8       __imp_CommandLineToArgvW   000000014000c3a8     shell32:SHELL32.dll
 0002:000013b8       __imp_AcquireSRWLockExclusive 000000014000c3b8     kernel32:KERNEL32.dll
 0002:000013c0       __imp_AcquireSRWLockShared 000000014000c3c0     kernel32:KERNEL32.dll
 0002:000013c8       __imp_CloseHandle          000000014000c3c8     kernel32:KERNEL32.dll
 0002:000013d0       __imp_CreateFileW          000000014000c3d0     kernel32:KERNEL32.dll
 0002:000013d8       __imp_CreateIoCompletionPort 000000014000c3d8     kernel32:KERNEL32.dll
 0002:000013e0       __imp_CreateThread         000000014000c3e0     kernel32:KERNEL32.dll
 0002:000013e8       __imp_ExitProcess          000000014000c3e8     kernel32:KERNEL32.dll
 0002:000013f0       __imp_GetCommandLineW      000000014000c3f0     kernel32:KERNEL32.dll
 0002:000013f8       __imp_GetConsoleMode       000000014000c3f8     kernel32:KERNEL32.dll
 0002:00001400       __imp_GetFileSizeEx        000000014000c400     kernel32:KERNEL32.dll
 0002:00001408       __imp_GetLastError         000000014000c408     kernel32:KERNEL32.dll
 0002:00001410       __imp_GetProcAddress       000000014000c410     kernel32:KERNEL32.dll
 0002:00001418       __imp_GetProcessHeap       000000014000c418     kernel32:KERNEL32.dll
 0002:00001420       __imp_GetQueuedCompletionStatus 000000014000c420     kernel32:KERNEL32.dll
 0002:00001428       __imp_GetStdHandle         000000014000c428     kernel32:KERNEL32.dll
 0002:00001430       __imp_HeapAlloc            000000014000c430     kernel32:KERNEL32.dll
 0002:00001438       __imp_HeapFree             000000014000c438     kernel32:KERNEL32.dll
 0002:00001440       __imp_LoadLibraryA         000000014000c440     kernel32:KERNEL32.dll
 0002:00001448       __imp_MultiByteToWideChar  000000014000c448     kernel32:KERNEL32.dll
 0002:00001450       __imp_QueryPerformanceCounter 000000014000c450     kernel32:KERNEL32.dll
 0002:00001458       __imp_QueryPerformanceFrequency 000000014000c458     kernel32:KERNEL32.dll
 0002:00001460       __imp_ReadConsoleW         000000014000c460     kernel32:KERNEL32.dll
 0002:00001468       __imp_ReadFile             000000014000c468     kernel32:KERNEL32.dll
 0002:00001470       __imp_ReleaseSRWLockExclusive 000000014000c470     kernel32:KERNEL32.dll
 0002:00001478       __imp_ReleaseSRWLockShared 000000014000c478     kernel32:KERNEL32.dll
 0002:00001480       __imp_Sleep                000000014000c480     kernel32:KERNEL32.dll
 0002:00001488       __imp_TlsAlloc             000000014000c488     kernel32:KERNEL32.dll
 0002:00001490       __imp_TlsFree              000000014000c490     kernel32:KERNEL32.dll
 0002:00001498       __imp_TlsGetValue          000000014000c498     kernel32:KERNEL32.dll
 0002:000014a0       __imp_TlsSetValue          000000014000c4a0     kernel32:KERNEL32.dll
 0002:000014a8       __imp_TryAcquireSRWLockExclusive 000000014000c4a8     kernel32:KERNEL32.dll
 0002:000014b0       __imp_VirtualAlloc         000000014000c4b0     kernel32:KERNEL32.dll
 0002:000014b8       __imp_WaitForMultipleObjects 000000014000c4b8     kernel32:KERNEL32.dll
 0002:000014c0       __imp_WriteConsoleW        000000014000c4c0     kernel32:KERNEL32.dll
 0002:000014d0       __imp_BCryptGenRandom      000000014000c4d0     bcrypt:bcrypt.dll
 0002:000014e0       __imp_WSARecv              000000014000c4e0     ws2_32:WS2_32.dll
 0002:000014e8       __imp_WSAStartup           000000014000c4e8     ws2_32:WS2_32.dll
 0002:000014f0       __imp_accept               000000014000c4f0     ws2_32:WS2_32.dll
 0002:000014f8       __imp_bind                 000000014000c4f8     ws2_32:WS2_32.dll
 0002:00001500       __imp_closesocket          000000014000c500     ws2_32:WS2_32.dll
 0002:00001508       __imp_connect              000000014000c508     ws2_32:WS2_32.dll
 0002:00001510       __imp_freeaddrinfo         000000014000c510     ws2_32:WS2_32.dll
 0002:00001518       __imp_getaddrinfo          000000014000c518     ws2_32:WS2_32.dll
 0002:00001520       __imp_getsockname          000000014000c520     ws2_32:WS2_32.dll
 0002:00001528       __imp_htons                000000014000c528     ws2_32:WS2_32.dll
 0002:00001530       __imp_listen               000000014000c530     ws2_32:WS2_32.dll
 0002:00001538       __imp_ntohs                000000014000c538     ws2_32:WS2_32.dll
 0002:00001540       __imp_send                 000000014000c540     ws2_32:WS2_32.dll
 0002:00001548       __imp_setsockopt           000000014000c548     ws2_32:WS2_32.dll
 0002:00001550       __imp_socket               000000014000c550     ws2_32:WS2_32.dll
 0003:00000000       server_port                000000014000d000     .-remote.o
 0003:00000008       thisServerId               000000014000d008     .-remote.o
 0003:00000010       Providers                  000000014000d010     .-runtime.o
 0003:00000030       AddressFamilyInformation   000000014000d030     ws2_32:indef.obj
 0003:00000060       connections_lock           000000014000d060     .-api.o
 0003:00000068       connections_len            000000014000d068     .-api.o
 0003:00000070       pages_lock                 000000014000d070     .-api.o
 0003:00000078       pages_len                  000000014000d078     .-api.o
 0003:00000080       known_id_broadcasts        000000014000d080     .-api.o
 0003:000000a0       known_page_broadcasts      000000014000d0a0     .-api.o
 0003:000000c0       known_path_broadcasts      000000014000d0c0     .-api.o
 0003:000000e0       known_path_id_broadcasts   000000014000d0e0     .-api.o
 0003:00000100       local_objects              000000014000d100     .-api.o
 0003:00000120       known_objects              000000014000d120     .-api.o
 0003:00000140       query_requests             000000014000d140     .-api.o
 0003:00000160       push_requests              000000014000d160     .-api.o
 0003:00000180       known_hives                000000014000d180     .-api.o
 0003:000001a0       connections                000000014000d1a0     .-api.o
 0003:000021a0       pages                      000000014000f1a0     .-api.o
 0003:00002da0       ServerIdGetLock            000000014000fda0     .-remote.o
 0003:00002da8       next_local_id              000000014000fda8     .-remote.o
 0003:00002db0       hIOCP                      000000014000fdb0     .-remote.o
 0003:00002dc0       hHeap                      000000014000fdc0     .-runtime_lib.o
 0003:00002dc8       hInput                     000000014000fdc8     .-runtime_lib.o
 0003:00002dd0       buf                        000000014000fdd0     .-runtime_lib.o
 0003:00003dd0       hOutput                    0000000140010dd0     .-runtime_lib.o
 0003:00003dd8       frequency                  0000000140010dd8     .-runtime_lib.o
 0003:00003de0       Workers                    0000000140010de0     .-runtime.o
 0003:00004740       wait_list_lock             0000000140011740     .-runtime.o
 0003:00004748       wait_list_len              0000000140011748     .-runtime.o
 0003:00004750       queue_lock                 0000000140011750     .-runtime.o
 0003:00004758       queue_len                  0000000140011758     .-runtime.o
 0003:00004760       wait_list                  0000000140011760     .-runtime.o
 0003:000c7c60       queue                      00000001400d4c60     .-runtime.o
 0003:000db4e0       defined_arrays             00000001400e84e0     .-runtime.o
 0003:000db4e8       dwTlsIndex                 00000001400e84e8     .-runtime.o
 0003:000db4ed       ExPoolZeroingNativelySupported 00000001400e84ed     ws2_32:indef.obj
 0004:00000000       context                    00000001400e9000     asm.o

 entry point at         0001:00008640

 Static symbols

 0001:000015b0       GetKnownHiveHash           00000001400025b0     .-api.o
 0001:00004040       Worker                     0000000140005040     .-remote.o
 0001:00004570       ConnectionListnerWorker    0000000140005570     .-remote.o
 0001:00004730       PagesAllocator             0000000140005730     .-remote.o
 0001:000047f0       StateSender                00000001400057f0     .-remote.o
 0001:00004810       HandleApiCall              0000000140005810     .-remote.o
 0001:00008b00       .text                      0000000140009b00     asm.o
 0002:00000f90       BFE_GENERIC_MAPPING        000000014000bf90     ws2_32:indef.obj
 0002:000010c0       IPSEC_AUTH_TRANSFORM_ID_HMAC_MD5_96 000000014000c0c0     ws2_32:indef.obj
 0002:000010c8       IPSEC_AUTH_TRANSFORM_ID_HMAC_SHA_1_96 000000014000c0c8     ws2_32:indef.obj
 0002:000010d0       IPSEC_AUTH_TRANSFORM_ID_HMAC_SHA_256_128 000000014000c0d0     ws2_32:indef.obj
 0002:000010d8       IPSEC_AUTH_TRANSFORM_ID_GCM_AES_128 000000014000c0d8     ws2_32:indef.obj
 0002:000010e0       IPSEC_AUTH_TRANSFORM_ID_GCM_AES_192 000000014000c0e0     ws2_32:indef.obj
 0002:000010e8       IPSEC_AUTH_TRANSFORM_ID_GCM_AES_256 000000014000c0e8     ws2_32:indef.obj
 0002:000010f0       IPSEC_CIPHER_TRANSFORM_ID_CBC_DES 000000014000c0f0     ws2_32:indef.obj
 0002:000010f8       IPSEC_CIPHER_TRANSFORM_ID_CBC_3DES 000000014000c0f8     ws2_32:indef.obj
 0002:00001100       IPSEC_CIPHER_TRANSFORM_ID_AES_128 000000014000c100     ws2_32:indef.obj
 0002:00001108       IPSEC_CIPHER_TRANSFORM_ID_AES_192 000000014000c108     ws2_32:indef.obj
 0002:00001110       IPSEC_CIPHER_TRANSFORM_ID_AES_256 000000014000c110     ws2_32:indef.obj
 0002:00001118       IPSEC_CIPHER_TRANSFORM_ID_GCM_AES_128 000000014000c118     ws2_32:indef.obj
 0002:00001120       IPSEC_CIPHER_TRANSFORM_ID_GCM_AES_192 000000014000c120     ws2_32:indef.obj
 0002:00001128       IPSEC_CIPHER_TRANSFORM_ID_GCM_AES_256 000000014000c128     ws2_32:indef.obj
 0003:000db4ec       WFP_TRACE_NULL_DATA        00000001400e84ec     ws2_32:indef.obj
 0004:00000000       .data                      00000001400e9000     asm.o
