 a

 Timestamp is 69886ee0 (Sun Feb  8 14:09:20 2026)

 Preferred load address is 0000000140000000

 Start         Length     Name                   Class
 0001:00000000 0000c71dH .text                   CODE
 0002:00000000 00001ed0H .rdata                  DATA
 0003:00000000 00000064H .data                   DATA
 0003:00000064 000dbdceH .bss                    DATA
 0004:00000000 00000200H .data                   DATA

  Address         Publics by Value              Rva+Base               Lib:Object

 0001:00000000       gpuPauseWorker             0000000140001000     .-gpu-await_worker.o
 0001:000000b0       gpuCallObject              00000001400010b0     .-gpu-call_object.o
 0001:00000130       gpuExecuteWorker           0000000140001130     .-gpu-execute_worker.o
 0001:000002a0       gpuNewObjectUsingPage      00000001400012a0     .-gpu-new_object.o
 0001:000003a0       gpuNewObject               00000001400013a0     .-gpu-new_object.o
 0001:000003f0       gpuPushObject              00000001400013f0     .-gpu-push_object.o
 0001:00000430       gpuPushPipe                0000000140001430     .-gpu-push_object.o
 0001:00000470       gpuQueryObject             0000000140001470     .-gpu-query_object.o
 0001:000004b0       gpuQueryPipe               00000001400014b0     .-gpu-query_object.o
 0001:000004f0       x64PauseWorker             00000001400014f0     .-x64-await_worker.o
 0001:000005a0       x64CallObject              00000001400015a0     .-x64-call_object.o
 0001:00000620       x64ExecuteWorker           0000000140001620     .-x64-execute_worker.o
 0001:00000670       x64NewObjectUsingPage      0000000140001670     .-x64-new_object.o
 0001:00000a70       x64NewObjectStates         0000000140001a70     .-x64-new_object.o
 0001:00000b00       x64NewObject               0000000140001b00     .-x64-new_object.o
 0001:00000bf0       x64UpdateLocalPush         0000000140001bf0     .-x64-push_object.o
 0001:00000ce0       x64OnPushObject            0000000140001ce0     .-x64-push_object.o
 0001:00000d70       x64PushObjectStates        0000000140001d70     .-x64-push_object.o
 0001:00000e60       x64PushObject              0000000140001e60     .-x64-push_object.o
 0001:000010b0       x64PushPipe                00000001400020b0     .-x64-push_object.o
 0001:000010e0       x64QueryLocalObject        00000001400020e0     .-x64-query_object.o
 0001:00001240       x64OnQueryObject           0000000140002240     .-x64-query_object.o
 0001:00001310       x64QueryObjectStates       0000000140002310     .-x64-query_object.o
 0001:00001410       x64QueryObject             0000000140002410     .-x64-query_object.o
 0001:00001600       x64QueryPipe               0000000140002600     .-x64-query_object.o
 0001:00001630       equal_bytes                0000000140002630     .-api.o
 0001:000016c0       GetHashtableNoLock         00000001400026c0     .-api.o
 0001:000017f0       SetHashtableNoLock         00000001400027f0     .-api.o
 0001:00001af0       GetHashtable               0000000140002af0     .-api.o
 0001:00001b50       SetHashtable               0000000140002b50     .-api.o
 0001:00001ba0       InitInternalStructures     0000000140002ba0     .-api.o
 0001:00001ee0       castOnQueryObject          0000000140002ee0     .-cast_provider.o
 0001:000020a0       anyCastStates              00000001400030a0     .-cast_provider.o
 0001:000030d0       anyCastProvider            00000001400040d0     .-cast_provider.o
 0001:000032c0       init_gpu_subsystem         00000001400042c0     .-gpu_subsystem.o
 0001:00004d70       gpuBuildFromText           0000000140005d70     .-gpu_subsystem.o
 0001:00005050       gpuAlloc                   0000000140006050     .-gpu_subsystem.o
 0001:00005090       gpuRun                     0000000140006090     .-gpu_subsystem.o
 0001:00005140       gpuFinishQueuesOnPlatform  0000000140006140     .-gpu_subsystem.o
 0001:000051c0       gpuFinishQueue             00000001400061c0     .-gpu_subsystem.o
 0001:00005200       StartInitialProcess        0000000140006200     .-hive_entry.o
 0001:00005410       GetConnectionById          0000000140006410     .-remote.o
 0001:000054a0       ConfirmPage                00000001400064a0     .-remote.o
 0001:00005530       ConfirmID                  0000000140006530     .-remote.o
 0001:00005580       HandleNewConnection        0000000140006580     .-remote.o
 0001:00005760       UpdateWaitingPush          0000000140006760     .-remote.o
 0001:000059a0       AnswerPushObject           00000001400069a0     .-remote.o
 0001:00005a60       SendPageAllocationConfirm  0000000140006a60     .-remote.o
 0001:00005ae0       SendIDConfirm              0000000140006ae0     .-remote.o
 0001:00005b60       RedirectBroadcastQuery     0000000140006b60     .-remote.o
 0001:00005cc0       RedirectBroadcastIDQuery   0000000140006cc0     .-remote.o
 0001:00005e20       ConfirmConnection          0000000140006e20     .-remote.o
 0001:00005f90       InitiateConnection         0000000140006f90     .-remote.o
 0001:000062b0       RequestMemoryPage          00000001400072b0     .-remote.o
 0001:000063a0       RequestServerId            00000001400073a0     .-remote.o
 0001:000064a0       AnswerQueryObject          00000001400074a0     .-remote.o
 0001:000065a0       AnswerRequestObjectPath    00000001400075a0     .-remote.o
 0001:000066c0       RequestObjectPathBroadcast 00000001400076c0     .-remote.o
 0001:000068b0       AnswerRequestPathToID      00000001400078b0     .-remote.o
 0001:000069d0       RequestPathToIDBroadcast   00000001400079d0     .-remote.o
 0001:00006bc0       RequestObjectGet           0000000140007bc0     .-remote.o
 0001:00006cd0       RequestObjectSet           0000000140007cd0     .-remote.o
 0001:00006e90       StartNewWorkerRemote       0000000140007e90     .-remote.o
 0001:00006fa0       SendHiveState              0000000140007fa0     .-remote.o
 0001:00007150       start_remote_subsystem     0000000140008150     .-remote.o
 0001:00009760       memset                     000000014000a760     .-runtime_lib.o
 0001:000097c0       memcpy                     000000014000a7c0     .-runtime_lib.o
 0001:00009830       myMalloc                   000000014000a830     .-runtime_lib.o
 0001:00009880       myPrintf                   000000014000a880     .-runtime_lib.o
 0001:00009bb0       myRealloc                  000000014000abb0     .-runtime_lib.o
 0001:00009c10       myFree                     000000014000ac10     .-runtime_lib.o
 0001:00009c50       myAtoll                    000000014000ac50     .-runtime_lib.o
 0001:00009d90       get_char                   000000014000ad90     .-runtime_lib.o
 0001:00009e70       myScanI64                  000000014000ae70     .-runtime_lib.o
 0001:00009f00       myScanS                    000000014000af00     .-runtime_lib.o
 0001:0000a000       PrintI64                   000000014000b000     .-runtime_lib.o
 0001:0000a0d0       PrintI64H                  000000014000b0d0     .-runtime_lib.o
 0001:0000a170       Print2H                    000000014000b170     .-runtime_lib.o
 0001:0000a210       assertion_failure          000000014000b210     .-runtime_lib.o
 0001:0000a260       myAbs                      000000014000b260     .-runtime_lib.o
 0001:0000a290       MicrosecondsToTicks        000000014000b290     .-runtime_lib.o
 0001:0000a2b0       TicksToMicroseconds        000000014000b2b0     .-runtime_lib.o
 0001:0000a2d0       GetTicks                   000000014000b2d0     .-runtime_lib.o
 0001:0000a2f0       SheduleTimeoutFromNow      000000014000b2f0     .-runtime_lib.o
 0001:0000a330       init_lib                   000000014000b330     .-runtime_lib.o
 0001:0000a380       RegisterObjectWithId       000000014000b380     .-runtime.o
 0001:0000a3b0       GetNewObjectId             000000014000b3b0     .-runtime.o
 0001:0000a4a0       universalPauseWorker       000000014000b4a0     .-runtime.o
 0001:0000a540       universalUpdateLocalPush   000000014000b540     .-runtime.o
 0001:0000a5a0       UpdateFromQueryResult      000000014000b5a0     .-runtime.o
 0001:0000a620       PrintObject                000000014000b620     .-runtime.o
 0001:0000a730       WaitListWorker             000000014000b730     .-runtime.o
 0001:0000a780       EnqueueWorkerFromWaitList  000000014000b780     .-runtime.o
 0001:0000a810       EnqueueWorker              000000014000b810     .-runtime.o
 0001:0000a860       UpdateWaitingWorkers       000000014000b860     .-runtime.o
 0001:0000aa10       SheduleWorker              000000014000ba10     .-runtime.o
 0001:0000ab80       StartNewWorker             000000014000bb80     .-runtime.o
 0001:0000ae60       LoadWorker                 000000014000be60     .-runtime.o
 0001:0000bb30       ShedulerInstance           000000014000cb30     .-runtime.o
 0001:0000bc30       entry                      000000014000cc30     .-runtime.o
 0001:0000c194       x64_fastPushObject         000000014000d194     asm.o
 0001:0000c210       x64_fastQueryObject        000000014000d210     asm.o
 0001:0000c28c       x64_fastNewObject          000000014000d28c     asm.o
 0001:0000c308       x64_fastCallObject         000000014000d308     asm.o
 0001:0000c384       x64_fastPushPipe           000000014000d384     asm.o
 0001:0000c400       x64_fastQueryPipe          000000014000d400     asm.o
 0001:0000c47c       gpu_fastNewObject          000000014000d47c     asm.o
 0001:0000c4f8       gpu_fastCallObject         000000014000d4f8     asm.o
 0001:0000c574       any_fastCastProvider       000000014000d574     asm.o
 0001:0000c5f0       x64AsmExecuteWorker        000000014000d5f0     asm.o
 0001:0000c637       setjmpUN                   000000014000d637     asm.o
 0001:0000c66a       longjmpUN                  000000014000d66a     asm.o
 0001:0000c693       DllCall                    000000014000d693     asm.o
 0001:0000c720       CommandLineToArgvW         000000014000d720     shell32:SHELL32.dll
 0001:0000c730       AcquireSRWLockExclusive    000000014000d730     kernel32:KERNEL32.dll
 0001:0000c740       AcquireSRWLockShared       000000014000d740     kernel32:KERNEL32.dll
 0001:0000c750       CloseHandle                000000014000d750     kernel32:KERNEL32.dll
 0001:0000c760       CreateFileW                000000014000d760     kernel32:KERNEL32.dll
 0001:0000c770       CreateIoCompletionPort     000000014000d770     kernel32:KERNEL32.dll
 0001:0000c780       CreateThread               000000014000d780     kernel32:KERNEL32.dll
 0001:0000c790       ExitProcess                000000014000d790     kernel32:KERNEL32.dll
 0001:0000c7a0       GetCommandLineW            000000014000d7a0     kernel32:KERNEL32.dll
 0001:0000c7b0       GetConsoleMode             000000014000d7b0     kernel32:KERNEL32.dll
 0001:0000c7c0       GetFileSizeEx              000000014000d7c0     kernel32:KERNEL32.dll
 0001:0000c7d0       GetLastError               000000014000d7d0     kernel32:KERNEL32.dll
 0001:0000c7e0       GetProcAddress             000000014000d7e0     kernel32:KERNEL32.dll
 0001:0000c7f0       GetProcessHeap             000000014000d7f0     kernel32:KERNEL32.dll
 0001:0000c800       GetQueuedCompletionStatus  000000014000d800     kernel32:KERNEL32.dll
 0001:0000c810       GetStdHandle               000000014000d810     kernel32:KERNEL32.dll
 0001:0000c820       HeapAlloc                  000000014000d820     kernel32:KERNEL32.dll
 0001:0000c830       HeapFree                   000000014000d830     kernel32:KERNEL32.dll
 0001:0000c840       HeapReAlloc                000000014000d840     kernel32:KERNEL32.dll
 0001:0000c850       LoadLibraryA               000000014000d850     kernel32:KERNEL32.dll
 0001:0000c860       MultiByteToWideChar        000000014000d860     kernel32:KERNEL32.dll
 0001:0000c870       QueryPerformanceCounter    000000014000d870     kernel32:KERNEL32.dll
 0001:0000c880       QueryPerformanceFrequency  000000014000d880     kernel32:KERNEL32.dll
 0001:0000c890       ReadConsoleW               000000014000d890     kernel32:KERNEL32.dll
 0001:0000c8a0       ReadFile                   000000014000d8a0     kernel32:KERNEL32.dll
 0001:0000c8b0       ReleaseSRWLockExclusive    000000014000d8b0     kernel32:KERNEL32.dll
 0001:0000c8c0       ReleaseSRWLockShared       000000014000d8c0     kernel32:KERNEL32.dll
 0001:0000c8d0       Sleep                      000000014000d8d0     kernel32:KERNEL32.dll
 0001:0000c8e0       TlsAlloc                   000000014000d8e0     kernel32:KERNEL32.dll
 0001:0000c8f0       TlsFree                    000000014000d8f0     kernel32:KERNEL32.dll
 0001:0000c900       TlsGetValue                000000014000d900     kernel32:KERNEL32.dll
 0001:0000c910       TlsSetValue                000000014000d910     kernel32:KERNEL32.dll
 0001:0000c920       TryAcquireSRWLockExclusive 000000014000d920     kernel32:KERNEL32.dll
 0001:0000c930       VirtualAlloc               000000014000d930     kernel32:KERNEL32.dll
 0001:0000c940       WaitForMultipleObjects     000000014000d940     kernel32:KERNEL32.dll
 0001:0000c950       WriteConsoleW              000000014000d950     kernel32:KERNEL32.dll
 0001:0000c960       BCryptGenRandom            000000014000d960     bcrypt:bcrypt.dll
 0001:0000c970       WSARecv                    000000014000d970     ws2_32:WS2_32.dll
 0001:0000c980       WSAStartup                 000000014000d980     ws2_32:WS2_32.dll
 0001:0000c990       accept                     000000014000d990     ws2_32:WS2_32.dll
 0001:0000c9a0       bind                       000000014000d9a0     ws2_32:WS2_32.dll
 0001:0000c9b0       closesocket                000000014000d9b0     ws2_32:WS2_32.dll
 0001:0000c9c0       connect                    000000014000d9c0     ws2_32:WS2_32.dll
 0001:0000c9d0       freeaddrinfo               000000014000d9d0     ws2_32:WS2_32.dll
 0001:0000c9e0       getaddrinfo                000000014000d9e0     ws2_32:WS2_32.dll
 0001:0000c9f0       getsockname                000000014000d9f0     ws2_32:WS2_32.dll
 0001:0000ca00       htons                      000000014000da00     ws2_32:WS2_32.dll
 0001:0000ca10       listen                     000000014000da10     ws2_32:WS2_32.dll
 0001:0000ca20       ntohs                      000000014000da20     ws2_32:WS2_32.dll
 0001:0000ca30       send                       000000014000da30     ws2_32:WS2_32.dll
 0001:0000ca40       setsockopt                 000000014000da40     ws2_32:WS2_32.dll
 0001:0000ca50       socket                     000000014000da50     ws2_32:WS2_32.dll
 0001:0000ca60       clBuildProgram             000000014000da60     OpenCL:OpenCL.dll
 0001:0000ca70       clCreateBuffer             000000014000da70     OpenCL:OpenCL.dll
 0001:0000ca80       clCreateCommandQueueWithProperties 000000014000da80     OpenCL:OpenCL.dll
 0001:0000ca90       clCreateContext            000000014000da90     OpenCL:OpenCL.dll
 0001:0000caa0       clCreateKernel             000000014000daa0     OpenCL:OpenCL.dll
 0001:0000cab0       clCreateProgramWithSource  000000014000dab0     OpenCL:OpenCL.dll
 0001:0000cac0       clEnqueueNDRangeKernel     000000014000dac0     OpenCL:OpenCL.dll
 0001:0000cad0       clEnqueueReadBuffer        000000014000dad0     OpenCL:OpenCL.dll
 0001:0000cae0       clEnqueueWriteBuffer       000000014000dae0     OpenCL:OpenCL.dll
 0001:0000caf0       clFinish                   000000014000daf0     OpenCL:OpenCL.dll
 0001:0000cb00       clGetDeviceIDs             000000014000db00     OpenCL:OpenCL.dll
 0001:0000cb10       clGetDeviceInfo            000000014000db10     OpenCL:OpenCL.dll
 0001:0000cb20       clGetPlatformIDs           000000014000db20     OpenCL:OpenCL.dll
 0001:0000cb30       clGetPlatformInfo          000000014000db30     OpenCL:OpenCL.dll
 0001:0000cb40       clGetProgramBuildInfo      000000014000db40     OpenCL:OpenCL.dll
 0002:00000000       ??_C@_1CG@CCFDEFBF@?$AAR?$AAU?$AAN?$AA?5?$AAG?$AAP?$AAU?$AA?5?$AAw?$AAo?$AAr?$AAk?$AAe?$AAr?$AA?$DN?$AA?$CF?$AAp?$AA?6?$AA?$AA@ 000000014000e000     .-gpu-execute_worker.o
 0002:00000026       ??_C@_1DO@PIAGAENK@?$AAE?$AAR?$AAR?$AAO?$AAR?$AA?3?$AA?5?$AAg?$AAp?$AAu?$AAA?$AAl?$AAl?$AAo?$AAc?$AA?5?$AAf?$AAa?$AAi?$AAl?$AAe?$AAd?$AA?5?$AA?$FL?$AA?$CF?$AAl?$AAl?$AAd?$AA?$FN?$AA?6?$AA?$AA@ 000000014000e026     .-gpu-new_object.o
 0002:00000064       ??_C@_1BG@LMPFNDF@?$AAr?$AAe?$AAs?$AAu?$AAl?$AAt?$AA?5?$AA?$CF?$AAp?$AA?6?$AA?$AA@ 000000014000e064     .-gpu-new_object.o
 0002:0000007a       ??_C@_1FM@LBBNKNII@?$AAE?$AAR?$AAR?$AAO?$AAR?$AA?3?$AA?5?$AAP?$AAi?$AAp?$AAe?$AAs?$AA?5?$AAa?$AAr?$AAe?$AA?5?$AAu?$AAn?$AAs?$AAu?$AAp?$AAp?$AAo?$AAr?$AAt?$AAe?$AAd?$AA?5?$AAo?$AAn?$AA?5@ 000000014000e07a     .-gpu-new_object.o
 0002:000000d6       ??_C@_1GM@BNFAKJM@?$AAE?$AAR?$AAR?$AAO?$AAR?$AA?3?$AA?5?$AAP?$AAi?$AAp?$AAe?$AAs?$AA?5?$AAa?$AAr?$AAe?$AA?5?$AAu?$AAn?$AAs?$AAu?$AAp?$AAp?$AAo?$AAr?$AAt?$AAe?$AAd?$AA?5?$AAo?$AAn?$AA?5@ 000000014000e0d6     .-gpu-new_object.o
 0002:00000142       ??_C@_1EG@FBJBJMFK@?$AAN?$AAO?$AAT?$AA?5?$AAS?$AAU?$AAP?$AAP?$AAO?$AAR?$AAT?$AAE?$AAD?$AA?3?$AA?5?$AAp?$AAu?$AAs?$AAh?$AA?5?$AAi?$AAn?$AA?5?$AAg?$AAp?$AAu?$AA?5?$AAo?$AAb?$AAj?$AAe?$AAc@ 000000014000e142     .-gpu-push_object.o
 0002:00000188       ??_C@_1FE@GJLEMBH@?$AAN?$AAO?$AAT?$AA?5?$AAS?$AAU?$AAP?$AAP?$AAO?$AAR?$AAT?$AAE?$AAD?$AA?3?$AA?5?$AAp?$AAu?$AAs?$AAh?$AA?5?$AAi?$AAn?$AA?5?$AAg?$AAp?$AAu?$AA?5?$AAo?$AAb?$AAj?$AAe?$AAc@ 000000014000e188     .-gpu-push_object.o
 0002:000001dc       ??_C@_1EI@EPHKLIAN@?$AAN?$AAO?$AAT?$AA?5?$AAS?$AAU?$AAP?$AAP?$AAO?$AAR?$AAT?$AAE?$AAD?$AA?3?$AA?5?$AAq?$AAu?$AAe?$AAr?$AAy?$AA?5?$AAi?$AAn?$AA?5?$AAg?$AAp?$AAu?$AA?5?$AAo?$AAb?$AAj?$AAe@ 000000014000e1dc     .-gpu-query_object.o
 0002:00000224       ??_C@_1FG@PCBNEEAC@?$AAN?$AAO?$AAT?$AA?5?$AAS?$AAU?$AAP?$AAP?$AAO?$AAR?$AAT?$AAE?$AAD?$AA?3?$AA?5?$AAq?$AAu?$AAe?$AAr?$AAy?$AA?5?$AAi?$AAn?$AA?5?$AAg?$AAp?$AAu?$AA?5?$AAo?$AAb?$AAj?$AAe@ 000000014000e224     .-gpu-query_object.o
 0002:0000027a       ??_C@_1BG@KNJPCEOH@?$AAw?$AAo?$AAr?$AAk?$AAe?$AAr?$AA?$DN?$AA?$CF?$AAp?$AA?6?$AA?$AA@ 000000014000e27a     .-x64-execute_worker.o
 0002:000002e8       ??_C@_1FE@BCAGMINK@?$AAE?$AAr?$AAr?$AAo?$AAr?$AA?3?$AA?5?$AAn?$AAo?$AA?5?$AAk?$AAn?$AAo?$AAw?$AAn?$AA?5?$AAs?$AAi?$AAz?$AAe?$AA?5?$AAf?$AAo?$AAr?$AA?5?$AAn?$AAo?$AAt?$AA?5?$AAa?$AAr?$AAr@ 000000014000e2e8     .-cast_provider.o
 0002:0000033c       ??_C@_1FK@KDAFABDO@?$AAE?$AAr?$AAr?$AAo?$AAr?$AA?3?$AA?5?$AAl?$AAo?$AAc?$AAa?$AAl?$AA?5?$AAo?$AAb?$AAj?$AAe?$AAc?$AAt?$AA?5?$AAw?$AAa?$AAs?$AA?5?$AAr?$AAe?$AAm?$AAo?$AAv?$AAe?$AAd?$AA?5@ 000000014000e33c     .-cast_provider.o
 0002:00000396       ??_C@_1FO@HMOHPFHI@?$AAE?$AAr?$AAr?$AAo?$AAr?$AA?5?$AAh?$AAa?$AAp?$AAp?$AAe?$AAn?$AA?5?$AAw?$AAh?$AAi?$AAl?$AAe?$AA?5?$AAc?$AAl?$AAE?$AAn?$AAq?$AAu?$AAe?$AAu?$AAe?$AAR?$AAe?$AAa?$AAd@ 000000014000e396     .-cast_provider.o
 0002:000003f4       ??_C@_1GA@EEKPNAGK@?$AAE?$AAr?$AAr?$AAo?$AAr?$AA?5?$AAh?$AAa?$AAp?$AAp?$AAe?$AAn?$AA?5?$AAw?$AAh?$AAi?$AAl?$AAe?$AA?5?$AAc?$AAl?$AAE?$AAn?$AAq?$AAu?$AAe?$AAu?$AAe?$AAW?$AAr?$AAi?$AAt@ 000000014000e3f4     .-cast_provider.o
 0002:00000454       ??_C@_1BM@OBHKMKPP@?$AAR?$AAe?$AAt?$AAu?$AAr?$AAn?$AA?3?$AA?5?$AA?$CF?$AAl?$AAl?$AAd?$AA?6?$AA?$AA@ 000000014000e454     .-cast_provider.o
 0002:00000470       ??_C@_1EC@IPADNJOO@?$AAc?$AAo?$AAn?$AAv?$AAe?$AAr?$AAt?$AA?5?$AA?$CF?$AAp?$AA?5?$AA?$FL?$AAt?$AAy?$AAp?$AAe?$AAs?$AA?5?$AA?$CF?$AAl?$AAl?$AAd?$AA?5?$AA?9?$AA?$DO?$AA?5?$AA?$CF?$AAl?$AAl?$AAd?$AA?$FN?$AA?6@ 000000014000e470     .-cast_provider.o
 0002:000004b2       ??_C@_1IA@HIJJNPCH@?$AAE?$AAR?$AAR?$AAO?$AAR?$AA?3?$AA?5?$AAn?$AAo?$AAt?$AA?5?$AAs?$AAu?$AAp?$AAp?$AAo?$AAr?$AAt?$AAe?$AAd?$AA?5?$AAc?$AAo?$AAn?$AAv?$AAe?$AAr?$AAs?$AAi?$AAo?$AAn?$AA?5@ 000000014000e4b2     .-cast_provider.o
 0002:00000532       ??_C@_1DK@FINICEEJ@?$AAG?$AAo?$AAt?$AA?5?$AAa?$AAt?$AA?5?$AAl?$AAe?$AAa?$AAs?$AAt?$AA?5?$AA?$CF?$AAl?$AAl?$AAd?$AA?5?$AAp?$AAl?$AAa?$AAt?$AAf?$AAo?$AAr?$AAm?$AAs?$AA?6?$AA?$AA@ 000000014000e532     .-gpu_subsystem.o
 0002:0000056c       ??_C@_1CA@OOAPHHDP@?$AAP?$AAl?$AAa?$AAt?$AAf?$AAo?$AAr?$AAm?$AA?5?$AA?$CF?$AAl?$AAl?$AAd?$AA?3?$AA?6?$AA?$AA@ 000000014000e56c     .-gpu_subsystem.o
 0002:0000058c       ??_C@_1DK@CFKCPDLH@?$AA?7?$AA?$CF?$AAl?$AAl?$AAd?$AA?4?$AAN?$AAa?$AAm?$AAe?$AA?5?$AA?5?$AA?5?$AA?5?$AA?5?$AA?5?$AA?5?$AA?5?$AA?5?$AA?5?$AA?5?$AA?5?$AA?5?$AA?3?$AA?5?$AA?$CF?$AAs?$AA?6?$AA?$AA@ 000000014000e58c     .-gpu_subsystem.o
 0002:000005c6       ??_C@_1DK@PKNJPDCN@?$AA?7?$AA?$CF?$AAl?$AAl?$AAd?$AA?4?$AAV?$AAe?$AAn?$AAd?$AAo?$AAr?$AA?5?$AA?5?$AA?5?$AA?5?$AA?5?$AA?5?$AA?5?$AA?5?$AA?5?$AA?5?$AA?5?$AA?3?$AA?5?$AA?$CF?$AAs?$AA?6?$AA?$AA@ 000000014000e5c6     .-gpu_subsystem.o
 0002:00000600       ??_C@_1DK@BCHMBHFB@?$AA?7?$AA?$CF?$AAl?$AAl?$AAd?$AA?4?$AAV?$AAe?$AAr?$AAs?$AAi?$AAo?$AAn?$AA?5?$AA?5?$AA?5?$AA?5?$AA?5?$AA?5?$AA?5?$AA?5?$AA?5?$AA?5?$AA?3?$AA?5?$AA?$CF?$AAs?$AA?6?$AA?$AA@ 000000014000e600     .-gpu_subsystem.o
 0002:0000063a       ??_C@_1DK@PPLGHIMI@?$AA?7?$AA?$CF?$AAl?$AAl?$AAd?$AA?4?$AAP?$AAr?$AAo?$AAf?$AAi?$AAl?$AAe?$AA?5?$AA?5?$AA?5?$AA?5?$AA?5?$AA?5?$AA?5?$AA?5?$AA?5?$AA?5?$AA?3?$AA?5?$AA?$CF?$AAs?$AA?6?$AA?$AA@ 000000014000e63a     .-gpu_subsystem.o
 0002:00000674       ??_C@_1DK@KGLDJAGB@?$AA?7?$AA?$CF?$AAl?$AAl?$AAd?$AA?4?$AAE?$AAx?$AAt?$AAe?$AAn?$AAs?$AAi?$AAo?$AAn?$AAs?$AA?5?$AA?5?$AA?5?$AA?5?$AA?5?$AA?5?$AA?5?$AA?3?$AA?5?$AA?$CF?$AAs?$AA?6?$AA?$AA@ 000000014000e674     .-gpu_subsystem.o
 0002:000006ae       ??_C@_1DO@JAHGICMH@?$AA?7?$AA?$CF?$AAl?$AAl?$AAd?$AA?4?$AAT?$AAi?$AAm?$AAe?$AAr?$AA?5?$AAR?$AAe?$AAs?$AAo?$AAl?$AAu?$AAt?$AAi?$AAo?$AAn?$AA?5?$AA?3?$AA?5?$AA?$CF?$AAl?$AAl?$AAd?$AA?6?$AA?$AA@ 000000014000e6ae     .-gpu_subsystem.o
 0002:000006ec       ??_C@_13LBAGMAIH@?$AA?6?$AA?$AA@ 000000014000e6ec     .-gpu_subsystem.o
 0002:000006f0       ??_C@_1FE@GFHOHNKH@?$AAp?$AAl?$AAa?$AAt?$AAf?$AAo?$AAr?$AAm?$AA?5?$AA?$CF?$AAl?$AAl?$AAd?$AA?3?$AA?5?$AAG?$AAo?$AAt?$AA?5?$AAa?$AAt?$AA?5?$AAl?$AAe?$AAa?$AAs?$AAt?$AA?5?$AA?$CF?$AAl?$AAl?$AAd@ 000000014000e6f0     .-gpu_subsystem.o
 0002:00000744       ??_C@_1BM@MMFNNAKO@?$AAD?$AAe?$AAv?$AAi?$AAc?$AAe?$AA?5?$AA?$CF?$AAl?$AAl?$AAd?$AA?3?$AA?6?$AA?$AA@ 000000014000e744     .-gpu_subsystem.o
 0002:00000760       ??_C@_1FG@GKDLJBIA@?$AA?7?$AA?$CF?$AAl?$AAl?$AAd?$AA?4?$AA?$CF?$AAl?$AAl?$AAd?$AA?4?$AAN?$AAa?$AAm?$AAe?$AA?5?$AA?5?$AA?5?$AA?5?$AA?5?$AA?5?$AA?5?$AA?5?$AA?5?$AA?5?$AA?5?$AA?5?$AA?5?$AA?5?$AA?5?$AA?5?$AA?5@ 000000014000e760     .-gpu_subsystem.o
 0002:000007b6       ??_C@_1FK@JCGLFMHC@?$AA?7?$AA?$CF?$AAl?$AAl?$AAd?$AA?4?$AA?$CF?$AAl?$AAl?$AAd?$AA?4?$AAA?$AAv?$AAa?$AAi?$AAl?$AAa?$AAb?$AAl?$AAe?$AA?5?$AA?5?$AA?5?$AA?5?$AA?5?$AA?5?$AA?5?$AA?5?$AA?5?$AA?5?$AA?5?$AA?5@ 000000014000e7b6     .-gpu_subsystem.o
 0002:00000810       ??_C@_1FK@PNFJMFNM@?$AA?7?$AA?$CF?$AAl?$AAl?$AAd?$AA?4?$AA?$CF?$AAl?$AAl?$AAd?$AA?4?$AAT?$AAy?$AAp?$AAe?$AA?5?$AA?5?$AA?5?$AA?5?$AA?5?$AA?5?$AA?5?$AA?5?$AA?5?$AA?5?$AA?5?$AA?5?$AA?5?$AA?5?$AA?5?$AA?5?$AA?5@ 000000014000e810     .-gpu_subsystem.o
 0002:0000086a       ??_C@_1FG@OJFNKBCG@?$AA?7?$AA?$CF?$AAl?$AAl?$AAd?$AA?4?$AA?$CF?$AAl?$AAl?$AAd?$AA?4?$AAV?$AAe?$AAn?$AAd?$AAo?$AAr?$AA?5?$AA?5?$AA?5?$AA?5?$AA?5?$AA?5?$AA?5?$AA?5?$AA?5?$AA?5?$AA?5?$AA?5?$AA?5?$AA?5?$AA?5@ 000000014000e86a     .-gpu_subsystem.o
 0002:000008c0       ??_C@_1FG@LICMMOCB@?$AA?7?$AA?$CF?$AAl?$AAl?$AAd?$AA?4?$AA?$CF?$AAl?$AAl?$AAd?$AA?4?$AAD?$AAr?$AAi?$AAv?$AAe?$AAr?$AA?5?$AAV?$AAe?$AAr?$AAs?$AAi?$AAo?$AAn?$AA?5?$AA?5?$AA?5?$AA?5?$AA?5?$AA?5?$AA?5@ 000000014000e8c0     .-gpu_subsystem.o
 0002:00000916       ??_C@_1FG@GEMKEAJB@?$AA?7?$AA?$CF?$AAl?$AAl?$AAd?$AA?4?$AA?$CF?$AAl?$AAl?$AAd?$AA?4?$AAD?$AAe?$AAv?$AAi?$AAc?$AAe?$AA?5?$AAV?$AAe?$AAr?$AAs?$AAi?$AAo?$AAn?$AA?5?$AA?5?$AA?5?$AA?5?$AA?5?$AA?5?$AA?5@ 000000014000e916     .-gpu_subsystem.o
 0002:0000096c       ??_C@_1FG@MPCNGFNE@?$AA?7?$AA?$CF?$AAl?$AAl?$AAd?$AA?4?$AA?$CF?$AAl?$AAl?$AAd?$AA?4?$AAP?$AAr?$AAo?$AAf?$AAi?$AAl?$AAe?$AA?5?$AA?5?$AA?5?$AA?5?$AA?5?$AA?5?$AA?5?$AA?5?$AA?5?$AA?5?$AA?5?$AA?5?$AA?5?$AA?5@ 000000014000e96c     .-gpu_subsystem.o
 0002:000009c2       ??_C@_1FG@GJMINOLL@?$AA?7?$AA?$CF?$AAl?$AAl?$AAd?$AA?4?$AA?$CF?$AAl?$AAl?$AAd?$AA?4?$AAE?$AAx?$AAt?$AAe?$AAn?$AAs?$AAi?$AAo?$AAn?$AAs?$AA?5?$AA?5?$AA?5?$AA?5?$AA?5?$AA?5?$AA?5?$AA?5?$AA?5?$AA?5?$AA?5@ 000000014000e9c2     .-gpu_subsystem.o
 0002:00000a18       ??_C@_1FK@NKJEPLPJ@?$AA?7?$AA?$CF?$AAl?$AAl?$AAd?$AA?4?$AA?$CF?$AAl?$AAl?$AAd?$AA?4?$AAM?$AAa?$AAx?$AA?5?$AAC?$AAo?$AAm?$AAp?$AAu?$AAt?$AAe?$AA?5?$AAU?$AAn?$AAi?$AAt?$AAs?$AA?5?$AA?5?$AA?5?$AA?5@ 000000014000ea18     .-gpu_subsystem.o
 0002:00000a72       ??_C@_1FK@OLFGCCPL@?$AA?7?$AA?$CF?$AAl?$AAl?$AAd?$AA?4?$AA?$CF?$AAl?$AAl?$AAd?$AA?4?$AAM?$AAa?$AAx?$AA?5?$AAI?$AAt?$AAe?$AAm?$AA?5?$AAD?$AAi?$AAm?$AAe?$AAn?$AAs?$AAi?$AAo?$AAn?$AAs?$AA?5?$AA?5@ 000000014000ea72     .-gpu_subsystem.o
 0002:00000acc       ??_C@_1FK@CMFPDFMJ@?$AA?7?$AA?$CF?$AAl?$AAl?$AAd?$AA?4?$AA?$CF?$AAl?$AAl?$AAd?$AA?4?$AAM?$AAa?$AAx?$AA?5?$AAG?$AAr?$AAo?$AAu?$AAp?$AA?5?$AAS?$AAi?$AAz?$AAe?$AA?5?$AA?5?$AA?5?$AA?5?$AA?5?$AA?5?$AA?5@ 000000014000eacc     .-gpu_subsystem.o
 0002:00000b26       ??_C@_1GA@OFJKKJHL@?$AA?7?$AA?7?$AA?$CF?$AAl?$AAl?$AAd?$AA?4?$AA?$CF?$AAl?$AAl?$AAd?$AA?4?$AAM?$AAa?$AAx?$AA?5?$AAI?$AAt?$AAe?$AAm?$AA?5?$AAS?$AAi?$AAz?$AAe?$AAs?$AA?$FL?$AA?$CF?$AAl?$AAl?$AAd?$AA?$FN@ 000000014000eb26     .-gpu_subsystem.o
 0002:00000b86       ??_C@_1FK@PBEPJBHG@?$AA?7?$AA?$CF?$AAl?$AAl?$AAd?$AA?4?$AA?$CF?$AAl?$AAl?$AAd?$AA?4?$AAM?$AAa?$AAx?$AA?5?$AAC?$AAl?$AAo?$AAc?$AAk?$AA?5?$AAF?$AAr?$AAe?$AAq?$AAu?$AAe?$AAn?$AAc?$AAy?$AA?5?$AA?5@ 000000014000eb86     .-gpu_subsystem.o
 0002:00000be0       ??_C@_1FK@EGKKPFNE@?$AA?7?$AA?$CF?$AAl?$AAl?$AAd?$AA?4?$AA?$CF?$AAl?$AAl?$AAd?$AA?4?$AAM?$AAa?$AAx?$AA?5?$AAM?$AAe?$AAm?$AA?5?$AAA?$AAl?$AAl?$AAo?$AAc?$AA?5?$AAS?$AAi?$AAz?$AAe?$AA?5?$AA?5?$AA?5@ 000000014000ebe0     .-gpu_subsystem.o
 0002:00000c3a       ??_C@_1FK@NMMFNGJN@?$AA?7?$AA?$CF?$AAl?$AAl?$AAd?$AA?4?$AA?$CF?$AAl?$AAl?$AAd?$AA?4?$AAG?$AAl?$AAo?$AAb?$AAa?$AAl?$AA?5?$AAM?$AAe?$AAm?$AA?5?$AAC?$AAa?$AAc?$AAh?$AAe?$AAl?$AAi?$AAn?$AAe?$AA?5@ 000000014000ec3a     .-gpu_subsystem.o
 0002:00000c94       ??_C@_1FK@NMHJFOBI@?$AA?7?$AA?$CF?$AAl?$AAl?$AAd?$AA?4?$AA?$CF?$AAl?$AAl?$AAd?$AA?4?$AAG?$AAl?$AAo?$AAb?$AAa?$AAl?$AA?5?$AAM?$AAe?$AAm?$AA?5?$AAC?$AAa?$AAc?$AAh?$AAe?$AA?5?$AAS?$AAi?$AAz?$AAe@ 000000014000ec94     .-gpu_subsystem.o
 0002:00000cee       ??_C@_1FK@KEPOBMOJ@?$AA?7?$AA?$CF?$AAl?$AAl?$AAd?$AA?4?$AA?$CF?$AAl?$AAl?$AAd?$AA?4?$AAG?$AAl?$AAo?$AAb?$AAa?$AAl?$AA?5?$AAM?$AAe?$AAm?$AA?5?$AAS?$AAi?$AAz?$AAe?$AA?5?$AA?5?$AA?5?$AA?5?$AA?5?$AA?5@ 000000014000ecee     .-gpu_subsystem.o
 0002:00000d48       ??_C@_1FK@BEKCEBKI@?$AA?7?$AA?$CF?$AAl?$AAl?$AAd?$AA?4?$AA?$CF?$AAl?$AAl?$AAd?$AA?4?$AAL?$AAo?$AAc?$AAa?$AAl?$AA?5?$AAM?$AAe?$AAm?$AA?5?$AAS?$AAi?$AAz?$AAe?$AA?5?$AA?5?$AA?5?$AA?5?$AA?5?$AA?5?$AA?5@ 000000014000ed48     .-gpu_subsystem.o
 0002:00000da2       ??_C@_1DG@HHDGLCMF@?$AAA?$AAt?$AA?5?$AAe?$AAn?$AAd?$AA?5?$AAh?$AAa?$AAv?$AAe?$AA?5?$AA?$CF?$AAl?$AAl?$AAd?$AA?5?$AAd?$AAe?$AAv?$AAi?$AAc?$AAe?$AAs?$AA?4?$AA?6?$AA?$AA@ 000000014000eda2     .-gpu_subsystem.o
 0002:00000dd8       ??_C@_1FC@JJNHHFIJ@?$AAI?$AAn?$AAi?$AAt?$AA?5?$AAf?$AAo?$AAr?$AAm?$AA?5?$AAp?$AAl?$AAa?$AAt?$AAf?$AAo?$AAr?$AAm?$AA?5?$AA?$CF?$AAl?$AAl?$AAd?$AA?5?$AA?$FL?$AAa?$AAu?$AAt?$AAo?$AA?5?$AAs?$AAe@ 000000014000edd8     .-gpu_subsystem.o
 0002:00000e2a       ??_C@_1EC@CFAEGHOO@?$AAE?$AAr?$AAr?$AAo?$AAr?$AA?5?$AAa?$AAt?$AA?5?$AAc?$AAl?$AAC?$AAr?$AAe?$AAa?$AAt?$AAe?$AAC?$AAo?$AAn?$AAt?$AAe?$AAx?$AAt?$AA?5?$AA?$FL?$AA?$CF?$AAl?$AAl?$AAd?$AA?$FN?$AA?6@ 000000014000ee2a     .-gpu_subsystem.o
 0002:00000e6c       ??_C@_1GI@JODPKPLM@?$AAE?$AAr?$AAr?$AAo?$AAr?$AA?5?$AAa?$AAt?$AA?5?$AAc?$AAl?$AAC?$AAr?$AAe?$AAa?$AAt?$AAe?$AAC?$AAo?$AAm?$AAm?$AAa?$AAn?$AAd?$AAQ?$AAu?$AAe?$AAu?$AAe?$AAW?$AAi?$AAt@ 000000014000ee6c     .-gpu_subsystem.o
 0002:00000ed4       ??_C@_0DM@BNIGEFGF@?9cl?9single?9precision?9constant?5?9c@ 000000014000eed4     .-gpu_subsystem.o
 0002:00000f10       ??_C@_1DE@FJCPKFIJ@?$AAB?$AAu?$AAi?$AAl?$AAd?$AAP?$AAr?$AAo?$AAg?$AAr?$AAa?$AAm?$AA?5?$AAE?$AAr?$AAr?$AAo?$AAr?$AA?3?$AA?5?$AA?$CF?$AAl?$AAl?$AAd?$AA?6?$AA?$AA@ 000000014000ef10     .-gpu_subsystem.o
 0002:00000f44       ??_C@_1CO@HIIDKPPP@?$AAB?$AAu?$AAi?$AAl?$AAd?$AAI?$AAn?$AAf?$AAo?$AA?5?$AAE?$AAr?$AAr?$AAo?$AAr?$AA?3?$AA?5?$AA?$CF?$AAl?$AAl?$AAd?$AA?6?$AA?$AA@ 000000014000ef44     .-gpu_subsystem.o
 0002:00000f72       ??_C@_1DA@GJKLKGNM@?$AAB?$AAu?$AAi?$AAl?$AAd?$AAI?$AAn?$AAf?$AAo?$AA2?$AA?5?$AAE?$AAr?$AAr?$AAo?$AAr?$AA?3?$AA?5?$AA?$CF?$AAl?$AAl?$AAd?$AA?6?$AA?$AA@ 000000014000ef72     .-gpu_subsystem.o
 0002:00000fa2       ??_C@_1EA@DAHNIOPF@?$AAE?$AAr?$AAr?$AAo?$AAr?$AA?5?$AAI?$AAn?$AAf?$AAo?$AA?3?$AA?5?$AAc?$AAo?$AAd?$AAe?$AA?$DN?$AA?$CF?$AAl?$AAl?$AAd?$AA?3?$AA?5?$AAi?$AAn?$AAf?$AAo?$AA?$DN?$AA?$CF?$AAs?$AA?6?$AA?$AA@ 000000014000efa2     .-gpu_subsystem.o
 0002:00000fe2       ??_C@_1CO@DCKAPNAK@?$AAw?$AAa?$AAi?$AAt?$AAi?$AAn?$AAg?$AA?5?$AAs?$AAt?$AAa?$AAr?$AAt?$AAu?$AAp?$AA?5?$AAp?$AAa?$AAg?$AAe?$AAs?$AA?6?$AA?$AA@ 000000014000efe2     .-hive_entry.o
 0002:00001010       ??_C@_1EI@OLFKDNEP@?$AAE?$AAr?$AAr?$AAo?$AAr?$AA?3?$AA?5?$AAa?$AAl?$AAl?$AAo?$AAc?$AAa?$AAt?$AAe?$AAd?$AA?5?$AAa?$AAr?$AAr?$AAa?$AAy?$AA?5?$AAi?$AAs?$AAn?$AA?8?$AAt?$AA?5?$AAl?$AAo?$AAc@ 000000014000f010     .-hive_entry.o
 0002:000010e0       ??_C@_1DE@OFJFJIIH@?$AAS?$AAe?$AAr?$AAv?$AAe?$AAr?$AA?5?$AAi?$AAd?$AA?$DN?$AA?$CF?$AAl?$AAl?$AAd?$AA?5?$AAc?$AAo?$AAn?$AAf?$AAi?$AAr?$AAm?$AAe?$AAd?$AA?6?$AA?$AA@ 000000014000f0e0     .-remote.o
 0002:00001114       ??_C@_1FK@FPKJOMKP@?$AAE?$AAr?$AAr?$AAo?$AAr?$AA?3?$AA?5?$AAC?$AAo?$AAu?$AAl?$AAd?$AA?5?$AAn?$AAo?$AAt?$AA?5?$AAc?$AAo?$AAn?$AAn?$AAe?$AAc?$AAt?$AA?5?$AAt?$AAo?$AA?5?$AA?$CF?$AAs?$AA?5?$AA?$FL@ 000000014000f114     .-remote.o
 0002:0000116e       ??_C@_1DM@MBBJEJBJ@?$AAT?$AAr?$AAy?$AAi?$AAn?$AAg?$AA?5?$AAt?$AAo?$AA?5?$AAg?$AAe?$AAt?$AA?5?$AAs?$AAe?$AAr?$AAv?$AAe?$AAr?$AA?5?$AAi?$AAd?$AA?5?$AA?$CF?$AAl?$AAl?$AAd?$AA?6?$AA?$AA@ 000000014000f16e     .-remote.o
 0002:000011aa       ??_C@_1CK@IMAGNILG@?$AAC?$AAo?$AAn?$AAf?$AAi?$AAr?$AAm?$AAe?$AAd?$AA?5?$AAp?$AAo?$AAr?$AAt?$AA?$DN?$AA?$CF?$AAl?$AAl?$AAd?$AA?6?$AA?$AA@ 000000014000f1aa     .-remote.o
 0002:000011d4       ??_C@_1DG@NNMMEGKD@?$AAS?$AAe?$AAl?$AAe?$AAc?$AAt?$AAe?$AAd?$AA?5?$AAc?$AAo?$AAn?$AAn?$AAe?$AAc?$AAt?$AA?5?$AAc?$AAo?$AAm?$AAm?$AAa?$AAn?$AAd?$AA?4?$AA?6?$AA?$AA@ 000000014000f1d4     .-remote.o
 0002:0000120a       ??_C@_1CI@KPENLAE@?$AAE?$AAn?$AAt?$AAe?$AAr?$AA?5?$AAI?$AAP?$AA?5?$AAa?$AAn?$AAd?$AA?5?$AAP?$AAO?$AAR?$AAT?$AA?4?$AA?6?$AA?$AA@ 000000014000f20a     .-remote.o
 0002:00001232       ??_C@_1EG@CAHECGOL@?$AAT?$AAr?$AAy?$AAi?$AAn?$AAg?$AA?5?$AAt?$AAo?$AA?5?$AAc?$AAo?$AAn?$AAn?$AAe?$AAc?$AAt?$AA?5?$AAt?$AAo?$AA?5?$AA?$FL?$AA?$CF?$AAs?$AA?$FN?$AA?5?$AA?$FL?$AA?$CF?$AAs?$AA?$FN?$AA?4?$AA?4@ 000000014000f232     .-remote.o
 0002:00001278       ??_C@_1DG@GLOHHOJG@?$AAT?$AAe?$AAm?$AAp?$AAo?$AAr?$AAa?$AAr?$AAy?$AA?5?$AAl?$AAo?$AAc?$AAa?$AAl?$AA_?$AAi?$AAd?$AA?5?$AA?$DN?$AA?5?$AA?$CF?$AAl?$AAl?$AAd?$AA?6?$AA?$AA@ 000000014000f278     .-remote.o
 0002:000012ae       ??_C@_1DC@MOJEJJIM@?$AAC?$AAo?$AAn?$AAf?$AAi?$AAg?$AAu?$AAr?$AAa?$AAt?$AAi?$AAo?$AAn?$AA?5?$AAc?$AAo?$AAn?$AAf?$AAi?$AAr?$AAm?$AAe?$AAd?$AA?6?$AA?$AA@ 000000014000f2ae     .-remote.o
 0002:000012e0       ??_C@_1DM@PKIKMHMJ@?$AA?$FL?$AAN?$AAE?$AAT?$AAW?$AAO?$AAR?$AAK?$AA?$FN?$AA?3?$AA?5?$AAP?$AAe?$AAe?$AAr?$AA?5?$AAd?$AAi?$AAs?$AAc?$AAo?$AAn?$AAn?$AAe?$AAc?$AAt?$AAe?$AAd?$AA?6?$AA?$AA@ 000000014000f2e0     .-remote.o
 0002:0000131c       ??_C@_1CO@OOHNIMCC@?$AAc?$AAl?$AAo?$AAs?$AAi?$AAn?$AAg?$AA?5?$AAc?$AAo?$AAn?$AAn?$AAe?$AAc?$AAt?$AAi?$AAo?$AAn?$AA?4?$AA?4?$AA?4?$AA?6?$AA?$AA@ 000000014000f31c     .-remote.o
 0002:0000134a       ??_C@_1LA@ICLCBFDH@?$AAE?$AAr?$AAr?$AAo?$AAr?$AA?3?$AA?5?$AAA?$AAP?$AAI?$AA_?$AAA?$AAN?$AAS?$AAW?$AAE?$AAR?$AA_?$AAR?$AAE?$AAQ?$AAU?$AAE?$AAS?$AAT?$AA_?$AAC?$AAO?$AAN?$AAN?$AAE?$AAC@ 000000014000f34a     .-remote.o
 0002:000013fa       ??_C@_1DK@EHAPFJND@?$AAs?$AAe?$AAr?$AAv?$AAe?$AAr?$AA?5?$AAs?$AAt?$AAa?$AAr?$AAt?$AAe?$AAd?$AA?5?$AAo?$AAn?$AA?5?$AAp?$AAo?$AAr?$AAt?$AA?5?$AA?$CF?$AAl?$AAl?$AAd?$AA?6?$AA?$AA@ 000000014000f3fa     .-remote.o
 0002:00001434       ??_C@_1FA@MICONLJJ@?$AAE?$AAr?$AAr?$AAo?$AAr?$AA?3?$AA?5?$AAf?$AAa?$AAi?$AAl?$AAe?$AAd?$AA?5?$AAt?$AAo?$AA?5?$AAa?$AAl?$AAl?$AAo?$AAc?$AAa?$AAt?$AAe?$AA?5?$AAm?$AAe?$AAm?$AAo?$AAr?$AAy@ 000000014000f434     .-runtime_lib.o
 0002:00001484       ??_C@_1FE@CPMEHOGL@?$AAE?$AAr?$AAr?$AAo?$AAr?$AA?3?$AA?5?$AAf?$AAa?$AAi?$AAl?$AAe?$AAd?$AA?5?$AAt?$AAo?$AA?5?$AAr?$AAe?$AAa?$AAl?$AAl?$AAo?$AAc?$AAa?$AAt?$AAe?$AA?5?$AAm?$AAe?$AAm?$AAo@ 000000014000f484     .-runtime_lib.o
 0002:000014d8       ??_C@_1EI@DJFGOBAG@?$AAE?$AAr?$AAr?$AAo?$AAr?$AA?3?$AA?5?$AAf?$AAa?$AAi?$AAl?$AAe?$AAd?$AA?5?$AAt?$AAo?$AA?5?$AAf?$AAr?$AAe?$AAe?$AA?5?$AAm?$AAe?$AAm?$AAo?$AAr?$AAy?$AA?3?$AA?5?$AA?$CF?$AAl@ 000000014000f4d8     .-runtime_lib.o
 0002:00001520       ??_C@_1CM@EJGKJCED@?$AAA?$AAs?$AAs?$AAe?$AAr?$AAt?$AAi?$AAo?$AAn?$AA?5?$AAf?$AAa?$AAi?$AAl?$AAe?$AAd?$AA?3?$AA?5?$AA?$CF?$AAs?$AA?6?$AA?$AA@ 000000014000f520     .-runtime_lib.o
 0002:0000154c       ??_C@_1EI@GJCCEHA@?$AAF?$AAi?$AAl?$AAe?$AA?3?$AA?5?$AA?$CF?$AAs?$AA?0?$AA?5?$AAL?$AAi?$AAn?$AAe?$AA?3?$AA?5?$AA?$CF?$AAl?$AAl?$AAd?$AA?0?$AA?5?$AAF?$AAu?$AAn?$AAc?$AAt?$AAi?$AAo?$AAn?$AA?3?$AA?5@ 000000014000f54c     .-runtime_lib.o
 0002:00001758       ??_C@_1GE@NIGCAFOK@?$AAE?$AAr?$AAr?$AAo?$AAr?$AA?3?$AA?5?$AAg?$AAp?$AAu?$AA?5?$AAw?$AAo?$AAr?$AAk?$AAe?$AAr?$AA?5?$AAd?$AAo?$AAe?$AAn?$AA?8?$AAt?$AA?5?$AAs?$AAu?$AAp?$AAp?$AAo?$AAr?$AAt@ 000000014000f758     .-runtime.o
 0002:000017bc       ??_C@_1O@KNIHKCDL@?$AAb?$AAr?$AAe?$AAa?$AAk?$AA?6?$AA?$AA@ 000000014000f7bc     .-runtime.o
 0002:000017ca       ??_C@_1GM@IJHLNMBE@?$AAt?$AAh?$AAr?$AAe?$AAa?$AAd?$AA?5?$AA?$CF?$AAl?$AAl?$AAd?$AA?3?$AA?5?$AA?5?$AAW?$AAa?$AAi?$AAt?$AA?$HM?$AAQ?$AAu?$AAe?$AAu?$AAe?$AAd?$AA?5?$AA?$CF?$AAl?$AAl?$AAd?$AA?$HM?$AA?$CF@ 000000014000f7ca     .-runtime.o
 0002:00001836       ??_C@_1DC@OKNAINOC@?$AAc?$AAo?$AAp?$AAy?$AA?$CI?$AA?$CF?$AAp?$AA?$CJ?$AA?$DN?$AAq?$AAu?$AAe?$AAu?$AAe?$AA?$FL?$AA?$CF?$AAl?$AAl?$AAd?$AA?$FN?$AA?$DN?$AA?$CF?$AAp?$AA?6?$AA?$AA@ 000000014000f836     .-runtime.o
 0002:00001868       ??_C@_1JE@CPFCJBNI@?$AAE?$AAR?$AAR?$AAO?$AAR?$AA?3?$AA?5?$AAR?$AAu?$AAn?$AAt?$AAi?$AAm?$AAe?$AA?5?$AAe?$AAn?$AAd?$AAp?$AAo?$AAi?$AAn?$AAt?$AA?5?$AA?$CF?$AAl?$AAl?$AAd?$AA?5?$AAd?$AAo?$AAe@ 000000014000f868     .-runtime.o
 0002:000018fc       ??_C@_1HI@GNCDLKLI@?$AAE?$AAr?$AAr?$AAo?$AAr?$AA?3?$AA?5?$AAr?$AAu?$AAn?$AAt?$AAi?$AAm?$AAe?$AA?5?$AAd?$AAo?$AAe?$AAs?$AAn?$AA?8?$AAt?$AA?5?$AAs?$AAu?$AAp?$AAp?$AAo?$AAr?$AAt?$AA?5?$AAs@ 000000014000f8fc     .-runtime.o
 0002:00001974       ??_C@_1DI@MLNAPEIE@?$AAS?$AAh?$AAe?$AAd?$AAu?$AAl?$AAe?$AAr?$AAI?$AAn?$AAs?$AAt?$AAa?$AAn?$AAc?$AAe?$AA?5?$AAc?$AAo?$AAm?$AAp?$AAl?$AAe?$AAt?$AAe?$AAd?$AA?6?$AA?$AA@ 000000014000f974     .-runtime.o
 0002:000019ac       ??_C@_1CC@MEKDJGLK@?$AAp?$AAr?$AAo?$AAm?$AAi?$AAs?$AAe?$AA?5?$AAn?$AAo?$AAt?$AA?5?$AAs?$AAe?$AAt?$AA?6?$AA?$AA@ 000000014000f9ac     .-runtime.o
 0002:000019ce       ??_C@_1CG@NNOPFBAI@?$AAp?$AAr?$AAo?$AAm?$AAi?$AAs?$AAe?$AA?5?$AAn?$AAo?$AAt?$AA?5?$AAf?$AAo?$AAu?$AAn?$AAd?$AA?6?$AA?$AA@ 000000014000f9ce     .-runtime.o
 0002:000019f4       ??_C@_1EK@KKIKLCHH@?$AAG?$AAp?$AAu?$AA?5?$AAs?$AAu?$AAs?$AAs?$AAy?$AAs?$AAt?$AAe?$AAm?$AA?5?$AAi?$AAn?$AAi?$AAt?$AAi?$AAa?$AAl?$AAi?$AAz?$AAa?$AAt?$AAi?$AAo?$AAn?$AA?5?$AAf?$AAa?$AAi@ 000000014000f9f4     .-runtime.o
 0002:00001a3e       ??_C@_1CC@DEIAIPBB@?$AA?4?$AA?4?$AA?1?$AA?4?$AA?4?$AA?1?$AA?4?$AA?4?$AA?1?$AAr?$AAe?$AAs?$AA?4?$AAb?$AAi?$AAn?$AA?$AA@ 000000014000fa3e     .-runtime.o
 0002:00001a60       ??_C@_1FC@OGJDIOEJ@?$AAE?$AAr?$AAr?$AAo?$AAr?$AA?3?$AA?5?$AAc?$AAa?$AAn?$AA?8?$AAt?$AA?5?$AAo?$AAp?$AAe?$AAn?$AA?5?$AA?4?$AA?4?$AA?1?$AA?4?$AA?4?$AA?1?$AA?4?$AA?4?$AA?1?$AAr?$AAe?$AAs?$AA?4?$AAb@ 000000014000fa60     .-runtime.o
 0002:00001ab2       ??_C@_1DM@FEOJJAHB@?$AAS?$AAt?$AAa?$AAr?$AAt?$AAi?$AAn?$AAg?$AA?5?$AAw?$AAi?$AAt?$AAh?$AAo?$AAu?$AAt?$AA?5?$AAa?$AAn?$AAy?$AA?5?$AAw?$AAo?$AAr?$AAk?$AAe?$AAr?$AAs?$AA?6?$AA?$AA@ 000000014000fab2     .-runtime.o
 0002:00001aee       ??_C@_1CM@PELCBDJ@?$AAE?$AAn?$AAt?$AAr?$AAy?$AA?5?$AAw?$AAo?$AAr?$AAk?$AAe?$AAr?$AA?5?$AAi?$AAd?$AA?$DN?$AA?$CF?$AAl?$AAl?$AAd?$AA?6?$AA?$AA@ 000000014000faee     .-runtime.o
 0002:00001b1a       ??_C@_1DA@FBHJAJPI@?$AAr?$AAe?$AAs?$AAu?$AAl?$AAt?$AA?5?$AAp?$AAr?$AAo?$AAm?$AAi?$AAs?$AAe?$AA?5?$AA?$CF?$AAp?$AA?5?$AA?$CF?$AAl?$AAl?$AAd?$AA?6?$AA?$AA@ 000000014000fb1a     .-runtime.o
 0002:00001b4a       ??_C@_1BI@KEMCAKCM@?$AAR?$AAu?$AAn?$AAn?$AAi?$AAn?$AAg?$AA?4?$AA?4?$AA?4?$AA?6?$AA?$AA@ 000000014000fb4a     .-runtime.o
 0002:00001b62       ??_C@_1DM@HCILGOPA@?$AAF?$AAa?$AAi?$AAl?$AAe?$AAd?$AA?5?$AAt?$AAo?$AA?5?$AAc?$AAr?$AAe?$AAa?$AAt?$AAe?$AA?5?$AAt?$AAh?$AAr?$AAe?$AAa?$AAd?$AA?5?$AA?$CF?$AAl?$AAl?$AAd?$AA?6?$AA?$AA@ 000000014000fb62     .-runtime.o
 0002:00001b9e       ??_C@_1CE@FBEJGOMB@?$AAP?$AAr?$AAo?$AAg?$AAr?$AAa?$AAm?$AA?5?$AAf?$AAi?$AAn?$AAi?$AAs?$AAh?$AAe?$AAd?$AA?6?$AA?$AA@ 000000014000fb9e     .-runtime.o
 0002:00001bc2       ??_C@_1EK@FDFELEEK@?$AAR?$AAe?$AAs?$AAu?$AAl?$AAt?$AA?5?$AAp?$AAr?$AAo?$AAm?$AAi?$AAs?$AAe?$AA?5?$AAn?$AAo?$AAt?$AA?5?$AAf?$AAo?$AAu?$AAn?$AAd?$AA?5?$AAo?$AAn?$AA?5?$AAm?$AAa?$AAc?$AAh@ 000000014000fbc2     .-runtime.o
 0002:00001c0c       ??_C@_1DO@BFPIHEIA@?$AAP?$AAr?$AAo?$AAg?$AAr?$AAa?$AAm?$AA?5?$AAe?$AAx?$AAi?$AAt?$AAe?$AAd?$AA?5?$AAw?$AAi?$AAt?$AAh?$AA?5?$AAc?$AAo?$AAd?$AAe?$AA?5?$AA?$CF?$AAl?$AAl?$AAx?$AA?6?$AA?$AA@ 000000014000fc0c     .-runtime.o
 0002:00001c4a       ??_C@_1CK@DKIDNDNE@?$AAP?$AAr?$AAe?$AAs?$AAs?$AA?5?$AAC?$AAt?$AAr?$AAl?$AA?$CL?$AAC?$AA?5?$AAt?$AAo?$AA?5?$AAe?$AAn?$AAd?$AA?6?$AA?$AA@ 000000014000fc4a     .-runtime.o
 0002:00001c74       ??_C@_1GO@CEANDIOF@?$AAR?$AAe?$AAs?$AAu?$AAl?$AAt?$AA?5?$AAo?$AAf?$AA?5?$AAm?$AAa?$AAi?$AAn?$AA?5?$AAf?$AAu?$AAn?$AAc?$AAt?$AAi?$AAo?$AAn?$AA?5?$AAi?$AAs?$AAn?$AA?8?$AAt?$AA?5?$AAr?$AAe@ 000000014000fc74     .-runtime.o
 0002:00001ce8       RtlNtPathSeperatorString   000000014000fce8     ws2_32:indef.obj
 0002:00001cf8       ??_C@_13FPGAJAPJ@?$AA?2@   000000014000fcf8     ws2_32:indef.obj
 0002:00001d00       RtlDosPathSeperatorsString 000000014000fd00     ws2_32:indef.obj
 0002:00001d10       ??_C@_15MNCACJLI@?$AA?2?$AA?1@ 000000014000fd10     ws2_32:indef.obj
 0002:00001d18       RtlAlternateDosPathSeperatorString 000000014000fd18     ws2_32:indef.obj
 0002:00001d28       ??_C@_13CGOKJPIL@?$AA?1@   000000014000fd28     ws2_32:indef.obj
 0002:00001d40       eui48_broadcast            000000014000fd40     ws2_32:indef.obj
 0002:00001d48       scopeid_unspecified        000000014000fd48     ws2_32:indef.obj
 0002:00001d4c       in4addr_any                000000014000fd4c     ws2_32:indef.obj
 0002:00001d50       in4addr_loopback           000000014000fd50     ws2_32:indef.obj
 0002:00001d54       in4addr_broadcast          000000014000fd54     ws2_32:indef.obj
 0002:00001d58       in4addr_allnodesonlink     000000014000fd58     ws2_32:indef.obj
 0002:00001d5c       in4addr_allroutersonlink   000000014000fd5c     ws2_32:indef.obj
 0002:00001d60       in4addr_alligmpv3routersonlink 000000014000fd60     ws2_32:indef.obj
 0002:00001d64       in4addr_allteredohostsonlink 000000014000fd64     ws2_32:indef.obj
 0002:00001d68       in4addr_linklocalprefix    000000014000fd68     ws2_32:indef.obj
 0002:00001d6c       in4addr_multicastprefix    000000014000fd6c     ws2_32:indef.obj
 0002:00001d70       in6addr_any                000000014000fd70     ws2_32:indef.obj
 0002:00001d80       in6addr_loopback           000000014000fd80     ws2_32:indef.obj
 0002:00001d90       in6addr_allnodesonnode     000000014000fd90     ws2_32:indef.obj
 0002:00001da0       in6addr_allnodesonlink     000000014000fda0     ws2_32:indef.obj
 0002:00001db0       in6addr_allroutersonlink   000000014000fdb0     ws2_32:indef.obj
 0002:00001dc0       in6addr_allmldv2routersonlink 000000014000fdc0     ws2_32:indef.obj
 0002:00001dd0       in6addr_teredoinitiallinklocaladdress 000000014000fdd0     ws2_32:indef.obj
 0002:00001de0       in6addr_linklocalprefix    000000014000fde0     ws2_32:indef.obj
 0002:00001df0       in6addr_multicastprefix    000000014000fdf0     ws2_32:indef.obj
 0002:00001e00       in6addr_solicitednodemulticastprefix 000000014000fe00     ws2_32:indef.obj
 0002:00001e10       in6addr_v4mappedprefix     000000014000fe10     ws2_32:indef.obj
 0002:00001e20       in6addr_6to4prefix         000000014000fe20     ws2_32:indef.obj
 0002:00001e30       in6addr_teredoprefix       000000014000fe30     ws2_32:indef.obj
 0002:00001e40       in6addr_teredoprefix_old   000000014000fe40     ws2_32:indef.obj
 0002:00001e50       BUGCHECK_EFI_GUID          000000014000fe50     ws2_32:indef.obj
 0002:000021e8       __imp_CommandLineToArgvW   00000001400101e8     shell32:SHELL32.dll
 0002:000021f8       __imp_AcquireSRWLockExclusive 00000001400101f8     kernel32:KERNEL32.dll
 0002:00002200       __imp_AcquireSRWLockShared 0000000140010200     kernel32:KERNEL32.dll
 0002:00002208       __imp_CloseHandle          0000000140010208     kernel32:KERNEL32.dll
 0002:00002210       __imp_CreateFileW          0000000140010210     kernel32:KERNEL32.dll
 0002:00002218       __imp_CreateIoCompletionPort 0000000140010218     kernel32:KERNEL32.dll
 0002:00002220       __imp_CreateThread         0000000140010220     kernel32:KERNEL32.dll
 0002:00002228       __imp_ExitProcess          0000000140010228     kernel32:KERNEL32.dll
 0002:00002230       __imp_GetCommandLineW      0000000140010230     kernel32:KERNEL32.dll
 0002:00002238       __imp_GetConsoleMode       0000000140010238     kernel32:KERNEL32.dll
 0002:00002240       __imp_GetFileSizeEx        0000000140010240     kernel32:KERNEL32.dll
 0002:00002248       __imp_GetLastError         0000000140010248     kernel32:KERNEL32.dll
 0002:00002250       __imp_GetProcAddress       0000000140010250     kernel32:KERNEL32.dll
 0002:00002258       __imp_GetProcessHeap       0000000140010258     kernel32:KERNEL32.dll
 0002:00002260       __imp_GetQueuedCompletionStatus 0000000140010260     kernel32:KERNEL32.dll
 0002:00002268       __imp_GetStdHandle         0000000140010268     kernel32:KERNEL32.dll
 0002:00002270       __imp_HeapAlloc            0000000140010270     kernel32:KERNEL32.dll
 0002:00002278       __imp_HeapFree             0000000140010278     kernel32:KERNEL32.dll
 0002:00002280       __imp_HeapReAlloc          0000000140010280     kernel32:KERNEL32.dll
 0002:00002288       __imp_LoadLibraryA         0000000140010288     kernel32:KERNEL32.dll
 0002:00002290       __imp_MultiByteToWideChar  0000000140010290     kernel32:KERNEL32.dll
 0002:00002298       __imp_QueryPerformanceCounter 0000000140010298     kernel32:KERNEL32.dll
 0002:000022a0       __imp_QueryPerformanceFrequency 00000001400102a0     kernel32:KERNEL32.dll
 0002:000022a8       __imp_ReadConsoleW         00000001400102a8     kernel32:KERNEL32.dll
 0002:000022b0       __imp_ReadFile             00000001400102b0     kernel32:KERNEL32.dll
 0002:000022b8       __imp_ReleaseSRWLockExclusive 00000001400102b8     kernel32:KERNEL32.dll
 0002:000022c0       __imp_ReleaseSRWLockShared 00000001400102c0     kernel32:KERNEL32.dll
 0002:000022c8       __imp_Sleep                00000001400102c8     kernel32:KERNEL32.dll
 0002:000022d0       __imp_TlsAlloc             00000001400102d0     kernel32:KERNEL32.dll
 0002:000022d8       __imp_TlsFree              00000001400102d8     kernel32:KERNEL32.dll
 0002:000022e0       __imp_TlsGetValue          00000001400102e0     kernel32:KERNEL32.dll
 0002:000022e8       __imp_TlsSetValue          00000001400102e8     kernel32:KERNEL32.dll
 0002:000022f0       __imp_TryAcquireSRWLockExclusive 00000001400102f0     kernel32:KERNEL32.dll
 0002:000022f8       __imp_VirtualAlloc         00000001400102f8     kernel32:KERNEL32.dll
 0002:00002300       __imp_WaitForMultipleObjects 0000000140010300     kernel32:KERNEL32.dll
 0002:00002308       __imp_WriteConsoleW        0000000140010308     kernel32:KERNEL32.dll
 0002:00002318       __imp_BCryptGenRandom      0000000140010318     bcrypt:bcrypt.dll
 0002:00002328       __imp_WSARecv              0000000140010328     ws2_32:WS2_32.dll
 0002:00002330       __imp_WSAStartup           0000000140010330     ws2_32:WS2_32.dll
 0002:00002338       __imp_accept               0000000140010338     ws2_32:WS2_32.dll
 0002:00002340       __imp_bind                 0000000140010340     ws2_32:WS2_32.dll
 0002:00002348       __imp_closesocket          0000000140010348     ws2_32:WS2_32.dll
 0002:00002350       __imp_connect              0000000140010350     ws2_32:WS2_32.dll
 0002:00002358       __imp_freeaddrinfo         0000000140010358     ws2_32:WS2_32.dll
 0002:00002360       __imp_getaddrinfo          0000000140010360     ws2_32:WS2_32.dll
 0002:00002368       __imp_getsockname          0000000140010368     ws2_32:WS2_32.dll
 0002:00002370       __imp_htons                0000000140010370     ws2_32:WS2_32.dll
 0002:00002378       __imp_listen               0000000140010378     ws2_32:WS2_32.dll
 0002:00002380       __imp_ntohs                0000000140010380     ws2_32:WS2_32.dll
 0002:00002388       __imp_send                 0000000140010388     ws2_32:WS2_32.dll
 0002:00002390       __imp_setsockopt           0000000140010390     ws2_32:WS2_32.dll
 0002:00002398       __imp_socket               0000000140010398     ws2_32:WS2_32.dll
 0002:000023a8       __imp_clBuildProgram       00000001400103a8     OpenCL:OpenCL.dll
 0002:000023b0       __imp_clCreateBuffer       00000001400103b0     OpenCL:OpenCL.dll
 0002:000023b8       __imp_clCreateCommandQueueWithProperties 00000001400103b8     OpenCL:OpenCL.dll
 0002:000023c0       __imp_clCreateContext      00000001400103c0     OpenCL:OpenCL.dll
 0002:000023c8       __imp_clCreateKernel       00000001400103c8     OpenCL:OpenCL.dll
 0002:000023d0       __imp_clCreateProgramWithSource 00000001400103d0     OpenCL:OpenCL.dll
 0002:000023d8       __imp_clEnqueueNDRangeKernel 00000001400103d8     OpenCL:OpenCL.dll
 0002:000023e0       __imp_clEnqueueReadBuffer  00000001400103e0     OpenCL:OpenCL.dll
 0002:000023e8       __imp_clEnqueueWriteBuffer 00000001400103e8     OpenCL:OpenCL.dll
 0002:000023f0       __imp_clFinish             00000001400103f0     OpenCL:OpenCL.dll
 0002:000023f8       __imp_clGetDeviceIDs       00000001400103f8     OpenCL:OpenCL.dll
 0002:00002400       __imp_clGetDeviceInfo      0000000140010400     OpenCL:OpenCL.dll
 0002:00002408       __imp_clGetPlatformIDs     0000000140010408     OpenCL:OpenCL.dll
 0002:00002410       __imp_clGetPlatformInfo    0000000140010410     OpenCL:OpenCL.dll
 0002:00002418       __imp_clGetProgramBuildInfo 0000000140010418     OpenCL:OpenCL.dll
 0003:00000000       server_port                0000000140011000     .-remote.o
 0003:00000008       thisServerId               0000000140011008     .-remote.o
 0003:00000010       Providers                  0000000140011010     .-runtime.o
 0003:00000040       AddressFamilyInformation   0000000140011040     ws2_32:indef.obj
 0003:00000070       connections_lock           0000000140011070     .-api.o
 0003:00000078       connections_len            0000000140011078     .-api.o
 0003:00000080       pages_lock                 0000000140011080     .-api.o
 0003:00000088       pages_len                  0000000140011088     .-api.o
 0003:00000090       known_id_broadcasts        0000000140011090     .-api.o
 0003:000000b0       known_page_broadcasts      00000001400110b0     .-api.o
 0003:000000d0       known_path_broadcasts      00000001400110d0     .-api.o
 0003:000000f0       known_path_id_broadcasts   00000001400110f0     .-api.o
 0003:00000110       local_objects              0000000140011110     .-api.o
 0003:00000130       known_objects              0000000140011130     .-api.o
 0003:00000150       query_requests             0000000140011150     .-api.o
 0003:00000170       push_requests              0000000140011170     .-api.o
 0003:00000190       known_hives                0000000140011190     .-api.o
 0003:000001b0       connections                00000001400111b0     .-api.o
 0003:000021b0       pages                      00000001400131b0     .-api.o
 0003:00002db0       SL_best_platform           0000000140013db0     .-gpu_subsystem.o
 0003:00002db4       SL_best_platform_value     0000000140013db4     .-gpu_subsystem.o
 0003:00002db8       SL_platforms_len           0000000140013db8     .-gpu_subsystem.o
 0003:00002dc0       SL_platforms               0000000140013dc0     .-gpu_subsystem.o
 0003:00002e40       SL_devices                 0000000140013e40     .-gpu_subsystem.o
 0003:00003240       SL_devices_len             0000000140014240     .-gpu_subsystem.o
 0003:00003280       SL_main_platform           0000000140014280     .-gpu_subsystem.o
 0003:00003288       SL_context                 0000000140014288     .-gpu_subsystem.o
 0003:00003290       SL_queues                  0000000140014290     .-gpu_subsystem.o
 0003:00003690       SL_queues_len              0000000140014690     .-gpu_subsystem.o
 0003:000036d0       ServerIdGetLock            00000001400146d0     .-remote.o
 0003:000036d8       next_local_id              00000001400146d8     .-remote.o
 0003:000036e0       hIOCP                      00000001400146e0     .-remote.o
 0003:000036f0       hHeap                      00000001400146f0     .-runtime_lib.o
 0003:000036f8       hInput                     00000001400146f8     .-runtime_lib.o
 0003:00003700       buf                        0000000140014700     .-runtime_lib.o
 0003:00004700       hOutput                    0000000140015700     .-runtime_lib.o
 0003:00004708       frequency                  0000000140015708     .-runtime_lib.o
 0003:00004710       Workers                    0000000140015710     .-runtime.o
 0003:00005070       wait_list_lock             0000000140016070     .-runtime.o
 0003:00005078       wait_list_len              0000000140016078     .-runtime.o
 0003:00005080       queue_lock                 0000000140016080     .-runtime.o
 0003:00005088       queue_len                  0000000140016088     .-runtime.o
 0003:00005090       dwTlsIndex                 0000000140016090     .-runtime.o
 0003:000050a0       wait_list                  00000001400160a0     .-runtime.o
 0003:000c85a0       queue                      00000001400d95a0     .-runtime.o
 0003:000dbe28       defined_arrays             00000001400ece28     .-runtime.o
 0003:000dbe31       ExPoolZeroingNativelySupported 00000001400ece31     ws2_32:indef.obj
 0004:00000000       context                    00000001400ed000     asm.o

 entry point at         0001:0000bc30

 Static symbols

 0001:00001790       GetKnownHiveHash           0000000140002790     .-api.o
 0001:00007470       Worker                     0000000140008470     .-remote.o
 0001:000079a0       ConnectionListnerWorker    00000001400089a0     .-remote.o
 0001:00007b60       PagesAllocator             0000000140008b60     .-remote.o
 0001:00007c30       StateSender                0000000140008c30     .-remote.o
 0001:00007c50       HandleApiCall              0000000140008c50     .-remote.o
 0001:0000c194       .text                      000000014000d194     asm.o
 0002:00001d30       BFE_GENERIC_MAPPING        000000014000fd30     ws2_32:indef.obj
 0002:00001e60       IPSEC_AUTH_TRANSFORM_ID_HMAC_MD5_96 000000014000fe60     ws2_32:indef.obj
 0002:00001e68       IPSEC_AUTH_TRANSFORM_ID_HMAC_SHA_1_96 000000014000fe68     ws2_32:indef.obj
 0002:00001e70       IPSEC_AUTH_TRANSFORM_ID_HMAC_SHA_256_128 000000014000fe70     ws2_32:indef.obj
 0002:00001e78       IPSEC_AUTH_TRANSFORM_ID_GCM_AES_128 000000014000fe78     ws2_32:indef.obj
 0002:00001e80       IPSEC_AUTH_TRANSFORM_ID_GCM_AES_192 000000014000fe80     ws2_32:indef.obj
 0002:00001e88       IPSEC_AUTH_TRANSFORM_ID_GCM_AES_256 000000014000fe88     ws2_32:indef.obj
 0002:00001e90       IPSEC_CIPHER_TRANSFORM_ID_CBC_DES 000000014000fe90     ws2_32:indef.obj
 0002:00001e98       IPSEC_CIPHER_TRANSFORM_ID_CBC_3DES 000000014000fe98     ws2_32:indef.obj
 0002:00001ea0       IPSEC_CIPHER_TRANSFORM_ID_AES_128 000000014000fea0     ws2_32:indef.obj
 0002:00001ea8       IPSEC_CIPHER_TRANSFORM_ID_AES_192 000000014000fea8     ws2_32:indef.obj
 0002:00001eb0       IPSEC_CIPHER_TRANSFORM_ID_AES_256 000000014000feb0     ws2_32:indef.obj
 0002:00001eb8       IPSEC_CIPHER_TRANSFORM_ID_GCM_AES_128 000000014000feb8     ws2_32:indef.obj
 0002:00001ec0       IPSEC_CIPHER_TRANSFORM_ID_GCM_AES_192 000000014000fec0     ws2_32:indef.obj
 0002:00001ec8       IPSEC_CIPHER_TRANSFORM_ID_GCM_AES_256 000000014000fec8     ws2_32:indef.obj
 0003:000dbe20       UpdateWaitingWorkers.xt    00000001400ece20     .-runtime.o
 0003:000dbe30       WFP_TRACE_NULL_DATA        00000001400ece30     ws2_32:indef.obj
 0004:00000000       .data                      00000001400ed000     asm.o
