 a

 Timestamp is 69e00f61 (Thu Apr 16 01:21:21 2026)

 Preferred load address is 0000000140000000

 Start         Length     Name                   Class
 0001:00000000 000119dbH .text                   CODE
 0002:00000000 00001eb8H .rdata                  DATA
 0003:00000000 000000f4H .data                   DATA
 0003:000000f4 0001437eH .bss                    DATA
 0004:00000000 00000222H .data                   DATA

  Address         Publics by Value              Rva+Base               Lib:Object

 0001:00000000       dllPauseWorker             0000000140001000     .-dll-await_worker.o
 0001:000000b0       dllCallObject              00000001400010b0     .-dll-call_object.o
 0001:00000130       dllStartNewLocalWorker     0000000140001130     .-dll-call_object.o
 0001:00000280       dllExecuteWorker           0000000140001280     .-dll-execute_worker.o
 0001:00000e90       memset                     0000000140001e90     .-runtime_lib.o
 0001:00000ef0       memcpy                     0000000140001ef0     .-runtime_lib.o
 0001:00001000       myMalloc                   0000000140002000     .-runtime_lib.o
 0001:00001060       myPrintf                   0000000140002060     .-runtime_lib.o
 0001:000015d0       myRealloc                  00000001400025d0     .-runtime_lib.o
 0001:00001630       myFree                     0000000140002630     .-runtime_lib.o
 0001:00001670       myAtoll                    0000000140002670     .-runtime_lib.o
 0001:000017b0       get_char                   00000001400027b0     .-runtime_lib.o
 0001:00001890       myScanI64                  0000000140002890     .-runtime_lib.o
 0001:00001920       myScanS                    0000000140002920     .-runtime_lib.o
 0001:00001a20       PrintI64                   0000000140002a20     .-runtime_lib.o
 0001:00001af0       PrintI64H                  0000000140002af0     .-runtime_lib.o
 0001:00001b90       Print2H                    0000000140002b90     .-runtime_lib.o
 0001:00001c30       assertion_failure          0000000140002c30     .-runtime_lib.o
 0001:00001c80       myAbs                      0000000140002c80     .-runtime_lib.o
 0001:00001cb0       MicrosecondsToTicks        0000000140002cb0     .-runtime_lib.o
 0001:00001cd0       TicksToMicroseconds        0000000140002cd0     .-runtime_lib.o
 0001:00001cf0       GetTicks                   0000000140002cf0     .-runtime_lib.o
 0001:00001d10       SheduleTimeoutFromNow      0000000140002d10     .-runtime_lib.o
 0001:00001d50       init_lib                   0000000140002d50     .-runtime_lib.o
 0001:00001da0       gpuPauseWorker             0000000140002da0     ..-common-gpu-await_worker.o
 0001:00001e50       gpuCallObject              0000000140002e50     ..-common-gpu-call_object.o
 0001:00001ed0       gpuStartNewLocalWorker     0000000140002ed0     ..-common-gpu-call_object.o
 0001:00002020       gpuExecuteWorker           0000000140003020     ..-common-gpu-execute_worker.o
 0001:00002510       gpuNewObjectUsingPage      0000000140003510     ..-common-gpu-new_object.o
 0001:00002610       gpuNewObject               0000000140003610     ..-common-gpu-new_object.o
 0001:00002660       gpuPushObject              0000000140003660     ..-common-gpu-push_object.o
 0001:000026a0       gpuPushPipe                00000001400036a0     ..-common-gpu-push_object.o
 0001:000026e0       gpuQueryObject             00000001400036e0     ..-common-gpu-query_object.o
 0001:00002720       gpuQueryPipe               0000000140003720     ..-common-gpu-query_object.o
 0001:00002760       locNewObjectUsingPage      0000000140003760     ..-common-loc-new_object.o
 0001:00002bb0       locNewObject               0000000140003bb0     ..-common-loc-new_object.o
 0001:00002c00       locUpdateLocalPush         0000000140003c00     ..-common-loc-push_object.o
 0001:00002cf0       locQueryLocalObject        0000000140003cf0     ..-common-loc-query_object.o
 0001:00002e50       x64PauseWorker             0000000140003e50     ..-common-x64-await_worker.o
 0001:00002f20       x64CallObject              0000000140003f20     ..-common-x64-call_object.o
 0001:00002fa0       x64StartNewLocalWorker     0000000140003fa0     ..-common-x64-call_object.o
 0001:00003110       x64ExecuteWorker           0000000140004110     ..-common-x64-execute_worker.o
 0001:00003150       x64TryStallWorker          0000000140004150     ..-common-x64-execute_worker.o
 0001:00003400       x64NewObjectUsingPage      0000000140004400     ..-common-x64-new_object.o
 0001:00003860       x64NewObjectStates         0000000140004860     ..-common-x64-new_object.o
 0001:00003900       x64NewObject               0000000140004900     ..-common-x64-new_object.o
 0001:000039f0       x64UpdateLocalPush         00000001400049f0     ..-common-x64-push_object.o
 0001:00003ae0       x64OnPushObject            0000000140004ae0     ..-common-x64-push_object.o
 0001:00003b70       x64PushObjectStates        0000000140004b70     ..-common-x64-push_object.o
 0001:00003c90       x64PushObject              0000000140004c90     ..-common-x64-push_object.o
 0001:00003f10       x64PushPipe                0000000140004f10     ..-common-x64-push_object.o
 0001:00003f40       x64QueryLocalObject        0000000140004f40     ..-common-x64-query_object.o
 0001:000040a0       x64OnQueryObject           00000001400050a0     ..-common-x64-query_object.o
 0001:00004180       x64QueryObjectStates       0000000140005180     ..-common-x64-query_object.o
 0001:000042b0       x64QueryObject             00000001400052b0     ..-common-x64-query_object.o
 0001:000044d0       x64QueryPipe               00000001400054d0     ..-common-x64-query_object.o
 0001:00004500       x64SleepStates             0000000140005500     ..-common-x64-sleep.o
 0001:00004570       x64Sleep                   0000000140005570     ..-common-x64-sleep.o
 0001:00004610       equal_bytes                0000000140005610     ..-common-api.o
 0001:00004710       GetHashtableNoLock         0000000140005710     ..-common-api.o
 0001:000048e0       SetHashtableNoLock         00000001400058e0     ..-common-api.o
 0001:00004be0       GetHashtable               0000000140005be0     ..-common-api.o
 0001:00004c40       SetHashtable               0000000140005c40     ..-common-api.o
 0001:00004c90       i64_get                    0000000140005c90     ..-common-api.o
 0001:00005150       i64GetHashtableNoLock      0000000140006150     ..-common-api.o
 0001:00005190       i64SetHashtableNoLock      0000000140006190     ..-common-api.o
 0001:00005320       i64GetHashtable            0000000140006320     ..-common-api.o
 0001:00005350       i64SetHashtable            0000000140006350     ..-common-api.o
 0001:00005380       InitInternalStructures     0000000140006380     ..-common-api.o
 0001:00005710       castOnQueryObject          0000000140006710     ..-common-cast_provider.o
 0001:000058d0       anyCastStates              00000001400068d0     ..-common-cast_provider.o
 0001:000069e0       anyCastProvider            00000001400079e0     ..-common-cast_provider.o
 0001:00006ba0       init_gpu_subsystem         0000000140007ba0     ..-common-gpu_subsystem.o
 0001:000082f0       gpuBuildFromText           00000001400092f0     ..-common-gpu_subsystem.o
 0001:00008640       gpuAlloc                   0000000140009640     ..-common-gpu_subsystem.o
 0001:00008680       gpuRun                     0000000140009680     ..-common-gpu_subsystem.o
 0001:00008730       gpuFinishQueuesOnPlatform  0000000140009730     ..-common-gpu_subsystem.o
 0001:000087b0       gpuFinishQueue             00000001400097b0     ..-common-gpu_subsystem.o
 0001:000087f0       StartInitialProcess        00000001400097f0     ..-common-hive_entry.o
 0001:00008a60       scheduler_init             0000000140009a60     ..-common-queue.o
 0001:00008b60       scheduler_enqueue_with_affinity 0000000140009b60     ..-common-queue.o
 0001:00008ca0       scheduler_enqueue          0000000140009ca0     ..-common-queue.o
 0001:00008ea0       scheduler_dequeue          0000000140009ea0     ..-common-queue.o
 0001:00009440       b_send                     000000014000a440     ..-common-remote.o
 0001:00009560       b_flush                    000000014000a560     ..-common-remote.o
 0001:000095b0       GetConnectionById          000000014000a5b0     ..-common-remote.o
 0001:00009640       ConfirmPage                000000014000a640     ..-common-remote.o
 0001:000096d0       ConfirmID                  000000014000a6d0     ..-common-remote.o
 0001:00009720       HandleNewConnection        000000014000a720     ..-common-remote.o
 0001:000099b0       UpdateWaitingQuery         000000014000a9b0     ..-common-remote.o
 0001:00009cd0       AnswerQueryObject          000000014000acd0     ..-common-remote.o
 0001:00009dd0       UpdateWaitingPush          000000014000add0     ..-common-remote.o
 0001:0000a040       AnswerPushObject           000000014000b040     ..-common-remote.o
 0001:0000a100       SendPageAllocationConfirm  000000014000b100     ..-common-remote.o
 0001:0000a180       SendIDConfirm              000000014000b180     ..-common-remote.o
 0001:0000a200       RedirectBroadcastQuery     000000014000b200     ..-common-remote.o
 0001:0000a360       RedirectBroadcastIDQuery   000000014000b360     ..-common-remote.o
 0001:0000a4c0       ConfirmConnection          000000014000b4c0     ..-common-remote.o
 0001:0000a710       InitiateConnection         000000014000b710     ..-common-remote.o
 0001:0000ab50       RequestMemoryPage          000000014000bb50     ..-common-remote.o
 0001:0000ac50       RequestServerId            000000014000bc50     ..-common-remote.o
 0001:0000ad40       AnswerRequestObjectPath    000000014000bd40     ..-common-remote.o
 0001:0000ae60       RequestObjectPathBroadcast 000000014000be60     ..-common-remote.o
 0001:0000b060       AnswerRequestPathToID      000000014000c060     ..-common-remote.o
 0001:0000b180       RequestPathToIDBroadcast   000000014000c180     ..-common-remote.o
 0001:0000b380       RequestObjectGet           000000014000c380     ..-common-remote.o
 0001:0000b640       RequestObjectSet           000000014000c640     ..-common-remote.o
 0001:0000b9c0       StartNewWorkerRemote       000000014000c9c0     ..-common-remote.o
 0001:0000bae0       SendHiveState              000000014000cae0     ..-common-remote.o
 0001:0000bc50       start_remote_subsystem     000000014000cc50     ..-common-remote.o
 0001:0000e1c0       RegisterObjectWithId       000000014000f1c0     ..-common-runtime.o
 0001:0000e1f0       GetNewObjectId             000000014000f1f0     ..-common-runtime.o
 0001:0000e2e0       universalPauseWorker       000000014000f2e0     ..-common-runtime.o
 0001:0000e360       universalUpdateLocalPush   000000014000f360     ..-common-runtime.o
 0001:0000e3c0       UpdateFromQueryResult      000000014000f3c0     ..-common-runtime.o
 0001:0000e440       PrintObject                000000014000f440     ..-common-runtime.o
 0001:0000e550       WaitListNode               000000014000f550     ..-common-runtime.o
 0001:0000e600       WaitListWorker             000000014000f600     ..-common-runtime.o
 0001:0000e640       EnqueueWorkerFromWaitList  000000014000f640     ..-common-runtime.o
 0001:0000e780       UpdateWaitingWorkers       000000014000f780     ..-common-runtime.o
 0001:0000eb00       StartNewWorker             000000014000fb00     ..-common-runtime.o
 0001:0000eda0       LoadWorker                 000000014000fda0     ..-common-runtime.o
 0001:0000fea0       entry                      0000000140010ea0     ..-common-runtime.o
 0001:00010880       WaitListUpdateWorker       0000000140011880     ..-common-sheduler.o
 0001:000108c0       SheduleWorker              00000001400118c0     ..-common-sheduler.o
 0001:00010a10       ShedulerInstance           0000000140011a10     ..-common-sheduler.o
 0001:00010ac0       TryStallSheduler           0000000140011ac0     ..-common-sheduler.o
 0001:00010b90       MasterSheduler             0000000140011b90     ..-common-sheduler.o
 0001:000110d0       ShedulerStart              00000001400120d0     ..-common-sheduler.o
 0001:000113ac       x64_fastPushObject         00000001400123ac     asm.o
 0001:00011415       x64_fastQueryObject        0000000140012415     asm.o
 0001:0001147e       x64_fastNewObject          000000014001247e     asm.o
 0001:000114e7       x64_fastCallObject         00000001400124e7     asm.o
 0001:00011550       x64_fastPushPipe           0000000140012550     asm.o
 0001:000115b9       x64_fastQueryPipe          00000001400125b9     asm.o
 0001:00011622       x64_fastSleep              0000000140012622     asm.o
 0001:0001168b       gpu_fastNewObject          000000014001268b     asm.o
 0001:000116f4       gpu_fastCallObject         00000001400126f4     asm.o
 0001:0001175d       loc_fastNewObject          000000014001275d     asm.o
 0001:000117c6       dll_fastCallObject         00000001400127c6     asm.o
 0001:0001182f       any_fastCastProvider       000000014001282f     asm.o
 0001:00011898       x64AsmExecuteWorker        0000000140012898     asm.o
 0001:000118fa       setjmpUN                   00000001400128fa     asm.o
 0001:0001192d       longjmpUN                  000000014001292d     asm.o
 0001:00011956       DllCall                    0000000140012956     asm.o
 0001:000119e0       GdiSetBatchLimit           00000001400129e0     gdi32:GDI32.dll
 0001:000119f0       CommandLineToArgvW         00000001400129f0     shell32:SHELL32.dll
 0001:00011a00       AcquireSRWLockExclusive    0000000140012a00     kernel32:KERNEL32.dll
 0001:00011a10       AcquireSRWLockShared       0000000140012a10     kernel32:KERNEL32.dll
 0001:00011a20       CloseHandle                0000000140012a20     kernel32:KERNEL32.dll
 0001:00011a30       CreateEventW               0000000140012a30     kernel32:KERNEL32.dll
 0001:00011a40       CreateFileW                0000000140012a40     kernel32:KERNEL32.dll
 0001:00011a50       CreateIoCompletionPort     0000000140012a50     kernel32:KERNEL32.dll
 0001:00011a60       CreateThread               0000000140012a60     kernel32:KERNEL32.dll
 0001:00011a70       ExitProcess                0000000140012a70     kernel32:KERNEL32.dll
 0001:00011a80       GetCommandLineW            0000000140012a80     kernel32:KERNEL32.dll
 0001:00011a90       GetConsoleMode             0000000140012a90     kernel32:KERNEL32.dll
 0001:00011aa0       GetFileSizeEx              0000000140012aa0     kernel32:KERNEL32.dll
 0001:00011ab0       GetLastError               0000000140012ab0     kernel32:KERNEL32.dll
 0001:00011ac0       GetProcAddress             0000000140012ac0     kernel32:KERNEL32.dll
 0001:00011ad0       GetProcessHeap             0000000140012ad0     kernel32:KERNEL32.dll
 0001:00011ae0       GetQueuedCompletionStatus  0000000140012ae0     kernel32:KERNEL32.dll
 0001:00011af0       GetStdHandle               0000000140012af0     kernel32:KERNEL32.dll
 0001:00011b00       GetThreadContext           0000000140012b00     kernel32:KERNEL32.dll
 0001:00011b10       HeapAlloc                  0000000140012b10     kernel32:KERNEL32.dll
 0001:00011b20       HeapFree                   0000000140012b20     kernel32:KERNEL32.dll
 0001:00011b30       HeapReAlloc                0000000140012b30     kernel32:KERNEL32.dll
 0001:00011b40       LoadLibraryA               0000000140012b40     kernel32:KERNEL32.dll
 0001:00011b50       MultiByteToWideChar        0000000140012b50     kernel32:KERNEL32.dll
 0001:00011b60       QueryPerformanceCounter    0000000140012b60     kernel32:KERNEL32.dll
 0001:00011b70       QueryPerformanceFrequency  0000000140012b70     kernel32:KERNEL32.dll
 0001:00011b80       ReadConsoleW               0000000140012b80     kernel32:KERNEL32.dll
 0001:00011b90       ReadFile                   0000000140012b90     kernel32:KERNEL32.dll
 0001:00011ba0       ReleaseSRWLockExclusive    0000000140012ba0     kernel32:KERNEL32.dll
 0001:00011bb0       ReleaseSRWLockShared       0000000140012bb0     kernel32:KERNEL32.dll
 0001:00011bc0       ResetEvent                 0000000140012bc0     kernel32:KERNEL32.dll
 0001:00011bd0       ResumeThread               0000000140012bd0     kernel32:KERNEL32.dll
 0001:00011be0       SetEvent                   0000000140012be0     kernel32:KERNEL32.dll
 0001:00011bf0       SetThreadContext           0000000140012bf0     kernel32:KERNEL32.dll
 0001:00011c00       Sleep                      0000000140012c00     kernel32:KERNEL32.dll
 0001:00011c10       SuspendThread              0000000140012c10     kernel32:KERNEL32.dll
 0001:00011c20       TlsAlloc                   0000000140012c20     kernel32:KERNEL32.dll
 0001:00011c30       TlsFree                    0000000140012c30     kernel32:KERNEL32.dll
 0001:00011c40       TlsGetValue                0000000140012c40     kernel32:KERNEL32.dll
 0001:00011c50       TlsSetValue                0000000140012c50     kernel32:KERNEL32.dll
 0001:00011c60       TryAcquireSRWLockExclusive 0000000140012c60     kernel32:KERNEL32.dll
 0001:00011c70       VirtualAlloc               0000000140012c70     kernel32:KERNEL32.dll
 0001:00011c80       WaitForMultipleObjects     0000000140012c80     kernel32:KERNEL32.dll
 0001:00011c90       WaitForSingleObject        0000000140012c90     kernel32:KERNEL32.dll
 0001:00011ca0       WriteConsoleW              0000000140012ca0     kernel32:KERNEL32.dll
 0001:00011cb0       BCryptGenRandom            0000000140012cb0     bcrypt:bcrypt.dll
 0001:00011cc0       WSAGetLastError            0000000140012cc0     ws2_32:WS2_32.dll
 0001:00011cd0       WSARecv                    0000000140012cd0     ws2_32:WS2_32.dll
 0001:00011ce0       WSAStartup                 0000000140012ce0     ws2_32:WS2_32.dll
 0001:00011cf0       accept                     0000000140012cf0     ws2_32:WS2_32.dll
 0001:00011d00       bind                       0000000140012d00     ws2_32:WS2_32.dll
 0001:00011d10       closesocket                0000000140012d10     ws2_32:WS2_32.dll
 0001:00011d20       connect                    0000000140012d20     ws2_32:WS2_32.dll
 0001:00011d30       freeaddrinfo               0000000140012d30     ws2_32:WS2_32.dll
 0001:00011d40       getaddrinfo                0000000140012d40     ws2_32:WS2_32.dll
 0001:00011d50       getsockname                0000000140012d50     ws2_32:WS2_32.dll
 0001:00011d60       htons                      0000000140012d60     ws2_32:WS2_32.dll
 0001:00011d70       listen                     0000000140012d70     ws2_32:WS2_32.dll
 0001:00011d80       ntohs                      0000000140012d80     ws2_32:WS2_32.dll
 0001:00011d90       send                       0000000140012d90     ws2_32:WS2_32.dll
 0001:00011da0       setsockopt                 0000000140012da0     ws2_32:WS2_32.dll
 0001:00011db0       socket                     0000000140012db0     ws2_32:WS2_32.dll
 0001:00011dc0       clBuildProgram             0000000140012dc0     OpenCL:OpenCL.dll
 0001:00011dd0       clCreateBuffer             0000000140012dd0     OpenCL:OpenCL.dll
 0001:00011de0       clCreateCommandQueueWithProperties 0000000140012de0     OpenCL:OpenCL.dll
 0001:00011df0       clCreateContext            0000000140012df0     OpenCL:OpenCL.dll
 0001:00011e00       clCreateKernel             0000000140012e00     OpenCL:OpenCL.dll
 0001:00011e10       clCreateProgramWithSource  0000000140012e10     OpenCL:OpenCL.dll
 0001:00011e20       clEnqueueNDRangeKernel     0000000140012e20     OpenCL:OpenCL.dll
 0001:00011e30       clEnqueueReadBuffer        0000000140012e30     OpenCL:OpenCL.dll
 0001:00011e40       clEnqueueWriteBuffer       0000000140012e40     OpenCL:OpenCL.dll
 0001:00011e50       clFinish                   0000000140012e50     OpenCL:OpenCL.dll
 0001:00011e60       clGetDeviceIDs             0000000140012e60     OpenCL:OpenCL.dll
 0001:00011e70       clGetDeviceInfo            0000000140012e70     OpenCL:OpenCL.dll
 0001:00011e80       clGetKernelArgInfo         0000000140012e80     OpenCL:OpenCL.dll
 0001:00011e90       clGetPlatformIDs           0000000140012e90     OpenCL:OpenCL.dll
 0001:00011ea0       clGetPlatformInfo          0000000140012ea0     OpenCL:OpenCL.dll
 0001:00011eb0       clGetProgramBuildInfo      0000000140012eb0     OpenCL:OpenCL.dll
 0001:00011ec0       clSetKernelArg             0000000140012ec0     OpenCL:OpenCL.dll
 0002:00000014       ??_C@_1FE@MNCEKKEL@?$AAE?$AAr?$AAr?$AAo?$AAr?$AA?3?$AA?5?$AAU?$AAN?$AAK?$AAN?$AAO?$AAW?$AAN?$AA?5?$AAp?$AAr?$AAo?$AAv?$AAi?$AAd?$AAe?$AAr?$AA?5?$AA?$CF?$AAl?$AAl?$AAd?$AA?5?$AAi?$AAn?$AA?5@ 0000000140013014     .-dll-execute_worker.o
 0002:00000068       ??_C@_1HO@GIMLMCLD@?$AAr?$AAe?$AAt?$AAu?$AAr?$AAn?$AAe?$AAd?$AA?5?$AA?$CL?$AA?5?$AAE?$AAr?$AAr?$AAo?$AAr?$AA?$DN?$AA?$CF?$AAl?$AAl?$AAd?$AA?5?$AA?$FL?$AAb?$AAe?$AAf?$AAo?$AAr?$AAe?$AA?5?$AAc?$AAa@ 0000000140013068     .-dll-execute_worker.o
 0002:000000e6       ??_C@_1GM@IPHLEIPK@?$AAE?$AAr?$AAr?$AAo?$AAr?$AA?3?$AA?5?$AAf?$AAa?$AAi?$AAl?$AAe?$AAd?$AA?5?$AAt?$AAo?$AA?5?$AAa?$AAl?$AAl?$AAo?$AAc?$AAa?$AAt?$AAe?$AA?5?$AA?$CF?$AAl?$AAl?$AAd?$AA?5?$AAb@ 00000001400130e6     .-runtime_lib.o
 0002:00000152       ??_C@_1HA@KLDBOMN@?$AAE?$AAr?$AAr?$AAo?$AAr?$AA?3?$AA?5?$AAf?$AAa?$AAi?$AAl?$AAe?$AAd?$AA?5?$AAt?$AAo?$AA?5?$AAr?$AAe?$AAa?$AAl?$AAl?$AAo?$AAc?$AAa?$AAt?$AAe?$AA?5?$AA?$CF?$AAl?$AAl?$AAd@ 0000000140013152     .-runtime_lib.o
 0002:000001c2       ??_C@_1EI@DJFGOBAG@?$AAE?$AAr?$AAr?$AAo?$AAr?$AA?3?$AA?5?$AAf?$AAa?$AAi?$AAl?$AAe?$AAd?$AA?5?$AAt?$AAo?$AA?5?$AAf?$AAr?$AAe?$AAe?$AA?5?$AAm?$AAe?$AAm?$AAo?$AAr?$AAy?$AA?3?$AA?5?$AA?$CF?$AAl@ 00000001400131c2     .-runtime_lib.o
 0002:0000020a       ??_C@_1CM@EJGKJCED@?$AAA?$AAs?$AAs?$AAe?$AAr?$AAt?$AAi?$AAo?$AAn?$AA?5?$AAf?$AAa?$AAi?$AAl?$AAe?$AAd?$AA?3?$AA?5?$AA?$CF?$AAs?$AA?6?$AA?$AA@ 000000014001320a     .-runtime_lib.o
 0002:00000236       ??_C@_1EI@GJCCEHA@?$AAF?$AAi?$AAl?$AAe?$AA?3?$AA?5?$AA?$CF?$AAs?$AA?0?$AA?5?$AAL?$AAi?$AAn?$AAe?$AA?3?$AA?5?$AA?$CF?$AAl?$AAl?$AAd?$AA?0?$AA?5?$AAF?$AAu?$AAn?$AAc?$AAt?$AAi?$AAo?$AAn?$AA?3?$AA?5@ 0000000140013236     .-runtime_lib.o
 0002:0000027e       ??_C@_1DO@MBJBKNM@?$AAE?$AAr?$AAr?$AAo?$AAr?$AA?3?$AA?5?$AAa?$AAt?$AA?5?$AAc?$AAl?$AAS?$AAe?$AAt?$AAK?$AAe?$AAr?$AAn?$AAe?$AAl?$AAA?$AAr?$AAg?$AA?5?$AA?$CF?$AAl?$AAl?$AAd?$AA?6?$AA?$AA@ 000000014001327e     ..-common-gpu-execute_worker.o
 0002:000002bc       ??_C@_1EO@KIFHHFHO@?$AAE?$AAr?$AAr?$AAo?$AAr?$AA?3?$AA?5?$AAa?$AAt?$AA?5?$AAc?$AAl?$AAE?$AAn?$AAq?$AAu?$AAe?$AAu?$AAe?$AAN?$AAD?$AAR?$AAa?$AAn?$AAg?$AAe?$AAK?$AAe?$AAr?$AAn?$AAe?$AAl@ 00000001400132bc     ..-common-gpu-execute_worker.o
 0002:0000030a       ??_C@_1DO@PIAGAENK@?$AAE?$AAR?$AAR?$AAO?$AAR?$AA?3?$AA?5?$AAg?$AAp?$AAu?$AAA?$AAl?$AAl?$AAo?$AAc?$AA?5?$AAf?$AAa?$AAi?$AAl?$AAe?$AAd?$AA?5?$AA?$FL?$AA?$CF?$AAl?$AAl?$AAd?$AA?$FN?$AA?6?$AA?$AA@ 000000014001330a     ..-common-gpu-new_object.o
 0002:00000348       ??_C@_1BG@LMPFNDF@?$AAr?$AAe?$AAs?$AAu?$AAl?$AAt?$AA?5?$AA?$CF?$AAp?$AA?6?$AA?$AA@ 0000000140013348     ..-common-gpu-new_object.o
 0002:0000035e       ??_C@_1FM@LBBNKNII@?$AAE?$AAR?$AAR?$AAO?$AAR?$AA?3?$AA?5?$AAP?$AAi?$AAp?$AAe?$AAs?$AA?5?$AAa?$AAr?$AAe?$AA?5?$AAu?$AAn?$AAs?$AAu?$AAp?$AAp?$AAo?$AAr?$AAt?$AAe?$AAd?$AA?5?$AAo?$AAn?$AA?5@ 000000014001335e     ..-common-gpu-new_object.o
 0002:000003ba       ??_C@_1GM@BNFAKJM@?$AAE?$AAR?$AAR?$AAO?$AAR?$AA?3?$AA?5?$AAP?$AAi?$AAp?$AAe?$AAs?$AA?5?$AAa?$AAr?$AAe?$AA?5?$AAu?$AAn?$AAs?$AAu?$AAp?$AAp?$AAo?$AAr?$AAt?$AAe?$AAd?$AA?5?$AAo?$AAn?$AA?5@ 00000001400133ba     ..-common-gpu-new_object.o
 0002:00000426       ??_C@_1EG@FBJBJMFK@?$AAN?$AAO?$AAT?$AA?5?$AAS?$AAU?$AAP?$AAP?$AAO?$AAR?$AAT?$AAE?$AAD?$AA?3?$AA?5?$AAp?$AAu?$AAs?$AAh?$AA?5?$AAi?$AAn?$AA?5?$AAg?$AAp?$AAu?$AA?5?$AAo?$AAb?$AAj?$AAe?$AAc@ 0000000140013426     ..-common-gpu-push_object.o
 0002:0000046c       ??_C@_1FE@GJLEMBH@?$AAN?$AAO?$AAT?$AA?5?$AAS?$AAU?$AAP?$AAP?$AAO?$AAR?$AAT?$AAE?$AAD?$AA?3?$AA?5?$AAp?$AAu?$AAs?$AAh?$AA?5?$AAi?$AAn?$AA?5?$AAg?$AAp?$AAu?$AA?5?$AAo?$AAb?$AAj?$AAe?$AAc@ 000000014001346c     ..-common-gpu-push_object.o
 0002:000004c0       ??_C@_1EI@EPHKLIAN@?$AAN?$AAO?$AAT?$AA?5?$AAS?$AAU?$AAP?$AAP?$AAO?$AAR?$AAT?$AAE?$AAD?$AA?3?$AA?5?$AAq?$AAu?$AAe?$AAr?$AAy?$AA?5?$AAi?$AAn?$AA?5?$AAg?$AAp?$AAu?$AA?5?$AAo?$AAb?$AAj?$AAe@ 00000001400134c0     ..-common-gpu-query_object.o
 0002:00000508       ??_C@_1FG@PCBNEEAC@?$AAN?$AAO?$AAT?$AA?5?$AAS?$AAU?$AAP?$AAP?$AAO?$AAR?$AAT?$AAE?$AAD?$AA?3?$AA?5?$AAq?$AAu?$AAe?$AAr?$AAy?$AA?5?$AAi?$AAn?$AA?5?$AAg?$AAp?$AAu?$AA?5?$AAo?$AAb?$AAj?$AAe@ 0000000140013508     ..-common-gpu-query_object.o
 0002:000005f0       ??_C@_1FE@BCAGMINK@?$AAE?$AAr?$AAr?$AAo?$AAr?$AA?3?$AA?5?$AAn?$AAo?$AA?5?$AAk?$AAn?$AAo?$AAw?$AAn?$AA?5?$AAs?$AAi?$AAz?$AAe?$AA?5?$AAf?$AAo?$AAr?$AA?5?$AAn?$AAo?$AAt?$AA?5?$AAa?$AAr?$AAr@ 00000001400135f0     ..-common-cast_provider.o
 0002:00000644       ??_C@_1FK@KDAFABDO@?$AAE?$AAr?$AAr?$AAo?$AAr?$AA?3?$AA?5?$AAl?$AAo?$AAc?$AAa?$AAl?$AA?5?$AAo?$AAb?$AAj?$AAe?$AAc?$AAt?$AA?5?$AAw?$AAa?$AAs?$AA?5?$AAr?$AAe?$AAm?$AAo?$AAv?$AAe?$AAd?$AA?5@ 0000000140013644     ..-common-cast_provider.o
 0002:0000069e       ??_C@_1FO@HMOHPFHI@?$AAE?$AAr?$AAr?$AAo?$AAr?$AA?5?$AAh?$AAa?$AAp?$AAp?$AAe?$AAn?$AA?5?$AAw?$AAh?$AAi?$AAl?$AAe?$AA?5?$AAc?$AAl?$AAE?$AAn?$AAq?$AAu?$AAe?$AAu?$AAe?$AAR?$AAe?$AAa?$AAd@ 000000014001369e     ..-common-cast_provider.o
 0002:000006fc       ??_C@_1GA@EEKPNAGK@?$AAE?$AAr?$AAr?$AAo?$AAr?$AA?5?$AAh?$AAa?$AAp?$AAp?$AAe?$AAn?$AA?5?$AAw?$AAh?$AAi?$AAl?$AAe?$AA?5?$AAc?$AAl?$AAE?$AAn?$AAq?$AAu?$AAe?$AAu?$AAe?$AAW?$AAr?$AAi?$AAt@ 00000001400136fc     ..-common-cast_provider.o
 0002:0000075c       ??_C@_1IA@HIJJNPCH@?$AAE?$AAR?$AAR?$AAO?$AAR?$AA?3?$AA?5?$AAn?$AAo?$AAt?$AA?5?$AAs?$AAu?$AAp?$AAp?$AAo?$AAr?$AAt?$AAe?$AAd?$AA?5?$AAc?$AAo?$AAn?$AAv?$AAe?$AAr?$AAs?$AAi?$AAo?$AAn?$AA?5@ 000000014001375c     ..-common-cast_provider.o
 0002:000007dc       ??_C@_1EC@CFAEGHOO@?$AAE?$AAr?$AAr?$AAo?$AAr?$AA?5?$AAa?$AAt?$AA?5?$AAc?$AAl?$AAC?$AAr?$AAe?$AAa?$AAt?$AAe?$AAC?$AAo?$AAn?$AAt?$AAe?$AAx?$AAt?$AA?5?$AA?$FL?$AA?$CF?$AAl?$AAl?$AAd?$AA?$FN?$AA?6@ 00000001400137dc     ..-common-gpu_subsystem.o
 0002:0000081e       ??_C@_1GI@JODPKPLM@?$AAE?$AAr?$AAr?$AAo?$AAr?$AA?5?$AAa?$AAt?$AA?5?$AAc?$AAl?$AAC?$AAr?$AAe?$AAa?$AAt?$AAe?$AAC?$AAo?$AAm?$AAm?$AAa?$AAn?$AAd?$AAQ?$AAu?$AAe?$AAu?$AAe?$AAW?$AAi?$AAt@ 000000014001381e     ..-common-gpu_subsystem.o
 0002:00000886       ??_C@_0FA@OKGFDHAO@?9cl?9single?9precision?9constant?5?9c@ 0000000140013886     ..-common-gpu_subsystem.o
 0002:000008d6       ??_C@_1DE@FJCPKFIJ@?$AAB?$AAu?$AAi?$AAl?$AAd?$AAP?$AAr?$AAo?$AAg?$AAr?$AAa?$AAm?$AA?5?$AAE?$AAr?$AAr?$AAo?$AAr?$AA?3?$AA?5?$AA?$CF?$AAl?$AAl?$AAd?$AA?6?$AA?$AA@ 00000001400138d6     ..-common-gpu_subsystem.o
 0002:0000090a       ??_C@_19PDAGFAKM@?$AA?4?$AA?4?$AA?4?$AA?6?$AA?$AA@ 000000014001390a     ..-common-gpu_subsystem.o
 0002:00000914       ??_C@_1CO@HIIDKPPP@?$AAB?$AAu?$AAi?$AAl?$AAd?$AAI?$AAn?$AAf?$AAo?$AA?5?$AAE?$AAr?$AAr?$AAo?$AAr?$AA?3?$AA?5?$AA?$CF?$AAl?$AAl?$AAd?$AA?6?$AA?$AA@ 0000000140013914     ..-common-gpu_subsystem.o
 0002:00000942       ??_C@_1DA@GJKLKGNM@?$AAB?$AAu?$AAi?$AAl?$AAd?$AAI?$AAn?$AAf?$AAo?$AA2?$AA?5?$AAE?$AAr?$AAr?$AAo?$AAr?$AA?3?$AA?5?$AA?$CF?$AAl?$AAl?$AAd?$AA?6?$AA?$AA@ 0000000140013942     ..-common-gpu_subsystem.o
 0002:00000972       ??_C@_1DA@CBNNMJJB@?$AAE?$AAr?$AAr?$AAo?$AAr?$AA?5?$AAI?$AAn?$AAf?$AAo?$AA?3?$AA?5?$AAc?$AAo?$AAd?$AAe?$AA?$DN?$AA?$CF?$AAl?$AAl?$AAd?$AA?3?$AA?6?$AA?$AA@ 0000000140013972     ..-common-gpu_subsystem.o
 0002:000009a2       ??_C@_1CA@CAEDKLHA@?$AA?$CF?$AA0?$AA2?$AAx?$AA?5?$AA?$CF?$AA0?$AA2?$AAx?$AA?5?$AA?$CF?$AA0?$AA2?$AAx?$AA?6?$AA?$AA@ 00000001400139a2     ..-common-gpu_subsystem.o
 0002:000009c2       ??_C@_17MJEANDKP@?$AA?$CF?$AAs?$AA?6?$AA?$AA@ 00000001400139c2     ..-common-gpu_subsystem.o
 0002:000009ca       ??_C@_1CO@DCKAPNAK@?$AAw?$AAa?$AAi?$AAt?$AAi?$AAn?$AAg?$AA?5?$AAs?$AAt?$AAa?$AAr?$AAt?$AAu?$AAp?$AA?5?$AAp?$AAa?$AAg?$AAe?$AAs?$AA?6?$AA?$AA@ 00000001400139ca     ..-common-hive_entry.o
 0002:000009f8       ??_C@_1EI@OLFKDNEP@?$AAE?$AAr?$AAr?$AAo?$AAr?$AA?3?$AA?5?$AAa?$AAl?$AAl?$AAo?$AAc?$AAa?$AAt?$AAe?$AAd?$AA?5?$AAa?$AAr?$AAr?$AAa?$AAy?$AA?5?$AAi?$AAs?$AAn?$AA?8?$AAt?$AA?5?$AAl?$AAo?$AAc@ 00000001400139f8     ..-common-hive_entry.o
 0002:00000ac0       ??_C@_1DE@OFJFJIIH@?$AAS?$AAe?$AAr?$AAv?$AAe?$AAr?$AA?5?$AAi?$AAd?$AA?$DN?$AA?$CF?$AAl?$AAl?$AAd?$AA?5?$AAc?$AAo?$AAn?$AAf?$AAi?$AAr?$AAm?$AAe?$AAd?$AA?6?$AA?$AA@ 0000000140013ac0     ..-common-remote.o
 0002:00000af4       ??_C@_1CG@DJLPCGPG@?$AAC?$AAl?$AAi?$AAe?$AAn?$AAt?$AA?5?$AAc?$AAo?$AAn?$AAn?$AAe?$AAc?$AAt?$AAe?$AAd?$AA?$CB?$AA?6?$AA?$AA@ 0000000140013af4     ..-common-remote.o
 0002:00000b1a       ??_C@_1FK@FPKJOMKP@?$AAE?$AAr?$AAr?$AAo?$AAr?$AA?3?$AA?5?$AAC?$AAo?$AAu?$AAl?$AAd?$AA?5?$AAn?$AAo?$AAt?$AA?5?$AAc?$AAo?$AAn?$AAn?$AAe?$AAc?$AAt?$AA?5?$AAt?$AAo?$AA?5?$AA?$CF?$AAs?$AA?5?$AA?$FL@ 0000000140013b1a     ..-common-remote.o
 0002:00000b74       ??_C@_1LE@PPGJDLMH@?$AA?$FL?$AAp?$AA?5?$AA?$DM?$AAp?$AAo?$AAr?$AAt?$AA?$DO?$AA?$FN?$AA?5?$AAt?$AAo?$AA?5?$AAs?$AAe?$AAl?$AAe?$AAc?$AAt?$AA?5?$AAp?$AAo?$AAr?$AAt?$AA?5?$AA?$FL?$AAc?$AA?5?$AA?$DM?$AAi?$AAp@ 0000000140013b74     ..-common-remote.o
 0002:00000c28       ??_C@_1BO@BCIJKPCC@?$AAE?$AAn?$AAt?$AAe?$AAr?$AA?5?$AAc?$AAo?$AAm?$AAm?$AAa?$AAn?$AAd?$AA?$DO?$AA?$AA@ 0000000140013c28     ..-common-remote.o
 0002:00000c46       ??_C@_1CK@IMAGNILG@?$AAC?$AAo?$AAn?$AAf?$AAi?$AAr?$AAm?$AAe?$AAd?$AA?5?$AAp?$AAo?$AAr?$AAt?$AA?$DN?$AA?$CF?$AAl?$AAl?$AAd?$AA?6?$AA?$AA@ 0000000140013c46     ..-common-remote.o
 0002:00000c70       ??_C@_1DG@NNMMEGKD@?$AAS?$AAe?$AAl?$AAe?$AAc?$AAt?$AAe?$AAd?$AA?5?$AAc?$AAo?$AAn?$AAn?$AAe?$AAc?$AAt?$AA?5?$AAc?$AAo?$AAm?$AAm?$AAa?$AAn?$AAd?$AA?4?$AA?6?$AA?$AA@ 0000000140013c70     ..-common-remote.o
 0002:00000ca6       ??_C@_1CI@KPENLAE@?$AAE?$AAn?$AAt?$AAe?$AAr?$AA?5?$AAI?$AAP?$AA?5?$AAa?$AAn?$AAd?$AA?5?$AAP?$AAO?$AAR?$AAT?$AA?4?$AA?6?$AA?$AA@ 0000000140013ca6     ..-common-remote.o
 0002:00000cce       ??_C@_1EG@CAHECGOL@?$AAT?$AAr?$AAy?$AAi?$AAn?$AAg?$AA?5?$AAt?$AAo?$AA?5?$AAc?$AAo?$AAn?$AAn?$AAe?$AAc?$AAt?$AA?5?$AAt?$AAo?$AA?5?$AA?$FL?$AA?$CF?$AAs?$AA?$FN?$AA?5?$AA?$FL?$AA?$CF?$AAs?$AA?$FN?$AA?4?$AA?4@ 0000000140013cce     ..-common-remote.o
 0002:00000d14       ??_C@_1DG@GLOHHOJG@?$AAT?$AAe?$AAm?$AAp?$AAo?$AAr?$AAa?$AAr?$AAy?$AA?5?$AAl?$AAo?$AAc?$AAa?$AAl?$AA_?$AAi?$AAd?$AA?5?$AA?$DN?$AA?5?$AA?$CF?$AAl?$AAl?$AAd?$AA?6?$AA?$AA@ 0000000140013d14     ..-common-remote.o
 0002:00000d4a       ??_C@_1DC@MOJEJJIM@?$AAC?$AAo?$AAn?$AAf?$AAi?$AAg?$AAu?$AAr?$AAa?$AAt?$AAi?$AAo?$AAn?$AA?5?$AAc?$AAo?$AAn?$AAf?$AAi?$AAr?$AAm?$AAe?$AAd?$AA?6?$AA?$AA@ 0000000140013d4a     ..-common-remote.o
 0002:00000d7c       ??_C@_1DM@PKIKMHMJ@?$AA?$FL?$AAN?$AAE?$AAT?$AAW?$AAO?$AAR?$AAK?$AA?$FN?$AA?3?$AA?5?$AAP?$AAe?$AAe?$AAr?$AA?5?$AAd?$AAi?$AAs?$AAc?$AAo?$AAn?$AAn?$AAe?$AAc?$AAt?$AAe?$AAd?$AA?6?$AA?$AA@ 0000000140013d7c     ..-common-remote.o
 0002:00000db8       ??_C@_1FE@JBHEOMDM@?$AAc?$AAo?$AAn?$AAn?$AAe?$AAc?$AAt?$AAi?$AAo?$AAn?$AA?5?$AAw?$AAa?$AAs?$AA?5?$AAc?$AAl?$AAo?$AAs?$AAe?$AAd?$AA?4?$AA?5?$AA?$FL?$AAl?$AAo?$AAc?$AAa?$AAl?$AA_?$AAi?$AAd@ 0000000140013db8     ..-common-remote.o
 0002:00000e0c       ??_C@_1LA@ICLCBFDH@?$AAE?$AAr?$AAr?$AAo?$AAr?$AA?3?$AA?5?$AAA?$AAP?$AAI?$AA_?$AAA?$AAN?$AAS?$AAW?$AAE?$AAR?$AA_?$AAR?$AAE?$AAQ?$AAU?$AAE?$AAS?$AAT?$AA_?$AAC?$AAO?$AAN?$AAN?$AAE?$AAC@ 0000000140013e0c     ..-common-remote.o
 0002:00000ebc       ??_C@_1DK@EHAPFJND@?$AAs?$AAe?$AAr?$AAv?$AAe?$AAr?$AA?5?$AAs?$AAt?$AAa?$AAr?$AAt?$AAe?$AAd?$AA?5?$AAo?$AAn?$AA?5?$AAp?$AAo?$AAr?$AAt?$AA?5?$AA?$CF?$AAl?$AAl?$AAd?$AA?6?$AA?$AA@ 0000000140013ebc     ..-common-remote.o
 0002:00000ef6       ??_C@_1CM@OOKLEHNG@?$AAg?$AAe?$AAt?$AA?5?$AAn?$AAa?$AAm?$AAe?$AA?5?$AAf?$AAa?$AAi?$AAl?$AAe?$AAd?$AA?5?$AA?$CF?$AAl?$AAl?$AAd?$AA?6?$AA?$AA@ 0000000140013ef6     ..-common-remote.o
 0002:00000f22       ??_C@_1CG@NGNGJBNB@?$AAE?$AAr?$AAr?$AAo?$AAr?$AA?5?$AAh?$AAa?$AAp?$AAp?$AAe?$AAn?$AA?5?$AA?$CF?$AAl?$AAl?$AAd?$AA?6?$AA?$AA@ 0000000140013f22     ..-common-remote.o
 0002:0000117c       ??_C@_1GG@FCHEHEMI@?$AAE?$AAr?$AAr?$AAo?$AAr?$AA?3?$AA?5?$AAt?$AAh?$AAi?$AAs?$AA?5?$AAw?$AAo?$AAr?$AAk?$AAe?$AAr?$AA?5?$AAd?$AAo?$AAe?$AAn?$AA?8?$AAt?$AA?5?$AAs?$AAu?$AAp?$AAp?$AAo?$AAr@ 000000014001417c     ..-common-runtime.o
 0002:000011e2       ??_C@_1IE@FHIKABLD@?$AAE?$AAr?$AAr?$AAo?$AAr?$AA?3?$AA?5?$AAc?$AAa?$AAn?$AA?8?$AAt?$AA?5?$AAr?$AAu?$AAn?$AA?5?$AAr?$AAe?$AAm?$AAo?$AAt?$AAe?$AA?5?$AAw?$AAo?$AAr?$AAk?$AAe?$AAr?$AA?5?$AA?$CF@ 00000001400141e2     ..-common-runtime.o
 0002:00001266       ??_C@_1HE@GOIHIEDE@?$AAE?$AAr?$AAr?$AAo?$AAr?$AA?3?$AA?5?$AAp?$AAr?$AAo?$AAv?$AAi?$AAd?$AAe?$AAr?$AA?5?$AA?$CF?$AAl?$AAl?$AAd?$AA?5?$AAd?$AAo?$AAe?$AAs?$AAn?$AA?8?$AAt?$AA?5?$AAs?$AAu?$AAp@ 0000000140014266     ..-common-runtime.o
 0002:000012da       ??_C@_1JE@CPFCJBNI@?$AAE?$AAR?$AAR?$AAO?$AAR?$AA?3?$AA?5?$AAR?$AAu?$AAn?$AAt?$AAi?$AAm?$AAe?$AA?5?$AAe?$AAn?$AAd?$AAp?$AAo?$AAi?$AAn?$AAt?$AA?5?$AA?$CF?$AAl?$AAl?$AAd?$AA?5?$AAd?$AAo?$AAe@ 00000001400142da     ..-common-runtime.o
 0002:0000136e       ??_C@_1GO@BJLCMKCN@?$AAE?$AAr?$AAr?$AAo?$AAr?$AA?3?$AA?5?$AAc?$AAa?$AAn?$AA?8?$AAt?$AA?5?$AAl?$AAo?$AAa?$AAd?$AA?5?$AAd?$AAl?$AAl?$AA?5?$AAf?$AAu?$AAn?$AAc?$AAt?$AAi?$AAo?$AAn?$AA?5?$AA?$DM@ 000000014001436e     ..-common-runtime.o
 0002:000013dc       ??_C@_1HI@GNCDLKLI@?$AAE?$AAr?$AAr?$AAo?$AAr?$AA?3?$AA?5?$AAr?$AAu?$AAn?$AAt?$AAi?$AAm?$AAe?$AA?5?$AAd?$AAo?$AAe?$AAs?$AAn?$AA?8?$AAt?$AA?5?$AAs?$AAu?$AAp?$AAp?$AAo?$AAr?$AAt?$AA?5?$AAs@ 00000001400143dc     ..-common-runtime.o
 0002:00001454       ??_C@_1CI@PHCDEMOE@?$AAb?$AAu?$AAi?$AAl?$AAd?$AAi?$AAn?$AAg?$AA?5?$AAk?$AAe?$AAr?$AAn?$AAe?$AAl?$AA?4?$AA?4?$AA?4?$AA?6?$AA?$AA@ 0000000140014454     ..-common-runtime.o
 0002:0000147c       ??_C@_04JNAIOECI@krnl?$AA@ 000000014001447c     ..-common-runtime.o
 0002:00001482       ??_C@_1DI@MMAOAOLJ@?$AAE?$AAr?$AAr?$AAo?$AAr?$AA?3?$AA?5?$AAk?$AAe?$AAr?$AAn?$AAe?$AAl?$AA?5?$AAb?$AAu?$AAi?$AAl?$AAd?$AA?5?$AAf?$AAa?$AAi?$AAl?$AAe?$AAd?$AA?6?$AA?$AA@ 0000000140014482     ..-common-runtime.o
 0002:000014ba       ??_C@_1EK@KKIKLCHH@?$AAG?$AAp?$AAu?$AA?5?$AAs?$AAu?$AAs?$AAs?$AAy?$AAs?$AAt?$AAe?$AAm?$AA?5?$AAi?$AAn?$AAi?$AAt?$AAi?$AAa?$AAl?$AAi?$AAz?$AAa?$AAt?$AAi?$AAo?$AAn?$AA?5?$AAf?$AAa?$AAi@ 00000001400144ba     ..-common-runtime.o
 0002:00001504       ??_C@_1CC@DEIAIPBB@?$AA?4?$AA?4?$AA?1?$AA?4?$AA?4?$AA?1?$AA?4?$AA?4?$AA?1?$AAr?$AAe?$AAs?$AA?4?$AAb?$AAi?$AAn?$AA?$AA@ 0000000140014504     ..-common-runtime.o
 0002:00001526       ??_C@_1FC@OGJDIOEJ@?$AAE?$AAr?$AAr?$AAo?$AAr?$AA?3?$AA?5?$AAc?$AAa?$AAn?$AA?8?$AAt?$AA?5?$AAo?$AAp?$AAe?$AAn?$AA?5?$AA?4?$AA?4?$AA?1?$AA?4?$AA?4?$AA?1?$AA?4?$AA?4?$AA?1?$AAr?$AAe?$AAs?$AA?4?$AAb@ 0000000140014526     ..-common-runtime.o
 0002:00001578       ??_C@_1EG@BBCENLFA@?$AAT?$AAh?$AAi?$AAs?$AA?5?$AAh?$AAi?$AAv?$AAe?$AA?5?$AAw?$AAi?$AAl?$AAl?$AA?5?$AAn?$AAo?$AAt?$AA?5?$AAr?$AAe?$AAa?$AAd?$AA?5?$AAa?$AAn?$AAy?$AA?5?$AAs?$AAt?$AAd?$AAi@ 0000000140014578     ..-common-runtime.o
 0002:000015be       ??_C@_1EG@OCFMCBJL@?$AAT?$AAh?$AAi?$AAs?$AA?5?$AAh?$AAi?$AAv?$AAe?$AA?5?$AAw?$AAi?$AAl?$AAl?$AA?5?$AAn?$AAo?$AAt?$AA?5?$AAs?$AAt?$AAo?$AAp?$AA?5?$AAe?$AAx?$AAe?$AAc?$AAu?$AAt?$AAi?$AAo@ 00000001400145be     ..-common-runtime.o
 0002:00001604       ??_C@_1DG@MIGAGMEC@?$AAI?$AAn?$AAp?$AAu?$AAt?$AA?5?$AAw?$AAi?$AAl?$AAl?$AA?5?$AAb?$AAe?$AA?5?$AAl?$AAo?$AAc?$AAa?$AAl?$AA?5?$AAa?$AAr?$AAr?$AAa?$AAy?$AA?6?$AA?$AA@ 0000000140014604     ..-common-runtime.o
 0002:0000163a       ??_C@_1EO@OELCJDNB@?$AAW?$AAi?$AAl?$AAl?$AA?5?$AAn?$AAo?$AAt?$AA?5?$AAp?$AAr?$AAi?$AAn?$AAt?$AA?5?$AAt?$AAa?$AAb?$AAl?$AAe?$AA?5?$AAw?$AAi?$AAt?$AAh?$AA?5?$AAi?$AAn?$AAf?$AAo?$AAr?$AAm@ 000000014001463a     ..-common-runtime.o
 0002:00001688       ??_C@_1DA@LKDLAMFA@?$AAS?$AAe?$AAt?$AA?5?$AAn?$AAu?$AAm?$AA?5?$AAt?$AAh?$AAr?$AAe?$AAa?$AAd?$AAs?$AA?5?$AA?$DN?$AA?5?$AA?$CF?$AAl?$AAl?$AAd?$AA?6?$AA?$AA@ 0000000140014688     ..-common-runtime.o
 0002:000016b8       ??_C@_1II@FCFHMELI@?$AAE?$AAr?$AAr?$AAo?$AAr?$AA?3?$AA?5?$AAt?$AAh?$AAi?$AAs?$AA?5?$AAb?$AAu?$AAi?$AAl?$AAd?$AA?5?$AAd?$AAo?$AAe?$AAs?$AAn?$AA?8?$AAt?$AA?5?$AAa?$AAl?$AAl?$AAo?$AAw?$AA?5@ 00000001400146b8     ..-common-runtime.o
 0002:00001740       ??_C@_1DE@PNGABHJK@?$AAS?$AAe?$AAt?$AA?5?$AAh?$AAi?$AAv?$AAe?$AA?5?$AAa?$AAs?$AA?5?$AAp?$AAr?$AAo?$AAt?$AAe?$AAc?$AAt?$AAo?$AAr?$AAa?$AAt?$AAe?$AA?6?$AA?$AA@ 0000000140014740     ..-common-runtime.o
 0002:00001774       ??_C@_1DG@MLIAHCGJ@?$AAS?$AAe?$AAt?$AA?5?$AAc?$AAh?$AAu?$AAn?$AAk?$AA?5?$AAt?$AAi?$AAm?$AAe?$AA?5?$AAt?$AAo?$AA?5?$AA?$CF?$AAl?$AAl?$AAd?$AA?5?$AAu?$AAs?$AA?6?$AA?$AA@ 0000000140014774     ..-common-runtime.o
 0002:000017aa       ??_C@_1EC@FNPNOOPH@?$AAU?$AAn?$AAk?$AAn?$AAo?$AAw?$AAn?$AA?5?$AAc?$AAm?$AAd?$AAl?$AAi?$AAn?$AAe?$AA?5?$AAp?$AAa?$AAr?$AAa?$AAm?$AAe?$AAt?$AAe?$AAr?$AA?3?$AA?5?$AA?$CF?$AAl?$AAl?$AAd?$AA?6@ 00000001400147aa     ..-common-runtime.o
 0002:000017ec       ??_C@_1CE@CFOOJILH@?$AAN?$AAU?$AAM?$AA_?$AAT?$AAH?$AAR?$AAE?$AAA?$AAD?$AAS?$AA?$DN?$AA?$CF?$AAl?$AAl?$AAd?$AA?6?$AA?$AA@ 00000001400147ec     ..-common-runtime.o
 0002:00001810       ??_C@_1BI@KEMCAKCM@?$AAR?$AAu?$AAn?$AAn?$AAi?$AAn?$AAg?$AA?4?$AA?4?$AA?4?$AA?6?$AA?$AA@ 0000000140014810     ..-common-runtime.o
 0002:00001828       ??_C@_1KG@MGKLLKBJ@?$AA?9?$AA?9?$AA?9?$AA?9?$AA?9?$AA?9?$AA?9?$AA?9?$AA?9?$AA?9?$AA?9?$AA?9?$AA?9?$AA?9?$AA?9?$AA?9?$AA?9?$AA?9?$AA?9?$AA?9?$AA?9?$AA?9?$AA?9?$AA?9?$AA?9?$AA?9?$AA?9?$AA?9?$AA?9?$AA?9?$AA?9?$AA?9@ 0000000140014828     ..-common-runtime.o
 0002:000018ce       ??_C@_1KC@PDECPKAN@?$AA?9?$AA?9?$AA?9?$AA?9?$AA?9?$AA?9?$AA?9?$AA?9?$AA?9?$AA?9?$AA?9?$AA?9?$AA?9?$AA?9?$AA?9?$AA?9?$AA?9?$AA?9?$AA?9?$AA?9?$AA?9?$AA?9?$AA?9?$AA?9?$AA?9?$AA?9?$AA?9?$AA?9?$AA?9?$AA?9?$AA?9?$AA?9@ 00000001400148ce     ..-common-runtime.o
 0002:00001970       ??_C@_1DK@PNJBIJCI@?$AAP?$AAr?$AAo?$AAg?$AAr?$AAa?$AAm?$AA?5?$AAf?$AAi?$AAn?$AAi?$AAs?$AAh?$AAe?$AAd?$AA?5?$AAi?$AAn?$AA?5?$AA?$CF?$AAl?$AAl?$AAd?$AA?5?$AAm?$AAs?$AA?6?$AA?$AA@ 0000000140014970     ..-common-runtime.o
 0002:000019aa       ??_C@_1EK@FDFELEEK@?$AAR?$AAe?$AAs?$AAu?$AAl?$AAt?$AA?5?$AAp?$AAr?$AAo?$AAm?$AAi?$AAs?$AAe?$AA?5?$AAn?$AAo?$AAt?$AA?5?$AAf?$AAo?$AAu?$AAn?$AAd?$AA?5?$AAo?$AAn?$AA?5?$AAm?$AAa?$AAc?$AAh@ 00000001400149aa     ..-common-runtime.o
 0002:000019f4       ??_C@_1DO@BFPIHEIA@?$AAP?$AAr?$AAo?$AAg?$AAr?$AAa?$AAm?$AA?5?$AAe?$AAx?$AAi?$AAt?$AAe?$AAd?$AA?5?$AAw?$AAi?$AAt?$AAh?$AA?5?$AAc?$AAo?$AAd?$AAe?$AA?5?$AA?$CF?$AAl?$AAl?$AAx?$AA?6?$AA?$AA@ 00000001400149f4     ..-common-runtime.o
 0002:00001a32       ??_C@_1CK@DKIDNDNE@?$AAP?$AAr?$AAe?$AAs?$AAs?$AA?5?$AAC?$AAt?$AAr?$AAl?$AA?$CL?$AAC?$AA?5?$AAt?$AAo?$AA?5?$AAe?$AAn?$AAd?$AA?6?$AA?$AA@ 0000000140014a32     ..-common-runtime.o
 0002:00001a5c       ??_C@_1GO@CEANDIOF@?$AAR?$AAe?$AAs?$AAu?$AAl?$AAt?$AA?5?$AAo?$AAf?$AA?5?$AAm?$AAa?$AAi?$AAn?$AA?5?$AAf?$AAu?$AAn?$AAc?$AAt?$AAi?$AAo?$AAn?$AA?5?$AAi?$AAs?$AAn?$AA?8?$AAt?$AA?5?$AAr?$AAe@ 0000000140014a5c     ..-common-runtime.o
 0002:00001aca       ??_C@_13PPFCDPMH@?$AA?$HM?$AA?$AA@ 0000000140014aca     ..-common-sheduler.o
 0002:00001ace       ??_C@_1DE@BFFMGPEH@?$AA?5?$AA?5?$AA?5?$AA?5?$AA?5?$AA?5?$AA?5?$AAt?$AAh?$AAr?$AAe?$AAa?$AAd?$AA?5?$AA?$CF?$AA0?$AA2?$AAx?$AA?5?$AA?5?$AA?5?$AA?5?$AA?5?$AA?5?$AA?$HM?$AA?$AA@ 0000000140014ace     ..-common-sheduler.o
 0002:00001b02       ??_C@_1FG@CMFEMGFG@?$AA?5?$AA?5?$AAW?$AAa?$AAi?$AAt?$AA?5?$AA?$HM?$AA?5?$AAQ?$AAu?$AAe?$AAu?$AAe?$AA?5?$AA?$HM?$AA?5?$AAR?$AAP?$AAm?$AAi?$AAs?$AAs?$AA?5?$AA?$HM?$AA?5?$AAR?$AAO?$AAr?$AAe?$AAq?$AA?5@ 0000000140014b02     ..-common-sheduler.o
 0002:00001b58       ??_C@_1DA@DAJCMENO@?$AA?5?$AA?5?$AAe?$AAx?$AAe?$AAc?$AA?5?$AA?1?$AA?5?$AAd?$AAo?$AAn?$AAe?$AA?5?$AA?1?$AA?5?$AAs?$AAt?$AAa?$AAl?$AAl?$AA?5?$AA?$HM?$AA?$AA@ 0000000140014b58     ..-common-sheduler.o
 0002:00001b88       ??_C@_1FG@IKPNLAIG@?$AA?5?$AA?5?$AA?5?$AA?5?$AA?5?$AA?5?$AA?5?$AA?$HM?$AA?5?$AA?5?$AA?5?$AA?5?$AA?5?$AA?5?$AA?5?$AA?$HM?$AA?5?$AA?5?$AA?5?$AA?5?$AA?5?$AA?5?$AA?5?$AA?5?$AA?$HM?$AA?5?$AA?5?$AA?5?$AA?5?$AA?5?$AA?5?$AA?5@ 0000000140014b88     ..-common-sheduler.o
 0002:00001bde       ??_C@_1CK@GLKKGPFH@?$AA?5?$AA?$CF?$AA7?$AAl?$AAl?$AAd?$AA?5?$AA?$CF?$AA6?$AAl?$AAl?$AAd?$AA?5?$AA?$CF?$AA5?$AAl?$AAl?$AAd?$AA?5?$AA?$HM?$AA?$AA@ 0000000140014bde     ..-common-sheduler.o
 0002:00001c08       ??_C@_1FE@OBAMBHOF@?$AA?5?$AA?$CF?$AA5?$AAl?$AAl?$AAd?$AA?5?$AA?$HM?$AA?5?$AA?$CF?$AA5?$AAl?$AAl?$AAd?$AA?5?$AA?$HM?$AA?5?$AA?$CF?$AA6?$AAl?$AAl?$AAd?$AA?5?$AA?$HM?$AA?5?$AA?$CF?$AA5?$AAl?$AAl?$AAd?$AA?5?$AA?$HM@ 0000000140014c08     ..-common-sheduler.o
 0002:00001c5c       ??_C@_1DE@LBGGHMJG@?$AAP?$AAr?$AAo?$AAg?$AAr?$AAa?$AAm?$AA?5?$AAc?$AAa?$AAl?$AAc?$AAu?$AAl?$AAa?$AAt?$AAi?$AAo?$AAn?$AA?5?$AAe?$AAn?$AAd?$AA?4?$AA?6?$AA?$AA@ 0000000140014c5c     ..-common-sheduler.o
 0002:00001c90       ??_C@_1DM@HCILGOPA@?$AAF?$AAa?$AAi?$AAl?$AAe?$AAd?$AA?5?$AAt?$AAo?$AA?5?$AAc?$AAr?$AAe?$AAa?$AAt?$AAe?$AA?5?$AAt?$AAh?$AAr?$AAe?$AAa?$AAd?$AA?5?$AA?$CF?$AAl?$AAl?$AAd?$AA?6?$AA?$AA@ 0000000140014c90     ..-common-sheduler.o
 0002:00001cd0       RtlNtPathSeperatorString   0000000140014cd0     ws2_32:indef.obj
 0002:00001ce0       ??_C@_13FPGAJAPJ@?$AA?2@   0000000140014ce0     ws2_32:indef.obj
 0002:00001ce8       RtlDosPathSeperatorsString 0000000140014ce8     ws2_32:indef.obj
 0002:00001cf8       ??_C@_15MNCACJLI@?$AA?2?$AA?1@ 0000000140014cf8     ws2_32:indef.obj
 0002:00001d00       RtlAlternateDosPathSeperatorString 0000000140014d00     ws2_32:indef.obj
 0002:00001d10       ??_C@_13CGOKJPIL@?$AA?1@   0000000140014d10     ws2_32:indef.obj
 0002:00001d28       eui48_broadcast            0000000140014d28     ws2_32:indef.obj
 0002:00001d30       scopeid_unspecified        0000000140014d30     ws2_32:indef.obj
 0002:00001d34       in4addr_any                0000000140014d34     ws2_32:indef.obj
 0002:00001d38       in4addr_loopback           0000000140014d38     ws2_32:indef.obj
 0002:00001d3c       in4addr_broadcast          0000000140014d3c     ws2_32:indef.obj
 0002:00001d40       in4addr_allnodesonlink     0000000140014d40     ws2_32:indef.obj
 0002:00001d44       in4addr_allroutersonlink   0000000140014d44     ws2_32:indef.obj
 0002:00001d48       in4addr_alligmpv3routersonlink 0000000140014d48     ws2_32:indef.obj
 0002:00001d4c       in4addr_allteredohostsonlink 0000000140014d4c     ws2_32:indef.obj
 0002:00001d50       in4addr_linklocalprefix    0000000140014d50     ws2_32:indef.obj
 0002:00001d54       in4addr_multicastprefix    0000000140014d54     ws2_32:indef.obj
 0002:00001d58       in6addr_any                0000000140014d58     ws2_32:indef.obj
 0002:00001d68       in6addr_loopback           0000000140014d68     ws2_32:indef.obj
 0002:00001d78       in6addr_allnodesonnode     0000000140014d78     ws2_32:indef.obj
 0002:00001d88       in6addr_allnodesonlink     0000000140014d88     ws2_32:indef.obj
 0002:00001d98       in6addr_allroutersonlink   0000000140014d98     ws2_32:indef.obj
 0002:00001da8       in6addr_allmldv2routersonlink 0000000140014da8     ws2_32:indef.obj
 0002:00001db8       in6addr_teredoinitiallinklocaladdress 0000000140014db8     ws2_32:indef.obj
 0002:00001dc8       in6addr_linklocalprefix    0000000140014dc8     ws2_32:indef.obj
 0002:00001dd8       in6addr_multicastprefix    0000000140014dd8     ws2_32:indef.obj
 0002:00001de8       in6addr_solicitednodemulticastprefix 0000000140014de8     ws2_32:indef.obj
 0002:00001df8       in6addr_v4mappedprefix     0000000140014df8     ws2_32:indef.obj
 0002:00001e08       in6addr_6to4prefix         0000000140014e08     ws2_32:indef.obj
 0002:00001e18       in6addr_teredoprefix       0000000140014e18     ws2_32:indef.obj
 0002:00001e28       in6addr_teredoprefix_old   0000000140014e28     ws2_32:indef.obj
 0002:00001e38       BUGCHECK_EFI_GUID          0000000140014e38     ws2_32:indef.obj
 0002:00002248       __imp_GdiSetBatchLimit     0000000140015248     gdi32:GDI32.dll
 0002:00002258       __imp_CommandLineToArgvW   0000000140015258     shell32:SHELL32.dll
 0002:00002268       __imp_AcquireSRWLockExclusive 0000000140015268     kernel32:KERNEL32.dll
 0002:00002270       __imp_AcquireSRWLockShared 0000000140015270     kernel32:KERNEL32.dll
 0002:00002278       __imp_CloseHandle          0000000140015278     kernel32:KERNEL32.dll
 0002:00002280       __imp_CreateEventW         0000000140015280     kernel32:KERNEL32.dll
 0002:00002288       __imp_CreateFileW          0000000140015288     kernel32:KERNEL32.dll
 0002:00002290       __imp_CreateIoCompletionPort 0000000140015290     kernel32:KERNEL32.dll
 0002:00002298       __imp_CreateThread         0000000140015298     kernel32:KERNEL32.dll
 0002:000022a0       __imp_ExitProcess          00000001400152a0     kernel32:KERNEL32.dll
 0002:000022a8       __imp_GetCommandLineW      00000001400152a8     kernel32:KERNEL32.dll
 0002:000022b0       __imp_GetConsoleMode       00000001400152b0     kernel32:KERNEL32.dll
 0002:000022b8       __imp_GetFileSizeEx        00000001400152b8     kernel32:KERNEL32.dll
 0002:000022c0       __imp_GetLastError         00000001400152c0     kernel32:KERNEL32.dll
 0002:000022c8       __imp_GetProcAddress       00000001400152c8     kernel32:KERNEL32.dll
 0002:000022d0       __imp_GetProcessHeap       00000001400152d0     kernel32:KERNEL32.dll
 0002:000022d8       __imp_GetQueuedCompletionStatus 00000001400152d8     kernel32:KERNEL32.dll
 0002:000022e0       __imp_GetStdHandle         00000001400152e0     kernel32:KERNEL32.dll
 0002:000022e8       __imp_GetThreadContext     00000001400152e8     kernel32:KERNEL32.dll
 0002:000022f0       __imp_HeapAlloc            00000001400152f0     kernel32:KERNEL32.dll
 0002:000022f8       __imp_HeapFree             00000001400152f8     kernel32:KERNEL32.dll
 0002:00002300       __imp_HeapReAlloc          0000000140015300     kernel32:KERNEL32.dll
 0002:00002308       __imp_LoadLibraryA         0000000140015308     kernel32:KERNEL32.dll
 0002:00002310       __imp_MultiByteToWideChar  0000000140015310     kernel32:KERNEL32.dll
 0002:00002318       __imp_QueryPerformanceCounter 0000000140015318     kernel32:KERNEL32.dll
 0002:00002320       __imp_QueryPerformanceFrequency 0000000140015320     kernel32:KERNEL32.dll
 0002:00002328       __imp_ReadConsoleW         0000000140015328     kernel32:KERNEL32.dll
 0002:00002330       __imp_ReadFile             0000000140015330     kernel32:KERNEL32.dll
 0002:00002338       __imp_ReleaseSRWLockExclusive 0000000140015338     kernel32:KERNEL32.dll
 0002:00002340       __imp_ReleaseSRWLockShared 0000000140015340     kernel32:KERNEL32.dll
 0002:00002348       __imp_ResetEvent           0000000140015348     kernel32:KERNEL32.dll
 0002:00002350       __imp_ResumeThread         0000000140015350     kernel32:KERNEL32.dll
 0002:00002358       __imp_SetEvent             0000000140015358     kernel32:KERNEL32.dll
 0002:00002360       __imp_SetThreadContext     0000000140015360     kernel32:KERNEL32.dll
 0002:00002368       __imp_Sleep                0000000140015368     kernel32:KERNEL32.dll
 0002:00002370       __imp_SuspendThread        0000000140015370     kernel32:KERNEL32.dll
 0002:00002378       __imp_TlsAlloc             0000000140015378     kernel32:KERNEL32.dll
 0002:00002380       __imp_TlsFree              0000000140015380     kernel32:KERNEL32.dll
 0002:00002388       __imp_TlsGetValue          0000000140015388     kernel32:KERNEL32.dll
 0002:00002390       __imp_TlsSetValue          0000000140015390     kernel32:KERNEL32.dll
 0002:00002398       __imp_TryAcquireSRWLockExclusive 0000000140015398     kernel32:KERNEL32.dll
 0002:000023a0       __imp_VirtualAlloc         00000001400153a0     kernel32:KERNEL32.dll
 0002:000023a8       __imp_WaitForMultipleObjects 00000001400153a8     kernel32:KERNEL32.dll
 0002:000023b0       __imp_WaitForSingleObject  00000001400153b0     kernel32:KERNEL32.dll
 0002:000023b8       __imp_WriteConsoleW        00000001400153b8     kernel32:KERNEL32.dll
 0002:000023c8       __imp_BCryptGenRandom      00000001400153c8     bcrypt:bcrypt.dll
 0002:000023d8       __imp_WSAGetLastError      00000001400153d8     ws2_32:WS2_32.dll
 0002:000023e0       __imp_WSARecv              00000001400153e0     ws2_32:WS2_32.dll
 0002:000023e8       __imp_WSAStartup           00000001400153e8     ws2_32:WS2_32.dll
 0002:000023f0       __imp_accept               00000001400153f0     ws2_32:WS2_32.dll
 0002:000023f8       __imp_bind                 00000001400153f8     ws2_32:WS2_32.dll
 0002:00002400       __imp_closesocket          0000000140015400     ws2_32:WS2_32.dll
 0002:00002408       __imp_connect              0000000140015408     ws2_32:WS2_32.dll
 0002:00002410       __imp_freeaddrinfo         0000000140015410     ws2_32:WS2_32.dll
 0002:00002418       __imp_getaddrinfo          0000000140015418     ws2_32:WS2_32.dll
 0002:00002420       __imp_getsockname          0000000140015420     ws2_32:WS2_32.dll
 0002:00002428       __imp_htons                0000000140015428     ws2_32:WS2_32.dll
 0002:00002430       __imp_listen               0000000140015430     ws2_32:WS2_32.dll
 0002:00002438       __imp_ntohs                0000000140015438     ws2_32:WS2_32.dll
 0002:00002440       __imp_send                 0000000140015440     ws2_32:WS2_32.dll
 0002:00002448       __imp_setsockopt           0000000140015448     ws2_32:WS2_32.dll
 0002:00002450       __imp_socket               0000000140015450     ws2_32:WS2_32.dll
 0002:00002460       __imp_clBuildProgram       0000000140015460     OpenCL:OpenCL.dll
 0002:00002468       __imp_clCreateBuffer       0000000140015468     OpenCL:OpenCL.dll
 0002:00002470       __imp_clCreateCommandQueueWithProperties 0000000140015470     OpenCL:OpenCL.dll
 0002:00002478       __imp_clCreateContext      0000000140015478     OpenCL:OpenCL.dll
 0002:00002480       __imp_clCreateKernel       0000000140015480     OpenCL:OpenCL.dll
 0002:00002488       __imp_clCreateProgramWithSource 0000000140015488     OpenCL:OpenCL.dll
 0002:00002490       __imp_clEnqueueNDRangeKernel 0000000140015490     OpenCL:OpenCL.dll
 0002:00002498       __imp_clEnqueueReadBuffer  0000000140015498     OpenCL:OpenCL.dll
 0002:000024a0       __imp_clEnqueueWriteBuffer 00000001400154a0     OpenCL:OpenCL.dll
 0002:000024a8       __imp_clFinish             00000001400154a8     OpenCL:OpenCL.dll
 0002:000024b0       __imp_clGetDeviceIDs       00000001400154b0     OpenCL:OpenCL.dll
 0002:000024b8       __imp_clGetDeviceInfo      00000001400154b8     OpenCL:OpenCL.dll
 0002:000024c0       __imp_clGetKernelArgInfo   00000001400154c0     OpenCL:OpenCL.dll
 0002:000024c8       __imp_clGetPlatformIDs     00000001400154c8     OpenCL:OpenCL.dll
 0002:000024d0       __imp_clGetPlatformInfo    00000001400154d0     OpenCL:OpenCL.dll
 0002:000024d8       __imp_clGetProgramBuildInfo 00000001400154d8     OpenCL:OpenCL.dll
 0002:000024e0       __imp_clSetKernelArg       00000001400154e0     OpenCL:OpenCL.dll
 0003:00000000       server_port                0000000140016000     ..-common-remote.o
 0003:00000008       thisServerId               0000000140016008     ..-common-remote.o
 0003:00000010       printStats                 0000000140016010     ..-common-runtime.o
 0003:00000018       NUM_THREADS                0000000140016018     ..-common-runtime.o
 0003:00000020       CHUNK_TIME_US              0000000140016020     ..-common-runtime.o
 0003:00000030       Providers                  0000000140016030     ..-common-runtime.o
 0003:000000d0       AddressFamilyInformation   00000001400160d0     ws2_32:indef.obj
 0003:00000100       hHeap                      0000000140016100     .-runtime_lib.o
 0003:00000108       hInput                     0000000140016108     .-runtime_lib.o
 0003:00000110       buf                        0000000140016110     .-runtime_lib.o
 0003:00010110       hOutput                    0000000140026110     .-runtime_lib.o
 0003:00010118       frequency                  0000000140026118     .-runtime_lib.o
 0003:00010120       connections_lock           0000000140026120     ..-common-api.o
 0003:00010128       connections_len            0000000140026128     ..-common-api.o
 0003:00010130       pages_lock                 0000000140026130     ..-common-api.o
 0003:00010138       pages_len                  0000000140026138     ..-common-api.o
 0003:00010140       known_id_broadcasts        0000000140026140     ..-common-api.o
 0003:00010160       known_page_broadcasts      0000000140026160     ..-common-api.o
 0003:00010180       known_path_broadcasts      0000000140026180     ..-common-api.o
 0003:000101a0       known_path_id_broadcasts   00000001400261a0     ..-common-api.o
 0003:000101c0       known_objects              00000001400261c0     ..-common-api.o
 0003:000101e0       query_requests             00000001400261e0     ..-common-api.o
 0003:00010200       push_requests              0000000140026200     ..-common-api.o
 0003:00010220       known_hives                0000000140026220     ..-common-api.o
 0003:00010240       local_objects              0000000140026240     ..-common-api.o
 0003:00010250       connections                0000000140026250     ..-common-api.o
 0003:00012250       pages                      0000000140028250     ..-common-api.o
 0003:00012e50       SL_best_platform           0000000140028e50     ..-common-gpu_subsystem.o
 0003:00012e54       SL_best_platform_value     0000000140028e54     ..-common-gpu_subsystem.o
 0003:00012e58       SL_platforms_len           0000000140028e58     ..-common-gpu_subsystem.o
 0003:00012e60       SL_platforms               0000000140028e60     ..-common-gpu_subsystem.o
 0003:00012ee0       SL_devices                 0000000140028ee0     ..-common-gpu_subsystem.o
 0003:000132e0       SL_devices_len             00000001400292e0     ..-common-gpu_subsystem.o
 0003:00013320       SL_main_platform           0000000140029320     ..-common-gpu_subsystem.o
 0003:00013328       SL_context                 0000000140029328     ..-common-gpu_subsystem.o
 0003:00013330       SL_queues                  0000000140029330     ..-common-gpu_subsystem.o
 0003:00013730       SL_queues_len              0000000140029730     ..-common-gpu_subsystem.o
 0003:00013770       glb_scheduler              0000000140029770     ..-common-queue.o
 0003:00013790       ServerIdGetLock            0000000140029790     ..-common-remote.o
 0003:00013798       next_local_id              0000000140029798     ..-common-remote.o
 0003:000137a0       glbStatRemotePathMisses    00000001400297a0     ..-common-remote.o
 0003:000137a8       glbStatRemoteOutputRequests 00000001400297a8     ..-common-remote.o
 0003:000137b0       glbStatRemoteInputRequests 00000001400297b0     ..-common-remote.o
 0003:000137b8       hIOCP                      00000001400297b8     ..-common-remote.o
 0003:000137c0       Workers                    00000001400297c0     ..-common-runtime.o
 0003:00014440       wait_list                  000000014002a440     ..-common-runtime.o
 0003:00014448       wait_list_len              000000014002a448     ..-common-runtime.o
 0003:00014450       dwTlsIndex                 000000014002a450     ..-common-runtime.o
 0003:00014458       defined_arrays             000000014002a458     ..-common-runtime.o
 0003:00014460       hContinueEvent             000000014002a460     ..-common-sheduler.o
 0003:00014468       glbMasterInfo              000000014002a468     ..-common-sheduler.o
 0003:00014471       ExPoolZeroingNativelySupported 000000014002a471     ws2_32:indef.obj

 entry point at         0001:0000fea0

 Static symbols

 0001:000047e0       GetKnownHiveHash           00000001400057e0     ..-common-api.o
 0001:00004e30       i64GetKnownHiveHash        0000000140005e30     ..-common-api.o
 0001:00004ea0       i64_raw_update             0000000140005ea0     ..-common-api.o
 0001:00008b00       scheduler_queue_init       0000000140009b00     ..-common-queue.o
 0001:00008bd0       scheduler_queue_push_front 0000000140009bd0     ..-common-queue.o
 0001:00008e40       scheduler_rnd              0000000140009e40     ..-common-queue.o
 0001:00008fe0       scheduler_queue_pop        0000000140009fe0     ..-common-queue.o
 0001:00009190       queue_init                 000000014000a190     ..-common-queue.o
 0001:000091e0       queue_push_front           000000014000a1e0     ..-common-queue.o
 0001:000092a0       queue_pop                  000000014000a2a0     ..-common-queue.o
 0001:0000bfc0       Worker                     000000014000cfc0     ..-common-remote.o
 0001:0000c510       ConnectionListnerWorker    000000014000d510     ..-common-remote.o
 0001:0000c710       PagesAllocator             000000014000d710     ..-common-remote.o
 0001:0000c7e0       StateSender                000000014000d7e0     ..-common-remote.o
 0001:0000c850       HandleApiCall              000000014000d850     ..-common-remote.o
 0001:000113ac       .text                      00000001400123ac     asm.o
 0002:00001d18       BFE_GENERIC_MAPPING        0000000140014d18     ws2_32:indef.obj
 0002:00001e48       IPSEC_AUTH_TRANSFORM_ID_HMAC_MD5_96 0000000140014e48     ws2_32:indef.obj
 0002:00001e50       IPSEC_AUTH_TRANSFORM_ID_HMAC_SHA_1_96 0000000140014e50     ws2_32:indef.obj
 0002:00001e58       IPSEC_AUTH_TRANSFORM_ID_HMAC_SHA_256_128 0000000140014e58     ws2_32:indef.obj
 0002:00001e60       IPSEC_AUTH_TRANSFORM_ID_GCM_AES_128 0000000140014e60     ws2_32:indef.obj
 0002:00001e68       IPSEC_AUTH_TRANSFORM_ID_GCM_AES_192 0000000140014e68     ws2_32:indef.obj
 0002:00001e70       IPSEC_AUTH_TRANSFORM_ID_GCM_AES_256 0000000140014e70     ws2_32:indef.obj
 0002:00001e78       IPSEC_CIPHER_TRANSFORM_ID_CBC_DES 0000000140014e78     ws2_32:indef.obj
 0002:00001e80       IPSEC_CIPHER_TRANSFORM_ID_CBC_3DES 0000000140014e80     ws2_32:indef.obj
 0002:00001e88       IPSEC_CIPHER_TRANSFORM_ID_AES_128 0000000140014e88     ws2_32:indef.obj
 0002:00001e90       IPSEC_CIPHER_TRANSFORM_ID_AES_192 0000000140014e90     ws2_32:indef.obj
 0002:00001e98       IPSEC_CIPHER_TRANSFORM_ID_AES_256 0000000140014e98     ws2_32:indef.obj
 0002:00001ea0       IPSEC_CIPHER_TRANSFORM_ID_GCM_AES_128 0000000140014ea0     ws2_32:indef.obj
 0002:00001ea8       IPSEC_CIPHER_TRANSFORM_ID_GCM_AES_192 0000000140014ea8     ws2_32:indef.obj
 0002:00001eb0       IPSEC_CIPHER_TRANSFORM_ID_GCM_AES_256 0000000140014eb0     ws2_32:indef.obj
 0003:00014470       WFP_TRACE_NULL_DATA        000000014002a470     ws2_32:indef.obj
 0004:00000000       .data                      000000014002b000     asm.o
