 a

 Timestamp is 69c5b363 (Fri Mar 27 01:29:55 2026)

 Preferred load address is 0000000140000000

 Start         Length     Name                   Class
 0001:00000000 000101cbH .text                   CODE
 0002:00000000 00001df8H .rdata                  DATA
 0003:00000000 000000e4H .data                   DATA
 0003:000000e4 000d7c86H .bss                    DATA
 0004:00000000 00000222H .data                   DATA

  Address         Publics by Value              Rva+Base               Lib:Object

 0001:00000000       dllPauseWorker             0000000140001000     .-dll-await_worker.o
 0001:000000b0       dllCallObject              00000001400010b0     .-dll-call_object.o
 0001:00000130       dllStartNewLocalWorker     0000000140001130     .-dll-call_object.o
 0001:00000270       dllExecuteWorker           0000000140001270     .-dll-execute_worker.o
 0001:00000e80       gpuPauseWorker             0000000140001e80     .-gpu-await_worker.o
 0001:00000f30       gpuCallObject              0000000140001f30     .-gpu-call_object.o
 0001:00000fb0       gpuStartNewLocalWorker     0000000140001fb0     .-gpu-call_object.o
 0001:000010f0       gpuExecuteWorker           00000001400020f0     .-gpu-execute_worker.o
 0001:000015e0       gpuNewObjectUsingPage      00000001400025e0     .-gpu-new_object.o
 0001:000016e0       gpuNewObject               00000001400026e0     .-gpu-new_object.o
 0001:00001730       gpuPushObject              0000000140002730     .-gpu-push_object.o
 0001:00001770       gpuPushPipe                0000000140002770     .-gpu-push_object.o
 0001:000017b0       gpuQueryObject             00000001400027b0     .-gpu-query_object.o
 0001:000017f0       gpuQueryPipe               00000001400027f0     .-gpu-query_object.o
 0001:00001830       locNewObjectUsingPage      0000000140002830     .-loc-new_object.o
 0001:00001c80       locNewObject               0000000140002c80     .-loc-new_object.o
 0001:00001cd0       locUpdateLocalPush         0000000140002cd0     .-loc-push_object.o
 0001:00001dc0       locQueryLocalObject        0000000140002dc0     .-loc-query_object.o
 0001:00001f20       x64PauseWorker             0000000140002f20     .-x64-await_worker.o
 0001:00001ff0       x64CallObject              0000000140002ff0     .-x64-call_object.o
 0001:00002070       x64StartNewLocalWorker     0000000140003070     .-x64-call_object.o
 0001:000021b0       x64ExecuteWorker           00000001400031b0     .-x64-execute_worker.o
 0001:000021f0       x64TryStallWorker          00000001400031f0     .-x64-execute_worker.o
 0001:00002490       x64NewObjectUsingPage      0000000140003490     .-x64-new_object.o
 0001:000028f0       x64NewObjectStates         00000001400038f0     .-x64-new_object.o
 0001:00002980       x64NewObject               0000000140003980     .-x64-new_object.o
 0001:00002a70       x64UpdateLocalPush         0000000140003a70     .-x64-push_object.o
 0001:00002b60       x64OnPushObject            0000000140003b60     .-x64-push_object.o
 0001:00002bf0       x64PushObjectStates        0000000140003bf0     .-x64-push_object.o
 0001:00002cf0       x64PushObject              0000000140003cf0     .-x64-push_object.o
 0001:00002f60       x64PushPipe                0000000140003f60     .-x64-push_object.o
 0001:00002f90       x64QueryLocalObject        0000000140003f90     .-x64-query_object.o
 0001:000030f0       x64OnQueryObject           00000001400040f0     .-x64-query_object.o
 0001:000031c0       x64QueryObjectStates       00000001400041c0     .-x64-query_object.o
 0001:000032d0       x64QueryObject             00000001400042d0     .-x64-query_object.o
 0001:000034d0       x64QueryPipe               00000001400044d0     .-x64-query_object.o
 0001:00003500       x64SleepStates             0000000140004500     .-x64-sleep.o
 0001:00003560       x64Sleep                   0000000140004560     .-x64-sleep.o
 0001:00003600       equal_bytes                0000000140004600     .-api.o
 0001:00003700       GetHashtableNoLock         0000000140004700     .-api.o
 0001:000038d0       SetHashtableNoLock         00000001400048d0     .-api.o
 0001:00003bd0       GetHashtable               0000000140004bd0     .-api.o
 0001:00003c30       SetHashtable               0000000140004c30     .-api.o
 0001:00003c80       InitInternalStructures     0000000140004c80     .-api.o
 0001:00003fc0       castOnQueryObject          0000000140004fc0     .-cast_provider.o
 0001:00004180       anyCastStates              0000000140005180     .-cast_provider.o
 0001:000051b0       anyCastProvider            00000001400061b0     .-cast_provider.o
 0001:000053a0       init_gpu_subsystem         00000001400063a0     .-gpu_subsystem.o
 0001:00006af0       gpuBuildFromText           0000000140007af0     .-gpu_subsystem.o
 0001:00006e40       gpuAlloc                   0000000140007e40     .-gpu_subsystem.o
 0001:00006e80       gpuRun                     0000000140007e80     .-gpu_subsystem.o
 0001:00006f30       gpuFinishQueuesOnPlatform  0000000140007f30     .-gpu_subsystem.o
 0001:00006fb0       gpuFinishQueue             0000000140007fb0     .-gpu_subsystem.o
 0001:00006ff0       StartInitialProcess        0000000140007ff0     .-hive_entry.o
 0001:00007200       is_less                    0000000140008200     .-queue.o
 0001:00007230       push_up                    0000000140008230     .-queue.o
 0001:00007380       push_down                  0000000140008380     .-queue.o
 0001:00007550       queue_init                 0000000140008550     .-queue.o
 0001:00007620       queue_enqueue              0000000140008620     .-queue.o
 0001:00007730       queue_extract              0000000140008730     .-queue.o
 0001:00007910       b_send                     0000000140008910     .-remote.o
 0001:00007a30       b_flush                    0000000140008a30     .-remote.o
 0001:00007a80       GetConnectionById          0000000140008a80     .-remote.o
 0001:00007b10       ConfirmPage                0000000140008b10     .-remote.o
 0001:00007ba0       ConfirmID                  0000000140008ba0     .-remote.o
 0001:00007bf0       HandleNewConnection        0000000140008bf0     .-remote.o
 0001:00007e80       UpdateWaitingPush          0000000140008e80     .-remote.o
 0001:000080c0       AnswerPushObject           00000001400090c0     .-remote.o
 0001:00008170       SendPageAllocationConfirm  0000000140009170     .-remote.o
 0001:000081f0       SendIDConfirm              00000001400091f0     .-remote.o
 0001:00008270       RedirectBroadcastQuery     0000000140009270     .-remote.o
 0001:000083d0       RedirectBroadcastIDQuery   00000001400093d0     .-remote.o
 0001:00008530       ConfirmConnection          0000000140009530     .-remote.o
 0001:00008790       InitiateConnection         0000000140009790     .-remote.o
 0001:00008be0       RequestMemoryPage          0000000140009be0     .-remote.o
 0001:00008ce0       RequestServerId            0000000140009ce0     .-remote.o
 0001:00008dd0       AnswerQueryObject          0000000140009dd0     .-remote.o
 0001:00008ed0       AnswerRequestObjectPath    0000000140009ed0     .-remote.o
 0001:00008ff0       RequestObjectPathBroadcast 0000000140009ff0     .-remote.o
 0001:000091f0       AnswerRequestPathToID      000000014000a1f0     .-remote.o
 0001:00009310       RequestPathToIDBroadcast   000000014000a310     .-remote.o
 0001:00009510       RequestObjectGet           000000014000a510     .-remote.o
 0001:00009630       RequestObjectSet           000000014000a630     .-remote.o
 0001:000097f0       StartNewWorkerRemote       000000014000a7f0     .-remote.o
 0001:00009910       SendHiveState              000000014000a910     .-remote.o
 0001:00009a90       start_remote_subsystem     000000014000aa90     .-remote.o
 0001:0000c2e0       memset                     000000014000d2e0     .-runtime_lib.o
 0001:0000c340       memcpy                     000000014000d340     .-runtime_lib.o
 0001:0000c3b0       myMalloc                   000000014000d3b0     .-runtime_lib.o
 0001:0000c400       myPrintf                   000000014000d400     .-runtime_lib.o
 0001:0000c970       myRealloc                  000000014000d970     .-runtime_lib.o
 0001:0000c9d0       myFree                     000000014000d9d0     .-runtime_lib.o
 0001:0000ca10       myAtoll                    000000014000da10     .-runtime_lib.o
 0001:0000cb50       get_char                   000000014000db50     .-runtime_lib.o
 0001:0000cc30       myScanI64                  000000014000dc30     .-runtime_lib.o
 0001:0000ccc0       myScanS                    000000014000dcc0     .-runtime_lib.o
 0001:0000cdc0       PrintI64                   000000014000ddc0     .-runtime_lib.o
 0001:0000ce90       PrintI64H                  000000014000de90     .-runtime_lib.o
 0001:0000cf30       Print2H                    000000014000df30     .-runtime_lib.o
 0001:0000cfd0       assertion_failure          000000014000dfd0     .-runtime_lib.o
 0001:0000d020       myAbs                      000000014000e020     .-runtime_lib.o
 0001:0000d050       MicrosecondsToTicks        000000014000e050     .-runtime_lib.o
 0001:0000d070       TicksToMicroseconds        000000014000e070     .-runtime_lib.o
 0001:0000d090       GetTicks                   000000014000e090     .-runtime_lib.o
 0001:0000d0b0       SheduleTimeoutFromNow      000000014000e0b0     .-runtime_lib.o
 0001:0000d0f0       init_lib                   000000014000e0f0     .-runtime_lib.o
 0001:0000d140       RegisterObjectWithId       000000014000e140     .-runtime.o
 0001:0000d170       GetNewObjectId             000000014000e170     .-runtime.o
 0001:0000d260       universalPauseWorker       000000014000e260     .-runtime.o
 0001:0000d300       universalUpdateLocalPush   000000014000e300     .-runtime.o
 0001:0000d360       UpdateFromQueryResult      000000014000e360     .-runtime.o
 0001:0000d3e0       PrintObject                000000014000e3e0     .-runtime.o
 0001:0000d4f0       WaitListWorker             000000014000e4f0     .-runtime.o
 0001:0000d540       EnqueueWorkerFromWaitList  000000014000e540     .-runtime.o
 0001:0000d5e0       UpdateWaitingWorkers       000000014000e5e0     .-runtime.o
 0001:0000d7a0       StartNewWorker             000000014000e7a0     .-runtime.o
 0001:0000da40       LoadWorker                 000000014000ea40     .-runtime.o
 0001:0000eb00       entry                      000000014000fb00     .-runtime.o
 0001:0000f220       SheduleWorker              0000000140010220     .-sheduler.o
 0001:0000f350       ShedulerInstance           0000000140010350     .-sheduler.o
 0001:0000f440       TryStallSheduler           0000000140010440     .-sheduler.o
 0001:0000f510       MasterSheduler             0000000140010510     .-sheduler.o
 0001:0000f980       ShedulerStart              0000000140010980     .-sheduler.o
 0001:0000fb9c       x64_fastPushObject         0000000140010b9c     asm.o
 0001:0000fc05       x64_fastQueryObject        0000000140010c05     asm.o
 0001:0000fc6e       x64_fastNewObject          0000000140010c6e     asm.o
 0001:0000fcd7       x64_fastCallObject         0000000140010cd7     asm.o
 0001:0000fd40       x64_fastPushPipe           0000000140010d40     asm.o
 0001:0000fda9       x64_fastQueryPipe          0000000140010da9     asm.o
 0001:0000fe12       x64_fastSleep              0000000140010e12     asm.o
 0001:0000fe7b       gpu_fastNewObject          0000000140010e7b     asm.o
 0001:0000fee4       gpu_fastCallObject         0000000140010ee4     asm.o
 0001:0000ff4d       loc_fastNewObject          0000000140010f4d     asm.o
 0001:0000ffb6       dll_fastCallObject         0000000140010fb6     asm.o
 0001:0001001f       any_fastCastProvider       000000014001101f     asm.o
 0001:00010088       x64AsmExecuteWorker        0000000140011088     asm.o
 0001:000100ea       setjmpUN                   00000001400110ea     asm.o
 0001:0001011d       longjmpUN                  000000014001111d     asm.o
 0001:00010146       DllCall                    0000000140011146     asm.o
 0001:000101d0       GdiSetBatchLimit           00000001400111d0     gdi32:GDI32.dll
 0001:000101e0       CommandLineToArgvW         00000001400111e0     shell32:SHELL32.dll
 0001:000101f0       AcquireSRWLockExclusive    00000001400111f0     kernel32:KERNEL32.dll
 0001:00010200       AcquireSRWLockShared       0000000140011200     kernel32:KERNEL32.dll
 0001:00010210       CloseHandle                0000000140011210     kernel32:KERNEL32.dll
 0001:00010220       CreateEventW               0000000140011220     kernel32:KERNEL32.dll
 0001:00010230       CreateFileW                0000000140011230     kernel32:KERNEL32.dll
 0001:00010240       CreateIoCompletionPort     0000000140011240     kernel32:KERNEL32.dll
 0001:00010250       CreateThread               0000000140011250     kernel32:KERNEL32.dll
 0001:00010260       ExitProcess                0000000140011260     kernel32:KERNEL32.dll
 0001:00010270       GetCommandLineW            0000000140011270     kernel32:KERNEL32.dll
 0001:00010280       GetConsoleMode             0000000140011280     kernel32:KERNEL32.dll
 0001:00010290       GetFileSizeEx              0000000140011290     kernel32:KERNEL32.dll
 0001:000102a0       GetLastError               00000001400112a0     kernel32:KERNEL32.dll
 0001:000102b0       GetProcAddress             00000001400112b0     kernel32:KERNEL32.dll
 0001:000102c0       GetProcessHeap             00000001400112c0     kernel32:KERNEL32.dll
 0001:000102d0       GetQueuedCompletionStatus  00000001400112d0     kernel32:KERNEL32.dll
 0001:000102e0       GetStdHandle               00000001400112e0     kernel32:KERNEL32.dll
 0001:000102f0       GetThreadContext           00000001400112f0     kernel32:KERNEL32.dll
 0001:00010300       HeapAlloc                  0000000140011300     kernel32:KERNEL32.dll
 0001:00010310       HeapFree                   0000000140011310     kernel32:KERNEL32.dll
 0001:00010320       HeapReAlloc                0000000140011320     kernel32:KERNEL32.dll
 0001:00010330       LoadLibraryA               0000000140011330     kernel32:KERNEL32.dll
 0001:00010340       MultiByteToWideChar        0000000140011340     kernel32:KERNEL32.dll
 0001:00010350       QueryPerformanceCounter    0000000140011350     kernel32:KERNEL32.dll
 0001:00010360       QueryPerformanceFrequency  0000000140011360     kernel32:KERNEL32.dll
 0001:00010370       ReadConsoleW               0000000140011370     kernel32:KERNEL32.dll
 0001:00010380       ReadFile                   0000000140011380     kernel32:KERNEL32.dll
 0001:00010390       ReleaseSRWLockExclusive    0000000140011390     kernel32:KERNEL32.dll
 0001:000103a0       ReleaseSRWLockShared       00000001400113a0     kernel32:KERNEL32.dll
 0001:000103b0       ResumeThread               00000001400113b0     kernel32:KERNEL32.dll
 0001:000103c0       SetEvent                   00000001400113c0     kernel32:KERNEL32.dll
 0001:000103d0       SetThreadContext           00000001400113d0     kernel32:KERNEL32.dll
 0001:000103e0       Sleep                      00000001400113e0     kernel32:KERNEL32.dll
 0001:000103f0       SuspendThread              00000001400113f0     kernel32:KERNEL32.dll
 0001:00010400       TlsAlloc                   0000000140011400     kernel32:KERNEL32.dll
 0001:00010410       TlsFree                    0000000140011410     kernel32:KERNEL32.dll
 0001:00010420       TlsGetValue                0000000140011420     kernel32:KERNEL32.dll
 0001:00010430       TlsSetValue                0000000140011430     kernel32:KERNEL32.dll
 0001:00010440       TryAcquireSRWLockExclusive 0000000140011440     kernel32:KERNEL32.dll
 0001:00010450       VirtualAlloc               0000000140011450     kernel32:KERNEL32.dll
 0001:00010460       WaitForMultipleObjects     0000000140011460     kernel32:KERNEL32.dll
 0001:00010470       WaitForSingleObject        0000000140011470     kernel32:KERNEL32.dll
 0001:00010480       WriteConsoleW              0000000140011480     kernel32:KERNEL32.dll
 0001:00010490       BCryptGenRandom            0000000140011490     bcrypt:bcrypt.dll
 0001:000104a0       WSAGetLastError            00000001400114a0     ws2_32:WS2_32.dll
 0001:000104b0       WSARecv                    00000001400114b0     ws2_32:WS2_32.dll
 0001:000104c0       WSAStartup                 00000001400114c0     ws2_32:WS2_32.dll
 0001:000104d0       accept                     00000001400114d0     ws2_32:WS2_32.dll
 0001:000104e0       bind                       00000001400114e0     ws2_32:WS2_32.dll
 0001:000104f0       closesocket                00000001400114f0     ws2_32:WS2_32.dll
 0001:00010500       connect                    0000000140011500     ws2_32:WS2_32.dll
 0001:00010510       freeaddrinfo               0000000140011510     ws2_32:WS2_32.dll
 0001:00010520       getaddrinfo                0000000140011520     ws2_32:WS2_32.dll
 0001:00010530       getsockname                0000000140011530     ws2_32:WS2_32.dll
 0001:00010540       htons                      0000000140011540     ws2_32:WS2_32.dll
 0001:00010550       listen                     0000000140011550     ws2_32:WS2_32.dll
 0001:00010560       ntohs                      0000000140011560     ws2_32:WS2_32.dll
 0001:00010570       send                       0000000140011570     ws2_32:WS2_32.dll
 0001:00010580       setsockopt                 0000000140011580     ws2_32:WS2_32.dll
 0001:00010590       socket                     0000000140011590     ws2_32:WS2_32.dll
 0001:000105a0       clBuildProgram             00000001400115a0     OpenCL:OpenCL.dll
 0001:000105b0       clCreateBuffer             00000001400115b0     OpenCL:OpenCL.dll
 0001:000105c0       clCreateCommandQueueWithProperties 00000001400115c0     OpenCL:OpenCL.dll
 0001:000105d0       clCreateContext            00000001400115d0     OpenCL:OpenCL.dll
 0001:000105e0       clCreateKernel             00000001400115e0     OpenCL:OpenCL.dll
 0001:000105f0       clCreateProgramWithSource  00000001400115f0     OpenCL:OpenCL.dll
 0001:00010600       clEnqueueNDRangeKernel     0000000140011600     OpenCL:OpenCL.dll
 0001:00010610       clEnqueueReadBuffer        0000000140011610     OpenCL:OpenCL.dll
 0001:00010620       clEnqueueWriteBuffer       0000000140011620     OpenCL:OpenCL.dll
 0001:00010630       clFinish                   0000000140011630     OpenCL:OpenCL.dll
 0001:00010640       clGetDeviceIDs             0000000140011640     OpenCL:OpenCL.dll
 0001:00010650       clGetDeviceInfo            0000000140011650     OpenCL:OpenCL.dll
 0001:00010660       clGetKernelArgInfo         0000000140011660     OpenCL:OpenCL.dll
 0001:00010670       clGetPlatformIDs           0000000140011670     OpenCL:OpenCL.dll
 0001:00010680       clGetPlatformInfo          0000000140011680     OpenCL:OpenCL.dll
 0001:00010690       clGetProgramBuildInfo      0000000140011690     OpenCL:OpenCL.dll
 0001:000106a0       clSetKernelArg             00000001400116a0     OpenCL:OpenCL.dll
 0002:00000014       ??_C@_1FE@MNCEKKEL@?$AAE?$AAr?$AAr?$AAo?$AAr?$AA?3?$AA?5?$AAU?$AAN?$AAK?$AAN?$AAO?$AAW?$AAN?$AA?5?$AAp?$AAr?$AAo?$AAv?$AAi?$AAd?$AAe?$AAr?$AA?5?$AA?$CF?$AAl?$AAl?$AAd?$AA?5?$AAi?$AAn?$AA?5@ 0000000140012014     .-dll-execute_worker.o
 0002:00000068       ??_C@_1HO@GIMLMCLD@?$AAr?$AAe?$AAt?$AAu?$AAr?$AAn?$AAe?$AAd?$AA?5?$AA?$CL?$AA?5?$AAE?$AAr?$AAr?$AAo?$AAr?$AA?$DN?$AA?$CF?$AAl?$AAl?$AAd?$AA?5?$AA?$FL?$AAb?$AAe?$AAf?$AAo?$AAr?$AAe?$AA?5?$AAc?$AAa@ 0000000140012068     .-dll-execute_worker.o
 0002:000000e6       ??_C@_1DO@MBJBKNM@?$AAE?$AAr?$AAr?$AAo?$AAr?$AA?3?$AA?5?$AAa?$AAt?$AA?5?$AAc?$AAl?$AAS?$AAe?$AAt?$AAK?$AAe?$AAr?$AAn?$AAe?$AAl?$AAA?$AAr?$AAg?$AA?5?$AA?$CF?$AAl?$AAl?$AAd?$AA?6?$AA?$AA@ 00000001400120e6     .-gpu-execute_worker.o
 0002:00000124       ??_C@_1EO@KIFHHFHO@?$AAE?$AAr?$AAr?$AAo?$AAr?$AA?3?$AA?5?$AAa?$AAt?$AA?5?$AAc?$AAl?$AAE?$AAn?$AAq?$AAu?$AAe?$AAu?$AAe?$AAN?$AAD?$AAR?$AAa?$AAn?$AAg?$AAe?$AAK?$AAe?$AAr?$AAn?$AAe?$AAl@ 0000000140012124     .-gpu-execute_worker.o
 0002:00000172       ??_C@_1DO@PIAGAENK@?$AAE?$AAR?$AAR?$AAO?$AAR?$AA?3?$AA?5?$AAg?$AAp?$AAu?$AAA?$AAl?$AAl?$AAo?$AAc?$AA?5?$AAf?$AAa?$AAi?$AAl?$AAe?$AAd?$AA?5?$AA?$FL?$AA?$CF?$AAl?$AAl?$AAd?$AA?$FN?$AA?6?$AA?$AA@ 0000000140012172     .-gpu-new_object.o
 0002:000001b0       ??_C@_1BG@LMPFNDF@?$AAr?$AAe?$AAs?$AAu?$AAl?$AAt?$AA?5?$AA?$CF?$AAp?$AA?6?$AA?$AA@ 00000001400121b0     .-gpu-new_object.o
 0002:000001c6       ??_C@_1FM@LBBNKNII@?$AAE?$AAR?$AAR?$AAO?$AAR?$AA?3?$AA?5?$AAP?$AAi?$AAp?$AAe?$AAs?$AA?5?$AAa?$AAr?$AAe?$AA?5?$AAu?$AAn?$AAs?$AAu?$AAp?$AAp?$AAo?$AAr?$AAt?$AAe?$AAd?$AA?5?$AAo?$AAn?$AA?5@ 00000001400121c6     .-gpu-new_object.o
 0002:00000222       ??_C@_1GM@BNFAKJM@?$AAE?$AAR?$AAR?$AAO?$AAR?$AA?3?$AA?5?$AAP?$AAi?$AAp?$AAe?$AAs?$AA?5?$AAa?$AAr?$AAe?$AA?5?$AAu?$AAn?$AAs?$AAu?$AAp?$AAp?$AAo?$AAr?$AAt?$AAe?$AAd?$AA?5?$AAo?$AAn?$AA?5@ 0000000140012222     .-gpu-new_object.o
 0002:0000028e       ??_C@_1EG@FBJBJMFK@?$AAN?$AAO?$AAT?$AA?5?$AAS?$AAU?$AAP?$AAP?$AAO?$AAR?$AAT?$AAE?$AAD?$AA?3?$AA?5?$AAp?$AAu?$AAs?$AAh?$AA?5?$AAi?$AAn?$AA?5?$AAg?$AAp?$AAu?$AA?5?$AAo?$AAb?$AAj?$AAe?$AAc@ 000000014001228e     .-gpu-push_object.o
 0002:000002d4       ??_C@_1FE@GJLEMBH@?$AAN?$AAO?$AAT?$AA?5?$AAS?$AAU?$AAP?$AAP?$AAO?$AAR?$AAT?$AAE?$AAD?$AA?3?$AA?5?$AAp?$AAu?$AAs?$AAh?$AA?5?$AAi?$AAn?$AA?5?$AAg?$AAp?$AAu?$AA?5?$AAo?$AAb?$AAj?$AAe?$AAc@ 00000001400122d4     .-gpu-push_object.o
 0002:00000328       ??_C@_1EI@EPHKLIAN@?$AAN?$AAO?$AAT?$AA?5?$AAS?$AAU?$AAP?$AAP?$AAO?$AAR?$AAT?$AAE?$AAD?$AA?3?$AA?5?$AAq?$AAu?$AAe?$AAr?$AAy?$AA?5?$AAi?$AAn?$AA?5?$AAg?$AAp?$AAu?$AA?5?$AAo?$AAb?$AAj?$AAe@ 0000000140012328     .-gpu-query_object.o
 0002:00000370       ??_C@_1FG@PCBNEEAC@?$AAN?$AAO?$AAT?$AA?5?$AAS?$AAU?$AAP?$AAP?$AAO?$AAR?$AAT?$AAE?$AAD?$AA?3?$AA?5?$AAq?$AAu?$AAe?$AAr?$AAy?$AA?5?$AAi?$AAn?$AA?5?$AAg?$AAp?$AAu?$AA?5?$AAo?$AAb?$AAj?$AAe@ 0000000140012370     .-gpu-query_object.o
 0002:00000458       ??_C@_1FE@BCAGMINK@?$AAE?$AAr?$AAr?$AAo?$AAr?$AA?3?$AA?5?$AAn?$AAo?$AA?5?$AAk?$AAn?$AAo?$AAw?$AAn?$AA?5?$AAs?$AAi?$AAz?$AAe?$AA?5?$AAf?$AAo?$AAr?$AA?5?$AAn?$AAo?$AAt?$AA?5?$AAa?$AAr?$AAr@ 0000000140012458     .-cast_provider.o
 0002:000004ac       ??_C@_1FK@KDAFABDO@?$AAE?$AAr?$AAr?$AAo?$AAr?$AA?3?$AA?5?$AAl?$AAo?$AAc?$AAa?$AAl?$AA?5?$AAo?$AAb?$AAj?$AAe?$AAc?$AAt?$AA?5?$AAw?$AAa?$AAs?$AA?5?$AAr?$AAe?$AAm?$AAo?$AAv?$AAe?$AAd?$AA?5@ 00000001400124ac     .-cast_provider.o
 0002:00000506       ??_C@_1FO@HMOHPFHI@?$AAE?$AAr?$AAr?$AAo?$AAr?$AA?5?$AAh?$AAa?$AAp?$AAp?$AAe?$AAn?$AA?5?$AAw?$AAh?$AAi?$AAl?$AAe?$AA?5?$AAc?$AAl?$AAE?$AAn?$AAq?$AAu?$AAe?$AAu?$AAe?$AAR?$AAe?$AAa?$AAd@ 0000000140012506     .-cast_provider.o
 0002:00000564       ??_C@_1GA@EEKPNAGK@?$AAE?$AAr?$AAr?$AAo?$AAr?$AA?5?$AAh?$AAa?$AAp?$AAp?$AAe?$AAn?$AA?5?$AAw?$AAh?$AAi?$AAl?$AAe?$AA?5?$AAc?$AAl?$AAE?$AAn?$AAq?$AAu?$AAe?$AAu?$AAe?$AAW?$AAr?$AAi?$AAt@ 0000000140012564     .-cast_provider.o
 0002:000005c4       ??_C@_1BM@OBHKMKPP@?$AAR?$AAe?$AAt?$AAu?$AAr?$AAn?$AA?3?$AA?5?$AA?$CF?$AAl?$AAl?$AAd?$AA?6?$AA?$AA@ 00000001400125c4     .-cast_provider.o
 0002:000005e0       ??_C@_1EC@IPADNJOO@?$AAc?$AAo?$AAn?$AAv?$AAe?$AAr?$AAt?$AA?5?$AA?$CF?$AAp?$AA?5?$AA?$FL?$AAt?$AAy?$AAp?$AAe?$AAs?$AA?5?$AA?$CF?$AAl?$AAl?$AAd?$AA?5?$AA?9?$AA?$DO?$AA?5?$AA?$CF?$AAl?$AAl?$AAd?$AA?$FN?$AA?6@ 00000001400125e0     .-cast_provider.o
 0002:00000622       ??_C@_1IA@HIJJNPCH@?$AAE?$AAR?$AAR?$AAO?$AAR?$AA?3?$AA?5?$AAn?$AAo?$AAt?$AA?5?$AAs?$AAu?$AAp?$AAp?$AAo?$AAr?$AAt?$AAe?$AAd?$AA?5?$AAc?$AAo?$AAn?$AAv?$AAe?$AAr?$AAs?$AAi?$AAo?$AAn?$AA?5@ 0000000140012622     .-cast_provider.o
 0002:000006a2       ??_C@_1EC@CFAEGHOO@?$AAE?$AAr?$AAr?$AAo?$AAr?$AA?5?$AAa?$AAt?$AA?5?$AAc?$AAl?$AAC?$AAr?$AAe?$AAa?$AAt?$AAe?$AAC?$AAo?$AAn?$AAt?$AAe?$AAx?$AAt?$AA?5?$AA?$FL?$AA?$CF?$AAl?$AAl?$AAd?$AA?$FN?$AA?6@ 00000001400126a2     .-gpu_subsystem.o
 0002:000006e4       ??_C@_1GI@JODPKPLM@?$AAE?$AAr?$AAr?$AAo?$AAr?$AA?5?$AAa?$AAt?$AA?5?$AAc?$AAl?$AAC?$AAr?$AAe?$AAa?$AAt?$AAe?$AAC?$AAo?$AAm?$AAm?$AAa?$AAn?$AAd?$AAQ?$AAu?$AAe?$AAu?$AAe?$AAW?$AAi?$AAt@ 00000001400126e4     .-gpu_subsystem.o
 0002:0000074c       ??_C@_0FA@OKGFDHAO@?9cl?9single?9precision?9constant?5?9c@ 000000014001274c     .-gpu_subsystem.o
 0002:0000079c       ??_C@_1DE@FJCPKFIJ@?$AAB?$AAu?$AAi?$AAl?$AAd?$AAP?$AAr?$AAo?$AAg?$AAr?$AAa?$AAm?$AA?5?$AAE?$AAr?$AAr?$AAo?$AAr?$AA?3?$AA?5?$AA?$CF?$AAl?$AAl?$AAd?$AA?6?$AA?$AA@ 000000014001279c     .-gpu_subsystem.o
 0002:000007d0       ??_C@_19PDAGFAKM@?$AA?4?$AA?4?$AA?4?$AA?6?$AA?$AA@ 00000001400127d0     .-gpu_subsystem.o
 0002:000007da       ??_C@_1CO@HIIDKPPP@?$AAB?$AAu?$AAi?$AAl?$AAd?$AAI?$AAn?$AAf?$AAo?$AA?5?$AAE?$AAr?$AAr?$AAo?$AAr?$AA?3?$AA?5?$AA?$CF?$AAl?$AAl?$AAd?$AA?6?$AA?$AA@ 00000001400127da     .-gpu_subsystem.o
 0002:00000808       ??_C@_1DA@GJKLKGNM@?$AAB?$AAu?$AAi?$AAl?$AAd?$AAI?$AAn?$AAf?$AAo?$AA2?$AA?5?$AAE?$AAr?$AAr?$AAo?$AAr?$AA?3?$AA?5?$AA?$CF?$AAl?$AAl?$AAd?$AA?6?$AA?$AA@ 0000000140012808     .-gpu_subsystem.o
 0002:00000838       ??_C@_1DA@CBNNMJJB@?$AAE?$AAr?$AAr?$AAo?$AAr?$AA?5?$AAI?$AAn?$AAf?$AAo?$AA?3?$AA?5?$AAc?$AAo?$AAd?$AAe?$AA?$DN?$AA?$CF?$AAl?$AAl?$AAd?$AA?3?$AA?6?$AA?$AA@ 0000000140012838     .-gpu_subsystem.o
 0002:00000868       ??_C@_1CA@CAEDKLHA@?$AA?$CF?$AA0?$AA2?$AAx?$AA?5?$AA?$CF?$AA0?$AA2?$AAx?$AA?5?$AA?$CF?$AA0?$AA2?$AAx?$AA?6?$AA?$AA@ 0000000140012868     .-gpu_subsystem.o
 0002:00000888       ??_C@_17MJEANDKP@?$AA?$CF?$AAs?$AA?6?$AA?$AA@ 0000000140012888     .-gpu_subsystem.o
 0002:00000890       ??_C@_1CO@DCKAPNAK@?$AAw?$AAa?$AAi?$AAt?$AAi?$AAn?$AAg?$AA?5?$AAs?$AAt?$AAa?$AAr?$AAt?$AAu?$AAp?$AA?5?$AAp?$AAa?$AAg?$AAe?$AAs?$AA?6?$AA?$AA@ 0000000140012890     .-hive_entry.o
 0002:000008be       ??_C@_1EI@OLFKDNEP@?$AAE?$AAr?$AAr?$AAo?$AAr?$AA?3?$AA?5?$AAa?$AAl?$AAl?$AAo?$AAc?$AAa?$AAt?$AAe?$AAd?$AA?5?$AAa?$AAr?$AAr?$AAa?$AAy?$AA?5?$AAi?$AAs?$AAn?$AA?8?$AAt?$AA?5?$AAl?$AAo?$AAc@ 00000001400128be     .-hive_entry.o
 0002:00000990       ??_C@_1DE@OFJFJIIH@?$AAS?$AAe?$AAr?$AAv?$AAe?$AAr?$AA?5?$AAi?$AAd?$AA?$DN?$AA?$CF?$AAl?$AAl?$AAd?$AA?5?$AAc?$AAo?$AAn?$AAf?$AAi?$AAr?$AAm?$AAe?$AAd?$AA?6?$AA?$AA@ 0000000140012990     .-remote.o
 0002:000009c4       ??_C@_1CG@DJLPCGPG@?$AAC?$AAl?$AAi?$AAe?$AAn?$AAt?$AA?5?$AAc?$AAo?$AAn?$AAn?$AAe?$AAc?$AAt?$AAe?$AAd?$AA?$CB?$AA?6?$AA?$AA@ 00000001400129c4     .-remote.o
 0002:000009ea       ??_C@_1FK@FPKJOMKP@?$AAE?$AAr?$AAr?$AAo?$AAr?$AA?3?$AA?5?$AAC?$AAo?$AAu?$AAl?$AAd?$AA?5?$AAn?$AAo?$AAt?$AA?5?$AAc?$AAo?$AAn?$AAn?$AAe?$AAc?$AAt?$AA?5?$AAt?$AAo?$AA?5?$AA?$CF?$AAs?$AA?5?$AA?$FL@ 00000001400129ea     .-remote.o
 0002:00000a44       ??_C@_1LE@PPGJDLMH@?$AA?$FL?$AAp?$AA?5?$AA?$DM?$AAp?$AAo?$AAr?$AAt?$AA?$DO?$AA?$FN?$AA?5?$AAt?$AAo?$AA?5?$AAs?$AAe?$AAl?$AAe?$AAc?$AAt?$AA?5?$AAp?$AAo?$AAr?$AAt?$AA?5?$AA?$FL?$AAc?$AA?5?$AA?$DM?$AAi?$AAp@ 0000000140012a44     .-remote.o
 0002:00000af8       ??_C@_1BO@BCIJKPCC@?$AAE?$AAn?$AAt?$AAe?$AAr?$AA?5?$AAc?$AAo?$AAm?$AAm?$AAa?$AAn?$AAd?$AA?$DO?$AA?$AA@ 0000000140012af8     .-remote.o
 0002:00000b16       ??_C@_1CK@IMAGNILG@?$AAC?$AAo?$AAn?$AAf?$AAi?$AAr?$AAm?$AAe?$AAd?$AA?5?$AAp?$AAo?$AAr?$AAt?$AA?$DN?$AA?$CF?$AAl?$AAl?$AAd?$AA?6?$AA?$AA@ 0000000140012b16     .-remote.o
 0002:00000b40       ??_C@_1DG@NNMMEGKD@?$AAS?$AAe?$AAl?$AAe?$AAc?$AAt?$AAe?$AAd?$AA?5?$AAc?$AAo?$AAn?$AAn?$AAe?$AAc?$AAt?$AA?5?$AAc?$AAo?$AAm?$AAm?$AAa?$AAn?$AAd?$AA?4?$AA?6?$AA?$AA@ 0000000140012b40     .-remote.o
 0002:00000b76       ??_C@_1CI@KPENLAE@?$AAE?$AAn?$AAt?$AAe?$AAr?$AA?5?$AAI?$AAP?$AA?5?$AAa?$AAn?$AAd?$AA?5?$AAP?$AAO?$AAR?$AAT?$AA?4?$AA?6?$AA?$AA@ 0000000140012b76     .-remote.o
 0002:00000b9e       ??_C@_1EG@CAHECGOL@?$AAT?$AAr?$AAy?$AAi?$AAn?$AAg?$AA?5?$AAt?$AAo?$AA?5?$AAc?$AAo?$AAn?$AAn?$AAe?$AAc?$AAt?$AA?5?$AAt?$AAo?$AA?5?$AA?$FL?$AA?$CF?$AAs?$AA?$FN?$AA?5?$AA?$FL?$AA?$CF?$AAs?$AA?$FN?$AA?4?$AA?4@ 0000000140012b9e     .-remote.o
 0002:00000be4       ??_C@_1DG@GLOHHOJG@?$AAT?$AAe?$AAm?$AAp?$AAo?$AAr?$AAa?$AAr?$AAy?$AA?5?$AAl?$AAo?$AAc?$AAa?$AAl?$AA_?$AAi?$AAd?$AA?5?$AA?$DN?$AA?5?$AA?$CF?$AAl?$AAl?$AAd?$AA?6?$AA?$AA@ 0000000140012be4     .-remote.o
 0002:00000c1a       ??_C@_1DC@MOJEJJIM@?$AAC?$AAo?$AAn?$AAf?$AAi?$AAg?$AAu?$AAr?$AAa?$AAt?$AAi?$AAo?$AAn?$AA?5?$AAc?$AAo?$AAn?$AAf?$AAi?$AAr?$AAm?$AAe?$AAd?$AA?6?$AA?$AA@ 0000000140012c1a     .-remote.o
 0002:00000c4c       ??_C@_1DM@PKIKMHMJ@?$AA?$FL?$AAN?$AAE?$AAT?$AAW?$AAO?$AAR?$AAK?$AA?$FN?$AA?3?$AA?5?$AAP?$AAe?$AAe?$AAr?$AA?5?$AAd?$AAi?$AAs?$AAc?$AAo?$AAn?$AAn?$AAe?$AAc?$AAt?$AAe?$AAd?$AA?6?$AA?$AA@ 0000000140012c4c     .-remote.o
 0002:00000c88       ??_C@_1FE@JBHEOMDM@?$AAc?$AAo?$AAn?$AAn?$AAe?$AAc?$AAt?$AAi?$AAo?$AAn?$AA?5?$AAw?$AAa?$AAs?$AA?5?$AAc?$AAl?$AAo?$AAs?$AAe?$AAd?$AA?4?$AA?5?$AA?$FL?$AAl?$AAo?$AAc?$AAa?$AAl?$AA_?$AAi?$AAd@ 0000000140012c88     .-remote.o
 0002:00000cdc       ??_C@_1LA@ICLCBFDH@?$AAE?$AAr?$AAr?$AAo?$AAr?$AA?3?$AA?5?$AAA?$AAP?$AAI?$AA_?$AAA?$AAN?$AAS?$AAW?$AAE?$AAR?$AA_?$AAR?$AAE?$AAQ?$AAU?$AAE?$AAS?$AAT?$AA_?$AAC?$AAO?$AAN?$AAN?$AAE?$AAC@ 0000000140012cdc     .-remote.o
 0002:00000d8c       ??_C@_1DK@EHAPFJND@?$AAs?$AAe?$AAr?$AAv?$AAe?$AAr?$AA?5?$AAs?$AAt?$AAa?$AAr?$AAt?$AAe?$AAd?$AA?5?$AAo?$AAn?$AA?5?$AAp?$AAo?$AAr?$AAt?$AA?5?$AA?$CF?$AAl?$AAl?$AAd?$AA?6?$AA?$AA@ 0000000140012d8c     .-remote.o
 0002:00000dc6       ??_C@_1CM@OOKLEHNG@?$AAg?$AAe?$AAt?$AA?5?$AAn?$AAa?$AAm?$AAe?$AA?5?$AAf?$AAa?$AAi?$AAl?$AAe?$AAd?$AA?5?$AA?$CF?$AAl?$AAl?$AAd?$AA?6?$AA?$AA@ 0000000140012dc6     .-remote.o
 0002:00000df2       ??_C@_1CG@NGNGJBNB@?$AAE?$AAr?$AAr?$AAo?$AAr?$AA?5?$AAh?$AAa?$AAp?$AAp?$AAe?$AAn?$AA?5?$AA?$CF?$AAl?$AAl?$AAd?$AA?6?$AA?$AA@ 0000000140012df2     .-remote.o
 0002:00000e18       ??_C@_1FA@MICONLJJ@?$AAE?$AAr?$AAr?$AAo?$AAr?$AA?3?$AA?5?$AAf?$AAa?$AAi?$AAl?$AAe?$AAd?$AA?5?$AAt?$AAo?$AA?5?$AAa?$AAl?$AAl?$AAo?$AAc?$AAa?$AAt?$AAe?$AA?5?$AAm?$AAe?$AAm?$AAo?$AAr?$AAy@ 0000000140012e18     .-runtime_lib.o
 0002:00000e68       ??_C@_1FE@CPMEHOGL@?$AAE?$AAr?$AAr?$AAo?$AAr?$AA?3?$AA?5?$AAf?$AAa?$AAi?$AAl?$AAe?$AAd?$AA?5?$AAt?$AAo?$AA?5?$AAr?$AAe?$AAa?$AAl?$AAl?$AAo?$AAc?$AAa?$AAt?$AAe?$AA?5?$AAm?$AAe?$AAm?$AAo@ 0000000140012e68     .-runtime_lib.o
 0002:00000ebc       ??_C@_1EI@DJFGOBAG@?$AAE?$AAr?$AAr?$AAo?$AAr?$AA?3?$AA?5?$AAf?$AAa?$AAi?$AAl?$AAe?$AAd?$AA?5?$AAt?$AAo?$AA?5?$AAf?$AAr?$AAe?$AAe?$AA?5?$AAm?$AAe?$AAm?$AAo?$AAr?$AAy?$AA?3?$AA?5?$AA?$CF?$AAl@ 0000000140012ebc     .-runtime_lib.o
 0002:00000f04       ??_C@_1CM@EJGKJCED@?$AAA?$AAs?$AAs?$AAe?$AAr?$AAt?$AAi?$AAo?$AAn?$AA?5?$AAf?$AAa?$AAi?$AAl?$AAe?$AAd?$AA?3?$AA?5?$AA?$CF?$AAs?$AA?6?$AA?$AA@ 0000000140012f04     .-runtime_lib.o
 0002:00000f30       ??_C@_1EI@GJCCEHA@?$AAF?$AAi?$AAl?$AAe?$AA?3?$AA?5?$AA?$CF?$AAs?$AA?0?$AA?5?$AAL?$AAi?$AAn?$AAe?$AA?3?$AA?5?$AA?$CF?$AAl?$AAl?$AAd?$AA?0?$AA?5?$AAF?$AAu?$AAn?$AAc?$AAt?$AAi?$AAo?$AAn?$AA?3?$AA?5@ 0000000140012f30     .-runtime_lib.o
 0002:000011ac       ??_C@_1GE@NIGCAFOK@?$AAE?$AAr?$AAr?$AAo?$AAr?$AA?3?$AA?5?$AAg?$AAp?$AAu?$AA?5?$AAw?$AAo?$AAr?$AAk?$AAe?$AAr?$AA?5?$AAd?$AAo?$AAe?$AAn?$AA?8?$AAt?$AA?5?$AAs?$AAu?$AAp?$AAp?$AAo?$AAr?$AAt@ 00000001400131ac     .-runtime.o
 0002:00001210       ??_C@_1IE@FHIKABLD@?$AAE?$AAr?$AAr?$AAo?$AAr?$AA?3?$AA?5?$AAc?$AAa?$AAn?$AA?8?$AAt?$AA?5?$AAr?$AAu?$AAn?$AA?5?$AAr?$AAe?$AAm?$AAo?$AAt?$AAe?$AA?5?$AAw?$AAo?$AAr?$AAk?$AAe?$AAr?$AA?5?$AA?$CF@ 0000000140013210     .-runtime.o
 0002:00001294       ??_C@_1HE@GOIHIEDE@?$AAE?$AAr?$AAr?$AAo?$AAr?$AA?3?$AA?5?$AAp?$AAr?$AAo?$AAv?$AAi?$AAd?$AAe?$AAr?$AA?5?$AA?$CF?$AAl?$AAl?$AAd?$AA?5?$AAd?$AAo?$AAe?$AAs?$AAn?$AA?8?$AAt?$AA?5?$AAs?$AAu?$AAp@ 0000000140013294     .-runtime.o
 0002:00001308       ??_C@_1JE@CPFCJBNI@?$AAE?$AAR?$AAR?$AAO?$AAR?$AA?3?$AA?5?$AAR?$AAu?$AAn?$AAt?$AAi?$AAm?$AAe?$AA?5?$AAe?$AAn?$AAd?$AAp?$AAo?$AAi?$AAn?$AAt?$AA?5?$AA?$CF?$AAl?$AAl?$AAd?$AA?5?$AAd?$AAo?$AAe@ 0000000140013308     .-runtime.o
 0002:0000139c       ??_C@_1HI@GNCDLKLI@?$AAE?$AAr?$AAr?$AAo?$AAr?$AA?3?$AA?5?$AAr?$AAu?$AAn?$AAt?$AAi?$AAm?$AAe?$AA?5?$AAd?$AAo?$AAe?$AAs?$AAn?$AA?8?$AAt?$AA?5?$AAs?$AAu?$AAp?$AAp?$AAo?$AAr?$AAt?$AA?5?$AAs@ 000000014001339c     .-runtime.o
 0002:00001414       ??_C@_1CI@PHCDEMOE@?$AAb?$AAu?$AAi?$AAl?$AAd?$AAi?$AAn?$AAg?$AA?5?$AAk?$AAe?$AAr?$AAn?$AAe?$AAl?$AA?4?$AA?4?$AA?4?$AA?6?$AA?$AA@ 0000000140013414     .-runtime.o
 0002:0000143c       ??_C@_04JNAIOECI@krnl?$AA@ 000000014001343c     .-runtime.o
 0002:00001442       ??_C@_1DI@MMAOAOLJ@?$AAE?$AAr?$AAr?$AAo?$AAr?$AA?3?$AA?5?$AAk?$AAe?$AAr?$AAn?$AAe?$AAl?$AA?5?$AAb?$AAu?$AAi?$AAl?$AAd?$AA?5?$AAf?$AAa?$AAi?$AAl?$AAe?$AAd?$AA?6?$AA?$AA@ 0000000140013442     .-runtime.o
 0002:0000147a       ??_C@_1EK@KKIKLCHH@?$AAG?$AAp?$AAu?$AA?5?$AAs?$AAu?$AAs?$AAs?$AAy?$AAs?$AAt?$AAe?$AAm?$AA?5?$AAi?$AAn?$AAi?$AAt?$AAi?$AAa?$AAl?$AAi?$AAz?$AAa?$AAt?$AAi?$AAo?$AAn?$AA?5?$AAf?$AAa?$AAi@ 000000014001347a     .-runtime.o
 0002:000014c4       ??_C@_1CC@DEIAIPBB@?$AA?4?$AA?4?$AA?1?$AA?4?$AA?4?$AA?1?$AA?4?$AA?4?$AA?1?$AAr?$AAe?$AAs?$AA?4?$AAb?$AAi?$AAn?$AA?$AA@ 00000001400134c4     .-runtime.o
 0002:000014e6       ??_C@_1FC@OGJDIOEJ@?$AAE?$AAr?$AAr?$AAo?$AAr?$AA?3?$AA?5?$AAc?$AAa?$AAn?$AA?8?$AAt?$AA?5?$AAo?$AAp?$AAe?$AAn?$AA?5?$AA?4?$AA?4?$AA?1?$AA?4?$AA?4?$AA?1?$AA?4?$AA?4?$AA?1?$AAr?$AAe?$AAs?$AA?4?$AAb@ 00000001400134e6     .-runtime.o
 0002:00001538       ??_C@_1EG@BBCENLFA@?$AAT?$AAh?$AAi?$AAs?$AA?5?$AAh?$AAi?$AAv?$AAe?$AA?5?$AAw?$AAi?$AAl?$AAl?$AA?5?$AAn?$AAo?$AAt?$AA?5?$AAr?$AAe?$AAa?$AAd?$AA?5?$AAa?$AAn?$AAy?$AA?5?$AAs?$AAt?$AAd?$AAi@ 0000000140013538     .-runtime.o
 0002:0000157e       ??_C@_1EG@OCFMCBJL@?$AAT?$AAh?$AAi?$AAs?$AA?5?$AAh?$AAi?$AAv?$AAe?$AA?5?$AAw?$AAi?$AAl?$AAl?$AA?5?$AAn?$AAo?$AAt?$AA?5?$AAs?$AAt?$AAo?$AAp?$AA?5?$AAe?$AAx?$AAe?$AAc?$AAu?$AAt?$AAi?$AAo@ 000000014001357e     .-runtime.o
 0002:000015c4       ??_C@_1DA@LKDLAMFA@?$AAS?$AAe?$AAt?$AA?5?$AAn?$AAu?$AAm?$AA?5?$AAt?$AAh?$AAr?$AAe?$AAa?$AAd?$AAs?$AA?5?$AA?$DN?$AA?5?$AA?$CF?$AAl?$AAl?$AAd?$AA?6?$AA?$AA@ 00000001400135c4     .-runtime.o
 0002:000015f4       ??_C@_1II@FCFHMELI@?$AAE?$AAr?$AAr?$AAo?$AAr?$AA?3?$AA?5?$AAt?$AAh?$AAi?$AAs?$AA?5?$AAb?$AAu?$AAi?$AAl?$AAd?$AA?5?$AAd?$AAo?$AAe?$AAs?$AAn?$AA?8?$AAt?$AA?5?$AAa?$AAl?$AAl?$AAo?$AAw?$AA?5@ 00000001400135f4     .-runtime.o
 0002:0000167c       ??_C@_1DE@PNGABHJK@?$AAS?$AAe?$AAt?$AA?5?$AAh?$AAi?$AAv?$AAe?$AA?5?$AAa?$AAs?$AA?5?$AAp?$AAr?$AAo?$AAt?$AAe?$AAc?$AAt?$AAo?$AAr?$AAa?$AAt?$AAe?$AA?6?$AA?$AA@ 000000014001367c     .-runtime.o
 0002:000016b0       ??_C@_1DG@MLIAHCGJ@?$AAS?$AAe?$AAt?$AA?5?$AAc?$AAh?$AAu?$AAn?$AAk?$AA?5?$AAt?$AAi?$AAm?$AAe?$AA?5?$AAt?$AAo?$AA?5?$AA?$CF?$AAl?$AAl?$AAd?$AA?5?$AAu?$AAs?$AA?6?$AA?$AA@ 00000001400136b0     .-runtime.o
 0002:000016e6       ??_C@_1EC@FNPNOOPH@?$AAU?$AAn?$AAk?$AAn?$AAo?$AAw?$AAn?$AA?5?$AAc?$AAm?$AAd?$AAl?$AAi?$AAn?$AAe?$AA?5?$AAp?$AAa?$AAr?$AAa?$AAm?$AAe?$AAt?$AAe?$AAr?$AA?3?$AA?5?$AA?$CF?$AAl?$AAl?$AAd?$AA?6@ 00000001400136e6     .-runtime.o
 0002:00001728       ??_C@_1CE@CFOOJILH@?$AAN?$AAU?$AAM?$AA_?$AAT?$AAH?$AAR?$AAE?$AAA?$AAD?$AAS?$AA?$DN?$AA?$CF?$AAl?$AAl?$AAd?$AA?6?$AA?$AA@ 0000000140013728     .-runtime.o
 0002:0000174c       ??_C@_1BI@KEMCAKCM@?$AAR?$AAu?$AAn?$AAn?$AAi?$AAn?$AAg?$AA?4?$AA?4?$AA?4?$AA?6?$AA?$AA@ 000000014001374c     .-runtime.o
 0002:00001764       ??_C@_1KG@MGKLLKBJ@?$AA?9?$AA?9?$AA?9?$AA?9?$AA?9?$AA?9?$AA?9?$AA?9?$AA?9?$AA?9?$AA?9?$AA?9?$AA?9?$AA?9?$AA?9?$AA?9?$AA?9?$AA?9?$AA?9?$AA?9?$AA?9?$AA?9?$AA?9?$AA?9?$AA?9?$AA?9?$AA?9?$AA?9?$AA?9?$AA?9?$AA?9?$AA?9@ 0000000140013764     .-runtime.o
 0002:0000180a       ??_C@_1KC@PDECPKAN@?$AA?9?$AA?9?$AA?9?$AA?9?$AA?9?$AA?9?$AA?9?$AA?9?$AA?9?$AA?9?$AA?9?$AA?9?$AA?9?$AA?9?$AA?9?$AA?9?$AA?9?$AA?9?$AA?9?$AA?9?$AA?9?$AA?9?$AA?9?$AA?9?$AA?9?$AA?9?$AA?9?$AA?9?$AA?9?$AA?9?$AA?9?$AA?9@ 000000014001380a     .-runtime.o
 0002:000018ac       ??_C@_1DK@PNJBIJCI@?$AAP?$AAr?$AAo?$AAg?$AAr?$AAa?$AAm?$AA?5?$AAf?$AAi?$AAn?$AAi?$AAs?$AAh?$AAe?$AAd?$AA?5?$AAi?$AAn?$AA?5?$AA?$CF?$AAl?$AAl?$AAd?$AA?5?$AAm?$AAs?$AA?6?$AA?$AA@ 00000001400138ac     .-runtime.o
 0002:000018e6       ??_C@_1EK@FDFELEEK@?$AAR?$AAe?$AAs?$AAu?$AAl?$AAt?$AA?5?$AAp?$AAr?$AAo?$AAm?$AAi?$AAs?$AAe?$AA?5?$AAn?$AAo?$AAt?$AA?5?$AAf?$AAo?$AAu?$AAn?$AAd?$AA?5?$AAo?$AAn?$AA?5?$AAm?$AAa?$AAc?$AAh@ 00000001400138e6     .-runtime.o
 0002:00001930       ??_C@_1DO@BFPIHEIA@?$AAP?$AAr?$AAo?$AAg?$AAr?$AAa?$AAm?$AA?5?$AAe?$AAx?$AAi?$AAt?$AAe?$AAd?$AA?5?$AAw?$AAi?$AAt?$AAh?$AA?5?$AAc?$AAo?$AAd?$AAe?$AA?5?$AA?$CF?$AAl?$AAl?$AAx?$AA?6?$AA?$AA@ 0000000140013930     .-runtime.o
 0002:0000196e       ??_C@_1CK@DKIDNDNE@?$AAP?$AAr?$AAe?$AAs?$AAs?$AA?5?$AAC?$AAt?$AAr?$AAl?$AA?$CL?$AAC?$AA?5?$AAt?$AAo?$AA?5?$AAe?$AAn?$AAd?$AA?6?$AA?$AA@ 000000014001396e     .-runtime.o
 0002:00001998       ??_C@_1GO@CEANDIOF@?$AAR?$AAe?$AAs?$AAu?$AAl?$AAt?$AA?5?$AAo?$AAf?$AA?5?$AAm?$AAa?$AAi?$AAn?$AA?5?$AAf?$AAu?$AAn?$AAc?$AAt?$AAi?$AAo?$AAn?$AA?5?$AAi?$AAs?$AAn?$AA?8?$AAt?$AA?5?$AAr?$AAe@ 0000000140013998     .-runtime.o
 0002:00001a06       ??_C@_1DI@MLNAPEIE@?$AAS?$AAh?$AAe?$AAd?$AAu?$AAl?$AAe?$AAr?$AAI?$AAn?$AAs?$AAt?$AAa?$AAn?$AAc?$AAe?$AA?5?$AAc?$AAo?$AAm?$AAp?$AAl?$AAe?$AAt?$AAe?$AAd?$AA?6?$AA?$AA@ 0000000140013a06     .-sheduler.o
 0002:00001a3e       ??_C@_13PPFCDPMH@?$AA?$HM?$AA?$AA@ 0000000140013a3e     .-sheduler.o
 0002:00001a42       ??_C@_1DE@BFFMGPEH@?$AA?5?$AA?5?$AA?5?$AA?5?$AA?5?$AA?5?$AA?5?$AAt?$AAh?$AAr?$AAe?$AAa?$AAd?$AA?5?$AA?$CF?$AA0?$AA2?$AAx?$AA?5?$AA?5?$AA?5?$AA?5?$AA?5?$AA?5?$AA?$HM?$AA?$AA@ 0000000140013a42     .-sheduler.o
 0002:00001a76       ??_C@_1FG@CMFEMGFG@?$AA?5?$AA?5?$AAW?$AAa?$AAi?$AAt?$AA?5?$AA?$HM?$AA?5?$AAQ?$AAu?$AAe?$AAu?$AAe?$AA?5?$AA?$HM?$AA?5?$AAR?$AAP?$AAm?$AAi?$AAs?$AAs?$AA?5?$AA?$HM?$AA?5?$AAR?$AAO?$AAr?$AAe?$AAq?$AA?5@ 0000000140013a76     .-sheduler.o
 0002:00001acc       ??_C@_1DA@DAJCMENO@?$AA?5?$AA?5?$AAe?$AAx?$AAe?$AAc?$AA?5?$AA?1?$AA?5?$AAd?$AAo?$AAn?$AAe?$AA?5?$AA?1?$AA?5?$AAs?$AAt?$AAa?$AAl?$AAl?$AA?5?$AA?$HM?$AA?$AA@ 0000000140013acc     .-sheduler.o
 0002:00001afc       ??_C@_1FG@IKPNLAIG@?$AA?5?$AA?5?$AA?5?$AA?5?$AA?5?$AA?5?$AA?5?$AA?$HM?$AA?5?$AA?5?$AA?5?$AA?5?$AA?5?$AA?5?$AA?5?$AA?$HM?$AA?5?$AA?5?$AA?5?$AA?5?$AA?5?$AA?5?$AA?5?$AA?5?$AA?$HM?$AA?5?$AA?5?$AA?5?$AA?5?$AA?5?$AA?5?$AA?5@ 0000000140013afc     .-sheduler.o
 0002:00001b52       ??_C@_1CK@GLKKGPFH@?$AA?5?$AA?$CF?$AA7?$AAl?$AAl?$AAd?$AA?5?$AA?$CF?$AA6?$AAl?$AAl?$AAd?$AA?5?$AA?$CF?$AA5?$AAl?$AAl?$AAd?$AA?5?$AA?$HM?$AA?$AA@ 0000000140013b52     .-sheduler.o
 0002:00001b7c       ??_C@_1FE@OBAMBHOF@?$AA?5?$AA?$CF?$AA5?$AAl?$AAl?$AAd?$AA?5?$AA?$HM?$AA?5?$AA?$CF?$AA5?$AAl?$AAl?$AAd?$AA?5?$AA?$HM?$AA?5?$AA?$CF?$AA6?$AAl?$AAl?$AAd?$AA?5?$AA?$HM?$AA?5?$AA?$CF?$AA5?$AAl?$AAl?$AAd?$AA?5?$AA?$HM@ 0000000140013b7c     .-sheduler.o
 0002:00001bd0       ??_C@_1DM@HCILGOPA@?$AAF?$AAa?$AAi?$AAl?$AAe?$AAd?$AA?5?$AAt?$AAo?$AA?5?$AAc?$AAr?$AAe?$AAa?$AAt?$AAe?$AA?5?$AAt?$AAh?$AAr?$AAe?$AAa?$AAd?$AA?5?$AA?$CF?$AAl?$AAl?$AAd?$AA?6?$AA?$AA@ 0000000140013bd0     .-sheduler.o
 0002:00001c10       RtlNtPathSeperatorString   0000000140013c10     ws2_32:indef.obj
 0002:00001c20       ??_C@_13FPGAJAPJ@?$AA?2@   0000000140013c20     ws2_32:indef.obj
 0002:00001c28       RtlDosPathSeperatorsString 0000000140013c28     ws2_32:indef.obj
 0002:00001c38       ??_C@_15MNCACJLI@?$AA?2?$AA?1@ 0000000140013c38     ws2_32:indef.obj
 0002:00001c40       RtlAlternateDosPathSeperatorString 0000000140013c40     ws2_32:indef.obj
 0002:00001c50       ??_C@_13CGOKJPIL@?$AA?1@   0000000140013c50     ws2_32:indef.obj
 0002:00001c54       eui48_broadcast            0000000140013c54     ws2_32:indef.obj
 0002:00001cd0       scopeid_unspecified        0000000140013cd0     ws2_32:indef.obj
 0002:00001cd4       in4addr_any                0000000140013cd4     ws2_32:indef.obj
 0002:00001cd8       in4addr_loopback           0000000140013cd8     ws2_32:indef.obj
 0002:00001cdc       in4addr_broadcast          0000000140013cdc     ws2_32:indef.obj
 0002:00001ce0       in4addr_allnodesonlink     0000000140013ce0     ws2_32:indef.obj
 0002:00001ce4       in4addr_allroutersonlink   0000000140013ce4     ws2_32:indef.obj
 0002:00001ce8       in4addr_alligmpv3routersonlink 0000000140013ce8     ws2_32:indef.obj
 0002:00001cec       in4addr_allteredohostsonlink 0000000140013cec     ws2_32:indef.obj
 0002:00001cf0       in4addr_linklocalprefix    0000000140013cf0     ws2_32:indef.obj
 0002:00001cf4       in4addr_multicastprefix    0000000140013cf4     ws2_32:indef.obj
 0002:00001cf8       in6addr_any                0000000140013cf8     ws2_32:indef.obj
 0002:00001d08       in6addr_loopback           0000000140013d08     ws2_32:indef.obj
 0002:00001d18       in6addr_allnodesonnode     0000000140013d18     ws2_32:indef.obj
 0002:00001d28       in6addr_allnodesonlink     0000000140013d28     ws2_32:indef.obj
 0002:00001d38       in6addr_allroutersonlink   0000000140013d38     ws2_32:indef.obj
 0002:00001d48       in6addr_allmldv2routersonlink 0000000140013d48     ws2_32:indef.obj
 0002:00001d58       in6addr_teredoinitiallinklocaladdress 0000000140013d58     ws2_32:indef.obj
 0002:00001d68       in6addr_linklocalprefix    0000000140013d68     ws2_32:indef.obj
 0002:00001d78       in6addr_multicastprefix    0000000140013d78     ws2_32:indef.obj
 0002:00001d88       in6addr_solicitednodemulticastprefix 0000000140013d88     ws2_32:indef.obj
 0002:00001d98       in6addr_v4mappedprefix     0000000140013d98     ws2_32:indef.obj
 0002:00001da8       in6addr_6to4prefix         0000000140013da8     ws2_32:indef.obj
 0002:00001db8       in6addr_teredoprefix       0000000140013db8     ws2_32:indef.obj
 0002:00001dc8       in6addr_teredoprefix_old   0000000140013dc8     ws2_32:indef.obj
 0002:00001de8       BUGCHECK_EFI_GUID          0000000140013de8     ws2_32:indef.obj
 0002:00002180       __imp_GdiSetBatchLimit     0000000140014180     gdi32:GDI32.dll
 0002:00002190       __imp_CommandLineToArgvW   0000000140014190     shell32:SHELL32.dll
 0002:000021a0       __imp_AcquireSRWLockExclusive 00000001400141a0     kernel32:KERNEL32.dll
 0002:000021a8       __imp_AcquireSRWLockShared 00000001400141a8     kernel32:KERNEL32.dll
 0002:000021b0       __imp_CloseHandle          00000001400141b0     kernel32:KERNEL32.dll
 0002:000021b8       __imp_CreateEventW         00000001400141b8     kernel32:KERNEL32.dll
 0002:000021c0       __imp_CreateFileW          00000001400141c0     kernel32:KERNEL32.dll
 0002:000021c8       __imp_CreateIoCompletionPort 00000001400141c8     kernel32:KERNEL32.dll
 0002:000021d0       __imp_CreateThread         00000001400141d0     kernel32:KERNEL32.dll
 0002:000021d8       __imp_ExitProcess          00000001400141d8     kernel32:KERNEL32.dll
 0002:000021e0       __imp_GetCommandLineW      00000001400141e0     kernel32:KERNEL32.dll
 0002:000021e8       __imp_GetConsoleMode       00000001400141e8     kernel32:KERNEL32.dll
 0002:000021f0       __imp_GetFileSizeEx        00000001400141f0     kernel32:KERNEL32.dll
 0002:000021f8       __imp_GetLastError         00000001400141f8     kernel32:KERNEL32.dll
 0002:00002200       __imp_GetProcAddress       0000000140014200     kernel32:KERNEL32.dll
 0002:00002208       __imp_GetProcessHeap       0000000140014208     kernel32:KERNEL32.dll
 0002:00002210       __imp_GetQueuedCompletionStatus 0000000140014210     kernel32:KERNEL32.dll
 0002:00002218       __imp_GetStdHandle         0000000140014218     kernel32:KERNEL32.dll
 0002:00002220       __imp_GetThreadContext     0000000140014220     kernel32:KERNEL32.dll
 0002:00002228       __imp_HeapAlloc            0000000140014228     kernel32:KERNEL32.dll
 0002:00002230       __imp_HeapFree             0000000140014230     kernel32:KERNEL32.dll
 0002:00002238       __imp_HeapReAlloc          0000000140014238     kernel32:KERNEL32.dll
 0002:00002240       __imp_LoadLibraryA         0000000140014240     kernel32:KERNEL32.dll
 0002:00002248       __imp_MultiByteToWideChar  0000000140014248     kernel32:KERNEL32.dll
 0002:00002250       __imp_QueryPerformanceCounter 0000000140014250     kernel32:KERNEL32.dll
 0002:00002258       __imp_QueryPerformanceFrequency 0000000140014258     kernel32:KERNEL32.dll
 0002:00002260       __imp_ReadConsoleW         0000000140014260     kernel32:KERNEL32.dll
 0002:00002268       __imp_ReadFile             0000000140014268     kernel32:KERNEL32.dll
 0002:00002270       __imp_ReleaseSRWLockExclusive 0000000140014270     kernel32:KERNEL32.dll
 0002:00002278       __imp_ReleaseSRWLockShared 0000000140014278     kernel32:KERNEL32.dll
 0002:00002280       __imp_ResumeThread         0000000140014280     kernel32:KERNEL32.dll
 0002:00002288       __imp_SetEvent             0000000140014288     kernel32:KERNEL32.dll
 0002:00002290       __imp_SetThreadContext     0000000140014290     kernel32:KERNEL32.dll
 0002:00002298       __imp_Sleep                0000000140014298     kernel32:KERNEL32.dll
 0002:000022a0       __imp_SuspendThread        00000001400142a0     kernel32:KERNEL32.dll
 0002:000022a8       __imp_TlsAlloc             00000001400142a8     kernel32:KERNEL32.dll
 0002:000022b0       __imp_TlsFree              00000001400142b0     kernel32:KERNEL32.dll
 0002:000022b8       __imp_TlsGetValue          00000001400142b8     kernel32:KERNEL32.dll
 0002:000022c0       __imp_TlsSetValue          00000001400142c0     kernel32:KERNEL32.dll
 0002:000022c8       __imp_TryAcquireSRWLockExclusive 00000001400142c8     kernel32:KERNEL32.dll
 0002:000022d0       __imp_VirtualAlloc         00000001400142d0     kernel32:KERNEL32.dll
 0002:000022d8       __imp_WaitForMultipleObjects 00000001400142d8     kernel32:KERNEL32.dll
 0002:000022e0       __imp_WaitForSingleObject  00000001400142e0     kernel32:KERNEL32.dll
 0002:000022e8       __imp_WriteConsoleW        00000001400142e8     kernel32:KERNEL32.dll
 0002:000022f8       __imp_BCryptGenRandom      00000001400142f8     bcrypt:bcrypt.dll
 0002:00002308       __imp_WSAGetLastError      0000000140014308     ws2_32:WS2_32.dll
 0002:00002310       __imp_WSARecv              0000000140014310     ws2_32:WS2_32.dll
 0002:00002318       __imp_WSAStartup           0000000140014318     ws2_32:WS2_32.dll
 0002:00002320       __imp_accept               0000000140014320     ws2_32:WS2_32.dll
 0002:00002328       __imp_bind                 0000000140014328     ws2_32:WS2_32.dll
 0002:00002330       __imp_closesocket          0000000140014330     ws2_32:WS2_32.dll
 0002:00002338       __imp_connect              0000000140014338     ws2_32:WS2_32.dll
 0002:00002340       __imp_freeaddrinfo         0000000140014340     ws2_32:WS2_32.dll
 0002:00002348       __imp_getaddrinfo          0000000140014348     ws2_32:WS2_32.dll
 0002:00002350       __imp_getsockname          0000000140014350     ws2_32:WS2_32.dll
 0002:00002358       __imp_htons                0000000140014358     ws2_32:WS2_32.dll
 0002:00002360       __imp_listen               0000000140014360     ws2_32:WS2_32.dll
 0002:00002368       __imp_ntohs                0000000140014368     ws2_32:WS2_32.dll
 0002:00002370       __imp_send                 0000000140014370     ws2_32:WS2_32.dll
 0002:00002378       __imp_setsockopt           0000000140014378     ws2_32:WS2_32.dll
 0002:00002380       __imp_socket               0000000140014380     ws2_32:WS2_32.dll
 0002:00002390       __imp_clBuildProgram       0000000140014390     OpenCL:OpenCL.dll
 0002:00002398       __imp_clCreateBuffer       0000000140014398     OpenCL:OpenCL.dll
 0002:000023a0       __imp_clCreateCommandQueueWithProperties 00000001400143a0     OpenCL:OpenCL.dll
 0002:000023a8       __imp_clCreateContext      00000001400143a8     OpenCL:OpenCL.dll
 0002:000023b0       __imp_clCreateKernel       00000001400143b0     OpenCL:OpenCL.dll
 0002:000023b8       __imp_clCreateProgramWithSource 00000001400143b8     OpenCL:OpenCL.dll
 0002:000023c0       __imp_clEnqueueNDRangeKernel 00000001400143c0     OpenCL:OpenCL.dll
 0002:000023c8       __imp_clEnqueueReadBuffer  00000001400143c8     OpenCL:OpenCL.dll
 0002:000023d0       __imp_clEnqueueWriteBuffer 00000001400143d0     OpenCL:OpenCL.dll
 0002:000023d8       __imp_clFinish             00000001400143d8     OpenCL:OpenCL.dll
 0002:000023e0       __imp_clGetDeviceIDs       00000001400143e0     OpenCL:OpenCL.dll
 0002:000023e8       __imp_clGetDeviceInfo      00000001400143e8     OpenCL:OpenCL.dll
 0002:000023f0       __imp_clGetKernelArgInfo   00000001400143f0     OpenCL:OpenCL.dll
 0002:000023f8       __imp_clGetPlatformIDs     00000001400143f8     OpenCL:OpenCL.dll
 0002:00002400       __imp_clGetPlatformInfo    0000000140014400     OpenCL:OpenCL.dll
 0002:00002408       __imp_clGetProgramBuildInfo 0000000140014408     OpenCL:OpenCL.dll
 0002:00002410       __imp_clSetKernelArg       0000000140014410     OpenCL:OpenCL.dll
 0003:00000000       server_port                0000000140015000     .-remote.o
 0003:00000008       thisServerId               0000000140015008     .-remote.o
 0003:00000010       NUM_THREADS                0000000140015010     .-runtime.o
 0003:00000018       CHUNK_TIME_US              0000000140015018     .-runtime.o
 0003:00000020       Providers                  0000000140015020     .-runtime.o
 0003:000000c0       AddressFamilyInformation   00000001400150c0     ws2_32:indef.obj
 0003:000000f0       connections_lock           00000001400150f0     .-api.o
 0003:000000f8       connections_len            00000001400150f8     .-api.o
 0003:00000100       pages_lock                 0000000140015100     .-api.o
 0003:00000108       pages_len                  0000000140015108     .-api.o
 0003:00000110       known_id_broadcasts        0000000140015110     .-api.o
 0003:00000130       known_page_broadcasts      0000000140015130     .-api.o
 0003:00000150       known_path_broadcasts      0000000140015150     .-api.o
 0003:00000170       known_path_id_broadcasts   0000000140015170     .-api.o
 0003:00000190       local_objects              0000000140015190     .-api.o
 0003:000001b0       known_objects              00000001400151b0     .-api.o
 0003:000001d0       query_requests             00000001400151d0     .-api.o
 0003:000001f0       push_requests              00000001400151f0     .-api.o
 0003:00000210       known_hives                0000000140015210     .-api.o
 0003:00000230       connections                0000000140015230     .-api.o
 0003:00002230       pages                      0000000140017230     .-api.o
 0003:00002e30       SL_best_platform           0000000140017e30     .-gpu_subsystem.o
 0003:00002e34       SL_best_platform_value     0000000140017e34     .-gpu_subsystem.o
 0003:00002e38       SL_platforms_len           0000000140017e38     .-gpu_subsystem.o
 0003:00002e40       SL_platforms               0000000140017e40     .-gpu_subsystem.o
 0003:00002ec0       SL_devices                 0000000140017ec0     .-gpu_subsystem.o
 0003:000032c0       SL_devices_len             00000001400182c0     .-gpu_subsystem.o
 0003:00003300       SL_main_platform           0000000140018300     .-gpu_subsystem.o
 0003:00003308       SL_context                 0000000140018308     .-gpu_subsystem.o
 0003:00003310       SL_queues                  0000000140018310     .-gpu_subsystem.o
 0003:00003710       SL_queues_len              0000000140018710     .-gpu_subsystem.o
 0003:00003750       queues                     0000000140018750     .-queue.o
 0003:00003b50       queue_size                 0000000140018b50     .-queue.o
 0003:00003b58       ServerIdGetLock            0000000140018b58     .-remote.o
 0003:00003b60       next_local_id              0000000140018b60     .-remote.o
 0003:00003b68       glbStatRemotePathMisses    0000000140018b68     .-remote.o
 0003:00003b70       glbStatRemoteOutputRequests 0000000140018b70     .-remote.o
 0003:00003b78       glbStatRemoteInputRequests 0000000140018b78     .-remote.o
 0003:00003b80       hIOCP                      0000000140018b80     .-remote.o
 0003:00003b90       hHeap                      0000000140018b90     .-runtime_lib.o
 0003:00003b98       hInput                     0000000140018b98     .-runtime_lib.o
 0003:00003ba0       buf                        0000000140018ba0     .-runtime_lib.o
 0003:00013ba0       hOutput                    0000000140028ba0     .-runtime_lib.o
 0003:00013ba8       frequency                  0000000140028ba8     .-runtime_lib.o
 0003:00013bb0       Workers                    0000000140028bb0     .-runtime.o
 0003:00014830       wait_list_lock             0000000140029830     .-runtime.o
 0003:00014838       wait_list_len              0000000140029838     .-runtime.o
 0003:00014840       dwTlsIndex                 0000000140029840     .-runtime.o
 0003:00014850       wait_list                  0000000140029850     .-runtime.o
 0003:000d7d50       defined_arrays             00000001400ecd50     .-runtime.o
 0003:000d7d58       hContinueEvent             00000001400ecd58     .-sheduler.o
 0003:000d7d60       glbMasterInfo              00000001400ecd60     .-sheduler.o
 0003:000d7d68       ExPoolZeroingNativelySupported 00000001400ecd68     ws2_32:indef.obj

 entry point at         0001:0000eb00

 Static symbols

 0001:000037d0       GetKnownHiveHash           00000001400047d0     .-api.o
 0001:00007360       p                          0000000140008360     .-queue.o
 0001:00009e00       Worker                     000000014000ae00     .-remote.o
 0001:0000a350       ConnectionListnerWorker    000000014000b350     .-remote.o
 0001:0000a550       PagesAllocator             000000014000b550     .-remote.o
 0001:0000a620       StateSender                000000014000b620     .-remote.o
 0001:0000a720       HandleApiCall              000000014000b720     .-remote.o
 0001:0000fb9c       .text                      0000000140010b9c     asm.o
 0002:00001c60       IPSEC_AUTH_TRANSFORM_ID_HMAC_MD5_96 0000000140013c60     ws2_32:indef.obj
 0002:00001c68       IPSEC_AUTH_TRANSFORM_ID_HMAC_SHA_1_96 0000000140013c68     ws2_32:indef.obj
 0002:00001c70       IPSEC_AUTH_TRANSFORM_ID_HMAC_SHA_256_128 0000000140013c70     ws2_32:indef.obj
 0002:00001c78       IPSEC_AUTH_TRANSFORM_ID_GCM_AES_128 0000000140013c78     ws2_32:indef.obj
 0002:00001c80       IPSEC_AUTH_TRANSFORM_ID_GCM_AES_192 0000000140013c80     ws2_32:indef.obj
 0002:00001c88       IPSEC_AUTH_TRANSFORM_ID_GCM_AES_256 0000000140013c88     ws2_32:indef.obj
 0002:00001c90       IPSEC_CIPHER_TRANSFORM_ID_CBC_DES 0000000140013c90     ws2_32:indef.obj
 0002:00001c98       IPSEC_CIPHER_TRANSFORM_ID_CBC_3DES 0000000140013c98     ws2_32:indef.obj
 0002:00001ca0       IPSEC_CIPHER_TRANSFORM_ID_AES_128 0000000140013ca0     ws2_32:indef.obj
 0002:00001ca8       IPSEC_CIPHER_TRANSFORM_ID_AES_192 0000000140013ca8     ws2_32:indef.obj
 0002:00001cb0       IPSEC_CIPHER_TRANSFORM_ID_AES_256 0000000140013cb0     ws2_32:indef.obj
 0002:00001cb8       IPSEC_CIPHER_TRANSFORM_ID_GCM_AES_128 0000000140013cb8     ws2_32:indef.obj
 0002:00001cc0       IPSEC_CIPHER_TRANSFORM_ID_GCM_AES_192 0000000140013cc0     ws2_32:indef.obj
 0002:00001cc8       IPSEC_CIPHER_TRANSFORM_ID_GCM_AES_256 0000000140013cc8     ws2_32:indef.obj
 0002:00001dd8       BFE_GENERIC_MAPPING        0000000140013dd8     ws2_32:indef.obj
 0003:000d7d69       WFP_TRACE_NULL_DATA        00000001400ecd69     ws2_32:indef.obj
 0004:00000000       .data                      00000001400ed000     asm.o
