 a

 Timestamp is 6981b904 (Tue Feb  3 11:59:48 2026)

 Preferred load address is 0000000140000000

 Start         Length     Name                   Class
 0001:00000000 0000b5edH .text                   CODE
 0002:00000000 00001c60H .rdata                  DATA
 0003:00000000 00000064H .data                   DATA
 0003:00000064 000dbdc6H .bss                    DATA
 0004:00000000 00000200H .data                   DATA

  Address         Publics by Value              Rva+Base               Lib:Object

 0001:00000000       gpuPauseWorker             0000000140001000     .-gpu-await_worker.o
 0001:00000090       gpuUpdateWaitingWorker     0000000140001090     .-gpu-await_worker.o
 0001:00000220       gpuCallObject              0000000140001220     .-gpu-call_object.o
 0001:000002a0       gpuExecuteWorker           00000001400012a0     .-gpu-execute_worker.o
 0001:00000510       gpuNewObjectUsingPage      0000000140001510     .-gpu-new_object.o
 0001:000006e0       gpuNewObject               00000001400016e0     .-gpu-new_object.o
 0001:000007e0       gpuPushObject              00000001400017e0     .-gpu-push_object.o
 0001:00000820       gpuPushPipe                0000000140001820     .-gpu-push_object.o
 0001:00000860       gpuQueryObject             0000000140001860     .-gpu-query_object.o
 0001:000008a0       gpuQueryPipe               00000001400018a0     .-gpu-query_object.o
 0001:000008e0       x64PauseWorker             00000001400018e0     .-x64-await_worker.o
 0001:00000980       x64UpdateWaitingWorker     0000000140001980     .-x64-await_worker.o
 0001:00000bf0       x64CallObject              0000000140001bf0     .-x64-call_object.o
 0001:00000c70       x64ExecuteWorker           0000000140001c70     .-x64-execute_worker.o
 0001:00000cc0       x64NewObjectUsingPage      0000000140001cc0     .-x64-new_object.o
 0001:00001030       x64NewObject               0000000140002030     .-x64-new_object.o
 0001:00001130       x64UpdateLocalPush         0000000140002130     .-x64-push_object.o
 0001:00001220       x64PushObject              0000000140002220     .-x64-push_object.o
 0001:00001490       x64PushPipe                0000000140002490     .-x64-push_object.o
 0001:000014c0       x64QueryLocalObject        00000001400024c0     .-x64-query_object.o
 0001:00001620       x64QueryObject             0000000140002620     .-x64-query_object.o
 0001:00001820       x64QueryPipe               0000000140002820     .-x64-query_object.o
 0001:00001850       equal_bytes                0000000140002850     .-api.o
 0001:000018e0       GetHashtableNoLock         00000001400028e0     .-api.o
 0001:00001a10       SetHashtableNoLock         0000000140002a10     .-api.o
 0001:00001d10       GetHashtable               0000000140002d10     .-api.o
 0001:00001d70       SetHashtable               0000000140002d70     .-api.o
 0001:00001dc0       InitInternalStructures     0000000140002dc0     .-api.o
 0001:00002100       anyCastProvider            0000000140003100     .-cast_provider.o
 0001:000021a0       init_gpu_subsystem         00000001400031a0     .-gpu_subsystem.o
 0001:00003c20       gpuBuildFromText           0000000140004c20     .-gpu_subsystem.o
 0001:00003f00       gpuAlloc                   0000000140004f00     .-gpu_subsystem.o
 0001:00003f40       gpuRun                     0000000140004f40     .-gpu_subsystem.o
 0001:00003ff0       gpuFinishQueuesOnPlatform  0000000140004ff0     .-gpu_subsystem.o
 0001:00004070       gpuFinishQueue             0000000140005070     .-gpu_subsystem.o
 0001:000040b0       StartInitialProcess        00000001400050b0     .-hive_entry.o
 0001:000042c0       GetConnectionById          00000001400052c0     .-remote.o
 0001:00004350       ConfirmPage                0000000140005350     .-remote.o
 0001:000043e0       ConfirmID                  00000001400053e0     .-remote.o
 0001:00004430       HandleNewConnection        0000000140005430     .-remote.o
 0001:00004610       UpdateWaitingPush          0000000140005610     .-remote.o
 0001:00004890       AnswerPushObject           0000000140005890     .-remote.o
 0001:00004950       SendPageAllocationConfirm  0000000140005950     .-remote.o
 0001:000049d0       SendIDConfirm              00000001400059d0     .-remote.o
 0001:00004a50       RedirectBroadcastQuery     0000000140005a50     .-remote.o
 0001:00004bb0       RedirectBroadcastIDQuery   0000000140005bb0     .-remote.o
 0001:00004d10       ConfirmConnection          0000000140005d10     .-remote.o
 0001:00004e80       InitiateConnection         0000000140005e80     .-remote.o
 0001:000051a0       RequestMemoryPage          00000001400061a0     .-remote.o
 0001:00005290       RequestServerId            0000000140006290     .-remote.o
 0001:00005390       AnswerQueryObject          0000000140006390     .-remote.o
 0001:00005490       AnswerRequestObjectPath    0000000140006490     .-remote.o
 0001:000055b0       RequestObjectPathBroadcast 00000001400065b0     .-remote.o
 0001:000057a0       AnswerRequestPathToID      00000001400067a0     .-remote.o
 0001:000058c0       RequestPathToIDBroadcast   00000001400068c0     .-remote.o
 0001:00005ab0       RequestObjectGet           0000000140006ab0     .-remote.o
 0001:00005bc0       RequestObjectSet           0000000140006bc0     .-remote.o
 0001:00005d80       StartNewWorkerRemote       0000000140006d80     .-remote.o
 0001:00005e90       SendHiveState              0000000140006e90     .-remote.o
 0001:00006040       start_remote_subsystem     0000000140007040     .-remote.o
 0001:00008650       memset                     0000000140009650     .-runtime_lib.o
 0001:000086b0       memcpy                     00000001400096b0     .-runtime_lib.o
 0001:00008720       myMalloc                   0000000140009720     .-runtime_lib.o
 0001:00008770       myPrintf                   0000000140009770     .-runtime_lib.o
 0001:00008aa0       myRealloc                  0000000140009aa0     .-runtime_lib.o
 0001:00008b00       myFree                     0000000140009b00     .-runtime_lib.o
 0001:00008b40       myAtoll                    0000000140009b40     .-runtime_lib.o
 0001:00008c80       get_char                   0000000140009c80     .-runtime_lib.o
 0001:00008d60       myScanI64                  0000000140009d60     .-runtime_lib.o
 0001:00008df0       myScanS                    0000000140009df0     .-runtime_lib.o
 0001:00008ef0       PrintI64                   0000000140009ef0     .-runtime_lib.o
 0001:00008fc0       PrintI64H                  0000000140009fc0     .-runtime_lib.o
 0001:00009060       Print2H                    000000014000a060     .-runtime_lib.o
 0001:00009100       assertion_failure          000000014000a100     .-runtime_lib.o
 0001:00009150       myAbs                      000000014000a150     .-runtime_lib.o
 0001:00009180       MicrosecondsToTicks        000000014000a180     .-runtime_lib.o
 0001:000091a0       TicksToMicroseconds        000000014000a1a0     .-runtime_lib.o
 0001:000091c0       GetTicks                   000000014000a1c0     .-runtime_lib.o
 0001:000091e0       SheduleTimeoutFromNow      000000014000a1e0     .-runtime_lib.o
 0001:00009220       init_lib                   000000014000a220     .-runtime_lib.o
 0001:00009270       RegisterObjectWithId       000000014000a270     .-runtime.o
 0001:000092a0       GetNewObjectId             000000014000a2a0     .-runtime.o
 0001:00009390       universalPauseWorker       000000014000a390     .-runtime.o
 0001:00009420       universalUpdateLocalPush   000000014000a420     .-runtime.o
 0001:00009480       UpdateFromQueryResult      000000014000a480     .-runtime.o
 0001:00009500       PrintObject                000000014000a500     .-runtime.o
 0001:00009610       WaitListWorker             000000014000a610     .-runtime.o
 0001:000096e0       EnqueueWorkerFromWaitList  000000014000a6e0     .-runtime.o
 0001:00009770       EnqueueWorker              000000014000a770     .-runtime.o
 0001:000097c0       UpdateWaitingWorkers       000000014000a7c0     .-runtime.o
 0001:000098e0       SheduleWorker              000000014000a8e0     .-runtime.o
 0001:00009a50       StartNewWorker             000000014000aa50     .-runtime.o
 0001:00009d30       LoadWorker                 000000014000ad30     .-runtime.o
 0001:0000aa00       ShedulerInstance           000000014000ba00     .-runtime.o
 0001:0000ab00       entry                      000000014000bb00     .-runtime.o
 0001:0000b064       x64_fastPushObject         000000014000c064     asm.o
 0001:0000b0e0       x64_fastQueryObject        000000014000c0e0     asm.o
 0001:0000b15c       x64_fastNewObject          000000014000c15c     asm.o
 0001:0000b1d8       x64_fastCallObject         000000014000c1d8     asm.o
 0001:0000b254       x64_fastPushPipe           000000014000c254     asm.o
 0001:0000b2d0       x64_fastQueryPipe          000000014000c2d0     asm.o
 0001:0000b34c       gpu_fastNewObject          000000014000c34c     asm.o
 0001:0000b3c8       gpu_fastCallObject         000000014000c3c8     asm.o
 0001:0000b444       any_fastCastProvider       000000014000c444     asm.o
 0001:0000b4c0       x64AsmExecuteWorker        000000014000c4c0     asm.o
 0001:0000b507       setjmpUN                   000000014000c507     asm.o
 0001:0000b53a       longjmpUN                  000000014000c53a     asm.o
 0001:0000b563       DllCall                    000000014000c563     asm.o
 0001:0000b5f0       CommandLineToArgvW         000000014000c5f0     shell32:SHELL32.dll
 0001:0000b600       AcquireSRWLockExclusive    000000014000c600     kernel32:KERNEL32.dll
 0001:0000b610       AcquireSRWLockShared       000000014000c610     kernel32:KERNEL32.dll
 0001:0000b620       CloseHandle                000000014000c620     kernel32:KERNEL32.dll
 0001:0000b630       CreateFileW                000000014000c630     kernel32:KERNEL32.dll
 0001:0000b640       CreateIoCompletionPort     000000014000c640     kernel32:KERNEL32.dll
 0001:0000b650       CreateThread               000000014000c650     kernel32:KERNEL32.dll
 0001:0000b660       ExitProcess                000000014000c660     kernel32:KERNEL32.dll
 0001:0000b670       GetCommandLineW            000000014000c670     kernel32:KERNEL32.dll
 0001:0000b680       GetConsoleMode             000000014000c680     kernel32:KERNEL32.dll
 0001:0000b690       GetFileSizeEx              000000014000c690     kernel32:KERNEL32.dll
 0001:0000b6a0       GetLastError               000000014000c6a0     kernel32:KERNEL32.dll
 0001:0000b6b0       GetProcAddress             000000014000c6b0     kernel32:KERNEL32.dll
 0001:0000b6c0       GetProcessHeap             000000014000c6c0     kernel32:KERNEL32.dll
 0001:0000b6d0       GetQueuedCompletionStatus  000000014000c6d0     kernel32:KERNEL32.dll
 0001:0000b6e0       GetStdHandle               000000014000c6e0     kernel32:KERNEL32.dll
 0001:0000b6f0       HeapAlloc                  000000014000c6f0     kernel32:KERNEL32.dll
 0001:0000b700       HeapFree                   000000014000c700     kernel32:KERNEL32.dll
 0001:0000b710       HeapReAlloc                000000014000c710     kernel32:KERNEL32.dll
 0001:0000b720       LoadLibraryA               000000014000c720     kernel32:KERNEL32.dll
 0001:0000b730       MultiByteToWideChar        000000014000c730     kernel32:KERNEL32.dll
 0001:0000b740       QueryPerformanceCounter    000000014000c740     kernel32:KERNEL32.dll
 0001:0000b750       QueryPerformanceFrequency  000000014000c750     kernel32:KERNEL32.dll
 0001:0000b760       ReadConsoleW               000000014000c760     kernel32:KERNEL32.dll
 0001:0000b770       ReadFile                   000000014000c770     kernel32:KERNEL32.dll
 0001:0000b780       ReleaseSRWLockExclusive    000000014000c780     kernel32:KERNEL32.dll
 0001:0000b790       ReleaseSRWLockShared       000000014000c790     kernel32:KERNEL32.dll
 0001:0000b7a0       Sleep                      000000014000c7a0     kernel32:KERNEL32.dll
 0001:0000b7b0       TlsAlloc                   000000014000c7b0     kernel32:KERNEL32.dll
 0001:0000b7c0       TlsFree                    000000014000c7c0     kernel32:KERNEL32.dll
 0001:0000b7d0       TlsGetValue                000000014000c7d0     kernel32:KERNEL32.dll
 0001:0000b7e0       TlsSetValue                000000014000c7e0     kernel32:KERNEL32.dll
 0001:0000b7f0       TryAcquireSRWLockExclusive 000000014000c7f0     kernel32:KERNEL32.dll
 0001:0000b800       VirtualAlloc               000000014000c800     kernel32:KERNEL32.dll
 0001:0000b810       WaitForMultipleObjects     000000014000c810     kernel32:KERNEL32.dll
 0001:0000b820       WriteConsoleW              000000014000c820     kernel32:KERNEL32.dll
 0001:0000b830       BCryptGenRandom            000000014000c830     bcrypt:bcrypt.dll
 0001:0000b840       WSARecv                    000000014000c840     ws2_32:WS2_32.dll
 0001:0000b850       WSAStartup                 000000014000c850     ws2_32:WS2_32.dll
 0001:0000b860       accept                     000000014000c860     ws2_32:WS2_32.dll
 0001:0000b870       bind                       000000014000c870     ws2_32:WS2_32.dll
 0001:0000b880       closesocket                000000014000c880     ws2_32:WS2_32.dll
 0001:0000b890       connect                    000000014000c890     ws2_32:WS2_32.dll
 0001:0000b8a0       freeaddrinfo               000000014000c8a0     ws2_32:WS2_32.dll
 0001:0000b8b0       getaddrinfo                000000014000c8b0     ws2_32:WS2_32.dll
 0001:0000b8c0       getsockname                000000014000c8c0     ws2_32:WS2_32.dll
 0001:0000b8d0       htons                      000000014000c8d0     ws2_32:WS2_32.dll
 0001:0000b8e0       listen                     000000014000c8e0     ws2_32:WS2_32.dll
 0001:0000b8f0       ntohs                      000000014000c8f0     ws2_32:WS2_32.dll
 0001:0000b900       send                       000000014000c900     ws2_32:WS2_32.dll
 0001:0000b910       setsockopt                 000000014000c910     ws2_32:WS2_32.dll
 0001:0000b920       socket                     000000014000c920     ws2_32:WS2_32.dll
 0001:0000b930       clBuildProgram             000000014000c930     OpenCL:OpenCL.dll
 0001:0000b940       clCreateBuffer             000000014000c940     OpenCL:OpenCL.dll
 0001:0000b950       clCreateCommandQueueWithProperties 000000014000c950     OpenCL:OpenCL.dll
 0001:0000b960       clCreateContext            000000014000c960     OpenCL:OpenCL.dll
 0001:0000b970       clCreateKernel             000000014000c970     OpenCL:OpenCL.dll
 0001:0000b980       clCreateProgramWithSource  000000014000c980     OpenCL:OpenCL.dll
 0001:0000b990       clEnqueueNDRangeKernel     000000014000c990     OpenCL:OpenCL.dll
 0001:0000b9a0       clFinish                   000000014000c9a0     OpenCL:OpenCL.dll
 0001:0000b9b0       clGetDeviceIDs             000000014000c9b0     OpenCL:OpenCL.dll
 0001:0000b9c0       clGetDeviceInfo            000000014000c9c0     OpenCL:OpenCL.dll
 0001:0000b9d0       clGetPlatformIDs           000000014000c9d0     OpenCL:OpenCL.dll
 0001:0000b9e0       clGetPlatformInfo          000000014000c9e0     OpenCL:OpenCL.dll
 0001:0000b9f0       clGetProgramBuildInfo      000000014000c9f0     OpenCL:OpenCL.dll
 0002:00000000       ??_C@_1CG@CCFDEFBF@?$AAR?$AAU?$AAN?$AA?5?$AAG?$AAP?$AAU?$AA?5?$AAw?$AAo?$AAr?$AAk?$AAe?$AAr?$AA?$DN?$AA?$CF?$AAp?$AA?6?$AA?$AA@ 000000014000d000     .-gpu-execute_worker.o
 0002:0000003c       ??_C@_1FM@LBBNKNII@?$AAE?$AAR?$AAR?$AAO?$AAR?$AA?3?$AA?5?$AAP?$AAi?$AAp?$AAe?$AAs?$AA?5?$AAa?$AAr?$AAe?$AA?5?$AAu?$AAn?$AAs?$AAu?$AAp?$AAp?$AAo?$AAr?$AAt?$AAe?$AAd?$AA?5?$AAo?$AAn?$AA?5@ 000000014000d03c     .-gpu-new_object.o
 0002:00000098       ??_C@_1GM@BNFAKJM@?$AAE?$AAR?$AAR?$AAO?$AAR?$AA?3?$AA?5?$AAP?$AAi?$AAp?$AAe?$AAs?$AA?5?$AAa?$AAr?$AAe?$AA?5?$AAu?$AAn?$AAs?$AAu?$AAp?$AAp?$AAo?$AAr?$AAt?$AAe?$AAd?$AA?5?$AAo?$AAn?$AA?5@ 000000014000d098     .-gpu-new_object.o
 0002:00000104       ??_C@_1EG@FBJBJMFK@?$AAN?$AAO?$AAT?$AA?5?$AAS?$AAU?$AAP?$AAP?$AAO?$AAR?$AAT?$AAE?$AAD?$AA?3?$AA?5?$AAp?$AAu?$AAs?$AAh?$AA?5?$AAi?$AAn?$AA?5?$AAg?$AAp?$AAu?$AA?5?$AAo?$AAb?$AAj?$AAe?$AAc@ 000000014000d104     .-gpu-push_object.o
 0002:0000014a       ??_C@_1FE@GJLEMBH@?$AAN?$AAO?$AAT?$AA?5?$AAS?$AAU?$AAP?$AAP?$AAO?$AAR?$AAT?$AAE?$AAD?$AA?3?$AA?5?$AAp?$AAu?$AAs?$AAh?$AA?5?$AAi?$AAn?$AA?5?$AAg?$AAp?$AAu?$AA?5?$AAo?$AAb?$AAj?$AAe?$AAc@ 000000014000d14a     .-gpu-push_object.o
 0002:0000019e       ??_C@_1EI@EPHKLIAN@?$AAN?$AAO?$AAT?$AA?5?$AAS?$AAU?$AAP?$AAP?$AAO?$AAR?$AAT?$AAE?$AAD?$AA?3?$AA?5?$AAq?$AAu?$AAe?$AAr?$AAy?$AA?5?$AAi?$AAn?$AA?5?$AAg?$AAp?$AAu?$AA?5?$AAo?$AAb?$AAj?$AAe@ 000000014000d19e     .-gpu-query_object.o
 0002:000001e6       ??_C@_1FG@PCBNEEAC@?$AAN?$AAO?$AAT?$AA?5?$AAS?$AAU?$AAP?$AAP?$AAO?$AAR?$AAT?$AAE?$AAD?$AA?3?$AA?5?$AAq?$AAu?$AAe?$AAr?$AAy?$AA?5?$AAi?$AAn?$AA?5?$AAg?$AAp?$AAu?$AA?5?$AAo?$AAb?$AAj?$AAe@ 000000014000d1e6     .-gpu-query_object.o
 0002:0000024c       ??_C@_1DO@IALLLPBG@?$AAN?$AAO?$AAT?$AA?5?$AAI?$AAM?$AAP?$AAL?$AAE?$AAM?$AAE?$AAN?$AAT?$AAE?$AAD?$AA?5?$AAW?$AAA?$AAI?$AAT?$AAI?$AAN?$AAG?$AA_?$AAT?$AAI?$AAM?$AAE?$AAR?$AA?6?$AA?$AA@ 000000014000d24c     .-x64-await_worker.o
 0002:0000028a       ??_C@_1BG@KNJPCEOH@?$AAw?$AAo?$AAr?$AAk?$AAe?$AAr?$AA?$DN?$AA?$CF?$AAp?$AA?6?$AA?$AA@ 000000014000d28a     .-x64-execute_worker.o
 0002:000002d4       ??_C@_1EC@IPADNJOO@?$AAc?$AAo?$AAn?$AAv?$AAe?$AAr?$AAt?$AA?5?$AA?$CF?$AAp?$AA?5?$AA?$FL?$AAt?$AAy?$AAp?$AAe?$AAs?$AA?5?$AA?$CF?$AAl?$AAl?$AAd?$AA?5?$AA?9?$AA?$DO?$AA?5?$AA?$CF?$AAl?$AAl?$AAd?$AA?$FN?$AA?6@ 000000014000d2d4     .-cast_provider.o
 0002:00000316       ??_C@_1IA@HIJJNPCH@?$AAE?$AAR?$AAR?$AAO?$AAR?$AA?3?$AA?5?$AAn?$AAo?$AAt?$AA?5?$AAs?$AAu?$AAp?$AAp?$AAo?$AAr?$AAt?$AAe?$AAd?$AA?5?$AAc?$AAo?$AAn?$AAv?$AAe?$AAr?$AAs?$AAi?$AAo?$AAn?$AA?5@ 000000014000d316     .-cast_provider.o
 0002:00000396       ??_C@_1DK@FINICEEJ@?$AAG?$AAo?$AAt?$AA?5?$AAa?$AAt?$AA?5?$AAl?$AAe?$AAa?$AAs?$AAt?$AA?5?$AA?$CF?$AAl?$AAl?$AAd?$AA?5?$AAp?$AAl?$AAa?$AAt?$AAf?$AAo?$AAr?$AAm?$AAs?$AA?6?$AA?$AA@ 000000014000d396     .-gpu_subsystem.o
 0002:000003d0       ??_C@_1CA@OOAPHHDP@?$AAP?$AAl?$AAa?$AAt?$AAf?$AAo?$AAr?$AAm?$AA?5?$AA?$CF?$AAl?$AAl?$AAd?$AA?3?$AA?6?$AA?$AA@ 000000014000d3d0     .-gpu_subsystem.o
 0002:000003f0       ??_C@_1DK@CFKCPDLH@?$AA?7?$AA?$CF?$AAl?$AAl?$AAd?$AA?4?$AAN?$AAa?$AAm?$AAe?$AA?5?$AA?5?$AA?5?$AA?5?$AA?5?$AA?5?$AA?5?$AA?5?$AA?5?$AA?5?$AA?5?$AA?5?$AA?5?$AA?3?$AA?5?$AA?$CF?$AAs?$AA?6?$AA?$AA@ 000000014000d3f0     .-gpu_subsystem.o
 0002:0000042a       ??_C@_1DK@PKNJPDCN@?$AA?7?$AA?$CF?$AAl?$AAl?$AAd?$AA?4?$AAV?$AAe?$AAn?$AAd?$AAo?$AAr?$AA?5?$AA?5?$AA?5?$AA?5?$AA?5?$AA?5?$AA?5?$AA?5?$AA?5?$AA?5?$AA?5?$AA?3?$AA?5?$AA?$CF?$AAs?$AA?6?$AA?$AA@ 000000014000d42a     .-gpu_subsystem.o
 0002:00000464       ??_C@_1DK@BCHMBHFB@?$AA?7?$AA?$CF?$AAl?$AAl?$AAd?$AA?4?$AAV?$AAe?$AAr?$AAs?$AAi?$AAo?$AAn?$AA?5?$AA?5?$AA?5?$AA?5?$AA?5?$AA?5?$AA?5?$AA?5?$AA?5?$AA?5?$AA?3?$AA?5?$AA?$CF?$AAs?$AA?6?$AA?$AA@ 000000014000d464     .-gpu_subsystem.o
 0002:0000049e       ??_C@_1DK@PPLGHIMI@?$AA?7?$AA?$CF?$AAl?$AAl?$AAd?$AA?4?$AAP?$AAr?$AAo?$AAf?$AAi?$AAl?$AAe?$AA?5?$AA?5?$AA?5?$AA?5?$AA?5?$AA?5?$AA?5?$AA?5?$AA?5?$AA?5?$AA?3?$AA?5?$AA?$CF?$AAs?$AA?6?$AA?$AA@ 000000014000d49e     .-gpu_subsystem.o
 0002:000004d8       ??_C@_1DK@KGLDJAGB@?$AA?7?$AA?$CF?$AAl?$AAl?$AAd?$AA?4?$AAE?$AAx?$AAt?$AAe?$AAn?$AAs?$AAi?$AAo?$AAn?$AAs?$AA?5?$AA?5?$AA?5?$AA?5?$AA?5?$AA?5?$AA?5?$AA?3?$AA?5?$AA?$CF?$AAs?$AA?6?$AA?$AA@ 000000014000d4d8     .-gpu_subsystem.o
 0002:00000512       ??_C@_1DO@JAHGICMH@?$AA?7?$AA?$CF?$AAl?$AAl?$AAd?$AA?4?$AAT?$AAi?$AAm?$AAe?$AAr?$AA?5?$AAR?$AAe?$AAs?$AAo?$AAl?$AAu?$AAt?$AAi?$AAo?$AAn?$AA?5?$AA?3?$AA?5?$AA?$CF?$AAl?$AAl?$AAd?$AA?6?$AA?$AA@ 000000014000d512     .-gpu_subsystem.o
 0002:00000550       ??_C@_13LBAGMAIH@?$AA?6?$AA?$AA@ 000000014000d550     .-gpu_subsystem.o
 0002:00000554       ??_C@_1FE@GFHOHNKH@?$AAp?$AAl?$AAa?$AAt?$AAf?$AAo?$AAr?$AAm?$AA?5?$AA?$CF?$AAl?$AAl?$AAd?$AA?3?$AA?5?$AAG?$AAo?$AAt?$AA?5?$AAa?$AAt?$AA?5?$AAl?$AAe?$AAa?$AAs?$AAt?$AA?5?$AA?$CF?$AAl?$AAl?$AAd@ 000000014000d554     .-gpu_subsystem.o
 0002:000005a8       ??_C@_1BM@MMFNNAKO@?$AAD?$AAe?$AAv?$AAi?$AAc?$AAe?$AA?5?$AA?$CF?$AAl?$AAl?$AAd?$AA?3?$AA?6?$AA?$AA@ 000000014000d5a8     .-gpu_subsystem.o
 0002:000005c4       ??_C@_1FG@GKDLJBIA@?$AA?7?$AA?$CF?$AAl?$AAl?$AAd?$AA?4?$AA?$CF?$AAl?$AAl?$AAd?$AA?4?$AAN?$AAa?$AAm?$AAe?$AA?5?$AA?5?$AA?5?$AA?5?$AA?5?$AA?5?$AA?5?$AA?5?$AA?5?$AA?5?$AA?5?$AA?5?$AA?5?$AA?5?$AA?5?$AA?5?$AA?5@ 000000014000d5c4     .-gpu_subsystem.o
 0002:0000061a       ??_C@_1FK@JCGLFMHC@?$AA?7?$AA?$CF?$AAl?$AAl?$AAd?$AA?4?$AA?$CF?$AAl?$AAl?$AAd?$AA?4?$AAA?$AAv?$AAa?$AAi?$AAl?$AAa?$AAb?$AAl?$AAe?$AA?5?$AA?5?$AA?5?$AA?5?$AA?5?$AA?5?$AA?5?$AA?5?$AA?5?$AA?5?$AA?5?$AA?5@ 000000014000d61a     .-gpu_subsystem.o
 0002:00000674       ??_C@_1FK@PNFJMFNM@?$AA?7?$AA?$CF?$AAl?$AAl?$AAd?$AA?4?$AA?$CF?$AAl?$AAl?$AAd?$AA?4?$AAT?$AAy?$AAp?$AAe?$AA?5?$AA?5?$AA?5?$AA?5?$AA?5?$AA?5?$AA?5?$AA?5?$AA?5?$AA?5?$AA?5?$AA?5?$AA?5?$AA?5?$AA?5?$AA?5?$AA?5@ 000000014000d674     .-gpu_subsystem.o
 0002:000006ce       ??_C@_1FG@OJFNKBCG@?$AA?7?$AA?$CF?$AAl?$AAl?$AAd?$AA?4?$AA?$CF?$AAl?$AAl?$AAd?$AA?4?$AAV?$AAe?$AAn?$AAd?$AAo?$AAr?$AA?5?$AA?5?$AA?5?$AA?5?$AA?5?$AA?5?$AA?5?$AA?5?$AA?5?$AA?5?$AA?5?$AA?5?$AA?5?$AA?5?$AA?5@ 000000014000d6ce     .-gpu_subsystem.o
 0002:00000724       ??_C@_1FG@LICMMOCB@?$AA?7?$AA?$CF?$AAl?$AAl?$AAd?$AA?4?$AA?$CF?$AAl?$AAl?$AAd?$AA?4?$AAD?$AAr?$AAi?$AAv?$AAe?$AAr?$AA?5?$AAV?$AAe?$AAr?$AAs?$AAi?$AAo?$AAn?$AA?5?$AA?5?$AA?5?$AA?5?$AA?5?$AA?5?$AA?5@ 000000014000d724     .-gpu_subsystem.o
 0002:0000077a       ??_C@_1FG@GEMKEAJB@?$AA?7?$AA?$CF?$AAl?$AAl?$AAd?$AA?4?$AA?$CF?$AAl?$AAl?$AAd?$AA?4?$AAD?$AAe?$AAv?$AAi?$AAc?$AAe?$AA?5?$AAV?$AAe?$AAr?$AAs?$AAi?$AAo?$AAn?$AA?5?$AA?5?$AA?5?$AA?5?$AA?5?$AA?5?$AA?5@ 000000014000d77a     .-gpu_subsystem.o
 0002:000007d0       ??_C@_1FG@MPCNGFNE@?$AA?7?$AA?$CF?$AAl?$AAl?$AAd?$AA?4?$AA?$CF?$AAl?$AAl?$AAd?$AA?4?$AAP?$AAr?$AAo?$AAf?$AAi?$AAl?$AAe?$AA?5?$AA?5?$AA?5?$AA?5?$AA?5?$AA?5?$AA?5?$AA?5?$AA?5?$AA?5?$AA?5?$AA?5?$AA?5?$AA?5@ 000000014000d7d0     .-gpu_subsystem.o
 0002:00000826       ??_C@_1FG@GJMINOLL@?$AA?7?$AA?$CF?$AAl?$AAl?$AAd?$AA?4?$AA?$CF?$AAl?$AAl?$AAd?$AA?4?$AAE?$AAx?$AAt?$AAe?$AAn?$AAs?$AAi?$AAo?$AAn?$AAs?$AA?5?$AA?5?$AA?5?$AA?5?$AA?5?$AA?5?$AA?5?$AA?5?$AA?5?$AA?5?$AA?5@ 000000014000d826     .-gpu_subsystem.o
 0002:0000087c       ??_C@_1FK@BCBOCKMH@?$AA?7?$AA?$CF?$AAl?$AAl?$AAd?$AA?4?$AA?$CF?$AAl?$AAl?$AAd?$AA?4?$AAM?$AAa?$AAx?$AA?5?$AAC?$AAo?$AAm?$AAp?$AAu?$AAt?$AAe?$AA?5?$AAU?$AAn?$AAi?$AAt?$AAs?$AA?5?$AA?5?$AA?5?$AA?5@ 000000014000d87c     .-gpu_subsystem.o
 0002:000008d6       ??_C@_1FK@CDNMPDMF@?$AA?7?$AA?$CF?$AAl?$AAl?$AAd?$AA?4?$AA?$CF?$AAl?$AAl?$AAd?$AA?4?$AAM?$AAa?$AAx?$AA?5?$AAI?$AAt?$AAe?$AAm?$AA?5?$AAD?$AAi?$AAm?$AAe?$AAn?$AAs?$AAi?$AAo?$AAn?$AAs?$AA?5?$AA?5@ 000000014000d8d6     .-gpu_subsystem.o
 0002:00000930       ??_C@_1FK@OENFOEPH@?$AA?7?$AA?$CF?$AAl?$AAl?$AAd?$AA?4?$AA?$CF?$AAl?$AAl?$AAd?$AA?4?$AAM?$AAa?$AAx?$AA?5?$AAG?$AAr?$AAo?$AAu?$AAp?$AA?5?$AAS?$AAi?$AAz?$AAe?$AA?5?$AA?5?$AA?5?$AA?5?$AA?5?$AA?5?$AA?5@ 000000014000d930     .-gpu_subsystem.o
 0002:0000098a       ??_C@_1GA@CNBAHIEF@?$AA?7?$AA?7?$AA?$CF?$AAl?$AAl?$AAd?$AA?4?$AA?$CF?$AAl?$AAl?$AAd?$AA?4?$AAM?$AAa?$AAx?$AA?5?$AAI?$AAt?$AAe?$AAm?$AA?5?$AAS?$AAi?$AAz?$AAe?$AAs?$AA?$FL?$AA?$CF?$AAl?$AAl?$AAd?$AA?$FN@ 000000014000d98a     .-gpu_subsystem.o
 0002:000009ea       ??_C@_1FK@DJMFEAEI@?$AA?7?$AA?$CF?$AAl?$AAl?$AAd?$AA?4?$AA?$CF?$AAl?$AAl?$AAd?$AA?4?$AAM?$AAa?$AAx?$AA?5?$AAC?$AAl?$AAo?$AAc?$AAk?$AA?5?$AAF?$AAr?$AAe?$AAq?$AAu?$AAe?$AAn?$AAc?$AAy?$AA?5?$AA?5@ 000000014000d9ea     .-gpu_subsystem.o
 0002:00000a44       ??_C@_1FK@IOCACEOK@?$AA?7?$AA?$CF?$AAl?$AAl?$AAd?$AA?4?$AA?$CF?$AAl?$AAl?$AAd?$AA?4?$AAM?$AAa?$AAx?$AA?5?$AAM?$AAe?$AAm?$AA?5?$AAA?$AAl?$AAl?$AAo?$AAc?$AA?5?$AAS?$AAi?$AAz?$AAe?$AA?5?$AA?5?$AA?5@ 000000014000da44     .-gpu_subsystem.o
 0002:00000a9e       ??_C@_1FK@BEEPAHKD@?$AA?7?$AA?$CF?$AAl?$AAl?$AAd?$AA?4?$AA?$CF?$AAl?$AAl?$AAd?$AA?4?$AAG?$AAl?$AAo?$AAb?$AAa?$AAl?$AA?5?$AAM?$AAe?$AAm?$AA?5?$AAC?$AAa?$AAc?$AAh?$AAe?$AAl?$AAi?$AAn?$AAe?$AA?5@ 000000014000da9e     .-gpu_subsystem.o
 0002:00000af8       ??_C@_1FK@BEPDIPCG@?$AA?7?$AA?$CF?$AAl?$AAl?$AAd?$AA?4?$AA?$CF?$AAl?$AAl?$AAd?$AA?4?$AAG?$AAl?$AAo?$AAb?$AAa?$AAl?$AA?5?$AAM?$AAe?$AAm?$AA?5?$AAC?$AAa?$AAc?$AAh?$AAe?$AA?5?$AAS?$AAi?$AAz?$AAe@ 000000014000daf8     .-gpu_subsystem.o
 0002:00000b52       ??_C@_1FK@GMHEMNNH@?$AA?7?$AA?$CF?$AAl?$AAl?$AAd?$AA?4?$AA?$CF?$AAl?$AAl?$AAd?$AA?4?$AAG?$AAl?$AAo?$AAb?$AAa?$AAl?$AA?5?$AAM?$AAe?$AAm?$AA?5?$AAS?$AAi?$AAz?$AAe?$AA?5?$AA?5?$AA?5?$AA?5?$AA?5?$AA?5@ 000000014000db52     .-gpu_subsystem.o
 0002:00000bac       ??_C@_1FK@NMCIJAJG@?$AA?7?$AA?$CF?$AAl?$AAl?$AAd?$AA?4?$AA?$CF?$AAl?$AAl?$AAd?$AA?4?$AAL?$AAo?$AAc?$AAa?$AAl?$AA?5?$AAM?$AAe?$AAm?$AA?5?$AAS?$AAi?$AAz?$AAe?$AA?5?$AA?5?$AA?5?$AA?5?$AA?5?$AA?5?$AA?5@ 000000014000dbac     .-gpu_subsystem.o
 0002:00000c06       ??_C@_1DG@HHDGLCMF@?$AAA?$AAt?$AA?5?$AAe?$AAn?$AAd?$AA?5?$AAh?$AAa?$AAv?$AAe?$AA?5?$AA?$CF?$AAl?$AAl?$AAd?$AA?5?$AAd?$AAe?$AAv?$AAi?$AAc?$AAe?$AAs?$AA?4?$AA?6?$AA?$AA@ 000000014000dc06     .-gpu_subsystem.o
 0002:00000c3c       ??_C@_1FC@JJNHHFIJ@?$AAI?$AAn?$AAi?$AAt?$AA?5?$AAf?$AAo?$AAr?$AAm?$AA?5?$AAp?$AAl?$AAa?$AAt?$AAf?$AAo?$AAr?$AAm?$AA?5?$AA?$CF?$AAl?$AAl?$AAd?$AA?5?$AA?$FL?$AAa?$AAu?$AAt?$AAo?$AA?5?$AAs?$AAe@ 000000014000dc3c     .-gpu_subsystem.o
 0002:00000c8e       ??_C@_0DM@BNIGEFGF@?9cl?9single?9precision?9constant?5?9c@ 000000014000dc8e     .-gpu_subsystem.o
 0002:00000cca       ??_C@_1DE@FJCPKFIJ@?$AAB?$AAu?$AAi?$AAl?$AAd?$AAP?$AAr?$AAo?$AAg?$AAr?$AAa?$AAm?$AA?5?$AAE?$AAr?$AAr?$AAo?$AAr?$AA?3?$AA?5?$AA?$CF?$AAl?$AAl?$AAd?$AA?6?$AA?$AA@ 000000014000dcca     .-gpu_subsystem.o
 0002:00000cfe       ??_C@_1CO@HIIDKPPP@?$AAB?$AAu?$AAi?$AAl?$AAd?$AAI?$AAn?$AAf?$AAo?$AA?5?$AAE?$AAr?$AAr?$AAo?$AAr?$AA?3?$AA?5?$AA?$CF?$AAl?$AAl?$AAd?$AA?6?$AA?$AA@ 000000014000dcfe     .-gpu_subsystem.o
 0002:00000d2c       ??_C@_1DA@GJKLKGNM@?$AAB?$AAu?$AAi?$AAl?$AAd?$AAI?$AAn?$AAf?$AAo?$AA2?$AA?5?$AAE?$AAr?$AAr?$AAo?$AAr?$AA?3?$AA?5?$AA?$CF?$AAl?$AAl?$AAd?$AA?6?$AA?$AA@ 000000014000dd2c     .-gpu_subsystem.o
 0002:00000d5c       ??_C@_1EA@DAHNIOPF@?$AAE?$AAr?$AAr?$AAo?$AAr?$AA?5?$AAI?$AAn?$AAf?$AAo?$AA?3?$AA?5?$AAc?$AAo?$AAd?$AAe?$AA?$DN?$AA?$CF?$AAl?$AAl?$AAd?$AA?3?$AA?5?$AAi?$AAn?$AAf?$AAo?$AA?$DN?$AA?$CF?$AAs?$AA?6?$AA?$AA@ 000000014000dd5c     .-gpu_subsystem.o
 0002:00000d9c       ??_C@_1CO@DCKAPNAK@?$AAw?$AAa?$AAi?$AAt?$AAi?$AAn?$AAg?$AA?5?$AAs?$AAt?$AAa?$AAr?$AAt?$AAu?$AAp?$AA?5?$AAp?$AAa?$AAg?$AAe?$AAs?$AA?6?$AA?$AA@ 000000014000dd9c     .-hive_entry.o
 0002:00000dca       ??_C@_1EI@OLFKDNEP@?$AAE?$AAr?$AAr?$AAo?$AAr?$AA?3?$AA?5?$AAa?$AAl?$AAl?$AAo?$AAc?$AAa?$AAt?$AAe?$AAd?$AA?5?$AAa?$AAr?$AAr?$AAa?$AAy?$AA?5?$AAi?$AAs?$AAn?$AA?8?$AAt?$AA?5?$AAl?$AAo?$AAc@ 000000014000ddca     .-hive_entry.o
 0002:00000ea0       ??_C@_1DE@OFJFJIIH@?$AAS?$AAe?$AAr?$AAv?$AAe?$AAr?$AA?5?$AAi?$AAd?$AA?$DN?$AA?$CF?$AAl?$AAl?$AAd?$AA?5?$AAc?$AAo?$AAn?$AAf?$AAi?$AAr?$AAm?$AAe?$AAd?$AA?6?$AA?$AA@ 000000014000dea0     .-remote.o
 0002:00000ed4       ??_C@_1FK@FPKJOMKP@?$AAE?$AAr?$AAr?$AAo?$AAr?$AA?3?$AA?5?$AAC?$AAo?$AAu?$AAl?$AAd?$AA?5?$AAn?$AAo?$AAt?$AA?5?$AAc?$AAo?$AAn?$AAn?$AAe?$AAc?$AAt?$AA?5?$AAt?$AAo?$AA?5?$AA?$CF?$AAs?$AA?5?$AA?$FL@ 000000014000ded4     .-remote.o
 0002:00000f2e       ??_C@_1DM@MBBJEJBJ@?$AAT?$AAr?$AAy?$AAi?$AAn?$AAg?$AA?5?$AAt?$AAo?$AA?5?$AAg?$AAe?$AAt?$AA?5?$AAs?$AAe?$AAr?$AAv?$AAe?$AAr?$AA?5?$AAi?$AAd?$AA?5?$AA?$CF?$AAl?$AAl?$AAd?$AA?6?$AA?$AA@ 000000014000df2e     .-remote.o
 0002:00000f6a       ??_C@_1CK@IMAGNILG@?$AAC?$AAo?$AAn?$AAf?$AAi?$AAr?$AAm?$AAe?$AAd?$AA?5?$AAp?$AAo?$AAr?$AAt?$AA?$DN?$AA?$CF?$AAl?$AAl?$AAd?$AA?6?$AA?$AA@ 000000014000df6a     .-remote.o
 0002:00000f94       ??_C@_1DG@NNMMEGKD@?$AAS?$AAe?$AAl?$AAe?$AAc?$AAt?$AAe?$AAd?$AA?5?$AAc?$AAo?$AAn?$AAn?$AAe?$AAc?$AAt?$AA?5?$AAc?$AAo?$AAm?$AAm?$AAa?$AAn?$AAd?$AA?4?$AA?6?$AA?$AA@ 000000014000df94     .-remote.o
 0002:00000fca       ??_C@_1CI@KPENLAE@?$AAE?$AAn?$AAt?$AAe?$AAr?$AA?5?$AAI?$AAP?$AA?5?$AAa?$AAn?$AAd?$AA?5?$AAP?$AAO?$AAR?$AAT?$AA?4?$AA?6?$AA?$AA@ 000000014000dfca     .-remote.o
 0002:00000ff2       ??_C@_1EG@CAHECGOL@?$AAT?$AAr?$AAy?$AAi?$AAn?$AAg?$AA?5?$AAt?$AAo?$AA?5?$AAc?$AAo?$AAn?$AAn?$AAe?$AAc?$AAt?$AA?5?$AAt?$AAo?$AA?5?$AA?$FL?$AA?$CF?$AAs?$AA?$FN?$AA?5?$AA?$FL?$AA?$CF?$AAs?$AA?$FN?$AA?4?$AA?4@ 000000014000dff2     .-remote.o
 0002:00001038       ??_C@_1DG@GLOHHOJG@?$AAT?$AAe?$AAm?$AAp?$AAo?$AAr?$AAa?$AAr?$AAy?$AA?5?$AAl?$AAo?$AAc?$AAa?$AAl?$AA_?$AAi?$AAd?$AA?5?$AA?$DN?$AA?5?$AA?$CF?$AAl?$AAl?$AAd?$AA?6?$AA?$AA@ 000000014000e038     .-remote.o
 0002:0000106e       ??_C@_1DC@MOJEJJIM@?$AAC?$AAo?$AAn?$AAf?$AAi?$AAg?$AAu?$AAr?$AAa?$AAt?$AAi?$AAo?$AAn?$AA?5?$AAc?$AAo?$AAn?$AAf?$AAi?$AAr?$AAm?$AAe?$AAd?$AA?6?$AA?$AA@ 000000014000e06e     .-remote.o
 0002:000010a0       ??_C@_1DM@PKIKMHMJ@?$AA?$FL?$AAN?$AAE?$AAT?$AAW?$AAO?$AAR?$AAK?$AA?$FN?$AA?3?$AA?5?$AAP?$AAe?$AAe?$AAr?$AA?5?$AAd?$AAi?$AAs?$AAc?$AAo?$AAn?$AAn?$AAe?$AAc?$AAt?$AAe?$AAd?$AA?6?$AA?$AA@ 000000014000e0a0     .-remote.o
 0002:000010dc       ??_C@_1CO@OOHNIMCC@?$AAc?$AAl?$AAo?$AAs?$AAi?$AAn?$AAg?$AA?5?$AAc?$AAo?$AAn?$AAn?$AAe?$AAc?$AAt?$AAi?$AAo?$AAn?$AA?4?$AA?4?$AA?4?$AA?6?$AA?$AA@ 000000014000e0dc     .-remote.o
 0002:0000110a       ??_C@_1LA@ICLCBFDH@?$AAE?$AAr?$AAr?$AAo?$AAr?$AA?3?$AA?5?$AAA?$AAP?$AAI?$AA_?$AAA?$AAN?$AAS?$AAW?$AAE?$AAR?$AA_?$AAR?$AAE?$AAQ?$AAU?$AAE?$AAS?$AAT?$AA_?$AAC?$AAO?$AAN?$AAN?$AAE?$AAC@ 000000014000e10a     .-remote.o
 0002:000011ba       ??_C@_1DK@EHAPFJND@?$AAs?$AAe?$AAr?$AAv?$AAe?$AAr?$AA?5?$AAs?$AAt?$AAa?$AAr?$AAt?$AAe?$AAd?$AA?5?$AAo?$AAn?$AA?5?$AAp?$AAo?$AAr?$AAt?$AA?5?$AA?$CF?$AAl?$AAl?$AAd?$AA?6?$AA?$AA@ 000000014000e1ba     .-remote.o
 0002:000011f4       ??_C@_1FA@MICONLJJ@?$AAE?$AAr?$AAr?$AAo?$AAr?$AA?3?$AA?5?$AAf?$AAa?$AAi?$AAl?$AAe?$AAd?$AA?5?$AAt?$AAo?$AA?5?$AAa?$AAl?$AAl?$AAo?$AAc?$AAa?$AAt?$AAe?$AA?5?$AAm?$AAe?$AAm?$AAo?$AAr?$AAy@ 000000014000e1f4     .-runtime_lib.o
 0002:00001244       ??_C@_1FE@CPMEHOGL@?$AAE?$AAr?$AAr?$AAo?$AAr?$AA?3?$AA?5?$AAf?$AAa?$AAi?$AAl?$AAe?$AAd?$AA?5?$AAt?$AAo?$AA?5?$AAr?$AAe?$AAa?$AAl?$AAl?$AAo?$AAc?$AAa?$AAt?$AAe?$AA?5?$AAm?$AAe?$AAm?$AAo@ 000000014000e244     .-runtime_lib.o
 0002:00001298       ??_C@_1EI@DJFGOBAG@?$AAE?$AAr?$AAr?$AAo?$AAr?$AA?3?$AA?5?$AAf?$AAa?$AAi?$AAl?$AAe?$AAd?$AA?5?$AAt?$AAo?$AA?5?$AAf?$AAr?$AAe?$AAe?$AA?5?$AAm?$AAe?$AAm?$AAo?$AAr?$AAy?$AA?3?$AA?5?$AA?$CF?$AAl@ 000000014000e298     .-runtime_lib.o
 0002:000012e0       ??_C@_1CM@EJGKJCED@?$AAA?$AAs?$AAs?$AAe?$AAr?$AAt?$AAi?$AAo?$AAn?$AA?5?$AAf?$AAa?$AAi?$AAl?$AAe?$AAd?$AA?3?$AA?5?$AA?$CF?$AAs?$AA?6?$AA?$AA@ 000000014000e2e0     .-runtime_lib.o
 0002:0000130c       ??_C@_1EI@GJCCEHA@?$AAF?$AAi?$AAl?$AAe?$AA?3?$AA?5?$AA?$CF?$AAs?$AA?0?$AA?5?$AAL?$AAi?$AAn?$AAe?$AA?3?$AA?5?$AA?$CF?$AAl?$AAl?$AAd?$AA?0?$AA?5?$AAF?$AAu?$AAn?$AAc?$AAt?$AAi?$AAo?$AAn?$AA?3?$AA?5@ 000000014000e30c     .-runtime_lib.o
 0002:000014f8       ??_C@_1GE@NIGCAFOK@?$AAE?$AAr?$AAr?$AAo?$AAr?$AA?3?$AA?5?$AAg?$AAp?$AAu?$AA?5?$AAw?$AAo?$AAr?$AAk?$AAe?$AAr?$AA?5?$AAd?$AAo?$AAe?$AAn?$AA?8?$AAt?$AA?5?$AAs?$AAu?$AAp?$AAp?$AAo?$AAr?$AAt@ 000000014000e4f8     .-runtime.o
 0002:0000155c       ??_C@_1GM@IJHLNMBE@?$AAt?$AAh?$AAr?$AAe?$AAa?$AAd?$AA?5?$AA?$CF?$AAl?$AAl?$AAd?$AA?3?$AA?5?$AA?5?$AAW?$AAa?$AAi?$AAt?$AA?$HM?$AAQ?$AAu?$AAe?$AAu?$AAe?$AAd?$AA?5?$AA?$CF?$AAl?$AAl?$AAd?$AA?$HM?$AA?$CF@ 000000014000e55c     .-runtime.o
 0002:000015c8       ??_C@_1DC@OKNAINOC@?$AAc?$AAo?$AAp?$AAy?$AA?$CI?$AA?$CF?$AAp?$AA?$CJ?$AA?$DN?$AAq?$AAu?$AAe?$AAu?$AAe?$AA?$FL?$AA?$CF?$AAl?$AAl?$AAd?$AA?$FN?$AA?$DN?$AA?$CF?$AAp?$AA?6?$AA?$AA@ 000000014000e5c8     .-runtime.o
 0002:000015fa       ??_C@_1JE@CPFCJBNI@?$AAE?$AAR?$AAR?$AAO?$AAR?$AA?3?$AA?5?$AAR?$AAu?$AAn?$AAt?$AAi?$AAm?$AAe?$AA?5?$AAe?$AAn?$AAd?$AAp?$AAo?$AAi?$AAn?$AAt?$AA?5?$AA?$CF?$AAl?$AAl?$AAd?$AA?5?$AAd?$AAo?$AAe@ 000000014000e5fa     .-runtime.o
 0002:0000168e       ??_C@_1HI@GNCDLKLI@?$AAE?$AAr?$AAr?$AAo?$AAr?$AA?3?$AA?5?$AAr?$AAu?$AAn?$AAt?$AAi?$AAm?$AAe?$AA?5?$AAd?$AAo?$AAe?$AAs?$AAn?$AA?8?$AAt?$AA?5?$AAs?$AAu?$AAp?$AAp?$AAo?$AAr?$AAt?$AA?5?$AAs@ 000000014000e68e     .-runtime.o
 0002:00001706       ??_C@_1DI@MLNAPEIE@?$AAS?$AAh?$AAe?$AAd?$AAu?$AAl?$AAe?$AAr?$AAI?$AAn?$AAs?$AAt?$AAa?$AAn?$AAc?$AAe?$AA?5?$AAc?$AAo?$AAm?$AAp?$AAl?$AAe?$AAt?$AAe?$AAd?$AA?6?$AA?$AA@ 000000014000e706     .-runtime.o
 0002:0000173e       ??_C@_1CC@MEKDJGLK@?$AAp?$AAr?$AAo?$AAm?$AAi?$AAs?$AAe?$AA?5?$AAn?$AAo?$AAt?$AA?5?$AAs?$AAe?$AAt?$AA?6?$AA?$AA@ 000000014000e73e     .-runtime.o
 0002:00001760       ??_C@_1CG@NNOPFBAI@?$AAp?$AAr?$AAo?$AAm?$AAi?$AAs?$AAe?$AA?5?$AAn?$AAo?$AAt?$AA?5?$AAf?$AAo?$AAu?$AAn?$AAd?$AA?6?$AA?$AA@ 000000014000e760     .-runtime.o
 0002:00001786       ??_C@_1EK@KKIKLCHH@?$AAG?$AAp?$AAu?$AA?5?$AAs?$AAu?$AAs?$AAs?$AAy?$AAs?$AAt?$AAe?$AAm?$AA?5?$AAi?$AAn?$AAi?$AAt?$AAi?$AAa?$AAl?$AAi?$AAz?$AAa?$AAt?$AAi?$AAo?$AAn?$AA?5?$AAf?$AAa?$AAi@ 000000014000e786     .-runtime.o
 0002:000017d0       ??_C@_1CC@DEIAIPBB@?$AA?4?$AA?4?$AA?1?$AA?4?$AA?4?$AA?1?$AA?4?$AA?4?$AA?1?$AAr?$AAe?$AAs?$AA?4?$AAb?$AAi?$AAn?$AA?$AA@ 000000014000e7d0     .-runtime.o
 0002:000017f2       ??_C@_1FC@OGJDIOEJ@?$AAE?$AAr?$AAr?$AAo?$AAr?$AA?3?$AA?5?$AAc?$AAa?$AAn?$AA?8?$AAt?$AA?5?$AAo?$AAp?$AAe?$AAn?$AA?5?$AA?4?$AA?4?$AA?1?$AA?4?$AA?4?$AA?1?$AA?4?$AA?4?$AA?1?$AAr?$AAe?$AAs?$AA?4?$AAb@ 000000014000e7f2     .-runtime.o
 0002:00001844       ??_C@_1DM@FEOJJAHB@?$AAS?$AAt?$AAa?$AAr?$AAt?$AAi?$AAn?$AAg?$AA?5?$AAw?$AAi?$AAt?$AAh?$AAo?$AAu?$AAt?$AA?5?$AAa?$AAn?$AAy?$AA?5?$AAw?$AAo?$AAr?$AAk?$AAe?$AAr?$AAs?$AA?6?$AA?$AA@ 000000014000e844     .-runtime.o
 0002:00001880       ??_C@_1CM@PELCBDJ@?$AAE?$AAn?$AAt?$AAr?$AAy?$AA?5?$AAw?$AAo?$AAr?$AAk?$AAe?$AAr?$AA?5?$AAi?$AAd?$AA?$DN?$AA?$CF?$AAl?$AAl?$AAd?$AA?6?$AA?$AA@ 000000014000e880     .-runtime.o
 0002:000018ac       ??_C@_1DA@FBHJAJPI@?$AAr?$AAe?$AAs?$AAu?$AAl?$AAt?$AA?5?$AAp?$AAr?$AAo?$AAm?$AAi?$AAs?$AAe?$AA?5?$AA?$CF?$AAp?$AA?5?$AA?$CF?$AAl?$AAl?$AAd?$AA?6?$AA?$AA@ 000000014000e8ac     .-runtime.o
 0002:000018dc       ??_C@_1BI@KEMCAKCM@?$AAR?$AAu?$AAn?$AAn?$AAi?$AAn?$AAg?$AA?4?$AA?4?$AA?4?$AA?6?$AA?$AA@ 000000014000e8dc     .-runtime.o
 0002:000018f4       ??_C@_1DM@HCILGOPA@?$AAF?$AAa?$AAi?$AAl?$AAe?$AAd?$AA?5?$AAt?$AAo?$AA?5?$AAc?$AAr?$AAe?$AAa?$AAt?$AAe?$AA?5?$AAt?$AAh?$AAr?$AAe?$AAa?$AAd?$AA?5?$AA?$CF?$AAl?$AAl?$AAd?$AA?6?$AA?$AA@ 000000014000e8f4     .-runtime.o
 0002:00001930       ??_C@_1CE@FBEJGOMB@?$AAP?$AAr?$AAo?$AAg?$AAr?$AAa?$AAm?$AA?5?$AAf?$AAi?$AAn?$AAi?$AAs?$AAh?$AAe?$AAd?$AA?6?$AA?$AA@ 000000014000e930     .-runtime.o
 0002:00001954       ??_C@_1EK@FDFELEEK@?$AAR?$AAe?$AAs?$AAu?$AAl?$AAt?$AA?5?$AAp?$AAr?$AAo?$AAm?$AAi?$AAs?$AAe?$AA?5?$AAn?$AAo?$AAt?$AA?5?$AAf?$AAo?$AAu?$AAn?$AAd?$AA?5?$AAo?$AAn?$AA?5?$AAm?$AAa?$AAc?$AAh@ 000000014000e954     .-runtime.o
 0002:0000199e       ??_C@_1DO@BFPIHEIA@?$AAP?$AAr?$AAo?$AAg?$AAr?$AAa?$AAm?$AA?5?$AAe?$AAx?$AAi?$AAt?$AAe?$AAd?$AA?5?$AAw?$AAi?$AAt?$AAh?$AA?5?$AAc?$AAo?$AAd?$AAe?$AA?5?$AA?$CF?$AAl?$AAl?$AAx?$AA?6?$AA?$AA@ 000000014000e99e     .-runtime.o
 0002:000019dc       ??_C@_1CK@DKIDNDNE@?$AAP?$AAr?$AAe?$AAs?$AAs?$AA?5?$AAC?$AAt?$AAr?$AAl?$AA?$CL?$AAC?$AA?5?$AAt?$AAo?$AA?5?$AAe?$AAn?$AAd?$AA?6?$AA?$AA@ 000000014000e9dc     .-runtime.o
 0002:00001a06       ??_C@_1GO@CEANDIOF@?$AAR?$AAe?$AAs?$AAu?$AAl?$AAt?$AA?5?$AAo?$AAf?$AA?5?$AAm?$AAa?$AAi?$AAn?$AA?5?$AAf?$AAu?$AAn?$AAc?$AAt?$AAi?$AAo?$AAn?$AA?5?$AAi?$AAs?$AAn?$AA?8?$AAt?$AA?5?$AAr?$AAe@ 000000014000ea06     .-runtime.o
 0002:00001a78       RtlNtPathSeperatorString   000000014000ea78     ws2_32:indef.obj
 0002:00001a88       ??_C@_13FPGAJAPJ@?$AA?2@   000000014000ea88     ws2_32:indef.obj
 0002:00001a90       RtlDosPathSeperatorsString 000000014000ea90     ws2_32:indef.obj
 0002:00001aa0       ??_C@_15MNCACJLI@?$AA?2?$AA?1@ 000000014000eaa0     ws2_32:indef.obj
 0002:00001aa8       RtlAlternateDosPathSeperatorString 000000014000eaa8     ws2_32:indef.obj
 0002:00001ab8       ??_C@_13CGOKJPIL@?$AA?1@   000000014000eab8     ws2_32:indef.obj
 0002:00001abc       eui48_broadcast            000000014000eabc     ws2_32:indef.obj
 0002:00001b38       scopeid_unspecified        000000014000eb38     ws2_32:indef.obj
 0002:00001b3c       in4addr_any                000000014000eb3c     ws2_32:indef.obj
 0002:00001b40       in4addr_loopback           000000014000eb40     ws2_32:indef.obj
 0002:00001b44       in4addr_broadcast          000000014000eb44     ws2_32:indef.obj
 0002:00001b48       in4addr_allnodesonlink     000000014000eb48     ws2_32:indef.obj
 0002:00001b4c       in4addr_allroutersonlink   000000014000eb4c     ws2_32:indef.obj
 0002:00001b50       in4addr_alligmpv3routersonlink 000000014000eb50     ws2_32:indef.obj
 0002:00001b54       in4addr_allteredohostsonlink 000000014000eb54     ws2_32:indef.obj
 0002:00001b58       in4addr_linklocalprefix    000000014000eb58     ws2_32:indef.obj
 0002:00001b5c       in4addr_multicastprefix    000000014000eb5c     ws2_32:indef.obj
 0002:00001b60       in6addr_any                000000014000eb60     ws2_32:indef.obj
 0002:00001b70       in6addr_loopback           000000014000eb70     ws2_32:indef.obj
 0002:00001b80       in6addr_allnodesonnode     000000014000eb80     ws2_32:indef.obj
 0002:00001b90       in6addr_allnodesonlink     000000014000eb90     ws2_32:indef.obj
 0002:00001ba0       in6addr_allroutersonlink   000000014000eba0     ws2_32:indef.obj
 0002:00001bb0       in6addr_allmldv2routersonlink 000000014000ebb0     ws2_32:indef.obj
 0002:00001bc0       in6addr_teredoinitiallinklocaladdress 000000014000ebc0     ws2_32:indef.obj
 0002:00001bd0       in6addr_linklocalprefix    000000014000ebd0     ws2_32:indef.obj
 0002:00001be0       in6addr_multicastprefix    000000014000ebe0     ws2_32:indef.obj
 0002:00001bf0       in6addr_solicitednodemulticastprefix 000000014000ebf0     ws2_32:indef.obj
 0002:00001c00       in6addr_v4mappedprefix     000000014000ec00     ws2_32:indef.obj
 0002:00001c10       in6addr_6to4prefix         000000014000ec10     ws2_32:indef.obj
 0002:00001c20       in6addr_teredoprefix       000000014000ec20     ws2_32:indef.obj
 0002:00001c30       in6addr_teredoprefix_old   000000014000ec30     ws2_32:indef.obj
 0002:00001c50       BUGCHECK_EFI_GUID          000000014000ec50     ws2_32:indef.obj
 0002:00001f68       __imp_CommandLineToArgvW   000000014000ef68     shell32:SHELL32.dll
 0002:00001f78       __imp_AcquireSRWLockExclusive 000000014000ef78     kernel32:KERNEL32.dll
 0002:00001f80       __imp_AcquireSRWLockShared 000000014000ef80     kernel32:KERNEL32.dll
 0002:00001f88       __imp_CloseHandle          000000014000ef88     kernel32:KERNEL32.dll
 0002:00001f90       __imp_CreateFileW          000000014000ef90     kernel32:KERNEL32.dll
 0002:00001f98       __imp_CreateIoCompletionPort 000000014000ef98     kernel32:KERNEL32.dll
 0002:00001fa0       __imp_CreateThread         000000014000efa0     kernel32:KERNEL32.dll
 0002:00001fa8       __imp_ExitProcess          000000014000efa8     kernel32:KERNEL32.dll
 0002:00001fb0       __imp_GetCommandLineW      000000014000efb0     kernel32:KERNEL32.dll
 0002:00001fb8       __imp_GetConsoleMode       000000014000efb8     kernel32:KERNEL32.dll
 0002:00001fc0       __imp_GetFileSizeEx        000000014000efc0     kernel32:KERNEL32.dll
 0002:00001fc8       __imp_GetLastError         000000014000efc8     kernel32:KERNEL32.dll
 0002:00001fd0       __imp_GetProcAddress       000000014000efd0     kernel32:KERNEL32.dll
 0002:00001fd8       __imp_GetProcessHeap       000000014000efd8     kernel32:KERNEL32.dll
 0002:00001fe0       __imp_GetQueuedCompletionStatus 000000014000efe0     kernel32:KERNEL32.dll
 0002:00001fe8       __imp_GetStdHandle         000000014000efe8     kernel32:KERNEL32.dll
 0002:00001ff0       __imp_HeapAlloc            000000014000eff0     kernel32:KERNEL32.dll
 0002:00001ff8       __imp_HeapFree             000000014000eff8     kernel32:KERNEL32.dll
 0002:00002000       __imp_HeapReAlloc          000000014000f000     kernel32:KERNEL32.dll
 0002:00002008       __imp_LoadLibraryA         000000014000f008     kernel32:KERNEL32.dll
 0002:00002010       __imp_MultiByteToWideChar  000000014000f010     kernel32:KERNEL32.dll
 0002:00002018       __imp_QueryPerformanceCounter 000000014000f018     kernel32:KERNEL32.dll
 0002:00002020       __imp_QueryPerformanceFrequency 000000014000f020     kernel32:KERNEL32.dll
 0002:00002028       __imp_ReadConsoleW         000000014000f028     kernel32:KERNEL32.dll
 0002:00002030       __imp_ReadFile             000000014000f030     kernel32:KERNEL32.dll
 0002:00002038       __imp_ReleaseSRWLockExclusive 000000014000f038     kernel32:KERNEL32.dll
 0002:00002040       __imp_ReleaseSRWLockShared 000000014000f040     kernel32:KERNEL32.dll
 0002:00002048       __imp_Sleep                000000014000f048     kernel32:KERNEL32.dll
 0002:00002050       __imp_TlsAlloc             000000014000f050     kernel32:KERNEL32.dll
 0002:00002058       __imp_TlsFree              000000014000f058     kernel32:KERNEL32.dll
 0002:00002060       __imp_TlsGetValue          000000014000f060     kernel32:KERNEL32.dll
 0002:00002068       __imp_TlsSetValue          000000014000f068     kernel32:KERNEL32.dll
 0002:00002070       __imp_TryAcquireSRWLockExclusive 000000014000f070     kernel32:KERNEL32.dll
 0002:00002078       __imp_VirtualAlloc         000000014000f078     kernel32:KERNEL32.dll
 0002:00002080       __imp_WaitForMultipleObjects 000000014000f080     kernel32:KERNEL32.dll
 0002:00002088       __imp_WriteConsoleW        000000014000f088     kernel32:KERNEL32.dll
 0002:00002098       __imp_BCryptGenRandom      000000014000f098     bcrypt:bcrypt.dll
 0002:000020a8       __imp_WSARecv              000000014000f0a8     ws2_32:WS2_32.dll
 0002:000020b0       __imp_WSAStartup           000000014000f0b0     ws2_32:WS2_32.dll
 0002:000020b8       __imp_accept               000000014000f0b8     ws2_32:WS2_32.dll
 0002:000020c0       __imp_bind                 000000014000f0c0     ws2_32:WS2_32.dll
 0002:000020c8       __imp_closesocket          000000014000f0c8     ws2_32:WS2_32.dll
 0002:000020d0       __imp_connect              000000014000f0d0     ws2_32:WS2_32.dll
 0002:000020d8       __imp_freeaddrinfo         000000014000f0d8     ws2_32:WS2_32.dll
 0002:000020e0       __imp_getaddrinfo          000000014000f0e0     ws2_32:WS2_32.dll
 0002:000020e8       __imp_getsockname          000000014000f0e8     ws2_32:WS2_32.dll
 0002:000020f0       __imp_htons                000000014000f0f0     ws2_32:WS2_32.dll
 0002:000020f8       __imp_listen               000000014000f0f8     ws2_32:WS2_32.dll
 0002:00002100       __imp_ntohs                000000014000f100     ws2_32:WS2_32.dll
 0002:00002108       __imp_send                 000000014000f108     ws2_32:WS2_32.dll
 0002:00002110       __imp_setsockopt           000000014000f110     ws2_32:WS2_32.dll
 0002:00002118       __imp_socket               000000014000f118     ws2_32:WS2_32.dll
 0002:00002128       __imp_clBuildProgram       000000014000f128     OpenCL:OpenCL.dll
 0002:00002130       __imp_clCreateBuffer       000000014000f130     OpenCL:OpenCL.dll
 0002:00002138       __imp_clCreateCommandQueueWithProperties 000000014000f138     OpenCL:OpenCL.dll
 0002:00002140       __imp_clCreateContext      000000014000f140     OpenCL:OpenCL.dll
 0002:00002148       __imp_clCreateKernel       000000014000f148     OpenCL:OpenCL.dll
 0002:00002150       __imp_clCreateProgramWithSource 000000014000f150     OpenCL:OpenCL.dll
 0002:00002158       __imp_clEnqueueNDRangeKernel 000000014000f158     OpenCL:OpenCL.dll
 0002:00002160       __imp_clFinish             000000014000f160     OpenCL:OpenCL.dll
 0002:00002168       __imp_clGetDeviceIDs       000000014000f168     OpenCL:OpenCL.dll
 0002:00002170       __imp_clGetDeviceInfo      000000014000f170     OpenCL:OpenCL.dll
 0002:00002178       __imp_clGetPlatformIDs     000000014000f178     OpenCL:OpenCL.dll
 0002:00002180       __imp_clGetPlatformInfo    000000014000f180     OpenCL:OpenCL.dll
 0002:00002188       __imp_clGetProgramBuildInfo 000000014000f188     OpenCL:OpenCL.dll
 0003:00000000       server_port                0000000140010000     .-remote.o
 0003:00000008       thisServerId               0000000140010008     .-remote.o
 0003:00000010       Providers                  0000000140010010     .-runtime.o
 0003:00000040       AddressFamilyInformation   0000000140010040     ws2_32:indef.obj
 0003:00000070       connections_lock           0000000140010070     .-api.o
 0003:00000078       connections_len            0000000140010078     .-api.o
 0003:00000080       pages_lock                 0000000140010080     .-api.o
 0003:00000088       pages_len                  0000000140010088     .-api.o
 0003:00000090       known_id_broadcasts        0000000140010090     .-api.o
 0003:000000b0       known_page_broadcasts      00000001400100b0     .-api.o
 0003:000000d0       known_path_broadcasts      00000001400100d0     .-api.o
 0003:000000f0       known_path_id_broadcasts   00000001400100f0     .-api.o
 0003:00000110       local_objects              0000000140010110     .-api.o
 0003:00000130       known_objects              0000000140010130     .-api.o
 0003:00000150       query_requests             0000000140010150     .-api.o
 0003:00000170       push_requests              0000000140010170     .-api.o
 0003:00000190       known_hives                0000000140010190     .-api.o
 0003:000001b0       connections                00000001400101b0     .-api.o
 0003:000021b0       pages                      00000001400121b0     .-api.o
 0003:00002db0       SL_best_platform           0000000140012db0     .-gpu_subsystem.o
 0003:00002db4       SL_best_platform_value     0000000140012db4     .-gpu_subsystem.o
 0003:00002db8       SL_platforms_len           0000000140012db8     .-gpu_subsystem.o
 0003:00002dc0       SL_platforms               0000000140012dc0     .-gpu_subsystem.o
 0003:00002e40       SL_devices                 0000000140012e40     .-gpu_subsystem.o
 0003:00003240       SL_devices_len             0000000140013240     .-gpu_subsystem.o
 0003:00003280       SL_context                 0000000140013280     .-gpu_subsystem.o
 0003:00003290       SL_queues                  0000000140013290     .-gpu_subsystem.o
 0003:00003690       SL_queues_len              0000000140013690     .-gpu_subsystem.o
 0003:000036d0       ServerIdGetLock            00000001400136d0     .-remote.o
 0003:000036d8       next_local_id              00000001400136d8     .-remote.o
 0003:000036e0       hIOCP                      00000001400136e0     .-remote.o
 0003:000036f0       hHeap                      00000001400136f0     .-runtime_lib.o
 0003:000036f8       hInput                     00000001400136f8     .-runtime_lib.o
 0003:00003700       buf                        0000000140013700     .-runtime_lib.o
 0003:00004700       hOutput                    0000000140014700     .-runtime_lib.o
 0003:00004708       frequency                  0000000140014708     .-runtime_lib.o
 0003:00004710       Workers                    0000000140014710     .-runtime.o
 0003:00005070       wait_list_lock             0000000140015070     .-runtime.o
 0003:00005078       wait_list_len              0000000140015078     .-runtime.o
 0003:00005080       queue_lock                 0000000140015080     .-runtime.o
 0003:00005088       queue_len                  0000000140015088     .-runtime.o
 0003:00005090       dwTlsIndex                 0000000140015090     .-runtime.o
 0003:000050a0       wait_list                  00000001400150a0     .-runtime.o
 0003:000c85a0       queue                      00000001400d85a0     .-runtime.o
 0003:000dbe20       defined_arrays             00000001400ebe20     .-runtime.o
 0003:000dbe28       ExPoolZeroingNativelySupported 00000001400ebe28     ws2_32:indef.obj
 0004:00000000       context                    00000001400ec000     asm.o

 entry point at         0001:0000ab00

 Static symbols

 0001:000019b0       GetKnownHiveHash           00000001400029b0     .-api.o
 0001:00006360       Worker                     0000000140007360     .-remote.o
 0001:00006890       ConnectionListnerWorker    0000000140007890     .-remote.o
 0001:00006a50       PagesAllocator             0000000140007a50     .-remote.o
 0001:00006b20       StateSender                0000000140007b20     .-remote.o
 0001:00006b40       HandleApiCall              0000000140007b40     .-remote.o
 0001:0000b064       .text                      000000014000c064     asm.o
 0002:00001ac8       IPSEC_AUTH_TRANSFORM_ID_HMAC_MD5_96 000000014000eac8     ws2_32:indef.obj
 0002:00001ad0       IPSEC_AUTH_TRANSFORM_ID_HMAC_SHA_1_96 000000014000ead0     ws2_32:indef.obj
 0002:00001ad8       IPSEC_AUTH_TRANSFORM_ID_HMAC_SHA_256_128 000000014000ead8     ws2_32:indef.obj
 0002:00001ae0       IPSEC_AUTH_TRANSFORM_ID_GCM_AES_128 000000014000eae0     ws2_32:indef.obj
 0002:00001ae8       IPSEC_AUTH_TRANSFORM_ID_GCM_AES_192 000000014000eae8     ws2_32:indef.obj
 0002:00001af0       IPSEC_AUTH_TRANSFORM_ID_GCM_AES_256 000000014000eaf0     ws2_32:indef.obj
 0002:00001af8       IPSEC_CIPHER_TRANSFORM_ID_CBC_DES 000000014000eaf8     ws2_32:indef.obj
 0002:00001b00       IPSEC_CIPHER_TRANSFORM_ID_CBC_3DES 000000014000eb00     ws2_32:indef.obj
 0002:00001b08       IPSEC_CIPHER_TRANSFORM_ID_AES_128 000000014000eb08     ws2_32:indef.obj
 0002:00001b10       IPSEC_CIPHER_TRANSFORM_ID_AES_192 000000014000eb10     ws2_32:indef.obj
 0002:00001b18       IPSEC_CIPHER_TRANSFORM_ID_AES_256 000000014000eb18     ws2_32:indef.obj
 0002:00001b20       IPSEC_CIPHER_TRANSFORM_ID_GCM_AES_128 000000014000eb20     ws2_32:indef.obj
 0002:00001b28       IPSEC_CIPHER_TRANSFORM_ID_GCM_AES_192 000000014000eb28     ws2_32:indef.obj
 0002:00001b30       IPSEC_CIPHER_TRANSFORM_ID_GCM_AES_256 000000014000eb30     ws2_32:indef.obj
 0002:00001c40       BFE_GENERIC_MAPPING        000000014000ec40     ws2_32:indef.obj
 0003:000dbe29       WFP_TRACE_NULL_DATA        00000001400ebe29     ws2_32:indef.obj
 0004:00000000       .data                      00000001400ec000     asm.o
