 d

 Timestamp is 696f78ff (Tue Jan 20 15:45:51 2026)

 Preferred load address is 0000000140000000

 Start         Length     Name                   Class
 0001:00000000 0000515dH .text                   CODE
 0001:0000515d 0000111dH .text$mn                CODE
 0002:00000000 000014ccH .rdata                  DATA
 0002:000014ca 00000000H .edata                  DATA
 0002:000014cc 00000169H .rdata$zzzdbg           DATA
 0003:00000000 00000a60H .data                   DATA
 0003:00000a60 000efce8H .bss                    DATA
 0004:00000000 00000318H .idata$5                DATA
 0004:00000318 00000064H .idata$2                DATA
 0004:0000037c 00000014H .idata$3                DATA
 0004:00000390 00000318H .idata$4                DATA
 0004:000006a8 0000031fH .idata$6                DATA

  Address         Publics by Value              Rva+Base               Lib:Object

 0000:00000000       __AbsoluteZero             0000000000000000     <absolute>
 0000:00000000       ___safe_se_handler_count   0000000000000000     <absolute>
 0000:00000000       ___safe_se_handler_table   0000000000000000     <absolute>
 0000:00000000       __arm64x_extra_rfe_table   0000000000000000     <absolute>
 0000:00000000       __arm64x_extra_rfe_table_size 0000000000000000     <absolute>
 0000:00000000       __arm64x_native_entrypoint 0000000000000000     <absolute>
 0000:00000000       __arm64x_redirection_metadata 0000000000000000     <absolute>
 0000:00000000       __arm64x_redirection_metadata_count 0000000000000000     <absolute>
 0000:00000000       __dynamic_value_reloc_table 0000000000000000     <absolute>
 0000:00000000       __enclave_config           0000000000000000     <absolute>
 0000:00000000       __guard_check_icall_a64n_fptr 0000000000000000     <absolute>
 0000:00000000       __guard_eh_cont_count      0000000000000000     <absolute>
 0000:00000000       __guard_eh_cont_table      0000000000000000     <absolute>
 0000:00000000       __guard_fids_count         0000000000000000     <absolute>
 0000:00000000       __guard_fids_table         0000000000000000     <absolute>
 0000:00000000       __guard_iat_count          0000000000000000     <absolute>
 0000:00000000       __guard_iat_table          0000000000000000     <absolute>
 0000:00000000       __guard_longjmp_count      0000000000000000     <absolute>
 0000:00000000       __guard_longjmp_table      0000000000000000     <absolute>
 0000:00000000       __hybrid_auxiliary_delayload_iat 0000000000000000     <absolute>
 0000:00000000       __hybrid_auxiliary_delayload_iat_copy 0000000000000000     <absolute>
 0000:00000000       __hybrid_auxiliary_iat     0000000000000000     <absolute>
 0000:00000000       __hybrid_auxiliary_iat_copy 0000000000000000     <absolute>
 0000:00000000       __hybrid_code_map          0000000000000000     <absolute>
 0000:00000000       __hybrid_code_map_count    0000000000000000     <absolute>
 0000:00000000       __hybrid_image_info_bitfield 0000000000000000     <absolute>
 0000:00000000       __volatile_metadata        0000000000000000     <absolute>
 0000:00000000       __x64_code_ranges_to_entry_points 0000000000000000     <absolute>
 0000:00000000       __x64_code_ranges_to_entry_points_count 0000000000000000     <absolute>
 0000:00000100       __guard_flags              0000000000000100     <absolute>
 0001:00000120       HandleNewConnection        0000000140001120 f   remote_dbg.o
 0001:00000230       sendMessage                0000000140001230 f   remote_dbg.o
 0001:00000420       start_remote_subsystem     0000000140001420 f   remote_dbg.o
 0001:000008c0       gai_strerrorW              00000001400018c0 f i remote_dbg.o
 0001:00000920       memset                     0000000140001920 f   runtime_lib_dbg.o
 0001:00000980       myMalloc                   0000000140001980 f   runtime_lib_dbg.o
 0001:00000a50       myFree                     0000000140001a50 f   runtime_lib_dbg.o
 0001:00000a60       myMemcpy                   0000000140001a60 f   runtime_lib_dbg.o
 0001:00000ad0       myAtoll                    0000000140001ad0 f   runtime_lib_dbg.o
 0001:00000c10       myScanI64                  0000000140001c10 f   runtime_lib_dbg.o
 0001:00000cc0       myScanS                    0000000140001cc0 f   runtime_lib_dbg.o
 0001:00000dc0       PrintI64                   0000000140001dc0 f   runtime_lib_dbg.o
 0001:00000e90       PrintI64H                  0000000140001e90 f   runtime_lib_dbg.o
 0001:00000f30       Print2H                    0000000140001f30 f   runtime_lib_dbg.o
 0001:00000fd0       myPrintf                   0000000140001fd0 f   runtime_lib_dbg.o
 0001:00001300       init_lib                   0000000140002300 f   runtime_lib_dbg.o
 0001:00001640       NewObject                  0000000140002640 f   runtime_dbg.o
 0001:00001a10       PushObject                 0000000140002a10 f   runtime_dbg.o
 0001:00001a20       QueryObject                0000000140002a20 f   runtime_dbg.o
 0001:00001b10       WaitListWorker             0000000140002b10 f   runtime_dbg.o
 0001:00001b60       PrintObject                0000000140002b60 f   runtime_dbg.o
 0001:00001d60       EnqueueWorker              0000000140002d60 f   runtime_dbg.o
 0001:00001db0       SheduleWorker              0000000140002db0 f   runtime_dbg.o
 0001:00002430       StartNewWorker             0000000140003430 f   runtime_dbg.o
 0001:000024d0       CallObject                 00000001400034d0 f   runtime_dbg.o
 0001:000025b0       LoadWorker                 00000001400035b0 f   runtime_dbg.o
 0001:000030e0       entry                      00000001400040e0 f   runtime_dbg.o
 0001:00003cb8       fastPushObject             0000000140004cb8     asm_dbg.o
 0001:00003d86       fastQueryObject            0000000140004d86     asm_dbg.o
 0001:00003eea       fastNewObject              0000000140004eea     asm_dbg.o
 0001:00003f1d       fastCallObject             0000000140004f1d     asm_dbg.o
 0001:00003f50       ExecuteWorker              0000000140004f50     asm_dbg.o
 0001:00003f97       setjmpUN                   0000000140004f97     asm_dbg.o
 0001:00003fca       longjmpUN                  0000000140004fca     asm_dbg.o
 0001:00003ff3       DllCall                    0000000140004ff3     asm_dbg.o
 0001:0000515d       WSARecv                    000000014000615d f   ws2_32:WS2_32.dll
 0001:00005163       getaddrinfo                0000000140006163 f   ws2_32:WS2_32.dll
 0001:00005169       socket                     0000000140006169 f   ws2_32:WS2_32.dll
 0001:0000516f       connect                    000000014000616f f   ws2_32:WS2_32.dll
 0001:00005175       closesocket                0000000140006175 f   ws2_32:WS2_32.dll
 0001:0000517b       freeaddrinfo               000000014000617b f   ws2_32:WS2_32.dll
 0001:00005181       send                       0000000140006181 f   ws2_32:WS2_32.dll
 0001:00005187       WSAStartup                 0000000140006187 f   ws2_32:WS2_32.dll
 0001:0000518d       setsockopt                 000000014000618d f   ws2_32:WS2_32.dll
 0001:00005193       htons                      0000000140006193 f   ws2_32:WS2_32.dll
 0001:00005199       bind                       0000000140006199 f   ws2_32:WS2_32.dll
 0001:0000519f       getsockname                000000014000619f f   ws2_32:WS2_32.dll
 0001:000051a5       ntohs                      00000001400061a5 f   ws2_32:WS2_32.dll
 0001:000051ab       listen                     00000001400061ab f   ws2_32:WS2_32.dll
 0001:000051b1       accept                     00000001400061b1 f   ws2_32:WS2_32.dll
 0001:000051b7       CreateIoCompletionPort     00000001400061b7 f   kernel32:KERNEL32.dll
 0001:000051bd       FormatMessageW             00000001400061bd f   kernel32:KERNEL32.dll
 0001:000051c3       CreateThread               00000001400061c3 f   kernel32:KERNEL32.dll
 0001:000051c9       GetQueuedCompletionStatus  00000001400061c9 f   kernel32:KERNEL32.dll
 0001:000051cf       VirtualAlloc               00000001400061cf f   kernel32:KERNEL32.dll
 0001:000051d5       ReadConsoleW               00000001400061d5 f   kernel32:KERNEL32.dll
 0001:000051db       MultiByteToWideChar        00000001400061db f   kernel32:KERNEL32.dll
 0001:000051e1       WriteConsoleW              00000001400061e1 f   kernel32:KERNEL32.dll
 0001:000051e7       GetStdHandle               00000001400061e7 f   kernel32:KERNEL32.dll
 0001:000051ed       GetLastError               00000001400061ed f   kernel32:KERNEL32.dll
 0001:000051f3       LoadLibraryA               00000001400061f3 f   kernel32:KERNEL32.dll
 0001:000051f9       GetProcAddress             00000001400061f9 f   kernel32:KERNEL32.dll
 0001:000051ff       FreeLibrary                00000001400061ff f   kernel32:KERNEL32.dll
 0001:00005205       CreateFileW                0000000140006205 f   kernel32:KERNEL32.dll
 0001:0000520b       GetFileSizeEx              000000014000620b f   kernel32:KERNEL32.dll
 0001:00005211       ReadFile                   0000000140006211 f   kernel32:KERNEL32.dll
 0001:00005217       CloseHandle                0000000140006217 f   kernel32:KERNEL32.dll
 0001:0000521d       GetCommandLineW            000000014000621d f   kernel32:KERNEL32.dll
 0001:00005223       ExitProcess                0000000140006223 f   kernel32:KERNEL32.dll
 0001:00005229       mciSendStringW             0000000140006229 f   winmm:WINMM.dll
 0001:0000522f       SelectObject               000000014000622f f   gdi32:GDI32.dll
 0001:00005235       CreateFontW                0000000140006235 f   gdi32:GDI32.dll
 0001:0000523b       CommandLineToArgvW         000000014000623b f   shell32:SHELL32.dll
 0002:00000000       ??_C@_1DK@JDJLBDGO@?$AAM?$AAe?$AAs?$AAs?$AAa?$AAg?$AAe?$AA?5?$AAt?$AAo?$AA?5?$AA?$FL?$AA?$CF?$AAs?$AA?$FN?$AA?5?$AA?$FL?$AA?$CF?$AAs?$AA?$FN?$AA?5?$AA?$DO?$AA?5?$AA?$FL?$AA?$CF?$AAs?$AA?$FN?$AA?6?$AA?$AA@ 0000000140008000     remote_dbg.o
 0002:00000046       ??_C@_1FE@JKPBPNOM@?$AAE?$AAr?$AAr?$AAo?$AAr?$AA?5?$AAr?$AAe?$AAs?$AAo?$AAl?$AAv?$AAi?$AAn?$AAg?$AA?5?$AAh?$AAo?$AAs?$AAt?$AA?4?$AA?5?$AA?$FL?$AAs?$AAt?$AAa?$AAt?$AAu?$AAs?$AA?$DN?$AA?$CF?$AAl@ 0000000140008046     remote_dbg.o
 0002:000000aa       ??_C@_1EA@KBEMDBEM@?$AAE?$AAr?$AAr?$AAo?$AAr?$AA?3?$AA?5?$AAC?$AAo?$AAu?$AAl?$AAd?$AA?5?$AAn?$AAo?$AAt?$AA?5?$AAc?$AAo?$AAn?$AAn?$AAe?$AAc?$AAt?$AA?5?$AAt?$AAo?$AA?5?$AA?$CF?$AAs?$AA?6?$AA?$AA@ 00000001400080aa     remote_dbg.o
 0002:000000f6       ??_C@_1CC@HHHBAEGI@?$AAM?$AAe?$AAs?$AAs?$AAe?$AAn?$AAg?$AAe?$AAr?$AA?5?$AAr?$AAe?$AAa?$AAd?$AAy?$AA?6?$AA?$AA@ 00000001400080f6     remote_dbg.o
 0002:0000011e       ??_C@_1CE@IOICPHGF@?$AAE?$AAn?$AAt?$AAe?$AAr?$AA?5?$AAI?$AAP?$AA?3?$AAM?$AAe?$AAs?$AAs?$AAa?$AAg?$AAe?$AA?6?$AA?$AA@ 000000014000811e     remote_dbg.o
 0002:0000014a       ??_C@_1DM@PKIKMHMJ@?$AA?$FL?$AAN?$AAE?$AAT?$AAW?$AAO?$AAR?$AAK?$AA?$FN?$AA?3?$AA?5?$AAP?$AAe?$AAe?$AAr?$AA?5?$AAd?$AAi?$AAs?$AAc?$AAo?$AAn?$AAn?$AAe?$AAc?$AAt?$AAe?$AAd?$AA?6?$AA?$AA@ 000000014000814a     remote_dbg.o
 0002:00000192       ??_C@_1CC@PKHECOAP@?$AAG?$AAo?$AAt?$AA?5?$AAm?$AAe?$AAs?$AAs?$AAa?$AAg?$AAe?$AA?3?$AA?5?$AA?$CF?$AAs?$AA?6?$AA?$AA@ 0000000140008192     remote_dbg.o
 0002:000001ba       ??_C@_1DK@EHAPFJND@?$AAs?$AAe?$AAr?$AAv?$AAe?$AAr?$AA?5?$AAs?$AAt?$AAa?$AAr?$AAt?$AAe?$AAd?$AA?5?$AAo?$AAn?$AA?5?$AAp?$AAo?$AAr?$AAt?$AA?5?$AA?$CF?$AAl?$AAl?$AAd?$AA?6?$AA?$AA@ 00000001400081ba     remote_dbg.o
 0002:00000200       ??_C@_1BI@DOGCPILG@?$AAE?$AAR?$AAR?$AAO?$AAR?$AA?5?$AA?$CF?$AAl?$AAl?$AAd?$AA?6?$AA?$AA@ 0000000140008200     runtime_lib_dbg.o
 0002:00000298       ??_C@_1GK@LJBKHIKD@?$AAA?$AAr?$AAr?$AAa?$AAy?$AA?5?$AAo?$AAf?$AA?5?$AA?$CF?$AAl?$AAl?$AAd?$AA?5?$AAb?$AAy?$AAt?$AAe?$AAs?$AA?0?$AA?5?$AAe?$AAl?$AAe?$AAm?$AAe?$AAn?$AAt?$AA?5?$AAo?$AAf?$AA?5@ 0000000140008298     runtime_dbg.o
 0002:00000318       ??_C@_1BG@HIIBALHG@?$AA?$FL?$AAi?$AAd?$AA?$DN?$AA?$CF?$AAl?$AAl?$AAx?$AA?$FN?$AA?6?$AA?$AA@ 0000000140008318     runtime_dbg.o
 0002:00000332       ??_C@_1EC@IBADEGPM@?$AAP?$AAr?$AAo?$AAm?$AAi?$AAs?$AAe?$AA?5?$AAf?$AAo?$AAr?$AA?5?$AAs?$AAi?$AAz?$AAe?$AA?5?$AA?$CF?$AAl?$AAl?$AAd?$AA?5?$AAa?$AAl?$AAl?$AAo?$AAc?$AAa?$AAt?$AAe?$AAd?$AA?6@ 0000000140008332     runtime_dbg.o
 0002:00000382       ??_C@_1DO@OEOJCPLG@?$AAC?$AAl?$AAa?$AAs?$AAs?$AA?5?$AAf?$AAo?$AAr?$AA?5?$AAs?$AAi?$AAz?$AAe?$AA?5?$AA?$CF?$AAl?$AAl?$AAd?$AA?5?$AAa?$AAl?$AAl?$AAo?$AAc?$AAa?$AAt?$AAe?$AAd?$AA?6?$AA?$AA@ 0000000140008382     runtime_dbg.o
 0002:000003cc       ??_C@_1EO@GECEJMLH@?$AAD?$AAe?$AAf?$AAi?$AAn?$AAe?$AAd?$AA?5?$AAa?$AAr?$AAr?$AAa?$AAy?$AA?5?$AAf?$AAo?$AAr?$AA?5?$AAs?$AAi?$AAz?$AAe?$AA?5?$AA?$CF?$AAl?$AAl?$AAd?$AA?5?$AAa?$AAl?$AAl?$AAo@ 00000001400083cc     runtime_dbg.o
 0002:0000042a       ??_C@_1M@FHJLFHFE@?$AA?5?$AA?$CF?$AA0?$AA2?$AAx?$AA?$AA@ 000000014000842a     runtime_dbg.o
 0002:00000438       ??_C@_13LBAGMAIH@?$AA?6?$AA?$AA@ 0000000140008438     runtime_dbg.o
 0002:0000043c       ??_C@_1DC@NBDPBMKB@?$AAW?$AAr?$AAo?$AAn?$AAg?$AA?5?$AAt?$AAy?$AAp?$AAe?$AA?5?$AAi?$AAn?$AA?5?$AAN?$AAe?$AAw?$AAO?$AAb?$AAj?$AAe?$AAc?$AAt?$AA?6?$AA?$AA@ 000000014000843c     runtime_dbg.o
 0002:00000478       ??_C@_1DA@IMNONGIJ@?$AAA?$AAw?$AAa?$AAi?$AAt?$AAi?$AAn?$AAg?$AA?5?$AAp?$AAr?$AAo?$AAm?$AAi?$AAs?$AAe?$AA?5?$AAa?$AAt?$AA?5?$AA?$CF?$AAp?$AA?6?$AA?$AA@ 0000000140008478     runtime_dbg.o
 0002:000004b2       ??_C@_1DO@CBJEPNAO@?$AAP?$AAr?$AAo?$AAm?$AAi?$AAs?$AAe?$AA?$CI?$AAs?$AAe?$AAt?$AA?$DN?$AA?$CF?$AA0?$AA2?$AAx?$AA?0?$AA?5?$AAf?$AAi?$AAr?$AAs?$AAt?$AA4?$AAb?$AAy?$AAt?$AAe?$AAs?$AA?$DN?$AA?$AA@ 00000001400084b2     runtime_dbg.o
 0002:000004fc       ??_C@_1M@OMOAGDNC@?$AA?$CF?$AA0?$AA2?$AAx?$AA?5?$AA?$AA@ 00000001400084fc     runtime_dbg.o
 0002:0000050a       ??_C@_15BCDOKMG@?$AA?$CJ?$AA?6?$AA?$AA@ 000000014000850a     runtime_dbg.o
 0002:00000512       ??_C@_1EO@JIHFKLGM@?$AAA?$AAr?$AAr?$AAa?$AAy?$AA?$CI?$AAl?$AAe?$AAn?$AAg?$AAt?$AAh?$AA?$DN?$AA?$CF?$AAl?$AAl?$AAd?$AA?0?$AA?5?$AAe?$AAl?$AAe?$AAm?$AAe?$AAn?$AAt?$AA_?$AAs?$AAi?$AAz?$AAe?$AA?$DN@ 0000000140008512     runtime_dbg.o
 0002:00000570       ??_C@_15IPOKAMGA@?$AA?$HL?$AA?5?$AA?$AA@ 0000000140008570     runtime_dbg.o
 0002:00000578       ??_C@_13EHOOFIKC@?$AA?$HN?$AA?$AA@ 0000000140008578     runtime_dbg.o
 0002:0000057c       ??_C@_15JOGBDECP@?$AA?0?$AA?5?$AA?$AA@ 000000014000857c     runtime_dbg.o
 0002:00000584       ??_C@_1CG@OGLIMIIK@?$AAC?$AAl?$AAa?$AAs?$AAs?$AA?$CI?$AAf?$AAi?$AAr?$AAs?$AAt?$AA4?$AAb?$AAy?$AAt?$AAe?$AAs?$AA?$DN?$AA?$AA@ 0000000140008584     runtime_dbg.o
 0002:000005b2       ??_C@_1DM@HBMDBMCD@?$AAO?$AAb?$AAj?$AAe?$AAc?$AAt?$AA?5?$AAo?$AAf?$AA?5?$AAu?$AAn?$AAk?$AAn?$AAo?$AAw?$AAn?$AA?5?$AAt?$AAy?$AAp?$AAe?$AA?3?$AA?5?$AA?$CF?$AA0?$AA2?$AAx?$AA?6?$AA?$AA@ 00000001400085b2     runtime_dbg.o
 0002:000005fa       ??_C@_1EG@GCAPNGMF@?$AAW?$AAo?$AAr?$AAk?$AAe?$AAr?$AA?5?$AAa?$AAd?$AAd?$AA?5?$AAt?$AAo?$AA?5?$AAw?$AAa?$AAi?$AAt?$AA?5?$AAl?$AAi?$AAs?$AAt?$AA?5?$AA?$FL?$AAn?$AAe?$AAx?$AAt?$AA?$DN?$AA?$CF?$AAp@ 00000001400085fa     runtime_dbg.o
 0002:0000064e       ??_C@_1DG@NGKLANNI@?$AAW?$AAo?$AAr?$AAk?$AAe?$AAr?$AA?5?$AAe?$AAn?$AAq?$AAu?$AAe?$AAu?$AAe?$AAd?$AA?5?$AA?$FL?$AAn?$AAe?$AAx?$AAt?$AA?$DN?$AA?$CF?$AAp?$AA?$FN?$AA?6?$AA?$AA@ 000000014000864e     runtime_dbg.o
 0002:0000068e       ??_C@_1CO@BAHOKHFI@?$AA?6?$AAS?$AAh?$AAe?$AAd?$AAu?$AAl?$AAi?$AAn?$AAg?$AA?5?$AAn?$AAe?$AAw?$AA?5?$AAw?$AAo?$AAr?$AAk?$AAe?$AAr?$AA?6?$AA?$AA@ 000000014000868e     runtime_dbg.o
 0002:000006c6       ??_C@_1HO@HICANDHJ@?$AAC?$AAo?$AAn?$AAt?$AAi?$AAn?$AAu?$AAe?$AA?5?$AAw?$AAo?$AAr?$AAk?$AAe?$AAr?$AA?5?$AA?$CF?$AAl?$AAl?$AAd?$AA?5?$AAf?$AAr?$AAo?$AAm?$AA?5?$AA?$CF?$AAp?$AA?5?$AA?$FL?$AAr?$AAd@ 00000001400086c6     runtime_dbg.o
 0002:0000075e       ??_C@_1CK@NBHIMJGA@?$AAc?$AAa?$AAl?$AAl?$AAi?$AAn?$AAg?$AA?5?$AAw?$AAo?$AAr?$AAk?$AAe?$AAr?$AA?5?$AA?$CF?$AAl?$AAl?$AAd?$AA?6?$AA?$AA@ 000000014000875e     runtime_dbg.o
 0002:00000790       ??_C@_1CE@FDGKEBHI@?$AAA?$AAR?$AAG?$AA?$FL?$AA?$CF?$AAl?$AAl?$AAd?$AA?$FN?$AA?5?$AA?$DN?$AA?5?$AA?$CF?$AAl?$AAl?$AAd?$AA?6?$AA?$AA@ 0000000140008790     runtime_dbg.o
 0002:000007bc       ??_C@_1EA@LCIBHMNK@?$AAo?$AAu?$AAt?$AAp?$AAu?$AAt?$AA?5?$AAi?$AAs?$AA?5?$AA?$CF?$AAp?$AA?5?$AA?$FL?$AA?9?$AA?$DO?$AAt?$AAo?$AA?5?$AAp?$AAr?$AAo?$AAm?$AAi?$AAs?$AAe?$AA?5?$AA?$CF?$AAp?$AA?$FN?$AA?6?$AA?$AA@ 00000001400087bc     runtime_dbg.o
 0002:00000808       ??_C@_1CO@MGEJJCCL@?$AAr?$AAe?$AAt?$AAu?$AAr?$AAn?$AAe?$AAd?$AA?5?$AA?$CL?$AA?5?$AAE?$AAr?$AAr?$AAo?$AAr?$AA?$DN?$AA?$CF?$AAl?$AAl?$AAd?$AA?6?$AA?$AA@ 0000000140008808     runtime_dbg.o
 0002:00000840       ??_C@_1FG@JIDNOGIJ@?$AAS?$AAt?$AAa?$AAr?$AAt?$AAi?$AAn?$AAg?$AA?5?$AAn?$AAe?$AAw?$AA?5?$AAw?$AAo?$AAr?$AAk?$AAe?$AAr?$AA?5?$AA?$CF?$AAl?$AAl?$AAd?$AA?5?$AA?$FL?$AAi?$AAn?$AAp?$AAu?$AAt?$AA?5@ 0000000140008840     runtime_dbg.o
 0002:000008a8       ??_C@_1DO@BFHBFJJL@?$AAC?$AAa?$AAl?$AAl?$AAi?$AAn?$AAg?$AA?5?$AAw?$AAo?$AAr?$AAk?$AAe?$AAr?$AA?5?$AA?$CF?$AAl?$AAl?$AAd?$AA?5?$AA?$FL?$AAd?$AAa?$AAt?$AAa?$AA?$DN?$AA?$CF?$AAp?$AA?$FN?$AA?6?$AA?$AA@ 00000001400088a8     runtime_dbg.o
 0002:000008f2       ??_C@_1BC@GMOKLPI@?$AAT?$AAa?$AAb?$AAl?$AAe?$AA?5?$AA?$DN?$AA?5?$AA?$AA@ 00000001400088f2     runtime_dbg.o
 0002:00000908       ??_C@_1EG@KLACJNPC@?$AAE?$AAr?$AAr?$AAo?$AAr?$AA?3?$AA?5?$AAt?$AAh?$AAi?$AAs?$AA?5?$AAi?$AAs?$AAn?$AA?8?$AAt?$AA?5?$AAh?$AAi?$AAv?$AAe?$AA?5?$AAe?$AAx?$AAe?$AAc?$AAu?$AAt?$AAa?$AAb?$AAl@ 0000000140008908     runtime_dbg.o
 0002:0000095c       ??_C@_1GG@OIFEBPCL@?$AAE?$AAr?$AAr?$AAo?$AAr?$AA?3?$AA?5?$AAt?$AAh?$AAi?$AAs?$AA?5?$AAi?$AAs?$AA?5?$AAe?$AAx?$AAe?$AAc?$AAu?$AAt?$AAa?$AAb?$AAl?$AAe?$AA?5?$AAo?$AAf?$AA?5?$AAn?$AAo?$AAt@ 000000014000895c     runtime_dbg.o
 0002:000009d6       ??_C@_1DC@FFLNADD@?$AAE?$AAr?$AAr?$AAo?$AAr?$AA?3?$AA?5?$AAw?$AAi?$AAn?$AAa?$AAp?$AAi?$AA?5?$AAe?$AAr?$AAr?$AAo?$AAr?$AA?5?$AA?$CF?$AAl?$AAd?$AA?6?$AA?$AA@ 00000001400089d6     runtime_dbg.o
 0002:00000a12       ??_C@_1BK@JJBOCJJN@?$AAs?$AAe?$AAt?$AA?5?$AAt?$AAo?$AA?5?$AA?$CF?$AAl?$AAl?$AAd?$AA?5?$AA?$AA@ 0000000140008a12     runtime_dbg.o
 0002:00000a32       ??_C@_1BA@LPJEKMJJ@?$AAp?$AAt?$AAr?$AA?$DN?$AA?$CF?$AAp?$AA?6?$AA?$AA@ 0000000140008a32     runtime_dbg.o
 0002:00000a46       ??_C@_1IG@FGNNCHGH@?$AAw?$AAo?$AAr?$AAk?$AAe?$AAr?$AA?5?$AA?$CF?$AAl?$AAl?$AAd?$AA?5?$AAi?$AAs?$AA?5?$AAd?$AAl?$AAl?$AA?5?$AAc?$AAa?$AAl?$AAl?$AA?5?$AAo?$AAf?$AA?5?$AAl?$AAi?$AAb?$AAr?$AAa@ 0000000140008a46     runtime_dbg.o
 0002:00000ae6       ??_C@_1CG@BIKDCCPC@?$AAs?$AAt?$AAa?$AAc?$AAk?$AA?5?$AAu?$AAs?$AAa?$AAg?$AAe?$AA?3?$AA?5?$AA?$CF?$AAl?$AAl?$AAd?$AA?6?$AA?$AA@ 0000000140008ae6     runtime_dbg.o
 0002:00000b14       ??_C@_1GK@IGPNAPLE@?$AAo?$AAu?$AAt?$AAp?$AAu?$AAt?$AA?5?$AAh?$AAa?$AAv?$AAe?$AA?5?$AAs?$AAi?$AAz?$AAe?$AA?5?$AA?$CF?$AAl?$AAl?$AAd?$AA?5?$AA?$FL?$AAa?$AAn?$AAd?$AA?5?$AAa?$AAr?$AAg?$AAs?$AA?5@ 0000000140008b14     runtime_dbg.o
 0002:00000b94       ??_C@_1DM@EEDFDKOL@?$AAa?$AAr?$AAg?$AAu?$AAm?$AAe?$AAn?$AAt?$AA?5?$AA?$CF?$AAl?$AAl?$AAd?$AA?5?$AAh?$AAa?$AAv?$AAe?$AA?5?$AAs?$AAi?$AAz?$AAe?$AA?5?$AA?$CF?$AAl?$AAl?$AAd?$AA?6?$AA?$AA@ 0000000140008b94     runtime_dbg.o
 0002:00000bdc       ??_C@_1BA@MGNAHCFH@?$AA0?$AA?$DO?$AA?$CF?$AAl?$AAl?$AAx?$AA?6?$AA?$AA@ 0000000140008bdc     runtime_dbg.o
 0002:00000bf0       ??_C@_1BA@GILIODMG@?$AA1?$AA?$DO?$AA?$CF?$AAl?$AAl?$AAx?$AA?6?$AA?$AA@ 0000000140008bf0     runtime_dbg.o
 0002:00000c04       ??_C@_1BA@EBHAFHDE@?$AA2?$AA?$DO?$AA?$CF?$AAl?$AAl?$AAx?$AA?6?$AA?$AA@ 0000000140008c04     runtime_dbg.o
 0002:00000c18       ??_C@_1KA@EGEHPIHI@?$AAW?$AAo?$AAr?$AAk?$AAe?$AAr?$AA?5?$AA?$CF?$AAl?$AAl?$AAd?$AA?5?$AAh?$AAa?$AAv?$AAe?$AA?5?$AAb?$AAe?$AAe?$AAn?$AA?5?$AAl?$AAo?$AAa?$AAd?$AAe?$AAd?$AA?5?$AAt?$AAo?$AA?5@ 0000000140008c18     runtime_dbg.o
 0002:00000cd8       ??_C@_1HI@GNCDLKLI@?$AAE?$AAr?$AAr?$AAo?$AAr?$AA?3?$AA?5?$AAr?$AAu?$AAn?$AAt?$AAi?$AAm?$AAe?$AA?5?$AAd?$AAo?$AAe?$AAs?$AAn?$AA?8?$AAt?$AA?5?$AAs?$AAu?$AAp?$AAp?$AAo?$AAr?$AAt?$AA?5?$AAs@ 0000000140008cd8     runtime_dbg.o
 0002:00000d68       ??_C@_1EC@HLLMLNEL@?$AAE?$AAr?$AAr?$AAo?$AAr?$AA?3?$AA?5?$AAu?$AAn?$AAk?$AAn?$AAo?$AAw?$AAn?$AA?5?$AAh?$AAe?$AAa?$AAd?$AAe?$AAr?$AA?5?$AAt?$AAy?$AAp?$AAe?$AA?5?$AA?$CF?$AAl?$AAl?$AAd?$AA?6@ 0000000140008d68     runtime_dbg.o
 0002:00000db8       ??_C@_1CC@DEIAIPBB@?$AA?4?$AA?4?$AA?1?$AA?4?$AA?4?$AA?1?$AA?4?$AA?4?$AA?1?$AAr?$AAe?$AAs?$AA?4?$AAb?$AAi?$AAn?$AA?$AA@ 0000000140008db8     runtime_dbg.o
 0002:00000de0       ??_C@_1FC@OGJDIOEJ@?$AAE?$AAr?$AAr?$AAo?$AAr?$AA?3?$AA?5?$AAc?$AAa?$AAn?$AA?8?$AAt?$AA?5?$AAo?$AAp?$AAe?$AAn?$AA?5?$AA?4?$AA?4?$AA?1?$AA?4?$AA?4?$AA?1?$AA?4?$AA?4?$AA?1?$AAr?$AAe?$AAs?$AA?4?$AAb@ 0000000140008de0     runtime_dbg.o
 0002:00000e42       ??_C@_1DA@COAPAANM@?$AAE?$AAr?$AAr?$AAo?$AAr?$AA?3?$AA?5?$AAa?$AAt?$AA?5?$AAl?$AAo?$AAa?$AAd?$AAi?$AAn?$AAg?$AA?5?$AAf?$AAi?$AAl?$AAe?$AA?6?$AA?$AA@ 0000000140008e42     runtime_dbg.o
 0002:00000e7c       ??_C@_1CG@PNBFEFIC@?$AAR?$AAE?$AAA?$AAD?$AAI?$AAN?$AAG?$AA?5?$AAI?$AAN?$AAP?$AAU?$AAT?$AA?5?$AAA?$AAS?$AA?3?$AA?5?$AA?$AA@ 0000000140008e7c     runtime_dbg.o
 0002:00000eaa       ??_C@_1M@HLHACGAA@?$AA?$CF?$AAl?$AAl?$AAd?$AA?5?$AA?$AA@ 0000000140008eaa     runtime_dbg.o
 0002:00000eb8       ??_C@_1BI@KEMCAKCM@?$AAR?$AAu?$AAn?$AAn?$AAi?$AAn?$AAg?$AA?4?$AA?4?$AA?4?$AA?6?$AA?$AA@ 0000000140008eb8     runtime_dbg.o
 0002:00000ed4       ??_C@_1CC@LGCEDAFN@?$AAA?$AAt?$AA?5?$AAe?$AAn?$AAd?$AA?5?$AAo?$AAb?$AAj?$AAe?$AAc?$AAt?$AAs?$AA?3?$AA?6?$AA?$AA@ 0000000140008ed4     runtime_dbg.o
 0002:00000efc       ??_C@_1BI@HBEANEC@?$AA?$CF?$AA0?$AA2?$AAx?$AA?$DN?$AA?$FL?$AA?$CF?$AAl?$AAl?$AAx?$AA?$FN?$AA?$AA@ 0000000140008efc     runtime_dbg.o
 0002:00000f18       ??_C@_1FG@DPFHIKFA@?$AA?$CB?$AA?$CB?$AA?$CB?$AAA?$AAL?$AAL?$AA?5?$AAE?$AAX?$AAI?$AAS?$AAT?$AAI?$AAN?$AAG?$AA?5?$AAW?$AAO?$AAR?$AAK?$AAE?$AAR?$AAS?$AA?5?$AAA?$AAR?$AAE?$AA?5?$AAD?$AAE?$AAA?$AAD@ 0000000140008f18     runtime_dbg.o
 0002:00000f80       ??_C@_1DO@BFPIHEIA@?$AAP?$AAr?$AAo?$AAg?$AAr?$AAa?$AAm?$AA?5?$AAe?$AAx?$AAi?$AAt?$AAe?$AAd?$AA?5?$AAw?$AAi?$AAt?$AAh?$AA?5?$AAc?$AAo?$AAd?$AAe?$AA?5?$AA?$CF?$AAl?$AAl?$AAx?$AA?6?$AA?$AA@ 0000000140008f80     runtime_dbg.o
 0002:00000fca       ??_C@_1GO@CEANDIOF@?$AAR?$AAe?$AAs?$AAu?$AAl?$AAt?$AA?5?$AAo?$AAf?$AA?5?$AAm?$AAa?$AAi?$AAn?$AA?5?$AAf?$AAu?$AAn?$AAc?$AAt?$AAi?$AAo?$AAn?$AA?5?$AAi?$AAs?$AAn?$AA?8?$AAt?$AA?5?$AAr?$AAe@ 0000000140008fca     runtime_dbg.o
 0002:00001050       RtlNtPathSeperatorString   0000000140009050     ws2_32:indef.obj
 0002:00001064       ??_C@_13FPGAJAPJ@?$AA?2@   0000000140009064     ws2_32:indef.obj
 0002:00001068       RtlDosPathSeperatorsString 0000000140009068     ws2_32:indef.obj
 0002:0000107c       ??_C@_15MNCACJLI@?$AA?2?$AA?1@ 000000014000907c     ws2_32:indef.obj
 0002:00001088       RtlAlternateDosPathSeperatorString 0000000140009088     ws2_32:indef.obj
 0002:0000109c       ??_C@_13CGOKJPIL@?$AA?1@   000000014000909c     ws2_32:indef.obj
 0002:000010b4       eui48_broadcast            00000001400090b4     ws2_32:indef.obj
 0002:000010bc       scopeid_unspecified        00000001400090bc     ws2_32:indef.obj
 0002:000010c0       in4addr_any                00000001400090c0     ws2_32:indef.obj
 0002:000010c4       in4addr_loopback           00000001400090c4     ws2_32:indef.obj
 0002:000010c8       in4addr_broadcast          00000001400090c8     ws2_32:indef.obj
 0002:000010cc       in4addr_allnodesonlink     00000001400090cc     ws2_32:indef.obj
 0002:000010d0       in4addr_allroutersonlink   00000001400090d0     ws2_32:indef.obj
 0002:000010d4       in4addr_alligmpv3routersonlink 00000001400090d4     ws2_32:indef.obj
 0002:000010d8       in4addr_allteredohostsonlink 00000001400090d8     ws2_32:indef.obj
 0002:000010dc       in4addr_linklocalprefix    00000001400090dc     ws2_32:indef.obj
 0002:000010e0       in4addr_multicastprefix    00000001400090e0     ws2_32:indef.obj
 0002:000010e8       in6addr_any                00000001400090e8     ws2_32:indef.obj
 0002:00001100       in6addr_loopback           0000000140009100     ws2_32:indef.obj
 0002:00001118       in6addr_allnodesonnode     0000000140009118     ws2_32:indef.obj
 0002:00001130       in6addr_allnodesonlink     0000000140009130     ws2_32:indef.obj
 0002:00001148       in6addr_allroutersonlink   0000000140009148     ws2_32:indef.obj
 0002:00001160       in6addr_allmldv2routersonlink 0000000140009160     ws2_32:indef.obj
 0002:00001178       in6addr_teredoinitiallinklocaladdress 0000000140009178     ws2_32:indef.obj
 0002:00001190       in6addr_linklocalprefix    0000000140009190     ws2_32:indef.obj
 0002:000011a8       in6addr_multicastprefix    00000001400091a8     ws2_32:indef.obj
 0002:000011c0       in6addr_solicitednodemulticastprefix 00000001400091c0     ws2_32:indef.obj
 0002:000011d8       in6addr_v4mappedprefix     00000001400091d8     ws2_32:indef.obj
 0002:000011f0       in6addr_6to4prefix         00000001400091f0     ws2_32:indef.obj
 0002:00001208       in6addr_teredoprefix       0000000140009208     ws2_32:indef.obj
 0002:00001220       in6addr_teredoprefix_old   0000000140009220     ws2_32:indef.obj
 0002:00001238       BUGCHECK_EFI_GUID          0000000140009238     ws2_32:indef.obj
 0003:00000000       runningId                  000000014000a000     runtime_dbg.o
 0003:00000440       context                    000000014000a440     asm_dbg.o
 0003:00000910       AddressFamilyInformation   000000014000a910     ws2_32:indef.obj
 0003:00000a60       next_local_id              000000014000aa60     remote_dbg.o
 0003:00000a70       connections                000000014000aa70     remote_dbg.o
 0003:00002a70       hIOCP                      000000014000ca70     remote_dbg.o
 0003:00003a90       data_buffer_end            000000014000da90     runtime_lib_dbg.o
 0003:00003a98       data_buffer                000000014000da98     runtime_lib_dbg.o
 0003:00003aa0       commited                   000000014000daa0     runtime_lib_dbg.o
 0003:00003aa8       hInput                     000000014000daa8     runtime_lib_dbg.o
 0003:00003ab0       buf                        000000014000dab0     runtime_lib_dbg.o
 0003:00004ab0       hOutput                    000000014000eab0     runtime_lib_dbg.o
 0003:00004e00       Workers                    000000014000ee00     runtime_dbg.o
 0003:00005760       object_array               000000014000f760     runtime_dbg.o
 0003:000c8c60       object_array_len           00000001400d2c60     runtime_dbg.o
 0003:000c8c68       defined_arrays             00000001400d2c68     runtime_dbg.o
 0003:000c8c70       ShedulerBuffer             00000001400d2c70     runtime_dbg.o
 0003:000c8cc0       wait_list_len              00000001400d2cc0     runtime_dbg.o
 0003:000c8cc8       queue_len                  00000001400d2cc8     runtime_dbg.o
 0003:000c8cd0       wait_list                  00000001400d2cd0     runtime_dbg.o
 0003:000c8ff0       queue                      00000001400d2ff0     runtime_dbg.o
 0003:000f0747       ExPoolZeroingNativelySupported 00000001400fa747     ws2_32:indef.obj
 0004:00000000       __imp_CreateFontW          00000001400fb000     gdi32:GDI32.dll
 0004:00000008       __imp_SelectObject         00000001400fb008     gdi32:GDI32.dll
 0004:00000010       \177GDI32_NULL_THUNK_DATA  00000001400fb010     gdi32:GDI32.dll
 0004:00000068       __imp_WriteConsoleW        00000001400fb068     kernel32:KERNEL32.dll
 0004:00000070       __imp_ReadConsoleW         00000001400fb070     kernel32:KERNEL32.dll
 0004:00000078       __imp_MultiByteToWideChar  00000001400fb078     kernel32:KERNEL32.dll
 0004:00000080       __imp_ExitProcess          00000001400fb080     kernel32:KERNEL32.dll
 0004:00000088       __imp_GetCommandLineW      00000001400fb088     kernel32:KERNEL32.dll
 0004:00000090       __imp_CloseHandle          00000001400fb090     kernel32:KERNEL32.dll
 0004:00000098       __imp_ReadFile             00000001400fb098     kernel32:KERNEL32.dll
 0004:000000a0       __imp_GetFileSizeEx        00000001400fb0a0     kernel32:KERNEL32.dll
 0004:000000a8       __imp_CreateFileW          00000001400fb0a8     kernel32:KERNEL32.dll
 0004:000000b0       __imp_FreeLibrary          00000001400fb0b0     kernel32:KERNEL32.dll
 0004:000000b8       __imp_GetProcAddress       00000001400fb0b8     kernel32:KERNEL32.dll
 0004:000000c0       __imp_LoadLibraryA         00000001400fb0c0     kernel32:KERNEL32.dll
 0004:000000c8       __imp_GetLastError         00000001400fb0c8     kernel32:KERNEL32.dll
 0004:000000d0       __imp_CreateIoCompletionPort 00000001400fb0d0     kernel32:KERNEL32.dll
 0004:000000d8       __imp_FormatMessageW       00000001400fb0d8     kernel32:KERNEL32.dll
 0004:000000e0       __imp_CreateThread         00000001400fb0e0     kernel32:KERNEL32.dll
 0004:000000e8       __imp_GetQueuedCompletionStatus 00000001400fb0e8     kernel32:KERNEL32.dll
 0004:000000f0       __imp_VirtualAlloc         00000001400fb0f0     kernel32:KERNEL32.dll
 0004:000000f8       __imp_GetStdHandle         00000001400fb0f8     kernel32:KERNEL32.dll
 0004:00000100       \177KERNEL32_NULL_THUNK_DATA 00000001400fb100     kernel32:KERNEL32.dll
 0004:00000170       __imp_CommandLineToArgvW   00000001400fb170     shell32:SHELL32.dll
 0004:00000178       \177SHELL32_NULL_THUNK_DATA 00000001400fb178     shell32:SHELL32.dll
 0004:000001d0       __imp_mciSendStringW       00000001400fb1d0     winmm:WINMM.dll
 0004:000001d8       \177WINMM_NULL_THUNK_DATA  00000001400fb1d8     winmm:WINMM.dll
 0004:00000230       __imp_listen               00000001400fb230     ws2_32:WS2_32.dll
 0004:00000238       __imp_ntohs                00000001400fb238     ws2_32:WS2_32.dll
 0004:00000240       __imp_getsockname          00000001400fb240     ws2_32:WS2_32.dll
 0004:00000248       __imp_bind                 00000001400fb248     ws2_32:WS2_32.dll
 0004:00000250       __imp_accept               00000001400fb250     ws2_32:WS2_32.dll
 0004:00000258       __imp_setsockopt           00000001400fb258     ws2_32:WS2_32.dll
 0004:00000260       __imp_WSAStartup           00000001400fb260     ws2_32:WS2_32.dll
 0004:00000268       __imp_WSARecv              00000001400fb268     ws2_32:WS2_32.dll
 0004:00000270       __imp_freeaddrinfo         00000001400fb270     ws2_32:WS2_32.dll
 0004:00000278       __imp_htons                00000001400fb278     ws2_32:WS2_32.dll
 0004:00000280       __imp_send                 00000001400fb280     ws2_32:WS2_32.dll
 0004:00000288       __imp_closesocket          00000001400fb288     ws2_32:WS2_32.dll
 0004:00000290       __imp_connect              00000001400fb290     ws2_32:WS2_32.dll
 0004:00000298       __imp_socket               00000001400fb298     ws2_32:WS2_32.dll
 0004:000002a0       __imp_getaddrinfo          00000001400fb2a0     ws2_32:WS2_32.dll
 0004:000002a8       \177WS2_32_NULL_THUNK_DATA 00000001400fb2a8     ws2_32:WS2_32.dll
 0004:00000318       __IMPORT_DESCRIPTOR_WS2_32 00000001400fb318     ws2_32:WS2_32.dll
 0004:0000032c       __IMPORT_DESCRIPTOR_KERNEL32 00000001400fb32c     kernel32:KERNEL32.dll
 0004:00000340       __IMPORT_DESCRIPTOR_WINMM  00000001400fb340     winmm:WINMM.dll
 0004:00000354       __IMPORT_DESCRIPTOR_GDI32  00000001400fb354     gdi32:GDI32.dll
 0004:00000368       __IMPORT_DESCRIPTOR_SHELL32 00000001400fb368     shell32:SHELL32.dll
 0004:0000037c       __NULL_IMPORT_DESCRIPTOR   00000001400fb37c     ws2_32:WS2_32.dll

 entry point at        0001:00000005

 Static symbols

 0000:fff04000       .debug$S                   0000000140000000     gdi32:GDI32.dll
 0000:fff04000       .debug$S                   0000000140000000     gdi32:GDI32.dll
 0000:fff04000       .debug$S                   0000000140000000     kernel32:KERNEL32.dll
 0000:fff04000       .debug$S                   0000000140000000     kernel32:KERNEL32.dll
 0000:fff04000       .debug$S                   0000000140000000     kernel32:KERNEL32.dll
 0000:fff04000       .debug$S                   0000000140000000     kernel32:KERNEL32.dll
 0000:fff04000       .debug$S                   0000000140000000     kernel32:KERNEL32.dll
 0000:fff04000       .debug$S                   0000000140000000     kernel32:KERNEL32.dll
 0000:fff04000       .debug$S                   0000000140000000     kernel32:KERNEL32.dll
 0000:fff04000       .debug$S                   0000000140000000     kernel32:KERNEL32.dll
 0000:fff04000       .debug$S                   0000000140000000     kernel32:KERNEL32.dll
 0000:fff04000       .debug$S                   0000000140000000     kernel32:KERNEL32.dll
 0000:fff04000       .debug$S                   0000000140000000     kernel32:KERNEL32.dll
 0000:fff04000       .debug$S                   0000000140000000     kernel32:KERNEL32.dll
 0000:fff04000       .debug$S                   0000000140000000     kernel32:KERNEL32.dll
 0000:fff04000       .debug$S                   0000000140000000     kernel32:KERNEL32.dll
 0000:fff04000       .debug$S                   0000000140000000     kernel32:KERNEL32.dll
 0000:fff04000       .debug$S                   0000000140000000     kernel32:KERNEL32.dll
 0000:fff04000       .debug$S                   0000000140000000     kernel32:KERNEL32.dll
 0000:fff04000       .debug$S                   0000000140000000     kernel32:KERNEL32.dll
 0000:fff04000       .debug$S                   0000000140000000     kernel32:KERNEL32.dll
 0000:fff04000       .debug$S                   0000000140000000     shell32:SHELL32.dll
 0000:fff04000       .debug$S                   0000000140000000     winmm:WINMM.dll
 0000:fff04000       .debug$S                   0000000140000000     ws2_32:WS2_32.dll
 0000:fff04000       .debug$S                   0000000140000000     ws2_32:WS2_32.dll
 0000:fff04000       .debug$S                   0000000140000000     ws2_32:WS2_32.dll
 0000:fff04000       .debug$S                   0000000140000000     ws2_32:WS2_32.dll
 0000:fff04000       .debug$S                   0000000140000000     ws2_32:WS2_32.dll
 0000:fff04000       .debug$S                   0000000140000000     ws2_32:WS2_32.dll
 0000:fff04000       .debug$S                   0000000140000000     ws2_32:WS2_32.dll
 0000:fff04000       .debug$S                   0000000140000000     ws2_32:WS2_32.dll
 0000:fff04000       .debug$S                   0000000140000000     ws2_32:WS2_32.dll
 0000:fff04000       .debug$S                   0000000140000000     ws2_32:WS2_32.dll
 0000:fff04000       .debug$S                   0000000140000000     ws2_32:WS2_32.dll
 0000:fff04000       .debug$S                   0000000140000000     ws2_32:WS2_32.dll
 0000:fff04000       .debug$S                   0000000140000000     ws2_32:WS2_32.dll
 0000:fff04000       .debug$S                   0000000140000000     ws2_32:WS2_32.dll
 0000:fff04000       .debug$S                   0000000140000000     ws2_32:WS2_32.dll
 0001:00000530       Worker                     0000000140001530 f   remote_dbg.o
 0001:00000620       ConnectionListnerWorker    0000000140001620 f   remote_dbg.o
 0001:00003cb8       .text                      0000000140004cb8     asm_dbg.o
 0001:00003d60       .text                      0000000140004d60     asm_dbg.o
 0001:00003e40       .text                      0000000140004e40     asm_dbg.o
 0002:000010a0       BFE_GENERIC_MAPPING        00000001400090a0     ws2_32:indef.obj
 0002:00001250       IPSEC_AUTH_TRANSFORM_ID_HMAC_MD5_96 0000000140009250     ws2_32:indef.obj
 0002:00001260       IPSEC_AUTH_TRANSFORM_ID_HMAC_SHA_1_96 0000000140009260     ws2_32:indef.obj
 0002:00001270       IPSEC_AUTH_TRANSFORM_ID_HMAC_SHA_256_128 0000000140009270     ws2_32:indef.obj
 0002:00001280       IPSEC_AUTH_TRANSFORM_ID_GCM_AES_128 0000000140009280     ws2_32:indef.obj
 0002:00001290       IPSEC_AUTH_TRANSFORM_ID_GCM_AES_192 0000000140009290     ws2_32:indef.obj
 0002:000012a0       IPSEC_AUTH_TRANSFORM_ID_GCM_AES_256 00000001400092a0     ws2_32:indef.obj
 0002:000012b0       IPSEC_CIPHER_TRANSFORM_ID_CBC_DES 00000001400092b0     ws2_32:indef.obj
 0002:000012c0       IPSEC_CIPHER_TRANSFORM_ID_CBC_3DES 00000001400092c0     ws2_32:indef.obj
 0002:000012d0       IPSEC_CIPHER_TRANSFORM_ID_AES_128 00000001400092d0     ws2_32:indef.obj
 0002:000012e0       IPSEC_CIPHER_TRANSFORM_ID_AES_192 00000001400092e0     ws2_32:indef.obj
 0002:000012f0       IPSEC_CIPHER_TRANSFORM_ID_AES_256 00000001400092f0     ws2_32:indef.obj
 0002:00001300       IPSEC_CIPHER_TRANSFORM_ID_GCM_AES_128 0000000140009300     ws2_32:indef.obj
 0002:00001310       IPSEC_CIPHER_TRANSFORM_ID_GCM_AES_192 0000000140009310     ws2_32:indef.obj
 0002:00001320       IPSEC_CIPHER_TRANSFORM_ID_GCM_AES_256 0000000140009320     ws2_32:indef.obj
 0003:00000040       .data                      000000014000a040     asm_dbg.o
 0003:00000840       .data                      000000014000a840     asm_dbg.o
 0003:000008c0       .data                      000000014000a8c0     asm_dbg.o
 0003:00002a80       gai_strerrorW.buff         000000014000ca80     remote_dbg.o
 0003:000f0746       WFP_TRACE_NULL_DATA        00000001400fa746     ws2_32:indef.obj
 0004:000006d0       .idata$6                   00000001400fb6d0     ws2_32:WS2_32.dll
 0004:00000822       .idata$6                   00000001400fb822     kernel32:KERNEL32.dll
 0004:00000842       .idata$6                   00000001400fb842     winmm:WINMM.dll
 0004:0000086a       .idata$6                   00000001400fb86a     gdi32:GDI32.dll
 0004:0000088a       .idata$6                   00000001400fb88a     shell32:SHELL32.dll
