 d

 Timestamp is 69702fa7 (Wed Jan 21 04:45:11 2026)

 Preferred load address is 0000000140000000

 Start         Length     Name                   Class
 0001:00000000 000078fbH .text                   CODE
 0001:000078fb 0000113bH .text$mn                CODE
 0002:00000000 0000201cH .rdata                  DATA
 0002:0000201a 00000000H .edata                  DATA
 0002:0000201c 00000169H .rdata$zzzdbg           DATA
 0003:00000000 00000a60H .data                   DATA
 0003:00000a60 0092dd32H .bss                    DATA
 0004:00000000 000002e8H .idata$5                DATA
 0004:000002e8 00000050H .idata$2                DATA
 0004:00000338 00000018H .idata$3                DATA
 0004:00000350 000002e8H .idata$4                DATA
 0004:00000638 00000361H .idata$6                DATA

  Address         Publics by Value              Rva+Base               Lib:Object

 0000:00000000       __AbsoluteZero             0000000000000000     <absolute>
 0000:00000000       ___safe_se_handler_count   0000000000000000     <absolute>
 0000:00000000       ___safe_se_handler_table   0000000000000000     <absolute>
 0000:00000000       __arm64x_extra_rfe_table   0000000000000000     <absolute>
 0000:00000000       __arm64x_extra_rfe_table_size 0000000000000000     <absolute>
 0000:00000000       __arm64x_native_entrypoint 0000000000000000     <absolute>
 0000:00000000       __arm64x_redirection_metadata 0000000000000000     <absolute>
 0000:00000000       __arm64x_redirection_metadata_count 0000000000000000     <absolute>
 0000:00000000       __dynamic_value_reloc_table 0000000000000000     <absolute>
 0000:00000000       __enclave_config           0000000000000000     <absolute>
 0000:00000000       __guard_check_icall_a64n_fptr 0000000000000000     <absolute>
 0000:00000000       __guard_eh_cont_count      0000000000000000     <absolute>
 0000:00000000       __guard_eh_cont_table      0000000000000000     <absolute>
 0000:00000000       __guard_fids_count         0000000000000000     <absolute>
 0000:00000000       __guard_fids_table         0000000000000000     <absolute>
 0000:00000000       __guard_iat_count          0000000000000000     <absolute>
 0000:00000000       __guard_iat_table          0000000000000000     <absolute>
 0000:00000000       __guard_longjmp_count      0000000000000000     <absolute>
 0000:00000000       __guard_longjmp_table      0000000000000000     <absolute>
 0000:00000000       __hybrid_auxiliary_delayload_iat 0000000000000000     <absolute>
 0000:00000000       __hybrid_auxiliary_delayload_iat_copy 0000000000000000     <absolute>
 0000:00000000       __hybrid_auxiliary_iat     0000000000000000     <absolute>
 0000:00000000       __hybrid_auxiliary_iat_copy 0000000000000000     <absolute>
 0000:00000000       __hybrid_code_map          0000000000000000     <absolute>
 0000:00000000       __hybrid_code_map_count    0000000000000000     <absolute>
 0000:00000000       __hybrid_image_info_bitfield 0000000000000000     <absolute>
 0000:00000000       __volatile_metadata        0000000000000000     <absolute>
 0000:00000000       __x64_code_ranges_to_entry_points 0000000000000000     <absolute>
 0000:00000000       __x64_code_ranges_to_entry_points_count 0000000000000000     <absolute>
 0000:00000100       __guard_flags              0000000000000100     <absolute>
 0001:000001a0       equal_bytes                00000001400011a0 f   api_dbg.o
 0001:00000230       GetHashtableNoLock         0000000140001230 f   api_dbg.o
 0001:00000360       SetHashtableNoLock         0000000140001360 f   api_dbg.o
 0001:00000660       GetHashtable               0000000140001660 f   api_dbg.o
 0001:000006c0       SetHashtable               00000001400016c0 f   api_dbg.o
 0001:00000710       InitInternalStructures     0000000140001710 f   api_dbg.o
 0001:000009e0       NewObject                  00000001400019e0 f   new_object_dbg.o
 0001:00000eb0       PushObject                 0000000140001eb0 f   push_object_dbg.o
 0001:00000fc0       QueryObject                0000000140001fc0 f   query_object_dbg.o
 0001:000010e0       GetConnectionById          00000001400020e0 f   remote_dbg.o
 0001:00001180       DumpConnections            0000000140002180 f   remote_dbg.o
 0001:000014d0       ConfirmPage                00000001400024d0 f   remote_dbg.o
 0001:00001550       HandleNewConnection        0000000140002550 f   remote_dbg.o
 0001:000016f0       SendPageAllocationConfirm  00000001400026f0 f   remote_dbg.o
 0001:00001770       RedirectBroadcastQuery     0000000140002770 f   remote_dbg.o
 0001:000018c0       ConfirmConnection          00000001400028c0 f   remote_dbg.o
 0001:00001a80       InitiateConnection         0000000140002a80 f   remote_dbg.o
 0001:00001d60       RequestMemoryPage          0000000140002d60 f   remote_dbg.o
 0001:00001e70       start_remote_subsystem     0000000140002e70 f   remote_dbg.o
 0001:00003430       gai_strerrorW              0000000140004430 f i remote_dbg.o
 0001:00003490       memset                     0000000140004490 f   runtime_lib_dbg.o
 0001:000034f0       myMalloc                   00000001400044f0 f   runtime_lib_dbg.o
 0001:000035c0       myFree                     00000001400045c0 f   runtime_lib_dbg.o
 0001:000035d0       memcpy                     00000001400045d0 f   runtime_lib_dbg.o
 0001:00003640       myAtoll                    0000000140004640 f   runtime_lib_dbg.o
 0001:00003780       myScanI64                  0000000140004780 f   runtime_lib_dbg.o
 0001:00003830       myScanS                    0000000140004830 f   runtime_lib_dbg.o
 0001:00003930       PrintI64                   0000000140004930 f   runtime_lib_dbg.o
 0001:00003a00       PrintI64H                  0000000140004a00 f   runtime_lib_dbg.o
 0001:00003aa0       Print2H                    0000000140004aa0 f   runtime_lib_dbg.o
 0001:00003b40       myPrintf                   0000000140004b40 f   runtime_lib_dbg.o
 0001:00003e70       init_lib                   0000000140004e70 f   runtime_lib_dbg.o
 0001:00004190       PrintObject                0000000140005190 f   runtime_dbg.o
 0001:00004390       WaitListWorker             0000000140005390 f   runtime_dbg.o
 0001:000043e0       EnqueueWorker              00000001400053e0 f   runtime_dbg.o
 0001:00004430       SheduleWorker              0000000140005430 f   runtime_dbg.o
 0001:00004c20       StartNewWorker             0000000140005c20 f   runtime_dbg.o
 0001:00004cc0       CallObject                 0000000140005cc0 f   runtime_dbg.o
 0001:00004da0       LoadWorker                 0000000140005da0 f   runtime_dbg.o
 0001:00005880       entry                      0000000140006880 f   runtime_dbg.o
 0001:00006374       fastPushObject             0000000140007374     asm_dbg.o
 0001:000064e6       fastQueryObject            00000001400074e6     asm_dbg.o
 0001:0000665a       fastNewObject              000000014000765a     asm_dbg.o
 0001:0000668d       fastCallObject             000000014000768d     asm_dbg.o
 0001:000066c0       ExecuteWorker              00000001400076c0     asm_dbg.o
 0001:00006707       setjmpUN                   0000000140007707     asm_dbg.o
 0001:0000673a       longjmpUN                  000000014000773a     asm_dbg.o
 0001:00006763       DllCall                    0000000140007763     asm_dbg.o
 0001:000078fb       AcquireSRWLockShared       00000001400088fb f   kernel32:KERNEL32.dll
 0001:00007901       ReleaseSRWLockShared       0000000140008901 f   kernel32:KERNEL32.dll
 0001:00007907       AcquireSRWLockExclusive    0000000140008907 f   kernel32:KERNEL32.dll
 0001:0000790d       ReleaseSRWLockExclusive    000000014000890d f   kernel32:KERNEL32.dll
 0001:00007913       CreateIoCompletionPort     0000000140008913 f   kernel32:KERNEL32.dll
 0001:00007919       GetLastError               0000000140008919 f   kernel32:KERNEL32.dll
 0001:0000791f       FormatMessageW             000000014000891f f   kernel32:KERNEL32.dll
 0001:00007925       CreateThread               0000000140008925 f   kernel32:KERNEL32.dll
 0001:0000792b       GetQueuedCompletionStatus  000000014000892b f   kernel32:KERNEL32.dll
 0001:00007931       VirtualAlloc               0000000140008931 f   kernel32:KERNEL32.dll
 0001:00007937       ReadConsoleW               0000000140008937 f   kernel32:KERNEL32.dll
 0001:0000793d       MultiByteToWideChar        000000014000893d f   kernel32:KERNEL32.dll
 0001:00007943       WriteConsoleW              0000000140008943 f   kernel32:KERNEL32.dll
 0001:00007949       GetStdHandle               0000000140008949 f   kernel32:KERNEL32.dll
 0001:0000794f       LoadLibraryA               000000014000894f f   kernel32:KERNEL32.dll
 0001:00007955       GetProcAddress             0000000140008955 f   kernel32:KERNEL32.dll
 0001:0000795b       CreateFileW                000000014000895b f   kernel32:KERNEL32.dll
 0001:00007961       GetFileSizeEx              0000000140008961 f   kernel32:KERNEL32.dll
 0001:00007967       ReadFile                   0000000140008967 f   kernel32:KERNEL32.dll
 0001:0000796d       CloseHandle                000000014000896d f   kernel32:KERNEL32.dll
 0001:00007973       GetCommandLineW            0000000140008973 f   kernel32:KERNEL32.dll
 0001:00007979       ExitProcess                0000000140008979 f   kernel32:KERNEL32.dll
 0001:0000797f       BCryptGenRandom            000000014000897f f   bcrypt:bcrypt.dll
 0001:00007985       getpeername                0000000140008985 f   ws2_32:WS2_32.dll
 0001:0000798b       inet_ntop                  000000014000898b f   ws2_32:WS2_32.dll
 0001:00007991       ntohs                      0000000140008991 f   ws2_32:WS2_32.dll
 0001:00007997       WSARecv                    0000000140008997 f   ws2_32:WS2_32.dll
 0001:0000799d       send                       000000014000899d f   ws2_32:WS2_32.dll
 0001:000079a3       socket                     00000001400089a3 f   ws2_32:WS2_32.dll
 0001:000079a9       connect                    00000001400089a9 f   ws2_32:WS2_32.dll
 0001:000079af       closesocket                00000001400089af f   ws2_32:WS2_32.dll
 0001:000079b5       getaddrinfo                00000001400089b5 f   ws2_32:WS2_32.dll
 0001:000079bb       freeaddrinfo               00000001400089bb f   ws2_32:WS2_32.dll
 0001:000079c1       WSAStartup                 00000001400089c1 f   ws2_32:WS2_32.dll
 0001:000079c7       WSACleanup                 00000001400089c7 f   ws2_32:WS2_32.dll
 0001:000079cd       setsockopt                 00000001400089cd f   ws2_32:WS2_32.dll
 0001:000079d3       htons                      00000001400089d3 f   ws2_32:WS2_32.dll
 0001:000079d9       bind                       00000001400089d9 f   ws2_32:WS2_32.dll
 0001:000079df       getsockname                00000001400089df f   ws2_32:WS2_32.dll
 0001:000079e5       listen                     00000001400089e5 f   ws2_32:WS2_32.dll
 0001:000079eb       accept                     00000001400089eb f   ws2_32:WS2_32.dll
 0001:000079f1       CommandLineToArgvW         00000001400089f1 f   shell32:SHELL32.dll
 0002:00000014       ??_C@_1GK@LJBKHIKD@?$AAA?$AAr?$AAr?$AAa?$AAy?$AA?5?$AAo?$AAf?$AA?5?$AA?$CF?$AAl?$AAl?$AAd?$AA?5?$AAb?$AAy?$AAt?$AAe?$AAs?$AA?0?$AA?5?$AAe?$AAl?$AAe?$AAm?$AAe?$AAn?$AAt?$AA?5?$AAo?$AAf?$AA?5@ 000000014000a014     new_object_dbg.o
 0002:00000094       ??_C@_1BG@HIIBALHG@?$AA?$FL?$AAi?$AAd?$AA?$DN?$AA?$CF?$AAl?$AAl?$AAx?$AA?$FN?$AA?6?$AA?$AA@ 000000014000a094     new_object_dbg.o
 0002:000000ae       ??_C@_1EC@IBADEGPM@?$AAP?$AAr?$AAo?$AAm?$AAi?$AAs?$AAe?$AA?5?$AAf?$AAo?$AAr?$AA?5?$AAs?$AAi?$AAz?$AAe?$AA?5?$AA?$CF?$AAl?$AAl?$AAd?$AA?5?$AAa?$AAl?$AAl?$AAo?$AAc?$AAa?$AAt?$AAe?$AAd?$AA?6@ 000000014000a0ae     new_object_dbg.o
 0002:000000fe       ??_C@_1DO@OEOJCPLG@?$AAC?$AAl?$AAa?$AAs?$AAs?$AA?5?$AAf?$AAo?$AAr?$AA?5?$AAs?$AAi?$AAz?$AAe?$AA?5?$AA?$CF?$AAl?$AAl?$AAd?$AA?5?$AAa?$AAl?$AAl?$AAo?$AAc?$AAa?$AAt?$AAe?$AAd?$AA?6?$AA?$AA@ 000000014000a0fe     new_object_dbg.o
 0002:00000148       ??_C@_1EO@GECEJMLH@?$AAD?$AAe?$AAf?$AAi?$AAn?$AAe?$AAd?$AA?5?$AAa?$AAr?$AAr?$AAa?$AAy?$AA?5?$AAf?$AAo?$AAr?$AA?5?$AAs?$AAi?$AAz?$AAe?$AA?5?$AA?$CF?$AAl?$AAl?$AAd?$AA?5?$AAa?$AAl?$AAl?$AAo@ 000000014000a148     new_object_dbg.o
 0002:000001a6       ??_C@_1M@FHJLFHFE@?$AA?5?$AA?$CF?$AA0?$AA2?$AAx?$AA?$AA@ 000000014000a1a6     new_object_dbg.o
 0002:000001b4       ??_C@_13LBAGMAIH@?$AA?6?$AA?$AA@ 000000014000a1b4     new_object_dbg.o
 0002:000001b8       ??_C@_1DC@NBDPBMKB@?$AAW?$AAr?$AAo?$AAn?$AAg?$AA?5?$AAt?$AAy?$AAp?$AAe?$AA?5?$AAi?$AAn?$AA?5?$AAN?$AAe?$AAw?$AAO?$AAb?$AAj?$AAe?$AAc?$AAt?$AA?6?$AA?$AA@ 000000014000a1b8     new_object_dbg.o
 0002:0000021a       ??_C@_1CO@NOPLDIFM@?$AAA?$AAw?$AAa?$AAi?$AAt?$AAi?$AAn?$AAg?$AA?5?$AAo?$AAb?$AAj?$AAe?$AAc?$AAt?$AA?5?$AAa?$AAt?$AA?5?$AA?$CF?$AAp?$AA?6?$AA?$AA@ 000000014000a21a     query_object_dbg.o
 0002:00000280       ??_C@_1DO@NMNBJACC@?$AA?9?$AA?9?$AA?9?$AA?9?$AA?9?$AA?5?$AAt?$AAo?$AAt?$AAa?$AAl?$AA?5?$AA?$CF?$AAl?$AAl?$AAd?$AA?5?$AAc?$AAo?$AAn?$AAn?$AAe?$AAc?$AAt?$AAi?$AAo?$AAn?$AAs?$AA?3?$AA?6?$AA?$AA@ 000000014000a280     remote_dbg.o
 0002:000002ca       ??_C@_1EM@BPMELAJO@?$AA?9?$AAc?$AAo?$AAn?$AAn?$AAe?$AAc?$AAt?$AAi?$AAo?$AAn?$AA?5?$AA?$FL?$AA?$CF?$AAp?$AA?$FN?$AA?5?$AA?$CF?$AAl?$AAl?$AAd?$AA?3?$AA?5?$AAl?$AAo?$AAc?$AAa?$AAl?$AA_?$AAi?$AAd?$AA?$DN@ 000000014000a2ca     remote_dbg.o
 0002:00000326       ??_C@_1DC@HEOFFPLC@?$AAo?$AAu?$AAt?$AAg?$AAo?$AAi?$AAn?$AAg?$AA?3?$AA?5?$AAN?$AAo?$AA?5?$AAc?$AAo?$AAn?$AAn?$AAe?$AAc?$AAt?$AAi?$AAo?$AAn?$AA?6?$AA?$AA@ 000000014000a326     remote_dbg.o
 0002:00000362       ??_C@_1DG@HNEHLNLB@?$AAo?$AAu?$AAt?$AAg?$AAo?$AAi?$AAn?$AAg?$AA?3?$AA?5?$AAI?$AAP?$AA?$DN?$AA?$CF?$AAs?$AA?5?$AAP?$AAO?$AAR?$AAT?$AA?$DN?$AA?$CF?$AAl?$AAl?$AAd?$AA?6?$AA?$AA@ 000000014000a362     remote_dbg.o
 0002:000003a2       ??_C@_1DI@OKINGPOA@?$AAo?$AAu?$AAt?$AAg?$AAo?$AAi?$AAn?$AAg?$AA?3?$AA?5?$AA?5?$AAI?$AAP?$AA?$DN?$AA?$CF?$AAs?$AA?5?$AAP?$AAO?$AAR?$AAT?$AA?$DN?$AA?$CF?$AAl?$AAl?$AAd?$AA?6?$AA?$AA@ 000000014000a3a2     remote_dbg.o
 0002:000003e6       ??_C@_1CM@KOFOMBCP@?$AAo?$AAu?$AAt?$AAg?$AAo?$AAi?$AAn?$AAg?$AA?3?$AA?5?$AA?5?$AAC?$AAo?$AAr?$AAr?$AAu?$AAp?$AAt?$AAe?$AAd?$AA?6?$AA?$AA@ 000000014000a3e6     remote_dbg.o
 0002:0000041a       ??_C@_1DC@OBBDDNNB@?$AAi?$AAn?$AAc?$AAo?$AAm?$AAi?$AAn?$AAg?$AA?3?$AA?5?$AAN?$AAo?$AA?5?$AAc?$AAo?$AAn?$AAn?$AAe?$AAc?$AAt?$AAi?$AAo?$AAn?$AA?6?$AA?$AA@ 000000014000a41a     remote_dbg.o
 0002:00000456       ??_C@_1DG@NNAENLOC@?$AAi?$AAn?$AAc?$AAo?$AAm?$AAi?$AAn?$AAg?$AA?3?$AA?5?$AAI?$AAP?$AA?$DN?$AA?$CF?$AAs?$AA?5?$AAP?$AAO?$AAR?$AAT?$AA?$DN?$AA?$CF?$AAl?$AAl?$AAd?$AA?6?$AA?$AA@ 000000014000a456     remote_dbg.o
 0002:00000496       ??_C@_1DI@NPMKAFFJ@?$AAi?$AAn?$AAc?$AAo?$AAm?$AAi?$AAn?$AAg?$AA?3?$AA?5?$AA?5?$AAI?$AAP?$AA?$DN?$AA?$CF?$AAs?$AA?5?$AAP?$AAO?$AAR?$AAT?$AA?$DN?$AA?$CF?$AAl?$AAl?$AAd?$AA?6?$AA?$AA@ 000000014000a496     remote_dbg.o
 0002:000004da       ??_C@_1GA@HHMMHPKA@?$AA?$CB?$AA?$CB?$AA?$CB?$AA?$CB?$AA?$CB?$AA?5?$AA?$DO?$AA?$DO?$AA?$DO?$AA?$DO?$AA?$DO?$AA?$DO?$AA?5?$AAP?$AAa?$AAg?$AAe?$AA?5?$AAa?$AAl?$AAl?$AAo?$AAc?$AAa?$AAt?$AAi?$AAo?$AAn?$AA?5?$AAi?$AAd?$AA?$DN@ 000000014000a4da     remote_dbg.o
 0002:0000054e       ??_C@_1CE@HOGLDJAE@?$AAC?$AAl?$AAi?$AAe?$AAn?$AAt?$AA?5?$AAc?$AAo?$AAn?$AAn?$AAe?$AAc?$AAt?$AAe?$AAd?$AA?6?$AA?$AA@ 000000014000a54e     remote_dbg.o
 0002:0000057a       ??_C@_1GO@KIHGLMJK@?$AAS?$AAe?$AAn?$AAd?$AA?5?$AAc?$AAo?$AAn?$AAf?$AAi?$AAr?$AAm?$AAa?$AAt?$AAi?$AAo?$AAn?$AA?5?$AAo?$AAf?$AA?5?$AAp?$AAa?$AAg?$AAe?$AA?5?$AAa?$AAl?$AAl?$AAo?$AAc?$AAa@ 000000014000a57a     remote_dbg.o
 0002:000005fe       ??_C@_1EI@PLALEGPI@?$AAR?$AAe?$AAd?$AAi?$AAr?$AAe?$AAc?$AAt?$AAi?$AAn?$AAg?$AA?5?$AAq?$AAu?$AAe?$AAr?$AAy?$AA?5?$AAt?$AAo?$AA?5?$AAl?$AAo?$AAc?$AAa?$AAl?$AA_?$AAi?$AAd?$AA?$DN?$AA?$CF?$AAl@ 000000014000a5fe     remote_dbg.o
 0002:00000654       ??_C@_1DM@IBOIDFJO@?$AAs?$AAo?$AAc?$AAk?$AAe?$AAt?$AA?$CI?$AA?$CJ?$AA?5?$AAf?$AAa?$AAi?$AAl?$AAe?$AAd?$AA?5?$AA?$FL?$AAe?$AAr?$AAr?$AAo?$AAr?$AA?$DN?$AA?$CF?$AAl?$AAl?$AAd?$AA?$FN?$AA?6?$AA?$AA@ 000000014000a654     remote_dbg.o
 0002:0000069c       ??_C@_1CM@FLPDOBBA@?$AAR?$AAe?$AAq?$AAu?$AAe?$AAs?$AAt?$AAi?$AAn?$AAg?$AA?5?$AAp?$AAo?$AAr?$AAt?$AA?5?$AA?$CF?$AAl?$AAl?$AAd?$AA?6?$AA?$AA@ 000000014000a69c     remote_dbg.o
 0002:000006d0       ??_C@_1DK@IOCIPHFJ@?$AAc?$AAo?$AAn?$AAn?$AAe?$AAc?$AAt?$AA?5?$AAf?$AAa?$AAi?$AAl?$AAe?$AAd?$AA?5?$AA?$FL?$AAe?$AAr?$AAr?$AAo?$AAr?$AA?$DN?$AA?$CF?$AAl?$AAl?$AAd?$AA?$FN?$AA?6?$AA?$AA@ 000000014000a6d0     remote_dbg.o
 0002:00000716       ??_C@_1DG@BEAJDCKD@?$AAC?$AAo?$AAn?$AAn?$AAe?$AAc?$AAt?$AAi?$AAo?$AAn?$AA?5?$AAi?$AAs?$AA?5?$AAs?$AAu?$AAc?$AAc?$AAe?$AAs?$AAs?$AAf?$AAu?$AAl?$AA?$CB?$AA?6?$AA?$AA@ 000000014000a716     remote_dbg.o
 0002:00000756       ??_C@_1GE@BBHPHIKC@?$AAE?$AAr?$AAr?$AAo?$AAr?$AA?5?$AA?9?$AA?5?$AAs?$AAe?$AAr?$AAv?$AAe?$AAr?$AA_?$AAp?$AAo?$AAr?$AAt?$AA?5?$AA?$DN?$AA?$DN?$AA?5?$AA?9?$AA1?$AA?5?$AA?$FL?$AAs?$AAe?$AAr?$AAv?$AAe@ 000000014000a756     remote_dbg.o
 0002:000007ce       ??_C@_1EM@HCGPBNNP@?$AAS?$AAt?$AAa?$AAr?$AAt?$AAi?$AAn?$AAg?$AA?5?$AAn?$AAe?$AAw?$AA?5?$AAc?$AAo?$AAn?$AAn?$AAe?$AAc?$AAt?$AAi?$AAo?$AAn?$AA?5?$AAt?$AAo?$AA?5?$AA?$FL?$AA?$CF?$AAs?$AA?$FN?$AA?5@ 000000014000a7ce     remote_dbg.o
 0002:0000082a       ??_C@_1FE@JKPBPNOM@?$AAE?$AAr?$AAr?$AAo?$AAr?$AA?5?$AAr?$AAe?$AAs?$AAo?$AAl?$AAv?$AAi?$AAn?$AAg?$AA?5?$AAh?$AAo?$AAs?$AAt?$AA?4?$AA?5?$AA?$FL?$AAs?$AAt?$AAa?$AAt?$AAu?$AAs?$AA?$DN?$AA?$CF?$AAl@ 000000014000a82a     remote_dbg.o
 0002:0000088e       ??_C@_1EA@KBEMDBEM@?$AAE?$AAr?$AAr?$AAo?$AAr?$AA?3?$AA?5?$AAC?$AAo?$AAu?$AAl?$AAd?$AA?5?$AAn?$AAo?$AAt?$AA?5?$AAc?$AAo?$AAn?$AAn?$AAe?$AAc?$AAt?$AA?5?$AAt?$AAo?$AA?5?$AA?$CF?$AAs?$AA?6?$AA?$AA@ 000000014000a88e     remote_dbg.o
 0002:000008da       ??_C@_1EA@JBNEEBDD@?$AAT?$AAr?$AAy?$AAi?$AAn?$AAg?$AA?5?$AAt?$AAo?$AA?5?$AAg?$AAe?$AAt?$AA?5?$AAm?$AAe?$AAm?$AAo?$AAr?$AAy?$AA?5?$AAp?$AAa?$AAg?$AAe?$AA?5?$AA?$CF?$AAl?$AAl?$AAd?$AA?6?$AA?$AA@ 000000014000a8da     remote_dbg.o
 0002:00000926       ??_C@_1EI@BHCKMCLF@?$AAC?$AAr?$AAe?$AAa?$AAt?$AAe?$AAd?$AA?5?$AAb?$AAr?$AAo?$AAa?$AAd?$AAc?$AAa?$AAs?$AAt?$AA?5?$AAw?$AAi?$AAt?$AAh?$AA?5?$AAp?$AAr?$AAe?$AAf?$AAi?$AAx?$AA?$DN?$AA?$CF?$AAl@ 000000014000a926     remote_dbg.o
 0002:0000097c       ??_C@_1DM@PKIKMHMJ@?$AA?$FL?$AAN?$AAE?$AAT?$AAW?$AAO?$AAR?$AAK?$AA?$FN?$AA?3?$AA?5?$AAP?$AAe?$AAe?$AAr?$AA?5?$AAd?$AAi?$AAs?$AAc?$AAo?$AAn?$AAn?$AAe?$AAc?$AAt?$AAe?$AAd?$AA?6?$AA?$AA@ 000000014000a97c     remote_dbg.o
 0002:000009c4       ??_C@_1DG@IHKBKGHO@?$AAG?$AAe?$AAt?$AA?5?$AAm?$AAe?$AAs?$AAs?$AAa?$AAg?$AAe?$AA?5?$AAo?$AAf?$AA?5?$AA?$CF?$AAl?$AAl?$AAd?$AA?5?$AAb?$AAy?$AAt?$AAe?$AAs?$AA?6?$AA?$AA@ 000000014000a9c4     remote_dbg.o
 0002:00000a04       ??_C@_1EE@FBAKCJKM@?$AAp?$AAr?$AAo?$AAc?$AAe?$AAs?$AAs?$AA?5?$AAh?$AAe?$AAa?$AAd?$AAe?$AAr?$AA?$FL?$AAo?$AAk?$AA?$FN?$AA?5?$AA?$FL?$AAh?$AAe?$AAa?$AAd?$AAe?$AAr?$AA?$DN?$AA?$CF?$AAl?$AAl?$AAd?$AA?$FN@ 000000014000aa04     remote_dbg.o
 0002:00000a56       ??_C@_1EE@CIFDCIBF@?$AAp?$AAr?$AAo?$AAc?$AAe?$AAs?$AAs?$AA?5?$AAl?$AAe?$AAn?$AAg?$AAt?$AAh?$AA?$FL?$AAo?$AAk?$AA?$FN?$AA?5?$AA?$FL?$AAl?$AAe?$AAn?$AAg?$AAt?$AAh?$AA?$DN?$AA?$CF?$AAl?$AAl?$AAd?$AA?$FN@ 000000014000aa56     remote_dbg.o
 0002:00000aa8       ??_C@_1CM@JBMABCGC@?$AAp?$AAr?$AAo?$AAc?$AAe?$AAs?$AAs?$AA?5?$AAl?$AAe?$AAn?$AAg?$AAt?$AAh?$AA?$FL?$AAp?$AAa?$AAr?$AAt?$AA?$FN?$AA?6?$AA?$AA@ 000000014000aaa8     remote_dbg.o
 0002:00000adc       ??_C@_1CE@BMKCCAOL@?$AAp?$AAr?$AAo?$AAc?$AAe?$AAs?$AAs?$AA?5?$AAb?$AAo?$AAd?$AAy?$AA?$FL?$AAo?$AAk?$AA?$FN?$AA?6?$AA?$AA@ 000000014000aadc     remote_dbg.o
 0002:00000b08       ??_C@_1CO@OOHNIMCC@?$AAc?$AAl?$AAo?$AAs?$AAi?$AAn?$AAg?$AA?5?$AAc?$AAo?$AAn?$AAn?$AAe?$AAc?$AAt?$AAi?$AAo?$AAn?$AA?4?$AA?4?$AA?4?$AA?6?$AA?$AA@ 000000014000ab08     remote_dbg.o
 0002:00000b40       ??_C@_1CI@LDDDECLE@?$AAp?$AAr?$AAo?$AAc?$AAe?$AAs?$AAs?$AA?5?$AAb?$AAo?$AAd?$AAy?$AA?$FL?$AAp?$AAa?$AAr?$AAt?$AA?$FN?$AA?6?$AA?$AA@ 000000014000ab40     remote_dbg.o
 0002:00000b70       ??_C@_1EG@JHJBOEP@?$AAG?$AAe?$AAt?$AA?5?$AAa?$AAp?$AAi?$AA?5?$AAc?$AAa?$AAl?$AAl?$AA?5?$AA?$CF?$AAl?$AAl?$AAd?$AA?5?$AAo?$AAf?$AA?5?$AAl?$AAe?$AAn?$AAg?$AAt?$AAh?$AA?3?$AA?5?$AA?$CF?$AAl?$AAl@ 000000014000ab70     remote_dbg.o
 0002:00000bc4       ??_C@_1EC@IGPNEALA@?$AAA?$AAP?$AAI?$AA_?$AAR?$AAE?$AAQ?$AAU?$AAE?$AAS?$AAT?$AA_?$AAC?$AAO?$AAN?$AAN?$AAE?$AAC?$AAT?$AAI?$AAO?$AAN?$AA?5?$AAa?$AAn?$AAs?$AAw?$AAe?$AAr?$AAe?$AAd?$AA?6@ 000000014000abc4     remote_dbg.o
 0002:00000c14       ??_C@_1HG@LJIAKPDF@?$AAA?$AAP?$AAI?$AA_?$AAA?$AAN?$AAS?$AAW?$AAE?$AAR?$AA_?$AAR?$AAE?$AAQ?$AAU?$AAE?$AAS?$AAT?$AA_?$AAC?$AAO?$AAN?$AAN?$AAE?$AAC?$AAT?$AAI?$AAO?$AAN?$AA?5?$AAu?$AAp@ 000000014000ac14     remote_dbg.o
 0002:00000ca2       ??_C@_1LA@ICLCBFDH@?$AAE?$AAr?$AAr?$AAo?$AAr?$AA?3?$AA?5?$AAA?$AAP?$AAI?$AA_?$AAA?$AAN?$AAS?$AAW?$AAE?$AAR?$AA_?$AAR?$AAE?$AAQ?$AAU?$AAE?$AAS?$AAT?$AA_?$AAC?$AAO?$AAN?$AAN?$AAE?$AAC@ 000000014000aca2     remote_dbg.o
 0002:00000d76       ??_C@_1FM@HIELKEO@?$AAA?$AAP?$AAI?$AA_?$AAR?$AAE?$AAQ?$AAU?$AAE?$AAS?$AAT?$AA_?$AAM?$AAE?$AAM?$AA_?$AAP?$AAA?$AAG?$AAE?$AA?5?$AAp?$AAa?$AAg?$AAe?$AA?$DN?$AA?$CF?$AAl?$AAl?$AAd?$AA?5?$AA?$FL@ 000000014000ad76     remote_dbg.o
 0002:00000de4       ??_C@_1CG@KIALDCLE@?$AAR?$AAe?$AAf?$AAu?$AAs?$AAe?$AA?5?$AAa?$AAl?$AAl?$AAo?$AAc?$AAa?$AAt?$AAi?$AAo?$AAn?$AA?6?$AA?$AA@ 000000014000ade4     remote_dbg.o
 0002:00000e12       ??_C@_1JC@NNCBABAM@?$AAA?$AAS?$AAS?$AAE?$AAR?$AAT?$AA?5?$AAE?$AAR?$AAR?$AAO?$AAR?$AA?3?$AA?5?$AAb?$AAr?$AAo?$AAa?$AAd?$AAc?$AAa?$AAs?$AAt?$AA?9?$AA?$DO?$AAl?$AAo?$AAc?$AAa?$AAl?$AA_?$AAr@ 000000014000ae12     remote_dbg.o
 0002:00000ec2       ??_C@_1EI@GBBOHBKF@?$AAG?$AAe?$AAt?$AA?5?$AAb?$AAr?$AAo?$AAa?$AAd?$AAc?$AAa?$AAs?$AAt?$AA?5?$AAa?$AAn?$AAs?$AAw?$AAe?$AAr?$AA?5?$AA?$FL?$AAp?$AAr?$AAe?$AAf?$AAi?$AAx?$AA?$DN?$AA?$CF?$AAl?$AAl@ 000000014000aec2     remote_dbg.o
 0002:00000f18       ??_C@_1CK@JAOCGICP@?$AAB?$AAr?$AAo?$AAa?$AAd?$AAc?$AAa?$AAs?$AAt?$AA?5?$AAc?$AAo?$AAn?$AAf?$AAi?$AAr?$AAm?$AAe?$AAd?$AA?6?$AA?$AA@ 000000014000af18     remote_dbg.o
 0002:00000f4a       ??_C@_1CG@PIAFPEME@?$AAS?$AAe?$AAr?$AAv?$AAe?$AAr?$AA?5?$AAs?$AAt?$AAa?$AAr?$AAt?$AAe?$AAd?$AA?4?$AA?4?$AA?4?$AA?6?$AA?$AA@ 000000014000af4a     remote_dbg.o
 0002:00000f78       ??_C@_1DK@EHAPFJND@?$AAs?$AAe?$AAr?$AAv?$AAe?$AAr?$AA?5?$AAs?$AAt?$AAa?$AAr?$AAt?$AAe?$AAd?$AA?5?$AAo?$AAn?$AA?5?$AAp?$AAo?$AAr?$AAt?$AA?5?$AA?$CF?$AAl?$AAl?$AAd?$AA?6?$AA?$AA@ 000000014000af78     remote_dbg.o
 0002:0000102a       ??_C@_1DO@CBJEPNAO@?$AAP?$AAr?$AAo?$AAm?$AAi?$AAs?$AAe?$AA?$CI?$AAs?$AAe?$AAt?$AA?$DN?$AA?$CF?$AA0?$AA2?$AAx?$AA?0?$AA?5?$AAf?$AAi?$AAr?$AAs?$AAt?$AA4?$AAb?$AAy?$AAt?$AAe?$AAs?$AA?$DN?$AA?$AA@ 000000014000b02a     runtime_dbg.o
 0002:00001074       ??_C@_1M@OMOAGDNC@?$AA?$CF?$AA0?$AA2?$AAx?$AA?5?$AA?$AA@ 000000014000b074     runtime_dbg.o
 0002:00001082       ??_C@_15BCDOKMG@?$AA?$CJ?$AA?6?$AA?$AA@ 000000014000b082     runtime_dbg.o
 0002:0000108a       ??_C@_1EO@JIHFKLGM@?$AAA?$AAr?$AAr?$AAa?$AAy?$AA?$CI?$AAl?$AAe?$AAn?$AAg?$AAt?$AAh?$AA?$DN?$AA?$CF?$AAl?$AAl?$AAd?$AA?0?$AA?5?$AAe?$AAl?$AAe?$AAm?$AAe?$AAn?$AAt?$AA_?$AAs?$AAi?$AAz?$AAe?$AA?$DN@ 000000014000b08a     runtime_dbg.o
 0002:000010e8       ??_C@_15IPOKAMGA@?$AA?$HL?$AA?5?$AA?$AA@ 000000014000b0e8     runtime_dbg.o
 0002:000010f0       ??_C@_13EHOOFIKC@?$AA?$HN?$AA?$AA@ 000000014000b0f0     runtime_dbg.o
 0002:000010f4       ??_C@_15JOGBDECP@?$AA?0?$AA?5?$AA?$AA@ 000000014000b0f4     runtime_dbg.o
 0002:000010fc       ??_C@_1CG@OGLIMIIK@?$AAC?$AAl?$AAa?$AAs?$AAs?$AA?$CI?$AAf?$AAi?$AAr?$AAs?$AAt?$AA4?$AAb?$AAy?$AAt?$AAe?$AAs?$AA?$DN?$AA?$AA@ 000000014000b0fc     runtime_dbg.o
 0002:0000112a       ??_C@_1DM@HBMDBMCD@?$AAO?$AAb?$AAj?$AAe?$AAc?$AAt?$AA?5?$AAo?$AAf?$AA?5?$AAu?$AAn?$AAk?$AAn?$AAo?$AAw?$AAn?$AA?5?$AAt?$AAy?$AAp?$AAe?$AA?3?$AA?5?$AA?$CF?$AA0?$AA2?$AAx?$AA?6?$AA?$AA@ 000000014000b12a     runtime_dbg.o
 0002:00001172       ??_C@_1EG@GCAPNGMF@?$AAW?$AAo?$AAr?$AAk?$AAe?$AAr?$AA?5?$AAa?$AAd?$AAd?$AA?5?$AAt?$AAo?$AA?5?$AAw?$AAa?$AAi?$AAt?$AA?5?$AAl?$AAi?$AAs?$AAt?$AA?5?$AA?$FL?$AAn?$AAe?$AAx?$AAt?$AA?$DN?$AA?$CF?$AAp@ 000000014000b172     runtime_dbg.o
 0002:000011c6       ??_C@_1DG@NGKLANNI@?$AAW?$AAo?$AAr?$AAk?$AAe?$AAr?$AA?5?$AAe?$AAn?$AAq?$AAu?$AAe?$AAu?$AAe?$AAd?$AA?5?$AA?$FL?$AAn?$AAe?$AAx?$AAt?$AA?$DN?$AA?$CF?$AAp?$AA?$FN?$AA?6?$AA?$AA@ 000000014000b1c6     runtime_dbg.o
 0002:00001206       ??_C@_1CO@BAHOKHFI@?$AA?6?$AAS?$AAh?$AAe?$AAd?$AAu?$AAl?$AAi?$AAn?$AAg?$AA?5?$AAn?$AAe?$AAw?$AA?5?$AAw?$AAo?$AAr?$AAk?$AAe?$AAr?$AA?6?$AA?$AA@ 000000014000b206     runtime_dbg.o
 0002:0000123e       ??_C@_1HO@HICANDHJ@?$AAC?$AAo?$AAn?$AAt?$AAi?$AAn?$AAu?$AAe?$AA?5?$AAw?$AAo?$AAr?$AAk?$AAe?$AAr?$AA?5?$AA?$CF?$AAl?$AAl?$AAd?$AA?5?$AAf?$AAr?$AAo?$AAm?$AA?5?$AA?$CF?$AAp?$AA?5?$AA?$FL?$AAr?$AAd@ 000000014000b23e     runtime_dbg.o
 0002:000012d6       ??_C@_1CK@NBHIMJGA@?$AAc?$AAa?$AAl?$AAl?$AAi?$AAn?$AAg?$AA?5?$AAw?$AAo?$AAr?$AAk?$AAe?$AAr?$AA?5?$AA?$CF?$AAl?$AAl?$AAd?$AA?6?$AA?$AA@ 000000014000b2d6     runtime_dbg.o
 0002:00001308       ??_C@_1CE@FDGKEBHI@?$AAA?$AAR?$AAG?$AA?$FL?$AA?$CF?$AAl?$AAl?$AAd?$AA?$FN?$AA?5?$AA?$DN?$AA?5?$AA?$CF?$AAl?$AAl?$AAd?$AA?6?$AA?$AA@ 000000014000b308     runtime_dbg.o
 0002:00001334       ??_C@_1EA@LCIBHMNK@?$AAo?$AAu?$AAt?$AAp?$AAu?$AAt?$AA?5?$AAi?$AAs?$AA?5?$AA?$CF?$AAp?$AA?5?$AA?$FL?$AA?9?$AA?$DO?$AAt?$AAo?$AA?5?$AAp?$AAr?$AAo?$AAm?$AAi?$AAs?$AAe?$AA?5?$AA?$CF?$AAp?$AA?$FN?$AA?6?$AA?$AA@ 000000014000b334     runtime_dbg.o
 0002:00001380       ??_C@_1CO@MGEJJCCL@?$AAr?$AAe?$AAt?$AAu?$AAr?$AAn?$AAe?$AAd?$AA?5?$AA?$CL?$AA?5?$AAE?$AAr?$AAr?$AAo?$AAr?$AA?$DN?$AA?$CF?$AAl?$AAl?$AAd?$AA?6?$AA?$AA@ 000000014000b380     runtime_dbg.o
 0002:000013b8       ??_C@_1FG@JIDNOGIJ@?$AAS?$AAt?$AAa?$AAr?$AAt?$AAi?$AAn?$AAg?$AA?5?$AAn?$AAe?$AAw?$AA?5?$AAw?$AAo?$AAr?$AAk?$AAe?$AAr?$AA?5?$AA?$CF?$AAl?$AAl?$AAd?$AA?5?$AA?$FL?$AAi?$AAn?$AAp?$AAu?$AAt?$AA?5@ 000000014000b3b8     runtime_dbg.o
 0002:00001420       ??_C@_1DO@BFHBFJJL@?$AAC?$AAa?$AAl?$AAl?$AAi?$AAn?$AAg?$AA?5?$AAw?$AAo?$AAr?$AAk?$AAe?$AAr?$AA?5?$AA?$CF?$AAl?$AAl?$AAd?$AA?5?$AA?$FL?$AAd?$AAa?$AAt?$AAa?$AA?$DN?$AA?$CF?$AAp?$AA?$FN?$AA?6?$AA?$AA@ 000000014000b420     runtime_dbg.o
 0002:0000146a       ??_C@_1BC@GMOKLPI@?$AAT?$AAa?$AAb?$AAl?$AAe?$AA?5?$AA?$DN?$AA?5?$AA?$AA@ 000000014000b46a     runtime_dbg.o
 0002:00001480       ??_C@_1EG@KLACJNPC@?$AAE?$AAr?$AAr?$AAo?$AAr?$AA?3?$AA?5?$AAt?$AAh?$AAi?$AAs?$AA?5?$AAi?$AAs?$AAn?$AA?8?$AAt?$AA?5?$AAh?$AAi?$AAv?$AAe?$AA?5?$AAe?$AAx?$AAe?$AAc?$AAu?$AAt?$AAa?$AAb?$AAl@ 000000014000b480     runtime_dbg.o
 0002:000014d4       ??_C@_1GG@OIFEBPCL@?$AAE?$AAr?$AAr?$AAo?$AAr?$AA?3?$AA?5?$AAt?$AAh?$AAi?$AAs?$AA?5?$AAi?$AAs?$AA?5?$AAe?$AAx?$AAe?$AAc?$AAu?$AAt?$AAa?$AAb?$AAl?$AAe?$AA?5?$AAo?$AAf?$AA?5?$AAn?$AAo?$AAt@ 000000014000b4d4     runtime_dbg.o
 0002:0000154e       ??_C@_1DC@FFLNADD@?$AAE?$AAr?$AAr?$AAo?$AAr?$AA?3?$AA?5?$AAw?$AAi?$AAn?$AAa?$AAp?$AAi?$AA?5?$AAe?$AAr?$AAr?$AAo?$AAr?$AA?5?$AA?$CF?$AAl?$AAd?$AA?6?$AA?$AA@ 000000014000b54e     runtime_dbg.o
 0002:0000158a       ??_C@_1BK@JJBOCJJN@?$AAs?$AAe?$AAt?$AA?5?$AAt?$AAo?$AA?5?$AA?$CF?$AAl?$AAl?$AAd?$AA?5?$AA?$AA@ 000000014000b58a     runtime_dbg.o
 0002:000015aa       ??_C@_1BA@LPJEKMJJ@?$AAp?$AAt?$AAr?$AA?$DN?$AA?$CF?$AAp?$AA?6?$AA?$AA@ 000000014000b5aa     runtime_dbg.o
 0002:000015be       ??_C@_1IG@FGNNCHGH@?$AAw?$AAo?$AAr?$AAk?$AAe?$AAr?$AA?5?$AA?$CF?$AAl?$AAl?$AAd?$AA?5?$AAi?$AAs?$AA?5?$AAd?$AAl?$AAl?$AA?5?$AAc?$AAa?$AAl?$AAl?$AA?5?$AAo?$AAf?$AA?5?$AAl?$AAi?$AAb?$AAr?$AAa@ 000000014000b5be     runtime_dbg.o
 0002:0000165e       ??_C@_1CG@BIKDCCPC@?$AAs?$AAt?$AAa?$AAc?$AAk?$AA?5?$AAu?$AAs?$AAa?$AAg?$AAe?$AA?3?$AA?5?$AA?$CF?$AAl?$AAl?$AAd?$AA?6?$AA?$AA@ 000000014000b65e     runtime_dbg.o
 0002:0000168c       ??_C@_1GK@IGPNAPLE@?$AAo?$AAu?$AAt?$AAp?$AAu?$AAt?$AA?5?$AAh?$AAa?$AAv?$AAe?$AA?5?$AAs?$AAi?$AAz?$AAe?$AA?5?$AA?$CF?$AAl?$AAl?$AAd?$AA?5?$AA?$FL?$AAa?$AAn?$AAd?$AA?5?$AAa?$AAr?$AAg?$AAs?$AA?5@ 000000014000b68c     runtime_dbg.o
 0002:0000170c       ??_C@_1DM@EEDFDKOL@?$AAa?$AAr?$AAg?$AAu?$AAm?$AAe?$AAn?$AAt?$AA?5?$AA?$CF?$AAl?$AAl?$AAd?$AA?5?$AAh?$AAa?$AAv?$AAe?$AA?5?$AAs?$AAi?$AAz?$AAe?$AA?5?$AA?$CF?$AAl?$AAl?$AAd?$AA?6?$AA?$AA@ 000000014000b70c     runtime_dbg.o
 0002:00001754       ??_C@_1KA@EGEHPIHI@?$AAW?$AAo?$AAr?$AAk?$AAe?$AAr?$AA?5?$AA?$CF?$AAl?$AAl?$AAd?$AA?5?$AAh?$AAa?$AAv?$AAe?$AA?5?$AAb?$AAe?$AAe?$AAn?$AA?5?$AAl?$AAo?$AAa?$AAd?$AAe?$AAd?$AA?5?$AAt?$AAo?$AA?5@ 000000014000b754     runtime_dbg.o
 0002:00001814       ??_C@_1HI@GNCDLKLI@?$AAE?$AAr?$AAr?$AAo?$AAr?$AA?3?$AA?5?$AAr?$AAu?$AAn?$AAt?$AAi?$AAm?$AAe?$AA?5?$AAd?$AAo?$AAe?$AAs?$AAn?$AA?8?$AAt?$AA?5?$AAs?$AAu?$AAp?$AAp?$AAo?$AAr?$AAt?$AA?5?$AAs@ 000000014000b814     runtime_dbg.o
 0002:000018a4       ??_C@_1EC@HLLMLNEL@?$AAE?$AAr?$AAr?$AAo?$AAr?$AA?3?$AA?5?$AAu?$AAn?$AAk?$AAn?$AAo?$AAw?$AAn?$AA?5?$AAh?$AAe?$AAa?$AAd?$AAe?$AAr?$AA?5?$AAt?$AAy?$AAp?$AAe?$AA?5?$AA?$CF?$AAl?$AAl?$AAd?$AA?6@ 000000014000b8a4     runtime_dbg.o
 0002:000018f4       ??_C@_1CC@DEIAIPBB@?$AA?4?$AA?4?$AA?1?$AA?4?$AA?4?$AA?1?$AA?4?$AA?4?$AA?1?$AAr?$AAe?$AAs?$AA?4?$AAb?$AAi?$AAn?$AA?$AA@ 000000014000b8f4     runtime_dbg.o
 0002:0000191c       ??_C@_1FC@OGJDIOEJ@?$AAE?$AAr?$AAr?$AAo?$AAr?$AA?3?$AA?5?$AAc?$AAa?$AAn?$AA?8?$AAt?$AA?5?$AAo?$AAp?$AAe?$AAn?$AA?5?$AA?4?$AA?4?$AA?1?$AA?4?$AA?4?$AA?1?$AA?4?$AA?4?$AA?1?$AAr?$AAe?$AAs?$AA?4?$AAb@ 000000014000b91c     runtime_dbg.o
 0002:0000197e       ??_C@_1DA@COAPAANM@?$AAE?$AAr?$AAr?$AAo?$AAr?$AA?3?$AA?5?$AAa?$AAt?$AA?5?$AAl?$AAo?$AAa?$AAd?$AAi?$AAn?$AAg?$AA?5?$AAf?$AAi?$AAl?$AAe?$AA?6?$AA?$AA@ 000000014000b97e     runtime_dbg.o
 0002:000019b8       ??_C@_1CG@PNBFEFIC@?$AAR?$AAE?$AAA?$AAD?$AAI?$AAN?$AAG?$AA?5?$AAI?$AAN?$AAP?$AAU?$AAT?$AA?5?$AAA?$AAS?$AA?3?$AA?5?$AA?$AA@ 000000014000b9b8     runtime_dbg.o
 0002:000019e6       ??_C@_1M@HLHACGAA@?$AA?$CF?$AAl?$AAl?$AAd?$AA?5?$AA?$AA@ 000000014000b9e6     runtime_dbg.o
 0002:000019f4       ??_C@_1BI@KEMCAKCM@?$AAR?$AAu?$AAn?$AAn?$AAi?$AAn?$AAg?$AA?4?$AA?4?$AA?4?$AA?6?$AA?$AA@ 000000014000b9f4     runtime_dbg.o
 0002:00001a10       ??_C@_1CC@LGCEDAFN@?$AAA?$AAt?$AA?5?$AAe?$AAn?$AAd?$AA?5?$AAo?$AAb?$AAj?$AAe?$AAc?$AAt?$AAs?$AA?3?$AA?6?$AA?$AA@ 000000014000ba10     runtime_dbg.o
 0002:00001a38       ??_C@_1BI@HBEANEC@?$AA?$CF?$AA0?$AA2?$AAx?$AA?$DN?$AA?$FL?$AA?$CF?$AAl?$AAl?$AAx?$AA?$FN?$AA?$AA@ 000000014000ba38     runtime_dbg.o
 0002:00001a54       ??_C@_1FG@DPFHIKFA@?$AA?$CB?$AA?$CB?$AA?$CB?$AAA?$AAL?$AAL?$AA?5?$AAE?$AAX?$AAI?$AAS?$AAT?$AAI?$AAN?$AAG?$AA?5?$AAW?$AAO?$AAR?$AAK?$AAE?$AAR?$AAS?$AA?5?$AAA?$AAR?$AAE?$AA?5?$AAD?$AAE?$AAA?$AAD@ 000000014000ba54     runtime_dbg.o
 0002:00001abc       ??_C@_1DO@BFPIHEIA@?$AAP?$AAr?$AAo?$AAg?$AAr?$AAa?$AAm?$AA?5?$AAe?$AAx?$AAi?$AAt?$AAe?$AAd?$AA?5?$AAw?$AAi?$AAt?$AAh?$AA?5?$AAc?$AAo?$AAd?$AAe?$AA?5?$AA?$CF?$AAl?$AAl?$AAx?$AA?6?$AA?$AA@ 000000014000babc     runtime_dbg.o
 0002:00001b06       ??_C@_1GO@CEANDIOF@?$AAR?$AAe?$AAs?$AAu?$AAl?$AAt?$AA?5?$AAo?$AAf?$AA?5?$AAm?$AAa?$AAi?$AAn?$AA?5?$AAf?$AAu?$AAn?$AAc?$AAt?$AAi?$AAo?$AAn?$AA?5?$AAi?$AAs?$AAn?$AA?8?$AAt?$AA?5?$AAr?$AAe@ 000000014000bb06     runtime_dbg.o
 0002:00001b90       RtlNtPathSeperatorString   000000014000bb90     ws2_32:indef.obj
 0002:00001ba4       ??_C@_13FPGAJAPJ@?$AA?2@   000000014000bba4     ws2_32:indef.obj
 0002:00001ba8       RtlDosPathSeperatorsString 000000014000bba8     ws2_32:indef.obj
 0002:00001bbc       ??_C@_15MNCACJLI@?$AA?2?$AA?1@ 000000014000bbbc     ws2_32:indef.obj
 0002:00001bc8       RtlAlternateDosPathSeperatorString 000000014000bbc8     ws2_32:indef.obj
 0002:00001bdc       ??_C@_13CGOKJPIL@?$AA?1@   000000014000bbdc     ws2_32:indef.obj
 0002:00001bf4       eui48_broadcast            000000014000bbf4     ws2_32:indef.obj
 0002:00001bfc       scopeid_unspecified        000000014000bbfc     ws2_32:indef.obj
 0002:00001c00       in4addr_any                000000014000bc00     ws2_32:indef.obj
 0002:00001c04       in4addr_loopback           000000014000bc04     ws2_32:indef.obj
 0002:00001c08       in4addr_broadcast          000000014000bc08     ws2_32:indef.obj
 0002:00001c0c       in4addr_allnodesonlink     000000014000bc0c     ws2_32:indef.obj
 0002:00001c10       in4addr_allroutersonlink   000000014000bc10     ws2_32:indef.obj
 0002:00001c14       in4addr_alligmpv3routersonlink 000000014000bc14     ws2_32:indef.obj
 0002:00001c18       in4addr_allteredohostsonlink 000000014000bc18     ws2_32:indef.obj
 0002:00001c1c       in4addr_linklocalprefix    000000014000bc1c     ws2_32:indef.obj
 0002:00001c20       in4addr_multicastprefix    000000014000bc20     ws2_32:indef.obj
 0002:00001c28       in6addr_any                000000014000bc28     ws2_32:indef.obj
 0002:00001c40       in6addr_loopback           000000014000bc40     ws2_32:indef.obj
 0002:00001c58       in6addr_allnodesonnode     000000014000bc58     ws2_32:indef.obj
 0002:00001c70       in6addr_allnodesonlink     000000014000bc70     ws2_32:indef.obj
 0002:00001c88       in6addr_allroutersonlink   000000014000bc88     ws2_32:indef.obj
 0002:00001ca0       in6addr_allmldv2routersonlink 000000014000bca0     ws2_32:indef.obj
 0002:00001cb8       in6addr_teredoinitiallinklocaladdress 000000014000bcb8     ws2_32:indef.obj
 0002:00001cd0       in6addr_linklocalprefix    000000014000bcd0     ws2_32:indef.obj
 0002:00001ce8       in6addr_multicastprefix    000000014000bce8     ws2_32:indef.obj
 0002:00001d00       in6addr_solicitednodemulticastprefix 000000014000bd00     ws2_32:indef.obj
 0002:00001d18       in6addr_v4mappedprefix     000000014000bd18     ws2_32:indef.obj
 0002:00001d30       in6addr_6to4prefix         000000014000bd30     ws2_32:indef.obj
 0002:00001d48       in6addr_teredoprefix       000000014000bd48     ws2_32:indef.obj
 0002:00001d60       in6addr_teredoprefix_old   000000014000bd60     ws2_32:indef.obj
 0002:00001d78       BUGCHECK_EFI_GUID          000000014000bd78     ws2_32:indef.obj
 0003:00000000       server_port                000000014000d000     remote_dbg.o
 0003:00000010       runningId                  000000014000d010     runtime_dbg.o
 0003:00000440       context                    000000014000d440     asm_dbg.o
 0003:00000910       AddressFamilyInformation   000000014000d910     ws2_32:indef.obj
 0003:00000a60       connections_lock           000000014000da60     api_dbg.o
 0003:00000a68       connections_len            000000014000da68     api_dbg.o
 0003:00000a70       pages_lock                 000000014000da70     api_dbg.o
 0003:00000a78       pages_len                  000000014000da78     api_dbg.o
 0003:00000a80       known_broadcasts           000000014000da80     api_dbg.o
 0003:00000aa0       known_hives                000000014000daa0     api_dbg.o
 0003:00000ac0       local_objects              000000014000dac0     api_dbg.o
 0003:00000ae0       known_objects              000000014000dae0     api_dbg.o
 0003:00000b00       connections                000000014000db00     api_dbg.o
 0003:00002b00       pages                      000000014000fb00     api_dbg.o
 0003:00003b20       next_local_id              0000000140010b20     remote_dbg.o
 0003:00003b28       hIOCP                      0000000140010b28     remote_dbg.o
 0003:000044d0       data_buffer_end            00000001400114d0     runtime_lib_dbg.o
 0003:000044d8       data_buffer                00000001400114d8     runtime_lib_dbg.o
 0003:000044e0       commited                   00000001400114e0     runtime_lib_dbg.o
 0003:000044e8       hInput                     00000001400114e8     runtime_lib_dbg.o
 0003:000044f0       buf                        00000001400114f0     runtime_lib_dbg.o
 0003:000054f0       hOutput                    00000001400124f0     runtime_lib_dbg.o
 0003:00005840       Workers                    0000000140012840     runtime_dbg.o
 0003:000061a0       object_array               00000001400131a0     runtime_dbg.o
 0003:007a73a0       object_array_len           00000001407b43a0     runtime_dbg.o
 0003:007a73a8       wait_list_len              00000001407b43a8     runtime_dbg.o
 0003:007a73b0       queue_len                  00000001407b43b0     runtime_dbg.o
 0003:007a73c0       wait_list                  00000001407b43c0     runtime_dbg.o
 0003:007a76e0       queue                      00000001407b46e0     runtime_dbg.o
 0003:007a7a00       ShedulerBuffer             00000001407b4a00     runtime_dbg.o
 0003:007a7a50       defined_arrays             00000001407b4a50     runtime_dbg.o
 0003:0092e791       ExPoolZeroingNativelySupported 000000014093b791     ws2_32:indef.obj
 0004:00000000       __imp_AcquireSRWLockShared 000000014093c000     kernel32:KERNEL32.dll
 0004:00000008       __imp_ReleaseSRWLockShared 000000014093c008     kernel32:KERNEL32.dll
 0004:00000010       __imp_AcquireSRWLockExclusive 000000014093c010     kernel32:KERNEL32.dll
 0004:00000018       __imp_ReleaseSRWLockExclusive 000000014093c018     kernel32:KERNEL32.dll
 0004:00000020       __imp_CreateIoCompletionPort 000000014093c020     kernel32:KERNEL32.dll
 0004:00000028       __imp_GetLastError         000000014093c028     kernel32:KERNEL32.dll
 0004:00000030       __imp_FormatMessageW       000000014093c030     kernel32:KERNEL32.dll
 0004:00000038       __imp_CreateThread         000000014093c038     kernel32:KERNEL32.dll
 0004:00000040       __imp_GetQueuedCompletionStatus 000000014093c040     kernel32:KERNEL32.dll
 0004:00000048       __imp_VirtualAlloc         000000014093c048     kernel32:KERNEL32.dll
 0004:00000050       __imp_ReadConsoleW         000000014093c050     kernel32:KERNEL32.dll
 0004:00000058       __imp_MultiByteToWideChar  000000014093c058     kernel32:KERNEL32.dll
 0004:00000060       __imp_WriteConsoleW        000000014093c060     kernel32:KERNEL32.dll
 0004:00000068       __imp_GetStdHandle         000000014093c068     kernel32:KERNEL32.dll
 0004:00000070       __imp_LoadLibraryA         000000014093c070     kernel32:KERNEL32.dll
 0004:00000078       __imp_GetProcAddress       000000014093c078     kernel32:KERNEL32.dll
 0004:00000080       __imp_CreateFileW          000000014093c080     kernel32:KERNEL32.dll
 0004:00000088       __imp_GetFileSizeEx        000000014093c088     kernel32:KERNEL32.dll
 0004:00000090       __imp_ReadFile             000000014093c090     kernel32:KERNEL32.dll
 0004:00000098       __imp_CloseHandle          000000014093c098     kernel32:KERNEL32.dll
 0004:000000a0       __imp_GetCommandLineW      000000014093c0a0     kernel32:KERNEL32.dll
 0004:000000a8       __imp_ExitProcess          000000014093c0a8     kernel32:KERNEL32.dll
 0004:000000b0       \177KERNEL32_NULL_THUNK_DATA 000000014093c0b0     kernel32:KERNEL32.dll
 0004:00000128       __imp_CommandLineToArgvW   000000014093c128     shell32:SHELL32.dll
 0004:00000130       \177SHELL32_NULL_THUNK_DATA 000000014093c130     shell32:SHELL32.dll
 0004:00000188       __imp_getpeername          000000014093c188     ws2_32:WS2_32.dll
 0004:00000190       __imp_inet_ntop            000000014093c190     ws2_32:WS2_32.dll
 0004:00000198       __imp_ntohs                000000014093c198     ws2_32:WS2_32.dll
 0004:000001a0       __imp_WSARecv              000000014093c1a0     ws2_32:WS2_32.dll
 0004:000001a8       __imp_send                 000000014093c1a8     ws2_32:WS2_32.dll
 0004:000001b0       __imp_socket               000000014093c1b0     ws2_32:WS2_32.dll
 0004:000001b8       __imp_connect              000000014093c1b8     ws2_32:WS2_32.dll
 0004:000001c0       __imp_closesocket          000000014093c1c0     ws2_32:WS2_32.dll
 0004:000001c8       __imp_getaddrinfo          000000014093c1c8     ws2_32:WS2_32.dll
 0004:000001d0       __imp_freeaddrinfo         000000014093c1d0     ws2_32:WS2_32.dll
 0004:000001d8       __imp_WSAStartup           000000014093c1d8     ws2_32:WS2_32.dll
 0004:000001e0       __imp_WSACleanup           000000014093c1e0     ws2_32:WS2_32.dll
 0004:000001e8       __imp_setsockopt           000000014093c1e8     ws2_32:WS2_32.dll
 0004:000001f0       __imp_htons                000000014093c1f0     ws2_32:WS2_32.dll
 0004:000001f8       __imp_bind                 000000014093c1f8     ws2_32:WS2_32.dll
 0004:00000200       __imp_getsockname          000000014093c200     ws2_32:WS2_32.dll
 0004:00000208       __imp_listen               000000014093c208     ws2_32:WS2_32.dll
 0004:00000210       __imp_accept               000000014093c210     ws2_32:WS2_32.dll
 0004:00000218       \177WS2_32_NULL_THUNK_DATA 000000014093c218     ws2_32:WS2_32.dll
 0004:00000288       __imp_BCryptGenRandom      000000014093c288     bcrypt:bcrypt.dll
 0004:00000290       \177bcrypt_NULL_THUNK_DATA 000000014093c290     bcrypt:bcrypt.dll
 0004:000002e8       __IMPORT_DESCRIPTOR_KERNEL32 000000014093c2e8     kernel32:KERNEL32.dll
 0004:000002fc       __IMPORT_DESCRIPTOR_bcrypt 000000014093c2fc     bcrypt:bcrypt.dll
 0004:00000310       __IMPORT_DESCRIPTOR_WS2_32 000000014093c310     ws2_32:WS2_32.dll
 0004:00000324       __IMPORT_DESCRIPTOR_SHELL32 000000014093c324     shell32:SHELL32.dll
 0004:00000338       __NULL_IMPORT_DESCRIPTOR   000000014093c338     kernel32:KERNEL32.dll

 entry point at        0001:0000000f

 Static symbols

 0000:ff6c3000       .debug$S                   0000000140000000     bcrypt:bcrypt.dll
 0000:ff6c3000       .debug$S                   0000000140000000     kernel32:KERNEL32.dll
 0000:ff6c3000       .debug$S                   0000000140000000     kernel32:KERNEL32.dll
 0000:ff6c3000       .debug$S                   0000000140000000     kernel32:KERNEL32.dll
 0000:ff6c3000       .debug$S                   0000000140000000     kernel32:KERNEL32.dll
 0000:ff6c3000       .debug$S                   0000000140000000     kernel32:KERNEL32.dll
 0000:ff6c3000       .debug$S                   0000000140000000     kernel32:KERNEL32.dll
 0000:ff6c3000       .debug$S                   0000000140000000     kernel32:KERNEL32.dll
 0000:ff6c3000       .debug$S                   0000000140000000     kernel32:KERNEL32.dll
 0000:ff6c3000       .debug$S                   0000000140000000     kernel32:KERNEL32.dll
 0000:ff6c3000       .debug$S                   0000000140000000     kernel32:KERNEL32.dll
 0000:ff6c3000       .debug$S                   0000000140000000     kernel32:KERNEL32.dll
 0000:ff6c3000       .debug$S                   0000000140000000     kernel32:KERNEL32.dll
 0000:ff6c3000       .debug$S                   0000000140000000     kernel32:KERNEL32.dll
 0000:ff6c3000       .debug$S                   0000000140000000     kernel32:KERNEL32.dll
 0000:ff6c3000       .debug$S                   0000000140000000     kernel32:KERNEL32.dll
 0000:ff6c3000       .debug$S                   0000000140000000     kernel32:KERNEL32.dll
 0000:ff6c3000       .debug$S                   0000000140000000     kernel32:KERNEL32.dll
 0000:ff6c3000       .debug$S                   0000000140000000     kernel32:KERNEL32.dll
 0000:ff6c3000       .debug$S                   0000000140000000     kernel32:KERNEL32.dll
 0000:ff6c3000       .debug$S                   0000000140000000     kernel32:KERNEL32.dll
 0000:ff6c3000       .debug$S                   0000000140000000     kernel32:KERNEL32.dll
 0000:ff6c3000       .debug$S                   0000000140000000     kernel32:KERNEL32.dll
 0000:ff6c3000       .debug$S                   0000000140000000     shell32:SHELL32.dll
 0000:ff6c3000       .debug$S                   0000000140000000     ws2_32:WS2_32.dll
 0000:ff6c3000       .debug$S                   0000000140000000     ws2_32:WS2_32.dll
 0000:ff6c3000       .debug$S                   0000000140000000     ws2_32:WS2_32.dll
 0000:ff6c3000       .debug$S                   0000000140000000     ws2_32:WS2_32.dll
 0000:ff6c3000       .debug$S                   0000000140000000     ws2_32:WS2_32.dll
 0000:ff6c3000       .debug$S                   0000000140000000     ws2_32:WS2_32.dll
 0000:ff6c3000       .debug$S                   0000000140000000     ws2_32:WS2_32.dll
 0000:ff6c3000       .debug$S                   0000000140000000     ws2_32:WS2_32.dll
 0000:ff6c3000       .debug$S                   0000000140000000     ws2_32:WS2_32.dll
 0000:ff6c3000       .debug$S                   0000000140000000     ws2_32:WS2_32.dll
 0000:ff6c3000       .debug$S                   0000000140000000     ws2_32:WS2_32.dll
 0000:ff6c3000       .debug$S                   0000000140000000     ws2_32:WS2_32.dll
 0000:ff6c3000       .debug$S                   0000000140000000     ws2_32:WS2_32.dll
 0000:ff6c3000       .debug$S                   0000000140000000     ws2_32:WS2_32.dll
 0000:ff6c3000       .debug$S                   0000000140000000     ws2_32:WS2_32.dll
 0000:ff6c3000       .debug$S                   0000000140000000     ws2_32:WS2_32.dll
 0000:ff6c3000       .debug$S                   0000000140000000     ws2_32:WS2_32.dll
 0000:ff6c3000       .debug$S                   0000000140000000     ws2_32:WS2_32.dll
 0001:00000300       GetKnownHiveHash           0000000140001300 f   api_dbg.o
 0001:00001f20       Worker                     0000000140002f20 f   remote_dbg.o
 0001:000024c0       ConnectionListnerWorker    00000001400034c0 f   remote_dbg.o
 0001:00002690       HandleApiCall              0000000140003690 f   remote_dbg.o
 0001:00006374       .text                      0000000140007374     asm_dbg.o
 0001:000064c0       .text                      00000001400074c0     asm_dbg.o
 0001:000065b0       .text                      00000001400075b0     asm_dbg.o
 0002:00001be0       BFE_GENERIC_MAPPING        000000014000bbe0     ws2_32:indef.obj
 0002:00001d90       IPSEC_AUTH_TRANSFORM_ID_HMAC_MD5_96 000000014000bd90     ws2_32:indef.obj
 0002:00001da0       IPSEC_AUTH_TRANSFORM_ID_HMAC_SHA_1_96 000000014000bda0     ws2_32:indef.obj
 0002:00001db0       IPSEC_AUTH_TRANSFORM_ID_HMAC_SHA_256_128 000000014000bdb0     ws2_32:indef.obj
 0002:00001dc0       IPSEC_AUTH_TRANSFORM_ID_GCM_AES_128 000000014000bdc0     ws2_32:indef.obj
 0002:00001dd0       IPSEC_AUTH_TRANSFORM_ID_GCM_AES_192 000000014000bdd0     ws2_32:indef.obj
 0002:00001de0       IPSEC_AUTH_TRANSFORM_ID_GCM_AES_256 000000014000bde0     ws2_32:indef.obj
 0002:00001df0       IPSEC_CIPHER_TRANSFORM_ID_CBC_DES 000000014000bdf0     ws2_32:indef.obj
 0002:00001e00       IPSEC_CIPHER_TRANSFORM_ID_CBC_3DES 000000014000be00     ws2_32:indef.obj
 0002:00001e10       IPSEC_CIPHER_TRANSFORM_ID_AES_128 000000014000be10     ws2_32:indef.obj
 0002:00001e20       IPSEC_CIPHER_TRANSFORM_ID_AES_192 000000014000be20     ws2_32:indef.obj
 0002:00001e30       IPSEC_CIPHER_TRANSFORM_ID_AES_256 000000014000be30     ws2_32:indef.obj
 0002:00001e40       IPSEC_CIPHER_TRANSFORM_ID_GCM_AES_128 000000014000be40     ws2_32:indef.obj
 0002:00001e50       IPSEC_CIPHER_TRANSFORM_ID_GCM_AES_192 000000014000be50     ws2_32:indef.obj
 0002:00001e60       IPSEC_CIPHER_TRANSFORM_ID_GCM_AES_256 000000014000be60     ws2_32:indef.obj
 0003:00000040       .data                      000000014000d040     asm_dbg.o
 0003:00000840       .data                      000000014000d840     asm_dbg.o
 0003:000008c0       .data                      000000014000d8c0     asm_dbg.o
 0003:00003b30       gai_strerrorW.buff         0000000140010b30     remote_dbg.o
 0003:0092e790       WFP_TRACE_NULL_DATA        000000014093b790     ws2_32:indef.obj
 0004:000007d4       .idata$6                   000000014093c7d4     kernel32:KERNEL32.dll
 0004:000007f4       .idata$6                   000000014093c7f4     bcrypt:bcrypt.dll
 0004:00000834       .idata$6                   000000014093c834     ws2_32:WS2_32.dll
 0004:00000856       .idata$6                   000000014093c856     shell32:SHELL32.dll
