 a

 Timestamp is 697c3efe (Fri Jan 30 08:17:50 2026)

 Preferred load address is 0000000140000000

 Start         Length     Name                   Class
 0001:00000000 000086faH .text                   CODE
 0002:00000000 00000b30H .rdata                  DATA
 0003:00000000 00000034H .data                   DATA
 0003:00000040 000db48eH .bss                    DATA
 0004:00000000 000006a2H .data                   DATA

  Address         Publics by Value              Rva+Base               Lib:Object

 0001:00000000       equal_bytes                0000000140001000     api.o
 0001:00000090       GetHashtableNoLock         0000000140001090     api.o
 0001:000001c0       SetHashtableNoLock         00000001400011c0     api.o
 0001:000004c0       GetHashtable               00000001400014c0     api.o
 0001:00000520       SetHashtable               0000000140001520     api.o
 0001:00000570       InitInternalStructures     0000000140001570     api.o
 0001:000008b0       PauseWorker                00000001400018b0     await_worker.o
 0001:00000950       RegisterObjectWithId       0000000140001950     new_object.o
 0001:00000980       NewObjectUsingPage         0000000140001980     new_object.o
 0001:00000c50       GetNewObjectId             0000000140001c50     new_object.o
 0001:00000d40       NewObject                  0000000140001d40     new_object.o
 0001:00000e30       UpdateLocalPush            0000000140001e30     push_object.o
 0001:00000f00       PushObject                 0000000140001f00     push_object.o
 0001:00001170       PushPipe                   0000000140002170     push_object.o
 0001:000011a0       UpdateFromQueryResult      00000001400021a0     query_object.o
 0001:00001220       QueryLocalObject           0000000140002220     query_object.o
 0001:00001380       QueryObject                0000000140002380     query_object.o
 0001:00001580       QueryPipe                  0000000140002580     query_object.o
 0001:000015b0       GetConnectionById          00000001400025b0     remote.o
 0001:00001640       ConfirmPage                0000000140002640     remote.o
 0001:000016d0       ConfirmID                  00000001400026d0     remote.o
 0001:00001720       HandleNewConnection        0000000140002720     remote.o
 0001:00001900       UpdateWaitingPush          0000000140002900     remote.o
 0001:00001b80       AnswerPushObject           0000000140002b80     remote.o
 0001:00001c40       SendPageAllocationConfirm  0000000140002c40     remote.o
 0001:00001cc0       SendIDConfirm              0000000140002cc0     remote.o
 0001:00001d40       RedirectBroadcastQuery     0000000140002d40     remote.o
 0001:00001ea0       RedirectBroadcastIDQuery   0000000140002ea0     remote.o
 0001:00002000       ConfirmConnection          0000000140003000     remote.o
 0001:00002170       InitiateConnection         0000000140003170     remote.o
 0001:00002490       RequestMemoryPage          0000000140003490     remote.o
 0001:00002580       RequestServerId            0000000140003580     remote.o
 0001:00002680       AnswerQueryObject          0000000140003680     remote.o
 0001:00002780       AnswerRequestObjectPath    0000000140003780     remote.o
 0001:000028a0       RequestObjectPathBroadcast 00000001400038a0     remote.o
 0001:00002a90       AnswerRequestPathToID      0000000140003a90     remote.o
 0001:00002bb0       RequestPathToIDBroadcast   0000000140003bb0     remote.o
 0001:00002da0       RequestObjectGet           0000000140003da0     remote.o
 0001:00002eb0       RequestObjectSet           0000000140003eb0     remote.o
 0001:00003060       StartNewWorkerRemote       0000000140004060     remote.o
 0001:00003170       SendHiveState              0000000140004170     remote.o
 0001:00003320       start_remote_subsystem     0000000140004320     remote.o
 0001:00005920       memset                     0000000140006920     runtime_lib.o
 0001:00005980       memcpy                     0000000140006980     runtime_lib.o
 0001:000059f0       myMalloc                   00000001400069f0     runtime_lib.o
 0001:00005a40       myPrintf                   0000000140006a40     runtime_lib.o
 0001:00005d70       myFree                     0000000140006d70     runtime_lib.o
 0001:00005db0       myAtoll                    0000000140006db0     runtime_lib.o
 0001:00005ef0       get_char                   0000000140006ef0     runtime_lib.o
 0001:00005fd0       myScanI64                  0000000140006fd0     runtime_lib.o
 0001:00006060       myScanS                    0000000140007060     runtime_lib.o
 0001:00006160       PrintI64                   0000000140007160     runtime_lib.o
 0001:00006230       PrintI64H                  0000000140007230     runtime_lib.o
 0001:000062d0       Print2H                    00000001400072d0     runtime_lib.o
 0001:00006370       assertion_failure          0000000140007370     runtime_lib.o
 0001:000063c0       myAbs                      00000001400073c0     runtime_lib.o
 0001:000063f0       MicrosecondsToTicks        00000001400073f0     runtime_lib.o
 0001:00006410       TicksToMicroseconds        0000000140007410     runtime_lib.o
 0001:00006430       GetTicks                   0000000140007430     runtime_lib.o
 0001:00006450       SheduleTimeoutFromNow      0000000140007450     runtime_lib.o
 0001:00006490       init_lib                   0000000140007490     runtime_lib.o
 0001:000064e0       PrintObject                00000001400074e0     runtime.o
 0001:000065f0       WaitListWorker             00000001400075f0     runtime.o
 0001:000066c0       EnqueueWorkerFromWaitList  00000001400076c0     runtime.o
 0001:00006750       EnqueueWorker              0000000140007750     runtime.o
 0001:000067a0       UpdateWaitingWorkers       00000001400077a0     runtime.o
 0001:00006ae0       SheduleWorker              0000000140007ae0     runtime.o
 0001:00006f20       StartNewWorker             0000000140007f20     runtime.o
 0001:00007200       CallObject                 0000000140008200     runtime.o
 0001:00007270       LoadWorker                 0000000140008270     runtime.o
 0001:00007c30       ShedulerInstance           0000000140008c30     runtime.o
 0001:00007c90       entry                      0000000140008c90     runtime.o
 0001:00008314       fastPushObject             0000000140009314     asm.o
 0001:00008395       fastPushPipe               0000000140009395     asm.o
 0001:00008416       fastQueryObject            0000000140009416     asm.o
 0001:0000849a       fastQueryPipe              000000014000949a     asm.o
 0001:0000851e       fastNewObject              000000014000951e     asm.o
 0001:00008597       fastCallObject             0000000140009597     asm.o
 0001:000085cd       ExecuteWorker              00000001400095cd     asm.o
 0001:00008614       setjmpUN                   0000000140009614     asm.o
 0001:00008647       longjmpUN                  0000000140009647     asm.o
 0001:00008670       DllCall                    0000000140009670     asm.o
 0001:00008700       CommandLineToArgvW         0000000140009700     shell32:SHELL32.dll
 0001:00008710       AcquireSRWLockExclusive    0000000140009710     kernel32:KERNEL32.dll
 0001:00008720       AcquireSRWLockShared       0000000140009720     kernel32:KERNEL32.dll
 0001:00008730       CloseHandle                0000000140009730     kernel32:KERNEL32.dll
 0001:00008740       CreateFileW                0000000140009740     kernel32:KERNEL32.dll
 0001:00008750       CreateIoCompletionPort     0000000140009750     kernel32:KERNEL32.dll
 0001:00008760       CreateThread               0000000140009760     kernel32:KERNEL32.dll
 0001:00008770       ExitProcess                0000000140009770     kernel32:KERNEL32.dll
 0001:00008780       GetCommandLineW            0000000140009780     kernel32:KERNEL32.dll
 0001:00008790       GetConsoleMode             0000000140009790     kernel32:KERNEL32.dll
 0001:000087a0       GetFileSizeEx              00000001400097a0     kernel32:KERNEL32.dll
 0001:000087b0       GetLastError               00000001400097b0     kernel32:KERNEL32.dll
 0001:000087c0       GetProcAddress             00000001400097c0     kernel32:KERNEL32.dll
 0001:000087d0       GetProcessHeap             00000001400097d0     kernel32:KERNEL32.dll
 0001:000087e0       GetQueuedCompletionStatus  00000001400097e0     kernel32:KERNEL32.dll
 0001:000087f0       GetStdHandle               00000001400097f0     kernel32:KERNEL32.dll
 0001:00008800       HeapAlloc                  0000000140009800     kernel32:KERNEL32.dll
 0001:00008810       HeapFree                   0000000140009810     kernel32:KERNEL32.dll
 0001:00008820       LoadLibraryA               0000000140009820     kernel32:KERNEL32.dll
 0001:00008830       MultiByteToWideChar        0000000140009830     kernel32:KERNEL32.dll
 0001:00008840       QueryPerformanceCounter    0000000140009840     kernel32:KERNEL32.dll
 0001:00008850       QueryPerformanceFrequency  0000000140009850     kernel32:KERNEL32.dll
 0001:00008860       ReadConsoleW               0000000140009860     kernel32:KERNEL32.dll
 0001:00008870       ReadFile                   0000000140009870     kernel32:KERNEL32.dll
 0001:00008880       ReleaseSRWLockExclusive    0000000140009880     kernel32:KERNEL32.dll
 0001:00008890       ReleaseSRWLockShared       0000000140009890     kernel32:KERNEL32.dll
 0001:000088a0       Sleep                      00000001400098a0     kernel32:KERNEL32.dll
 0001:000088b0       TlsAlloc                   00000001400098b0     kernel32:KERNEL32.dll
 0001:000088c0       TlsFree                    00000001400098c0     kernel32:KERNEL32.dll
 0001:000088d0       TlsGetValue                00000001400098d0     kernel32:KERNEL32.dll
 0001:000088e0       TlsSetValue                00000001400098e0     kernel32:KERNEL32.dll
 0001:000088f0       TryAcquireSRWLockExclusive 00000001400098f0     kernel32:KERNEL32.dll
 0001:00008900       VirtualAlloc               0000000140009900     kernel32:KERNEL32.dll
 0001:00008910       WaitForMultipleObjects     0000000140009910     kernel32:KERNEL32.dll
 0001:00008920       WriteConsoleW              0000000140009920     kernel32:KERNEL32.dll
 0001:00008930       BCryptGenRandom            0000000140009930     bcrypt:bcrypt.dll
 0001:00008940       WSARecv                    0000000140009940     ws2_32:WS2_32.dll
 0001:00008950       WSAStartup                 0000000140009950     ws2_32:WS2_32.dll
 0001:00008960       accept                     0000000140009960     ws2_32:WS2_32.dll
 0001:00008970       bind                       0000000140009970     ws2_32:WS2_32.dll
 0001:00008980       closesocket                0000000140009980     ws2_32:WS2_32.dll
 0001:00008990       connect                    0000000140009990     ws2_32:WS2_32.dll
 0001:000089a0       freeaddrinfo               00000001400099a0     ws2_32:WS2_32.dll
 0001:000089b0       getaddrinfo                00000001400099b0     ws2_32:WS2_32.dll
 0001:000089c0       getsockname                00000001400099c0     ws2_32:WS2_32.dll
 0001:000089d0       htons                      00000001400099d0     ws2_32:WS2_32.dll
 0001:000089e0       listen                     00000001400099e0     ws2_32:WS2_32.dll
 0001:000089f0       ntohs                      00000001400099f0     ws2_32:WS2_32.dll
 0001:00008a00       send                       0000000140009a00     ws2_32:WS2_32.dll
 0001:00008a10       setsockopt                 0000000140009a10     ws2_32:WS2_32.dll
 0001:00008a20       socket                     0000000140009a20     ws2_32:WS2_32.dll
 0002:000000b0       ??_C@_1DE@OFJFJIIH@?$AAS?$AAe?$AAr?$AAv?$AAe?$AAr?$AA?5?$AAi?$AAd?$AA?$DN?$AA?$CF?$AAl?$AAl?$AAd?$AA?5?$AAc?$AAo?$AAn?$AAf?$AAi?$AAr?$AAm?$AAe?$AAd?$AA?6?$AA?$AA@ 000000014000a0b0     remote.o
 0002:000000e4       ??_C@_1FK@FPKJOMKP@?$AAE?$AAr?$AAr?$AAo?$AAr?$AA?3?$AA?5?$AAC?$AAo?$AAu?$AAl?$AAd?$AA?5?$AAn?$AAo?$AAt?$AA?5?$AAc?$AAo?$AAn?$AAn?$AAe?$AAc?$AAt?$AA?5?$AAt?$AAo?$AA?5?$AA?$CF?$AAs?$AA?5?$AA?$FL@ 000000014000a0e4     remote.o
 0002:0000013e       ??_C@_1DM@MBBJEJBJ@?$AAT?$AAr?$AAy?$AAi?$AAn?$AAg?$AA?5?$AAt?$AAo?$AA?5?$AAg?$AAe?$AAt?$AA?5?$AAs?$AAe?$AAr?$AAv?$AAe?$AAr?$AA?5?$AAi?$AAd?$AA?5?$AA?$CF?$AAl?$AAl?$AAd?$AA?6?$AA?$AA@ 000000014000a13e     remote.o
 0002:0000017a       ??_C@_1CK@IMAGNILG@?$AAC?$AAo?$AAn?$AAf?$AAi?$AAr?$AAm?$AAe?$AAd?$AA?5?$AAp?$AAo?$AAr?$AAt?$AA?$DN?$AA?$CF?$AAl?$AAl?$AAd?$AA?6?$AA?$AA@ 000000014000a17a     remote.o
 0002:000001a4       ??_C@_1DG@NNMMEGKD@?$AAS?$AAe?$AAl?$AAe?$AAc?$AAt?$AAe?$AAd?$AA?5?$AAc?$AAo?$AAn?$AAn?$AAe?$AAc?$AAt?$AA?5?$AAc?$AAo?$AAm?$AAm?$AAa?$AAn?$AAd?$AA?4?$AA?6?$AA?$AA@ 000000014000a1a4     remote.o
 0002:000001da       ??_C@_1CI@KPENLAE@?$AAE?$AAn?$AAt?$AAe?$AAr?$AA?5?$AAI?$AAP?$AA?5?$AAa?$AAn?$AAd?$AA?5?$AAP?$AAO?$AAR?$AAT?$AA?4?$AA?6?$AA?$AA@ 000000014000a1da     remote.o
 0002:00000202       ??_C@_1EG@CAHECGOL@?$AAT?$AAr?$AAy?$AAi?$AAn?$AAg?$AA?5?$AAt?$AAo?$AA?5?$AAc?$AAo?$AAn?$AAn?$AAe?$AAc?$AAt?$AA?5?$AAt?$AAo?$AA?5?$AA?$FL?$AA?$CF?$AAs?$AA?$FN?$AA?5?$AA?$FL?$AA?$CF?$AAs?$AA?$FN?$AA?4?$AA?4@ 000000014000a202     remote.o
 0002:00000248       ??_C@_1DG@GLOHHOJG@?$AAT?$AAe?$AAm?$AAp?$AAo?$AAr?$AAa?$AAr?$AAy?$AA?5?$AAl?$AAo?$AAc?$AAa?$AAl?$AA_?$AAi?$AAd?$AA?5?$AA?$DN?$AA?5?$AA?$CF?$AAl?$AAl?$AAd?$AA?6?$AA?$AA@ 000000014000a248     remote.o
 0002:0000027e       ??_C@_1DC@MOJEJJIM@?$AAC?$AAo?$AAn?$AAf?$AAi?$AAg?$AAu?$AAr?$AAa?$AAt?$AAi?$AAo?$AAn?$AA?5?$AAc?$AAo?$AAn?$AAf?$AAi?$AAr?$AAm?$AAe?$AAd?$AA?6?$AA?$AA@ 000000014000a27e     remote.o
 0002:000002b0       ??_C@_1DM@PKIKMHMJ@?$AA?$FL?$AAN?$AAE?$AAT?$AAW?$AAO?$AAR?$AAK?$AA?$FN?$AA?3?$AA?5?$AAP?$AAe?$AAe?$AAr?$AA?5?$AAd?$AAi?$AAs?$AAc?$AAo?$AAn?$AAn?$AAe?$AAc?$AAt?$AAe?$AAd?$AA?6?$AA?$AA@ 000000014000a2b0     remote.o
 0002:000002ec       ??_C@_1CO@OOHNIMCC@?$AAc?$AAl?$AAo?$AAs?$AAi?$AAn?$AAg?$AA?5?$AAc?$AAo?$AAn?$AAn?$AAe?$AAc?$AAt?$AAi?$AAo?$AAn?$AA?4?$AA?4?$AA?4?$AA?6?$AA?$AA@ 000000014000a2ec     remote.o
 0002:0000031a       ??_C@_1LA@ICLCBFDH@?$AAE?$AAr?$AAr?$AAo?$AAr?$AA?3?$AA?5?$AAA?$AAP?$AAI?$AA_?$AAA?$AAN?$AAS?$AAW?$AAE?$AAR?$AA_?$AAR?$AAE?$AAQ?$AAU?$AAE?$AAS?$AAT?$AA_?$AAC?$AAO?$AAN?$AAN?$AAE?$AAC@ 000000014000a31a     remote.o
 0002:000003ca       ??_C@_1DK@EHAPFJND@?$AAs?$AAe?$AAr?$AAv?$AAe?$AAr?$AA?5?$AAs?$AAt?$AAa?$AAr?$AAt?$AAe?$AAd?$AA?5?$AAo?$AAn?$AA?5?$AAp?$AAo?$AAr?$AAt?$AA?5?$AA?$CF?$AAl?$AAl?$AAd?$AA?6?$AA?$AA@ 000000014000a3ca     remote.o
 0002:00000404       ??_C@_1FA@MICONLJJ@?$AAE?$AAr?$AAr?$AAo?$AAr?$AA?3?$AA?5?$AAf?$AAa?$AAi?$AAl?$AAe?$AAd?$AA?5?$AAt?$AAo?$AA?5?$AAa?$AAl?$AAl?$AAo?$AAc?$AAa?$AAt?$AAe?$AA?5?$AAm?$AAe?$AAm?$AAo?$AAr?$AAy@ 000000014000a404     runtime_lib.o
 0002:00000454       ??_C@_1EI@DJFGOBAG@?$AAE?$AAr?$AAr?$AAo?$AAr?$AA?3?$AA?5?$AAf?$AAa?$AAi?$AAl?$AAe?$AAd?$AA?5?$AAt?$AAo?$AA?5?$AAf?$AAr?$AAe?$AAe?$AA?5?$AAm?$AAe?$AAm?$AAo?$AAr?$AAy?$AA?3?$AA?5?$AA?$CF?$AAl@ 000000014000a454     runtime_lib.o
 0002:0000049c       ??_C@_1CM@EJGKJCED@?$AAA?$AAs?$AAs?$AAe?$AAr?$AAt?$AAi?$AAo?$AAn?$AA?5?$AAf?$AAa?$AAi?$AAl?$AAe?$AAd?$AA?3?$AA?5?$AA?$CF?$AAs?$AA?6?$AA?$AA@ 000000014000a49c     runtime_lib.o
 0002:000004c8       ??_C@_1EI@GJCCEHA@?$AAF?$AAi?$AAl?$AAe?$AA?3?$AA?5?$AA?$CF?$AAs?$AA?0?$AA?5?$AAL?$AAi?$AAn?$AAe?$AA?3?$AA?5?$AA?$CF?$AAl?$AAl?$AAd?$AA?0?$AA?5?$AAF?$AAu?$AAn?$AAc?$AAt?$AAi?$AAo?$AAn?$AA?3?$AA?5@ 000000014000a4c8     runtime_lib.o
 0002:00000590       ??_C@_1DO@IALLLPBG@?$AAN?$AAO?$AAT?$AA?5?$AAI?$AAM?$AAP?$AAL?$AAE?$AAM?$AAE?$AAN?$AAT?$AAE?$AAD?$AA?5?$AAW?$AAA?$AAI?$AAT?$AAI?$AAN?$AAG?$AA_?$AAT?$AAI?$AAM?$AAE?$AAR?$AA?6?$AA?$AA@ 000000014000a590     runtime.o
 0002:000005ce       ??_C@_1GM@IJHLNMBE@?$AAt?$AAh?$AAr?$AAe?$AAa?$AAd?$AA?5?$AA?$CF?$AAl?$AAl?$AAd?$AA?3?$AA?5?$AA?5?$AAW?$AAa?$AAi?$AAt?$AA?$HM?$AAQ?$AAu?$AAe?$AAu?$AAe?$AAd?$AA?5?$AA?$CF?$AAl?$AAl?$AAd?$AA?$HM?$AA?$CF@ 000000014000a5ce     runtime.o
 0002:0000063a       ??_C@_1HI@GNCDLKLI@?$AAE?$AAr?$AAr?$AAo?$AAr?$AA?3?$AA?5?$AAr?$AAu?$AAn?$AAt?$AAi?$AAm?$AAe?$AA?5?$AAd?$AAo?$AAe?$AAs?$AAn?$AA?8?$AAt?$AA?5?$AAs?$AAu?$AAp?$AAp?$AAo?$AAr?$AAt?$AA?5?$AAs@ 000000014000a63a     runtime.o
 0002:000006b2       ??_C@_1CC@DEIAIPBB@?$AA?4?$AA?4?$AA?1?$AA?4?$AA?4?$AA?1?$AA?4?$AA?4?$AA?1?$AAr?$AAe?$AAs?$AA?4?$AAb?$AAi?$AAn?$AA?$AA@ 000000014000a6b2     runtime.o
 0002:000006d4       ??_C@_1FC@OGJDIOEJ@?$AAE?$AAr?$AAr?$AAo?$AAr?$AA?3?$AA?5?$AAc?$AAa?$AAn?$AA?8?$AAt?$AA?5?$AAo?$AAp?$AAe?$AAn?$AA?5?$AA?4?$AA?4?$AA?1?$AA?4?$AA?4?$AA?1?$AA?4?$AA?4?$AA?1?$AAr?$AAe?$AAs?$AA?4?$AAb@ 000000014000a6d4     runtime.o
 0002:00000726       ??_C@_1DM@FEOJJAHB@?$AAS?$AAt?$AAa?$AAr?$AAt?$AAi?$AAn?$AAg?$AA?5?$AAw?$AAi?$AAt?$AAh?$AAo?$AAu?$AAt?$AA?5?$AAa?$AAn?$AAy?$AA?5?$AAw?$AAo?$AAr?$AAk?$AAe?$AAr?$AAs?$AA?6?$AA?$AA@ 000000014000a726     runtime.o
 0002:00000762       ??_C@_1CO@DCKAPNAK@?$AAw?$AAa?$AAi?$AAt?$AAi?$AAn?$AAg?$AA?5?$AAs?$AAt?$AAa?$AAr?$AAt?$AAu?$AAp?$AA?5?$AAp?$AAa?$AAg?$AAe?$AAs?$AA?6?$AA?$AA@ 000000014000a762     runtime.o
 0002:00000790       ??_C@_1EI@OLFKDNEP@?$AAE?$AAr?$AAr?$AAo?$AAr?$AA?3?$AA?5?$AAa?$AAl?$AAl?$AAo?$AAc?$AAa?$AAt?$AAe?$AAd?$AA?5?$AAa?$AAr?$AAr?$AAa?$AAy?$AA?5?$AAi?$AAs?$AAn?$AA?8?$AAt?$AA?5?$AAl?$AAo?$AAc@ 000000014000a790     runtime.o
 0002:000007d8       ??_C@_1BI@KEMCAKCM@?$AAR?$AAu?$AAn?$AAn?$AAi?$AAn?$AAg?$AA?4?$AA?4?$AA?4?$AA?6?$AA?$AA@ 000000014000a7d8     runtime.o
 0002:000007f0       ??_C@_1DM@HCILGOPA@?$AAF?$AAa?$AAi?$AAl?$AAe?$AAd?$AA?5?$AAt?$AAo?$AA?5?$AAc?$AAr?$AAe?$AAa?$AAt?$AAe?$AA?5?$AAt?$AAh?$AAr?$AAe?$AAa?$AAd?$AA?5?$AA?$CF?$AAl?$AAl?$AAd?$AA?6?$AA?$AA@ 000000014000a7f0     runtime.o
 0002:0000082c       ??_C@_1CE@FBEJGOMB@?$AAP?$AAr?$AAo?$AAg?$AAr?$AAa?$AAm?$AA?5?$AAf?$AAi?$AAn?$AAi?$AAs?$AAh?$AAe?$AAd?$AA?6?$AA?$AA@ 000000014000a82c     runtime.o
 0002:00000850       ??_C@_1EK@FDFELEEK@?$AAR?$AAe?$AAs?$AAu?$AAl?$AAt?$AA?5?$AAp?$AAr?$AAo?$AAm?$AAi?$AAs?$AAe?$AA?5?$AAn?$AAo?$AAt?$AA?5?$AAf?$AAo?$AAu?$AAn?$AAd?$AA?5?$AAo?$AAn?$AA?5?$AAm?$AAa?$AAc?$AAh@ 000000014000a850     runtime.o
 0002:0000089a       ??_C@_1DO@BFPIHEIA@?$AAP?$AAr?$AAo?$AAg?$AAr?$AAa?$AAm?$AA?5?$AAe?$AAx?$AAi?$AAt?$AAe?$AAd?$AA?5?$AAw?$AAi?$AAt?$AAh?$AA?5?$AAc?$AAo?$AAd?$AAe?$AA?5?$AA?$CF?$AAl?$AAl?$AAx?$AA?6?$AA?$AA@ 000000014000a89a     runtime.o
 0002:000008d8       ??_C@_1GO@CEANDIOF@?$AAR?$AAe?$AAs?$AAu?$AAl?$AAt?$AA?5?$AAo?$AAf?$AA?5?$AAm?$AAa?$AAi?$AAn?$AA?5?$AAf?$AAu?$AAn?$AAc?$AAt?$AAi?$AAo?$AAn?$AA?5?$AAi?$AAs?$AAn?$AA?8?$AAt?$AA?5?$AAr?$AAe@ 000000014000a8d8     runtime.o
 0002:00000948       RtlNtPathSeperatorString   000000014000a948     ws2_32:indef.obj
 0002:00000958       ??_C@_13FPGAJAPJ@?$AA?2@   000000014000a958     ws2_32:indef.obj
 0002:00000960       RtlDosPathSeperatorsString 000000014000a960     ws2_32:indef.obj
 0002:00000970       ??_C@_15MNCACJLI@?$AA?2?$AA?1@ 000000014000a970     ws2_32:indef.obj
 0002:00000978       RtlAlternateDosPathSeperatorString 000000014000a978     ws2_32:indef.obj
 0002:00000988       ??_C@_13CGOKJPIL@?$AA?1@   000000014000a988     ws2_32:indef.obj
 0002:000009a0       eui48_broadcast            000000014000a9a0     ws2_32:indef.obj
 0002:000009a8       scopeid_unspecified        000000014000a9a8     ws2_32:indef.obj
 0002:000009ac       in4addr_any                000000014000a9ac     ws2_32:indef.obj
 0002:000009b0       in4addr_loopback           000000014000a9b0     ws2_32:indef.obj
 0002:000009b4       in4addr_broadcast          000000014000a9b4     ws2_32:indef.obj
 0002:000009b8       in4addr_allnodesonlink     000000014000a9b8     ws2_32:indef.obj
 0002:000009bc       in4addr_allroutersonlink   000000014000a9bc     ws2_32:indef.obj
 0002:000009c0       in4addr_alligmpv3routersonlink 000000014000a9c0     ws2_32:indef.obj
 0002:000009c4       in4addr_allteredohostsonlink 000000014000a9c4     ws2_32:indef.obj
 0002:000009c8       in4addr_linklocalprefix    000000014000a9c8     ws2_32:indef.obj
 0002:000009cc       in4addr_multicastprefix    000000014000a9cc     ws2_32:indef.obj
 0002:000009d0       in6addr_any                000000014000a9d0     ws2_32:indef.obj
 0002:000009e0       in6addr_loopback           000000014000a9e0     ws2_32:indef.obj
 0002:000009f0       in6addr_allnodesonnode     000000014000a9f0     ws2_32:indef.obj
 0002:00000a00       in6addr_allnodesonlink     000000014000aa00     ws2_32:indef.obj
 0002:00000a10       in6addr_allroutersonlink   000000014000aa10     ws2_32:indef.obj
 0002:00000a20       in6addr_allmldv2routersonlink 000000014000aa20     ws2_32:indef.obj
 0002:00000a30       in6addr_teredoinitiallinklocaladdress 000000014000aa30     ws2_32:indef.obj
 0002:00000a40       in6addr_linklocalprefix    000000014000aa40     ws2_32:indef.obj
 0002:00000a50       in6addr_multicastprefix    000000014000aa50     ws2_32:indef.obj
 0002:00000a60       in6addr_solicitednodemulticastprefix 000000014000aa60     ws2_32:indef.obj
 0002:00000a70       in6addr_v4mappedprefix     000000014000aa70     ws2_32:indef.obj
 0002:00000a80       in6addr_6to4prefix         000000014000aa80     ws2_32:indef.obj
 0002:00000a90       in6addr_teredoprefix       000000014000aa90     ws2_32:indef.obj
 0002:00000aa0       in6addr_teredoprefix_old   000000014000aaa0     ws2_32:indef.obj
 0002:00000ab0       BUGCHECK_EFI_GUID          000000014000aab0     ws2_32:indef.obj
 0002:00000db0       __imp_CommandLineToArgvW   000000014000adb0     shell32:SHELL32.dll
 0002:00000dc0       __imp_AcquireSRWLockExclusive 000000014000adc0     kernel32:KERNEL32.dll
 0002:00000dc8       __imp_AcquireSRWLockShared 000000014000adc8     kernel32:KERNEL32.dll
 0002:00000dd0       __imp_CloseHandle          000000014000add0     kernel32:KERNEL32.dll
 0002:00000dd8       __imp_CreateFileW          000000014000add8     kernel32:KERNEL32.dll
 0002:00000de0       __imp_CreateIoCompletionPort 000000014000ade0     kernel32:KERNEL32.dll
 0002:00000de8       __imp_CreateThread         000000014000ade8     kernel32:KERNEL32.dll
 0002:00000df0       __imp_ExitProcess          000000014000adf0     kernel32:KERNEL32.dll
 0002:00000df8       __imp_GetCommandLineW      000000014000adf8     kernel32:KERNEL32.dll
 0002:00000e00       __imp_GetConsoleMode       000000014000ae00     kernel32:KERNEL32.dll
 0002:00000e08       __imp_GetFileSizeEx        000000014000ae08     kernel32:KERNEL32.dll
 0002:00000e10       __imp_GetLastError         000000014000ae10     kernel32:KERNEL32.dll
 0002:00000e18       __imp_GetProcAddress       000000014000ae18     kernel32:KERNEL32.dll
 0002:00000e20       __imp_GetProcessHeap       000000014000ae20     kernel32:KERNEL32.dll
 0002:00000e28       __imp_GetQueuedCompletionStatus 000000014000ae28     kernel32:KERNEL32.dll
 0002:00000e30       __imp_GetStdHandle         000000014000ae30     kernel32:KERNEL32.dll
 0002:00000e38       __imp_HeapAlloc            000000014000ae38     kernel32:KERNEL32.dll
 0002:00000e40       __imp_HeapFree             000000014000ae40     kernel32:KERNEL32.dll
 0002:00000e48       __imp_LoadLibraryA         000000014000ae48     kernel32:KERNEL32.dll
 0002:00000e50       __imp_MultiByteToWideChar  000000014000ae50     kernel32:KERNEL32.dll
 0002:00000e58       __imp_QueryPerformanceCounter 000000014000ae58     kernel32:KERNEL32.dll
 0002:00000e60       __imp_QueryPerformanceFrequency 000000014000ae60     kernel32:KERNEL32.dll
 0002:00000e68       __imp_ReadConsoleW         000000014000ae68     kernel32:KERNEL32.dll
 0002:00000e70       __imp_ReadFile             000000014000ae70     kernel32:KERNEL32.dll
 0002:00000e78       __imp_ReleaseSRWLockExclusive 000000014000ae78     kernel32:KERNEL32.dll
 0002:00000e80       __imp_ReleaseSRWLockShared 000000014000ae80     kernel32:KERNEL32.dll
 0002:00000e88       __imp_Sleep                000000014000ae88     kernel32:KERNEL32.dll
 0002:00000e90       __imp_TlsAlloc             000000014000ae90     kernel32:KERNEL32.dll
 0002:00000e98       __imp_TlsFree              000000014000ae98     kernel32:KERNEL32.dll
 0002:00000ea0       __imp_TlsGetValue          000000014000aea0     kernel32:KERNEL32.dll
 0002:00000ea8       __imp_TlsSetValue          000000014000aea8     kernel32:KERNEL32.dll
 0002:00000eb0       __imp_TryAcquireSRWLockExclusive 000000014000aeb0     kernel32:KERNEL32.dll
 0002:00000eb8       __imp_VirtualAlloc         000000014000aeb8     kernel32:KERNEL32.dll
 0002:00000ec0       __imp_WaitForMultipleObjects 000000014000aec0     kernel32:KERNEL32.dll
 0002:00000ec8       __imp_WriteConsoleW        000000014000aec8     kernel32:KERNEL32.dll
 0002:00000ed8       __imp_BCryptGenRandom      000000014000aed8     bcrypt:bcrypt.dll
 0002:00000ee8       __imp_WSARecv              000000014000aee8     ws2_32:WS2_32.dll
 0002:00000ef0       __imp_WSAStartup           000000014000aef0     ws2_32:WS2_32.dll
 0002:00000ef8       __imp_accept               000000014000aef8     ws2_32:WS2_32.dll
 0002:00000f00       __imp_bind                 000000014000af00     ws2_32:WS2_32.dll
 0002:00000f08       __imp_closesocket          000000014000af08     ws2_32:WS2_32.dll
 0002:00000f10       __imp_connect              000000014000af10     ws2_32:WS2_32.dll
 0002:00000f18       __imp_freeaddrinfo         000000014000af18     ws2_32:WS2_32.dll
 0002:00000f20       __imp_getaddrinfo          000000014000af20     ws2_32:WS2_32.dll
 0002:00000f28       __imp_getsockname          000000014000af28     ws2_32:WS2_32.dll
 0002:00000f30       __imp_htons                000000014000af30     ws2_32:WS2_32.dll
 0002:00000f38       __imp_listen               000000014000af38     ws2_32:WS2_32.dll
 0002:00000f40       __imp_ntohs                000000014000af40     ws2_32:WS2_32.dll
 0002:00000f48       __imp_send                 000000014000af48     ws2_32:WS2_32.dll
 0002:00000f50       __imp_setsockopt           000000014000af50     ws2_32:WS2_32.dll
 0002:00000f58       __imp_socket               000000014000af58     ws2_32:WS2_32.dll
 0003:00000000       server_port                000000014000c000     remote.o
 0003:00000008       thisServerId               000000014000c008     remote.o
 0003:00000010       AddressFamilyInformation   000000014000c010     ws2_32:indef.obj
 0003:00000040       connections_lock           000000014000c040     api.o
 0003:00000048       connections_len            000000014000c048     api.o
 0003:00000050       pages_lock                 000000014000c050     api.o
 0003:00000058       pages_len                  000000014000c058     api.o
 0003:00000060       known_id_broadcasts        000000014000c060     api.o
 0003:00000080       known_page_broadcasts      000000014000c080     api.o
 0003:000000a0       known_path_broadcasts      000000014000c0a0     api.o
 0003:000000c0       known_path_id_broadcasts   000000014000c0c0     api.o
 0003:000000e0       local_objects              000000014000c0e0     api.o
 0003:00000100       known_objects              000000014000c100     api.o
 0003:00000120       query_requests             000000014000c120     api.o
 0003:00000140       push_requests              000000014000c140     api.o
 0003:00000160       known_hives                000000014000c160     api.o
 0003:00000180       connections                000000014000c180     api.o
 0003:00002180       pages                      000000014000e180     api.o
 0003:00002d80       ServerIdGetLock            000000014000ed80     remote.o
 0003:00002d88       next_local_id              000000014000ed88     remote.o
 0003:00002d90       hIOCP                      000000014000ed90     remote.o
 0003:00002da0       hHeap                      000000014000eda0     runtime_lib.o
 0003:00002da8       hInput                     000000014000eda8     runtime_lib.o
 0003:00002db0       buf                        000000014000edb0     runtime_lib.o
 0003:00003db0       hOutput                    000000014000fdb0     runtime_lib.o
 0003:00003db8       frequency                  000000014000fdb8     runtime_lib.o
 0003:00003dc0       Workers                    000000014000fdc0     runtime.o
 0003:00004720       wait_list_lock             0000000140010720     runtime.o
 0003:00004728       wait_list_len              0000000140010728     runtime.o
 0003:00004730       queue_lock                 0000000140010730     runtime.o
 0003:00004738       queue_len                  0000000140010738     runtime.o
 0003:00004740       wait_list                  0000000140010740     runtime.o
 0003:000c7c40       queue                      00000001400d3c40     runtime.o
 0003:000db4c0       defined_arrays             00000001400e74c0     runtime.o
 0003:000db4c8       dwTlsIndex                 00000001400e74c8     runtime.o
 0003:000db4cd       ExPoolZeroingNativelySupported 00000001400e74cd     ws2_32:indef.obj
 0004:00000400       context                    00000001400e8400     asm.o

 entry point at         0001:00007c90

 Static symbols

 0001:00000160       GetKnownHiveHash           0000000140001160     api.o
 0001:00003640       Worker                     0000000140004640     remote.o
 0001:00003b70       ConnectionListnerWorker    0000000140004b70     remote.o
 0001:00003d30       PagesAllocator             0000000140004d30     remote.o
 0001:00003df0       StateSender                0000000140004df0     remote.o
 0001:00003e10       HandleApiCall              0000000140004e10     remote.o
 0001:00008314       .text                      0000000140009314     asm.o
 0002:00000990       BFE_GENERIC_MAPPING        000000014000a990     ws2_32:indef.obj
 0002:00000ac0       IPSEC_AUTH_TRANSFORM_ID_HMAC_MD5_96 000000014000aac0     ws2_32:indef.obj
 0002:00000ac8       IPSEC_AUTH_TRANSFORM_ID_HMAC_SHA_1_96 000000014000aac8     ws2_32:indef.obj
 0002:00000ad0       IPSEC_AUTH_TRANSFORM_ID_HMAC_SHA_256_128 000000014000aad0     ws2_32:indef.obj
 0002:00000ad8       IPSEC_AUTH_TRANSFORM_ID_GCM_AES_128 000000014000aad8     ws2_32:indef.obj
 0002:00000ae0       IPSEC_AUTH_TRANSFORM_ID_GCM_AES_192 000000014000aae0     ws2_32:indef.obj
 0002:00000ae8       IPSEC_AUTH_TRANSFORM_ID_GCM_AES_256 000000014000aae8     ws2_32:indef.obj
 0002:00000af0       IPSEC_CIPHER_TRANSFORM_ID_CBC_DES 000000014000aaf0     ws2_32:indef.obj
 0002:00000af8       IPSEC_CIPHER_TRANSFORM_ID_CBC_3DES 000000014000aaf8     ws2_32:indef.obj
 0002:00000b00       IPSEC_CIPHER_TRANSFORM_ID_AES_128 000000014000ab00     ws2_32:indef.obj
 0002:00000b08       IPSEC_CIPHER_TRANSFORM_ID_AES_192 000000014000ab08     ws2_32:indef.obj
 0002:00000b10       IPSEC_CIPHER_TRANSFORM_ID_AES_256 000000014000ab10     ws2_32:indef.obj
 0002:00000b18       IPSEC_CIPHER_TRANSFORM_ID_GCM_AES_128 000000014000ab18     ws2_32:indef.obj
 0002:00000b20       IPSEC_CIPHER_TRANSFORM_ID_GCM_AES_192 000000014000ab20     ws2_32:indef.obj
 0002:00000b28       IPSEC_CIPHER_TRANSFORM_ID_GCM_AES_256 000000014000ab28     ws2_32:indef.obj
 0003:000db4cc       WFP_TRACE_NULL_DATA        00000001400e74cc     ws2_32:indef.obj
 0004:00000000       .data                      00000001400e8000     asm.o
