 a

 Timestamp is 697179ff (Thu Jan 22 04:14:39 2026)

 Preferred load address is 0000000140000000

 Start         Length     Name                   Class
 0001:00000000 00003ce3H .text                   CODE
 0002:00000000 000000d0H .rdata                  DATA
 0003:00000000 00000010H .data                   DATA
 0003:00000010 007a5ef8H .bss                    DATA
 0004:00000000 00000740H .data                   DATA

  Address         Publics by Value              Rva+Base               Lib:Object

 0001:00000000       equal_bytes                0000000140001000     api.o
 0001:00000030       GetHashtableNoLock         0000000140001030     api.o
 0001:00000140       SetHashtableNoLock         0000000140001140     api.o
 0001:00000530       GetHashtable               0000000140001530     api.o
 0001:00000670       SetHashtable               0000000140001670     api.o
 0001:000006b0       InitInternalStructures     00000001400016b0     api.o
 0001:000007b0       PauseWorker                00000001400017b0     await_worker.o
 0001:00000810       NewObject                  0000000140001810     new_object.o
 0001:00000a50       PushObject                 0000000140001a50     push_object.o
 0001:00000ac0       QueryLocalObject           0000000140001ac0     query_object.o
 0001:00000b30       QueryObject                0000000140001b30     query_object.o
 0001:00000c20       GetConnectionById          0000000140001c20     remote.o
 0001:00000c70       ConfirmPage                0000000140001c70     remote.o
 0001:00000cd0       HandleNewConnection        0000000140001cd0     remote.o
 0001:00000e30       SendPageAllocationConfirm  0000000140001e30     remote.o
 0001:00000e90       RedirectBroadcastQuery     0000000140001e90     remote.o
 0001:00000f80       ConfirmConnection          0000000140001f80     remote.o
 0001:00001060       InitiateConnection         0000000140002060     remote.o
 0001:00001230       RequestMemoryPage          0000000140002230     remote.o
 0001:00001320       RequestObjectGet           0000000140002320     remote.o
 0001:00001340       start_remote_subsystem     0000000140002340     remote.o
 0001:00002120       memset                     0000000140003120     runtime_lib.o
 0001:00002200       myMalloc                   0000000140003200     runtime_lib.o
 0001:000022a0       myFree                     00000001400032a0     runtime_lib.o
 0001:000022b0       memcpy                     00000001400032b0     runtime_lib.o
 0001:000023d0       myAtoll                    00000001400033d0     runtime_lib.o
 0001:00002480       myScanI64                  0000000140003480     runtime_lib.o
 0001:00002540       myScanS                    0000000140003540     runtime_lib.o
 0001:000025e0       PrintI64                   00000001400035e0     runtime_lib.o
 0001:00002660       PrintI64H                  0000000140003660     runtime_lib.o
 0001:000026a0       Print2H                    00000001400036a0     runtime_lib.o
 0001:000026e0       myPrintf                   00000001400036e0     runtime_lib.o
 0001:000029e0       assertion_failure          00000001400039e0     runtime_lib.o
 0001:00002a20       init_lib                   0000000140003a20     runtime_lib.o
 0001:00002aa0       PrintObject                0000000140003aa0     runtime.o
 0001:00002ab0       WaitListWorker             0000000140003ab0     runtime.o
 0001:00002ad0       EnqueueWorkerFromWaitList  0000000140003ad0     runtime.o
 0001:00002b30       EnqueueWorker              0000000140003b30     runtime.o
 0001:00002b50       UpdateWaitingWorkers       0000000140003b50     runtime.o
 0001:00002c70       SheduleWorker              0000000140003c70     runtime.o
 0001:00002ea0       StartNewWorker             0000000140003ea0     runtime.o
 0001:00002f00       CallObject                 0000000140003f00     runtime.o
 0001:00002f90       LoadWorker                 0000000140003f90     runtime.o
 0001:00003680       entry                      0000000140004680     runtime.o
 0001:00003958       fastPushObject             0000000140004958     asm.o
 0001:00003a27       fastQueryObject            0000000140004a27     asm.o
 0001:00003b0a       fastNewObject              0000000140004b0a     asm.o
 0001:00003b83       fastCallObject             0000000140004b83     asm.o
 0001:00003bb6       ExecuteWorker              0000000140004bb6     asm.o
 0001:00003bfd       setjmpUN                   0000000140004bfd     asm.o
 0001:00003c30       longjmpUN                  0000000140004c30     asm.o
 0001:00003c59       DllCall                    0000000140004c59     asm.o
 0001:00003cf0       BCryptGenRandom            0000000140004cf0     bcrypt:bcrypt.dll
 0002:000000b8       __real@00000008            00000001400050b8     runtime.o
 0002:000000c0       in6addr_any                00000001400050c0     ws2_32:indef.obj
 0002:000000d0       ??_C@_1CC@DEIAIPBB@?$AA?4?$AA?4?$AA?1?$AA?4?$AA?4?$AA?1?$AA?4?$AA?4?$AA?1?$AAr?$AAe?$AAs?$AA?4?$AAb?$AAi?$AAn?$AA?$AA@ 00000001400050d0     runtime.o
 0002:000000f2       ??_C@_1EA@KBEMDBEM@?$AAE?$AAr?$AAr?$AAo?$AAr?$AA?3?$AA?5?$AAC?$AAo?$AAu?$AAl?$AAd?$AA?5?$AAn?$AAo?$AAt?$AA?5?$AAc?$AAo?$AAn?$AAn?$AAe?$AAc?$AAt?$AA?5?$AAt?$AAo?$AA?5?$AA?$CF?$AAs?$AA?6?$AA?$AA@ 00000001400050f2     remote.o
 0002:00000132       ??_C@_1EI@GJCCEHA@?$AAF?$AAi?$AAl?$AAe?$AA?3?$AA?5?$AA?$CF?$AAs?$AA?0?$AA?5?$AAL?$AAi?$AAn?$AAe?$AA?3?$AA?5?$AA?$CF?$AAl?$AAl?$AAd?$AA?0?$AA?5?$AAF?$AAu?$AAn?$AAc?$AAt?$AAi?$AAo?$AAn?$AA?3?$AA?5@ 0000000140005132     runtime_lib.o
 0002:0000017a       ??_C@_1CM@EJGKJCED@?$AAA?$AAs?$AAs?$AAe?$AAr?$AAt?$AAi?$AAo?$AAn?$AA?5?$AAf?$AAa?$AAi?$AAl?$AAe?$AAd?$AA?3?$AA?5?$AA?$CF?$AAs?$AA?6?$AA?$AA@ 000000014000517a     runtime_lib.o
 0002:000001a6       ??_C@_1FC@OGJDIOEJ@?$AAE?$AAr?$AAr?$AAo?$AAr?$AA?3?$AA?5?$AAc?$AAa?$AAn?$AA?8?$AAt?$AA?5?$AAo?$AAp?$AAe?$AAn?$AA?5?$AA?4?$AA?4?$AA?1?$AA?4?$AA?4?$AA?1?$AA?4?$AA?4?$AA?1?$AAr?$AAe?$AAs?$AA?4?$AAb@ 00000001400051a6     runtime.o
 0002:000001f8       ??_C@_1LA@ICLCBFDH@?$AAE?$AAr?$AAr?$AAo?$AAr?$AA?3?$AA?5?$AAA?$AAP?$AAI?$AA_?$AAA?$AAN?$AAS?$AAW?$AAE?$AAR?$AA_?$AAR?$AAE?$AAQ?$AAU?$AAE?$AAS?$AAT?$AA_?$AAC?$AAO?$AAN?$AAN?$AAE?$AAC@ 00000001400051f8     remote.o
 0002:000002a8       ??_C@_1DK@EHAPFJND@?$AAs?$AAe?$AAr?$AAv?$AAe?$AAr?$AA?5?$AAs?$AAt?$AAa?$AAr?$AAt?$AAe?$AAd?$AA?5?$AAo?$AAn?$AA?5?$AAp?$AAo?$AAr?$AAt?$AA?5?$AA?$CF?$AAl?$AAl?$AAd?$AA?6?$AA?$AA@ 00000001400052a8     remote.o
 0002:000002e2       ??_C@_1EG@JHJBOEP@?$AAG?$AAe?$AAt?$AA?5?$AAa?$AAp?$AAi?$AA?5?$AAc?$AAa?$AAl?$AAl?$AA?5?$AA?$CF?$AAl?$AAl?$AAd?$AA?5?$AAo?$AAf?$AA?5?$AAl?$AAe?$AAn?$AAg?$AAt?$AAh?$AA?3?$AA?5?$AA?$CF?$AAl?$AAl@ 00000001400052e2     remote.o
 0002:00000328       ??_C@_1HI@GNCDLKLI@?$AAE?$AAr?$AAr?$AAo?$AAr?$AA?3?$AA?5?$AAr?$AAu?$AAn?$AAt?$AAi?$AAm?$AAe?$AA?5?$AAd?$AAo?$AAe?$AAs?$AAn?$AA?8?$AAt?$AA?5?$AAs?$AAu?$AAp?$AAp?$AAo?$AAr?$AAt?$AA?5?$AAs@ 0000000140005328     runtime.o
 0002:000003a0       ??_C@_1JC@NNCBABAM@?$AAA?$AAS?$AAS?$AAE?$AAR?$AAT?$AA?5?$AAE?$AAR?$AAR?$AAO?$AAR?$AA?3?$AA?5?$AAb?$AAr?$AAo?$AAa?$AAd?$AAc?$AAa?$AAs?$AAt?$AA?9?$AA?$DO?$AAl?$AAo?$AAc?$AAa?$AAl?$AA_?$AAr@ 00000001400053a0     remote.o
 0002:00000432       ??_C@_1CC@CNFLNLEB@?$AAN?$AAO?$AAT?$AA?5?$AAI?$AAM?$AAP?$AAL?$AAE?$AAM?$AAE?$AAN?$AAT?$AAE?$AAD?$AA?6?$AA?$AA@ 0000000140005432     remote.o
 0002:00000454       ??_C@_1FG@DPFHIKFA@?$AA?$CB?$AA?$CB?$AA?$CB?$AAA?$AAL?$AAL?$AA?5?$AAE?$AAX?$AAI?$AAS?$AAT?$AAI?$AAN?$AAG?$AA?5?$AAW?$AAO?$AAR?$AAK?$AAE?$AAR?$AAS?$AA?5?$AAA?$AAR?$AAE?$AA?5?$AAD?$AAE?$AAA?$AAD@ 0000000140005454     runtime.o
 0002:00000640       __imp_AcquireSRWLockExclusive 0000000140005640     kernel32:KERNEL32.dll
 0002:00000648       __imp_AcquireSRWLockShared 0000000140005648     kernel32:KERNEL32.dll
 0002:00000650       __imp_CloseHandle          0000000140005650     kernel32:KERNEL32.dll
 0002:00000658       __imp_CreateFileW          0000000140005658     kernel32:KERNEL32.dll
 0002:00000660       __imp_CreateIoCompletionPort 0000000140005660     kernel32:KERNEL32.dll
 0002:00000668       __imp_CreateThread         0000000140005668     kernel32:KERNEL32.dll
 0002:00000670       __imp_ExitProcess          0000000140005670     kernel32:KERNEL32.dll
 0002:00000678       __imp_GetFileSizeEx        0000000140005678     kernel32:KERNEL32.dll
 0002:00000680       __imp_GetProcAddress       0000000140005680     kernel32:KERNEL32.dll
 0002:00000688       __imp_GetQueuedCompletionStatus 0000000140005688     kernel32:KERNEL32.dll
 0002:00000690       __imp_GetStdHandle         0000000140005690     kernel32:KERNEL32.dll
 0002:00000698       __imp_LoadLibraryA         0000000140005698     kernel32:KERNEL32.dll
 0002:000006a0       __imp_MultiByteToWideChar  00000001400056a0     kernel32:KERNEL32.dll
 0002:000006a8       __imp_ReadConsoleW         00000001400056a8     kernel32:KERNEL32.dll
 0002:000006b0       __imp_ReadFile             00000001400056b0     kernel32:KERNEL32.dll
 0002:000006b8       __imp_ReleaseSRWLockExclusive 00000001400056b8     kernel32:KERNEL32.dll
 0002:000006c0       __imp_ReleaseSRWLockShared 00000001400056c0     kernel32:KERNEL32.dll
 0002:000006c8       __imp_Sleep                00000001400056c8     kernel32:KERNEL32.dll
 0002:000006d0       __imp_VirtualAlloc         00000001400056d0     kernel32:KERNEL32.dll
 0002:000006d8       __imp_WriteConsoleW        00000001400056d8     kernel32:KERNEL32.dll
 0002:000006e8       __imp_BCryptGenRandom      00000001400056e8     bcrypt:bcrypt.dll
 0002:000006f8       __imp_WSACleanup           00000001400056f8     ws2_32:WS2_32.dll
 0002:00000700       __imp_WSARecv              0000000140005700     ws2_32:WS2_32.dll
 0002:00000708       __imp_WSAStartup           0000000140005708     ws2_32:WS2_32.dll
 0002:00000710       __imp_accept               0000000140005710     ws2_32:WS2_32.dll
 0002:00000718       __imp_bind                 0000000140005718     ws2_32:WS2_32.dll
 0002:00000720       __imp_closesocket          0000000140005720     ws2_32:WS2_32.dll
 0002:00000728       __imp_connect              0000000140005728     ws2_32:WS2_32.dll
 0002:00000730       __imp_freeaddrinfo         0000000140005730     ws2_32:WS2_32.dll
 0002:00000738       __imp_getaddrinfo          0000000140005738     ws2_32:WS2_32.dll
 0002:00000740       __imp_getsockname          0000000140005740     ws2_32:WS2_32.dll
 0002:00000748       __imp_htons                0000000140005748     ws2_32:WS2_32.dll
 0002:00000750       __imp_listen               0000000140005750     ws2_32:WS2_32.dll
 0002:00000758       __imp_ntohs                0000000140005758     ws2_32:WS2_32.dll
 0002:00000760       __imp_send                 0000000140005760     ws2_32:WS2_32.dll
 0002:00000768       __imp_setsockopt           0000000140005768     ws2_32:WS2_32.dll
 0002:00000770       __imp_socket               0000000140005770     ws2_32:WS2_32.dll
 0003:00000000       server_port                0000000140006000     remote.o
 0003:00000008       runningId                  0000000140006008     runtime.o
 0003:00000010       connections_lock           0000000140006010     api.o
 0003:00000018       connections_len            0000000140006018     api.o
 0003:00000020       pages_lock                 0000000140006020     api.o
 0003:00000028       pages_len                  0000000140006028     api.o
 0003:00000030       known_broadcasts           0000000140006030     api.o
 0003:00000050       known_hives                0000000140006050     api.o
 0003:00000070       local_objects              0000000140006070     api.o
 0003:00000090       known_objects              0000000140006090     api.o
 0003:000000b0       connections                00000001400060b0     api.o
 0003:000020b0       pages                      00000001400080b0     api.o
 0003:00002cb0       next_local_id              0000000140008cb0     remote.o
 0003:00002cb8       hIOCP                      0000000140008cb8     remote.o
 0003:00002cc0       data_buffer_end            0000000140008cc0     runtime_lib.o
 0003:00002cc8       data_buffer                0000000140008cc8     runtime_lib.o
 0003:00002cd0       commited                   0000000140008cd0     runtime_lib.o
 0003:00002cd8       hInput                     0000000140008cd8     runtime_lib.o
 0003:00002ce0       buf                        0000000140008ce0     runtime_lib.o
 0003:00003ce0       hOutput                    0000000140009ce0     runtime_lib.o
 0003:00003cf0       Workers                    0000000140009cf0     runtime.o
 0003:00004650       object_array               000000014000a650     runtime.o
 0003:007a5850       object_array_len           00000001407ab850     runtime.o
 0003:007a5858       wait_list_len              00000001407ab858     runtime.o
 0003:007a5860       queue_len                  00000001407ab860     runtime.o
 0003:007a5870       wait_list                  00000001407ab870     runtime.o
 0003:007a5b90       queue                      00000001407abb90     runtime.o
 0003:007a5eb0       ShedulerBuffer             00000001407abeb0     runtime.o
 0003:007a5f00       defined_arrays             00000001407abf00     runtime.o
 0004:00000400       context                    00000001407ac400     asm.o

 entry point at         0001:00003680

 Static symbols

 0001:00001400       Worker                     0000000140002400     remote.o
 0001:00001bb0       ConnectionListnerWorker    0000000140002bb0     remote.o
 0001:00001eb0       PagesAllocator             0000000140002eb0     remote.o
 0001:00003958       .text                      0000000140004958     asm.o
 0001:00003980       .text                      0000000140004980     asm.o
 0001:00003a60       .text                      0000000140004a60     asm.o
 0004:00000000       .data                      00000001407ac000     asm.o
 0004:000006c0       .data                      00000001407ac6c0     asm.o
 0004:00000700       .data                      00000001407ac700     asm.o
