 a

 Timestamp is 69784aa0 (Tue Jan 27 08:18:24 2026)

 Preferred load address is 0000000140000000

 Start         Length     Name                   Class
 0001:00000000 00007306H .text                   CODE
 0002:00000000 00000ae0H .rdata                  DATA
 0003:00000000 00000034H .data                   DATA
 0003:00000040 0002b81aH .bss                    DATA
 0004:00000000 000006a2H .data                   DATA

  Address         Publics by Value              Rva+Base               Lib:Object

 0001:00000000       equal_bytes                0000000140001000     api.o
 0001:00000090       GetHashtableNoLock         0000000140001090     api.o
 0001:000001c0       SetHashtableNoLock         00000001400011c0     api.o
 0001:000004c0       GetHashtable               00000001400014c0     api.o
 0001:00000520       SetHashtable               0000000140001520     api.o
 0001:00000570       InitInternalStructures     0000000140001570     api.o
 0001:00000800       PauseWorker                0000000140001800     await_worker.o
 0001:00000890       RegisterObjectWithId       0000000140001890     new_object.o
 0001:000008c0       NewObjectUsingPage         00000001400018c0     new_object.o
 0001:00000b90       GetNewObjectId             0000000140001b90     new_object.o
 0001:00000c80       NewObject                  0000000140001c80     new_object.o
 0001:00000d60       UpdateLocalPush            0000000140001d60     push_object.o
 0001:00000e30       PushObject                 0000000140001e30     push_object.o
 0001:00001020       UpdateFromQueryResult      0000000140002020     query_object.o
 0001:000010a0       QueryLocalObject           00000001400020a0     query_object.o
 0001:00001200       QueryObject                0000000140002200     query_object.o
 0001:00001380       GetConnectionById          0000000140002380     remote.o
 0001:00001410       ConfirmPage                0000000140002410     remote.o
 0001:000014a0       HandleNewConnection        00000001400024a0     remote.o
 0001:00001680       UpdateWaitingPush          0000000140002680     remote.o
 0001:00001900       AnswerPushObject           0000000140002900     remote.o
 0001:000019c0       SendPageAllocationConfirm  00000001400029c0     remote.o
 0001:00001a40       RedirectBroadcastQuery     0000000140002a40     remote.o
 0001:00001ba0       ConfirmConnection          0000000140002ba0     remote.o
 0001:00001d10       InitiateConnection         0000000140002d10     remote.o
 0001:00002030       RequestMemoryPage          0000000140003030     remote.o
 0001:00002120       AnswerQueryObject          0000000140003120     remote.o
 0001:00002220       AnswerRequestObjectPath    0000000140003220     remote.o
 0001:00002340       RequestObjectPathBroadcast 0000000140003340     remote.o
 0001:00002530       RequestObjectGet           0000000140003530     remote.o
 0001:00002640       RequestObjectSet           0000000140003640     remote.o
 0001:000027f0       StartNewWorkerRemote       00000001400037f0     remote.o
 0001:000028e0       SendHiveState              00000001400038e0     remote.o
 0001:00002a90       start_remote_subsystem     0000000140003a90     remote.o
 0001:00004840       memset                     0000000140005840     runtime_lib.o
 0001:000048a0       memcpy                     00000001400058a0     runtime_lib.o
 0001:00004910       myMalloc                   0000000140005910     runtime_lib.o
 0001:00004960       myPrintf                   0000000140005960     runtime_lib.o
 0001:00004c90       myFree                     0000000140005c90     runtime_lib.o
 0001:00004cd0       myAtoll                    0000000140005cd0     runtime_lib.o
 0001:00004e10       get_char                   0000000140005e10     runtime_lib.o
 0001:00004ef0       myScanI64                  0000000140005ef0     runtime_lib.o
 0001:00004f80       myScanS                    0000000140005f80     runtime_lib.o
 0001:00005080       PrintI64                   0000000140006080     runtime_lib.o
 0001:00005150       PrintI64H                  0000000140006150     runtime_lib.o
 0001:000051f0       Print2H                    00000001400061f0     runtime_lib.o
 0001:00005290       assertion_failure          0000000140006290     runtime_lib.o
 0001:000052e0       myAbs                      00000001400062e0     runtime_lib.o
 0001:00005310       MicrosecondsToTicks        0000000140006310     runtime_lib.o
 0001:00005330       TicksToMicroseconds        0000000140006330     runtime_lib.o
 0001:00005350       GetTicks                   0000000140006350     runtime_lib.o
 0001:00005370       SheduleTimeoutFromNow      0000000140006370     runtime_lib.o
 0001:000053b0       init_lib                   00000001400063b0     runtime_lib.o
 0001:00005400       PrintObject                0000000140006400     runtime.o
 0001:00005510       WaitListWorker             0000000140006510     runtime.o
 0001:000055e0       EnqueueWorkerFromWaitList  00000001400065e0     runtime.o
 0001:00005670       EnqueueWorker              0000000140006670     runtime.o
 0001:000056c0       UpdateWaitingWorkers       00000001400066c0     runtime.o
 0001:000059f0       SheduleWorker              00000001400069f0     runtime.o
 0001:00005e00       StartNewWorker             0000000140006e00     runtime.o
 0001:000060c0       CallObject                 00000001400070c0     runtime.o
 0001:00006130       LoadWorker                 0000000140007130     runtime.o
 0001:00006ac0       entry                      0000000140007ac0     runtime.o
 0001:00007028       fastPushObject             0000000140008028     asm.o
 0001:000070a9       fastQueryObject            00000001400080a9     asm.o
 0001:0000712d       fastNewObject              000000014000812d     asm.o
 0001:000071a6       fastCallObject             00000001400081a6     asm.o
 0001:000071d9       ExecuteWorker              00000001400081d9     asm.o
 0001:00007220       setjmpUN                   0000000140008220     asm.o
 0001:00007253       longjmpUN                  0000000140008253     asm.o
 0001:0000727c       DllCall                    000000014000827c     asm.o
 0001:00007310       CommandLineToArgvW         0000000140008310     shell32:SHELL32.dll
 0001:00007320       AcquireSRWLockExclusive    0000000140008320     kernel32:KERNEL32.dll
 0001:00007330       AcquireSRWLockShared       0000000140008330     kernel32:KERNEL32.dll
 0001:00007340       CloseHandle                0000000140008340     kernel32:KERNEL32.dll
 0001:00007350       CreateFileW                0000000140008350     kernel32:KERNEL32.dll
 0001:00007360       CreateIoCompletionPort     0000000140008360     kernel32:KERNEL32.dll
 0001:00007370       CreateThread               0000000140008370     kernel32:KERNEL32.dll
 0001:00007380       ExitProcess                0000000140008380     kernel32:KERNEL32.dll
 0001:00007390       GetCommandLineW            0000000140008390     kernel32:KERNEL32.dll
 0001:000073a0       GetConsoleMode             00000001400083a0     kernel32:KERNEL32.dll
 0001:000073b0       GetFileSizeEx              00000001400083b0     kernel32:KERNEL32.dll
 0001:000073c0       GetLastError               00000001400083c0     kernel32:KERNEL32.dll
 0001:000073d0       GetProcAddress             00000001400083d0     kernel32:KERNEL32.dll
 0001:000073e0       GetProcessHeap             00000001400083e0     kernel32:KERNEL32.dll
 0001:000073f0       GetQueuedCompletionStatus  00000001400083f0     kernel32:KERNEL32.dll
 0001:00007400       GetStdHandle               0000000140008400     kernel32:KERNEL32.dll
 0001:00007410       HeapAlloc                  0000000140008410     kernel32:KERNEL32.dll
 0001:00007420       HeapFree                   0000000140008420     kernel32:KERNEL32.dll
 0001:00007430       LoadLibraryA               0000000140008430     kernel32:KERNEL32.dll
 0001:00007440       MultiByteToWideChar        0000000140008440     kernel32:KERNEL32.dll
 0001:00007450       QueryPerformanceCounter    0000000140008450     kernel32:KERNEL32.dll
 0001:00007460       QueryPerformanceFrequency  0000000140008460     kernel32:KERNEL32.dll
 0001:00007470       ReadConsoleW               0000000140008470     kernel32:KERNEL32.dll
 0001:00007480       ReadFile                   0000000140008480     kernel32:KERNEL32.dll
 0001:00007490       ReleaseSRWLockExclusive    0000000140008490     kernel32:KERNEL32.dll
 0001:000074a0       ReleaseSRWLockShared       00000001400084a0     kernel32:KERNEL32.dll
 0001:000074b0       Sleep                      00000001400084b0     kernel32:KERNEL32.dll
 0001:000074c0       VirtualAlloc               00000001400084c0     kernel32:KERNEL32.dll
 0001:000074d0       WriteConsoleW              00000001400084d0     kernel32:KERNEL32.dll
 0001:000074e0       BCryptGenRandom            00000001400084e0     bcrypt:bcrypt.dll
 0001:000074f0       WSARecv                    00000001400084f0     ws2_32:WS2_32.dll
 0001:00007500       WSAStartup                 0000000140008500     ws2_32:WS2_32.dll
 0001:00007510       accept                     0000000140008510     ws2_32:WS2_32.dll
 0001:00007520       bind                       0000000140008520     ws2_32:WS2_32.dll
 0001:00007530       closesocket                0000000140008530     ws2_32:WS2_32.dll
 0001:00007540       connect                    0000000140008540     ws2_32:WS2_32.dll
 0001:00007550       freeaddrinfo               0000000140008550     ws2_32:WS2_32.dll
 0001:00007560       getaddrinfo                0000000140008560     ws2_32:WS2_32.dll
 0001:00007570       getsockname                0000000140008570     ws2_32:WS2_32.dll
 0001:00007580       htons                      0000000140008580     ws2_32:WS2_32.dll
 0001:00007590       listen                     0000000140008590     ws2_32:WS2_32.dll
 0001:000075a0       ntohs                      00000001400085a0     ws2_32:WS2_32.dll
 0001:000075b0       send                       00000001400085b0     ws2_32:WS2_32.dll
 0001:000075c0       setsockopt                 00000001400085c0     ws2_32:WS2_32.dll
 0001:000075d0       socket                     00000001400085d0     ws2_32:WS2_32.dll
 0002:000000e0       ??_C@_1FK@FPKJOMKP@?$AAE?$AAr?$AAr?$AAo?$AAr?$AA?3?$AA?5?$AAC?$AAo?$AAu?$AAl?$AAd?$AA?5?$AAn?$AAo?$AAt?$AA?5?$AAc?$AAo?$AAn?$AAn?$AAe?$AAc?$AAt?$AA?5?$AAt?$AAo?$AA?5?$AA?$CF?$AAs?$AA?5?$AA?$FL@ 00000001400090e0     remote.o
 0002:0000013a       ??_C@_1CK@IMAGNILG@?$AAC?$AAo?$AAn?$AAf?$AAi?$AAr?$AAm?$AAe?$AAd?$AA?5?$AAp?$AAo?$AAr?$AAt?$AA?$DN?$AA?$CF?$AAl?$AAl?$AAd?$AA?6?$AA?$AA@ 000000014000913a     remote.o
 0002:00000164       ??_C@_1DG@NNMMEGKD@?$AAS?$AAe?$AAl?$AAe?$AAc?$AAt?$AAe?$AAd?$AA?5?$AAc?$AAo?$AAn?$AAn?$AAe?$AAc?$AAt?$AA?5?$AAc?$AAo?$AAm?$AAm?$AAa?$AAn?$AAd?$AA?4?$AA?6?$AA?$AA@ 0000000140009164     remote.o
 0002:0000019a       ??_C@_1CI@KPENLAE@?$AAE?$AAn?$AAt?$AAe?$AAr?$AA?5?$AAI?$AAP?$AA?5?$AAa?$AAn?$AAd?$AA?5?$AAP?$AAO?$AAR?$AAT?$AA?4?$AA?6?$AA?$AA@ 000000014000919a     remote.o
 0002:000001c2       ??_C@_1EG@CAHECGOL@?$AAT?$AAr?$AAy?$AAi?$AAn?$AAg?$AA?5?$AAt?$AAo?$AA?5?$AAc?$AAo?$AAn?$AAn?$AAe?$AAc?$AAt?$AA?5?$AAt?$AAo?$AA?5?$AA?$FL?$AA?$CF?$AAs?$AA?$FN?$AA?5?$AA?$FL?$AA?$CF?$AAs?$AA?$FN?$AA?4?$AA?4@ 00000001400091c2     remote.o
 0002:00000208       ??_C@_1DG@GLOHHOJG@?$AAT?$AAe?$AAm?$AAp?$AAo?$AAr?$AAa?$AAr?$AAy?$AA?5?$AAl?$AAo?$AAc?$AAa?$AAl?$AA_?$AAi?$AAd?$AA?5?$AA?$DN?$AA?5?$AA?$CF?$AAl?$AAl?$AAd?$AA?6?$AA?$AA@ 0000000140009208     remote.o
 0002:0000023e       ??_C@_1DC@MOJEJJIM@?$AAC?$AAo?$AAn?$AAf?$AAi?$AAg?$AAu?$AAr?$AAa?$AAt?$AAi?$AAo?$AAn?$AA?5?$AAc?$AAo?$AAn?$AAf?$AAi?$AAr?$AAm?$AAe?$AAd?$AA?6?$AA?$AA@ 000000014000923e     remote.o
 0002:00000270       ??_C@_1DM@PKIKMHMJ@?$AA?$FL?$AAN?$AAE?$AAT?$AAW?$AAO?$AAR?$AAK?$AA?$FN?$AA?3?$AA?5?$AAP?$AAe?$AAe?$AAr?$AA?5?$AAd?$AAi?$AAs?$AAc?$AAo?$AAn?$AAn?$AAe?$AAc?$AAt?$AAe?$AAd?$AA?6?$AA?$AA@ 0000000140009270     remote.o
 0002:000002ac       ??_C@_1CO@OOHNIMCC@?$AAc?$AAl?$AAo?$AAs?$AAi?$AAn?$AAg?$AA?5?$AAc?$AAo?$AAn?$AAn?$AAe?$AAc?$AAt?$AAi?$AAo?$AAn?$AA?4?$AA?4?$AA?4?$AA?6?$AA?$AA@ 00000001400092ac     remote.o
 0002:000002da       ??_C@_1LA@ICLCBFDH@?$AAE?$AAr?$AAr?$AAo?$AAr?$AA?3?$AA?5?$AAA?$AAP?$AAI?$AA_?$AAA?$AAN?$AAS?$AAW?$AAE?$AAR?$AA_?$AAR?$AAE?$AAQ?$AAU?$AAE?$AAS?$AAT?$AA_?$AAC?$AAO?$AAN?$AAN?$AAE?$AAC@ 00000001400092da     remote.o
 0002:0000038a       ??_C@_1DK@EHAPFJND@?$AAs?$AAe?$AAr?$AAv?$AAe?$AAr?$AA?5?$AAs?$AAt?$AAa?$AAr?$AAt?$AAe?$AAd?$AA?5?$AAo?$AAn?$AA?5?$AAp?$AAo?$AAr?$AAt?$AA?5?$AA?$CF?$AAl?$AAl?$AAd?$AA?6?$AA?$AA@ 000000014000938a     remote.o
 0002:000003c4       ??_C@_1FA@MICONLJJ@?$AAE?$AAr?$AAr?$AAo?$AAr?$AA?3?$AA?5?$AAf?$AAa?$AAi?$AAl?$AAe?$AAd?$AA?5?$AAt?$AAo?$AA?5?$AAa?$AAl?$AAl?$AAo?$AAc?$AAa?$AAt?$AAe?$AA?5?$AAm?$AAe?$AAm?$AAo?$AAr?$AAy@ 00000001400093c4     runtime_lib.o
 0002:00000414       ??_C@_1EI@DJFGOBAG@?$AAE?$AAr?$AAr?$AAo?$AAr?$AA?3?$AA?5?$AAf?$AAa?$AAi?$AAl?$AAe?$AAd?$AA?5?$AAt?$AAo?$AA?5?$AAf?$AAr?$AAe?$AAe?$AA?5?$AAm?$AAe?$AAm?$AAo?$AAr?$AAy?$AA?3?$AA?5?$AA?$CF?$AAl@ 0000000140009414     runtime_lib.o
 0002:0000045c       ??_C@_1CM@EJGKJCED@?$AAA?$AAs?$AAs?$AAe?$AAr?$AAt?$AAi?$AAo?$AAn?$AA?5?$AAf?$AAa?$AAi?$AAl?$AAe?$AAd?$AA?3?$AA?5?$AA?$CF?$AAs?$AA?6?$AA?$AA@ 000000014000945c     runtime_lib.o
 0002:00000488       ??_C@_1EI@GJCCEHA@?$AAF?$AAi?$AAl?$AAe?$AA?3?$AA?5?$AA?$CF?$AAs?$AA?0?$AA?5?$AAL?$AAi?$AAn?$AAe?$AA?3?$AA?5?$AA?$CF?$AAl?$AAl?$AAd?$AA?0?$AA?5?$AAF?$AAu?$AAn?$AAc?$AAt?$AAi?$AAo?$AAn?$AA?3?$AA?5@ 0000000140009488     runtime_lib.o
 0002:00000538       ??_C@_1DO@IALLLPBG@?$AAN?$AAO?$AAT?$AA?5?$AAI?$AAM?$AAP?$AAL?$AAE?$AAM?$AAE?$AAN?$AAT?$AAE?$AAD?$AA?5?$AAW?$AAA?$AAI?$AAT?$AAI?$AAN?$AAG?$AA_?$AAT?$AAI?$AAM?$AAE?$AAR?$AA?6?$AA?$AA@ 0000000140009538     runtime.o
 0002:00000576       ??_C@_1FA@DIAFPFCK@?$AAW?$AAa?$AAi?$AAt?$AA?$HM?$AAQ?$AAu?$AAe?$AAu?$AAe?$AAd?$AA?5?$AA?$CF?$AAl?$AAl?$AAd?$AA?$HM?$AA?$CF?$AAl?$AAl?$AAd?$AA?5?$AA?$FL?$AA?$CF?$AAl?$AAl?$AAd?$AA?5?$AAc?$AAo?$AAm?$AAp@ 0000000140009576     runtime.o
 0002:000005c6       ??_C@_1HI@GNCDLKLI@?$AAE?$AAr?$AAr?$AAo?$AAr?$AA?3?$AA?5?$AAr?$AAu?$AAn?$AAt?$AAi?$AAm?$AAe?$AA?5?$AAd?$AAo?$AAe?$AAs?$AAn?$AA?8?$AAt?$AA?5?$AAs?$AAu?$AAp?$AAp?$AAo?$AAr?$AAt?$AA?5?$AAs@ 00000001400095c6     runtime.o
 0002:0000063e       ??_C@_1CC@DEIAIPBB@?$AA?4?$AA?4?$AA?1?$AA?4?$AA?4?$AA?1?$AA?4?$AA?4?$AA?1?$AAr?$AAe?$AAs?$AA?4?$AAb?$AAi?$AAn?$AA?$AA@ 000000014000963e     runtime.o
 0002:00000660       ??_C@_1FC@OGJDIOEJ@?$AAE?$AAr?$AAr?$AAo?$AAr?$AA?3?$AA?5?$AAc?$AAa?$AAn?$AA?8?$AAt?$AA?5?$AAo?$AAp?$AAe?$AAn?$AA?5?$AA?4?$AA?4?$AA?1?$AA?4?$AA?4?$AA?1?$AA?4?$AA?4?$AA?1?$AAr?$AAe?$AAs?$AA?4?$AAb@ 0000000140009660     runtime.o
 0002:000006b2       ??_C@_1DM@FEOJJAHB@?$AAS?$AAt?$AAa?$AAr?$AAt?$AAi?$AAn?$AAg?$AA?5?$AAw?$AAi?$AAt?$AAh?$AAo?$AAu?$AAt?$AA?5?$AAa?$AAn?$AAy?$AA?5?$AAw?$AAo?$AAr?$AAk?$AAe?$AAr?$AAs?$AA?6?$AA?$AA@ 00000001400096b2     runtime.o
 0002:000006ee       ??_C@_1CO@DCKAPNAK@?$AAw?$AAa?$AAi?$AAt?$AAi?$AAn?$AAg?$AA?5?$AAs?$AAt?$AAa?$AAr?$AAt?$AAu?$AAp?$AA?5?$AAp?$AAa?$AAg?$AAe?$AAs?$AA?6?$AA?$AA@ 00000001400096ee     runtime.o
 0002:0000071c       ??_C@_1EI@OLFKDNEP@?$AAE?$AAr?$AAr?$AAo?$AAr?$AA?3?$AA?5?$AAa?$AAl?$AAl?$AAo?$AAc?$AAa?$AAt?$AAe?$AAd?$AA?5?$AAa?$AAr?$AAr?$AAa?$AAy?$AA?5?$AAi?$AAs?$AAn?$AA?8?$AAt?$AA?5?$AAl?$AAo?$AAc@ 000000014000971c     runtime.o
 0002:00000764       ??_C@_1BI@KEMCAKCM@?$AAR?$AAu?$AAn?$AAn?$AAi?$AAn?$AAg?$AA?4?$AA?4?$AA?4?$AA?6?$AA?$AA@ 0000000140009764     runtime.o
 0002:0000077c       ??_C@_1FO@OMEBAELN@?$AA?$CB?$AA?$CB?$AA?$CB?$AAT?$AAh?$AAe?$AAr?$AAe?$AA?5?$AAi?$AAs?$AA?5?$AA?$CF?$AAl?$AAl?$AAd?$AA?5?$AAm?$AAo?$AAr?$AAe?$AA?5?$AAw?$AAo?$AAr?$AAk?$AAe?$AAr?$AAs?$AA?5?$AAi?$AAn@ 000000014000977c     runtime.o
 0002:000007da       ??_C@_1CE@FBEJGOMB@?$AAP?$AAr?$AAo?$AAg?$AAr?$AAa?$AAm?$AA?5?$AAf?$AAi?$AAn?$AAi?$AAs?$AAh?$AAe?$AAd?$AA?6?$AA?$AA@ 00000001400097da     runtime.o
 0002:000007fe       ??_C@_1EK@FDFELEEK@?$AAR?$AAe?$AAs?$AAu?$AAl?$AAt?$AA?5?$AAp?$AAr?$AAo?$AAm?$AAi?$AAs?$AAe?$AA?5?$AAn?$AAo?$AAt?$AA?5?$AAf?$AAo?$AAu?$AAn?$AAd?$AA?5?$AAo?$AAn?$AA?5?$AAm?$AAa?$AAc?$AAh@ 00000001400097fe     runtime.o
 0002:00000848       ??_C@_1DO@BFPIHEIA@?$AAP?$AAr?$AAo?$AAg?$AAr?$AAa?$AAm?$AA?5?$AAe?$AAx?$AAi?$AAt?$AAe?$AAd?$AA?5?$AAw?$AAi?$AAt?$AAh?$AA?5?$AAc?$AAo?$AAd?$AAe?$AA?5?$AA?$CF?$AAl?$AAl?$AAx?$AA?6?$AA?$AA@ 0000000140009848     runtime.o
 0002:00000886       ??_C@_1GO@CEANDIOF@?$AAR?$AAe?$AAs?$AAu?$AAl?$AAt?$AA?5?$AAo?$AAf?$AA?5?$AAm?$AAa?$AAi?$AAn?$AA?5?$AAf?$AAu?$AAn?$AAc?$AAt?$AAi?$AAo?$AAn?$AA?5?$AAi?$AAs?$AAn?$AA?8?$AAt?$AA?5?$AAr?$AAe@ 0000000140009886     runtime.o
 0002:000008f8       RtlNtPathSeperatorString   00000001400098f8     ws2_32:indef.obj
 0002:00000908       ??_C@_13FPGAJAPJ@?$AA?2@   0000000140009908     ws2_32:indef.obj
 0002:00000910       RtlDosPathSeperatorsString 0000000140009910     ws2_32:indef.obj
 0002:00000920       ??_C@_15MNCACJLI@?$AA?2?$AA?1@ 0000000140009920     ws2_32:indef.obj
 0002:00000928       RtlAlternateDosPathSeperatorString 0000000140009928     ws2_32:indef.obj
 0002:00000938       ??_C@_13CGOKJPIL@?$AA?1@   0000000140009938     ws2_32:indef.obj
 0002:00000950       eui48_broadcast            0000000140009950     ws2_32:indef.obj
 0002:00000958       scopeid_unspecified        0000000140009958     ws2_32:indef.obj
 0002:0000095c       in4addr_any                000000014000995c     ws2_32:indef.obj
 0002:00000960       in4addr_loopback           0000000140009960     ws2_32:indef.obj
 0002:00000964       in4addr_broadcast          0000000140009964     ws2_32:indef.obj
 0002:00000968       in4addr_allnodesonlink     0000000140009968     ws2_32:indef.obj
 0002:0000096c       in4addr_allroutersonlink   000000014000996c     ws2_32:indef.obj
 0002:00000970       in4addr_alligmpv3routersonlink 0000000140009970     ws2_32:indef.obj
 0002:00000974       in4addr_allteredohostsonlink 0000000140009974     ws2_32:indef.obj
 0002:00000978       in4addr_linklocalprefix    0000000140009978     ws2_32:indef.obj
 0002:0000097c       in4addr_multicastprefix    000000014000997c     ws2_32:indef.obj
 0002:00000980       in6addr_any                0000000140009980     ws2_32:indef.obj
 0002:00000990       in6addr_loopback           0000000140009990     ws2_32:indef.obj
 0002:000009a0       in6addr_allnodesonnode     00000001400099a0     ws2_32:indef.obj
 0002:000009b0       in6addr_allnodesonlink     00000001400099b0     ws2_32:indef.obj
 0002:000009c0       in6addr_allroutersonlink   00000001400099c0     ws2_32:indef.obj
 0002:000009d0       in6addr_allmldv2routersonlink 00000001400099d0     ws2_32:indef.obj
 0002:000009e0       in6addr_teredoinitiallinklocaladdress 00000001400099e0     ws2_32:indef.obj
 0002:000009f0       in6addr_linklocalprefix    00000001400099f0     ws2_32:indef.obj
 0002:00000a00       in6addr_multicastprefix    0000000140009a00     ws2_32:indef.obj
 0002:00000a10       in6addr_solicitednodemulticastprefix 0000000140009a10     ws2_32:indef.obj
 0002:00000a20       in6addr_v4mappedprefix     0000000140009a20     ws2_32:indef.obj
 0002:00000a30       in6addr_6to4prefix         0000000140009a30     ws2_32:indef.obj
 0002:00000a40       in6addr_teredoprefix       0000000140009a40     ws2_32:indef.obj
 0002:00000a50       in6addr_teredoprefix_old   0000000140009a50     ws2_32:indef.obj
 0002:00000a60       BUGCHECK_EFI_GUID          0000000140009a60     ws2_32:indef.obj
 0002:00000d30       __imp_CommandLineToArgvW   0000000140009d30     shell32:SHELL32.dll
 0002:00000d40       __imp_AcquireSRWLockExclusive 0000000140009d40     kernel32:KERNEL32.dll
 0002:00000d48       __imp_AcquireSRWLockShared 0000000140009d48     kernel32:KERNEL32.dll
 0002:00000d50       __imp_CloseHandle          0000000140009d50     kernel32:KERNEL32.dll
 0002:00000d58       __imp_CreateFileW          0000000140009d58     kernel32:KERNEL32.dll
 0002:00000d60       __imp_CreateIoCompletionPort 0000000140009d60     kernel32:KERNEL32.dll
 0002:00000d68       __imp_CreateThread         0000000140009d68     kernel32:KERNEL32.dll
 0002:00000d70       __imp_ExitProcess          0000000140009d70     kernel32:KERNEL32.dll
 0002:00000d78       __imp_GetCommandLineW      0000000140009d78     kernel32:KERNEL32.dll
 0002:00000d80       __imp_GetConsoleMode       0000000140009d80     kernel32:KERNEL32.dll
 0002:00000d88       __imp_GetFileSizeEx        0000000140009d88     kernel32:KERNEL32.dll
 0002:00000d90       __imp_GetLastError         0000000140009d90     kernel32:KERNEL32.dll
 0002:00000d98       __imp_GetProcAddress       0000000140009d98     kernel32:KERNEL32.dll
 0002:00000da0       __imp_GetProcessHeap       0000000140009da0     kernel32:KERNEL32.dll
 0002:00000da8       __imp_GetQueuedCompletionStatus 0000000140009da8     kernel32:KERNEL32.dll
 0002:00000db0       __imp_GetStdHandle         0000000140009db0     kernel32:KERNEL32.dll
 0002:00000db8       __imp_HeapAlloc            0000000140009db8     kernel32:KERNEL32.dll
 0002:00000dc0       __imp_HeapFree             0000000140009dc0     kernel32:KERNEL32.dll
 0002:00000dc8       __imp_LoadLibraryA         0000000140009dc8     kernel32:KERNEL32.dll
 0002:00000dd0       __imp_MultiByteToWideChar  0000000140009dd0     kernel32:KERNEL32.dll
 0002:00000dd8       __imp_QueryPerformanceCounter 0000000140009dd8     kernel32:KERNEL32.dll
 0002:00000de0       __imp_QueryPerformanceFrequency 0000000140009de0     kernel32:KERNEL32.dll
 0002:00000de8       __imp_ReadConsoleW         0000000140009de8     kernel32:KERNEL32.dll
 0002:00000df0       __imp_ReadFile             0000000140009df0     kernel32:KERNEL32.dll
 0002:00000df8       __imp_ReleaseSRWLockExclusive 0000000140009df8     kernel32:KERNEL32.dll
 0002:00000e00       __imp_ReleaseSRWLockShared 0000000140009e00     kernel32:KERNEL32.dll
 0002:00000e08       __imp_Sleep                0000000140009e08     kernel32:KERNEL32.dll
 0002:00000e10       __imp_VirtualAlloc         0000000140009e10     kernel32:KERNEL32.dll
 0002:00000e18       __imp_WriteConsoleW        0000000140009e18     kernel32:KERNEL32.dll
 0002:00000e28       __imp_BCryptGenRandom      0000000140009e28     bcrypt:bcrypt.dll
 0002:00000e38       __imp_WSARecv              0000000140009e38     ws2_32:WS2_32.dll
 0002:00000e40       __imp_WSAStartup           0000000140009e40     ws2_32:WS2_32.dll
 0002:00000e48       __imp_accept               0000000140009e48     ws2_32:WS2_32.dll
 0002:00000e50       __imp_bind                 0000000140009e50     ws2_32:WS2_32.dll
 0002:00000e58       __imp_closesocket          0000000140009e58     ws2_32:WS2_32.dll
 0002:00000e60       __imp_connect              0000000140009e60     ws2_32:WS2_32.dll
 0002:00000e68       __imp_freeaddrinfo         0000000140009e68     ws2_32:WS2_32.dll
 0002:00000e70       __imp_getaddrinfo          0000000140009e70     ws2_32:WS2_32.dll
 0002:00000e78       __imp_getsockname          0000000140009e78     ws2_32:WS2_32.dll
 0002:00000e80       __imp_htons                0000000140009e80     ws2_32:WS2_32.dll
 0002:00000e88       __imp_listen               0000000140009e88     ws2_32:WS2_32.dll
 0002:00000e90       __imp_ntohs                0000000140009e90     ws2_32:WS2_32.dll
 0002:00000e98       __imp_send                 0000000140009e98     ws2_32:WS2_32.dll
 0002:00000ea0       __imp_setsockopt           0000000140009ea0     ws2_32:WS2_32.dll
 0002:00000ea8       __imp_socket               0000000140009ea8     ws2_32:WS2_32.dll
 0003:00000000       server_port                000000014000b000     remote.o
 0003:00000008       runningId                  000000014000b008     runtime.o
 0003:00000010       AddressFamilyInformation   000000014000b010     ws2_32:indef.obj
 0003:00000040       connections_lock           000000014000b040     api.o
 0003:00000048       connections_len            000000014000b048     api.o
 0003:00000050       pages_lock                 000000014000b050     api.o
 0003:00000058       pages_len                  000000014000b058     api.o
 0003:00000060       known_page_broadcasts      000000014000b060     api.o
 0003:00000080       known_path_broadcasts      000000014000b080     api.o
 0003:000000a0       known_hives                000000014000b0a0     api.o
 0003:000000c0       local_objects              000000014000b0c0     api.o
 0003:000000e0       known_objects              000000014000b0e0     api.o
 0003:00000100       query_requests             000000014000b100     api.o
 0003:00000120       push_requests              000000014000b120     api.o
 0003:00000140       connections                000000014000b140     api.o
 0003:00002140       pages                      000000014000d140     api.o
 0003:00002d40       next_local_id              000000014000dd40     remote.o
 0003:00002d48       hIOCP                      000000014000dd48     remote.o
 0003:00002d50       hHeap                      000000014000dd50     runtime_lib.o
 0003:00002d58       hInput                     000000014000dd58     runtime_lib.o
 0003:00002d60       buf                        000000014000dd60     runtime_lib.o
 0003:00003d60       hOutput                    000000014000ed60     runtime_lib.o
 0003:00003d68       frequency                  000000014000ed68     runtime_lib.o
 0003:00003d70       Workers                    000000014000ed70     runtime.o
 0003:000046d0       wait_list_lock             000000014000f6d0     runtime.o
 0003:000046d8       wait_list_len              000000014000f6d8     runtime.o
 0003:000046e0       queue_lock                 000000014000f6e0     runtime.o
 0003:000046e8       queue_len                  000000014000f6e8     runtime.o
 0003:000046f0       wait_list                  000000014000f6f0     runtime.o
 0003:00017f70       queue                      0000000140022f70     runtime.o
 0003:0002b7f0       ShedulerBuffer             00000001400367f0     runtime.o
 0003:0002b850       defined_arrays             0000000140036850     runtime.o
 0003:0002b859       ExPoolZeroingNativelySupported 0000000140036859     ws2_32:indef.obj
 0004:00000400       context                    0000000140037400     asm.o

 entry point at         0001:00006ac0

 Static symbols

 0001:00000160       GetKnownHiveHash           0000000140001160     api.o
 0001:00002d40       Worker                     0000000140003d40     remote.o
 0001:00003270       ConnectionListnerWorker    0000000140004270     remote.o
 0001:00003430       PagesAllocator             0000000140004430     remote.o
 0001:000034f0       StateSender                00000001400044f0     remote.o
 0001:00003510       HandleApiCall              0000000140004510     remote.o
 0001:00007028       .text                      0000000140008028     asm.o
 0002:00000940       BFE_GENERIC_MAPPING        0000000140009940     ws2_32:indef.obj
 0002:00000a70       IPSEC_AUTH_TRANSFORM_ID_HMAC_MD5_96 0000000140009a70     ws2_32:indef.obj
 0002:00000a78       IPSEC_AUTH_TRANSFORM_ID_HMAC_SHA_1_96 0000000140009a78     ws2_32:indef.obj
 0002:00000a80       IPSEC_AUTH_TRANSFORM_ID_HMAC_SHA_256_128 0000000140009a80     ws2_32:indef.obj
 0002:00000a88       IPSEC_AUTH_TRANSFORM_ID_GCM_AES_128 0000000140009a88     ws2_32:indef.obj
 0002:00000a90       IPSEC_AUTH_TRANSFORM_ID_GCM_AES_192 0000000140009a90     ws2_32:indef.obj
 0002:00000a98       IPSEC_AUTH_TRANSFORM_ID_GCM_AES_256 0000000140009a98     ws2_32:indef.obj
 0002:00000aa0       IPSEC_CIPHER_TRANSFORM_ID_CBC_DES 0000000140009aa0     ws2_32:indef.obj
 0002:00000aa8       IPSEC_CIPHER_TRANSFORM_ID_CBC_3DES 0000000140009aa8     ws2_32:indef.obj
 0002:00000ab0       IPSEC_CIPHER_TRANSFORM_ID_AES_128 0000000140009ab0     ws2_32:indef.obj
 0002:00000ab8       IPSEC_CIPHER_TRANSFORM_ID_AES_192 0000000140009ab8     ws2_32:indef.obj
 0002:00000ac0       IPSEC_CIPHER_TRANSFORM_ID_AES_256 0000000140009ac0     ws2_32:indef.obj
 0002:00000ac8       IPSEC_CIPHER_TRANSFORM_ID_GCM_AES_128 0000000140009ac8     ws2_32:indef.obj
 0002:00000ad0       IPSEC_CIPHER_TRANSFORM_ID_GCM_AES_192 0000000140009ad0     ws2_32:indef.obj
 0002:00000ad8       IPSEC_CIPHER_TRANSFORM_ID_GCM_AES_256 0000000140009ad8     ws2_32:indef.obj
 0003:0002b840       SheduleWorker.prevPrint    0000000140036840     runtime.o
 0003:0002b848       SheduleWorker.completedTasks 0000000140036848     runtime.o
 0003:0002b858       WFP_TRACE_NULL_DATA        0000000140036858     ws2_32:indef.obj
 0004:00000000       .data                      0000000140037000     asm.o
