 a

 Timestamp is 6977a2a9 (Mon Jan 26 20:21:45 2026)

 Preferred load address is 0000000140000000

 Start         Length     Name                   Class
 0001:00000000 0000589eH .text                   CODE
 0002:00000000 00000a98H .rdata                  DATA
 0003:00000000 00000034H .data                   DATA
 0003:00000040 0002b7f2H .bss                    DATA
 0004:00000000 000006a2H .data                   DATA

  Address         Publics by Value              Rva+Base               Lib:Object

 0001:00000000       equal_bytes                0000000140001000     api.o
 0001:00000030       GetHashtableNoLock         0000000140001030     api.o
 0001:00000140       SetHashtableNoLock         0000000140001140     api.o
 0001:00000530       GetHashtable               0000000140001530     api.o
 0001:00000670       SetHashtable               0000000140001670     api.o
 0001:000006b0       InitInternalStructures     00000001400016b0     api.o
 0001:00000820       PauseWorker                0000000140001820     await_worker.o
 0001:00000880       RegisterObjectWithId       0000000140001880     new_object.o
 0001:000008b0       NewObject                  00000001400018b0     new_object.o
 0001:00000b20       UpdateLocalPush            0000000140001b20     push_object.o
 0001:00000b70       PushObject                 0000000140001b70     push_object.o
 0001:00000cc0       UpdateFromQueryResult      0000000140001cc0     query_object.o
 0001:00000d00       QueryLocalObject           0000000140001d00     query_object.o
 0001:00000d60       QueryObject                0000000140001d60     query_object.o
 0001:00000e60       GetConnectionById          0000000140001e60     remote.o
 0001:00000eb0       ConfirmPage                0000000140001eb0     remote.o
 0001:00000f10       HandleNewConnection        0000000140001f10     remote.o
 0001:00001090       UpdateWaitingPush          0000000140002090     remote.o
 0001:000012d0       AnswerPushObject           00000001400022d0     remote.o
 0001:00001360       SendPageAllocationConfirm  0000000140002360     remote.o
 0001:000013d0       RedirectBroadcastQuery     00000001400023d0     remote.o
 0001:000014f0       ConfirmConnection          00000001400024f0     remote.o
 0001:000015c0       InitiateConnection         00000001400025c0     remote.o
 0001:000017e0       RequestMemoryPage          00000001400027e0     remote.o
 0001:000018d0       AnswerQueryObject          00000001400028d0     remote.o
 0001:00001990       AnswerRequestObjectPath    0000000140002990     remote.o
 0001:00001a90       RequestObjectPathBroadcast 0000000140002a90     remote.o
 0001:00001c10       RequestObjectGet           0000000140002c10     remote.o
 0001:00001d20       RequestObjectSet           0000000140002d20     remote.o
 0001:00001ea0       StartNewWorkerRemote       0000000140002ea0     remote.o
 0001:00001f50       SendHiveState              0000000140002f50     remote.o
 0001:000020b0       start_remote_subsystem     00000001400030b0     remote.o
 0001:00003840       memset                     0000000140004840     runtime_lib.o
 0001:00003920       myMalloc                   0000000140004920     runtime_lib.o
 0001:00003970       myPrintf                   0000000140004970     runtime_lib.o
 0001:00003c70       myFree                     0000000140004c70     runtime_lib.o
 0001:00003cb0       memcpy                     0000000140004cb0     runtime_lib.o
 0001:00003dd0       myAtoll                    0000000140004dd0     runtime_lib.o
 0001:00003e80       get_char                   0000000140004e80     runtime_lib.o
 0001:00003f40       myScanI64                  0000000140004f40     runtime_lib.o
 0001:00003fa0       myScanS                    0000000140004fa0     runtime_lib.o
 0001:00004010       PrintI64                   0000000140005010     runtime_lib.o
 0001:00004090       PrintI64H                  0000000140005090     runtime_lib.o
 0001:000040d0       Print2H                    00000001400050d0     runtime_lib.o
 0001:00004110       assertion_failure          0000000140005110     runtime_lib.o
 0001:00004150       myAbs                      0000000140005150     runtime_lib.o
 0001:00004160       MicrosecondsToTicks        0000000140005160     runtime_lib.o
 0001:00004190       TicksToMicroseconds        0000000140005190     runtime_lib.o
 0001:000041c0       GetTicks                   00000001400051c0     runtime_lib.o
 0001:000041e0       SheduleTimeoutFromNow      00000001400051e0     runtime_lib.o
 0001:00004230       init_lib                   0000000140005230     runtime_lib.o
 0001:00004280       PrintObject                0000000140005280     runtime.o
 0001:00004290       WaitListWorker             0000000140005290     runtime.o
 0001:000042e0       EnqueueWorkerFromWaitList  00000001400052e0     runtime.o
 0001:00004370       EnqueueWorker              0000000140005370     runtime.o
 0001:000043c0       UpdateWaitingWorkers       00000001400053c0     runtime.o
 0001:00004620       SheduleWorker              0000000140005620     runtime.o
 0001:000048b0       StartNewWorker             00000001400058b0     runtime.o
 0001:00004ac0       CallObject                 0000000140005ac0     runtime.o
 0001:00004ae0       LoadWorker                 0000000140005ae0     runtime.o
 0001:000051d0       entry                      00000001400061d0     runtime.o
 0001:000055c0       fastPushObject             00000001400065c0     asm.o
 0001:00005641       fastQueryObject            0000000140006641     asm.o
 0001:000056c5       fastNewObject              00000001400066c5     asm.o
 0001:0000573e       fastCallObject             000000014000673e     asm.o
 0001:00005771       ExecuteWorker              0000000140006771     asm.o
 0001:000057b8       setjmpUN                   00000001400067b8     asm.o
 0001:000057eb       longjmpUN                  00000001400067eb     asm.o
 0001:00005814       DllCall                    0000000140006814     asm.o
 0001:000058a0       CommandLineToArgvW         00000001400068a0     shell32:SHELL32.dll
 0001:000058b0       AcquireSRWLockExclusive    00000001400068b0     kernel32:KERNEL32.dll
 0001:000058c0       AcquireSRWLockShared       00000001400068c0     kernel32:KERNEL32.dll
 0001:000058d0       CloseHandle                00000001400068d0     kernel32:KERNEL32.dll
 0001:000058e0       CreateFileW                00000001400068e0     kernel32:KERNEL32.dll
 0001:000058f0       CreateIoCompletionPort     00000001400068f0     kernel32:KERNEL32.dll
 0001:00005900       CreateThread               0000000140006900     kernel32:KERNEL32.dll
 0001:00005910       ExitProcess                0000000140006910     kernel32:KERNEL32.dll
 0001:00005920       GetCommandLineW            0000000140006920     kernel32:KERNEL32.dll
 0001:00005930       GetConsoleMode             0000000140006930     kernel32:KERNEL32.dll
 0001:00005940       GetFileSizeEx              0000000140006940     kernel32:KERNEL32.dll
 0001:00005950       GetLastError               0000000140006950     kernel32:KERNEL32.dll
 0001:00005960       GetProcAddress             0000000140006960     kernel32:KERNEL32.dll
 0001:00005970       GetProcessHeap             0000000140006970     kernel32:KERNEL32.dll
 0001:00005980       GetQueuedCompletionStatus  0000000140006980     kernel32:KERNEL32.dll
 0001:00005990       GetStdHandle               0000000140006990     kernel32:KERNEL32.dll
 0001:000059a0       HeapAlloc                  00000001400069a0     kernel32:KERNEL32.dll
 0001:000059b0       HeapFree                   00000001400069b0     kernel32:KERNEL32.dll
 0001:000059c0       LoadLibraryA               00000001400069c0     kernel32:KERNEL32.dll
 0001:000059d0       MultiByteToWideChar        00000001400069d0     kernel32:KERNEL32.dll
 0001:000059e0       QueryPerformanceCounter    00000001400069e0     kernel32:KERNEL32.dll
 0001:000059f0       QueryPerformanceFrequency  00000001400069f0     kernel32:KERNEL32.dll
 0001:00005a00       ReadConsoleW               0000000140006a00     kernel32:KERNEL32.dll
 0001:00005a10       ReadFile                   0000000140006a10     kernel32:KERNEL32.dll
 0001:00005a20       ReleaseSRWLockExclusive    0000000140006a20     kernel32:KERNEL32.dll
 0001:00005a30       ReleaseSRWLockShared       0000000140006a30     kernel32:KERNEL32.dll
 0001:00005a40       Sleep                      0000000140006a40     kernel32:KERNEL32.dll
 0001:00005a50       VirtualAlloc               0000000140006a50     kernel32:KERNEL32.dll
 0001:00005a60       WriteConsoleW              0000000140006a60     kernel32:KERNEL32.dll
 0001:00005a70       BCryptGenRandom            0000000140006a70     bcrypt:bcrypt.dll
 0001:00005a80       WSARecv                    0000000140006a80     ws2_32:WS2_32.dll
 0001:00005a90       WSAStartup                 0000000140006a90     ws2_32:WS2_32.dll
 0001:00005aa0       accept                     0000000140006aa0     ws2_32:WS2_32.dll
 0001:00005ab0       bind                       0000000140006ab0     ws2_32:WS2_32.dll
 0001:00005ac0       closesocket                0000000140006ac0     ws2_32:WS2_32.dll
 0001:00005ad0       connect                    0000000140006ad0     ws2_32:WS2_32.dll
 0001:00005ae0       freeaddrinfo               0000000140006ae0     ws2_32:WS2_32.dll
 0001:00005af0       getaddrinfo                0000000140006af0     ws2_32:WS2_32.dll
 0001:00005b00       getsockname                0000000140006b00     ws2_32:WS2_32.dll
 0001:00005b10       htons                      0000000140006b10     ws2_32:WS2_32.dll
 0001:00005b20       listen                     0000000140006b20     ws2_32:WS2_32.dll
 0001:00005b30       ntohs                      0000000140006b30     ws2_32:WS2_32.dll
 0001:00005b40       send                       0000000140006b40     ws2_32:WS2_32.dll
 0001:00005b50       setsockopt                 0000000140006b50     ws2_32:WS2_32.dll
 0001:00005b60       socket                     0000000140006b60     ws2_32:WS2_32.dll
 0002:000000e0       ??_C@_1FK@FPKJOMKP@?$AAE?$AAr?$AAr?$AAo?$AAr?$AA?3?$AA?5?$AAC?$AAo?$AAu?$AAl?$AAd?$AA?5?$AAn?$AAo?$AAt?$AA?5?$AAc?$AAo?$AAn?$AAn?$AAe?$AAc?$AAt?$AA?5?$AAt?$AAo?$AA?5?$AA?$CF?$AAs?$AA?5?$AA?$FL@ 00000001400070e0     remote.o
 0002:0000013a       ??_C@_1CK@IMAGNILG@?$AAC?$AAo?$AAn?$AAf?$AAi?$AAr?$AAm?$AAe?$AAd?$AA?5?$AAp?$AAo?$AAr?$AAt?$AA?$DN?$AA?$CF?$AAl?$AAl?$AAd?$AA?6?$AA?$AA@ 000000014000713a     remote.o
 0002:00000164       ??_C@_1DG@NNMMEGKD@?$AAS?$AAe?$AAl?$AAe?$AAc?$AAt?$AAe?$AAd?$AA?5?$AAc?$AAo?$AAn?$AAn?$AAe?$AAc?$AAt?$AA?5?$AAc?$AAo?$AAm?$AAm?$AAa?$AAn?$AAd?$AA?4?$AA?6?$AA?$AA@ 0000000140007164     remote.o
 0002:0000019a       ??_C@_1CI@KPENLAE@?$AAE?$AAn?$AAt?$AAe?$AAr?$AA?5?$AAI?$AAP?$AA?5?$AAa?$AAn?$AAd?$AA?5?$AAP?$AAO?$AAR?$AAT?$AA?4?$AA?6?$AA?$AA@ 000000014000719a     remote.o
 0002:000001c2       ??_C@_1EG@CAHECGOL@?$AAT?$AAr?$AAy?$AAi?$AAn?$AAg?$AA?5?$AAt?$AAo?$AA?5?$AAc?$AAo?$AAn?$AAn?$AAe?$AAc?$AAt?$AA?5?$AAt?$AAo?$AA?5?$AA?$FL?$AA?$CF?$AAs?$AA?$FN?$AA?5?$AA?$FL?$AA?$CF?$AAs?$AA?$FN?$AA?4?$AA?4@ 00000001400071c2     remote.o
 0002:00000208       ??_C@_1DG@GLOHHOJG@?$AAT?$AAe?$AAm?$AAp?$AAo?$AAr?$AAa?$AAr?$AAy?$AA?5?$AAl?$AAo?$AAc?$AAa?$AAl?$AA_?$AAi?$AAd?$AA?5?$AA?$DN?$AA?5?$AA?$CF?$AAl?$AAl?$AAd?$AA?6?$AA?$AA@ 0000000140007208     remote.o
 0002:0000023e       ??_C@_1DC@MOJEJJIM@?$AAC?$AAo?$AAn?$AAf?$AAi?$AAg?$AAu?$AAr?$AAa?$AAt?$AAi?$AAo?$AAn?$AA?5?$AAc?$AAo?$AAn?$AAf?$AAi?$AAr?$AAm?$AAe?$AAd?$AA?6?$AA?$AA@ 000000014000723e     remote.o
 0002:00000270       ??_C@_1DM@PKIKMHMJ@?$AA?$FL?$AAN?$AAE?$AAT?$AAW?$AAO?$AAR?$AAK?$AA?$FN?$AA?3?$AA?5?$AAP?$AAe?$AAe?$AAr?$AA?5?$AAd?$AAi?$AAs?$AAc?$AAo?$AAn?$AAn?$AAe?$AAc?$AAt?$AAe?$AAd?$AA?6?$AA?$AA@ 0000000140007270     remote.o
 0002:000002ac       ??_C@_1CO@OOHNIMCC@?$AAc?$AAl?$AAo?$AAs?$AAi?$AAn?$AAg?$AA?5?$AAc?$AAo?$AAn?$AAn?$AAe?$AAc?$AAt?$AAi?$AAo?$AAn?$AA?4?$AA?4?$AA?4?$AA?6?$AA?$AA@ 00000001400072ac     remote.o
 0002:000002da       ??_C@_1LA@ICLCBFDH@?$AAE?$AAr?$AAr?$AAo?$AAr?$AA?3?$AA?5?$AAA?$AAP?$AAI?$AA_?$AAA?$AAN?$AAS?$AAW?$AAE?$AAR?$AA_?$AAR?$AAE?$AAQ?$AAU?$AAE?$AAS?$AAT?$AA_?$AAC?$AAO?$AAN?$AAN?$AAE?$AAC@ 00000001400072da     remote.o
 0002:0000038a       ??_C@_1DK@EHAPFJND@?$AAs?$AAe?$AAr?$AAv?$AAe?$AAr?$AA?5?$AAs?$AAt?$AAa?$AAr?$AAt?$AAe?$AAd?$AA?5?$AAo?$AAn?$AA?5?$AAp?$AAo?$AAr?$AAt?$AA?5?$AA?$CF?$AAl?$AAl?$AAd?$AA?6?$AA?$AA@ 000000014000738a     remote.o
 0002:000003c4       ??_C@_1FA@MICONLJJ@?$AAE?$AAr?$AAr?$AAo?$AAr?$AA?3?$AA?5?$AAf?$AAa?$AAi?$AAl?$AAe?$AAd?$AA?5?$AAt?$AAo?$AA?5?$AAa?$AAl?$AAl?$AAo?$AAc?$AAa?$AAt?$AAe?$AA?5?$AAm?$AAe?$AAm?$AAo?$AAr?$AAy@ 00000001400073c4     runtime_lib.o
 0002:00000414       ??_C@_1EI@DJFGOBAG@?$AAE?$AAr?$AAr?$AAo?$AAr?$AA?3?$AA?5?$AAf?$AAa?$AAi?$AAl?$AAe?$AAd?$AA?5?$AAt?$AAo?$AA?5?$AAf?$AAr?$AAe?$AAe?$AA?5?$AAm?$AAe?$AAm?$AAo?$AAr?$AAy?$AA?3?$AA?5?$AA?$CF?$AAl@ 0000000140007414     runtime_lib.o
 0002:0000045c       ??_C@_1CM@EJGKJCED@?$AAA?$AAs?$AAs?$AAe?$AAr?$AAt?$AAi?$AAo?$AAn?$AA?5?$AAf?$AAa?$AAi?$AAl?$AAe?$AAd?$AA?3?$AA?5?$AA?$CF?$AAs?$AA?6?$AA?$AA@ 000000014000745c     runtime_lib.o
 0002:00000488       ??_C@_1EI@GJCCEHA@?$AAF?$AAi?$AAl?$AAe?$AA?3?$AA?5?$AA?$CF?$AAs?$AA?0?$AA?5?$AAL?$AAi?$AAn?$AAe?$AA?3?$AA?5?$AA?$CF?$AAl?$AAl?$AAd?$AA?0?$AA?5?$AAF?$AAu?$AAn?$AAc?$AAt?$AAi?$AAo?$AAn?$AA?3?$AA?5@ 0000000140007488     runtime_lib.o
 0002:00000560       __xmm@00000000000000000000000000000008 0000000140007560     runtime.o
 0002:00000570       __real@00000008            0000000140007570     runtime.o
 0002:00000574       ??_C@_1DO@IALLLPBG@?$AAN?$AAO?$AAT?$AA?5?$AAI?$AAM?$AAP?$AAL?$AAE?$AAM?$AAE?$AAN?$AAT?$AAE?$AAD?$AA?5?$AAW?$AAA?$AAI?$AAT?$AAI?$AAN?$AAG?$AA_?$AAT?$AAI?$AAM?$AAE?$AAR?$AA?6?$AA?$AA@ 0000000140007574     runtime.o
 0002:000005b2       ??_C@_1DO@EDGFAFJP@?$AAN?$AAO?$AAT?$AA?5?$AAI?$AAM?$AAP?$AAL?$AAE?$AAM?$AAE?$AAN?$AAT?$AAE?$AAD?$AA?5?$AAW?$AAA?$AAI?$AAT?$AAI?$AAN?$AAG?$AA_?$AAP?$AAA?$AAG?$AAE?$AAS?$AA?6?$AA?$AA@ 00000001400075b2     runtime.o
 0002:000005f0       ??_C@_1DO@NDKADCMC@?$AA?$FL?$AAi?$AAn?$AAf?$AAo?$AA?$FN?$AA?3?$AA?5?$AAW?$AAa?$AAi?$AAt?$AA?$HM?$AAQ?$AAu?$AAe?$AAu?$AAe?$AAd?$AA?5?$AA?$CF?$AAl?$AAl?$AAd?$AA?$HM?$AA?$CF?$AAl?$AAl?$AAd?$AA?6?$AA?$AA@ 00000001400075f0     runtime.o
 0002:0000062e       ??_C@_1HI@GNCDLKLI@?$AAE?$AAr?$AAr?$AAo?$AAr?$AA?3?$AA?5?$AAr?$AAu?$AAn?$AAt?$AAi?$AAm?$AAe?$AA?5?$AAd?$AAo?$AAe?$AAs?$AAn?$AA?8?$AAt?$AA?5?$AAs?$AAu?$AAp?$AAp?$AAo?$AAr?$AAt?$AA?5?$AAs@ 000000014000762e     runtime.o
 0002:000006a6       ??_C@_1CC@DEIAIPBB@?$AA?4?$AA?4?$AA?1?$AA?4?$AA?4?$AA?1?$AA?4?$AA?4?$AA?1?$AAr?$AAe?$AAs?$AA?4?$AAb?$AAi?$AAn?$AA?$AA@ 00000001400076a6     runtime.o
 0002:000006c8       ??_C@_1FC@OGJDIOEJ@?$AAE?$AAr?$AAr?$AAo?$AAr?$AA?3?$AA?5?$AAc?$AAa?$AAn?$AA?8?$AAt?$AA?5?$AAo?$AAp?$AAe?$AAn?$AA?5?$AA?4?$AA?4?$AA?1?$AA?4?$AA?4?$AA?1?$AA?4?$AA?4?$AA?1?$AAr?$AAe?$AAs?$AA?4?$AAb@ 00000001400076c8     runtime.o
 0002:0000071a       ??_C@_1DM@FEOJJAHB@?$AAS?$AAt?$AAa?$AAr?$AAt?$AAi?$AAn?$AAg?$AA?5?$AAw?$AAi?$AAt?$AAh?$AAo?$AAu?$AAt?$AA?5?$AAa?$AAn?$AAy?$AA?5?$AAw?$AAo?$AAr?$AAk?$AAe?$AAr?$AAs?$AA?6?$AA?$AA@ 000000014000771a     runtime.o
 0002:00000756       ??_C@_1CO@DCKAPNAK@?$AAw?$AAa?$AAi?$AAt?$AAi?$AAn?$AAg?$AA?5?$AAs?$AAt?$AAa?$AAr?$AAt?$AAu?$AAp?$AA?5?$AAp?$AAa?$AAg?$AAe?$AAs?$AA?6?$AA?$AA@ 0000000140007756     runtime.o
 0002:00000784       ??_C@_1EI@OLFKDNEP@?$AAE?$AAr?$AAr?$AAo?$AAr?$AA?3?$AA?5?$AAa?$AAl?$AAl?$AAo?$AAc?$AAa?$AAt?$AAe?$AAd?$AA?5?$AAa?$AAr?$AAr?$AAa?$AAy?$AA?5?$AAi?$AAs?$AAn?$AA?8?$AAt?$AA?5?$AAl?$AAo?$AAc@ 0000000140007784     runtime.o
 0002:000007cc       ??_C@_1BI@KEMCAKCM@?$AAR?$AAu?$AAn?$AAn?$AAi?$AAn?$AAg?$AA?4?$AA?4?$AA?4?$AA?6?$AA?$AA@ 00000001400077cc     runtime.o
 0002:000007e4       ??_C@_1FO@OMEBAELN@?$AA?$CB?$AA?$CB?$AA?$CB?$AAT?$AAh?$AAe?$AAr?$AAe?$AA?5?$AAi?$AAs?$AA?5?$AA?$CF?$AAl?$AAl?$AAd?$AA?5?$AAm?$AAo?$AAr?$AAe?$AA?5?$AAw?$AAo?$AAr?$AAk?$AAe?$AAr?$AAs?$AA?5?$AAi?$AAn@ 00000001400077e4     runtime.o
 0002:00000842       ??_C@_1CE@FBEJGOMB@?$AAP?$AAr?$AAo?$AAg?$AAr?$AAa?$AAm?$AA?5?$AAf?$AAi?$AAn?$AAi?$AAs?$AAh?$AAe?$AAd?$AA?6?$AA?$AA@ 0000000140007842     runtime.o
 0002:00000866       ??_C@_1EK@FDFELEEK@?$AAR?$AAe?$AAs?$AAu?$AAl?$AAt?$AA?5?$AAp?$AAr?$AAo?$AAm?$AAi?$AAs?$AAe?$AA?5?$AAn?$AAo?$AAt?$AA?5?$AAf?$AAo?$AAu?$AAn?$AAd?$AA?5?$AAo?$AAn?$AA?5?$AAm?$AAa?$AAc?$AAh@ 0000000140007866     runtime.o
 0002:000008b0       RtlNtPathSeperatorString   00000001400078b0     ws2_32:indef.obj
 0002:000008c0       ??_C@_13FPGAJAPJ@?$AA?2@   00000001400078c0     ws2_32:indef.obj
 0002:000008c8       RtlDosPathSeperatorsString 00000001400078c8     ws2_32:indef.obj
 0002:000008d8       ??_C@_15MNCACJLI@?$AA?2?$AA?1@ 00000001400078d8     ws2_32:indef.obj
 0002:000008e0       RtlAlternateDosPathSeperatorString 00000001400078e0     ws2_32:indef.obj
 0002:000008f0       ??_C@_13CGOKJPIL@?$AA?1@   00000001400078f0     ws2_32:indef.obj
 0002:00000908       eui48_broadcast            0000000140007908     ws2_32:indef.obj
 0002:00000910       scopeid_unspecified        0000000140007910     ws2_32:indef.obj
 0002:00000914       in4addr_any                0000000140007914     ws2_32:indef.obj
 0002:00000918       in4addr_loopback           0000000140007918     ws2_32:indef.obj
 0002:0000091c       in4addr_broadcast          000000014000791c     ws2_32:indef.obj
 0002:00000920       in4addr_allnodesonlink     0000000140007920     ws2_32:indef.obj
 0002:00000924       in4addr_allroutersonlink   0000000140007924     ws2_32:indef.obj
 0002:00000928       in4addr_alligmpv3routersonlink 0000000140007928     ws2_32:indef.obj
 0002:0000092c       in4addr_allteredohostsonlink 000000014000792c     ws2_32:indef.obj
 0002:00000930       in4addr_linklocalprefix    0000000140007930     ws2_32:indef.obj
 0002:00000934       in4addr_multicastprefix    0000000140007934     ws2_32:indef.obj
 0002:00000938       in6addr_any                0000000140007938     ws2_32:indef.obj
 0002:00000948       in6addr_loopback           0000000140007948     ws2_32:indef.obj
 0002:00000958       in6addr_allnodesonnode     0000000140007958     ws2_32:indef.obj
 0002:00000968       in6addr_allnodesonlink     0000000140007968     ws2_32:indef.obj
 0002:00000978       in6addr_allroutersonlink   0000000140007978     ws2_32:indef.obj
 0002:00000988       in6addr_allmldv2routersonlink 0000000140007988     ws2_32:indef.obj
 0002:00000998       in6addr_teredoinitiallinklocaladdress 0000000140007998     ws2_32:indef.obj
 0002:000009a8       in6addr_linklocalprefix    00000001400079a8     ws2_32:indef.obj
 0002:000009b8       in6addr_multicastprefix    00000001400079b8     ws2_32:indef.obj
 0002:000009c8       in6addr_solicitednodemulticastprefix 00000001400079c8     ws2_32:indef.obj
 0002:000009d8       in6addr_v4mappedprefix     00000001400079d8     ws2_32:indef.obj
 0002:000009e8       in6addr_6to4prefix         00000001400079e8     ws2_32:indef.obj
 0002:000009f8       in6addr_teredoprefix       00000001400079f8     ws2_32:indef.obj
 0002:00000a08       in6addr_teredoprefix_old   0000000140007a08     ws2_32:indef.obj
 0002:00000a18       BUGCHECK_EFI_GUID          0000000140007a18     ws2_32:indef.obj
 0002:00000ce8       __imp_CommandLineToArgvW   0000000140007ce8     shell32:SHELL32.dll
 0002:00000cf8       __imp_AcquireSRWLockExclusive 0000000140007cf8     kernel32:KERNEL32.dll
 0002:00000d00       __imp_AcquireSRWLockShared 0000000140007d00     kernel32:KERNEL32.dll
 0002:00000d08       __imp_CloseHandle          0000000140007d08     kernel32:KERNEL32.dll
 0002:00000d10       __imp_CreateFileW          0000000140007d10     kernel32:KERNEL32.dll
 0002:00000d18       __imp_CreateIoCompletionPort 0000000140007d18     kernel32:KERNEL32.dll
 0002:00000d20       __imp_CreateThread         0000000140007d20     kernel32:KERNEL32.dll
 0002:00000d28       __imp_ExitProcess          0000000140007d28     kernel32:KERNEL32.dll
 0002:00000d30       __imp_GetCommandLineW      0000000140007d30     kernel32:KERNEL32.dll
 0002:00000d38       __imp_GetConsoleMode       0000000140007d38     kernel32:KERNEL32.dll
 0002:00000d40       __imp_GetFileSizeEx        0000000140007d40     kernel32:KERNEL32.dll
 0002:00000d48       __imp_GetLastError         0000000140007d48     kernel32:KERNEL32.dll
 0002:00000d50       __imp_GetProcAddress       0000000140007d50     kernel32:KERNEL32.dll
 0002:00000d58       __imp_GetProcessHeap       0000000140007d58     kernel32:KERNEL32.dll
 0002:00000d60       __imp_GetQueuedCompletionStatus 0000000140007d60     kernel32:KERNEL32.dll
 0002:00000d68       __imp_GetStdHandle         0000000140007d68     kernel32:KERNEL32.dll
 0002:00000d70       __imp_HeapAlloc            0000000140007d70     kernel32:KERNEL32.dll
 0002:00000d78       __imp_HeapFree             0000000140007d78     kernel32:KERNEL32.dll
 0002:00000d80       __imp_LoadLibraryA         0000000140007d80     kernel32:KERNEL32.dll
 0002:00000d88       __imp_MultiByteToWideChar  0000000140007d88     kernel32:KERNEL32.dll
 0002:00000d90       __imp_QueryPerformanceCounter 0000000140007d90     kernel32:KERNEL32.dll
 0002:00000d98       __imp_QueryPerformanceFrequency 0000000140007d98     kernel32:KERNEL32.dll
 0002:00000da0       __imp_ReadConsoleW         0000000140007da0     kernel32:KERNEL32.dll
 0002:00000da8       __imp_ReadFile             0000000140007da8     kernel32:KERNEL32.dll
 0002:00000db0       __imp_ReleaseSRWLockExclusive 0000000140007db0     kernel32:KERNEL32.dll
 0002:00000db8       __imp_ReleaseSRWLockShared 0000000140007db8     kernel32:KERNEL32.dll
 0002:00000dc0       __imp_Sleep                0000000140007dc0     kernel32:KERNEL32.dll
 0002:00000dc8       __imp_VirtualAlloc         0000000140007dc8     kernel32:KERNEL32.dll
 0002:00000dd0       __imp_WriteConsoleW        0000000140007dd0     kernel32:KERNEL32.dll
 0002:00000de0       __imp_BCryptGenRandom      0000000140007de0     bcrypt:bcrypt.dll
 0002:00000df0       __imp_WSARecv              0000000140007df0     ws2_32:WS2_32.dll
 0002:00000df8       __imp_WSAStartup           0000000140007df8     ws2_32:WS2_32.dll
 0002:00000e00       __imp_accept               0000000140007e00     ws2_32:WS2_32.dll
 0002:00000e08       __imp_bind                 0000000140007e08     ws2_32:WS2_32.dll
 0002:00000e10       __imp_closesocket          0000000140007e10     ws2_32:WS2_32.dll
 0002:00000e18       __imp_connect              0000000140007e18     ws2_32:WS2_32.dll
 0002:00000e20       __imp_freeaddrinfo         0000000140007e20     ws2_32:WS2_32.dll
 0002:00000e28       __imp_getaddrinfo          0000000140007e28     ws2_32:WS2_32.dll
 0002:00000e30       __imp_getsockname          0000000140007e30     ws2_32:WS2_32.dll
 0002:00000e38       __imp_htons                0000000140007e38     ws2_32:WS2_32.dll
 0002:00000e40       __imp_listen               0000000140007e40     ws2_32:WS2_32.dll
 0002:00000e48       __imp_ntohs                0000000140007e48     ws2_32:WS2_32.dll
 0002:00000e50       __imp_send                 0000000140007e50     ws2_32:WS2_32.dll
 0002:00000e58       __imp_setsockopt           0000000140007e58     ws2_32:WS2_32.dll
 0002:00000e60       __imp_socket               0000000140007e60     ws2_32:WS2_32.dll
 0003:00000000       server_port                0000000140009000     remote.o
 0003:00000008       runningId                  0000000140009008     runtime.o
 0003:00000010       AddressFamilyInformation   0000000140009010     ws2_32:indef.obj
 0003:00000040       connections_lock           0000000140009040     api.o
 0003:00000048       connections_len            0000000140009048     api.o
 0003:00000050       pages_lock                 0000000140009050     api.o
 0003:00000058       pages_len                  0000000140009058     api.o
 0003:00000060       known_broadcasts           0000000140009060     api.o
 0003:00000080       known_hives                0000000140009080     api.o
 0003:000000a0       local_objects              00000001400090a0     api.o
 0003:000000c0       known_objects              00000001400090c0     api.o
 0003:000000e0       query_requests             00000001400090e0     api.o
 0003:00000100       push_requests              0000000140009100     api.o
 0003:00000120       connections                0000000140009120     api.o
 0003:00002120       pages                      000000014000b120     api.o
 0003:00002d20       next_local_id              000000014000bd20     remote.o
 0003:00002d28       hIOCP                      000000014000bd28     remote.o
 0003:00002d30       hHeap                      000000014000bd30     runtime_lib.o
 0003:00002d38       hInput                     000000014000bd38     runtime_lib.o
 0003:00002d40       buf                        000000014000bd40     runtime_lib.o
 0003:00003d40       hOutput                    000000014000cd40     runtime_lib.o
 0003:00003d48       frequency                  000000014000cd48     runtime_lib.o
 0003:00003d50       Workers                    000000014000cd50     runtime.o
 0003:000046b0       wait_list_lock             000000014000d6b0     runtime.o
 0003:000046b8       wait_list_len              000000014000d6b8     runtime.o
 0003:000046c0       queue_lock                 000000014000d6c0     runtime.o
 0003:000046c8       queue_len                  000000014000d6c8     runtime.o
 0003:000046d0       wait_list                  000000014000d6d0     runtime.o
 0003:00017f50       queue                      0000000140020f50     runtime.o
 0003:0002b7d0       ShedulerBuffer             00000001400347d0     runtime.o
 0003:0002b828       defined_arrays             0000000140034828     runtime.o
 0003:0002b831       ExPoolZeroingNativelySupported 0000000140034831     ws2_32:indef.obj
 0004:00000400       context                    0000000140035400     asm.o

 entry point at         0001:000051d0

 Static symbols

 0001:000022f0       Worker                     00000001400032f0     remote.o
 0001:00003260       ConnectionListnerWorker    0000000140004260     remote.o
 0001:00003590       PagesAllocator             0000000140004590     remote.o
 0001:00003820       StateSender                0000000140004820     remote.o
 0001:000055c0       .text                      00000001400065c0     asm.o
 0002:000008f8       BFE_GENERIC_MAPPING        00000001400078f8     ws2_32:indef.obj
 0002:00000a28       IPSEC_AUTH_TRANSFORM_ID_HMAC_MD5_96 0000000140007a28     ws2_32:indef.obj
 0002:00000a30       IPSEC_AUTH_TRANSFORM_ID_HMAC_SHA_1_96 0000000140007a30     ws2_32:indef.obj
 0002:00000a38       IPSEC_AUTH_TRANSFORM_ID_HMAC_SHA_256_128 0000000140007a38     ws2_32:indef.obj
 0002:00000a40       IPSEC_AUTH_TRANSFORM_ID_GCM_AES_128 0000000140007a40     ws2_32:indef.obj
 0002:00000a48       IPSEC_AUTH_TRANSFORM_ID_GCM_AES_192 0000000140007a48     ws2_32:indef.obj
 0002:00000a50       IPSEC_AUTH_TRANSFORM_ID_GCM_AES_256 0000000140007a50     ws2_32:indef.obj
 0002:00000a58       IPSEC_CIPHER_TRANSFORM_ID_CBC_DES 0000000140007a58     ws2_32:indef.obj
 0002:00000a60       IPSEC_CIPHER_TRANSFORM_ID_CBC_3DES 0000000140007a60     ws2_32:indef.obj
 0002:00000a68       IPSEC_CIPHER_TRANSFORM_ID_AES_128 0000000140007a68     ws2_32:indef.obj
 0002:00000a70       IPSEC_CIPHER_TRANSFORM_ID_AES_192 0000000140007a70     ws2_32:indef.obj
 0002:00000a78       IPSEC_CIPHER_TRANSFORM_ID_AES_256 0000000140007a78     ws2_32:indef.obj
 0002:00000a80       IPSEC_CIPHER_TRANSFORM_ID_GCM_AES_128 0000000140007a80     ws2_32:indef.obj
 0002:00000a88       IPSEC_CIPHER_TRANSFORM_ID_GCM_AES_192 0000000140007a88     ws2_32:indef.obj
 0002:00000a90       IPSEC_CIPHER_TRANSFORM_ID_GCM_AES_256 0000000140007a90     ws2_32:indef.obj
 0003:0002b820       SheduleWorker.prevPrint    0000000140034820     runtime.o
 0003:0002b830       WFP_TRACE_NULL_DATA        0000000140034830     ws2_32:indef.obj
 0004:00000000       .data                      0000000140035000     asm.o
