 a

 Timestamp is 6976ec46 (Mon Jan 26 07:23:34 2026)

 Preferred load address is 0000000140000000

 Start         Length     Name                   Class
 0001:00000000 00005636H .text                   CODE
 0002:00000000 00000158H .rdata                  DATA
 0003:00000000 00000010H .data                   DATA
 0003:00000010 0002b808H .bss                    DATA
 0004:00000000 000006a2H .data                   DATA

  Address         Publics by Value              Rva+Base               Lib:Object

 0001:00000000       equal_bytes                0000000140001000     api.o
 0001:00000030       GetHashtableNoLock         0000000140001030     api.o
 0001:00000140       SetHashtableNoLock         0000000140001140     api.o
 0001:00000530       GetHashtable               0000000140001530     api.o
 0001:00000670       SetHashtable               0000000140001670     api.o
 0001:000006b0       InitInternalStructures     00000001400016b0     api.o
 0001:00000820       PauseWorker                0000000140001820     await_worker.o
 0001:00000880       RegisterObjectWithId       0000000140001880     new_object.o
 0001:000008b0       NewObject                  00000001400018b0     new_object.o
 0001:00000b20       UpdateLocalPush            0000000140001b20     push_object.o
 0001:00000b70       PushObject                 0000000140001b70     push_object.o
 0001:00000cc0       UpdateFromQueryResult      0000000140001cc0     query_object.o
 0001:00000d00       QueryLocalObject           0000000140001d00     query_object.o
 0001:00000d60       QueryObject                0000000140001d60     query_object.o
 0001:00000e60       GetConnectionById          0000000140001e60     remote.o
 0001:00000eb0       ConfirmPage                0000000140001eb0     remote.o
 0001:00000f10       HandleNewConnection        0000000140001f10     remote.o
 0001:00001070       SendPageAllocationConfirm  0000000140002070     remote.o
 0001:000010e0       RedirectBroadcastQuery     00000001400020e0     remote.o
 0001:00001200       ConfirmConnection          0000000140002200     remote.o
 0001:000012d0       InitiateConnection         00000001400022d0     remote.o
 0001:000014c0       RequestMemoryPage          00000001400024c0     remote.o
 0001:000015b0       AnswerPushObject           00000001400025b0     remote.o
 0001:00001660       AnswerQueryObject          0000000140002660     remote.o
 0001:00001740       AnswerRequestObjectPath    0000000140002740     remote.o
 0001:00001840       RequestObjectPathBroadcast 0000000140002840     remote.o
 0001:000019c0       RequestObjectGet           00000001400029c0     remote.o
 0001:00001ae0       RequestObjectSet           0000000140002ae0     remote.o
 0001:00001c30       RegisterPushEvent          0000000140002c30     remote.o
 0001:00001c50       StartNewWorkerRemote       0000000140002c50     remote.o
 0001:00001d00       start_remote_subsystem     0000000140002d00     remote.o
 0001:00003600       memset                     0000000140004600     runtime_lib.o
 0001:000036e0       myMalloc                   00000001400046e0     runtime_lib.o
 0001:00003780       myFree                     0000000140004780     runtime_lib.o
 0001:00003790       memcpy                     0000000140004790     runtime_lib.o
 0001:000038b0       myAtoll                    00000001400048b0     runtime_lib.o
 0001:00003960       get_char                   0000000140004960     runtime_lib.o
 0001:00003a20       myScanI64                  0000000140004a20     runtime_lib.o
 0001:00003a80       myScanS                    0000000140004a80     runtime_lib.o
 0001:00003af0       PrintI64                   0000000140004af0     runtime_lib.o
 0001:00003b70       PrintI64H                  0000000140004b70     runtime_lib.o
 0001:00003bb0       Print2H                    0000000140004bb0     runtime_lib.o
 0001:00003bf0       myPrintf                   0000000140004bf0     runtime_lib.o
 0001:00003ef0       assertion_failure          0000000140004ef0     runtime_lib.o
 0001:00003f30       myAbs                      0000000140004f30     runtime_lib.o
 0001:00003f40       SheduleTimeoutFromNow      0000000140004f40     runtime_lib.o
 0001:00003f90       init_lib                   0000000140004f90     runtime_lib.o
 0001:00004020       PrintObject                0000000140005020     runtime.o
 0001:00004030       WaitListWorker             0000000140005030     runtime.o
 0001:00004080       EnqueueWorkerFromWaitList  0000000140005080     runtime.o
 0001:00004110       EnqueueWorker              0000000140005110     runtime.o
 0001:00004160       UpdateWaitingWorkers       0000000140005160     runtime.o
 0001:00004440       SheduleWorker              0000000140005440     runtime.o
 0001:00004680       StartNewWorker             0000000140005680     runtime.o
 0001:00004870       CallObject                 0000000140005870     runtime.o
 0001:00004890       LoadWorker                 0000000140005890     runtime.o
 0001:00004f80       entry                      0000000140005f80     runtime.o
 0001:00005358       fastPushObject             0000000140006358     asm.o
 0001:000053d9       fastQueryObject            00000001400063d9     asm.o
 0001:0000545d       fastNewObject              000000014000645d     asm.o
 0001:000054d6       fastCallObject             00000001400064d6     asm.o
 0001:00005509       ExecuteWorker              0000000140006509     asm.o
 0001:00005550       setjmpUN                   0000000140006550     asm.o
 0001:00005583       longjmpUN                  0000000140006583     asm.o
 0001:000055ac       DllCall                    00000001400065ac     asm.o
 0001:00005640       BCryptGenRandom            0000000140006640     bcrypt:bcrypt.dll
 0002:00000140       __real@00000008            0000000140007140     runtime.o
 0002:00000148       in6addr_any                0000000140007148     ws2_32:indef.obj
 0002:00000158       ??_C@_1CC@DEIAIPBB@?$AA?4?$AA?4?$AA?1?$AA?4?$AA?4?$AA?1?$AA?4?$AA?4?$AA?1?$AAr?$AAe?$AAs?$AA?4?$AAb?$AAi?$AAn?$AA?$AA@ 0000000140007158     runtime.o
 0002:0000017a       ??_C@_1EK@MEEMPPBB@?$AAN?$AAO?$AAT?$AA?5?$AAI?$AAM?$AAP?$AAL?$AAE?$AAM?$AAE?$AAN?$AAT?$AAE?$AAD?$AA?5?$AAp?$AAu?$AAs?$AAh?$AA?5?$AAr?$AAe?$AAg?$AAi?$AAs?$AAt?$AAe?$AAr?$AA?5?$AAe?$AAv@ 000000014000717a     remote.o
 0002:000001c4       ??_C@_1EI@GJCCEHA@?$AAF?$AAi?$AAl?$AAe?$AA?3?$AA?5?$AA?$CF?$AAs?$AA?0?$AA?5?$AAL?$AAi?$AAn?$AAe?$AA?3?$AA?5?$AA?$CF?$AAl?$AAl?$AAd?$AA?0?$AA?5?$AAF?$AAu?$AAn?$AAc?$AAt?$AAi?$AAo?$AAn?$AA?3?$AA?5@ 00000001400071c4     runtime_lib.o
 0002:0000020c       ??_C@_1CM@EJGKJCED@?$AAA?$AAs?$AAs?$AAe?$AAr?$AAt?$AAi?$AAo?$AAn?$AA?5?$AAf?$AAa?$AAi?$AAl?$AAe?$AAd?$AA?3?$AA?5?$AA?$CF?$AAs?$AA?6?$AA?$AA@ 000000014000720c     runtime_lib.o
 0002:00000238       ??_C@_1BM@MGOLOELI@?$AAr?$AAe?$AAs?$AAC?$AAo?$AAd?$AAe?$AAI?$AAd?$AA?$DN?$AA?$CF?$AAp?$AA?6?$AA?$AA@ 0000000140007238     runtime.o
 0002:00000254       ??_C@_1EI@OLFKDNEP@?$AAE?$AAr?$AAr?$AAo?$AAr?$AA?3?$AA?5?$AAa?$AAl?$AAl?$AAo?$AAc?$AAa?$AAt?$AAe?$AAd?$AA?5?$AAa?$AAr?$AAr?$AAa?$AAy?$AA?5?$AAi?$AAs?$AAn?$AA?8?$AAt?$AA?5?$AAl?$AAo?$AAc@ 0000000140007254     runtime.o
 0002:0000029c       ??_C@_1EE@IAGMLELE@?$AAE?$AAR?$AAR?$AAO?$AAR?$AA?3?$AA?5?$AAw?$AAa?$AAi?$AAt?$AAi?$AAn?$AAg?$AA?5?$AAf?$AAo?$AAr?$AA?5?$AAp?$AAu?$AAs?$AAh?$AA?5?$AAt?$AAo?$AA?5?$AAl?$AAo?$AAc?$AAa?$AAl@ 000000014000729c     runtime.o
 0002:000002e0       ??_C@_1EK@FDFELEEK@?$AAR?$AAe?$AAs?$AAu?$AAl?$AAt?$AA?5?$AAp?$AAr?$AAo?$AAm?$AAi?$AAs?$AAe?$AA?5?$AAn?$AAo?$AAt?$AA?5?$AAf?$AAo?$AAu?$AAn?$AAd?$AA?5?$AAo?$AAn?$AA?5?$AAm?$AAa?$AAc?$AAh@ 00000001400072e0     runtime.o
 0002:0000032a       ??_C@_1FC@OGJDIOEJ@?$AAE?$AAr?$AAr?$AAo?$AAr?$AA?3?$AA?5?$AAc?$AAa?$AAn?$AA?8?$AAt?$AA?5?$AAo?$AAp?$AAe?$AAn?$AA?5?$AA?4?$AA?4?$AA?1?$AA?4?$AA?4?$AA?1?$AA?4?$AA?4?$AA?1?$AAr?$AAe?$AAs?$AA?4?$AAb@ 000000014000732a     runtime.o
 0002:0000037c       ??_C@_1CK@IMAGNILG@?$AAC?$AAo?$AAn?$AAf?$AAi?$AAr?$AAm?$AAe?$AAd?$AA?5?$AAp?$AAo?$AAr?$AAt?$AA?$DN?$AA?$CF?$AAl?$AAl?$AAd?$AA?6?$AA?$AA@ 000000014000737c     remote.o
 0002:000003a6       ??_C@_1EO@CDOEBIIP@?$AAS?$AAe?$AAn?$AAd?$AAi?$AAn?$AAg?$AA?5?$AAb?$AAr?$AAo?$AAa?$AAd?$AAc?$AAa?$AAs?$AAt?$AA?5?$AAt?$AAo?$AA?5?$AAf?$AAi?$AAn?$AAd?$AA?5?$AAo?$AAb?$AAj?$AAe?$AAc?$AAt@ 00000001400073a6     remote.o
 0002:000003f4       ??_C@_1LA@ICLCBFDH@?$AAE?$AAr?$AAr?$AAo?$AAr?$AA?3?$AA?5?$AAA?$AAP?$AAI?$AA_?$AAA?$AAN?$AAS?$AAW?$AAE?$AAR?$AA_?$AAR?$AAE?$AAQ?$AAU?$AAE?$AAS?$AAT?$AA_?$AAC?$AAO?$AAN?$AAN?$AAE?$AAC@ 00000001400073f4     remote.o
 0002:000004a4       ??_C@_1EI@HFFKCAJK@?$AAw?$AAa?$AAi?$AAt?$AAi?$AAn?$AAg?$AA?5?$AAf?$AAo?$AAr?$AA?5?$AAr?$AAe?$AAm?$AAo?$AAt?$AAe?$AA?5?$AAq?$AAu?$AAe?$AAr?$AAy?$AA?5?$AA?$CF?$AAl?$AAl?$AAd?$AA?1?$AA?$CF?$AAl@ 00000001400074a4     runtime.o
 0002:000004ec       ??_C@_1EG@IHOMNHMM@?$AAw?$AAa?$AAi?$AAt?$AAi?$AAn?$AAg?$AA?5?$AAf?$AAo?$AAr?$AA?5?$AAr?$AAe?$AAm?$AAo?$AAt?$AAe?$AA?5?$AAp?$AAu?$AAs?$AAh?$AA?5?$AA?$CF?$AAl?$AAl?$AAd?$AA?1?$AA?$CF?$AAl?$AAl@ 00000001400074ec     runtime.o
 0002:00000532       ??_C@_1DK@EHAPFJND@?$AAs?$AAe?$AAr?$AAv?$AAe?$AAr?$AA?5?$AAs?$AAt?$AAa?$AAr?$AAt?$AAe?$AAd?$AA?5?$AAo?$AAn?$AA?5?$AAp?$AAo?$AAr?$AAt?$AA?5?$AA?$CF?$AAl?$AAl?$AAd?$AA?6?$AA?$AA@ 0000000140007532     remote.o
 0002:0000056c       ??_C@_1DM@OHIOGLAA@?$AAG?$AAe?$AAt?$AA?5?$AAr?$AAe?$AAm?$AAo?$AAt?$AAe?$AA?5?$AAs?$AAt?$AAa?$AAr?$AAt?$AA?5?$AAw?$AAo?$AAr?$AAk?$AAe?$AAr?$AA?5?$AA?$CF?$AAl?$AAl?$AAd?$AA?6?$AA?$AA@ 000000014000756c     remote.o
 0002:000005a8       ??_C@_1DA@GIGBBKL@?$AAw?$AAa?$AAi?$AAt?$AAi?$AAn?$AAg?$AA?5?$AAf?$AAo?$AAr?$AA?5?$AAl?$AAo?$AAc?$AAa?$AAl?$AA?5?$AA?$CF?$AAl?$AAl?$AAd?$AA?6?$AA?$AA@ 00000001400075a8     runtime.o
 0002:000005d8       ??_C@_1CG@GBGLFGEJ@?$AAw?$AAa?$AAi?$AAt?$AAi?$AAn?$AAg?$AA?5?$AAt?$AAy?$AAp?$AAe?$AA?5?$AA?$CF?$AAl?$AAl?$AAd?$AA?6?$AA?$AA@ 00000001400075d8     runtime.o
 0002:000005fe       ??_C@_1DG@GLOHHOJG@?$AAT?$AAe?$AAm?$AAp?$AAo?$AAr?$AAa?$AAr?$AAy?$AA?5?$AAl?$AAo?$AAc?$AAa?$AAl?$AA_?$AAi?$AAd?$AA?5?$AA?$DN?$AA?5?$AA?$CF?$AAl?$AAl?$AAd?$AA?6?$AA?$AA@ 00000001400075fe     remote.o
 0002:00000634       ??_C@_1CC@OGJGNONI@?$AAw?$AAa?$AAi?$AAt?$AA?5?$AAl?$AAi?$AAs?$AAt?$AA?3?$AA?5?$AA?$CF?$AAl?$AAl?$AAd?$AA?6?$AA?$AA@ 0000000140007634     runtime.o
 0002:00000656       ??_C@_1EG@JHJBOEP@?$AAG?$AAe?$AAt?$AA?5?$AAa?$AAp?$AAi?$AA?5?$AAc?$AAa?$AAl?$AAl?$AA?5?$AA?$CF?$AAl?$AAl?$AAd?$AA?5?$AAo?$AAf?$AA?5?$AAl?$AAe?$AAn?$AAg?$AAt?$AAh?$AA?3?$AA?5?$AA?$CF?$AAl?$AAl@ 0000000140007656     remote.o
 0002:0000069c       ??_C@_1HI@GNCDLKLI@?$AAE?$AAr?$AAr?$AAo?$AAr?$AA?3?$AA?5?$AAr?$AAu?$AAn?$AAt?$AAi?$AAm?$AAe?$AA?5?$AAd?$AAo?$AAe?$AAs?$AAn?$AA?8?$AAt?$AA?5?$AAs?$AAu?$AAp?$AAp?$AAo?$AAr?$AAt?$AA?5?$AAs@ 000000014000769c     runtime.o
 0002:00000714       ??_C@_1DC@MOJEJJIM@?$AAC?$AAo?$AAn?$AAf?$AAi?$AAg?$AAu?$AAr?$AAa?$AAt?$AAi?$AAo?$AAn?$AA?5?$AAc?$AAo?$AAn?$AAf?$AAi?$AAr?$AAm?$AAe?$AAd?$AA?6?$AA?$AA@ 0000000140007714     remote.o
 0002:00000746       ??_C@_1CE@FBEJGOMB@?$AAP?$AAr?$AAo?$AAg?$AAr?$AAa?$AAm?$AA?5?$AAf?$AAi?$AAn?$AAi?$AAs?$AAh?$AAe?$AAd?$AA?6?$AA?$AA@ 0000000140007746     runtime.o
 0002:0000076a       ??_C@_1CE@BDEHPDNE@?$AAG?$AAe?$AAt?$AA?5?$AAc?$AAo?$AAm?$AAm?$AAa?$AAn?$AAd?$AA?5?$AA?$FL?$AA?$CF?$AAs?$AA?$FN?$AA?6?$AA?$AA@ 000000014000776a     remote.o
 0002:0000078e       ??_C@_1FK@FPKJOMKP@?$AAE?$AAr?$AAr?$AAo?$AAr?$AA?3?$AA?5?$AAC?$AAo?$AAu?$AAl?$AAd?$AA?5?$AAn?$AAo?$AAt?$AA?5?$AAc?$AAo?$AAn?$AAn?$AAe?$AAc?$AAt?$AA?5?$AAt?$AAo?$AA?5?$AA?$CF?$AAs?$AA?5?$AA?$FL@ 000000014000778e     remote.o
 0002:000007e8       ??_C@_1GM@MICHOCHB@?$AAA?$AAn?$AAs?$AAw?$AAe?$AAr?$AA?5?$AAQ?$AAu?$AAe?$AAr?$AAy?$AA?5?$AAO?$AAb?$AAj?$AAe?$AAc?$AAt?$AA?5?$AAt?$AAo?$AA?5?$AAl?$AAo?$AAc?$AAa?$AAl?$AAi?$AAd?$AA?$DN?$AA?$CF@ 00000001400077e8     remote.o
 0002:00000854       ??_C@_1GK@DMGCKEJF@?$AAA?$AAn?$AAs?$AAw?$AAe?$AAr?$AA?5?$AAP?$AAu?$AAs?$AAh?$AA?5?$AAO?$AAb?$AAj?$AAe?$AAc?$AAt?$AA?5?$AAt?$AAo?$AA?5?$AAl?$AAo?$AAc?$AAa?$AAl?$AAi?$AAd?$AA?$DN?$AA?$CF?$AAl@ 0000000140007854     remote.o
 0002:000008be       ??_C@_1DO@EDGFAFJP@?$AAN?$AAO?$AAT?$AA?5?$AAI?$AAM?$AAP?$AAL?$AAE?$AAM?$AAE?$AAN?$AAT?$AAE?$AAD?$AA?5?$AAW?$AAA?$AAI?$AAT?$AAI?$AAN?$AAG?$AA_?$AAP?$AAA?$AAG?$AAE?$AAS?$AA?6?$AA?$AA@ 00000001400078be     runtime.o
 0002:000008fc       ??_C@_1DO@IALLLPBG@?$AAN?$AAO?$AAT?$AA?5?$AAI?$AAM?$AAP?$AAL?$AAE?$AAM?$AAE?$AAN?$AAT?$AAE?$AAD?$AA?5?$AAW?$AAA?$AAI?$AAT?$AAI?$AAN?$AAG?$AA_?$AAT?$AAI?$AAM?$AAE?$AAR?$AA?6?$AA?$AA@ 00000001400078fc     runtime.o
 0002:0000093a       ??_C@_1DG@NNMMEGKD@?$AAS?$AAe?$AAl?$AAe?$AAc?$AAt?$AAe?$AAd?$AA?5?$AAc?$AAo?$AAn?$AAn?$AAe?$AAc?$AAt?$AA?5?$AAc?$AAo?$AAm?$AAm?$AAa?$AAn?$AAd?$AA?4?$AA?6?$AA?$AA@ 000000014000793a     remote.o
 0002:00000970       ??_C@_1CI@KPENLAE@?$AAE?$AAn?$AAt?$AAe?$AAr?$AA?5?$AAI?$AAP?$AA?5?$AAa?$AAn?$AAd?$AA?5?$AAP?$AAO?$AAR?$AAT?$AA?4?$AA?6?$AA?$AA@ 0000000140007970     remote.o
 0002:00000998       ??_C@_1EG@CAHECGOL@?$AAT?$AAr?$AAy?$AAi?$AAn?$AAg?$AA?5?$AAt?$AAo?$AA?5?$AAc?$AAo?$AAn?$AAn?$AAe?$AAc?$AAt?$AA?5?$AAt?$AAo?$AA?5?$AA?$FL?$AA?$CF?$AAs?$AA?$FN?$AA?5?$AA?$FL?$AA?$CF?$AAs?$AA?$FN?$AA?4?$AA?4@ 0000000140007998     remote.o
 0002:000009de       ??_C@_1FO@OMEBAELN@?$AA?$CB?$AA?$CB?$AA?$CB?$AAT?$AAh?$AAe?$AAr?$AAe?$AA?5?$AAi?$AAs?$AA?5?$AA?$CF?$AAl?$AAl?$AAd?$AA?5?$AAm?$AAo?$AAr?$AAe?$AA?5?$AAw?$AAo?$AAr?$AAk?$AAe?$AAr?$AAs?$AA?5?$AAi?$AAn@ 00000001400079de     runtime.o
 0002:00000c10       __imp_CommandLineToArgvW   0000000140007c10     shell32:SHELL32.dll
 0002:00000c20       __imp_AcquireSRWLockExclusive 0000000140007c20     kernel32:KERNEL32.dll
 0002:00000c28       __imp_AcquireSRWLockShared 0000000140007c28     kernel32:KERNEL32.dll
 0002:00000c30       __imp_CloseHandle          0000000140007c30     kernel32:KERNEL32.dll
 0002:00000c38       __imp_CreateFileW          0000000140007c38     kernel32:KERNEL32.dll
 0002:00000c40       __imp_CreateIoCompletionPort 0000000140007c40     kernel32:KERNEL32.dll
 0002:00000c48       __imp_CreateThread         0000000140007c48     kernel32:KERNEL32.dll
 0002:00000c50       __imp_ExitProcess          0000000140007c50     kernel32:KERNEL32.dll
 0002:00000c58       __imp_GetCommandLineW      0000000140007c58     kernel32:KERNEL32.dll
 0002:00000c60       __imp_GetConsoleMode       0000000140007c60     kernel32:KERNEL32.dll
 0002:00000c68       __imp_GetFileSizeEx        0000000140007c68     kernel32:KERNEL32.dll
 0002:00000c70       __imp_GetLastError         0000000140007c70     kernel32:KERNEL32.dll
 0002:00000c78       __imp_GetProcAddress       0000000140007c78     kernel32:KERNEL32.dll
 0002:00000c80       __imp_GetQueuedCompletionStatus 0000000140007c80     kernel32:KERNEL32.dll
 0002:00000c88       __imp_GetStdHandle         0000000140007c88     kernel32:KERNEL32.dll
 0002:00000c90       __imp_LoadLibraryA         0000000140007c90     kernel32:KERNEL32.dll
 0002:00000c98       __imp_MultiByteToWideChar  0000000140007c98     kernel32:KERNEL32.dll
 0002:00000ca0       __imp_QueryPerformanceCounter 0000000140007ca0     kernel32:KERNEL32.dll
 0002:00000ca8       __imp_QueryPerformanceFrequency 0000000140007ca8     kernel32:KERNEL32.dll
 0002:00000cb0       __imp_ReadConsoleW         0000000140007cb0     kernel32:KERNEL32.dll
 0002:00000cb8       __imp_ReadFile             0000000140007cb8     kernel32:KERNEL32.dll
 0002:00000cc0       __imp_ReleaseSRWLockExclusive 0000000140007cc0     kernel32:KERNEL32.dll
 0002:00000cc8       __imp_ReleaseSRWLockShared 0000000140007cc8     kernel32:KERNEL32.dll
 0002:00000cd0       __imp_Sleep                0000000140007cd0     kernel32:KERNEL32.dll
 0002:00000cd8       __imp_VirtualAlloc         0000000140007cd8     kernel32:KERNEL32.dll
 0002:00000ce0       __imp_WriteConsoleW        0000000140007ce0     kernel32:KERNEL32.dll
 0002:00000cf0       __imp_BCryptGenRandom      0000000140007cf0     bcrypt:bcrypt.dll
 0002:00000d00       __imp_WSARecv              0000000140007d00     ws2_32:WS2_32.dll
 0002:00000d08       __imp_WSAStartup           0000000140007d08     ws2_32:WS2_32.dll
 0002:00000d10       __imp_accept               0000000140007d10     ws2_32:WS2_32.dll
 0002:00000d18       __imp_bind                 0000000140007d18     ws2_32:WS2_32.dll
 0002:00000d20       __imp_closesocket          0000000140007d20     ws2_32:WS2_32.dll
 0002:00000d28       __imp_connect              0000000140007d28     ws2_32:WS2_32.dll
 0002:00000d30       __imp_freeaddrinfo         0000000140007d30     ws2_32:WS2_32.dll
 0002:00000d38       __imp_getaddrinfo          0000000140007d38     ws2_32:WS2_32.dll
 0002:00000d40       __imp_getsockname          0000000140007d40     ws2_32:WS2_32.dll
 0002:00000d48       __imp_htons                0000000140007d48     ws2_32:WS2_32.dll
 0002:00000d50       __imp_listen               0000000140007d50     ws2_32:WS2_32.dll
 0002:00000d58       __imp_ntohs                0000000140007d58     ws2_32:WS2_32.dll
 0002:00000d60       __imp_send                 0000000140007d60     ws2_32:WS2_32.dll
 0002:00000d68       __imp_setsockopt           0000000140007d68     ws2_32:WS2_32.dll
 0002:00000d70       __imp_socket               0000000140007d70     ws2_32:WS2_32.dll
 0003:00000000       server_port                0000000140008000     remote.o
 0003:00000008       runningId                  0000000140008008     runtime.o
 0003:00000010       connections_lock           0000000140008010     api.o
 0003:00000018       connections_len            0000000140008018     api.o
 0003:00000020       pages_lock                 0000000140008020     api.o
 0003:00000028       pages_len                  0000000140008028     api.o
 0003:00000030       known_broadcasts           0000000140008030     api.o
 0003:00000050       known_hives                0000000140008050     api.o
 0003:00000070       local_objects              0000000140008070     api.o
 0003:00000090       known_objects              0000000140008090     api.o
 0003:000000b0       query_requests             00000001400080b0     api.o
 0003:000000d0       push_requests              00000001400080d0     api.o
 0003:000000f0       connections                00000001400080f0     api.o
 0003:000020f0       pages                      000000014000a0f0     api.o
 0003:00002cf0       next_local_id              000000014000acf0     remote.o
 0003:00002cf8       hIOCP                      000000014000acf8     remote.o
 0003:00002d00       data_buffer_end            000000014000ad00     runtime_lib.o
 0003:00002d08       data_buffer                000000014000ad08     runtime_lib.o
 0003:00002d10       commited                   000000014000ad10     runtime_lib.o
 0003:00002d18       hInput                     000000014000ad18     runtime_lib.o
 0003:00002d20       buf                        000000014000ad20     runtime_lib.o
 0003:00003d20       hOutput                    000000014000bd20     runtime_lib.o
 0003:00003d28       frequency                  000000014000bd28     runtime_lib.o
 0003:00003d30       Workers                    000000014000bd30     runtime.o
 0003:00004690       wait_list_lock             000000014000c690     runtime.o
 0003:00004698       wait_list_len              000000014000c698     runtime.o
 0003:000046a0       queue_len                  000000014000c6a0     runtime.o
 0003:000046b0       wait_list                  000000014000c6b0     runtime.o
 0003:00017f30       queue_lock                 000000014001ff30     runtime.o
 0003:00017f40       queue                      000000014001ff40     runtime.o
 0003:0002b7c0       ShedulerBuffer             00000001400337c0     runtime.o
 0003:0002b810       defined_arrays             0000000140033810     runtime.o
 0004:00000400       context                    0000000140034400     asm.o

 entry point at         0001:00004f80

 Static symbols

 0001:00001f30       Worker                     0000000140002f30     remote.o
 0001:00003060       ConnectionListnerWorker    0000000140004060     remote.o
 0001:00003370       PagesAllocator             0000000140004370     remote.o
 0001:00005358       .text                      0000000140006358     asm.o
 0004:00000000       .data                      0000000140034000     asm.o
