 a

 Timestamp is 696d4e0a (Mon Jan 19 00:18:02 2026)

 Preferred load address is 0000000140000000

 Start         Length     Name                   Class
 0001:00000000 00001b2dH .text                   CODE
 0002:00000000 0000008cH .rdata                  DATA
 0003:00000000 00000008H .data                   DATA
 0003:00000010 000c5538H .bss                    DATA
 0004:00000000 00000740H .data                   DATA

  Address         Publics by Value              Rva+Base               Lib:Object

 0001:00000000       NewObject                  0000000140001000     runtime.o
 0001:00000160       PushObject                 0000000140001160     runtime.o
 0001:00000170       QueryObject                0000000140001170     runtime.o
 0001:00000210       WaitListWorker             0000000140001210     runtime.o
 0001:00000230       PrintObject                0000000140001230     runtime.o
 0001:00000240       EnqueueWorker              0000000140001240     runtime.o
 0001:00000260       SheduleWorker              0000000140001260     runtime.o
 0001:000005a0       StartNewWorker             00000001400015a0     runtime.o
 0001:00000600       CallObject                 0000000140001600     runtime.o
 0001:00000690       LoadWorker                 0000000140001690     runtime.o
 0001:00000d80       entry                      0000000140001d80     runtime.o
 0001:00000f80       memset                     0000000140001f80     runtime_lib.o
 0001:00001060       myMalloc                   0000000140002060     runtime_lib.o
 0001:00001100       myFree                     0000000140002100     runtime_lib.o
 0001:00001110       myMemcpy                   0000000140002110     runtime_lib.o
 0001:00001280       myAtoll                    0000000140002280     runtime_lib.o
 0001:00001330       myScanI64                  0000000140002330     runtime_lib.o
 0001:000013f0       PrintI64                   00000001400023f0     runtime_lib.o
 0001:00001470       PrintI64H                  0000000140002470     runtime_lib.o
 0001:000014b0       Print2H                    00000001400024b0     runtime_lib.o
 0001:000014f0       myPrintf                   00000001400024f0     runtime_lib.o
 0001:000017f0       init_lib                   00000001400027f0     runtime_lib.o
 0001:00001880       fastPushObject             0000000140002880     asm.o
 0001:000018c6       fastQueryObject            00000001400028c6     asm.o
 0001:0000199a       fastNewObject              000000014000299a     asm.o
 0001:000019cd       fastCallObject             00000001400029cd     asm.o
 0001:00001a00       ExecuteWorker              0000000140002a00     asm.o
 0001:00001a47       setjmpUN                   0000000140002a47     asm.o
 0001:00001a7a       longjmpUN                  0000000140002a7a     asm.o
 0001:00001aa3       DllCall                    0000000140002aa3     asm.o
 0002:00000088       __real@00000008            0000000140003088     runtime.o
 0002:0000008c       ??_C@_1CC@DEIAIPBB@?$AA?4?$AA?4?$AA?1?$AA?4?$AA?4?$AA?1?$AA?4?$AA?4?$AA?1?$AAr?$AAe?$AAs?$AA?4?$AAb?$AAi?$AAn?$AA?$AA@ 000000014000308c     runtime.o
 0002:000000ae       ??_C@_1BA@EBHAFHDE@?$AA2?$AA?$DO?$AA?$CF?$AAl?$AAl?$AAx?$AA?6?$AA?$AA@ 00000001400030ae     runtime.o
 0002:000000be       ??_C@_1BA@GILIODMG@?$AA1?$AA?$DO?$AA?$CF?$AAl?$AAl?$AAx?$AA?6?$AA?$AA@ 00000001400030be     runtime.o
 0002:000000ce       ??_C@_1BA@MGNAHCFH@?$AA0?$AA?$DO?$AA?$CF?$AAl?$AAl?$AAx?$AA?6?$AA?$AA@ 00000001400030ce     runtime.o
 0002:000000de       ??_C@_1FC@OGJDIOEJ@?$AAE?$AAr?$AAr?$AAo?$AAr?$AA?3?$AA?5?$AAc?$AAa?$AAn?$AA?8?$AAt?$AA?5?$AAo?$AAp?$AAe?$AAn?$AA?5?$AA?4?$AA?4?$AA?1?$AA?4?$AA?4?$AA?1?$AA?4?$AA?4?$AA?1?$AAr?$AAe?$AAs?$AA?4?$AAb@ 00000001400030de     runtime.o
 0002:00000130       ??_C@_1BI@DOGCPILG@?$AAE?$AAR?$AAR?$AAO?$AAR?$AA?5?$AA?$CF?$AAl?$AAl?$AAd?$AA?6?$AA?$AA@ 0000000140003130     runtime_lib.o
 0002:00000148       ??_C@_1HI@GNCDLKLI@?$AAE?$AAr?$AAr?$AAo?$AAr?$AA?3?$AA?5?$AAr?$AAu?$AAn?$AAt?$AAi?$AAm?$AAe?$AA?5?$AAd?$AAo?$AAe?$AAs?$AAn?$AA?8?$AAt?$AA?5?$AAs?$AAu?$AAp?$AAp?$AAo?$AAr?$AAt?$AA?5?$AAs@ 0000000140003148     runtime.o
 0002:000001c0       ??_C@_1FG@DPFHIKFA@?$AA?$CB?$AA?$CB?$AA?$CB?$AAA?$AAL?$AAL?$AA?5?$AAE?$AAX?$AAI?$AAS?$AAT?$AAI?$AAN?$AAG?$AA?5?$AAW?$AAO?$AAR?$AAK?$AAE?$AAR?$AAS?$AA?5?$AAA?$AAR?$AAE?$AA?5?$AAD?$AAE?$AAA?$AAD@ 00000001400031c0     runtime.o
 0002:00000308       __imp_CloseHandle          0000000140003308     kernel32:KERNEL32.dll
 0002:00000310       __imp_CreateFileW          0000000140003310     kernel32:KERNEL32.dll
 0002:00000318       __imp_ExitProcess          0000000140003318     kernel32:KERNEL32.dll
 0002:00000320       __imp_FreeLibrary          0000000140003320     kernel32:KERNEL32.dll
 0002:00000328       __imp_GetFileSizeEx        0000000140003328     kernel32:KERNEL32.dll
 0002:00000330       __imp_GetLastError         0000000140003330     kernel32:KERNEL32.dll
 0002:00000338       __imp_GetProcAddress       0000000140003338     kernel32:KERNEL32.dll
 0002:00000340       __imp_GetStdHandle         0000000140003340     kernel32:KERNEL32.dll
 0002:00000348       __imp_LoadLibraryA         0000000140003348     kernel32:KERNEL32.dll
 0002:00000350       __imp_MultiByteToWideChar  0000000140003350     kernel32:KERNEL32.dll
 0002:00000358       __imp_ReadConsoleW         0000000140003358     kernel32:KERNEL32.dll
 0002:00000360       __imp_ReadFile             0000000140003360     kernel32:KERNEL32.dll
 0002:00000368       __imp_VirtualAlloc         0000000140003368     kernel32:KERNEL32.dll
 0002:00000370       __imp_WriteConsoleW        0000000140003370     kernel32:KERNEL32.dll
 0002:00000380       __imp_mciSendStringW       0000000140003380     winmm:WINMM.dll
 0002:00000390       __imp_CreateFontW          0000000140003390     gdi32:GDI32.dll
 0002:00000398       __imp_SelectObject         0000000140003398     gdi32:GDI32.dll
 0003:00000000       runningId                  0000000140004000     runtime.o
 0003:00000010       Workers                    0000000140004010     runtime.o
 0003:00000970       object_array               0000000140004970     runtime.o
 0003:000c3e70       object_array_len           00000001400c7e70     runtime.o
 0003:000c3e78       defined_arrays             00000001400c7e78     runtime.o
 0003:000c3e80       ShedulerBuffer             00000001400c7e80     runtime.o
 0003:000c3ed0       wait_list_len              00000001400c7ed0     runtime.o
 0003:000c3ed8       queue_len                  00000001400c7ed8     runtime.o
 0003:000c3ee0       wait_list                  00000001400c7ee0     runtime.o
 0003:000c4200       queue                      00000001400c8200     runtime.o
 0003:000c4520       data_buffer_end            00000001400c8520     runtime_lib.o
 0003:000c4528       data_buffer                00000001400c8528     runtime_lib.o
 0003:000c4530       commited                   00000001400c8530     runtime_lib.o
 0003:000c4538       hInput                     00000001400c8538     runtime_lib.o
 0003:000c4540       buf                        00000001400c8540     runtime_lib.o
 0003:000c5540       hOutput                    00000001400c9540     runtime_lib.o
 0004:00000400       context                    00000001400ca400     asm.o

 entry point at         0001:00000d80

 Static symbols

 0001:00001880       .text                      0000000140002880     asm.o
 0001:000018a0       .text                      00000001400028a0     asm.o
 0001:000018f0       .text                      00000001400028f0     asm.o
 0004:00000000       .data                      00000001400ca000     asm.o
 0004:000006c0       .data                      00000001400ca6c0     asm.o
 0004:00000700       .data                      00000001400ca700     asm.o
