 a

 Timestamp is 697856c9 (Tue Jan 27 09:10:17 2026)

 Preferred load address is 0000000140000000

 Start         Length     Name                   Class
 0001:00000000 000074feH .text                   CODE
 0002:00000000 00000b38H .rdata                  DATA
 0003:00000000 0000002cH .data                   DATA
 0003:00000030 000db43eH .bss                    DATA
 0004:00000000 000006a2H .data                   DATA

  Address         Publics by Value              Rva+Base               Lib:Object

 0001:00000000       equal_bytes                0000000140001000     api.o
 0001:00000090       GetHashtableNoLock         0000000140001090     api.o
 0001:000001c0       SetHashtableNoLock         00000001400011c0     api.o
 0001:000004c0       GetHashtable               00000001400014c0     api.o
 0001:00000520       SetHashtable               0000000140001520     api.o
 0001:00000570       InitInternalStructures     0000000140001570     api.o
 0001:00000800       PauseWorker                0000000140001800     await_worker.o
 0001:000008a0       RegisterObjectWithId       00000001400018a0     new_object.o
 0001:000008d0       NewObjectUsingPage         00000001400018d0     new_object.o
 0001:00000ba0       GetNewObjectId             0000000140001ba0     new_object.o
 0001:00000c90       NewObject                  0000000140001c90     new_object.o
 0001:00000d80       UpdateLocalPush            0000000140001d80     push_object.o
 0001:00000e50       PushObject                 0000000140001e50     push_object.o
 0001:00001070       UpdateFromQueryResult      0000000140002070     query_object.o
 0001:000010f0       QueryLocalObject           00000001400020f0     query_object.o
 0001:00001250       QueryObject                0000000140002250     query_object.o
 0001:000013f0       GetConnectionById          00000001400023f0     remote.o
 0001:00001480       ConfirmPage                0000000140002480     remote.o
 0001:00001510       HandleNewConnection        0000000140002510     remote.o
 0001:000016f0       UpdateWaitingPush          00000001400026f0     remote.o
 0001:00001970       AnswerPushObject           0000000140002970     remote.o
 0001:00001a30       SendPageAllocationConfirm  0000000140002a30     remote.o
 0001:00001ab0       RedirectBroadcastQuery     0000000140002ab0     remote.o
 0001:00001c10       ConfirmConnection          0000000140002c10     remote.o
 0001:00001d80       InitiateConnection         0000000140002d80     remote.o
 0001:000020a0       RequestMemoryPage          00000001400030a0     remote.o
 0001:00002190       AnswerQueryObject          0000000140003190     remote.o
 0001:00002290       AnswerRequestObjectPath    0000000140003290     remote.o
 0001:000023b0       RequestObjectPathBroadcast 00000001400033b0     remote.o
 0001:000025a0       RequestObjectGet           00000001400035a0     remote.o
 0001:000026b0       RequestObjectSet           00000001400036b0     remote.o
 0001:00002860       StartNewWorkerRemote       0000000140003860     remote.o
 0001:00002950       SendHiveState              0000000140003950     remote.o
 0001:00002b00       start_remote_subsystem     0000000140003b00     remote.o
 0001:000048b0       memset                     00000001400058b0     runtime_lib.o
 0001:00004910       memcpy                     0000000140005910     runtime_lib.o
 0001:00004980       myMalloc                   0000000140005980     runtime_lib.o
 0001:000049d0       myPrintf                   00000001400059d0     runtime_lib.o
 0001:00004d00       myFree                     0000000140005d00     runtime_lib.o
 0001:00004d40       myAtoll                    0000000140005d40     runtime_lib.o
 0001:00004e80       get_char                   0000000140005e80     runtime_lib.o
 0001:00004f60       myScanI64                  0000000140005f60     runtime_lib.o
 0001:00004ff0       myScanS                    0000000140005ff0     runtime_lib.o
 0001:000050f0       PrintI64                   00000001400060f0     runtime_lib.o
 0001:000051c0       PrintI64H                  00000001400061c0     runtime_lib.o
 0001:00005260       Print2H                    0000000140006260     runtime_lib.o
 0001:00005300       assertion_failure          0000000140006300     runtime_lib.o
 0001:00005350       myAbs                      0000000140006350     runtime_lib.o
 0001:00005380       MicrosecondsToTicks        0000000140006380     runtime_lib.o
 0001:000053a0       TicksToMicroseconds        00000001400063a0     runtime_lib.o
 0001:000053c0       GetTicks                   00000001400063c0     runtime_lib.o
 0001:000053e0       SheduleTimeoutFromNow      00000001400063e0     runtime_lib.o
 0001:00005420       init_lib                   0000000140006420     runtime_lib.o
 0001:00005470       PrintObject                0000000140006470     runtime.o
 0001:00005580       WaitListWorker             0000000140006580     runtime.o
 0001:00005650       EnqueueWorkerFromWaitList  0000000140006650     runtime.o
 0001:000056e0       EnqueueWorker              00000001400066e0     runtime.o
 0001:00005730       UpdateWaitingWorkers       0000000140006730     runtime.o
 0001:00005a70       SheduleWorker              0000000140006a70     runtime.o
 0001:00005eb0       StartNewWorker             0000000140006eb0     runtime.o
 0001:00006170       CallObject                 0000000140007170     runtime.o
 0001:000061e0       LoadWorker                 00000001400071e0     runtime.o
 0001:00006b70       ShedulerInstance           0000000140007b70     runtime.o
 0001:00006bd0       entry                      0000000140007bd0     runtime.o
 0001:00007220       fastPushObject             0000000140008220     asm.o
 0001:000072a1       fastQueryObject            00000001400082a1     asm.o
 0001:00007325       fastNewObject              0000000140008325     asm.o
 0001:0000739e       fastCallObject             000000014000839e     asm.o
 0001:000073d1       ExecuteWorker              00000001400083d1     asm.o
 0001:00007418       setjmpUN                   0000000140008418     asm.o
 0001:0000744b       longjmpUN                  000000014000844b     asm.o
 0001:00007474       DllCall                    0000000140008474     asm.o
 0001:00007500       CommandLineToArgvW         0000000140008500     shell32:SHELL32.dll
 0001:00007510       AcquireSRWLockExclusive    0000000140008510     kernel32:KERNEL32.dll
 0001:00007520       AcquireSRWLockShared       0000000140008520     kernel32:KERNEL32.dll
 0001:00007530       CloseHandle                0000000140008530     kernel32:KERNEL32.dll
 0001:00007540       CreateFileW                0000000140008540     kernel32:KERNEL32.dll
 0001:00007550       CreateIoCompletionPort     0000000140008550     kernel32:KERNEL32.dll
 0001:00007560       CreateThread               0000000140008560     kernel32:KERNEL32.dll
 0001:00007570       ExitProcess                0000000140008570     kernel32:KERNEL32.dll
 0001:00007580       GetCommandLineW            0000000140008580     kernel32:KERNEL32.dll
 0001:00007590       GetConsoleMode             0000000140008590     kernel32:KERNEL32.dll
 0001:000075a0       GetFileSizeEx              00000001400085a0     kernel32:KERNEL32.dll
 0001:000075b0       GetLastError               00000001400085b0     kernel32:KERNEL32.dll
 0001:000075c0       GetProcAddress             00000001400085c0     kernel32:KERNEL32.dll
 0001:000075d0       GetProcessHeap             00000001400085d0     kernel32:KERNEL32.dll
 0001:000075e0       GetQueuedCompletionStatus  00000001400085e0     kernel32:KERNEL32.dll
 0001:000075f0       GetStdHandle               00000001400085f0     kernel32:KERNEL32.dll
 0001:00007600       HeapAlloc                  0000000140008600     kernel32:KERNEL32.dll
 0001:00007610       HeapFree                   0000000140008610     kernel32:KERNEL32.dll
 0001:00007620       LoadLibraryA               0000000140008620     kernel32:KERNEL32.dll
 0001:00007630       MultiByteToWideChar        0000000140008630     kernel32:KERNEL32.dll
 0001:00007640       QueryPerformanceCounter    0000000140008640     kernel32:KERNEL32.dll
 0001:00007650       QueryPerformanceFrequency  0000000140008650     kernel32:KERNEL32.dll
 0001:00007660       ReadConsoleW               0000000140008660     kernel32:KERNEL32.dll
 0001:00007670       ReadFile                   0000000140008670     kernel32:KERNEL32.dll
 0001:00007680       ReleaseSRWLockExclusive    0000000140008680     kernel32:KERNEL32.dll
 0001:00007690       ReleaseSRWLockShared       0000000140008690     kernel32:KERNEL32.dll
 0001:000076a0       Sleep                      00000001400086a0     kernel32:KERNEL32.dll
 0001:000076b0       TlsAlloc                   00000001400086b0     kernel32:KERNEL32.dll
 0001:000076c0       TlsFree                    00000001400086c0     kernel32:KERNEL32.dll
 0001:000076d0       TlsGetValue                00000001400086d0     kernel32:KERNEL32.dll
 0001:000076e0       TlsSetValue                00000001400086e0     kernel32:KERNEL32.dll
 0001:000076f0       TryAcquireSRWLockExclusive 00000001400086f0     kernel32:KERNEL32.dll
 0001:00007700       VirtualAlloc               0000000140008700     kernel32:KERNEL32.dll
 0001:00007710       WaitForMultipleObjects     0000000140008710     kernel32:KERNEL32.dll
 0001:00007720       WriteConsoleW              0000000140008720     kernel32:KERNEL32.dll
 0001:00007730       BCryptGenRandom            0000000140008730     bcrypt:bcrypt.dll
 0001:00007740       WSARecv                    0000000140008740     ws2_32:WS2_32.dll
 0001:00007750       WSAStartup                 0000000140008750     ws2_32:WS2_32.dll
 0001:00007760       accept                     0000000140008760     ws2_32:WS2_32.dll
 0001:00007770       bind                       0000000140008770     ws2_32:WS2_32.dll
 0001:00007780       closesocket                0000000140008780     ws2_32:WS2_32.dll
 0001:00007790       connect                    0000000140008790     ws2_32:WS2_32.dll
 0001:000077a0       freeaddrinfo               00000001400087a0     ws2_32:WS2_32.dll
 0001:000077b0       getaddrinfo                00000001400087b0     ws2_32:WS2_32.dll
 0001:000077c0       getsockname                00000001400087c0     ws2_32:WS2_32.dll
 0001:000077d0       htons                      00000001400087d0     ws2_32:WS2_32.dll
 0001:000077e0       listen                     00000001400087e0     ws2_32:WS2_32.dll
 0001:000077f0       ntohs                      00000001400087f0     ws2_32:WS2_32.dll
 0001:00007800       send                       0000000140008800     ws2_32:WS2_32.dll
 0001:00007810       setsockopt                 0000000140008810     ws2_32:WS2_32.dll
 0001:00007820       socket                     0000000140008820     ws2_32:WS2_32.dll
 0002:000000e0       ??_C@_1FK@FPKJOMKP@?$AAE?$AAr?$AAr?$AAo?$AAr?$AA?3?$AA?5?$AAC?$AAo?$AAu?$AAl?$AAd?$AA?5?$AAn?$AAo?$AAt?$AA?5?$AAc?$AAo?$AAn?$AAn?$AAe?$AAc?$AAt?$AA?5?$AAt?$AAo?$AA?5?$AA?$CF?$AAs?$AA?5?$AA?$FL@ 00000001400090e0     remote.o
 0002:0000013a       ??_C@_1CK@IMAGNILG@?$AAC?$AAo?$AAn?$AAf?$AAi?$AAr?$AAm?$AAe?$AAd?$AA?5?$AAp?$AAo?$AAr?$AAt?$AA?$DN?$AA?$CF?$AAl?$AAl?$AAd?$AA?6?$AA?$AA@ 000000014000913a     remote.o
 0002:00000164       ??_C@_1DG@NNMMEGKD@?$AAS?$AAe?$AAl?$AAe?$AAc?$AAt?$AAe?$AAd?$AA?5?$AAc?$AAo?$AAn?$AAn?$AAe?$AAc?$AAt?$AA?5?$AAc?$AAo?$AAm?$AAm?$AAa?$AAn?$AAd?$AA?4?$AA?6?$AA?$AA@ 0000000140009164     remote.o
 0002:0000019a       ??_C@_1CI@KPENLAE@?$AAE?$AAn?$AAt?$AAe?$AAr?$AA?5?$AAI?$AAP?$AA?5?$AAa?$AAn?$AAd?$AA?5?$AAP?$AAO?$AAR?$AAT?$AA?4?$AA?6?$AA?$AA@ 000000014000919a     remote.o
 0002:000001c2       ??_C@_1EG@CAHECGOL@?$AAT?$AAr?$AAy?$AAi?$AAn?$AAg?$AA?5?$AAt?$AAo?$AA?5?$AAc?$AAo?$AAn?$AAn?$AAe?$AAc?$AAt?$AA?5?$AAt?$AAo?$AA?5?$AA?$FL?$AA?$CF?$AAs?$AA?$FN?$AA?5?$AA?$FL?$AA?$CF?$AAs?$AA?$FN?$AA?4?$AA?4@ 00000001400091c2     remote.o
 0002:00000208       ??_C@_1DG@GLOHHOJG@?$AAT?$AAe?$AAm?$AAp?$AAo?$AAr?$AAa?$AAr?$AAy?$AA?5?$AAl?$AAo?$AAc?$AAa?$AAl?$AA_?$AAi?$AAd?$AA?5?$AA?$DN?$AA?5?$AA?$CF?$AAl?$AAl?$AAd?$AA?6?$AA?$AA@ 0000000140009208     remote.o
 0002:0000023e       ??_C@_1DC@MOJEJJIM@?$AAC?$AAo?$AAn?$AAf?$AAi?$AAg?$AAu?$AAr?$AAa?$AAt?$AAi?$AAo?$AAn?$AA?5?$AAc?$AAo?$AAn?$AAf?$AAi?$AAr?$AAm?$AAe?$AAd?$AA?6?$AA?$AA@ 000000014000923e     remote.o
 0002:00000270       ??_C@_1DM@PKIKMHMJ@?$AA?$FL?$AAN?$AAE?$AAT?$AAW?$AAO?$AAR?$AAK?$AA?$FN?$AA?3?$AA?5?$AAP?$AAe?$AAe?$AAr?$AA?5?$AAd?$AAi?$AAs?$AAc?$AAo?$AAn?$AAn?$AAe?$AAc?$AAt?$AAe?$AAd?$AA?6?$AA?$AA@ 0000000140009270     remote.o
 0002:000002ac       ??_C@_1CO@OOHNIMCC@?$AAc?$AAl?$AAo?$AAs?$AAi?$AAn?$AAg?$AA?5?$AAc?$AAo?$AAn?$AAn?$AAe?$AAc?$AAt?$AAi?$AAo?$AAn?$AA?4?$AA?4?$AA?4?$AA?6?$AA?$AA@ 00000001400092ac     remote.o
 0002:000002da       ??_C@_1LA@ICLCBFDH@?$AAE?$AAr?$AAr?$AAo?$AAr?$AA?3?$AA?5?$AAA?$AAP?$AAI?$AA_?$AAA?$AAN?$AAS?$AAW?$AAE?$AAR?$AA_?$AAR?$AAE?$AAQ?$AAU?$AAE?$AAS?$AAT?$AA_?$AAC?$AAO?$AAN?$AAN?$AAE?$AAC@ 00000001400092da     remote.o
 0002:0000038a       ??_C@_1DK@EHAPFJND@?$AAs?$AAe?$AAr?$AAv?$AAe?$AAr?$AA?5?$AAs?$AAt?$AAa?$AAr?$AAt?$AAe?$AAd?$AA?5?$AAo?$AAn?$AA?5?$AAp?$AAo?$AAr?$AAt?$AA?5?$AA?$CF?$AAl?$AAl?$AAd?$AA?6?$AA?$AA@ 000000014000938a     remote.o
 0002:000003c4       ??_C@_1FA@MICONLJJ@?$AAE?$AAr?$AAr?$AAo?$AAr?$AA?3?$AA?5?$AAf?$AAa?$AAi?$AAl?$AAe?$AAd?$AA?5?$AAt?$AAo?$AA?5?$AAa?$AAl?$AAl?$AAo?$AAc?$AAa?$AAt?$AAe?$AA?5?$AAm?$AAe?$AAm?$AAo?$AAr?$AAy@ 00000001400093c4     runtime_lib.o
 0002:00000414       ??_C@_1EI@DJFGOBAG@?$AAE?$AAr?$AAr?$AAo?$AAr?$AA?3?$AA?5?$AAf?$AAa?$AAi?$AAl?$AAe?$AAd?$AA?5?$AAt?$AAo?$AA?5?$AAf?$AAr?$AAe?$AAe?$AA?5?$AAm?$AAe?$AAm?$AAo?$AAr?$AAy?$AA?3?$AA?5?$AA?$CF?$AAl@ 0000000140009414     runtime_lib.o
 0002:0000045c       ??_C@_1CM@EJGKJCED@?$AAA?$AAs?$AAs?$AAe?$AAr?$AAt?$AAi?$AAo?$AAn?$AA?5?$AAf?$AAa?$AAi?$AAl?$AAe?$AAd?$AA?3?$AA?5?$AA?$CF?$AAs?$AA?6?$AA?$AA@ 000000014000945c     runtime_lib.o
 0002:00000488       ??_C@_1EI@GJCCEHA@?$AAF?$AAi?$AAl?$AAe?$AA?3?$AA?5?$AA?$CF?$AAs?$AA?0?$AA?5?$AAL?$AAi?$AAn?$AAe?$AA?3?$AA?5?$AA?$CF?$AAl?$AAl?$AAd?$AA?0?$AA?5?$AAF?$AAu?$AAn?$AAc?$AAt?$AAi?$AAo?$AAn?$AA?3?$AA?5@ 0000000140009488     runtime_lib.o
 0002:00000538       ??_C@_1DO@IALLLPBG@?$AAN?$AAO?$AAT?$AA?5?$AAI?$AAM?$AAP?$AAL?$AAE?$AAM?$AAE?$AAN?$AAT?$AAE?$AAD?$AA?5?$AAW?$AAA?$AAI?$AAT?$AAI?$AAN?$AAG?$AA_?$AAT?$AAI?$AAM?$AAE?$AAR?$AA?6?$AA?$AA@ 0000000140009538     runtime.o
 0002:00000576       ??_C@_1GM@IJHLNMBE@?$AAt?$AAh?$AAr?$AAe?$AAa?$AAd?$AA?5?$AA?$CF?$AAl?$AAl?$AAd?$AA?3?$AA?5?$AA?5?$AAW?$AAa?$AAi?$AAt?$AA?$HM?$AAQ?$AAu?$AAe?$AAu?$AAe?$AAd?$AA?5?$AA?$CF?$AAl?$AAl?$AAd?$AA?$HM?$AA?$CF@ 0000000140009576     runtime.o
 0002:000005e2       ??_C@_1HI@GNCDLKLI@?$AAE?$AAr?$AAr?$AAo?$AAr?$AA?3?$AA?5?$AAr?$AAu?$AAn?$AAt?$AAi?$AAm?$AAe?$AA?5?$AAd?$AAo?$AAe?$AAs?$AAn?$AA?8?$AAt?$AA?5?$AAs?$AAu?$AAp?$AAp?$AAo?$AAr?$AAt?$AA?5?$AAs@ 00000001400095e2     runtime.o
 0002:0000065a       ??_C@_1CC@DEIAIPBB@?$AA?4?$AA?4?$AA?1?$AA?4?$AA?4?$AA?1?$AA?4?$AA?4?$AA?1?$AAr?$AAe?$AAs?$AA?4?$AAb?$AAi?$AAn?$AA?$AA@ 000000014000965a     runtime.o
 0002:0000067c       ??_C@_1FC@OGJDIOEJ@?$AAE?$AAr?$AAr?$AAo?$AAr?$AA?3?$AA?5?$AAc?$AAa?$AAn?$AA?8?$AAt?$AA?5?$AAo?$AAp?$AAe?$AAn?$AA?5?$AA?4?$AA?4?$AA?1?$AA?4?$AA?4?$AA?1?$AA?4?$AA?4?$AA?1?$AAr?$AAe?$AAs?$AA?4?$AAb@ 000000014000967c     runtime.o
 0002:000006ce       ??_C@_1DM@FEOJJAHB@?$AAS?$AAt?$AAa?$AAr?$AAt?$AAi?$AAn?$AAg?$AA?5?$AAw?$AAi?$AAt?$AAh?$AAo?$AAu?$AAt?$AA?5?$AAa?$AAn?$AAy?$AA?5?$AAw?$AAo?$AAr?$AAk?$AAe?$AAr?$AAs?$AA?6?$AA?$AA@ 00000001400096ce     runtime.o
 0002:0000070a       ??_C@_1CO@DCKAPNAK@?$AAw?$AAa?$AAi?$AAt?$AAi?$AAn?$AAg?$AA?5?$AAs?$AAt?$AAa?$AAr?$AAt?$AAu?$AAp?$AA?5?$AAp?$AAa?$AAg?$AAe?$AAs?$AA?6?$AA?$AA@ 000000014000970a     runtime.o
 0002:00000738       ??_C@_1EI@OLFKDNEP@?$AAE?$AAr?$AAr?$AAo?$AAr?$AA?3?$AA?5?$AAa?$AAl?$AAl?$AAo?$AAc?$AAa?$AAt?$AAe?$AAd?$AA?5?$AAa?$AAr?$AAr?$AAa?$AAy?$AA?5?$AAi?$AAs?$AAn?$AA?8?$AAt?$AA?5?$AAl?$AAo?$AAc@ 0000000140009738     runtime.o
 0002:00000780       ??_C@_1BI@KEMCAKCM@?$AAR?$AAu?$AAn?$AAn?$AAi?$AAn?$AAg?$AA?4?$AA?4?$AA?4?$AA?6?$AA?$AA@ 0000000140009780     runtime.o
 0002:00000798       ??_C@_1DM@HCILGOPA@?$AAF?$AAa?$AAi?$AAl?$AAe?$AAd?$AA?5?$AAt?$AAo?$AA?5?$AAc?$AAr?$AAe?$AAa?$AAt?$AAe?$AA?5?$AAt?$AAh?$AAr?$AAe?$AAa?$AAd?$AA?5?$AA?$CF?$AAl?$AAl?$AAd?$AA?6?$AA?$AA@ 0000000140009798     runtime.o
 0002:000007d4       ??_C@_1FO@OMEBAELN@?$AA?$CB?$AA?$CB?$AA?$CB?$AAT?$AAh?$AAe?$AAr?$AAe?$AA?5?$AAi?$AAs?$AA?5?$AA?$CF?$AAl?$AAl?$AAd?$AA?5?$AAm?$AAo?$AAr?$AAe?$AA?5?$AAw?$AAo?$AAr?$AAk?$AAe?$AAr?$AAs?$AA?5?$AAi?$AAn@ 00000001400097d4     runtime.o
 0002:00000832       ??_C@_1CE@FBEJGOMB@?$AAP?$AAr?$AAo?$AAg?$AAr?$AAa?$AAm?$AA?5?$AAf?$AAi?$AAn?$AAi?$AAs?$AAh?$AAe?$AAd?$AA?6?$AA?$AA@ 0000000140009832     runtime.o
 0002:00000856       ??_C@_1EK@FDFELEEK@?$AAR?$AAe?$AAs?$AAu?$AAl?$AAt?$AA?5?$AAp?$AAr?$AAo?$AAm?$AAi?$AAs?$AAe?$AA?5?$AAn?$AAo?$AAt?$AA?5?$AAf?$AAo?$AAu?$AAn?$AAd?$AA?5?$AAo?$AAn?$AA?5?$AAm?$AAa?$AAc?$AAh@ 0000000140009856     runtime.o
 0002:000008a0       ??_C@_1DO@BFPIHEIA@?$AAP?$AAr?$AAo?$AAg?$AAr?$AAa?$AAm?$AA?5?$AAe?$AAx?$AAi?$AAt?$AAe?$AAd?$AA?5?$AAw?$AAi?$AAt?$AAh?$AA?5?$AAc?$AAo?$AAd?$AAe?$AA?5?$AA?$CF?$AAl?$AAl?$AAx?$AA?6?$AA?$AA@ 00000001400098a0     runtime.o
 0002:000008de       ??_C@_1GO@CEANDIOF@?$AAR?$AAe?$AAs?$AAu?$AAl?$AAt?$AA?5?$AAo?$AAf?$AA?5?$AAm?$AAa?$AAi?$AAn?$AA?5?$AAf?$AAu?$AAn?$AAc?$AAt?$AAi?$AAo?$AAn?$AA?5?$AAi?$AAs?$AAn?$AA?8?$AAt?$AA?5?$AAr?$AAe@ 00000001400098de     runtime.o
 0002:00000950       RtlNtPathSeperatorString   0000000140009950     ws2_32:indef.obj
 0002:00000960       ??_C@_13FPGAJAPJ@?$AA?2@   0000000140009960     ws2_32:indef.obj
 0002:00000968       RtlDosPathSeperatorsString 0000000140009968     ws2_32:indef.obj
 0002:00000978       ??_C@_15MNCACJLI@?$AA?2?$AA?1@ 0000000140009978     ws2_32:indef.obj
 0002:00000980       RtlAlternateDosPathSeperatorString 0000000140009980     ws2_32:indef.obj
 0002:00000990       ??_C@_13CGOKJPIL@?$AA?1@   0000000140009990     ws2_32:indef.obj
 0002:000009a8       eui48_broadcast            00000001400099a8     ws2_32:indef.obj
 0002:000009b0       scopeid_unspecified        00000001400099b0     ws2_32:indef.obj
 0002:000009b4       in4addr_any                00000001400099b4     ws2_32:indef.obj
 0002:000009b8       in4addr_loopback           00000001400099b8     ws2_32:indef.obj
 0002:000009bc       in4addr_broadcast          00000001400099bc     ws2_32:indef.obj
 0002:000009c0       in4addr_allnodesonlink     00000001400099c0     ws2_32:indef.obj
 0002:000009c4       in4addr_allroutersonlink   00000001400099c4     ws2_32:indef.obj
 0002:000009c8       in4addr_alligmpv3routersonlink 00000001400099c8     ws2_32:indef.obj
 0002:000009cc       in4addr_allteredohostsonlink 00000001400099cc     ws2_32:indef.obj
 0002:000009d0       in4addr_linklocalprefix    00000001400099d0     ws2_32:indef.obj
 0002:000009d4       in4addr_multicastprefix    00000001400099d4     ws2_32:indef.obj
 0002:000009d8       in6addr_any                00000001400099d8     ws2_32:indef.obj
 0002:000009e8       in6addr_loopback           00000001400099e8     ws2_32:indef.obj
 0002:000009f8       in6addr_allnodesonnode     00000001400099f8     ws2_32:indef.obj
 0002:00000a08       in6addr_allnodesonlink     0000000140009a08     ws2_32:indef.obj
 0002:00000a18       in6addr_allroutersonlink   0000000140009a18     ws2_32:indef.obj
 0002:00000a28       in6addr_allmldv2routersonlink 0000000140009a28     ws2_32:indef.obj
 0002:00000a38       in6addr_teredoinitiallinklocaladdress 0000000140009a38     ws2_32:indef.obj
 0002:00000a48       in6addr_linklocalprefix    0000000140009a48     ws2_32:indef.obj
 0002:00000a58       in6addr_multicastprefix    0000000140009a58     ws2_32:indef.obj
 0002:00000a68       in6addr_solicitednodemulticastprefix 0000000140009a68     ws2_32:indef.obj
 0002:00000a78       in6addr_v4mappedprefix     0000000140009a78     ws2_32:indef.obj
 0002:00000a88       in6addr_6to4prefix         0000000140009a88     ws2_32:indef.obj
 0002:00000a98       in6addr_teredoprefix       0000000140009a98     ws2_32:indef.obj
 0002:00000aa8       in6addr_teredoprefix_old   0000000140009aa8     ws2_32:indef.obj
 0002:00000ab8       BUGCHECK_EFI_GUID          0000000140009ab8     ws2_32:indef.obj
 0002:00000db8       __imp_CommandLineToArgvW   0000000140009db8     shell32:SHELL32.dll
 0002:00000dc8       __imp_AcquireSRWLockExclusive 0000000140009dc8     kernel32:KERNEL32.dll
 0002:00000dd0       __imp_AcquireSRWLockShared 0000000140009dd0     kernel32:KERNEL32.dll
 0002:00000dd8       __imp_CloseHandle          0000000140009dd8     kernel32:KERNEL32.dll
 0002:00000de0       __imp_CreateFileW          0000000140009de0     kernel32:KERNEL32.dll
 0002:00000de8       __imp_CreateIoCompletionPort 0000000140009de8     kernel32:KERNEL32.dll
 0002:00000df0       __imp_CreateThread         0000000140009df0     kernel32:KERNEL32.dll
 0002:00000df8       __imp_ExitProcess          0000000140009df8     kernel32:KERNEL32.dll
 0002:00000e00       __imp_GetCommandLineW      0000000140009e00     kernel32:KERNEL32.dll
 0002:00000e08       __imp_GetConsoleMode       0000000140009e08     kernel32:KERNEL32.dll
 0002:00000e10       __imp_GetFileSizeEx        0000000140009e10     kernel32:KERNEL32.dll
 0002:00000e18       __imp_GetLastError         0000000140009e18     kernel32:KERNEL32.dll
 0002:00000e20       __imp_GetProcAddress       0000000140009e20     kernel32:KERNEL32.dll
 0002:00000e28       __imp_GetProcessHeap       0000000140009e28     kernel32:KERNEL32.dll
 0002:00000e30       __imp_GetQueuedCompletionStatus 0000000140009e30     kernel32:KERNEL32.dll
 0002:00000e38       __imp_GetStdHandle         0000000140009e38     kernel32:KERNEL32.dll
 0002:00000e40       __imp_HeapAlloc            0000000140009e40     kernel32:KERNEL32.dll
 0002:00000e48       __imp_HeapFree             0000000140009e48     kernel32:KERNEL32.dll
 0002:00000e50       __imp_LoadLibraryA         0000000140009e50     kernel32:KERNEL32.dll
 0002:00000e58       __imp_MultiByteToWideChar  0000000140009e58     kernel32:KERNEL32.dll
 0002:00000e60       __imp_QueryPerformanceCounter 0000000140009e60     kernel32:KERNEL32.dll
 0002:00000e68       __imp_QueryPerformanceFrequency 0000000140009e68     kernel32:KERNEL32.dll
 0002:00000e70       __imp_ReadConsoleW         0000000140009e70     kernel32:KERNEL32.dll
 0002:00000e78       __imp_ReadFile             0000000140009e78     kernel32:KERNEL32.dll
 0002:00000e80       __imp_ReleaseSRWLockExclusive 0000000140009e80     kernel32:KERNEL32.dll
 0002:00000e88       __imp_ReleaseSRWLockShared 0000000140009e88     kernel32:KERNEL32.dll
 0002:00000e90       __imp_Sleep                0000000140009e90     kernel32:KERNEL32.dll
 0002:00000e98       __imp_TlsAlloc             0000000140009e98     kernel32:KERNEL32.dll
 0002:00000ea0       __imp_TlsFree              0000000140009ea0     kernel32:KERNEL32.dll
 0002:00000ea8       __imp_TlsGetValue          0000000140009ea8     kernel32:KERNEL32.dll
 0002:00000eb0       __imp_TlsSetValue          0000000140009eb0     kernel32:KERNEL32.dll
 0002:00000eb8       __imp_TryAcquireSRWLockExclusive 0000000140009eb8     kernel32:KERNEL32.dll
 0002:00000ec0       __imp_VirtualAlloc         0000000140009ec0     kernel32:KERNEL32.dll
 0002:00000ec8       __imp_WaitForMultipleObjects 0000000140009ec8     kernel32:KERNEL32.dll
 0002:00000ed0       __imp_WriteConsoleW        0000000140009ed0     kernel32:KERNEL32.dll
 0002:00000ee0       __imp_BCryptGenRandom      0000000140009ee0     bcrypt:bcrypt.dll
 0002:00000ef0       __imp_WSARecv              0000000140009ef0     ws2_32:WS2_32.dll
 0002:00000ef8       __imp_WSAStartup           0000000140009ef8     ws2_32:WS2_32.dll
 0002:00000f00       __imp_accept               0000000140009f00     ws2_32:WS2_32.dll
 0002:00000f08       __imp_bind                 0000000140009f08     ws2_32:WS2_32.dll
 0002:00000f10       __imp_closesocket          0000000140009f10     ws2_32:WS2_32.dll
 0002:00000f18       __imp_connect              0000000140009f18     ws2_32:WS2_32.dll
 0002:00000f20       __imp_freeaddrinfo         0000000140009f20     ws2_32:WS2_32.dll
 0002:00000f28       __imp_getaddrinfo          0000000140009f28     ws2_32:WS2_32.dll
 0002:00000f30       __imp_getsockname          0000000140009f30     ws2_32:WS2_32.dll
 0002:00000f38       __imp_htons                0000000140009f38     ws2_32:WS2_32.dll
 0002:00000f40       __imp_listen               0000000140009f40     ws2_32:WS2_32.dll
 0002:00000f48       __imp_ntohs                0000000140009f48     ws2_32:WS2_32.dll
 0002:00000f50       __imp_send                 0000000140009f50     ws2_32:WS2_32.dll
 0002:00000f58       __imp_setsockopt           0000000140009f58     ws2_32:WS2_32.dll
 0002:00000f60       __imp_socket               0000000140009f60     ws2_32:WS2_32.dll
 0003:00000000       server_port                000000014000b000     remote.o
 0003:00000008       AddressFamilyInformation   000000014000b008     ws2_32:indef.obj
 0003:00000030       connections_lock           000000014000b030     api.o
 0003:00000038       connections_len            000000014000b038     api.o
 0003:00000040       pages_lock                 000000014000b040     api.o
 0003:00000048       pages_len                  000000014000b048     api.o
 0003:00000050       known_page_broadcasts      000000014000b050     api.o
 0003:00000070       known_path_broadcasts      000000014000b070     api.o
 0003:00000090       known_hives                000000014000b090     api.o
 0003:000000b0       local_objects              000000014000b0b0     api.o
 0003:000000d0       known_objects              000000014000b0d0     api.o
 0003:000000f0       query_requests             000000014000b0f0     api.o
 0003:00000110       push_requests              000000014000b110     api.o
 0003:00000130       connections                000000014000b130     api.o
 0003:00002130       pages                      000000014000d130     api.o
 0003:00002d30       next_local_id              000000014000dd30     remote.o
 0003:00002d38       hIOCP                      000000014000dd38     remote.o
 0003:00002d40       hHeap                      000000014000dd40     runtime_lib.o
 0003:00002d48       hInput                     000000014000dd48     runtime_lib.o
 0003:00002d50       buf                        000000014000dd50     runtime_lib.o
 0003:00003d50       hOutput                    000000014000ed50     runtime_lib.o
 0003:00003d58       frequency                  000000014000ed58     runtime_lib.o
 0003:00003d60       Workers                    000000014000ed60     runtime.o
 0003:000046c0       wait_list_lock             000000014000f6c0     runtime.o
 0003:000046c8       wait_list_len              000000014000f6c8     runtime.o
 0003:000046d0       queue_lock                 000000014000f6d0     runtime.o
 0003:000046d8       queue_len                  000000014000f6d8     runtime.o
 0003:000046e0       wait_list                  000000014000f6e0     runtime.o
 0003:000c7be0       queue                      00000001400d2be0     runtime.o
 0003:000db460       defined_arrays             00000001400e6460     runtime.o
 0003:000db468       dwTlsIndex                 00000001400e6468     runtime.o
 0003:000db46d       ExPoolZeroingNativelySupported 00000001400e646d     ws2_32:indef.obj
 0004:00000400       context                    00000001400e7400     asm.o

 entry point at         0001:00006bd0

 Static symbols

 0001:00000160       GetKnownHiveHash           0000000140001160     api.o
 0001:00002db0       Worker                     0000000140003db0     remote.o
 0001:000032e0       ConnectionListnerWorker    00000001400042e0     remote.o
 0001:000034a0       PagesAllocator             00000001400044a0     remote.o
 0001:00003560       StateSender                0000000140004560     remote.o
 0001:00003580       HandleApiCall              0000000140004580     remote.o
 0001:00007220       .text                      0000000140008220     asm.o
 0002:00000998       BFE_GENERIC_MAPPING        0000000140009998     ws2_32:indef.obj
 0002:00000ac8       IPSEC_AUTH_TRANSFORM_ID_HMAC_MD5_96 0000000140009ac8     ws2_32:indef.obj
 0002:00000ad0       IPSEC_AUTH_TRANSFORM_ID_HMAC_SHA_1_96 0000000140009ad0     ws2_32:indef.obj
 0002:00000ad8       IPSEC_AUTH_TRANSFORM_ID_HMAC_SHA_256_128 0000000140009ad8     ws2_32:indef.obj
 0002:00000ae0       IPSEC_AUTH_TRANSFORM_ID_GCM_AES_128 0000000140009ae0     ws2_32:indef.obj
 0002:00000ae8       IPSEC_AUTH_TRANSFORM_ID_GCM_AES_192 0000000140009ae8     ws2_32:indef.obj
 0002:00000af0       IPSEC_AUTH_TRANSFORM_ID_GCM_AES_256 0000000140009af0     ws2_32:indef.obj
 0002:00000af8       IPSEC_CIPHER_TRANSFORM_ID_CBC_DES 0000000140009af8     ws2_32:indef.obj
 0002:00000b00       IPSEC_CIPHER_TRANSFORM_ID_CBC_3DES 0000000140009b00     ws2_32:indef.obj
 0002:00000b08       IPSEC_CIPHER_TRANSFORM_ID_AES_128 0000000140009b08     ws2_32:indef.obj
 0002:00000b10       IPSEC_CIPHER_TRANSFORM_ID_AES_192 0000000140009b10     ws2_32:indef.obj
 0002:00000b18       IPSEC_CIPHER_TRANSFORM_ID_AES_256 0000000140009b18     ws2_32:indef.obj
 0002:00000b20       IPSEC_CIPHER_TRANSFORM_ID_GCM_AES_128 0000000140009b20     ws2_32:indef.obj
 0002:00000b28       IPSEC_CIPHER_TRANSFORM_ID_GCM_AES_192 0000000140009b28     ws2_32:indef.obj
 0002:00000b30       IPSEC_CIPHER_TRANSFORM_ID_GCM_AES_256 0000000140009b30     ws2_32:indef.obj
 0003:000db46c       WFP_TRACE_NULL_DATA        00000001400e646c     ws2_32:indef.obj
 0004:00000000       .data                      00000001400e7000     asm.o
