 d

 Timestamp is 697528b9 (Sat Jan 24 23:16:57 2026)

 Preferred load address is 0000000140000000

 Start         Length     Name                   Class
 0001:00000000 0000476cH .text                   CODE
 0001:0000476c 00001070H .text$mn                CODE
 0002:00000000 00000f74H .rdata                  DATA
 0002:00000f71 00000000H .edata                  DATA
 0002:00000f74 00000169H .rdata$zzzdbg           DATA
 0003:00000000 00000a30H .data                   DATA
 0003:00000a30 000eccb3H .bss                    DATA
 0004:00000000 00000138H .idata$5                DATA
 0004:00000138 00000028H .idata$2                DATA
 0004:00000160 00000018H .idata$3                DATA
 0004:00000178 00000138H .idata$4                DATA
 0004:000002b0 0000022bH .idata$6                DATA

  Address         Publics by Value              Rva+Base               Lib:Object

 0000:00000000       __AbsoluteZero             0000000000000000     <absolute>
 0000:00000000       ___safe_se_handler_count   0000000000000000     <absolute>
 0000:00000000       ___safe_se_handler_table   0000000000000000     <absolute>
 0000:00000000       __arm64x_extra_rfe_table   0000000000000000     <absolute>
 0000:00000000       __arm64x_extra_rfe_table_size 0000000000000000     <absolute>
 0000:00000000       __arm64x_native_entrypoint 0000000000000000     <absolute>
 0000:00000000       __arm64x_redirection_metadata 0000000000000000     <absolute>
 0000:00000000       __arm64x_redirection_metadata_count 0000000000000000     <absolute>
 0000:00000000       __dynamic_value_reloc_table 0000000000000000     <absolute>
 0000:00000000       __enclave_config           0000000000000000     <absolute>
 0000:00000000       __guard_check_icall_a64n_fptr 0000000000000000     <absolute>
 0000:00000000       __guard_eh_cont_count      0000000000000000     <absolute>
 0000:00000000       __guard_eh_cont_table      0000000000000000     <absolute>
 0000:00000000       __guard_fids_count         0000000000000000     <absolute>
 0000:00000000       __guard_fids_table         0000000000000000     <absolute>
 0000:00000000       __guard_flags              0000000000000000     <absolute>
 0000:00000000       __guard_iat_count          0000000000000000     <absolute>
 0000:00000000       __guard_iat_table          0000000000000000     <absolute>
 0000:00000000       __guard_longjmp_count      0000000000000000     <absolute>
 0000:00000000       __guard_longjmp_table      0000000000000000     <absolute>
 0000:00000000       __hybrid_auxiliary_delayload_iat 0000000000000000     <absolute>
 0000:00000000       __hybrid_auxiliary_delayload_iat_copy 0000000000000000     <absolute>
 0000:00000000       __hybrid_auxiliary_iat     0000000000000000     <absolute>
 0000:00000000       __hybrid_auxiliary_iat_copy 0000000000000000     <absolute>
 0000:00000000       __hybrid_code_map          0000000000000000     <absolute>
 0000:00000000       __hybrid_code_map_count    0000000000000000     <absolute>
 0000:00000000       __hybrid_image_info_bitfield 0000000000000000     <absolute>
 0000:00000000       __volatile_metadata        0000000000000000     <absolute>
 0000:00000000       __x64_code_ranges_to_entry_points 0000000000000000     <absolute>
 0000:00000000       __x64_code_ranges_to_entry_points_count 0000000000000000     <absolute>
 0001:000000f0       NewObject                  00000001400010f0 f   runtime_dbg.o
 0001:000004c0       PushObject                 00000001400014c0 f   runtime_dbg.o
 0001:000004d0       QueryObject                00000001400014d0 f   runtime_dbg.o
 0001:000005c0       WaitListWorker             00000001400015c0 f   runtime_dbg.o
 0001:00000610       PrintObject                0000000140001610 f   runtime_dbg.o
 0001:00000810       EnqueueWorker              0000000140001810 f   runtime_dbg.o
 0001:00000860       SheduleWorker              0000000140001860 f   runtime_dbg.o
 0001:00000ee0       StartNewWorker             0000000140001ee0 f   runtime_dbg.o
 0001:00000f80       CallObject                 0000000140001f80 f   runtime_dbg.o
 0001:00001060       LoadWorker                 0000000140002060 f   runtime_dbg.o
 0001:00001b40       entry                      0000000140002b40 f   runtime_dbg.o
 0001:00002700       memset                     0000000140003700 f   runtime_lib_dbg.o
 0001:00002760       myMalloc                   0000000140003760 f   runtime_lib_dbg.o
 0001:00002830       myFree                     0000000140003830 f   runtime_lib_dbg.o
 0001:00002840       myMemcpy                   0000000140003840 f   runtime_lib_dbg.o
 0001:000028b0       myAtoll                    00000001400038b0 f   runtime_lib_dbg.o
 0001:000029f0       myScanI64                  00000001400039f0 f   runtime_lib_dbg.o
 0001:00002aa0       PrintI64                   0000000140003aa0 f   runtime_lib_dbg.o
 0001:00002b70       PrintI64H                  0000000140003b70 f   runtime_lib_dbg.o
 0001:00002c10       Print2H                    0000000140003c10 f   runtime_lib_dbg.o
 0001:00002cb0       myPrintf                   0000000140003cb0 f   runtime_lib_dbg.o
 0001:00002fe0       init_lib                   0000000140003fe0 f   runtime_lib_dbg.o
 0001:000032d4       fastPushObject             00000001400042d4     asm_dbg.o
 0001:000033a6       fastQueryObject            00000001400043a6     asm_dbg.o
 0001:0000350a       fastNewObject              000000014000450a     asm_dbg.o
 0001:0000353d       fastCallObject             000000014000453d     asm_dbg.o
 0001:00003570       ExecuteWorker              0000000140004570     asm_dbg.o
 0001:000035b7       setjmpUN                   00000001400045b7     asm_dbg.o
 0001:000035ea       longjmpUN                  00000001400045ea     asm_dbg.o
 0001:00003613       DllCall                    0000000140004613     asm_dbg.o
 0001:0000476c       GetLastError               000000014000576c f   kernel32:KERNEL32.dll
 0001:00004772       VirtualAlloc               0000000140005772 f   kernel32:KERNEL32.dll
 0001:00004778       LoadLibraryA               0000000140005778 f   kernel32:KERNEL32.dll
 0001:0000477e       GetProcAddress             000000014000577e f   kernel32:KERNEL32.dll
 0001:00004784       CreateFileW                0000000140005784 f   kernel32:KERNEL32.dll
 0001:0000478a       GetFileSizeEx              000000014000578a f   kernel32:KERNEL32.dll
 0001:00004790       ReadFile                   0000000140005790 f   kernel32:KERNEL32.dll
 0001:00004796       CloseHandle                0000000140005796 f   kernel32:KERNEL32.dll
 0001:0000479c       GetCommandLineW            000000014000579c f   kernel32:KERNEL32.dll
 0001:000047a2       ExitProcess                00000001400057a2 f   kernel32:KERNEL32.dll
 0001:000047a8       ReadConsoleW               00000001400057a8 f   kernel32:KERNEL32.dll
 0001:000047ae       MultiByteToWideChar        00000001400057ae f   kernel32:KERNEL32.dll
 0001:000047b4       WriteConsoleW              00000001400057b4 f   kernel32:KERNEL32.dll
 0001:000047ba       GetStdHandle               00000001400057ba f   kernel32:KERNEL32.dll
 0001:000047c0       CommandLineToArgvW         00000001400057c0 f   shell32:SHELL32.dll
 0002:0000007c       ??_C@_1GK@LJBKHIKD@?$AAA?$AAr?$AAr?$AAa?$AAy?$AA?5?$AAo?$AAf?$AA?5?$AA?$CF?$AAl?$AAl?$AAd?$AA?5?$AAb?$AAy?$AAt?$AAe?$AAs?$AA?0?$AA?5?$AAe?$AAl?$AAe?$AAm?$AAe?$AAn?$AAt?$AA?5?$AAo?$AAf?$AA?5@ 000000014000707c     runtime_dbg.o
 0002:000000fc       ??_C@_1BG@HIIBALHG@?$AA?$FL?$AAi?$AAd?$AA?$DN?$AA?$CF?$AAl?$AAl?$AAx?$AA?$FN?$AA?6?$AA?$AA@ 00000001400070fc     runtime_dbg.o
 0002:00000116       ??_C@_1EC@IBADEGPM@?$AAP?$AAr?$AAo?$AAm?$AAi?$AAs?$AAe?$AA?5?$AAf?$AAo?$AAr?$AA?5?$AAs?$AAi?$AAz?$AAe?$AA?5?$AA?$CF?$AAl?$AAl?$AAd?$AA?5?$AAa?$AAl?$AAl?$AAo?$AAc?$AAa?$AAt?$AAe?$AAd?$AA?6@ 0000000140007116     runtime_dbg.o
 0002:00000166       ??_C@_1DO@OEOJCPLG@?$AAC?$AAl?$AAa?$AAs?$AAs?$AA?5?$AAf?$AAo?$AAr?$AA?5?$AAs?$AAi?$AAz?$AAe?$AA?5?$AA?$CF?$AAl?$AAl?$AAd?$AA?5?$AAa?$AAl?$AAl?$AAo?$AAc?$AAa?$AAt?$AAe?$AAd?$AA?6?$AA?$AA@ 0000000140007166     runtime_dbg.o
 0002:000001b0       ??_C@_1EO@GECEJMLH@?$AAD?$AAe?$AAf?$AAi?$AAn?$AAe?$AAd?$AA?5?$AAa?$AAr?$AAr?$AAa?$AAy?$AA?5?$AAf?$AAo?$AAr?$AA?5?$AAs?$AAi?$AAz?$AAe?$AA?5?$AA?$CF?$AAl?$AAl?$AAd?$AA?5?$AAa?$AAl?$AAl?$AAo@ 00000001400071b0     runtime_dbg.o
 0002:0000020e       ??_C@_1M@FHJLFHFE@?$AA?5?$AA?$CF?$AA0?$AA2?$AAx?$AA?$AA@ 000000014000720e     runtime_dbg.o
 0002:0000021c       ??_C@_13LBAGMAIH@?$AA?6?$AA?$AA@ 000000014000721c     runtime_dbg.o
 0002:00000220       ??_C@_1DC@NBDPBMKB@?$AAW?$AAr?$AAo?$AAn?$AAg?$AA?5?$AAt?$AAy?$AAp?$AAe?$AA?5?$AAi?$AAn?$AA?5?$AAN?$AAe?$AAw?$AAO?$AAb?$AAj?$AAe?$AAc?$AAt?$AA?6?$AA?$AA@ 0000000140007220     runtime_dbg.o
 0002:0000025c       ??_C@_1DA@IMNONGIJ@?$AAA?$AAw?$AAa?$AAi?$AAt?$AAi?$AAn?$AAg?$AA?5?$AAp?$AAr?$AAo?$AAm?$AAi?$AAs?$AAe?$AA?5?$AAa?$AAt?$AA?5?$AA?$CF?$AAp?$AA?6?$AA?$AA@ 000000014000725c     runtime_dbg.o
 0002:00000296       ??_C@_1DO@CBJEPNAO@?$AAP?$AAr?$AAo?$AAm?$AAi?$AAs?$AAe?$AA?$CI?$AAs?$AAe?$AAt?$AA?$DN?$AA?$CF?$AA0?$AA2?$AAx?$AA?0?$AA?5?$AAf?$AAi?$AAr?$AAs?$AAt?$AA4?$AAb?$AAy?$AAt?$AAe?$AAs?$AA?$DN?$AA?$AA@ 0000000140007296     runtime_dbg.o
 0002:000002e0       ??_C@_1M@OMOAGDNC@?$AA?$CF?$AA0?$AA2?$AAx?$AA?5?$AA?$AA@ 00000001400072e0     runtime_dbg.o
 0002:000002ee       ??_C@_15BCDOKMG@?$AA?$CJ?$AA?6?$AA?$AA@ 00000001400072ee     runtime_dbg.o
 0002:000002f6       ??_C@_1EO@JIHFKLGM@?$AAA?$AAr?$AAr?$AAa?$AAy?$AA?$CI?$AAl?$AAe?$AAn?$AAg?$AAt?$AAh?$AA?$DN?$AA?$CF?$AAl?$AAl?$AAd?$AA?0?$AA?5?$AAe?$AAl?$AAe?$AAm?$AAe?$AAn?$AAt?$AA_?$AAs?$AAi?$AAz?$AAe?$AA?$DN@ 00000001400072f6     runtime_dbg.o
 0002:00000354       ??_C@_15IPOKAMGA@?$AA?$HL?$AA?5?$AA?$AA@ 0000000140007354     runtime_dbg.o
 0002:0000035c       ??_C@_13EHOOFIKC@?$AA?$HN?$AA?$AA@ 000000014000735c     runtime_dbg.o
 0002:00000360       ??_C@_15JOGBDECP@?$AA?0?$AA?5?$AA?$AA@ 0000000140007360     runtime_dbg.o
 0002:00000368       ??_C@_1CG@OGLIMIIK@?$AAC?$AAl?$AAa?$AAs?$AAs?$AA?$CI?$AAf?$AAi?$AAr?$AAs?$AAt?$AA4?$AAb?$AAy?$AAt?$AAe?$AAs?$AA?$DN?$AA?$AA@ 0000000140007368     runtime_dbg.o
 0002:00000396       ??_C@_1DM@HBMDBMCD@?$AAO?$AAb?$AAj?$AAe?$AAc?$AAt?$AA?5?$AAo?$AAf?$AA?5?$AAu?$AAn?$AAk?$AAn?$AAo?$AAw?$AAn?$AA?5?$AAt?$AAy?$AAp?$AAe?$AA?3?$AA?5?$AA?$CF?$AA0?$AA2?$AAx?$AA?6?$AA?$AA@ 0000000140007396     runtime_dbg.o
 0002:000003de       ??_C@_1EG@GCAPNGMF@?$AAW?$AAo?$AAr?$AAk?$AAe?$AAr?$AA?5?$AAa?$AAd?$AAd?$AA?5?$AAt?$AAo?$AA?5?$AAw?$AAa?$AAi?$AAt?$AA?5?$AAl?$AAi?$AAs?$AAt?$AA?5?$AA?$FL?$AAn?$AAe?$AAx?$AAt?$AA?$DN?$AA?$CF?$AAp@ 00000001400073de     runtime_dbg.o
 0002:00000432       ??_C@_1DG@NGKLANNI@?$AAW?$AAo?$AAr?$AAk?$AAe?$AAr?$AA?5?$AAe?$AAn?$AAq?$AAu?$AAe?$AAu?$AAe?$AAd?$AA?5?$AA?$FL?$AAn?$AAe?$AAx?$AAt?$AA?$DN?$AA?$CF?$AAp?$AA?$FN?$AA?6?$AA?$AA@ 0000000140007432     runtime_dbg.o
 0002:00000472       ??_C@_1CO@BAHOKHFI@?$AA?6?$AAS?$AAh?$AAe?$AAd?$AAu?$AAl?$AAi?$AAn?$AAg?$AA?5?$AAn?$AAe?$AAw?$AA?5?$AAw?$AAo?$AAr?$AAk?$AAe?$AAr?$AA?6?$AA?$AA@ 0000000140007472     runtime_dbg.o
 0002:000004aa       ??_C@_1HO@HICANDHJ@?$AAC?$AAo?$AAn?$AAt?$AAi?$AAn?$AAu?$AAe?$AA?5?$AAw?$AAo?$AAr?$AAk?$AAe?$AAr?$AA?5?$AA?$CF?$AAl?$AAl?$AAd?$AA?5?$AAf?$AAr?$AAo?$AAm?$AA?5?$AA?$CF?$AAp?$AA?5?$AA?$FL?$AAr?$AAd@ 00000001400074aa     runtime_dbg.o
 0002:00000542       ??_C@_1CK@NBHIMJGA@?$AAc?$AAa?$AAl?$AAl?$AAi?$AAn?$AAg?$AA?5?$AAw?$AAo?$AAr?$AAk?$AAe?$AAr?$AA?5?$AA?$CF?$AAl?$AAl?$AAd?$AA?6?$AA?$AA@ 0000000140007542     runtime_dbg.o
 0002:00000574       ??_C@_1CE@FDGKEBHI@?$AAA?$AAR?$AAG?$AA?$FL?$AA?$CF?$AAl?$AAl?$AAd?$AA?$FN?$AA?5?$AA?$DN?$AA?5?$AA?$CF?$AAl?$AAl?$AAd?$AA?6?$AA?$AA@ 0000000140007574     runtime_dbg.o
 0002:000005a0       ??_C@_1EA@LCIBHMNK@?$AAo?$AAu?$AAt?$AAp?$AAu?$AAt?$AA?5?$AAi?$AAs?$AA?5?$AA?$CF?$AAp?$AA?5?$AA?$FL?$AA?9?$AA?$DO?$AAt?$AAo?$AA?5?$AAp?$AAr?$AAo?$AAm?$AAi?$AAs?$AAe?$AA?5?$AA?$CF?$AAp?$AA?$FN?$AA?6?$AA?$AA@ 00000001400075a0     runtime_dbg.o
 0002:000005ec       ??_C@_1CO@MGEJJCCL@?$AAr?$AAe?$AAt?$AAu?$AAr?$AAn?$AAe?$AAd?$AA?5?$AA?$CL?$AA?5?$AAE?$AAr?$AAr?$AAo?$AAr?$AA?$DN?$AA?$CF?$AAl?$AAl?$AAd?$AA?6?$AA?$AA@ 00000001400075ec     runtime_dbg.o
 0002:00000624       ??_C@_1FG@JIDNOGIJ@?$AAS?$AAt?$AAa?$AAr?$AAt?$AAi?$AAn?$AAg?$AA?5?$AAn?$AAe?$AAw?$AA?5?$AAw?$AAo?$AAr?$AAk?$AAe?$AAr?$AA?5?$AA?$CF?$AAl?$AAl?$AAd?$AA?5?$AA?$FL?$AAi?$AAn?$AAp?$AAu?$AAt?$AA?5@ 0000000140007624     runtime_dbg.o
 0002:0000068c       ??_C@_1DO@BFHBFJJL@?$AAC?$AAa?$AAl?$AAl?$AAi?$AAn?$AAg?$AA?5?$AAw?$AAo?$AAr?$AAk?$AAe?$AAr?$AA?5?$AA?$CF?$AAl?$AAl?$AAd?$AA?5?$AA?$FL?$AAd?$AAa?$AAt?$AAa?$AA?$DN?$AA?$CF?$AAp?$AA?$FN?$AA?6?$AA?$AA@ 000000014000768c     runtime_dbg.o
 0002:000006d6       ??_C@_1BC@GMOKLPI@?$AAT?$AAa?$AAb?$AAl?$AAe?$AA?5?$AA?$DN?$AA?5?$AA?$AA@ 00000001400076d6     runtime_dbg.o
 0002:000006ec       ??_C@_1EG@KLACJNPC@?$AAE?$AAr?$AAr?$AAo?$AAr?$AA?3?$AA?5?$AAt?$AAh?$AAi?$AAs?$AA?5?$AAi?$AAs?$AAn?$AA?8?$AAt?$AA?5?$AAh?$AAi?$AAv?$AAe?$AA?5?$AAe?$AAx?$AAe?$AAc?$AAu?$AAt?$AAa?$AAb?$AAl@ 00000001400076ec     runtime_dbg.o
 0002:00000740       ??_C@_1GG@OIFEBPCL@?$AAE?$AAr?$AAr?$AAo?$AAr?$AA?3?$AA?5?$AAt?$AAh?$AAi?$AAs?$AA?5?$AAi?$AAs?$AA?5?$AAe?$AAx?$AAe?$AAc?$AAu?$AAt?$AAa?$AAb?$AAl?$AAe?$AA?5?$AAo?$AAf?$AA?5?$AAn?$AAo?$AAt@ 0000000140007740     runtime_dbg.o
 0002:000007ba       ??_C@_1DC@FFLNADD@?$AAE?$AAr?$AAr?$AAo?$AAr?$AA?3?$AA?5?$AAw?$AAi?$AAn?$AAa?$AAp?$AAi?$AA?5?$AAe?$AAr?$AAr?$AAo?$AAr?$AA?5?$AA?$CF?$AAl?$AAd?$AA?6?$AA?$AA@ 00000001400077ba     runtime_dbg.o
 0002:000007f6       ??_C@_1BK@JJBOCJJN@?$AAs?$AAe?$AAt?$AA?5?$AAt?$AAo?$AA?5?$AA?$CF?$AAl?$AAl?$AAd?$AA?5?$AA?$AA@ 00000001400077f6     runtime_dbg.o
 0002:00000816       ??_C@_1BA@LPJEKMJJ@?$AAp?$AAt?$AAr?$AA?$DN?$AA?$CF?$AAp?$AA?6?$AA?$AA@ 0000000140007816     runtime_dbg.o
 0002:0000082a       ??_C@_1IG@FGNNCHGH@?$AAw?$AAo?$AAr?$AAk?$AAe?$AAr?$AA?5?$AA?$CF?$AAl?$AAl?$AAd?$AA?5?$AAi?$AAs?$AA?5?$AAd?$AAl?$AAl?$AA?5?$AAc?$AAa?$AAl?$AAl?$AA?5?$AAo?$AAf?$AA?5?$AAl?$AAi?$AAb?$AAr?$AAa@ 000000014000782a     runtime_dbg.o
 0002:000008ca       ??_C@_1CG@BIKDCCPC@?$AAs?$AAt?$AAa?$AAc?$AAk?$AA?5?$AAu?$AAs?$AAa?$AAg?$AAe?$AA?3?$AA?5?$AA?$CF?$AAl?$AAl?$AAd?$AA?6?$AA?$AA@ 00000001400078ca     runtime_dbg.o
 0002:000008f8       ??_C@_1GK@IGPNAPLE@?$AAo?$AAu?$AAt?$AAp?$AAu?$AAt?$AA?5?$AAh?$AAa?$AAv?$AAe?$AA?5?$AAs?$AAi?$AAz?$AAe?$AA?5?$AA?$CF?$AAl?$AAl?$AAd?$AA?5?$AA?$FL?$AAa?$AAn?$AAd?$AA?5?$AAa?$AAr?$AAg?$AAs?$AA?5@ 00000001400078f8     runtime_dbg.o
 0002:00000978       ??_C@_1DM@EEDFDKOL@?$AAa?$AAr?$AAg?$AAu?$AAm?$AAe?$AAn?$AAt?$AA?5?$AA?$CF?$AAl?$AAl?$AAd?$AA?5?$AAh?$AAa?$AAv?$AAe?$AA?5?$AAs?$AAi?$AAz?$AAe?$AA?5?$AA?$CF?$AAl?$AAl?$AAd?$AA?6?$AA?$AA@ 0000000140007978     runtime_dbg.o
 0002:000009c0       ??_C@_1KA@EGEHPIHI@?$AAW?$AAo?$AAr?$AAk?$AAe?$AAr?$AA?5?$AA?$CF?$AAl?$AAl?$AAd?$AA?5?$AAh?$AAa?$AAv?$AAe?$AA?5?$AAb?$AAe?$AAe?$AAn?$AA?5?$AAl?$AAo?$AAa?$AAd?$AAe?$AAd?$AA?5?$AAt?$AAo?$AA?5@ 00000001400079c0     runtime_dbg.o
 0002:00000a80       ??_C@_1HI@GNCDLKLI@?$AAE?$AAr?$AAr?$AAo?$AAr?$AA?3?$AA?5?$AAr?$AAu?$AAn?$AAt?$AAi?$AAm?$AAe?$AA?5?$AAd?$AAo?$AAe?$AAs?$AAn?$AA?8?$AAt?$AA?5?$AAs?$AAu?$AAp?$AAp?$AAo?$AAr?$AAt?$AA?5?$AAs@ 0000000140007a80     runtime_dbg.o
 0002:00000b10       ??_C@_1EC@HLLMLNEL@?$AAE?$AAr?$AAr?$AAo?$AAr?$AA?3?$AA?5?$AAu?$AAn?$AAk?$AAn?$AAo?$AAw?$AAn?$AA?5?$AAh?$AAe?$AAa?$AAd?$AAe?$AAr?$AA?5?$AAt?$AAy?$AAp?$AAe?$AA?5?$AA?$CF?$AAl?$AAl?$AAd?$AA?6@ 0000000140007b10     runtime_dbg.o
 0002:00000b60       ??_C@_1CC@DEIAIPBB@?$AA?4?$AA?4?$AA?1?$AA?4?$AA?4?$AA?1?$AA?4?$AA?4?$AA?1?$AAr?$AAe?$AAs?$AA?4?$AAb?$AAi?$AAn?$AA?$AA@ 0000000140007b60     runtime_dbg.o
 0002:00000b88       ??_C@_1FC@OGJDIOEJ@?$AAE?$AAr?$AAr?$AAo?$AAr?$AA?3?$AA?5?$AAc?$AAa?$AAn?$AA?8?$AAt?$AA?5?$AAo?$AAp?$AAe?$AAn?$AA?5?$AA?4?$AA?4?$AA?1?$AA?4?$AA?4?$AA?1?$AA?4?$AA?4?$AA?1?$AAr?$AAe?$AAs?$AA?4?$AAb@ 0000000140007b88     runtime_dbg.o
 0002:00000bea       ??_C@_1DA@COAPAANM@?$AAE?$AAr?$AAr?$AAo?$AAr?$AA?3?$AA?5?$AAa?$AAt?$AA?5?$AAl?$AAo?$AAa?$AAd?$AAi?$AAn?$AAg?$AA?5?$AAf?$AAi?$AAl?$AAe?$AA?6?$AA?$AA@ 0000000140007bea     runtime_dbg.o
 0002:00000c24       ??_C@_1CG@PNBFEFIC@?$AAR?$AAE?$AAA?$AAD?$AAI?$AAN?$AAG?$AA?5?$AAI?$AAN?$AAP?$AAU?$AAT?$AA?5?$AAA?$AAS?$AA?3?$AA?5?$AA?$AA@ 0000000140007c24     runtime_dbg.o
 0002:00000c52       ??_C@_1M@HLHACGAA@?$AA?$CF?$AAl?$AAl?$AAd?$AA?5?$AA?$AA@ 0000000140007c52     runtime_dbg.o
 0002:00000c60       ??_C@_1BI@KEMCAKCM@?$AAR?$AAu?$AAn?$AAn?$AAi?$AAn?$AAg?$AA?4?$AA?4?$AA?4?$AA?6?$AA?$AA@ 0000000140007c60     runtime_dbg.o
 0002:00000c7c       ??_C@_1CC@LGCEDAFN@?$AAA?$AAt?$AA?5?$AAe?$AAn?$AAd?$AA?5?$AAo?$AAb?$AAj?$AAe?$AAc?$AAt?$AAs?$AA?3?$AA?6?$AA?$AA@ 0000000140007c7c     runtime_dbg.o
 0002:00000ca4       ??_C@_1BI@HBEANEC@?$AA?$CF?$AA0?$AA2?$AAx?$AA?$DN?$AA?$FL?$AA?$CF?$AAl?$AAl?$AAx?$AA?$FN?$AA?$AA@ 0000000140007ca4     runtime_dbg.o
 0002:00000cc0       ??_C@_1FG@DPFHIKFA@?$AA?$CB?$AA?$CB?$AA?$CB?$AAA?$AAL?$AAL?$AA?5?$AAE?$AAX?$AAI?$AAS?$AAT?$AAI?$AAN?$AAG?$AA?5?$AAW?$AAO?$AAR?$AAK?$AAE?$AAR?$AAS?$AA?5?$AAA?$AAR?$AAE?$AA?5?$AAD?$AAE?$AAA?$AAD@ 0000000140007cc0     runtime_dbg.o
 0002:00000d28       ??_C@_1DO@BFPIHEIA@?$AAP?$AAr?$AAo?$AAg?$AAr?$AAa?$AAm?$AA?5?$AAe?$AAx?$AAi?$AAt?$AAe?$AAd?$AA?5?$AAw?$AAi?$AAt?$AAh?$AA?5?$AAc?$AAo?$AAd?$AAe?$AA?5?$AA?$CF?$AAl?$AAl?$AAx?$AA?6?$AA?$AA@ 0000000140007d28     runtime_dbg.o
 0002:00000d72       ??_C@_1GO@CEANDIOF@?$AAR?$AAe?$AAs?$AAu?$AAl?$AAt?$AA?5?$AAo?$AAf?$AA?5?$AAm?$AAa?$AAi?$AAn?$AA?5?$AAf?$AAu?$AAn?$AAc?$AAt?$AAi?$AAo?$AAn?$AA?5?$AAi?$AAs?$AAn?$AA?8?$AAt?$AA?5?$AAr?$AAe@ 0000000140007d72     runtime_dbg.o
 0002:00000df6       ??_C@_1BI@DOGCPILG@?$AAE?$AAR?$AAR?$AAO?$AAR?$AA?5?$AA?$CF?$AAl?$AAl?$AAd?$AA?6?$AA?$AA@ 0000000140007df6     runtime_lib_dbg.o
 0003:00000000       runningId                  0000000140009000     runtime_dbg.o
 0003:00000440       context                    0000000140009440     asm_dbg.o
 0003:00000a30       Workers                    0000000140009a30     runtime_dbg.o
 0003:00001390       object_array               000000014000a390     runtime_dbg.o
 0003:000c4890       object_array_len           00000001400cd890     runtime_dbg.o
 0003:000c4898       defined_arrays             00000001400cd898     runtime_dbg.o
 0003:000c48a0       ShedulerBuffer             00000001400cd8a0     runtime_dbg.o
 0003:000c48f0       wait_list_len              00000001400cd8f0     runtime_dbg.o
 0003:000c48f8       queue_len                  00000001400cd8f8     runtime_dbg.o
 0003:000c4900       wait_list                  00000001400cd900     runtime_dbg.o
 0003:000c4c20       queue                      00000001400cdc20     runtime_dbg.o
 0003:000ec380       data_buffer_end            00000001400f5380     runtime_lib_dbg.o
 0003:000ec388       data_buffer                00000001400f5388     runtime_lib_dbg.o
 0003:000ec390       commited                   00000001400f5390     runtime_lib_dbg.o
 0003:000ec398       hInput                     00000001400f5398     runtime_lib_dbg.o
 0003:000ec3a0       buf                        00000001400f53a0     runtime_lib_dbg.o
 0003:000ed3a0       hOutput                    00000001400f63a0     runtime_lib_dbg.o
 0004:00000000       __imp_GetLastError         00000001400f7000     kernel32:KERNEL32.dll
 0004:00000008       __imp_VirtualAlloc         00000001400f7008     kernel32:KERNEL32.dll
 0004:00000010       __imp_LoadLibraryA         00000001400f7010     kernel32:KERNEL32.dll
 0004:00000018       __imp_GetProcAddress       00000001400f7018     kernel32:KERNEL32.dll
 0004:00000020       __imp_CreateFileW          00000001400f7020     kernel32:KERNEL32.dll
 0004:00000028       __imp_GetFileSizeEx        00000001400f7028     kernel32:KERNEL32.dll
 0004:00000030       __imp_ReadFile             00000001400f7030     kernel32:KERNEL32.dll
 0004:00000038       __imp_CloseHandle          00000001400f7038     kernel32:KERNEL32.dll
 0004:00000040       __imp_GetCommandLineW      00000001400f7040     kernel32:KERNEL32.dll
 0004:00000048       __imp_ExitProcess          00000001400f7048     kernel32:KERNEL32.dll
 0004:00000050       __imp_ReadConsoleW         00000001400f7050     kernel32:KERNEL32.dll
 0004:00000058       __imp_MultiByteToWideChar  00000001400f7058     kernel32:KERNEL32.dll
 0004:00000060       __imp_WriteConsoleW        00000001400f7060     kernel32:KERNEL32.dll
 0004:00000068       __imp_GetStdHandle         00000001400f7068     kernel32:KERNEL32.dll
 0004:00000070       \177KERNEL32_NULL_THUNK_DATA 00000001400f7070     kernel32:KERNEL32.dll
 0004:000000d8       __imp_CommandLineToArgvW   00000001400f70d8     shell32:SHELL32.dll
 0004:000000e0       \177SHELL32_NULL_THUNK_DATA 00000001400f70e0     shell32:SHELL32.dll
 0004:00000138       __IMPORT_DESCRIPTOR_KERNEL32 00000001400f7138     kernel32:KERNEL32.dll
 0004:0000014c       __IMPORT_DESCRIPTOR_SHELL32 00000001400f714c     shell32:SHELL32.dll
 0004:00000160       __NULL_IMPORT_DESCRIPTOR   00000001400f7160     kernel32:KERNEL32.dll

 entry point at        0001:00000014

 Static symbols

 0000:fff08000       .debug$S                   0000000140000000     kernel32:KERNEL32.dll
 0000:fff08000       .debug$S                   0000000140000000     kernel32:KERNEL32.dll
 0000:fff08000       .debug$S                   0000000140000000     kernel32:KERNEL32.dll
 0000:fff08000       .debug$S                   0000000140000000     kernel32:KERNEL32.dll
 0000:fff08000       .debug$S                   0000000140000000     kernel32:KERNEL32.dll
 0000:fff08000       .debug$S                   0000000140000000     kernel32:KERNEL32.dll
 0000:fff08000       .debug$S                   0000000140000000     kernel32:KERNEL32.dll
 0000:fff08000       .debug$S                   0000000140000000     kernel32:KERNEL32.dll
 0000:fff08000       .debug$S                   0000000140000000     kernel32:KERNEL32.dll
 0000:fff08000       .debug$S                   0000000140000000     kernel32:KERNEL32.dll
 0000:fff08000       .debug$S                   0000000140000000     kernel32:KERNEL32.dll
 0000:fff08000       .debug$S                   0000000140000000     kernel32:KERNEL32.dll
 0000:fff08000       .debug$S                   0000000140000000     kernel32:KERNEL32.dll
 0000:fff08000       .debug$S                   0000000140000000     kernel32:KERNEL32.dll
 0000:fff08000       .debug$S                   0000000140000000     shell32:SHELL32.dll
 0001:000032d4       .text                      00000001400042d4     asm_dbg.o
 0001:00003380       .text                      0000000140004380     asm_dbg.o
 0001:00003460       .text                      0000000140004460     asm_dbg.o
 0003:00000040       .data                      0000000140009040     asm_dbg.o
 0003:00000840       .data                      0000000140009840     asm_dbg.o
 0003:000008c0       .data                      00000001400098c0     asm_dbg.o
 0004:00000390       .idata$6                   00000001400f7390     kernel32:KERNEL32.dll
 0004:000003b4       .idata$6                   00000001400f73b4     shell32:SHELL32.dll
