 d

 Timestamp is 69656042 (Mon Jan 12 23:57:38 2026)

 Preferred load address is 0000000140000000

 Start         Length     Name                   Class
 0001:00000000 0000411dH .text                   CODE
 0001:0000411d 00001078H .text$mn                CODE
 0002:00000000 00000d64H .rdata                  DATA
 0002:00000d63 00000000H .edata                  DATA
 0002:00000d64 00000169H .rdata$zzzdbg           DATA
 0003:00000000 00000a30H .data                   DATA
 0003:00000a30 00004c33H .bss                    DATA
 0004:00000000 00000148H .idata$5                DATA
 0004:00000148 00000028H .idata$2                DATA
 0004:00000170 00000018H .idata$3                DATA
 0004:00000188 00000148H .idata$4                DATA
 0004:000002d0 0000023aH .idata$6                DATA

  Address         Publics by Value              Rva+Base               Lib:Object

 0000:00000000       __AbsoluteZero             0000000000000000     <absolute>
 0000:00000000       ___safe_se_handler_count   0000000000000000     <absolute>
 0000:00000000       ___safe_se_handler_table   0000000000000000     <absolute>
 0000:00000000       __arm64x_extra_rfe_table   0000000000000000     <absolute>
 0000:00000000       __arm64x_extra_rfe_table_size 0000000000000000     <absolute>
 0000:00000000       __arm64x_native_entrypoint 0000000000000000     <absolute>
 0000:00000000       __arm64x_redirection_metadata 0000000000000000     <absolute>
 0000:00000000       __arm64x_redirection_metadata_count 0000000000000000     <absolute>
 0000:00000000       __dynamic_value_reloc_table 0000000000000000     <absolute>
 0000:00000000       __enclave_config           0000000000000000     <absolute>
 0000:00000000       __guard_check_icall_a64n_fptr 0000000000000000     <absolute>
 0000:00000000       __guard_eh_cont_count      0000000000000000     <absolute>
 0000:00000000       __guard_eh_cont_table      0000000000000000     <absolute>
 0000:00000000       __guard_fids_count         0000000000000000     <absolute>
 0000:00000000       __guard_fids_table         0000000000000000     <absolute>
 0000:00000000       __guard_flags              0000000000000000     <absolute>
 0000:00000000       __guard_iat_count          0000000000000000     <absolute>
 0000:00000000       __guard_iat_table          0000000000000000     <absolute>
 0000:00000000       __guard_longjmp_count      0000000000000000     <absolute>
 0000:00000000       __guard_longjmp_table      0000000000000000     <absolute>
 0000:00000000       __hybrid_auxiliary_delayload_iat 0000000000000000     <absolute>
 0000:00000000       __hybrid_auxiliary_delayload_iat_copy 0000000000000000     <absolute>
 0000:00000000       __hybrid_auxiliary_iat     0000000000000000     <absolute>
 0000:00000000       __hybrid_auxiliary_iat_copy 0000000000000000     <absolute>
 0000:00000000       __hybrid_code_map          0000000000000000     <absolute>
 0000:00000000       __hybrid_code_map_count    0000000000000000     <absolute>
 0000:00000000       __hybrid_image_info_bitfield 0000000000000000     <absolute>
 0000:00000000       __volatile_metadata        0000000000000000     <absolute>
 0000:00000000       __x64_code_ranges_to_entry_points 0000000000000000     <absolute>
 0000:00000000       __x64_code_ranges_to_entry_points_count 0000000000000000     <absolute>
 0001:000000f0       NewObject                  00000001400010f0 f   runtime_dbg.o
 0001:000002a0       PushObject                 00000001400012a0 f   runtime_dbg.o
 0001:000002b0       QueryObject                00000001400012b0 f   runtime_dbg.o
 0001:000003a0       WaitListWorker             00000001400013a0 f   runtime_dbg.o
 0001:000003f0       PrintObject                00000001400013f0 f   runtime_dbg.o
 0001:00000590       EnqueueWorker              0000000140001590 f   runtime_dbg.o
 0001:000005e0       SheduleWorker              00000001400015e0 f   runtime_dbg.o
 0001:00000bf0       StartNewWorker             0000000140001bf0 f   runtime_dbg.o
 0001:00000c90       CallObject                 0000000140001c90 f   runtime_dbg.o
 0001:00000d70       LoadWorker                 0000000140001d70 f   runtime_dbg.o
 0001:00001670       entry                      0000000140002670 f   runtime_dbg.o
 0001:000020f0       myMalloc                   00000001400030f0 f   runtime_lib_dbg.o
 0001:00002190       myPrintf                   0000000140003190 f   runtime_lib_dbg.o
 0001:000024c0       myFree                     00000001400034c0 f   runtime_lib_dbg.o
 0001:000024d0       memset                     00000001400034d0 f   runtime_lib_dbg.o
 0001:00002530       myMemcpy                   0000000140003530 f   runtime_lib_dbg.o
 0001:000025a0       myAtoll                    00000001400035a0 f   runtime_lib_dbg.o
 0001:000026e0       myScanI64                  00000001400036e0 f   runtime_lib_dbg.o
 0001:00002790       PrintI64                   0000000140003790 f   runtime_lib_dbg.o
 0001:00002860       PrintI64H                  0000000140003860 f   runtime_lib_dbg.o
 0001:00002900       Print2H                    0000000140003900 f   runtime_lib_dbg.o
 0001:000029a0       init_lib                   00000001400039a0 f   runtime_lib_dbg.o
 0001:00002c88       fastPushObject             0000000140003c88     asm_dbg.o
 0001:00002d56       fastQueryObject            0000000140003d56     asm_dbg.o
 0001:00002eba       fastNewObject              0000000140003eba     asm_dbg.o
 0001:00002eed       fastCallObject             0000000140003eed     asm_dbg.o
 0001:00002f20       ExecuteWorker              0000000140003f20     asm_dbg.o
 0001:00002f67       setjmpUN                   0000000140003f67     asm_dbg.o
 0001:00002f9a       longjmpUN                  0000000140003f9a     asm_dbg.o
 0001:00002fc3       DllCall                    0000000140003fc3     asm_dbg.o
 0001:0000411d       VirtualAlloc               000000014000511d f   kernel32:KERNEL32.dll
 0001:00004123       GetLastError               0000000140005123 f   kernel32:KERNEL32.dll
 0001:00004129       LoadLibraryA               0000000140005129 f   kernel32:KERNEL32.dll
 0001:0000412f       GetProcAddress             000000014000512f f   kernel32:KERNEL32.dll
 0001:00004135       FreeLibrary                0000000140005135 f   kernel32:KERNEL32.dll
 0001:0000413b       CreateFileW                000000014000513b f   kernel32:KERNEL32.dll
 0001:00004141       GetFileSizeEx              0000000140005141 f   kernel32:KERNEL32.dll
 0001:00004147       ReadFile                   0000000140005147 f   kernel32:KERNEL32.dll
 0001:0000414d       CloseHandle                000000014000514d f   kernel32:KERNEL32.dll
 0001:00004153       GetCommandLineW            0000000140005153 f   kernel32:KERNEL32.dll
 0001:00004159       ExitProcess                0000000140005159 f   kernel32:KERNEL32.dll
 0001:0000415f       MultiByteToWideChar        000000014000515f f   kernel32:KERNEL32.dll
 0001:00004165       WriteConsoleW              0000000140005165 f   kernel32:KERNEL32.dll
 0001:0000416b       ReadConsoleW               000000014000516b f   kernel32:KERNEL32.dll
 0001:00004171       GetStdHandle               0000000140005171 f   kernel32:KERNEL32.dll
 0001:00004177       CommandLineToArgvW         0000000140005177 f   shell32:SHELL32.dll
 0002:00000014       ??_C@_1GK@LJBKHIKD@?$AAA?$AAr?$AAr?$AAa?$AAy?$AA?5?$AAo?$AAf?$AA?5?$AA?$CF?$AAl?$AAl?$AAd?$AA?5?$AAb?$AAy?$AAt?$AAe?$AAs?$AA?0?$AA?5?$AAe?$AAl?$AAe?$AAm?$AAe?$AAn?$AAt?$AA?5?$AAo?$AAf?$AA?5@ 0000000140007014     runtime_dbg.o
 0002:00000094       ??_C@_1BM@JFCHDFHB@?$AA?$FL?$AAi?$AAd?$AA?$DN?$AA?$CF?$AA0?$AA1?$AA6?$AAl?$AAl?$AAx?$AA?$FN?$AA?6?$AA?$AA@ 0000000140007094     runtime_dbg.o
 0002:000000b6       ??_C@_1EC@IBADEGPM@?$AAP?$AAr?$AAo?$AAm?$AAi?$AAs?$AAe?$AA?5?$AAf?$AAo?$AAr?$AA?5?$AAs?$AAi?$AAz?$AAe?$AA?5?$AA?$CF?$AAl?$AAl?$AAd?$AA?5?$AAa?$AAl?$AAl?$AAo?$AAc?$AAa?$AAt?$AAe?$AAd?$AA?6@ 00000001400070b6     runtime_dbg.o
 0002:00000106       ??_C@_1DC@NBDPBMKB@?$AAW?$AAr?$AAo?$AAn?$AAg?$AA?5?$AAt?$AAy?$AAp?$AAe?$AA?5?$AAi?$AAn?$AA?5?$AAN?$AAe?$AAw?$AAO?$AAb?$AAj?$AAe?$AAc?$AAt?$AA?6?$AA?$AA@ 0000000140007106     runtime_dbg.o
 0002:00000142       ??_C@_1DA@IMNONGIJ@?$AAA?$AAw?$AAa?$AAi?$AAt?$AAi?$AAn?$AAg?$AA?5?$AAp?$AAr?$AAo?$AAm?$AAi?$AAs?$AAe?$AA?5?$AAa?$AAt?$AA?5?$AA?$CF?$AAp?$AA?6?$AA?$AA@ 0000000140007142     runtime_dbg.o
 0002:0000017c       ??_C@_1DK@IPBJCMPA@?$AAP?$AAr?$AAo?$AAm?$AAi?$AAs?$AAe?$AA?$CI?$AAs?$AAe?$AAt?$AA?$DN?$AA?$CF?$AAd?$AA?0?$AA?5?$AAf?$AAi?$AAr?$AAs?$AAt?$AA4?$AAb?$AAy?$AAt?$AAe?$AAs?$AA?$DN?$AA?$AA@ 000000014000717c     runtime_dbg.o
 0002:000001c2       ??_C@_1M@OMOAGDNC@?$AA?$CF?$AA0?$AA2?$AAx?$AA?5?$AA?$AA@ 00000001400071c2     runtime_dbg.o
 0002:000001d0       ??_C@_15BCDOKMG@?$AA?$CJ?$AA?6?$AA?$AA@ 00000001400071d0     runtime_dbg.o
 0002:000001d8       ??_C@_1EO@JIHFKLGM@?$AAA?$AAr?$AAr?$AAa?$AAy?$AA?$CI?$AAl?$AAe?$AAn?$AAg?$AAt?$AAh?$AA?$DN?$AA?$CF?$AAl?$AAl?$AAd?$AA?0?$AA?5?$AAe?$AAl?$AAe?$AAm?$AAe?$AAn?$AAt?$AA_?$AAs?$AAi?$AAz?$AAe?$AA?$DN@ 00000001400071d8     runtime_dbg.o
 0002:00000236       ??_C@_15IPOKAMGA@?$AA?$HL?$AA?5?$AA?$AA@ 0000000140007236     runtime_dbg.o
 0002:0000023e       ??_C@_13EHOOFIKC@?$AA?$HN?$AA?$AA@ 000000014000723e     runtime_dbg.o
 0002:00000242       ??_C@_15JOGBDECP@?$AA?0?$AA?5?$AA?$AA@ 0000000140007242     runtime_dbg.o
 0002:0000024a       ??_C@_1DI@KNKNDNLH@?$AAO?$AAb?$AAj?$AAe?$AAc?$AAt?$AA?5?$AAo?$AAf?$AA?5?$AAu?$AAn?$AAk?$AAn?$AAo?$AAw?$AAn?$AA?5?$AAt?$AAy?$AAp?$AAe?$AA?3?$AA?5?$AA?$CF?$AAd?$AA?6?$AA?$AA@ 000000014000724a     runtime_dbg.o
 0002:0000028e       ??_C@_1EG@GCAPNGMF@?$AAW?$AAo?$AAr?$AAk?$AAe?$AAr?$AA?5?$AAa?$AAd?$AAd?$AA?5?$AAt?$AAo?$AA?5?$AAw?$AAa?$AAi?$AAt?$AA?5?$AAl?$AAi?$AAs?$AAt?$AA?5?$AA?$FL?$AAn?$AAe?$AAx?$AAt?$AA?$DN?$AA?$CF?$AAp@ 000000014000728e     runtime_dbg.o
 0002:000002e2       ??_C@_1DG@NGKLANNI@?$AAW?$AAo?$AAr?$AAk?$AAe?$AAr?$AA?5?$AAe?$AAn?$AAq?$AAu?$AAe?$AAu?$AAe?$AAd?$AA?5?$AA?$FL?$AAn?$AAe?$AAx?$AAt?$AA?$DN?$AA?$CF?$AAp?$AA?$FN?$AA?6?$AA?$AA@ 00000001400072e2     runtime_dbg.o
 0002:00000322       ??_C@_1CO@BAHOKHFI@?$AA?6?$AAS?$AAh?$AAe?$AAd?$AAu?$AAl?$AAi?$AAn?$AAg?$AA?5?$AAn?$AAe?$AAw?$AA?5?$AAw?$AAo?$AAr?$AAk?$AAe?$AAr?$AA?6?$AA?$AA@ 0000000140007322     runtime_dbg.o
 0002:0000035a       ??_C@_1IE@PLHGEPJD@?$AAC?$AAo?$AAn?$AAt?$AAi?$AAn?$AAu?$AAe?$AA?5?$AAw?$AAo?$AAr?$AAk?$AAe?$AAr?$AA?5?$AA?$CF?$AAl?$AAl?$AAd?$AA?5?$AAf?$AAr?$AAo?$AAm?$AA?5?$AA?$CF?$AAp?$AA?5?$AA?$FL?$AAr?$AAd@ 000000014000735a     runtime_dbg.o
 0002:000003f8       ??_C@_1CK@NBHIMJGA@?$AAc?$AAa?$AAl?$AAl?$AAi?$AAn?$AAg?$AA?5?$AAw?$AAo?$AAr?$AAk?$AAe?$AAr?$AA?5?$AA?$CF?$AAl?$AAl?$AAd?$AA?6?$AA?$AA@ 00000001400073f8     runtime_dbg.o
 0002:0000042a       ??_C@_1CE@FDGKEBHI@?$AAA?$AAR?$AAG?$AA?$FL?$AA?$CF?$AAl?$AAl?$AAd?$AA?$FN?$AA?5?$AA?$DN?$AA?5?$AA?$CF?$AAl?$AAl?$AAd?$AA?6?$AA?$AA@ 000000014000742a     runtime_dbg.o
 0002:00000456       ??_C@_1EA@LCIBHMNK@?$AAo?$AAu?$AAt?$AAp?$AAu?$AAt?$AA?5?$AAi?$AAs?$AA?5?$AA?$CF?$AAp?$AA?5?$AA?$FL?$AA?9?$AA?$DO?$AAt?$AAo?$AA?5?$AAp?$AAr?$AAo?$AAm?$AAi?$AAs?$AAe?$AA?5?$AA?$CF?$AAp?$AA?$FN?$AA?6?$AA?$AA@ 0000000140007456     runtime_dbg.o
 0002:000004a2       ??_C@_1BE@PAAAOKJI@?$AAr?$AAe?$AAt?$AAu?$AAr?$AAn?$AAe?$AAd?$AA?6?$AA?$AA@ 00000001400074a2     runtime_dbg.o
 0002:000004ba       ??_C@_1FG@JIDNOGIJ@?$AAS?$AAt?$AAa?$AAr?$AAt?$AAi?$AAn?$AAg?$AA?5?$AAn?$AAe?$AAw?$AA?5?$AAw?$AAo?$AAr?$AAk?$AAe?$AAr?$AA?5?$AA?$CF?$AAl?$AAl?$AAd?$AA?5?$AA?$FL?$AAi?$AAn?$AAp?$AAu?$AAt?$AA?5@ 00000001400074ba     runtime_dbg.o
 0002:00000522       ??_C@_1DO@BFHBFJJL@?$AAC?$AAa?$AAl?$AAl?$AAi?$AAn?$AAg?$AA?5?$AAw?$AAo?$AAr?$AAk?$AAe?$AAr?$AA?5?$AA?$CF?$AAl?$AAl?$AAd?$AA?5?$AA?$FL?$AAd?$AAa?$AAt?$AAa?$AA?$DN?$AA?$CF?$AAp?$AA?$FN?$AA?6?$AA?$AA@ 0000000140007522     runtime_dbg.o
 0002:0000056c       ??_C@_1BC@GMOKLPI@?$AAT?$AAa?$AAb?$AAl?$AAe?$AA?5?$AA?$DN?$AA?5?$AA?$AA@ 000000014000756c     runtime_dbg.o
 0002:00000582       ??_C@_13LBAGMAIH@?$AA?6?$AA?$AA@ 0000000140007582     runtime_dbg.o
 0002:00000586       ??_C@_1EG@KLACJNPC@?$AAE?$AAr?$AAr?$AAo?$AAr?$AA?3?$AA?5?$AAt?$AAh?$AAi?$AAs?$AA?5?$AAi?$AAs?$AAn?$AA?8?$AAt?$AA?5?$AAh?$AAi?$AAv?$AAe?$AA?5?$AAe?$AAx?$AAe?$AAc?$AAu?$AAt?$AAa?$AAb?$AAl@ 0000000140007586     runtime_dbg.o
 0002:000005da       ??_C@_1GG@OIFEBPCL@?$AAE?$AAr?$AAr?$AAo?$AAr?$AA?3?$AA?5?$AAt?$AAh?$AAi?$AAs?$AA?5?$AAi?$AAs?$AA?5?$AAe?$AAx?$AAe?$AAc?$AAu?$AAt?$AAa?$AAb?$AAl?$AAe?$AA?5?$AAo?$AAf?$AA?5?$AAn?$AAo?$AAt@ 00000001400075da     runtime_dbg.o
 0002:00000654       ??_C@_1DC@FFLNADD@?$AAE?$AAr?$AAr?$AAo?$AAr?$AA?3?$AA?5?$AAw?$AAi?$AAn?$AAa?$AAp?$AAi?$AA?5?$AAe?$AAr?$AAr?$AAo?$AAr?$AA?5?$AA?$CF?$AAl?$AAd?$AA?6?$AA?$AA@ 0000000140007654     runtime_dbg.o
 0002:00000690       ??_C@_1BK@JJBOCJJN@?$AAs?$AAe?$AAt?$AA?5?$AAt?$AAo?$AA?5?$AA?$CF?$AAl?$AAl?$AAd?$AA?5?$AA?$AA@ 0000000140007690     runtime_dbg.o
 0002:000006b0       ??_C@_1BA@LPJEKMJJ@?$AAp?$AAt?$AAr?$AA?$DN?$AA?$CF?$AAp?$AA?6?$AA?$AA@ 00000001400076b0     runtime_dbg.o
 0002:000006c4       ??_C@_1IG@FGNNCHGH@?$AAw?$AAo?$AAr?$AAk?$AAe?$AAr?$AA?5?$AA?$CF?$AAl?$AAl?$AAd?$AA?5?$AAi?$AAs?$AA?5?$AAd?$AAl?$AAl?$AA?5?$AAc?$AAa?$AAl?$AAl?$AA?5?$AAo?$AAf?$AA?5?$AAl?$AAi?$AAb?$AAr?$AAa@ 00000001400076c4     runtime_dbg.o
 0002:00000764       ??_C@_1CG@BIKDCCPC@?$AAs?$AAt?$AAa?$AAc?$AAk?$AA?5?$AAu?$AAs?$AAa?$AAg?$AAe?$AA?3?$AA?5?$AA?$CF?$AAl?$AAl?$AAd?$AA?6?$AA?$AA@ 0000000140007764     runtime_dbg.o
 0002:00000792       ??_C@_1GK@IGPNAPLE@?$AAo?$AAu?$AAt?$AAp?$AAu?$AAt?$AA?5?$AAh?$AAa?$AAv?$AAe?$AA?5?$AAs?$AAi?$AAz?$AAe?$AA?5?$AA?$CF?$AAl?$AAl?$AAd?$AA?5?$AA?$FL?$AAa?$AAn?$AAd?$AA?5?$AAa?$AAr?$AAg?$AAs?$AA?5@ 0000000140007792     runtime_dbg.o
 0002:00000812       ??_C@_1DM@EEDFDKOL@?$AAa?$AAr?$AAg?$AAu?$AAm?$AAe?$AAn?$AAt?$AA?5?$AA?$CF?$AAl?$AAl?$AAd?$AA?5?$AAh?$AAa?$AAv?$AAe?$AA?5?$AAs?$AAi?$AAz?$AAe?$AA?5?$AA?$CF?$AAl?$AAl?$AAd?$AA?6?$AA?$AA@ 0000000140007812     runtime_dbg.o
 0002:0000085a       ??_C@_1KG@DNHCNLC@?$AAW?$AAo?$AAr?$AAk?$AAe?$AAr?$AA?5?$AA?$CF?$AAl?$AAl?$AAd?$AA?5?$AAh?$AAa?$AAv?$AAe?$AA?5?$AAb?$AAe?$AAe?$AAn?$AA?5?$AAl?$AAo?$AAa?$AAd?$AAe?$AAd?$AA?5?$AAt?$AAo?$AA?5@ 000000014000785a     runtime_dbg.o
 0002:00000922       ??_C@_1DO@FNEEBHJK@?$AAE?$AAr?$AAr?$AAo?$AAr?$AA?3?$AA?5?$AAu?$AAn?$AAk?$AAn?$AAo?$AAw?$AAn?$AA?5?$AAh?$AAe?$AAa?$AAd?$AAe?$AAr?$AA?5?$AAt?$AAy?$AAp?$AAe?$AA?5?$AA?$CF?$AAu?$AA?6?$AA?$AA@ 0000000140007922     runtime_dbg.o
 0002:0000096c       ??_C@_1CC@DEIAIPBB@?$AA?4?$AA?4?$AA?1?$AA?4?$AA?4?$AA?1?$AA?4?$AA?4?$AA?1?$AAr?$AAe?$AAs?$AA?4?$AAb?$AAi?$AAn?$AA?$AA@ 000000014000796c     runtime_dbg.o
 0002:00000994       ??_C@_1FC@OGJDIOEJ@?$AAE?$AAr?$AAr?$AAo?$AAr?$AA?3?$AA?5?$AAc?$AAa?$AAn?$AA?8?$AAt?$AA?5?$AAo?$AAp?$AAe?$AAn?$AA?5?$AA?4?$AA?4?$AA?1?$AA?4?$AA?4?$AA?1?$AA?4?$AA?4?$AA?1?$AAr?$AAe?$AAs?$AA?4?$AAb@ 0000000140007994     runtime_dbg.o
 0002:000009f6       ??_C@_1DA@COAPAANM@?$AAE?$AAr?$AAr?$AAo?$AAr?$AA?3?$AA?5?$AAa?$AAt?$AA?5?$AAl?$AAo?$AAa?$AAd?$AAi?$AAn?$AAg?$AA?5?$AAf?$AAi?$AAl?$AAe?$AA?6?$AA?$AA@ 00000001400079f6     runtime_dbg.o
 0002:00000a30       ??_C@_1CG@PNBFEFIC@?$AAR?$AAE?$AAA?$AAD?$AAI?$AAN?$AAG?$AA?5?$AAI?$AAN?$AAP?$AAU?$AAT?$AA?5?$AAA?$AAS?$AA?3?$AA?5?$AA?$AA@ 0000000140007a30     runtime_dbg.o
 0002:00000a5e       ??_C@_1M@HLHACGAA@?$AA?$CF?$AAl?$AAl?$AAd?$AA?5?$AA?$AA@ 0000000140007a5e     runtime_dbg.o
 0002:00000a6c       ??_C@_1BI@KEMCAKCM@?$AAR?$AAu?$AAn?$AAn?$AAi?$AAn?$AAg?$AA?4?$AA?4?$AA?4?$AA?6?$AA?$AA@ 0000000140007a6c     runtime_dbg.o
 0002:00000a88       ??_C@_1CC@LGCEDAFN@?$AAA?$AAt?$AA?5?$AAe?$AAn?$AAd?$AA?5?$AAo?$AAb?$AAj?$AAe?$AAc?$AAt?$AAs?$AA?3?$AA?6?$AA?$AA@ 0000000140007a88     runtime_dbg.o
 0002:00000ab0       ??_C@_17LKGPCBJE@?$AA?$CF?$AAd?$AA?$DN?$AA?$AA@ 0000000140007ab0     runtime_dbg.o
 0002:00000aba       ??_C@_1FG@DPFHIKFA@?$AA?$CB?$AA?$CB?$AA?$CB?$AAA?$AAL?$AAL?$AA?5?$AAE?$AAX?$AAI?$AAS?$AAT?$AAI?$AAN?$AAG?$AA?5?$AAW?$AAO?$AAR?$AAK?$AAE?$AAR?$AAS?$AA?5?$AAA?$AAR?$AAE?$AA?5?$AAD?$AAE?$AAA?$AAD@ 0000000140007aba     runtime_dbg.o
 0002:00000b22       ??_C@_1DK@IECCGAAH@?$AAP?$AAr?$AAo?$AAg?$AAr?$AAa?$AAm?$AA?5?$AAe?$AAx?$AAi?$AAt?$AAe?$AAd?$AA?5?$AAw?$AAi?$AAt?$AAh?$AA?5?$AAc?$AAo?$AAd?$AAe?$AA?5?$AA?$CF?$AAd?$AA?6?$AA?$AA@ 0000000140007b22     runtime_dbg.o
 0002:00000b68       ??_C@_1GO@CEANDIOF@?$AAR?$AAe?$AAs?$AAu?$AAl?$AAt?$AA?5?$AAo?$AAf?$AA?5?$AAm?$AAa?$AAi?$AAn?$AA?5?$AAf?$AAu?$AAn?$AAc?$AAt?$AAi?$AAo?$AAn?$AA?5?$AAi?$AAs?$AAn?$AA?8?$AAt?$AA?5?$AAr?$AAe@ 0000000140007b68     runtime_dbg.o
 0002:00000bec       ??_C@_1BI@DOGCPILG@?$AAE?$AAR?$AAR?$AAO?$AAR?$AA?5?$AA?$CF?$AAl?$AAl?$AAd?$AA?6?$AA?$AA@ 0000000140007bec     runtime_lib_dbg.o
 0003:00000000       runningId                  0000000140008000     runtime_dbg.o
 0003:00000440       context                    0000000140008440     asm_dbg.o
 0003:00000a30       Workers                    0000000140008a30     runtime_dbg.o
 0003:00001390       object_array               0000000140009390     runtime_dbg.o
 0003:000032d0       object_array_len           000000014000b2d0     runtime_dbg.o
 0003:000032d8       ShedulerBuffer             000000014000b2d8     runtime_dbg.o
 0003:00003328       wait_list_len              000000014000b328     runtime_dbg.o
 0003:00003330       queue_len                  000000014000b330     runtime_dbg.o
 0003:00003340       wait_list                  000000014000b340     runtime_dbg.o
 0003:00003660       queue                      000000014000b660     runtime_dbg.o
 0003:00004300       buffer_end                 000000014000c300     runtime_lib_dbg.o
 0003:00004308       buffer                     000000014000c308     runtime_lib_dbg.o
 0003:00004310       commited                   000000014000c310     runtime_lib_dbg.o
 0003:00004318       hInput                     000000014000c318     runtime_lib_dbg.o
 0003:00004320       buf                        000000014000c320     runtime_lib_dbg.o
 0003:00005320       hOutput                    000000014000d320     runtime_lib_dbg.o
 0004:00000000       __imp_VirtualAlloc         000000014000e000     kernel32:KERNEL32.dll
 0004:00000008       __imp_GetLastError         000000014000e008     kernel32:KERNEL32.dll
 0004:00000010       __imp_LoadLibraryA         000000014000e010     kernel32:KERNEL32.dll
 0004:00000018       __imp_GetProcAddress       000000014000e018     kernel32:KERNEL32.dll
 0004:00000020       __imp_FreeLibrary          000000014000e020     kernel32:KERNEL32.dll
 0004:00000028       __imp_CreateFileW          000000014000e028     kernel32:KERNEL32.dll
 0004:00000030       __imp_GetFileSizeEx        000000014000e030     kernel32:KERNEL32.dll
 0004:00000038       __imp_ReadFile             000000014000e038     kernel32:KERNEL32.dll
 0004:00000040       __imp_CloseHandle          000000014000e040     kernel32:KERNEL32.dll
 0004:00000048       __imp_GetCommandLineW      000000014000e048     kernel32:KERNEL32.dll
 0004:00000050       __imp_ExitProcess          000000014000e050     kernel32:KERNEL32.dll
 0004:00000058       __imp_MultiByteToWideChar  000000014000e058     kernel32:KERNEL32.dll
 0004:00000060       __imp_WriteConsoleW        000000014000e060     kernel32:KERNEL32.dll
 0004:00000068       __imp_ReadConsoleW         000000014000e068     kernel32:KERNEL32.dll
 0004:00000070       __imp_GetStdHandle         000000014000e070     kernel32:KERNEL32.dll
 0004:00000078       \177KERNEL32_NULL_THUNK_DATA 000000014000e078     kernel32:KERNEL32.dll
 0004:000000e8       __imp_CommandLineToArgvW   000000014000e0e8     shell32:SHELL32.dll
 0004:000000f0       \177SHELL32_NULL_THUNK_DATA 000000014000e0f0     shell32:SHELL32.dll
 0004:00000148       __IMPORT_DESCRIPTOR_KERNEL32 000000014000e148     kernel32:KERNEL32.dll
 0004:0000015c       __IMPORT_DESCRIPTOR_SHELL32 000000014000e15c     shell32:SHELL32.dll
 0004:00000170       __NULL_IMPORT_DESCRIPTOR   000000014000e170     kernel32:KERNEL32.dll

 entry point at        0001:00000014

 Static symbols

 0000:ffff1000       .debug$S                   0000000140000000     kernel32:KERNEL32.dll
 0000:ffff1000       .debug$S                   0000000140000000     kernel32:KERNEL32.dll
 0000:ffff1000       .debug$S                   0000000140000000     kernel32:KERNEL32.dll
 0000:ffff1000       .debug$S                   0000000140000000     kernel32:KERNEL32.dll
 0000:ffff1000       .debug$S                   0000000140000000     kernel32:KERNEL32.dll
 0000:ffff1000       .debug$S                   0000000140000000     kernel32:KERNEL32.dll
 0000:ffff1000       .debug$S                   0000000140000000     kernel32:KERNEL32.dll
 0000:ffff1000       .debug$S                   0000000140000000     kernel32:KERNEL32.dll
 0000:ffff1000       .debug$S                   0000000140000000     kernel32:KERNEL32.dll
 0000:ffff1000       .debug$S                   0000000140000000     kernel32:KERNEL32.dll
 0000:ffff1000       .debug$S                   0000000140000000     kernel32:KERNEL32.dll
 0000:ffff1000       .debug$S                   0000000140000000     kernel32:KERNEL32.dll
 0000:ffff1000       .debug$S                   0000000140000000     kernel32:KERNEL32.dll
 0000:ffff1000       .debug$S                   0000000140000000     kernel32:KERNEL32.dll
 0000:ffff1000       .debug$S                   0000000140000000     kernel32:KERNEL32.dll
 0000:ffff1000       .debug$S                   0000000140000000     shell32:SHELL32.dll
 0001:00002c88       .text                      0000000140003c88     asm_dbg.o
 0001:00002d30       .text                      0000000140003d30     asm_dbg.o
 0001:00002e10       .text                      0000000140003e10     asm_dbg.o
 0003:00000040       .data                      0000000140008040     asm_dbg.o
 0003:00000840       .data                      0000000140008840     asm_dbg.o
 0003:000008c0       .data                      00000001400088c0     asm_dbg.o
 0004:000003be       .idata$6                   000000014000e3be     kernel32:KERNEL32.dll
 0004:000003e2       .idata$6                   000000014000e3e2     shell32:SHELL32.dll
