 a

 Timestamp is 6967fdb9 (Wed Jan 14 23:34:01 2026)

 Preferred load address is 0000000140000000

 Start         Length     Name                   Class
 0001:00000000 00001b2dH .text                   CODE
 0002:00000000 0000007cH .rdata                  DATA
 0003:00000000 00000008H .data                   DATA
 0003:00000010 00003f78H .bss                    DATA
 0004:00000000 00000740H .data                   DATA

  Address         Publics by Value              Rva+Base               Lib:Object

 0001:00000000       NewObject                  0000000140001000     runtime.o
 0001:00000180       PushObject                 0000000140001180     runtime.o
 0001:00000190       QueryObject                0000000140001190     runtime.o
 0001:00000230       WaitListWorker             0000000140001230     runtime.o
 0001:00000250       PrintObject                0000000140001250     runtime.o
 0001:00000260       EnqueueWorker              0000000140001260     runtime.o
 0001:00000280       SheduleWorker              0000000140001280     runtime.o
 0001:000005a0       StartNewWorker             00000001400015a0     runtime.o
 0001:00000600       CallObject                 0000000140001600     runtime.o
 0001:00000690       LoadWorker                 0000000140001690     runtime.o
 0001:00000da0       entry                      0000000140001da0     runtime.o
 0001:00000fa0       myMalloc                   0000000140001fa0     runtime_lib.o
 0001:00001020       myPrintf                   0000000140002020     runtime_lib.o
 0001:00001320       myFree                     0000000140002320     runtime_lib.o
 0001:00001330       memset                     0000000140002330     runtime_lib.o
 0001:00001410       myMemcpy                   0000000140002410     runtime_lib.o
 0001:00001580       myAtoll                    0000000140002580     runtime_lib.o
 0001:00001630       myScanI64                  0000000140002630     runtime_lib.o
 0001:000016f0       PrintI64                   00000001400026f0     runtime_lib.o
 0001:00001770       PrintI64H                  0000000140002770     runtime_lib.o
 0001:000017b0       Print2H                    00000001400027b0     runtime_lib.o
 0001:000017f0       init_lib                   00000001400027f0     runtime_lib.o
 0001:00001880       fastPushObject             0000000140002880     asm.o
 0001:000018c6       fastQueryObject            00000001400028c6     asm.o
 0001:0000199a       fastNewObject              000000014000299a     asm.o
 0001:000019cd       fastCallObject             00000001400029cd     asm.o
 0001:00001a00       ExecuteWorker              0000000140002a00     asm.o
 0001:00001a47       setjmpUN                   0000000140002a47     asm.o
 0001:00001a7a       longjmpUN                  0000000140002a7a     asm.o
 0001:00001aa3       DllCall                    0000000140002aa3     asm.o
 0002:00000078       __real@00000008            0000000140003078     runtime.o
 0002:0000007c       ??_C@_1M@FHJLFHFE@?$AA?5?$AA?$CF?$AA0?$AA2?$AAx?$AA?$AA@ 000000014000307c     runtime.o
 0002:00000088       ??_C@_1CC@DEIAIPBB@?$AA?4?$AA?4?$AA?1?$AA?4?$AA?4?$AA?1?$AA?4?$AA?4?$AA?1?$AAr?$AAe?$AAs?$AA?4?$AAb?$AAi?$AAn?$AA?$AA@ 0000000140003088     runtime.o
 0002:000000aa       ??_C@_1M@MAOLKLLK@?$AA?$CF?$AAl?$AAl?$AAx?$AA?6?$AA?$AA@ 00000001400030aa     runtime.o
 0002:000000b6       ??_C@_1FC@OGJDIOEJ@?$AAE?$AAr?$AAr?$AAo?$AAr?$AA?3?$AA?5?$AAc?$AAa?$AAn?$AA?8?$AAt?$AA?5?$AAo?$AAp?$AAe?$AAn?$AA?5?$AA?4?$AA?4?$AA?1?$AA?4?$AA?4?$AA?1?$AA?4?$AA?4?$AA?1?$AAr?$AAe?$AAs?$AA?4?$AAb@ 00000001400030b6     runtime.o
 0002:00000108       ??_C@_1BI@DOGCPILG@?$AAE?$AAR?$AAR?$AAO?$AAR?$AA?5?$AA?$CF?$AAl?$AAl?$AAd?$AA?6?$AA?$AA@ 0000000140003108     runtime_lib.o
 0002:00000120       ??_C@_1HI@GNCDLKLI@?$AAE?$AAr?$AAr?$AAo?$AAr?$AA?3?$AA?5?$AAr?$AAu?$AAn?$AAt?$AAi?$AAm?$AAe?$AA?5?$AAd?$AAo?$AAe?$AAs?$AAn?$AA?8?$AAt?$AA?5?$AAs?$AAu?$AAp?$AAp?$AAo?$AAr?$AAt?$AA?5?$AAs@ 0000000140003120     runtime.o
 0002:00000198       ??_C@_1BE@PAAAOKJI@?$AAr?$AAe?$AAt?$AAu?$AAr?$AAn?$AAe?$AAd?$AA?6?$AA?$AA@ 0000000140003198     runtime.o
 0002:000001ac       ??_C@_1FG@DPFHIKFA@?$AA?$CB?$AA?$CB?$AA?$CB?$AAA?$AAL?$AAL?$AA?5?$AAE?$AAX?$AAI?$AAS?$AAT?$AAI?$AAN?$AAG?$AA?5?$AAW?$AAO?$AAR?$AAK?$AAE?$AAR?$AAS?$AA?5?$AAA?$AAR?$AAE?$AA?5?$AAD?$AAE?$AAA?$AAD@ 00000001400031ac     runtime.o
 0002:000001fe       ??_C@_13LBAGMAIH@?$AA?6?$AA?$AA@ 00000001400031fe     runtime.o
 0002:000002c8       __imp_CloseHandle          00000001400032c8     kernel32:KERNEL32.dll
 0002:000002d0       __imp_CreateFileW          00000001400032d0     kernel32:KERNEL32.dll
 0002:000002d8       __imp_ExitProcess          00000001400032d8     kernel32:KERNEL32.dll
 0002:000002e0       __imp_FreeLibrary          00000001400032e0     kernel32:KERNEL32.dll
 0002:000002e8       __imp_GetFileSizeEx        00000001400032e8     kernel32:KERNEL32.dll
 0002:000002f0       __imp_GetLastError         00000001400032f0     kernel32:KERNEL32.dll
 0002:000002f8       __imp_GetProcAddress       00000001400032f8     kernel32:KERNEL32.dll
 0002:00000300       __imp_GetStdHandle         0000000140003300     kernel32:KERNEL32.dll
 0002:00000308       __imp_LoadLibraryA         0000000140003308     kernel32:KERNEL32.dll
 0002:00000310       __imp_MultiByteToWideChar  0000000140003310     kernel32:KERNEL32.dll
 0002:00000318       __imp_ReadConsoleW         0000000140003318     kernel32:KERNEL32.dll
 0002:00000320       __imp_ReadFile             0000000140003320     kernel32:KERNEL32.dll
 0002:00000328       __imp_VirtualAlloc         0000000140003328     kernel32:KERNEL32.dll
 0002:00000330       __imp_WriteConsoleW        0000000140003330     kernel32:KERNEL32.dll
 0002:00000340       __imp_mciSendStringW       0000000140003340     winmm:WINMM.dll
 0003:00000000       runningId                  0000000140004000     runtime.o
 0003:00000010       Workers                    0000000140004010     runtime.o
 0003:00000970       object_array               0000000140004970     runtime.o
 0003:000028b0       object_array_len           00000001400068b0     runtime.o
 0003:000028b8       defined_arrays             00000001400068b8     runtime.o
 0003:000028c0       ShedulerBuffer             00000001400068c0     runtime.o
 0003:00002910       wait_list_len              0000000140006910     runtime.o
 0003:00002918       queue_len                  0000000140006918     runtime.o
 0003:00002920       wait_list                  0000000140006920     runtime.o
 0003:00002c40       queue                      0000000140006c40     runtime.o
 0003:00002f60       buffer_end                 0000000140006f60     runtime_lib.o
 0003:00002f68       buffer                     0000000140006f68     runtime_lib.o
 0003:00002f70       commited                   0000000140006f70     runtime_lib.o
 0003:00002f78       hInput                     0000000140006f78     runtime_lib.o
 0003:00002f80       buf                        0000000140006f80     runtime_lib.o
 0003:00003f80       hOutput                    0000000140007f80     runtime_lib.o
 0004:00000400       context                    0000000140008400     asm.o

 entry point at         0001:00000da0

 Static symbols

 0001:00001880       .text                      0000000140002880     asm.o
 0001:000018a0       .text                      00000001400028a0     asm.o
 0001:000018f0       .text                      00000001400028f0     asm.o
 0004:00000000       .data                      0000000140008000     asm.o
 0004:000006c0       .data                      00000001400086c0     asm.o
 0004:00000700       .data                      0000000140008700     asm.o
